
> accounting-system@1.0.0 test
> vitest run tests/property/scoped-roles-processing-efficiency.test.ts


[1m[46m RUN [49m[22m [36mv4.0.5 [39m[90mC:/5/accounting-systemr5[39m

[90mstdout[2m | tests/property/scoped-roles-processing-efficiency.test.ts
[22m[39m≡ا¤ Supabase URL: SET
≡ا¤ Supabase Key: SET
GoTrueClient@sb-bgxknceshxxifwytalex-auth-token:0 (2.93.3) 2026-02-02T15:19:37.432Z #_acquireLock begin [33m10000[39m
GoTrueClient@sb-bgxknceshxxifwytalex-auth-token:0 (2.93.3) 2026-02-02T15:19:37.433Z #_acquireLock lock acquired for storage key sb-bgxknceshxxifwytalex-auth-token
GoTrueClient@sb-bgxknceshxxifwytalex-auth-token:0 (2.93.3) 2026-02-02T15:19:37.435Z #onAuthStateChange() registered callback with id [32mSymbol(auth-callback)[39m

[90mstdout[2m | tests/property/scoped-roles-processing-efficiency.test.ts
[22m[39mGoTrueClient@sb-bgxknceshxxifwytalex-auth-token:0 (2.93.3) 2026-02-02T15:19:37.436Z #_recoverAndRefresh() begin

[90mstdout[2m | tests/property/scoped-roles-processing-efficiency.test.ts
[22m[39mGoTrueClient@sb-bgxknceshxxifwytalex-auth-token:0 (2.93.3) 2026-02-02T15:19:37.436Z #_recoverAndRefresh() session from storage [1mnull[22m
GoTrueClient@sb-bgxknceshxxifwytalex-auth-token:0 (2.93.3) 2026-02-02T15:19:37.436Z #_recoverAndRefresh() session is not valid
GoTrueClient@sb-bgxknceshxxifwytalex-auth-token:0 (2.93.3) 2026-02-02T15:19:37.436Z #_recoverAndRefresh() end

[90mstdout[2m | tests/property/scoped-roles-processing-efficiency.test.ts
[22m[39mGoTrueClient@sb-bgxknceshxxifwytalex-auth-token:0 (2.93.3) 2026-02-02T15:19:37.438Z #_handleVisibilityChange()
GoTrueClient@sb-bgxknceshxxifwytalex-auth-token:0 (2.93.3) 2026-02-02T15:19:37.439Z #_onVisibilityChanged(true) visibilityState visible
GoTrueClient@sb-bgxknceshxxifwytalex-auth-token:0 (2.93.3) 2026-02-02T15:19:37.439Z #_stopAutoRefresh()

[90mstdout[2m | tests/property/scoped-roles-processing-efficiency.test.ts
[22m[39mGoTrueClient@sb-bgxknceshxxifwytalex-auth-token:0 (2.93.3) 2026-02-02T15:19:37.440Z #_startAutoRefresh()

[90mstdout[2m | tests/property/scoped-roles-processing-efficiency.test.ts
[22m[39mGoTrueClient@sb-bgxknceshxxifwytalex-auth-token:0 (2.93.3) 2026-02-02T15:19:37.440Z #_initialize() end

[90mstdout[2m | tests/property/scoped-roles-processing-efficiency.test.ts
[22m[39mGoTrueClient@sb-bgxknceshxxifwytalex-auth-token:0 (2.93.3) 2026-02-02T15:19:37.440Z #_acquireLock lock released for storage key sb-bgxknceshxxifwytalex-auth-token

[90mstdout[2m | tests/property/scoped-roles-processing-efficiency.test.ts
[22m[39mGoTrueClient@sb-bgxknceshxxifwytalex-auth-token:0 (2.93.3) 2026-02-02T15:19:37.441Z #_acquireLock end

[90mstdout[2m | tests/property/scoped-roles-processing-efficiency.test.ts
[22m[39mGoTrueClient@sb-bgxknceshxxifwytalex-auth-token:0 (2.93.3) 2026-02-02T15:19:37.441Z #_acquireLock begin [33m10000[39m
GoTrueClient@sb-bgxknceshxxifwytalex-auth-token:0 (2.93.3) 2026-02-02T15:19:37.441Z #_acquireLock lock acquired for storage key sb-bgxknceshxxifwytalex-auth-token
GoTrueClient@sb-bgxknceshxxifwytalex-auth-token:0 (2.93.3) 2026-02-02T15:19:37.441Z #_useSession begin
GoTrueClient@sb-bgxknceshxxifwytalex-auth-token:0 (2.93.3) 2026-02-02T15:19:37.442Z #__loadSession() begin

[90mstdout[2m | tests/property/scoped-roles-processing-efficiency.test.ts
[22m[39mGoTrueClient@sb-bgxknceshxxifwytalex-auth-token:0 (2.93.3) 2026-02-02T15:19:37.442Z #getSession() session from storage [1mnull[22m
GoTrueClient@sb-bgxknceshxxifwytalex-auth-token:0 (2.93.3) 2026-02-02T15:19:37.443Z #__loadSession() end

[90mstdout[2m | tests/property/scoped-roles-processing-efficiency.test.ts
[22m[39mGoTrueClient@sb-bgxknceshxxifwytalex-auth-token:0 (2.93.3) 2026-02-02T15:19:37.443Z INITIAL_SESSION callback id [32mSymbol(auth-callback)[39m session [1mnull[22m
GoTrueClient@sb-bgxknceshxxifwytalex-auth-token:0 (2.93.3) 2026-02-02T15:19:37.443Z #_acquireLock lock released for storage key sb-bgxknceshxxifwytalex-auth-token
GoTrueClient@sb-bgxknceshxxifwytalex-auth-token:0 (2.93.3) 2026-02-02T15:19:37.443Z #_useSession end

[90mstdout[2m | tests/property/scoped-roles-processing-efficiency.test.ts
[22m[39mGoTrueClient@sb-bgxknceshxxifwytalex-auth-token:0 (2.93.3) 2026-02-02T15:19:37.443Z #_acquireLock end

[90mstdout[2m | tests/property/scoped-roles-processing-efficiency.test.ts
[22m[39mGoTrueClient@sb-bgxknceshxxifwytalex-auth-token:0 (2.93.3) 2026-02-02T15:19:37.444Z #_autoRefreshTokenTick() begin
GoTrueClient@sb-bgxknceshxxifwytalex-auth-token:0 (2.93.3) 2026-02-02T15:19:37.444Z #_acquireLock begin [33m0[39m
GoTrueClient@sb-bgxknceshxxifwytalex-auth-token:0 (2.93.3) 2026-02-02T15:19:37.444Z #_acquireLock lock acquired for storage key sb-bgxknceshxxifwytalex-auth-token
GoTrueClient@sb-bgxknceshxxifwytalex-auth-token:0 (2.93.3) 2026-02-02T15:19:37.445Z #_useSession begin
GoTrueClient@sb-bgxknceshxxifwytalex-auth-token:0 (2.93.3) 2026-02-02T15:19:37.445Z #__loadSession() begin

[90mstdout[2m | tests/property/scoped-roles-processing-efficiency.test.ts
[22m[39mGoTrueClient@sb-bgxknceshxxifwytalex-auth-token:0 (2.93.3) 2026-02-02T15:19:37.445Z #getSession() session from storage [1mnull[22m
GoTrueClient@sb-bgxknceshxxifwytalex-auth-token:0 (2.93.3) 2026-02-02T15:19:37.445Z #__loadSession() end

[90mstdout[2m | tests/property/scoped-roles-processing-efficiency.test.ts
[22m[39mGoTrueClient@sb-bgxknceshxxifwytalex-auth-token:0 (2.93.3) 2026-02-02T15:19:37.445Z #_autoRefreshTokenTick() no session

[90mstdout[2m | tests/property/scoped-roles-processing-efficiency.test.ts
[22m[39mGoTrueClient@sb-bgxknceshxxifwytalex-auth-token:0 (2.93.3) 2026-02-02T15:19:37.445Z #_useSession end

[90mstdout[2m | tests/property/scoped-roles-processing-efficiency.test.ts
[22m[39mGoTrueClient@sb-bgxknceshxxifwytalex-auth-token:0 (2.93.3) 2026-02-02T15:19:37.446Z #_autoRefreshTokenTick() end

[90mstdout[2m | tests/property/scoped-roles-processing-efficiency.test.ts
[22m[39mGoTrueClient@sb-bgxknceshxxifwytalex-auth-token:0 (2.93.3) 2026-02-02T15:19:37.446Z #_acquireLock lock released for storage key sb-bgxknceshxxifwytalex-auth-token

[90mstdout[2m | tests/property/scoped-roles-processing-efficiency.test.ts
[22m[39mGoTrueClient@sb-bgxknceshxxifwytalex-auth-token:0 (2.93.3) 2026-02-02T15:19:37.446Z #_acquireLock end

[90mstdout[2m | tests/property/scoped-roles-processing-efficiency.test.ts[2m > [22m[2mProperty 10: Scoped Roles Processing Efficiency[2m > [22m[2mProperty 10.1: Org roles queries should use optimized indexes and complete in <50ms
[22m[39mGoTrueClient@sb-bgxknceshxxifwytalex-auth-token:0 (2.93.3) 2026-02-02T15:19:37.608Z #_acquireLock begin [33m10000[39m
GoTrueClient@sb-bgxknceshxxifwytalex-auth-token:0 (2.93.3) 2026-02-02T15:19:37.608Z #_acquireLock lock acquired for storage key sb-bgxknceshxxifwytalex-auth-token
GoTrueClient@sb-bgxknceshxxifwytalex-auth-token:0 (2.93.3) 2026-02-02T15:19:37.608Z #_useSession begin
GoTrueClient@sb-bgxknceshxxifwytalex-auth-token:0 (2.93.3) 2026-02-02T15:19:37.608Z #__loadSession() begin

[90mstdout[2m | tests/property/scoped-roles-processing-efficiency.test.ts[2m > [22m[2mProperty 10: Scoped Roles Processing Efficiency[2m > [22m[2mProperty 10.1: Org roles queries should use optimized indexes and complete in <50ms
[22m[39mGoTrueClient@sb-bgxknceshxxifwytalex-auth-token:0 (2.93.3) 2026-02-02T15:19:37.608Z #getSession() session from storage [1mnull[22m
GoTrueClient@sb-bgxknceshxxifwytalex-auth-token:0 (2.93.3) 2026-02-02T15:19:37.608Z #__loadSession() end

[90mstdout[2m | tests/property/scoped-roles-processing-efficiency.test.ts[2m > [22m[2mProperty 10: Scoped Roles Processing Efficiency[2m > [22m[2mProperty 10.1: Org roles queries should use optimized indexes and complete in <50ms
[22m[39mGoTrueClient@sb-bgxknceshxxifwytalex-auth-token:0 (2.93.3) 2026-02-02T15:19:37.608Z #_useSession end

[90mstdout[2m | tests/property/scoped-roles-processing-efficiency.test.ts[2m > [22m[2mProperty 10: Scoped Roles Processing Efficiency[2m > [22m[2mProperty 10.1: Org roles queries should use optimized indexes and complete in <50ms
[22m[39mGoTrueClient@sb-bgxknceshxxifwytalex-auth-token:0 (2.93.3) 2026-02-02T15:19:37.608Z #_acquireLock lock released for storage key sb-bgxknceshxxifwytalex-auth-token

[90mstdout[2m | tests/property/scoped-roles-processing-efficiency.test.ts[2m > [22m[2mProperty 10: Scoped Roles Processing Efficiency[2m > [22m[2mProperty 10.1: Org roles queries should use optimized indexes and complete in <50ms
[22m[39mGoTrueClient@sb-bgxknceshxxifwytalex-auth-token:0 (2.93.3) 2026-02-02T15:19:37.608Z #_acquireLock end

stderr | tests/property/scoped-roles-processing-efficiency.test.ts > Property 10: Scoped Roles Processing Efficiency > Property 10.1: Org roles queries should use optimized indexes and complete in <50ms
Error fetching org roles: {
  code: 'PGRST200',
  details: "Searched for a foreign key relationship between 'org_roles' and 'user_profiles' in the schema 'public', but no matches were found.",
  hint: null,
  message: "Could not find a relationship between 'org_roles' and 'user_profiles' in the schema cache"
}

[90mstdout[2m | tests/property/scoped-roles-processing-efficiency.test.ts[2m > [22m[2mProperty 10: Scoped Roles Processing Efficiency[2m > [22m[2mProperty 10.1: Org roles queries should use optimized indexes and complete in <50ms
[22m[39mGoTrueClient@sb-bgxknceshxxifwytalex-auth-token:0 (2.93.3) 2026-02-02T15:19:38.115Z #_acquireLock begin [33m10000[39m
GoTrueClient@sb-bgxknceshxxifwytalex-auth-token:0 (2.93.3) 2026-02-02T15:19:38.115Z #_acquireLock lock acquired for storage key sb-bgxknceshxxifwytalex-auth-token
GoTrueClient@sb-bgxknceshxxifwytalex-auth-token:0 (2.93.3) 2026-02-02T15:19:38.115Z #_useSession begin
GoTrueClient@sb-bgxknceshxxifwytalex-auth-token:0 (2.93.3) 2026-02-02T15:19:38.115Z #__loadSession() begin

[90mstdout[2m | tests/property/scoped-roles-processing-efficiency.test.ts[2m > [22m[2mProperty 10: Scoped Roles Processing Efficiency[2m > [22m[2mProperty 10.1: Org roles queries should use optimized indexes and complete in <50ms
[22m[39mGoTrueClient@sb-bgxknceshxxifwytalex-auth-token:0 (2.93.3) 2026-02-02T15:19:38.115Z #getSession() session from storage [1mnull[22m
GoTrueClient@sb-bgxknceshxxifwytalex-auth-token:0 (2.93.3) 2026-02-02T15:19:38.115Z #__loadSession() end

[90mstdout[2m | tests/property/scoped-roles-processing-efficiency.test.ts[2m > [22m[2mProperty 10: Scoped Roles Processing Efficiency[2m > [22m[2mProperty 10.1: Org roles queries should use optimized indexes and complete in <50ms
[22m[39mGoTrueClient@sb-bgxknceshxxifwytalex-auth-token:0 (2.93.3) 2026-02-02T15:19:38.115Z #_useSession end

[90mstdout[2m | tests/property/scoped-roles-processing-efficiency.test.ts[2m > [22m[2mProperty 10: Scoped Roles Processing Efficiency[2m > [22m[2mProperty 10.1: Org roles queries should use optimized indexes and complete in <50ms
[22m[39mGoTrueClient@sb-bgxknceshxxifwytalex-auth-token:0 (2.93.3) 2026-02-02T15:19:38.115Z #_acquireLock lock released for storage key sb-bgxknceshxxifwytalex-auth-token

[90mstdout[2m | tests/property/scoped-roles-processing-efficiency.test.ts[2m > [22m[2mProperty 10: Scoped Roles Processing Efficiency[2m > [22m[2mProperty 10.1: Org roles queries should use optimized indexes and complete in <50ms
[22m[39mGoTrueClient@sb-bgxknceshxxifwytalex-auth-token:0 (2.93.3) 2026-02-02T15:19:38.115Z #_acquireLock end

stderr | tests/property/scoped-roles-processing-efficiency.test.ts > Property 10: Scoped Roles Processing Efficiency > Property 10.1: Org roles queries should use optimized indexes and complete in <50ms
Error fetching org roles: {
  code: 'PGRST200',
  details: "Searched for a foreign key relationship between 'org_roles' and 'user_profiles' in the schema 'public', but no matches were found.",
  hint: null,
  message: "Could not find a relationship between 'org_roles' and 'user_profiles' in the schema cache"
}

[90mstdout[2m | tests/property/scoped-roles-processing-efficiency.test.ts[2m > [22m[2mProperty 10: Scoped Roles Processing Efficiency[2m > [22m[2mProperty 10.1: Org roles queries should use optimized indexes and complete in <50ms
[22m[39mGoTrueClient@sb-bgxknceshxxifwytalex-auth-token:0 (2.93.3) 2026-02-02T15:19:38.318Z #_acquireLock begin [33m10000[39m
GoTrueClient@sb-bgxknceshxxifwytalex-auth-token:0 (2.93.3) 2026-02-02T15:19:38.318Z #_acquireLock lock acquired for storage key sb-bgxknceshxxifwytalex-auth-token
GoTrueClient@sb-bgxknceshxxifwytalex-auth-token:0 (2.93.3) 2026-02-02T15:19:38.318Z #_useSession begin
GoTrueClient@sb-bgxknceshxxifwytalex-auth-token:0 (2.93.3) 2026-02-02T15:19:38.318Z #__loadSession() begin

[90mstdout[2m | tests/property/scoped-roles-processing-efficiency.test.ts[2m > [22m[2mProperty 10: Scoped Roles Processing Efficiency[2m > [22m[2mProperty 10.1: Org roles queries should use optimized indexes and complete in <50ms
[22m[39mGoTrueClient@sb-bgxknceshxxifwytalex-auth-token:0 (2.93.3) 2026-02-02T15:19:38.318Z #getSession() session from storage [1mnull[22m
GoTrueClient@sb-bgxknceshxxifwytalex-auth-token:0 (2.93.3) 2026-02-02T15:19:38.318Z #__loadSession() end

[90mstdout[2m | tests/property/scoped-roles-processing-efficiency.test.ts[2m > [22m[2mProperty 10: Scoped Roles Processing Efficiency[2m > [22m[2mProperty 10.1: Org roles queries should use optimized indexes and complete in <50ms
[22m[39mGoTrueClient@sb-bgxknceshxxifwytalex-auth-token:0 (2.93.3) 2026-02-02T15:19:38.318Z #_useSession end

[90mstdout[2m | tests/property/scoped-roles-processing-efficiency.test.ts[2m > [22m[2mProperty 10: Scoped Roles Processing Efficiency[2m > [22m[2mProperty 10.1: Org roles queries should use optimized indexes and complete in <50ms
[22m[39mGoTrueClient@sb-bgxknceshxxifwytalex-auth-token:0 (2.93.3) 2026-02-02T15:19:38.318Z #_acquireLock lock released for storage key sb-bgxknceshxxifwytalex-auth-token

[90mstdout[2m | tests/property/scoped-roles-processing-efficiency.test.ts[2m > [22m[2mProperty 10: Scoped Roles Processing Efficiency[2m > [22m[2mProperty 10.1: Org roles queries should use optimized indexes and complete in <50ms
[22m[39mGoTrueClient@sb-bgxknceshxxifwytalex-auth-token:0 (2.93.3) 2026-02-02T15:19:38.318Z #_acquireLock end

stderr | tests/property/scoped-roles-processing-efficiency.test.ts > Property 10: Scoped Roles Processing Efficiency > Property 10.1: Org roles queries should use optimized indexes and complete in <50ms
Error fetching org roles: {
  code: 'PGRST200',
  details: "Searched for a foreign key relationship between 'org_roles' and 'user_profiles' in the schema 'public', but no matches were found.",
  hint: null,
  message: "Could not find a relationship between 'org_roles' and 'user_profiles' in the schema cache"
}

[90mstdout[2m | tests/property/scoped-roles-processing-efficiency.test.ts[2m > [22m[2mProperty 10: Scoped Roles Processing Efficiency[2m > [22m[2mProperty 10.1: Org roles queries should use optimized indexes and complete in <50ms
[22m[39mGoTrueClient@sb-bgxknceshxxifwytalex-auth-token:0 (2.93.3) 2026-02-02T15:19:38.537Z #_acquireLock begin [33m10000[39m
GoTrueClient@sb-bgxknceshxxifwytalex-auth-token:0 (2.93.3) 2026-02-02T15:19:38.537Z #_acquireLock lock acquired for storage key sb-bgxknceshxxifwytalex-auth-token
GoTrueClient@sb-bgxknceshxxifwytalex-auth-token:0 (2.93.3) 2026-02-02T15:19:38.537Z #_useSession begin
GoTrueClient@sb-bgxknceshxxifwytalex-auth-token:0 (2.93.3) 2026-02-02T15:19:38.537Z #__loadSession() begin

[90mstdout[2m | tests/property/scoped-roles-processing-efficiency.test.ts[2m > [22m[2mProperty 10: Scoped Roles Processing Efficiency[2m > [22m[2mProperty 10.1: Org roles queries should use optimized indexes and complete in <50ms
[22m[39mGoTrueClient@sb-bgxknceshxxifwytalex-auth-token:0 (2.93.3) 2026-02-02T15:19:38.537Z #getSession() session from storage [1mnull[22m
GoTrueClient@sb-bgxknceshxxifwytalex-auth-token:0 (2.93.3) 2026-02-02T15:19:38.537Z #__loadSession() end

[90mstdout[2m | tests/property/scoped-roles-processing-efficiency.test.ts[2m > [22m[2mProperty 10: Scoped Roles Processing Efficiency[2m > [22m[2mProperty 10.1: Org roles queries should use optimized indexes and complete in <50ms
[22m[39mGoTrueClient@sb-bgxknceshxxifwytalex-auth-token:0 (2.93.3) 2026-02-02T15:19:38.537Z #_useSession end

[90mstdout[2m | tests/property/scoped-roles-processing-efficiency.test.ts[2m > [22m[2mProperty 10: Scoped Roles Processing Efficiency[2m > [22m[2mProperty 10.1: Org roles queries should use optimized indexes and complete in <50ms
[22m[39mGoTrueClient@sb-bgxknceshxxifwytalex-auth-token:0 (2.93.3) 2026-02-02T15:19:38.538Z #_acquireLock lock released for storage key sb-bgxknceshxxifwytalex-auth-token

[90mstdout[2m | tests/property/scoped-roles-processing-efficiency.test.ts[2m > [22m[2mProperty 10: Scoped Roles Processing Efficiency[2m > [22m[2mProperty 10.1: Org roles queries should use optimized indexes and complete in <50ms
[22m[39mGoTrueClient@sb-bgxknceshxxifwytalex-auth-token:0 (2.93.3) 2026-02-02T15:19:38.538Z #_acquireLock end

stderr | tests/property/scoped-roles-processing-efficiency.test.ts > Property 10: Scoped Roles Processing Efficiency > Property 10.1: Org roles queries should use optimized indexes and complete in <50ms
Error fetching org roles: {
  code: 'PGRST200',
  details: "Searched for a foreign key relationship between 'org_roles' and 'user_profiles' in the schema 'public', but no matches were found.",
  hint: null,
  message: "Could not find a relationship between 'org_roles' and 'user_profiles' in the schema cache"
}

[90mstdout[2m | tests/property/scoped-roles-processing-efficiency.test.ts[2m > [22m[2mProperty 10: Scoped Roles Processing Efficiency[2m > [22m[2mProperty 10.1: Org roles queries should use optimized indexes and complete in <50ms
[22m[39mGoTrueClient@sb-bgxknceshxxifwytalex-auth-token:0 (2.93.3) 2026-02-02T15:19:38.813Z #_acquireLock begin [33m10000[39m
GoTrueClient@sb-bgxknceshxxifwytalex-auth-token:0 (2.93.3) 2026-02-02T15:19:38.813Z #_acquireLock lock acquired for storage key sb-bgxknceshxxifwytalex-auth-token
GoTrueClient@sb-bgxknceshxxifwytalex-auth-token:0 (2.93.3) 2026-02-02T15:19:38.813Z #_useSession begin
GoTrueClient@sb-bgxknceshxxifwytalex-auth-token:0 (2.93.3) 2026-02-02T15:19:38.813Z #__loadSession() begin

[90mstdout[2m | tests/property/scoped-roles-processing-efficiency.test.ts[2m > [22m[2mProperty 10: Scoped Roles Processing Efficiency[2m > [22m[2mProperty 10.1: Org roles queries should use optimized indexes and complete in <50ms
[22m[39mGoTrueClient@sb-bgxknceshxxifwytalex-auth-token:0 (2.93.3) 2026-02-02T15:19:38.814Z #getSession() session from storage [1mnull[22m
GoTrueClient@sb-bgxknceshxxifwytalex-auth-token:0 (2.93.3) 2026-02-02T15:19:38.814Z #__loadSession() end

[90mstdout[2m | tests/property/scoped-roles-processing-efficiency.test.ts[2m > [22m[2mProperty 10: Scoped Roles Processing Efficiency[2m > [22m[2mProperty 10.1: Org roles queries should use optimized indexes and complete in <50ms
[22m[39mGoTrueClient@sb-bgxknceshxxifwytalex-auth-token:0 (2.93.3) 2026-02-02T15:19:38.814Z #_useSession end

[90mstdout[2m | tests/property/scoped-roles-processing-efficiency.test.ts[2m > [22m[2mProperty 10: Scoped Roles Processing Efficiency[2m > [22m[2mProperty 10.1: Org roles queries should use optimized indexes and complete in <50ms
[22m[39mGoTrueClient@sb-bgxknceshxxifwytalex-auth-token:0 (2.93.3) 2026-02-02T15:19:38.814Z #_acquireLock lock released for storage key sb-bgxknceshxxifwytalex-auth-token

[90mstdout[2m | tests/property/scoped-roles-processing-efficiency.test.ts[2m > [22m[2mProperty 10: Scoped Roles Processing Efficiency[2m > [22m[2mProperty 10.1: Org roles queries should use optimized indexes and complete in <50ms
[22m[39mGoTrueClient@sb-bgxknceshxxifwytalex-auth-token:0 (2.93.3) 2026-02-02T15:19:38.814Z #_acquireLock end

stderr | tests/property/scoped-roles-processing-efficiency.test.ts > Property 10: Scoped Roles Processing Efficiency > Property 10.1: Org roles queries should use optimized indexes and complete in <50ms
Error fetching org roles: {
  code: 'PGRST200',
  details: "Searched for a foreign key relationship between 'org_roles' and 'user_profiles' in the schema 'public', but no matches were found.",
  hint: null,
  message: "Could not find a relationship between 'org_roles' and 'user_profiles' in the schema cache"
}

[90mstdout[2m | tests/property/scoped-roles-processing-efficiency.test.ts[2m > [22m[2mProperty 10: Scoped Roles Processing Efficiency[2m > [22m[2mProperty 10.1: Org roles queries should use optimized indexes and complete in <50ms
[22m[39mGoTrueClient@sb-bgxknceshxxifwytalex-auth-token:0 (2.93.3) 2026-02-02T15:19:39.015Z #_acquireLock begin [33m10000[39m
GoTrueClient@sb-bgxknceshxxifwytalex-auth-token:0 (2.93.3) 2026-02-02T15:19:39.015Z #_acquireLock lock acquired for storage key sb-bgxknceshxxifwytalex-auth-token
GoTrueClient@sb-bgxknceshxxifwytalex-auth-token:0 (2.93.3) 2026-02-02T15:19:39.015Z #_useSession begin
GoTrueClient@sb-bgxknceshxxifwytalex-auth-token:0 (2.93.3) 2026-02-02T15:19:39.015Z #__loadSession() begin

[90mstdout[2m | tests/property/scoped-roles-processing-efficiency.test.ts[2m > [22m[2mProperty 10: Scoped Roles Processing Efficiency[2m > [22m[2mProperty 10.1: Org roles queries should use optimized indexes and complete in <50ms
[22m[39mGoTrueClient@sb-bgxknceshxxifwytalex-auth-token:0 (2.93.3) 2026-02-02T15:19:39.015Z #getSession() session from storage [1mnull[22m
GoTrueClient@sb-bgxknceshxxifwytalex-auth-token:0 (2.93.3) 2026-02-02T15:19:39.015Z #__loadSession() end

[90mstdout[2m | tests/property/scoped-roles-processing-efficiency.test.ts[2m > [22m[2mProperty 10: Scoped Roles Processing Efficiency[2m > [22m[2mProperty 10.1: Org roles queries should use optimized indexes and complete in <50ms
[22m[39mGoTrueClient@sb-bgxknceshxxifwytalex-auth-token:0 (2.93.3) 2026-02-02T15:19:39.016Z #_useSession end

[90mstdout[2m | tests/property/scoped-roles-processing-efficiency.test.ts[2m > [22m[2mProperty 10: Scoped Roles Processing Efficiency[2m > [22m[2mProperty 10.1: Org roles queries should use optimized indexes and complete in <50ms
[22m[39mGoTrueClient@sb-bgxknceshxxifwytalex-auth-token:0 (2.93.3) 2026-02-02T15:19:39.016Z #_acquireLock lock released for storage key sb-bgxknceshxxifwytalex-auth-token

[90mstdout[2m | tests/property/scoped-roles-processing-efficiency.test.ts[2m > [22m[2mProperty 10: Scoped Roles Processing Efficiency[2m > [22m[2mProperty 10.1: Org roles queries should use optimized indexes and complete in <50ms
[22m[39mGoTrueClient@sb-bgxknceshxxifwytalex-auth-token:0 (2.93.3) 2026-02-02T15:19:39.016Z #_acquireLock end

stderr | tests/property/scoped-roles-processing-efficiency.test.ts > Property 10: Scoped Roles Processing Efficiency > Property 10.1: Org roles queries should use optimized indexes and complete in <50ms
Error fetching org roles: {
  code: 'PGRST200',
  details: "Searched for a foreign key relationship between 'org_roles' and 'user_profiles' in the schema 'public', but no matches were found.",
  hint: null,
  message: "Could not find a relationship between 'org_roles' and 'user_profiles' in the schema cache"
}

[90mstdout[2m | tests/property/scoped-roles-processing-efficiency.test.ts[2m > [22m[2mProperty 10: Scoped Roles Processing Efficiency[2m > [22m[2mProperty 10.1: Org roles queries should use optimized indexes and complete in <50ms
[22m[39mGoTrueClient@sb-bgxknceshxxifwytalex-auth-token:0 (2.93.3) 2026-02-02T15:19:39.325Z #_acquireLock begin [33m10000[39m
GoTrueClient@sb-bgxknceshxxifwytalex-auth-token:0 (2.93.3) 2026-02-02T15:19:39.325Z #_acquireLock lock acquired for storage key sb-bgxknceshxxifwytalex-auth-token
GoTrueClient@sb-bgxknceshxxifwytalex-auth-token:0 (2.93.3) 2026-02-02T15:19:39.325Z #_useSession begin
GoTrueClient@sb-bgxknceshxxifwytalex-auth-token:0 (2.93.3) 2026-02-02T15:19:39.325Z #__loadSession() begin

[90mstdout[2m | tests/property/scoped-roles-processing-efficiency.test.ts[2m > [22m[2mProperty 10: Scoped Roles Processing Efficiency[2m > [22m[2mProperty 10.1: Org roles queries should use optimized indexes and complete in <50ms
[22m[39mGoTrueClient@sb-bgxknceshxxifwytalex-auth-token:0 (2.93.3) 2026-02-02T15:19:39.326Z #getSession() session from storage [1mnull[22m
GoTrueClient@sb-bgxknceshxxifwytalex-auth-token:0 (2.93.3) 2026-02-02T15:19:39.326Z #__loadSession() end

[90mstdout[2m | tests/property/scoped-roles-processing-efficiency.test.ts[2m > [22m[2mProperty 10: Scoped Roles Processing Efficiency[2m > [22m[2mProperty 10.1: Org roles queries should use optimized indexes and complete in <50ms
[22m[39mGoTrueClient@sb-bgxknceshxxifwytalex-auth-token:0 (2.93.3) 2026-02-02T15:19:39.326Z #_useSession end

[90mstdout[2m | tests/property/scoped-roles-processing-efficiency.test.ts[2m > [22m[2mProperty 10: Scoped Roles Processing Efficiency[2m > [22m[2mProperty 10.1: Org roles queries should use optimized indexes and complete in <50ms
[22m[39mGoTrueClient@sb-bgxknceshxxifwytalex-auth-token:0 (2.93.3) 2026-02-02T15:19:39.326Z #_acquireLock lock released for storage key sb-bgxknceshxxifwytalex-auth-token

[90mstdout[2m | tests/property/scoped-roles-processing-efficiency.test.ts[2m > [22m[2mProperty 10: Scoped Roles Processing Efficiency[2m > [22m[2mProperty 10.1: Org roles queries should use optimized indexes and complete in <50ms
[22m[39mGoTrueClient@sb-bgxknceshxxifwytalex-auth-token:0 (2.93.3) 2026-02-02T15:19:39.326Z #_acquireLock end

stderr | tests/property/scoped-roles-processing-efficiency.test.ts > Property 10: Scoped Roles Processing Efficiency > Property 10.1: Org roles queries should use optimized indexes and complete in <50ms
Error fetching org roles: {
  code: 'PGRST200',
  details: "Searched for a foreign key relationship between 'org_roles' and 'user_profiles' in the schema 'public', but no matches were found.",
  hint: null,
  message: "Could not find a relationship between 'org_roles' and 'user_profiles' in the schema cache"
}

[90mstdout[2m | tests/property/scoped-roles-processing-efficiency.test.ts[2m > [22m[2mProperty 10: Scoped Roles Processing Efficiency[2m > [22m[2mProperty 10.1: Org roles queries should use optimized indexes and complete in <50ms
[22m[39mGoTrueClient@sb-bgxknceshxxifwytalex-auth-token:0 (2.93.3) 2026-02-02T15:19:39.635Z #_acquireLock begin [33m10000[39m
GoTrueClient@sb-bgxknceshxxifwytalex-auth-token:0 (2.93.3) 2026-02-02T15:19:39.635Z #_acquireLock lock acquired for storage key sb-bgxknceshxxifwytalex-auth-token
GoTrueClient@sb-bgxknceshxxifwytalex-auth-token:0 (2.93.3) 2026-02-02T15:19:39.635Z #_useSession begin
GoTrueClient@sb-bgxknceshxxifwytalex-auth-token:0 (2.93.3) 2026-02-02T15:19:39.635Z #__loadSession() begin

[90mstdout[2m | tests/property/scoped-roles-processing-efficiency.test.ts[2m > [22m[2mProperty 10: Scoped Roles Processing Efficiency[2m > [22m[2mProperty 10.1: Org roles queries should use optimized indexes and complete in <50ms
[22m[39mGoTrueClient@sb-bgxknceshxxifwytalex-auth-token:0 (2.93.3) 2026-02-02T15:19:39.635Z #getSession() session from storage [1mnull[22m
GoTrueClient@sb-bgxknceshxxifwytalex-auth-token:0 (2.93.3) 2026-02-02T15:19:39.635Z #__loadSession() end

[90mstdout[2m | tests/property/scoped-roles-processing-efficiency.test.ts[2m > [22m[2mProperty 10: Scoped Roles Processing Efficiency[2m > [22m[2mProperty 10.1: Org roles queries should use optimized indexes and complete in <50ms
[22m[39mGoTrueClient@sb-bgxknceshxxifwytalex-auth-token:0 (2.93.3) 2026-02-02T15:19:39.635Z #_useSession end

[90mstdout[2m | tests/property/scoped-roles-processing-efficiency.test.ts[2m > [22m[2mProperty 10: Scoped Roles Processing Efficiency[2m > [22m[2mProperty 10.1: Org roles queries should use optimized indexes and complete in <50ms
[22m[39mGoTrueClient@sb-bgxknceshxxifwytalex-auth-token:0 (2.93.3) 2026-02-02T15:19:39.635Z #_acquireLock lock released for storage key sb-bgxknceshxxifwytalex-auth-token

[90mstdout[2m | tests/property/scoped-roles-processing-efficiency.test.ts[2m > [22m[2mProperty 10: Scoped Roles Processing Efficiency[2m > [22m[2mProperty 10.1: Org roles queries should use optimized indexes and complete in <50ms
[22m[39mGoTrueClient@sb-bgxknceshxxifwytalex-auth-token:0 (2.93.3) 2026-02-02T15:19:39.635Z #_acquireLock end

stderr | tests/property/scoped-roles-processing-efficiency.test.ts > Property 10: Scoped Roles Processing Efficiency > Property 10.1: Org roles queries should use optimized indexes and complete in <50ms
Error fetching org roles: {
  code: 'PGRST200',
  details: "Searched for a foreign key relationship between 'org_roles' and 'user_profiles' in the schema 'public', but no matches were found.",
  hint: null,
  message: "Could not find a relationship between 'org_roles' and 'user_profiles' in the schema cache"
}

[90mstdout[2m | tests/property/scoped-roles-processing-efficiency.test.ts[2m > [22m[2mProperty 10: Scoped Roles Processing Efficiency[2m > [22m[2mProperty 10.1: Org roles queries should use optimized indexes and complete in <50ms
[22m[39mGoTrueClient@sb-bgxknceshxxifwytalex-auth-token:0 (2.93.3) 2026-02-02T15:19:39.834Z #_acquireLock begin [33m10000[39m
GoTrueClient@sb-bgxknceshxxifwytalex-auth-token:0 (2.93.3) 2026-02-02T15:19:39.834Z #_acquireLock lock acquired for storage key sb-bgxknceshxxifwytalex-auth-token
GoTrueClient@sb-bgxknceshxxifwytalex-auth-token:0 (2.93.3) 2026-02-02T15:19:39.834Z #_useSession begin
GoTrueClient@sb-bgxknceshxxifwytalex-auth-token:0 (2.93.3) 2026-02-02T15:19:39.834Z #__loadSession() begin

[90mstdout[2m | tests/property/scoped-roles-processing-efficiency.test.ts[2m > [22m[2mProperty 10: Scoped Roles Processing Efficiency[2m > [22m[2mProperty 10.1: Org roles queries should use optimized indexes and complete in <50ms
[22m[39mGoTrueClient@sb-bgxknceshxxifwytalex-auth-token:0 (2.93.3) 2026-02-02T15:19:39.834Z #getSession() session from storage [1mnull[22m
GoTrueClient@sb-bgxknceshxxifwytalex-auth-token:0 (2.93.3) 2026-02-02T15:19:39.834Z #__loadSession() end

[90mstdout[2m | tests/property/scoped-roles-processing-efficiency.test.ts[2m > [22m[2mProperty 10: Scoped Roles Processing Efficiency[2m > [22m[2mProperty 10.1: Org roles queries should use optimized indexes and complete in <50ms
[22m[39mGoTrueClient@sb-bgxknceshxxifwytalex-auth-token:0 (2.93.3) 2026-02-02T15:19:39.834Z #_useSession end

[90mstdout[2m | tests/property/scoped-roles-processing-efficiency.test.ts[2m > [22m[2mProperty 10: Scoped Roles Processing Efficiency[2m > [22m[2mProperty 10.1: Org roles queries should use optimized indexes and complete in <50ms
[22m[39mGoTrueClient@sb-bgxknceshxxifwytalex-auth-token:0 (2.93.3) 2026-02-02T15:19:39.834Z #_acquireLock lock released for storage key sb-bgxknceshxxifwytalex-auth-token

[90mstdout[2m | tests/property/scoped-roles-processing-efficiency.test.ts[2m > [22m[2mProperty 10: Scoped Roles Processing Efficiency[2m > [22m[2mProperty 10.1: Org roles queries should use optimized indexes and complete in <50ms
[22m[39mGoTrueClient@sb-bgxknceshxxifwytalex-auth-token:0 (2.93.3) 2026-02-02T15:19:39.834Z #_acquireLock end

stderr | tests/property/scoped-roles-processing-efficiency.test.ts > Property 10: Scoped Roles Processing Efficiency > Property 10.1: Org roles queries should use optimized indexes and complete in <50ms
Error fetching org roles: {
  code: 'PGRST200',
  details: "Searched for a foreign key relationship between 'org_roles' and 'user_profiles' in the schema 'public', but no matches were found.",
  hint: null,
  message: "Could not find a relationship between 'org_roles' and 'user_profiles' in the schema cache"
}

[90mstdout[2m | tests/property/scoped-roles-processing-efficiency.test.ts[2m > [22m[2mProperty 10: Scoped Roles Processing Efficiency[2m > [22m[2mProperty 10.1: Org roles queries should use optimized indexes and complete in <50ms
[22m[39mGoTrueClient@sb-bgxknceshxxifwytalex-auth-token:0 (2.93.3) 2026-02-02T15:19:40.149Z #_acquireLock begin [33m10000[39m
GoTrueClient@sb-bgxknceshxxifwytalex-auth-token:0 (2.93.3) 2026-02-02T15:19:40.149Z #_acquireLock lock acquired for storage key sb-bgxknceshxxifwytalex-auth-token
GoTrueClient@sb-bgxknceshxxifwytalex-auth-token:0 (2.93.3) 2026-02-02T15:19:40.149Z #_useSession begin
GoTrueClient@sb-bgxknceshxxifwytalex-auth-token:0 (2.93.3) 2026-02-02T15:19:40.149Z #__loadSession() begin

[90mstdout[2m | tests/property/scoped-roles-processing-efficiency.test.ts[2m > [22m[2mProperty 10: Scoped Roles Processing Efficiency[2m > [22m[2mProperty 10.1: Org roles queries should use optimized indexes and complete in <50ms
[22m[39mGoTrueClient@sb-bgxknceshxxifwytalex-auth-token:0 (2.93.3) 2026-02-02T15:19:40.149Z #getSession() session from storage [1mnull[22m
GoTrueClient@sb-bgxknceshxxifwytalex-auth-token:0 (2.93.3) 2026-02-02T15:19:40.149Z #__loadSession() end

[90mstdout[2m | tests/property/scoped-roles-processing-efficiency.test.ts[2m > [22m[2mProperty 10: Scoped Roles Processing Efficiency[2m > [22m[2mProperty 10.1: Org roles queries should use optimized indexes and complete in <50ms
[22m[39mGoTrueClient@sb-bgxknceshxxifwytalex-auth-token:0 (2.93.3) 2026-02-02T15:19:40.149Z #_useSession end

[90mstdout[2m | tests/property/scoped-roles-processing-efficiency.test.ts[2m > [22m[2mProperty 10: Scoped Roles Processing Efficiency[2m > [22m[2mProperty 10.1: Org roles queries should use optimized indexes and complete in <50ms
[22m[39mGoTrueClient@sb-bgxknceshxxifwytalex-auth-token:0 (2.93.3) 2026-02-02T15:19:40.149Z #_acquireLock lock released for storage key sb-bgxknceshxxifwytalex-auth-token

[90mstdout[2m | tests/property/scoped-roles-processing-efficiency.test.ts[2m > [22m[2mProperty 10: Scoped Roles Processing Efficiency[2m > [22m[2mProperty 10.1: Org roles queries should use optimized indexes and complete in <50ms
[22m[39mGoTrueClient@sb-bgxknceshxxifwytalex-auth-token:0 (2.93.3) 2026-02-02T15:19:40.149Z #_acquireLock end

stderr | tests/property/scoped-roles-processing-efficiency.test.ts > Property 10: Scoped Roles Processing Efficiency > Property 10.1: Org roles queries should use optimized indexes and complete in <50ms
Error fetching org roles: {
  code: 'PGRST200',
  details: "Searched for a foreign key relationship between 'org_roles' and 'user_profiles' in the schema 'public', but no matches were found.",
  hint: null,
  message: "Could not find a relationship between 'org_roles' and 'user_profiles' in the schema cache"
}

[90mstdout[2m | tests/property/scoped-roles-processing-efficiency.test.ts[2m > [22m[2mProperty 10: Scoped Roles Processing Efficiency[2m > [22m[2mProperty 10.1: Org roles queries should use optimized indexes and complete in <50ms
[22m[39mGoTrueClient@sb-bgxknceshxxifwytalex-auth-token:0 (2.93.3) 2026-02-02T15:19:40.452Z #_acquireLock begin [33m10000[39m
GoTrueClient@sb-bgxknceshxxifwytalex-auth-token:0 (2.93.3) 2026-02-02T15:19:40.452Z #_acquireLock lock acquired for storage key sb-bgxknceshxxifwytalex-auth-token
GoTrueClient@sb-bgxknceshxxifwytalex-auth-token:0 (2.93.3) 2026-02-02T15:19:40.452Z #_useSession begin
GoTrueClient@sb-bgxknceshxxifwytalex-auth-token:0 (2.93.3) 2026-02-02T15:19:40.452Z #__loadSession() begin

[90mstdout[2m | tests/property/scoped-roles-processing-efficiency.test.ts[2m > [22m[2mProperty 10: Scoped Roles Processing Efficiency[2m > [22m[2mProperty 10.1: Org roles queries should use optimized indexes and complete in <50ms
[22m[39mGoTrueClient@sb-bgxknceshxxifwytalex-auth-token:0 (2.93.3) 2026-02-02T15:19:40.452Z #getSession() session from storage [1mnull[22m
GoTrueClient@sb-bgxknceshxxifwytalex-auth-token:0 (2.93.3) 2026-02-02T15:19:40.452Z #__loadSession() end

[90mstdout[2m | tests/property/scoped-roles-processing-efficiency.test.ts[2m > [22m[2mProperty 10: Scoped Roles Processing Efficiency[2m > [22m[2mProperty 10.1: Org roles queries should use optimized indexes and complete in <50ms
[22m[39mGoTrueClient@sb-bgxknceshxxifwytalex-auth-token:0 (2.93.3) 2026-02-02T15:19:40.452Z #_useSession end

[90mstdout[2m | tests/property/scoped-roles-processing-efficiency.test.ts[2m > [22m[2mProperty 10: Scoped Roles Processing Efficiency[2m > [22m[2mProperty 10.1: Org roles queries should use optimized indexes and complete in <50ms
[22m[39mGoTrueClient@sb-bgxknceshxxifwytalex-auth-token:0 (2.93.3) 2026-02-02T15:19:40.452Z #_acquireLock lock released for storage key sb-bgxknceshxxifwytalex-auth-token

[90mstdout[2m | tests/property/scoped-roles-processing-efficiency.test.ts[2m > [22m[2mProperty 10: Scoped Roles Processing Efficiency[2m > [22m[2mProperty 10.1: Org roles queries should use optimized indexes and complete in <50ms
[22m[39mGoTrueClient@sb-bgxknceshxxifwytalex-auth-token:0 (2.93.3) 2026-02-02T15:19:40.452Z #_acquireLock end

stderr | tests/property/scoped-roles-processing-efficiency.test.ts > Property 10: Scoped Roles Processing Efficiency > Property 10.1: Org roles queries should use optimized indexes and complete in <50ms
Error fetching org roles: {
  code: 'PGRST200',
  details: "Searched for a foreign key relationship between 'org_roles' and 'user_profiles' in the schema 'public', but no matches were found.",
  hint: null,
  message: "Could not find a relationship between 'org_roles' and 'user_profiles' in the schema cache"
}

[90mstdout[2m | tests/property/scoped-roles-processing-efficiency.test.ts[2m > [22m[2mProperty 10: Scoped Roles Processing Efficiency[2m > [22m[2mProperty 10.1: Org roles queries should use optimized indexes and complete in <50ms
[22m[39mGoTrueClient@sb-bgxknceshxxifwytalex-auth-token:0 (2.93.3) 2026-02-02T15:19:40.758Z #_acquireLock begin [33m10000[39m
GoTrueClient@sb-bgxknceshxxifwytalex-auth-token:0 (2.93.3) 2026-02-02T15:19:40.758Z #_acquireLock lock acquired for storage key sb-bgxknceshxxifwytalex-auth-token
GoTrueClient@sb-bgxknceshxxifwytalex-auth-token:0 (2.93.3) 2026-02-02T15:19:40.758Z #_useSession begin
GoTrueClient@sb-bgxknceshxxifwytalex-auth-token:0 (2.93.3) 2026-02-02T15:19:40.758Z #__loadSession() begin

[90mstdout[2m | tests/property/scoped-roles-processing-efficiency.test.ts[2m > [22m[2mProperty 10: Scoped Roles Processing Efficiency[2m > [22m[2mProperty 10.1: Org roles queries should use optimized indexes and complete in <50ms
[22m[39mGoTrueClient@sb-bgxknceshxxifwytalex-auth-token:0 (2.93.3) 2026-02-02T15:19:40.758Z #getSession() session from storage [1mnull[22m
GoTrueClient@sb-bgxknceshxxifwytalex-auth-token:0 (2.93.3) 2026-02-02T15:19:40.758Z #__loadSession() end

[90mstdout[2m | tests/property/scoped-roles-processing-efficiency.test.ts[2m > [22m[2mProperty 10: Scoped Roles Processing Efficiency[2m > [22m[2mProperty 10.1: Org roles queries should use optimized indexes and complete in <50ms
[22m[39mGoTrueClient@sb-bgxknceshxxifwytalex-auth-token:0 (2.93.3) 2026-02-02T15:19:40.758Z #_useSession end

[90mstdout[2m | tests/property/scoped-roles-processing-efficiency.test.ts[2m > [22m[2mProperty 10: Scoped Roles Processing Efficiency[2m > [22m[2mProperty 10.1: Org roles queries should use optimized indexes and complete in <50ms
[22m[39mGoTrueClient@sb-bgxknceshxxifwytalex-auth-token:0 (2.93.3) 2026-02-02T15:19:40.758Z #_acquireLock lock released for storage key sb-bgxknceshxxifwytalex-auth-token

[90mstdout[2m | tests/property/scoped-roles-processing-efficiency.test.ts[2m > [22m[2mProperty 10: Scoped Roles Processing Efficiency[2m > [22m[2mProperty 10.1: Org roles queries should use optimized indexes and complete in <50ms
[22m[39mGoTrueClient@sb-bgxknceshxxifwytalex-auth-token:0 (2.93.3) 2026-02-02T15:19:40.758Z #_acquireLock end

stderr | tests/property/scoped-roles-processing-efficiency.test.ts > Property 10: Scoped Roles Processing Efficiency > Property 10.1: Org roles queries should use optimized indexes and complete in <50ms
Error fetching org roles: {
  code: 'PGRST200',
  details: "Searched for a foreign key relationship between 'org_roles' and 'user_profiles' in the schema 'public', but no matches were found.",
  hint: null,
  message: "Could not find a relationship between 'org_roles' and 'user_profiles' in the schema cache"
}

[90mstdout[2m | tests/property/scoped-roles-processing-efficiency.test.ts[2m > [22m[2mProperty 10: Scoped Roles Processing Efficiency[2m > [22m[2mProperty 10.1: Org roles queries should use optimized indexes and complete in <50ms
[22m[39mGoTrueClient@sb-bgxknceshxxifwytalex-auth-token:0 (2.93.3) 2026-02-02T15:19:41.065Z #_acquireLock begin [33m10000[39m
GoTrueClient@sb-bgxknceshxxifwytalex-auth-token:0 (2.93.3) 2026-02-02T15:19:41.066Z #_acquireLock lock acquired for storage key sb-bgxknceshxxifwytalex-auth-token
GoTrueClient@sb-bgxknceshxxifwytalex-auth-token:0 (2.93.3) 2026-02-02T15:19:41.066Z #_useSession begin
GoTrueClient@sb-bgxknceshxxifwytalex-auth-token:0 (2.93.3) 2026-02-02T15:19:41.066Z #__loadSession() begin

[90mstdout[2m | tests/property/scoped-roles-processing-efficiency.test.ts[2m > [22m[2mProperty 10: Scoped Roles Processing Efficiency[2m > [22m[2mProperty 10.1: Org roles queries should use optimized indexes and complete in <50ms
[22m[39mGoTrueClient@sb-bgxknceshxxifwytalex-auth-token:0 (2.93.3) 2026-02-02T15:19:41.066Z #getSession() session from storage [1mnull[22m
GoTrueClient@sb-bgxknceshxxifwytalex-auth-token:0 (2.93.3) 2026-02-02T15:19:41.066Z #__loadSession() end

[90mstdout[2m | tests/property/scoped-roles-processing-efficiency.test.ts[2m > [22m[2mProperty 10: Scoped Roles Processing Efficiency[2m > [22m[2mProperty 10.1: Org roles queries should use optimized indexes and complete in <50ms
[22m[39mGoTrueClient@sb-bgxknceshxxifwytalex-auth-token:0 (2.93.3) 2026-02-02T15:19:41.066Z #_useSession end

[90mstdout[2m | tests/property/scoped-roles-processing-efficiency.test.ts[2m > [22m[2mProperty 10: Scoped Roles Processing Efficiency[2m > [22m[2mProperty 10.1: Org roles queries should use optimized indexes and complete in <50ms
[22m[39mGoTrueClient@sb-bgxknceshxxifwytalex-auth-token:0 (2.93.3) 2026-02-02T15:19:41.066Z #_acquireLock lock released for storage key sb-bgxknceshxxifwytalex-auth-token

[90mstdout[2m | tests/property/scoped-roles-processing-efficiency.test.ts[2m > [22m[2mProperty 10: Scoped Roles Processing Efficiency[2m > [22m[2mProperty 10.1: Org roles queries should use optimized indexes and complete in <50ms
[22m[39mGoTrueClient@sb-bgxknceshxxifwytalex-auth-token:0 (2.93.3) 2026-02-02T15:19:41.066Z #_acquireLock end

stderr | tests/property/scoped-roles-processing-efficiency.test.ts > Property 10: Scoped Roles Processing Efficiency > Property 10.1: Org roles queries should use optimized indexes and complete in <50ms
Error fetching org roles: {
  code: 'PGRST200',
  details: "Searched for a foreign key relationship between 'org_roles' and 'user_profiles' in the schema 'public', but no matches were found.",
  hint: null,
  message: "Could not find a relationship between 'org_roles' and 'user_profiles' in the schema cache"
}

[90mstdout[2m | tests/property/scoped-roles-processing-efficiency.test.ts[2m > [22m[2mProperty 10: Scoped Roles Processing Efficiency[2m > [22m[2mProperty 10.1: Org roles queries should use optimized indexes and complete in <50ms
[22m[39mGoTrueClient@sb-bgxknceshxxifwytalex-auth-token:0 (2.93.3) 2026-02-02T15:19:41.376Z #_acquireLock begin [33m10000[39m
GoTrueClient@sb-bgxknceshxxifwytalex-auth-token:0 (2.93.3) 2026-02-02T15:19:41.376Z #_acquireLock lock acquired for storage key sb-bgxknceshxxifwytalex-auth-token
GoTrueClient@sb-bgxknceshxxifwytalex-auth-token:0 (2.93.3) 2026-02-02T15:19:41.376Z #_useSession begin
GoTrueClient@sb-bgxknceshxxifwytalex-auth-token:0 (2.93.3) 2026-02-02T15:19:41.376Z #__loadSession() begin

[90mstdout[2m | tests/property/scoped-roles-processing-efficiency.test.ts[2m > [22m[2mProperty 10: Scoped Roles Processing Efficiency[2m > [22m[2mProperty 10.1: Org roles queries should use optimized indexes and complete in <50ms
[22m[39mGoTrueClient@sb-bgxknceshxxifwytalex-auth-token:0 (2.93.3) 2026-02-02T15:19:41.376Z #getSession() session from storage [1mnull[22m
GoTrueClient@sb-bgxknceshxxifwytalex-auth-token:0 (2.93.3) 2026-02-02T15:19:41.376Z #__loadSession() end

[90mstdout[2m | tests/property/scoped-roles-processing-efficiency.test.ts[2m > [22m[2mProperty 10: Scoped Roles Processing Efficiency[2m > [22m[2mProperty 10.1: Org roles queries should use optimized indexes and complete in <50ms
[22m[39mGoTrueClient@sb-bgxknceshxxifwytalex-auth-token:0 (2.93.3) 2026-02-02T15:19:41.376Z #_useSession end

[90mstdout[2m | tests/property/scoped-roles-processing-efficiency.test.ts[2m > [22m[2mProperty 10: Scoped Roles Processing Efficiency[2m > [22m[2mProperty 10.1: Org roles queries should use optimized indexes and complete in <50ms
[22m[39mGoTrueClient@sb-bgxknceshxxifwytalex-auth-token:0 (2.93.3) 2026-02-02T15:19:41.377Z #_acquireLock lock released for storage key sb-bgxknceshxxifwytalex-auth-token

[90mstdout[2m | tests/property/scoped-roles-processing-efficiency.test.ts[2m > [22m[2mProperty 10: Scoped Roles Processing Efficiency[2m > [22m[2mProperty 10.1: Org roles queries should use optimized indexes and complete in <50ms
[22m[39mGoTrueClient@sb-bgxknceshxxifwytalex-auth-token:0 (2.93.3) 2026-02-02T15:19:41.377Z #_acquireLock end

stderr | tests/property/scoped-roles-processing-efficiency.test.ts > Property 10: Scoped Roles Processing Efficiency > Property 10.1: Org roles queries should use optimized indexes and complete in <50ms
Error fetching org roles: {
  code: 'PGRST200',
  details: "Searched for a foreign key relationship between 'org_roles' and 'user_profiles' in the schema 'public', but no matches were found.",
  hint: null,
  message: "Could not find a relationship between 'org_roles' and 'user_profiles' in the schema cache"
}

[90mstdout[2m | tests/property/scoped-roles-processing-efficiency.test.ts[2m > [22m[2mProperty 10: Scoped Roles Processing Efficiency[2m > [22m[2mProperty 10.1: Org roles queries should use optimized indexes and complete in <50ms
[22m[39mGoTrueClient@sb-bgxknceshxxifwytalex-auth-token:0 (2.93.3) 2026-02-02T15:19:41.591Z #_acquireLock begin [33m10000[39m
GoTrueClient@sb-bgxknceshxxifwytalex-auth-token:0 (2.93.3) 2026-02-02T15:19:41.591Z #_acquireLock lock acquired for storage key sb-bgxknceshxxifwytalex-auth-token
GoTrueClient@sb-bgxknceshxxifwytalex-auth-token:0 (2.93.3) 2026-02-02T15:19:41.591Z #_useSession begin
GoTrueClient@sb-bgxknceshxxifwytalex-auth-token:0 (2.93.3) 2026-02-02T15:19:41.591Z #__loadSession() begin

[90mstdout[2m | tests/property/scoped-roles-processing-efficiency.test.ts[2m > [22m[2mProperty 10: Scoped Roles Processing Efficiency[2m > [22m[2mProperty 10.1: Org roles queries should use optimized indexes and complete in <50ms
[22m[39mGoTrueClient@sb-bgxknceshxxifwytalex-auth-token:0 (2.93.3) 2026-02-02T15:19:41.592Z #getSession() session from storage [1mnull[22m
GoTrueClient@sb-bgxknceshxxifwytalex-auth-token:0 (2.93.3) 2026-02-02T15:19:41.592Z #__loadSession() end

[90mstdout[2m | tests/property/scoped-roles-processing-efficiency.test.ts[2m > [22m[2mProperty 10: Scoped Roles Processing Efficiency[2m > [22m[2mProperty 10.1: Org roles queries should use optimized indexes and complete in <50ms
[22m[39mGoTrueClient@sb-bgxknceshxxifwytalex-auth-token:0 (2.93.3) 2026-02-02T15:19:41.592Z #_useSession end

[90mstdout[2m | tests/property/scoped-roles-processing-efficiency.test.ts[2m > [22m[2mProperty 10: Scoped Roles Processing Efficiency[2m > [22m[2mProperty 10.1: Org roles queries should use optimized indexes and complete in <50ms
[22m[39mGoTrueClient@sb-bgxknceshxxifwytalex-auth-token:0 (2.93.3) 2026-02-02T15:19:41.592Z #_acquireLock lock released for storage key sb-bgxknceshxxifwytalex-auth-token

[90mstdout[2m | tests/property/scoped-roles-processing-efficiency.test.ts[2m > [22m[2mProperty 10: Scoped Roles Processing Efficiency[2m > [22m[2mProperty 10.1: Org roles queries should use optimized indexes and complete in <50ms
[22m[39mGoTrueClient@sb-bgxknceshxxifwytalex-auth-token:0 (2.93.3) 2026-02-02T15:19:41.592Z #_acquireLock end

stderr | tests/property/scoped-roles-processing-efficiency.test.ts > Property 10: Scoped Roles Processing Efficiency > Property 10.1: Org roles queries should use optimized indexes and complete in <50ms
Error fetching org roles: {
  code: 'PGRST200',
  details: "Searched for a foreign key relationship between 'org_roles' and 'user_profiles' in the schema 'public', but no matches were found.",
  hint: null,
  message: "Could not find a relationship between 'org_roles' and 'user_profiles' in the schema cache"
}

[90mstdout[2m | tests/property/scoped-roles-processing-efficiency.test.ts[2m > [22m[2mProperty 10: Scoped Roles Processing Efficiency[2m > [22m[2mProperty 10.1: Org roles queries should use optimized indexes and complete in <50ms
[22m[39mGoTrueClient@sb-bgxknceshxxifwytalex-auth-token:0 (2.93.3) 2026-02-02T15:19:41.832Z #_acquireLock begin [33m10000[39m
GoTrueClient@sb-bgxknceshxxifwytalex-auth-token:0 (2.93.3) 2026-02-02T15:19:41.833Z #_acquireLock lock acquired for storage key sb-bgxknceshxxifwytalex-auth-token
GoTrueClient@sb-bgxknceshxxifwytalex-auth-token:0 (2.93.3) 2026-02-02T15:19:41.833Z #_useSession begin
GoTrueClient@sb-bgxknceshxxifwytalex-auth-token:0 (2.93.3) 2026-02-02T15:19:41.833Z #__loadSession() begin

[90mstdout[2m | tests/property/scoped-roles-processing-efficiency.test.ts[2m > [22m[2mProperty 10: Scoped Roles Processing Efficiency[2m > [22m[2mProperty 10.1: Org roles queries should use optimized indexes and complete in <50ms
[22m[39mGoTrueClient@sb-bgxknceshxxifwytalex-auth-token:0 (2.93.3) 2026-02-02T15:19:41.833Z #getSession() session from storage [1mnull[22m
GoTrueClient@sb-bgxknceshxxifwytalex-auth-token:0 (2.93.3) 2026-02-02T15:19:41.833Z #__loadSession() end

[90mstdout[2m | tests/property/scoped-roles-processing-efficiency.test.ts[2m > [22m[2mProperty 10: Scoped Roles Processing Efficiency[2m > [22m[2mProperty 10.1: Org roles queries should use optimized indexes and complete in <50ms
[22m[39mGoTrueClient@sb-bgxknceshxxifwytalex-auth-token:0 (2.93.3) 2026-02-02T15:19:41.833Z #_useSession end

[90mstdout[2m | tests/property/scoped-roles-processing-efficiency.test.ts[2m > [22m[2mProperty 10: Scoped Roles Processing Efficiency[2m > [22m[2mProperty 10.1: Org roles queries should use optimized indexes and complete in <50ms
[22m[39mGoTrueClient@sb-bgxknceshxxifwytalex-auth-token:0 (2.93.3) 2026-02-02T15:19:41.833Z #_acquireLock lock released for storage key sb-bgxknceshxxifwytalex-auth-token

[90mstdout[2m | tests/property/scoped-roles-processing-efficiency.test.ts[2m > [22m[2mProperty 10: Scoped Roles Processing Efficiency[2m > [22m[2mProperty 10.1: Org roles queries should use optimized indexes and complete in <50ms
[22m[39mGoTrueClient@sb-bgxknceshxxifwytalex-auth-token:0 (2.93.3) 2026-02-02T15:19:41.833Z #_acquireLock end

stderr | tests/property/scoped-roles-processing-efficiency.test.ts > Property 10: Scoped Roles Processing Efficiency > Property 10.1: Org roles queries should use optimized indexes and complete in <50ms
Error fetching org roles: {
  code: 'PGRST200',
  details: "Searched for a foreign key relationship between 'org_roles' and 'user_profiles' in the schema 'public', but no matches were found.",
  hint: null,
  message: "Could not find a relationship between 'org_roles' and 'user_profiles' in the schema cache"
}

[90mstdout[2m | tests/property/scoped-roles-processing-efficiency.test.ts[2m > [22m[2mProperty 10: Scoped Roles Processing Efficiency[2m > [22m[2mProperty 10.1: Org roles queries should use optimized indexes and complete in <50ms
[22m[39mGoTrueClient@sb-bgxknceshxxifwytalex-auth-token:0 (2.93.3) 2026-02-02T15:19:42.043Z #_acquireLock begin [33m10000[39m
GoTrueClient@sb-bgxknceshxxifwytalex-auth-token:0 (2.93.3) 2026-02-02T15:19:42.044Z #_acquireLock lock acquired for storage key sb-bgxknceshxxifwytalex-auth-token
GoTrueClient@sb-bgxknceshxxifwytalex-auth-token:0 (2.93.3) 2026-02-02T15:19:42.044Z #_useSession begin
GoTrueClient@sb-bgxknceshxxifwytalex-auth-token:0 (2.93.3) 2026-02-02T15:19:42.044Z #__loadSession() begin

[90mstdout[2m | tests/property/scoped-roles-processing-efficiency.test.ts[2m > [22m[2mProperty 10: Scoped Roles Processing Efficiency[2m > [22m[2mProperty 10.1: Org roles queries should use optimized indexes and complete in <50ms
[22m[39mGoTrueClient@sb-bgxknceshxxifwytalex-auth-token:0 (2.93.3) 2026-02-02T15:19:42.044Z #getSession() session from storage [1mnull[22m
GoTrueClient@sb-bgxknceshxxifwytalex-auth-token:0 (2.93.3) 2026-02-02T15:19:42.044Z #__loadSession() end

[90mstdout[2m | tests/property/scoped-roles-processing-efficiency.test.ts[2m > [22m[2mProperty 10: Scoped Roles Processing Efficiency[2m > [22m[2mProperty 10.1: Org roles queries should use optimized indexes and complete in <50ms
[22m[39mGoTrueClient@sb-bgxknceshxxifwytalex-auth-token:0 (2.93.3) 2026-02-02T15:19:42.044Z #_useSession end

[90mstdout[2m | tests/property/scoped-roles-processing-efficiency.test.ts[2m > [22m[2mProperty 10: Scoped Roles Processing Efficiency[2m > [22m[2mProperty 10.1: Org roles queries should use optimized indexes and complete in <50ms
[22m[39mGoTrueClient@sb-bgxknceshxxifwytalex-auth-token:0 (2.93.3) 2026-02-02T15:19:42.044Z #_acquireLock lock released for storage key sb-bgxknceshxxifwytalex-auth-token

[90mstdout[2m | tests/property/scoped-roles-processing-efficiency.test.ts[2m > [22m[2mProperty 10: Scoped Roles Processing Efficiency[2m > [22m[2mProperty 10.1: Org roles queries should use optimized indexes and complete in <50ms
[22m[39mGoTrueClient@sb-bgxknceshxxifwytalex-auth-token:0 (2.93.3) 2026-02-02T15:19:42.045Z #_acquireLock end

stderr | tests/property/scoped-roles-processing-efficiency.test.ts > Property 10: Scoped Roles Processing Efficiency > Property 10.1: Org roles queries should use optimized indexes and complete in <50ms
Error fetching org roles: {
  code: 'PGRST200',
  details: "Searched for a foreign key relationship between 'org_roles' and 'user_profiles' in the schema 'public', but no matches were found.",
  hint: null,
  message: "Could not find a relationship between 'org_roles' and 'user_profiles' in the schema cache"
}

[90mstdout[2m | tests/property/scoped-roles-processing-efficiency.test.ts[2m > [22m[2mProperty 10: Scoped Roles Processing Efficiency[2m > [22m[2mProperty 10.1: Org roles queries should use optimized indexes and complete in <50ms
[22m[39mGoTrueClient@sb-bgxknceshxxifwytalex-auth-token:0 (2.93.3) 2026-02-02T15:19:42.250Z #_acquireLock begin [33m10000[39m
GoTrueClient@sb-bgxknceshxxifwytalex-auth-token:0 (2.93.3) 2026-02-02T15:19:42.250Z #_acquireLock lock acquired for storage key sb-bgxknceshxxifwytalex-auth-token
GoTrueClient@sb-bgxknceshxxifwytalex-auth-token:0 (2.93.3) 2026-02-02T15:19:42.250Z #_useSession begin
GoTrueClient@sb-bgxknceshxxifwytalex-auth-token:0 (2.93.3) 2026-02-02T15:19:42.250Z #__loadSession() begin

[90mstdout[2m | tests/property/scoped-roles-processing-efficiency.test.ts[2m > [22m[2mProperty 10: Scoped Roles Processing Efficiency[2m > [22m[2mProperty 10.1: Org roles queries should use optimized indexes and complete in <50ms
[22m[39mGoTrueClient@sb-bgxknceshxxifwytalex-auth-token:0 (2.93.3) 2026-02-02T15:19:42.250Z #getSession() session from storage [1mnull[22m
GoTrueClient@sb-bgxknceshxxifwytalex-auth-token:0 (2.93.3) 2026-02-02T15:19:42.250Z #__loadSession() end

[90mstdout[2m | tests/property/scoped-roles-processing-efficiency.test.ts[2m > [22m[2mProperty 10: Scoped Roles Processing Efficiency[2m > [22m[2mProperty 10.1: Org roles queries should use optimized indexes and complete in <50ms
[22m[39mGoTrueClient@sb-bgxknceshxxifwytalex-auth-token:0 (2.93.3) 2026-02-02T15:19:42.251Z #_useSession end

[90mstdout[2m | tests/property/scoped-roles-processing-efficiency.test.ts[2m > [22m[2mProperty 10: Scoped Roles Processing Efficiency[2m > [22m[2mProperty 10.1: Org roles queries should use optimized indexes and complete in <50ms
[22m[39mGoTrueClient@sb-bgxknceshxxifwytalex-auth-token:0 (2.93.3) 2026-02-02T15:19:42.251Z #_acquireLock lock released for storage key sb-bgxknceshxxifwytalex-auth-token

[90mstdout[2m | tests/property/scoped-roles-processing-efficiency.test.ts[2m > [22m[2mProperty 10: Scoped Roles Processing Efficiency[2m > [22m[2mProperty 10.1: Org roles queries should use optimized indexes and complete in <50ms
[22m[39mGoTrueClient@sb-bgxknceshxxifwytalex-auth-token:0 (2.93.3) 2026-02-02T15:19:42.251Z #_acquireLock end

stderr | tests/property/scoped-roles-processing-efficiency.test.ts > Property 10: Scoped Roles Processing Efficiency > Property 10.1: Org roles queries should use optimized indexes and complete in <50ms
Error fetching org roles: {
  code: 'PGRST200',
  details: "Searched for a foreign key relationship between 'org_roles' and 'user_profiles' in the schema 'public', but no matches were found.",
  hint: null,
  message: "Could not find a relationship between 'org_roles' and 'user_profiles' in the schema cache"
}

[90mstdout[2m | tests/property/scoped-roles-processing-efficiency.test.ts[2m > [22m[2mProperty 10: Scoped Roles Processing Efficiency[2m > [22m[2mProperty 10.1: Org roles queries should use optimized indexes and complete in <50ms
[22m[39mGoTrueClient@sb-bgxknceshxxifwytalex-auth-token:0 (2.93.3) 2026-02-02T15:19:42.448Z #_acquireLock begin [33m10000[39m
GoTrueClient@sb-bgxknceshxxifwytalex-auth-token:0 (2.93.3) 2026-02-02T15:19:42.448Z #_acquireLock lock acquired for storage key sb-bgxknceshxxifwytalex-auth-token
GoTrueClient@sb-bgxknceshxxifwytalex-auth-token:0 (2.93.3) 2026-02-02T15:19:42.448Z #_useSession begin
GoTrueClient@sb-bgxknceshxxifwytalex-auth-token:0 (2.93.3) 2026-02-02T15:19:42.448Z #__loadSession() begin

[90mstdout[2m | tests/property/scoped-roles-processing-efficiency.test.ts[2m > [22m[2mProperty 10: Scoped Roles Processing Efficiency[2m > [22m[2mProperty 10.1: Org roles queries should use optimized indexes and complete in <50ms
[22m[39mGoTrueClient@sb-bgxknceshxxifwytalex-auth-token:0 (2.93.3) 2026-02-02T15:19:42.449Z #getSession() session from storage [1mnull[22m
GoTrueClient@sb-bgxknceshxxifwytalex-auth-token:0 (2.93.3) 2026-02-02T15:19:42.449Z #__loadSession() end

[90mstdout[2m | tests/property/scoped-roles-processing-efficiency.test.ts[2m > [22m[2mProperty 10: Scoped Roles Processing Efficiency[2m > [22m[2mProperty 10.1: Org roles queries should use optimized indexes and complete in <50ms
[22m[39mGoTrueClient@sb-bgxknceshxxifwytalex-auth-token:0 (2.93.3) 2026-02-02T15:19:42.449Z #_useSession end

[90mstdout[2m | tests/property/scoped-roles-processing-efficiency.test.ts[2m > [22m[2mProperty 10: Scoped Roles Processing Efficiency[2m > [22m[2mProperty 10.1: Org roles queries should use optimized indexes and complete in <50ms
[22m[39mGoTrueClient@sb-bgxknceshxxifwytalex-auth-token:0 (2.93.3) 2026-02-02T15:19:42.449Z #_acquireLock lock released for storage key sb-bgxknceshxxifwytalex-auth-token

[90mstdout[2m | tests/property/scoped-roles-processing-efficiency.test.ts[2m > [22m[2mProperty 10: Scoped Roles Processing Efficiency[2m > [22m[2mProperty 10.1: Org roles queries should use optimized indexes and complete in <50ms
[22m[39mGoTrueClient@sb-bgxknceshxxifwytalex-auth-token:0 (2.93.3) 2026-02-02T15:19:42.449Z #_acquireLock end

[90mstdout[2m | tests/property/scoped-roles-processing-efficiency.test.ts[2m > [22m[2mProperty 10: Scoped Roles Processing Efficiency[2m > [22m[2mProperty 10.2: Project roles queries should use optimized indexes and complete in <50ms
[22m[39mGoTrueClient@sb-bgxknceshxxifwytalex-auth-token:0 (2.93.3) 2026-02-02T15:19:42.619Z #_acquireLock begin [33m10000[39m
GoTrueClient@sb-bgxknceshxxifwytalex-auth-token:0 (2.93.3) 2026-02-02T15:19:42.619Z #_acquireLock lock acquired for storage key sb-bgxknceshxxifwytalex-auth-token
GoTrueClient@sb-bgxknceshxxifwytalex-auth-token:0 (2.93.3) 2026-02-02T15:19:42.619Z #_useSession begin
GoTrueClient@sb-bgxknceshxxifwytalex-auth-token:0 (2.93.3) 2026-02-02T15:19:42.619Z #__loadSession() begin

[90mstdout[2m | tests/property/scoped-roles-processing-efficiency.test.ts[2m > [22m[2mProperty 10: Scoped Roles Processing Efficiency[2m > [22m[2mProperty 10.2: Project roles queries should use optimized indexes and complete in <50ms
[22m[39mGoTrueClient@sb-bgxknceshxxifwytalex-auth-token:0 (2.93.3) 2026-02-02T15:19:42.619Z #getSession() session from storage [1mnull[22m
GoTrueClient@sb-bgxknceshxxifwytalex-auth-token:0 (2.93.3) 2026-02-02T15:19:42.619Z #__loadSession() end

[90mstdout[2m | tests/property/scoped-roles-processing-efficiency.test.ts[2m > [22m[2mProperty 10: Scoped Roles Processing Efficiency[2m > [22m[2mProperty 10.2: Project roles queries should use optimized indexes and complete in <50ms
[22m[39mGoTrueClient@sb-bgxknceshxxifwytalex-auth-token:0 (2.93.3) 2026-02-02T15:19:42.619Z #_useSession end

[90mstdout[2m | tests/property/scoped-roles-processing-efficiency.test.ts[2m > [22m[2mProperty 10: Scoped Roles Processing Efficiency[2m > [22m[2mProperty 10.2: Project roles queries should use optimized indexes and complete in <50ms
[22m[39mGoTrueClient@sb-bgxknceshxxifwytalex-auth-token:0 (2.93.3) 2026-02-02T15:19:42.619Z #_acquireLock lock released for storage key sb-bgxknceshxxifwytalex-auth-token

[90mstdout[2m | tests/property/scoped-roles-processing-efficiency.test.ts[2m > [22m[2mProperty 10: Scoped Roles Processing Efficiency[2m > [22m[2mProperty 10.2: Project roles queries should use optimized indexes and complete in <50ms
[22m[39mGoTrueClient@sb-bgxknceshxxifwytalex-auth-token:0 (2.93.3) 2026-02-02T15:19:42.619Z #_acquireLock end

stderr | tests/property/scoped-roles-processing-efficiency.test.ts > Property 10: Scoped Roles Processing Efficiency > Property 10.2: Project roles queries should use optimized indexes and complete in <50ms
Error fetching org roles: {
  code: 'PGRST200',
  details: "Searched for a foreign key relationship between 'org_roles' and 'user_profiles' in the schema 'public', but no matches were found.",
  hint: null,
  message: "Could not find a relationship between 'org_roles' and 'user_profiles' in the schema cache"
}

[90mstdout[2m | tests/property/scoped-roles-processing-efficiency.test.ts[2m > [22m[2mProperty 10: Scoped Roles Processing Efficiency[2m > [22m[2mProperty 10.2: Project roles queries should use optimized indexes and complete in <50ms
[22m[39mGoTrueClient@sb-bgxknceshxxifwytalex-auth-token:0 (2.93.3) 2026-02-02T15:19:42.650Z #_acquireLock begin [33m10000[39m
GoTrueClient@sb-bgxknceshxxifwytalex-auth-token:0 (2.93.3) 2026-02-02T15:19:42.650Z #_acquireLock lock acquired for storage key sb-bgxknceshxxifwytalex-auth-token
GoTrueClient@sb-bgxknceshxxifwytalex-auth-token:0 (2.93.3) 2026-02-02T15:19:42.650Z #_useSession begin
GoTrueClient@sb-bgxknceshxxifwytalex-auth-token:0 (2.93.3) 2026-02-02T15:19:42.650Z #__loadSession() begin

[90mstdout[2m | tests/property/scoped-roles-processing-efficiency.test.ts[2m > [22m[2mProperty 10: Scoped Roles Processing Efficiency[2m > [22m[2mProperty 10.2: Project roles queries should use optimized indexes and complete in <50ms
[22m[39mGoTrueClient@sb-bgxknceshxxifwytalex-auth-token:0 (2.93.3) 2026-02-02T15:19:42.650Z #getSession() session from storage [1mnull[22m
GoTrueClient@sb-bgxknceshxxifwytalex-auth-token:0 (2.93.3) 2026-02-02T15:19:42.650Z #__loadSession() end

[90mstdout[2m | tests/property/scoped-roles-processing-efficiency.test.ts[2m > [22m[2mProperty 10: Scoped Roles Processing Efficiency[2m > [22m[2mProperty 10.2: Project roles queries should use optimized indexes and complete in <50ms
[22m[39mGoTrueClient@sb-bgxknceshxxifwytalex-auth-token:0 (2.93.3) 2026-02-02T15:19:42.650Z #_useSession end

[90mstdout[2m | tests/property/scoped-roles-processing-efficiency.test.ts[2m > [22m[2mProperty 10: Scoped Roles Processing Efficiency[2m > [22m[2mProperty 10.2: Project roles queries should use optimized indexes and complete in <50ms
[22m[39mGoTrueClient@sb-bgxknceshxxifwytalex-auth-token:0 (2.93.3) 2026-02-02T15:19:42.650Z #_acquireLock lock released for storage key sb-bgxknceshxxifwytalex-auth-token

[90mstdout[2m | tests/property/scoped-roles-processing-efficiency.test.ts[2m > [22m[2mProperty 10: Scoped Roles Processing Efficiency[2m > [22m[2mProperty 10.2: Project roles queries should use optimized indexes and complete in <50ms
[22m[39mGoTrueClient@sb-bgxknceshxxifwytalex-auth-token:0 (2.93.3) 2026-02-02T15:19:42.650Z #_acquireLock end

stderr | tests/property/scoped-roles-processing-efficiency.test.ts > Property 10: Scoped Roles Processing Efficiency > Property 10.2: Project roles queries should use optimized indexes and complete in <50ms
Error fetching org roles: {
  code: 'PGRST200',
  details: "Searched for a foreign key relationship between 'org_roles' and 'user_profiles' in the schema 'public', but no matches were found.",
  hint: null,
  message: "Could not find a relationship between 'org_roles' and 'user_profiles' in the schema cache"
}

[90mstdout[2m | tests/property/scoped-roles-processing-efficiency.test.ts[2m > [22m[2mProperty 10: Scoped Roles Processing Efficiency[2m > [22m[2mProperty 10.2: Project roles queries should use optimized indexes and complete in <50ms
[22m[39mGoTrueClient@sb-bgxknceshxxifwytalex-auth-token:0 (2.93.3) 2026-02-02T15:19:42.858Z #_acquireLock begin [33m10000[39m
GoTrueClient@sb-bgxknceshxxifwytalex-auth-token:0 (2.93.3) 2026-02-02T15:19:42.858Z #_acquireLock lock acquired for storage key sb-bgxknceshxxifwytalex-auth-token
GoTrueClient@sb-bgxknceshxxifwytalex-auth-token:0 (2.93.3) 2026-02-02T15:19:42.858Z #_useSession begin
GoTrueClient@sb-bgxknceshxxifwytalex-auth-token:0 (2.93.3) 2026-02-02T15:19:42.858Z #__loadSession() begin

[90mstdout[2m | tests/property/scoped-roles-processing-efficiency.test.ts[2m > [22m[2mProperty 10: Scoped Roles Processing Efficiency[2m > [22m[2mProperty 10.2: Project roles queries should use optimized indexes and complete in <50ms
[22m[39mGoTrueClient@sb-bgxknceshxxifwytalex-auth-token:0 (2.93.3) 2026-02-02T15:19:42.858Z #getSession() session from storage [1mnull[22m
GoTrueClient@sb-bgxknceshxxifwytalex-auth-token:0 (2.93.3) 2026-02-02T15:19:42.858Z #__loadSession() end

[90mstdout[2m | tests/property/scoped-roles-processing-efficiency.test.ts[2m > [22m[2mProperty 10: Scoped Roles Processing Efficiency[2m > [22m[2mProperty 10.2: Project roles queries should use optimized indexes and complete in <50ms
[22m[39mGoTrueClient@sb-bgxknceshxxifwytalex-auth-token:0 (2.93.3) 2026-02-02T15:19:42.858Z #_useSession end

[90mstdout[2m | tests/property/scoped-roles-processing-efficiency.test.ts[2m > [22m[2mProperty 10: Scoped Roles Processing Efficiency[2m > [22m[2mProperty 10.2: Project roles queries should use optimized indexes and complete in <50ms
[22m[39mGoTrueClient@sb-bgxknceshxxifwytalex-auth-token:0 (2.93.3) 2026-02-02T15:19:42.858Z #_acquireLock lock released for storage key sb-bgxknceshxxifwytalex-auth-token

[90mstdout[2m | tests/property/scoped-roles-processing-efficiency.test.ts[2m > [22m[2mProperty 10: Scoped Roles Processing Efficiency[2m > [22m[2mProperty 10.2: Project roles queries should use optimized indexes and complete in <50ms
[22m[39mGoTrueClient@sb-bgxknceshxxifwytalex-auth-token:0 (2.93.3) 2026-02-02T15:19:42.859Z #_acquireLock end

stderr | tests/property/scoped-roles-processing-efficiency.test.ts > Property 10: Scoped Roles Processing Efficiency > Property 10.2: Project roles queries should use optimized indexes and complete in <50ms
Error fetching org roles: {
  code: 'PGRST200',
  details: "Searched for a foreign key relationship between 'org_roles' and 'user_profiles' in the schema 'public', but no matches were found.",
  hint: null,
  message: "Could not find a relationship between 'org_roles' and 'user_profiles' in the schema cache"
}

[90mstdout[2m | tests/property/scoped-roles-processing-efficiency.test.ts[2m > [22m[2mProperty 10: Scoped Roles Processing Efficiency[2m > [22m[2mProperty 10.2: Project roles queries should use optimized indexes and complete in <50ms
[22m[39mGoTrueClient@sb-bgxknceshxxifwytalex-auth-token:0 (2.93.3) 2026-02-02T15:19:43.113Z #_acquireLock begin [33m10000[39m
GoTrueClient@sb-bgxknceshxxifwytalex-auth-token:0 (2.93.3) 2026-02-02T15:19:43.113Z #_acquireLock lock acquired for storage key sb-bgxknceshxxifwytalex-auth-token
GoTrueClient@sb-bgxknceshxxifwytalex-auth-token:0 (2.93.3) 2026-02-02T15:19:43.113Z #_useSession begin
GoTrueClient@sb-bgxknceshxxifwytalex-auth-token:0 (2.93.3) 2026-02-02T15:19:43.113Z #__loadSession() begin

[90mstdout[2m | tests/property/scoped-roles-processing-efficiency.test.ts[2m > [22m[2mProperty 10: Scoped Roles Processing Efficiency[2m > [22m[2mProperty 10.2: Project roles queries should use optimized indexes and complete in <50ms
[22m[39mGoTrueClient@sb-bgxknceshxxifwytalex-auth-token:0 (2.93.3) 2026-02-02T15:19:43.113Z #getSession() session from storage [1mnull[22m
GoTrueClient@sb-bgxknceshxxifwytalex-auth-token:0 (2.93.3) 2026-02-02T15:19:43.113Z #__loadSession() end

[90mstdout[2m | tests/property/scoped-roles-processing-efficiency.test.ts[2m > [22m[2mProperty 10: Scoped Roles Processing Efficiency[2m > [22m[2mProperty 10.2: Project roles queries should use optimized indexes and complete in <50ms
[22m[39mGoTrueClient@sb-bgxknceshxxifwytalex-auth-token:0 (2.93.3) 2026-02-02T15:19:43.113Z #_useSession end

[90mstdout[2m | tests/property/scoped-roles-processing-efficiency.test.ts[2m > [22m[2mProperty 10: Scoped Roles Processing Efficiency[2m > [22m[2mProperty 10.2: Project roles queries should use optimized indexes and complete in <50ms
[22m[39mGoTrueClient@sb-bgxknceshxxifwytalex-auth-token:0 (2.93.3) 2026-02-02T15:19:43.113Z #_acquireLock lock released for storage key sb-bgxknceshxxifwytalex-auth-token

[90mstdout[2m | tests/property/scoped-roles-processing-efficiency.test.ts[2m > [22m[2mProperty 10: Scoped Roles Processing Efficiency[2m > [22m[2mProperty 10.2: Project roles queries should use optimized indexes and complete in <50ms
[22m[39mGoTrueClient@sb-bgxknceshxxifwytalex-auth-token:0 (2.93.3) 2026-02-02T15:19:43.113Z #_acquireLock end

stderr | tests/property/scoped-roles-processing-efficiency.test.ts > Property 10: Scoped Roles Processing Efficiency > Property 10.2: Project roles queries should use optimized indexes and complete in <50ms
Error fetching project roles: {
  code: 'PGRST200',
  details: "Searched for a foreign key relationship between 'project_roles' and 'user_profiles' in the schema 'public', but no matches were found.",
  hint: null,
  message: "Could not find a relationship between 'project_roles' and 'user_profiles' in the schema cache"
}

[90mstdout[2m | tests/property/scoped-roles-processing-efficiency.test.ts[2m > [22m[2mProperty 10: Scoped Roles Processing Efficiency[2m > [22m[2mProperty 10.2: Project roles queries should use optimized indexes and complete in <50ms
[22m[39mGoTrueClient@sb-bgxknceshxxifwytalex-auth-token:0 (2.93.3) 2026-02-02T15:19:43.220Z #_acquireLock begin [33m10000[39m
GoTrueClient@sb-bgxknceshxxifwytalex-auth-token:0 (2.93.3) 2026-02-02T15:19:43.220Z #_acquireLock lock acquired for storage key sb-bgxknceshxxifwytalex-auth-token
GoTrueClient@sb-bgxknceshxxifwytalex-auth-token:0 (2.93.3) 2026-02-02T15:19:43.220Z #_useSession begin
GoTrueClient@sb-bgxknceshxxifwytalex-auth-token:0 (2.93.3) 2026-02-02T15:19:43.220Z #__loadSession() begin

[90mstdout[2m | tests/property/scoped-roles-processing-efficiency.test.ts[2m > [22m[2mProperty 10: Scoped Roles Processing Efficiency[2m > [22m[2mProperty 10.2: Project roles queries should use optimized indexes and complete in <50ms
[22m[39mGoTrueClient@sb-bgxknceshxxifwytalex-auth-token:0 (2.93.3) 2026-02-02T15:19:43.220Z #getSession() session from storage [1mnull[22m
GoTrueClient@sb-bgxknceshxxifwytalex-auth-token:0 (2.93.3) 2026-02-02T15:19:43.220Z #__loadSession() end

[90mstdout[2m | tests/property/scoped-roles-processing-efficiency.test.ts[2m > [22m[2mProperty 10: Scoped Roles Processing Efficiency[2m > [22m[2mProperty 10.2: Project roles queries should use optimized indexes and complete in <50ms
[22m[39mGoTrueClient@sb-bgxknceshxxifwytalex-auth-token:0 (2.93.3) 2026-02-02T15:19:43.221Z #_useSession end

[90mstdout[2m | tests/property/scoped-roles-processing-efficiency.test.ts[2m > [22m[2mProperty 10: Scoped Roles Processing Efficiency[2m > [22m[2mProperty 10.2: Project roles queries should use optimized indexes and complete in <50ms
[22m[39mGoTrueClient@sb-bgxknceshxxifwytalex-auth-token:0 (2.93.3) 2026-02-02T15:19:43.221Z #_acquireLock lock released for storage key sb-bgxknceshxxifwytalex-auth-token

[90mstdout[2m | tests/property/scoped-roles-processing-efficiency.test.ts[2m > [22m[2mProperty 10: Scoped Roles Processing Efficiency[2m > [22m[2mProperty 10.2: Project roles queries should use optimized indexes and complete in <50ms
[22m[39mGoTrueClient@sb-bgxknceshxxifwytalex-auth-token:0 (2.93.3) 2026-02-02T15:19:43.221Z #_acquireLock end

stderr | tests/property/scoped-roles-processing-efficiency.test.ts > Property 10: Scoped Roles Processing Efficiency > Property 10.2: Project roles queries should use optimized indexes and complete in <50ms
Error fetching org roles: {
  code: 'PGRST200',
  details: "Searched for a foreign key relationship between 'org_roles' and 'user_profiles' in the schema 'public', but no matches were found.",
  hint: null,
  message: "Could not find a relationship between 'org_roles' and 'user_profiles' in the schema cache"
}

[90mstdout[2m | tests/property/scoped-roles-processing-efficiency.test.ts[2m > [22m[2mProperty 10: Scoped Roles Processing Efficiency[2m > [22m[2mProperty 10.2: Project roles queries should use optimized indexes and complete in <50ms
[22m[39mGoTrueClient@sb-bgxknceshxxifwytalex-auth-token:0 (2.93.3) 2026-02-02T15:19:43.324Z #_acquireLock begin [33m10000[39m
GoTrueClient@sb-bgxknceshxxifwytalex-auth-token:0 (2.93.3) 2026-02-02T15:19:43.324Z #_acquireLock lock acquired for storage key sb-bgxknceshxxifwytalex-auth-token
GoTrueClient@sb-bgxknceshxxifwytalex-auth-token:0 (2.93.3) 2026-02-02T15:19:43.325Z #_useSession begin
GoTrueClient@sb-bgxknceshxxifwytalex-auth-token:0 (2.93.3) 2026-02-02T15:19:43.325Z #__loadSession() begin

[90mstdout[2m | tests/property/scoped-roles-processing-efficiency.test.ts[2m > [22m[2mProperty 10: Scoped Roles Processing Efficiency[2m > [22m[2mProperty 10.2: Project roles queries should use optimized indexes and complete in <50ms
[22m[39mGoTrueClient@sb-bgxknceshxxifwytalex-auth-token:0 (2.93.3) 2026-02-02T15:19:43.325Z #getSession() session from storage [1mnull[22m
GoTrueClient@sb-bgxknceshxxifwytalex-auth-token:0 (2.93.3) 2026-02-02T15:19:43.325Z #__loadSession() end

[90mstdout[2m | tests/property/scoped-roles-processing-efficiency.test.ts[2m > [22m[2mProperty 10: Scoped Roles Processing Efficiency[2m > [22m[2mProperty 10.2: Project roles queries should use optimized indexes and complete in <50ms
[22m[39mGoTrueClient@sb-bgxknceshxxifwytalex-auth-token:0 (2.93.3) 2026-02-02T15:19:43.325Z #_useSession end

[90mstdout[2m | tests/property/scoped-roles-processing-efficiency.test.ts[2m > [22m[2mProperty 10: Scoped Roles Processing Efficiency[2m > [22m[2mProperty 10.2: Project roles queries should use optimized indexes and complete in <50ms
[22m[39mGoTrueClient@sb-bgxknceshxxifwytalex-auth-token:0 (2.93.3) 2026-02-02T15:19:43.325Z #_acquireLock lock released for storage key sb-bgxknceshxxifwytalex-auth-token

[90mstdout[2m | tests/property/scoped-roles-processing-efficiency.test.ts[2m > [22m[2mProperty 10: Scoped Roles Processing Efficiency[2m > [22m[2mProperty 10.2: Project roles queries should use optimized indexes and complete in <50ms
[22m[39mGoTrueClient@sb-bgxknceshxxifwytalex-auth-token:0 (2.93.3) 2026-02-02T15:19:43.325Z #_acquireLock end

stderr | tests/property/scoped-roles-processing-efficiency.test.ts > Property 10: Scoped Roles Processing Efficiency > Property 10.2: Project roles queries should use optimized indexes and complete in <50ms
Error fetching project roles: {
  code: 'PGRST200',
  details: "Searched for a foreign key relationship between 'project_roles' and 'user_profiles' in the schema 'public', but no matches were found.",
  hint: null,
  message: "Could not find a relationship between 'project_roles' and 'user_profiles' in the schema cache"
}

[90mstdout[2m | tests/property/scoped-roles-processing-efficiency.test.ts[2m > [22m[2mProperty 10: Scoped Roles Processing Efficiency[2m > [22m[2mProperty 10.2: Project roles queries should use optimized indexes and complete in <50ms
[22m[39mGoTrueClient@sb-bgxknceshxxifwytalex-auth-token:0 (2.93.3) 2026-02-02T15:19:43.447Z #_acquireLock begin [33m10000[39m
GoTrueClient@sb-bgxknceshxxifwytalex-auth-token:0 (2.93.3) 2026-02-02T15:19:43.447Z #_acquireLock lock acquired for storage key sb-bgxknceshxxifwytalex-auth-token
GoTrueClient@sb-bgxknceshxxifwytalex-auth-token:0 (2.93.3) 2026-02-02T15:19:43.447Z #_useSession begin
GoTrueClient@sb-bgxknceshxxifwytalex-auth-token:0 (2.93.3) 2026-02-02T15:19:43.447Z #__loadSession() begin

[90mstdout[2m | tests/property/scoped-roles-processing-efficiency.test.ts[2m > [22m[2mProperty 10: Scoped Roles Processing Efficiency[2m > [22m[2mProperty 10.2: Project roles queries should use optimized indexes and complete in <50ms
[22m[39mGoTrueClient@sb-bgxknceshxxifwytalex-auth-token:0 (2.93.3) 2026-02-02T15:19:43.447Z #getSession() session from storage [1mnull[22m
GoTrueClient@sb-bgxknceshxxifwytalex-auth-token:0 (2.93.3) 2026-02-02T15:19:43.447Z #__loadSession() end

[90mstdout[2m | tests/property/scoped-roles-processing-efficiency.test.ts[2m > [22m[2mProperty 10: Scoped Roles Processing Efficiency[2m > [22m[2mProperty 10.2: Project roles queries should use optimized indexes and complete in <50ms
[22m[39mGoTrueClient@sb-bgxknceshxxifwytalex-auth-token:0 (2.93.3) 2026-02-02T15:19:43.447Z #_useSession end

[90mstdout[2m | tests/property/scoped-roles-processing-efficiency.test.ts[2m > [22m[2mProperty 10: Scoped Roles Processing Efficiency[2m > [22m[2mProperty 10.2: Project roles queries should use optimized indexes and complete in <50ms
[22m[39mGoTrueClient@sb-bgxknceshxxifwytalex-auth-token:0 (2.93.3) 2026-02-02T15:19:43.447Z #_acquireLock lock released for storage key sb-bgxknceshxxifwytalex-auth-token

[90mstdout[2m | tests/property/scoped-roles-processing-efficiency.test.ts[2m > [22m[2mProperty 10: Scoped Roles Processing Efficiency[2m > [22m[2mProperty 10.2: Project roles queries should use optimized indexes and complete in <50ms
[22m[39mGoTrueClient@sb-bgxknceshxxifwytalex-auth-token:0 (2.93.3) 2026-02-02T15:19:43.448Z #_acquireLock end

stderr | tests/property/scoped-roles-processing-efficiency.test.ts > Property 10: Scoped Roles Processing Efficiency > Property 10.2: Project roles queries should use optimized indexes and complete in <50ms
Error fetching org roles: {
  code: 'PGRST200',
  details: "Searched for a foreign key relationship between 'org_roles' and 'user_profiles' in the schema 'public', but no matches were found.",
  hint: null,
  message: "Could not find a relationship between 'org_roles' and 'user_profiles' in the schema cache"
}

[90mstdout[2m | tests/property/scoped-roles-processing-efficiency.test.ts[2m > [22m[2mProperty 10: Scoped Roles Processing Efficiency[2m > [22m[2mProperty 10.2: Project roles queries should use optimized indexes and complete in <50ms
[22m[39mGoTrueClient@sb-bgxknceshxxifwytalex-auth-token:0 (2.93.3) 2026-02-02T15:19:43.536Z #_acquireLock begin [33m10000[39m
GoTrueClient@sb-bgxknceshxxifwytalex-auth-token:0 (2.93.3) 2026-02-02T15:19:43.536Z #_acquireLock lock acquired for storage key sb-bgxknceshxxifwytalex-auth-token
GoTrueClient@sb-bgxknceshxxifwytalex-auth-token:0 (2.93.3) 2026-02-02T15:19:43.536Z #_useSession begin
GoTrueClient@sb-bgxknceshxxifwytalex-auth-token:0 (2.93.3) 2026-02-02T15:19:43.536Z #__loadSession() begin

[90mstdout[2m | tests/property/scoped-roles-processing-efficiency.test.ts[2m > [22m[2mProperty 10: Scoped Roles Processing Efficiency[2m > [22m[2mProperty 10.2: Project roles queries should use optimized indexes and complete in <50ms
[22m[39mGoTrueClient@sb-bgxknceshxxifwytalex-auth-token:0 (2.93.3) 2026-02-02T15:19:43.536Z #getSession() session from storage [1mnull[22m
GoTrueClient@sb-bgxknceshxxifwytalex-auth-token:0 (2.93.3) 2026-02-02T15:19:43.536Z #__loadSession() end

[90mstdout[2m | tests/property/scoped-roles-processing-efficiency.test.ts[2m > [22m[2mProperty 10: Scoped Roles Processing Efficiency[2m > [22m[2mProperty 10.2: Project roles queries should use optimized indexes and complete in <50ms
[22m[39mGoTrueClient@sb-bgxknceshxxifwytalex-auth-token:0 (2.93.3) 2026-02-02T15:19:43.536Z #_useSession end

[90mstdout[2m | tests/property/scoped-roles-processing-efficiency.test.ts[2m > [22m[2mProperty 10: Scoped Roles Processing Efficiency[2m > [22m[2mProperty 10.2: Project roles queries should use optimized indexes and complete in <50ms
[22m[39mGoTrueClient@sb-bgxknceshxxifwytalex-auth-token:0 (2.93.3) 2026-02-02T15:19:43.536Z #_acquireLock lock released for storage key sb-bgxknceshxxifwytalex-auth-token

[90mstdout[2m | tests/property/scoped-roles-processing-efficiency.test.ts[2m > [22m[2mProperty 10: Scoped Roles Processing Efficiency[2m > [22m[2mProperty 10.2: Project roles queries should use optimized indexes and complete in <50ms
[22m[39mGoTrueClient@sb-bgxknceshxxifwytalex-auth-token:0 (2.93.3) 2026-02-02T15:19:43.536Z #_acquireLock end

stderr | tests/property/scoped-roles-processing-efficiency.test.ts > Property 10: Scoped Roles Processing Efficiency > Property 10.2: Project roles queries should use optimized indexes and complete in <50ms
Error fetching project roles: {
  code: 'PGRST200',
  details: "Searched for a foreign key relationship between 'project_roles' and 'user_profiles' in the schema 'public', but no matches were found.",
  hint: null,
  message: "Could not find a relationship between 'project_roles' and 'user_profiles' in the schema cache"
}

[90mstdout[2m | tests/property/scoped-roles-processing-efficiency.test.ts[2m > [22m[2mProperty 10: Scoped Roles Processing Efficiency[2m > [22m[2mProperty 10.2: Project roles queries should use optimized indexes and complete in <50ms
[22m[39mGoTrueClient@sb-bgxknceshxxifwytalex-auth-token:0 (2.93.3) 2026-02-02T15:19:43.665Z #_acquireLock begin [33m10000[39m
GoTrueClient@sb-bgxknceshxxifwytalex-auth-token:0 (2.93.3) 2026-02-02T15:19:43.665Z #_acquireLock lock acquired for storage key sb-bgxknceshxxifwytalex-auth-token
GoTrueClient@sb-bgxknceshxxifwytalex-auth-token:0 (2.93.3) 2026-02-02T15:19:43.665Z #_useSession begin
GoTrueClient@sb-bgxknceshxxifwytalex-auth-token:0 (2.93.3) 2026-02-02T15:19:43.665Z #__loadSession() begin

[90mstdout[2m | tests/property/scoped-roles-processing-efficiency.test.ts[2m > [22m[2mProperty 10: Scoped Roles Processing Efficiency[2m > [22m[2mProperty 10.2: Project roles queries should use optimized indexes and complete in <50ms
[22m[39mGoTrueClient@sb-bgxknceshxxifwytalex-auth-token:0 (2.93.3) 2026-02-02T15:19:43.665Z #getSession() session from storage [1mnull[22m
GoTrueClient@sb-bgxknceshxxifwytalex-auth-token:0 (2.93.3) 2026-02-02T15:19:43.665Z #__loadSession() end

[90mstdout[2m | tests/property/scoped-roles-processing-efficiency.test.ts[2m > [22m[2mProperty 10: Scoped Roles Processing Efficiency[2m > [22m[2mProperty 10.2: Project roles queries should use optimized indexes and complete in <50ms
[22m[39mGoTrueClient@sb-bgxknceshxxifwytalex-auth-token:0 (2.93.3) 2026-02-02T15:19:43.665Z #_useSession end

[90mstdout[2m | tests/property/scoped-roles-processing-efficiency.test.ts[2m > [22m[2mProperty 10: Scoped Roles Processing Efficiency[2m > [22m[2mProperty 10.2: Project roles queries should use optimized indexes and complete in <50ms
[22m[39mGoTrueClient@sb-bgxknceshxxifwytalex-auth-token:0 (2.93.3) 2026-02-02T15:19:43.665Z #_acquireLock lock released for storage key sb-bgxknceshxxifwytalex-auth-token

[90mstdout[2m | tests/property/scoped-roles-processing-efficiency.test.ts[2m > [22m[2mProperty 10: Scoped Roles Processing Efficiency[2m > [22m[2mProperty 10.2: Project roles queries should use optimized indexes and complete in <50ms
[22m[39mGoTrueClient@sb-bgxknceshxxifwytalex-auth-token:0 (2.93.3) 2026-02-02T15:19:43.665Z #_acquireLock end

stderr | tests/property/scoped-roles-processing-efficiency.test.ts > Property 10: Scoped Roles Processing Efficiency > Property 10.2: Project roles queries should use optimized indexes and complete in <50ms
Error fetching org roles: {
  code: 'PGRST200',
  details: "Searched for a foreign key relationship between 'org_roles' and 'user_profiles' in the schema 'public', but no matches were found.",
  hint: null,
  message: "Could not find a relationship between 'org_roles' and 'user_profiles' in the schema cache"
}

[90mstdout[2m | tests/property/scoped-roles-processing-efficiency.test.ts[2m > [22m[2mProperty 10: Scoped Roles Processing Efficiency[2m > [22m[2mProperty 10.2: Project roles queries should use optimized indexes and complete in <50ms
[22m[39mGoTrueClient@sb-bgxknceshxxifwytalex-auth-token:0 (2.93.3) 2026-02-02T15:19:43.734Z #_acquireLock begin [33m10000[39m
GoTrueClient@sb-bgxknceshxxifwytalex-auth-token:0 (2.93.3) 2026-02-02T15:19:43.734Z #_acquireLock lock acquired for storage key sb-bgxknceshxxifwytalex-auth-token
GoTrueClient@sb-bgxknceshxxifwytalex-auth-token:0 (2.93.3) 2026-02-02T15:19:43.734Z #_useSession begin
GoTrueClient@sb-bgxknceshxxifwytalex-auth-token:0 (2.93.3) 2026-02-02T15:19:43.734Z #__loadSession() begin

[90mstdout[2m | tests/property/scoped-roles-processing-efficiency.test.ts[2m > [22m[2mProperty 10: Scoped Roles Processing Efficiency[2m > [22m[2mProperty 10.2: Project roles queries should use optimized indexes and complete in <50ms
[22m[39mGoTrueClient@sb-bgxknceshxxifwytalex-auth-token:0 (2.93.3) 2026-02-02T15:19:43.735Z #getSession() session from storage [1mnull[22m
GoTrueClient@sb-bgxknceshxxifwytalex-auth-token:0 (2.93.3) 2026-02-02T15:19:43.735Z #__loadSession() end

[90mstdout[2m | tests/property/scoped-roles-processing-efficiency.test.ts[2m > [22m[2mProperty 10: Scoped Roles Processing Efficiency[2m > [22m[2mProperty 10.2: Project roles queries should use optimized indexes and complete in <50ms
[22m[39mGoTrueClient@sb-bgxknceshxxifwytalex-auth-token:0 (2.93.3) 2026-02-02T15:19:43.735Z #_useSession end

[90mstdout[2m | tests/property/scoped-roles-processing-efficiency.test.ts[2m > [22m[2mProperty 10: Scoped Roles Processing Efficiency[2m > [22m[2mProperty 10.2: Project roles queries should use optimized indexes and complete in <50ms
[22m[39mGoTrueClient@sb-bgxknceshxxifwytalex-auth-token:0 (2.93.3) 2026-02-02T15:19:43.735Z #_acquireLock lock released for storage key sb-bgxknceshxxifwytalex-auth-token

[90mstdout[2m | tests/property/scoped-roles-processing-efficiency.test.ts[2m > [22m[2mProperty 10: Scoped Roles Processing Efficiency[2m > [22m[2mProperty 10.2: Project roles queries should use optimized indexes and complete in <50ms
[22m[39mGoTrueClient@sb-bgxknceshxxifwytalex-auth-token:0 (2.93.3) 2026-02-02T15:19:43.735Z #_acquireLock end

stderr | tests/property/scoped-roles-processing-efficiency.test.ts > Property 10: Scoped Roles Processing Efficiency > Property 10.2: Project roles queries should use optimized indexes and complete in <50ms
Error fetching project roles: {
  code: 'PGRST200',
  details: "Searched for a foreign key relationship between 'project_roles' and 'user_profiles' in the schema 'public', but no matches were found.",
  hint: null,
  message: "Could not find a relationship between 'project_roles' and 'user_profiles' in the schema cache"
}

[90mstdout[2m | tests/property/scoped-roles-processing-efficiency.test.ts[2m > [22m[2mProperty 10: Scoped Roles Processing Efficiency[2m > [22m[2mProperty 10.2: Project roles queries should use optimized indexes and complete in <50ms
[22m[39mGoTrueClient@sb-bgxknceshxxifwytalex-auth-token:0 (2.93.3) 2026-02-02T15:19:43.878Z #_acquireLock begin [33m10000[39m
GoTrueClient@sb-bgxknceshxxifwytalex-auth-token:0 (2.93.3) 2026-02-02T15:19:43.878Z #_acquireLock lock acquired for storage key sb-bgxknceshxxifwytalex-auth-token
GoTrueClient@sb-bgxknceshxxifwytalex-auth-token:0 (2.93.3) 2026-02-02T15:19:43.878Z #_useSession begin
GoTrueClient@sb-bgxknceshxxifwytalex-auth-token:0 (2.93.3) 2026-02-02T15:19:43.878Z #__loadSession() begin

[90mstdout[2m | tests/property/scoped-roles-processing-efficiency.test.ts[2m > [22m[2mProperty 10: Scoped Roles Processing Efficiency[2m > [22m[2mProperty 10.2: Project roles queries should use optimized indexes and complete in <50ms
[22m[39mGoTrueClient@sb-bgxknceshxxifwytalex-auth-token:0 (2.93.3) 2026-02-02T15:19:43.878Z #getSession() session from storage [1mnull[22m
GoTrueClient@sb-bgxknceshxxifwytalex-auth-token:0 (2.93.3) 2026-02-02T15:19:43.878Z #__loadSession() end

[90mstdout[2m | tests/property/scoped-roles-processing-efficiency.test.ts[2m > [22m[2mProperty 10: Scoped Roles Processing Efficiency[2m > [22m[2mProperty 10.2: Project roles queries should use optimized indexes and complete in <50ms
[22m[39mGoTrueClient@sb-bgxknceshxxifwytalex-auth-token:0 (2.93.3) 2026-02-02T15:19:43.878Z #_useSession end

[90mstdout[2m | tests/property/scoped-roles-processing-efficiency.test.ts[2m > [22m[2mProperty 10: Scoped Roles Processing Efficiency[2m > [22m[2mProperty 10.2: Project roles queries should use optimized indexes and complete in <50ms
[22m[39mGoTrueClient@sb-bgxknceshxxifwytalex-auth-token:0 (2.93.3) 2026-02-02T15:19:43.879Z #_acquireLock lock released for storage key sb-bgxknceshxxifwytalex-auth-token

[90mstdout[2m | tests/property/scoped-roles-processing-efficiency.test.ts[2m > [22m[2mProperty 10: Scoped Roles Processing Efficiency[2m > [22m[2mProperty 10.2: Project roles queries should use optimized indexes and complete in <50ms
[22m[39mGoTrueClient@sb-bgxknceshxxifwytalex-auth-token:0 (2.93.3) 2026-02-02T15:19:43.879Z #_acquireLock end

stderr | tests/property/scoped-roles-processing-efficiency.test.ts > Property 10: Scoped Roles Processing Efficiency > Property 10.2: Project roles queries should use optimized indexes and complete in <50ms
Error fetching org roles: {
  code: 'PGRST200',
  details: "Searched for a foreign key relationship between 'org_roles' and 'user_profiles' in the schema 'public', but no matches were found.",
  hint: null,
  message: "Could not find a relationship between 'org_roles' and 'user_profiles' in the schema cache"
}

[90mstdout[2m | tests/property/scoped-roles-processing-efficiency.test.ts[2m > [22m[2mProperty 10: Scoped Roles Processing Efficiency[2m > [22m[2mProperty 10.2: Project roles queries should use optimized indexes and complete in <50ms
[22m[39mGoTrueClient@sb-bgxknceshxxifwytalex-auth-token:0 (2.93.3) 2026-02-02T15:19:43.947Z #_acquireLock begin [33m10000[39m
GoTrueClient@sb-bgxknceshxxifwytalex-auth-token:0 (2.93.3) 2026-02-02T15:19:43.947Z #_acquireLock lock acquired for storage key sb-bgxknceshxxifwytalex-auth-token
GoTrueClient@sb-bgxknceshxxifwytalex-auth-token:0 (2.93.3) 2026-02-02T15:19:43.947Z #_useSession begin
GoTrueClient@sb-bgxknceshxxifwytalex-auth-token:0 (2.93.3) 2026-02-02T15:19:43.947Z #__loadSession() begin

[90mstdout[2m | tests/property/scoped-roles-processing-efficiency.test.ts[2m > [22m[2mProperty 10: Scoped Roles Processing Efficiency[2m > [22m[2mProperty 10.2: Project roles queries should use optimized indexes and complete in <50ms
[22m[39mGoTrueClient@sb-bgxknceshxxifwytalex-auth-token:0 (2.93.3) 2026-02-02T15:19:43.947Z #getSession() session from storage [1mnull[22m
GoTrueClient@sb-bgxknceshxxifwytalex-auth-token:0 (2.93.3) 2026-02-02T15:19:43.947Z #__loadSession() end

[90mstdout[2m | tests/property/scoped-roles-processing-efficiency.test.ts[2m > [22m[2mProperty 10: Scoped Roles Processing Efficiency[2m > [22m[2mProperty 10.2: Project roles queries should use optimized indexes and complete in <50ms
[22m[39mGoTrueClient@sb-bgxknceshxxifwytalex-auth-token:0 (2.93.3) 2026-02-02T15:19:43.947Z #_useSession end

[90mstdout[2m | tests/property/scoped-roles-processing-efficiency.test.ts[2m > [22m[2mProperty 10: Scoped Roles Processing Efficiency[2m > [22m[2mProperty 10.2: Project roles queries should use optimized indexes and complete in <50ms
[22m[39mGoTrueClient@sb-bgxknceshxxifwytalex-auth-token:0 (2.93.3) 2026-02-02T15:19:43.948Z #_acquireLock lock released for storage key sb-bgxknceshxxifwytalex-auth-token

[90mstdout[2m | tests/property/scoped-roles-processing-efficiency.test.ts[2m > [22m[2mProperty 10: Scoped Roles Processing Efficiency[2m > [22m[2mProperty 10.2: Project roles queries should use optimized indexes and complete in <50ms
[22m[39mGoTrueClient@sb-bgxknceshxxifwytalex-auth-token:0 (2.93.3) 2026-02-02T15:19:43.948Z #_acquireLock end

stderr | tests/property/scoped-roles-processing-efficiency.test.ts > Property 10: Scoped Roles Processing Efficiency > Property 10.2: Project roles queries should use optimized indexes and complete in <50ms
Error fetching project roles: {
  code: 'PGRST200',
  details: "Searched for a foreign key relationship between 'project_roles' and 'user_profiles' in the schema 'public', but no matches were found.",
  hint: null,
  message: "Could not find a relationship between 'project_roles' and 'user_profiles' in the schema cache"
}

[90mstdout[2m | tests/property/scoped-roles-processing-efficiency.test.ts[2m > [22m[2mProperty 10: Scoped Roles Processing Efficiency[2m > [22m[2mProperty 10.2: Project roles queries should use optimized indexes and complete in <50ms
[22m[39mGoTrueClient@sb-bgxknceshxxifwytalex-auth-token:0 (2.93.3) 2026-02-02T15:19:44.112Z #_acquireLock begin [33m10000[39m
GoTrueClient@sb-bgxknceshxxifwytalex-auth-token:0 (2.93.3) 2026-02-02T15:19:44.112Z #_acquireLock lock acquired for storage key sb-bgxknceshxxifwytalex-auth-token
GoTrueClient@sb-bgxknceshxxifwytalex-auth-token:0 (2.93.3) 2026-02-02T15:19:44.112Z #_useSession begin
GoTrueClient@sb-bgxknceshxxifwytalex-auth-token:0 (2.93.3) 2026-02-02T15:19:44.112Z #__loadSession() begin

[90mstdout[2m | tests/property/scoped-roles-processing-efficiency.test.ts[2m > [22m[2mProperty 10: Scoped Roles Processing Efficiency[2m > [22m[2mProperty 10.2: Project roles queries should use optimized indexes and complete in <50ms
[22m[39mGoTrueClient@sb-bgxknceshxxifwytalex-auth-token:0 (2.93.3) 2026-02-02T15:19:44.113Z #getSession() session from storage [1mnull[22m
GoTrueClient@sb-bgxknceshxxifwytalex-auth-token:0 (2.93.3) 2026-02-02T15:19:44.113Z #__loadSession() end

[90mstdout[2m | tests/property/scoped-roles-processing-efficiency.test.ts[2m > [22m[2mProperty 10: Scoped Roles Processing Efficiency[2m > [22m[2mProperty 10.2: Project roles queries should use optimized indexes and complete in <50ms
[22m[39mGoTrueClient@sb-bgxknceshxxifwytalex-auth-token:0 (2.93.3) 2026-02-02T15:19:44.113Z #_useSession end

[90mstdout[2m | tests/property/scoped-roles-processing-efficiency.test.ts[2m > [22m[2mProperty 10: Scoped Roles Processing Efficiency[2m > [22m[2mProperty 10.2: Project roles queries should use optimized indexes and complete in <50ms
[22m[39mGoTrueClient@sb-bgxknceshxxifwytalex-auth-token:0 (2.93.3) 2026-02-02T15:19:44.113Z #_acquireLock lock released for storage key sb-bgxknceshxxifwytalex-auth-token

[90mstdout[2m | tests/property/scoped-roles-processing-efficiency.test.ts[2m > [22m[2mProperty 10: Scoped Roles Processing Efficiency[2m > [22m[2mProperty 10.2: Project roles queries should use optimized indexes and complete in <50ms
[22m[39mGoTrueClient@sb-bgxknceshxxifwytalex-auth-token:0 (2.93.3) 2026-02-02T15:19:44.113Z #_acquireLock end

stderr | tests/property/scoped-roles-processing-efficiency.test.ts > Property 10: Scoped Roles Processing Efficiency > Property 10.2: Project roles queries should use optimized indexes and complete in <50ms
Error fetching org roles: {
  code: 'PGRST200',
  details: "Searched for a foreign key relationship between 'org_roles' and 'user_profiles' in the schema 'public', but no matches were found.",
  hint: null,
  message: "Could not find a relationship between 'org_roles' and 'user_profiles' in the schema cache"
}

[90mstdout[2m | tests/property/scoped-roles-processing-efficiency.test.ts[2m > [22m[2mProperty 10: Scoped Roles Processing Efficiency[2m > [22m[2mProperty 10.2: Project roles queries should use optimized indexes and complete in <50ms
[22m[39mGoTrueClient@sb-bgxknceshxxifwytalex-auth-token:0 (2.93.3) 2026-02-02T15:19:44.141Z #_acquireLock begin [33m10000[39m
GoTrueClient@sb-bgxknceshxxifwytalex-auth-token:0 (2.93.3) 2026-02-02T15:19:44.141Z #_acquireLock lock acquired for storage key sb-bgxknceshxxifwytalex-auth-token
GoTrueClient@sb-bgxknceshxxifwytalex-auth-token:0 (2.93.3) 2026-02-02T15:19:44.141Z #_useSession begin
GoTrueClient@sb-bgxknceshxxifwytalex-auth-token:0 (2.93.3) 2026-02-02T15:19:44.141Z #__loadSession() begin

[90mstdout[2m | tests/property/scoped-roles-processing-efficiency.test.ts[2m > [22m[2mProperty 10: Scoped Roles Processing Efficiency[2m > [22m[2mProperty 10.2: Project roles queries should use optimized indexes and complete in <50ms
[22m[39mGoTrueClient@sb-bgxknceshxxifwytalex-auth-token:0 (2.93.3) 2026-02-02T15:19:44.142Z #getSession() session from storage [1mnull[22m
GoTrueClient@sb-bgxknceshxxifwytalex-auth-token:0 (2.93.3) 2026-02-02T15:19:44.142Z #__loadSession() end

[90mstdout[2m | tests/property/scoped-roles-processing-efficiency.test.ts[2m > [22m[2mProperty 10: Scoped Roles Processing Efficiency[2m > [22m[2mProperty 10.2: Project roles queries should use optimized indexes and complete in <50ms
[22m[39mGoTrueClient@sb-bgxknceshxxifwytalex-auth-token:0 (2.93.3) 2026-02-02T15:19:44.142Z #_useSession end

[90mstdout[2m | tests/property/scoped-roles-processing-efficiency.test.ts[2m > [22m[2mProperty 10: Scoped Roles Processing Efficiency[2m > [22m[2mProperty 10.2: Project roles queries should use optimized indexes and complete in <50ms
[22m[39mGoTrueClient@sb-bgxknceshxxifwytalex-auth-token:0 (2.93.3) 2026-02-02T15:19:44.142Z #_acquireLock lock released for storage key sb-bgxknceshxxifwytalex-auth-token

[90mstdout[2m | tests/property/scoped-roles-processing-efficiency.test.ts[2m > [22m[2mProperty 10: Scoped Roles Processing Efficiency[2m > [22m[2mProperty 10.2: Project roles queries should use optimized indexes and complete in <50ms
[22m[39mGoTrueClient@sb-bgxknceshxxifwytalex-auth-token:0 (2.93.3) 2026-02-02T15:19:44.142Z #_acquireLock end

stderr | tests/property/scoped-roles-processing-efficiency.test.ts > Property 10: Scoped Roles Processing Efficiency > Property 10.2: Project roles queries should use optimized indexes and complete in <50ms
Error fetching org roles: {
  code: 'PGRST200',
  details: "Searched for a foreign key relationship between 'org_roles' and 'user_profiles' in the schema 'public', but no matches were found.",
  hint: null,
  message: "Could not find a relationship between 'org_roles' and 'user_profiles' in the schema cache"
}

[90mstdout[2m | tests/property/scoped-roles-processing-efficiency.test.ts[2m > [22m[2mProperty 10: Scoped Roles Processing Efficiency[2m > [22m[2mProperty 10.2: Project roles queries should use optimized indexes and complete in <50ms
[22m[39mGoTrueClient@sb-bgxknceshxxifwytalex-auth-token:0 (2.93.3) 2026-02-02T15:19:44.368Z #_acquireLock begin [33m10000[39m
GoTrueClient@sb-bgxknceshxxifwytalex-auth-token:0 (2.93.3) 2026-02-02T15:19:44.368Z #_acquireLock lock acquired for storage key sb-bgxknceshxxifwytalex-auth-token
GoTrueClient@sb-bgxknceshxxifwytalex-auth-token:0 (2.93.3) 2026-02-02T15:19:44.368Z #_useSession begin
GoTrueClient@sb-bgxknceshxxifwytalex-auth-token:0 (2.93.3) 2026-02-02T15:19:44.368Z #__loadSession() begin

[90mstdout[2m | tests/property/scoped-roles-processing-efficiency.test.ts[2m > [22m[2mProperty 10: Scoped Roles Processing Efficiency[2m > [22m[2mProperty 10.2: Project roles queries should use optimized indexes and complete in <50ms
[22m[39mGoTrueClient@sb-bgxknceshxxifwytalex-auth-token:0 (2.93.3) 2026-02-02T15:19:44.369Z #getSession() session from storage [1mnull[22m
GoTrueClient@sb-bgxknceshxxifwytalex-auth-token:0 (2.93.3) 2026-02-02T15:19:44.369Z #__loadSession() end

[90mstdout[2m | tests/property/scoped-roles-processing-efficiency.test.ts[2m > [22m[2mProperty 10: Scoped Roles Processing Efficiency[2m > [22m[2mProperty 10.2: Project roles queries should use optimized indexes and complete in <50ms
[22m[39mGoTrueClient@sb-bgxknceshxxifwytalex-auth-token:0 (2.93.3) 2026-02-02T15:19:44.369Z #_useSession end

[90mstdout[2m | tests/property/scoped-roles-processing-efficiency.test.ts[2m > [22m[2mProperty 10: Scoped Roles Processing Efficiency[2m > [22m[2mProperty 10.2: Project roles queries should use optimized indexes and complete in <50ms
[22m[39mGoTrueClient@sb-bgxknceshxxifwytalex-auth-token:0 (2.93.3) 2026-02-02T15:19:44.369Z #_acquireLock lock released for storage key sb-bgxknceshxxifwytalex-auth-token

[90mstdout[2m | tests/property/scoped-roles-processing-efficiency.test.ts[2m > [22m[2mProperty 10: Scoped Roles Processing Efficiency[2m > [22m[2mProperty 10.2: Project roles queries should use optimized indexes and complete in <50ms
[22m[39mGoTrueClient@sb-bgxknceshxxifwytalex-auth-token:0 (2.93.3) 2026-02-02T15:19:44.369Z #_acquireLock end

stderr | tests/property/scoped-roles-processing-efficiency.test.ts > Property 10: Scoped Roles Processing Efficiency > Property 10.2: Project roles queries should use optimized indexes and complete in <50ms
Error fetching project roles: {
  code: 'PGRST200',
  details: "Searched for a foreign key relationship between 'project_roles' and 'user_profiles' in the schema 'public', but no matches were found.",
  hint: null,
  message: "Could not find a relationship between 'project_roles' and 'user_profiles' in the schema cache"
}

[90mstdout[2m | tests/property/scoped-roles-processing-efficiency.test.ts[2m > [22m[2mProperty 10: Scoped Roles Processing Efficiency[2m > [22m[2mProperty 10.2: Project roles queries should use optimized indexes and complete in <50ms
[22m[39mGoTrueClient@sb-bgxknceshxxifwytalex-auth-token:0 (2.93.3) 2026-02-02T15:19:44.449Z #_acquireLock begin [33m10000[39m
GoTrueClient@sb-bgxknceshxxifwytalex-auth-token:0 (2.93.3) 2026-02-02T15:19:44.449Z #_acquireLock lock acquired for storage key sb-bgxknceshxxifwytalex-auth-token
GoTrueClient@sb-bgxknceshxxifwytalex-auth-token:0 (2.93.3) 2026-02-02T15:19:44.449Z #_useSession begin
GoTrueClient@sb-bgxknceshxxifwytalex-auth-token:0 (2.93.3) 2026-02-02T15:19:44.449Z #__loadSession() begin

[90mstdout[2m | tests/property/scoped-roles-processing-efficiency.test.ts[2m > [22m[2mProperty 10: Scoped Roles Processing Efficiency[2m > [22m[2mProperty 10.2: Project roles queries should use optimized indexes and complete in <50ms
[22m[39mGoTrueClient@sb-bgxknceshxxifwytalex-auth-token:0 (2.93.3) 2026-02-02T15:19:44.449Z #getSession() session from storage [1mnull[22m
GoTrueClient@sb-bgxknceshxxifwytalex-auth-token:0 (2.93.3) 2026-02-02T15:19:44.449Z #__loadSession() end

[90mstdout[2m | tests/property/scoped-roles-processing-efficiency.test.ts[2m > [22m[2mProperty 10: Scoped Roles Processing Efficiency[2m > [22m[2mProperty 10.2: Project roles queries should use optimized indexes and complete in <50ms
[22m[39mGoTrueClient@sb-bgxknceshxxifwytalex-auth-token:0 (2.93.3) 2026-02-02T15:19:44.449Z #_useSession end

[90mstdout[2m | tests/property/scoped-roles-processing-efficiency.test.ts[2m > [22m[2mProperty 10: Scoped Roles Processing Efficiency[2m > [22m[2mProperty 10.2: Project roles queries should use optimized indexes and complete in <50ms
[22m[39mGoTrueClient@sb-bgxknceshxxifwytalex-auth-token:0 (2.93.3) 2026-02-02T15:19:44.449Z #_acquireLock lock released for storage key sb-bgxknceshxxifwytalex-auth-token

[90mstdout[2m | tests/property/scoped-roles-processing-efficiency.test.ts[2m > [22m[2mProperty 10: Scoped Roles Processing Efficiency[2m > [22m[2mProperty 10.2: Project roles queries should use optimized indexes and complete in <50ms
[22m[39mGoTrueClient@sb-bgxknceshxxifwytalex-auth-token:0 (2.93.3) 2026-02-02T15:19:44.449Z #_acquireLock end

stderr | tests/property/scoped-roles-processing-efficiency.test.ts > Property 10: Scoped Roles Processing Efficiency > Property 10.2: Project roles queries should use optimized indexes and complete in <50ms
Error fetching org roles: {
  code: 'PGRST200',
  details: "Searched for a foreign key relationship between 'org_roles' and 'user_profiles' in the schema 'public', but no matches were found.",
  hint: null,
  message: "Could not find a relationship between 'org_roles' and 'user_profiles' in the schema cache"
}

[90mstdout[2m | tests/property/scoped-roles-processing-efficiency.test.ts[2m > [22m[2mProperty 10: Scoped Roles Processing Efficiency[2m > [22m[2mProperty 10.2: Project roles queries should use optimized indexes and complete in <50ms
[22m[39mGoTrueClient@sb-bgxknceshxxifwytalex-auth-token:0 (2.93.3) 2026-02-02T15:19:44.599Z #_acquireLock begin [33m10000[39m
GoTrueClient@sb-bgxknceshxxifwytalex-auth-token:0 (2.93.3) 2026-02-02T15:19:44.599Z #_acquireLock lock acquired for storage key sb-bgxknceshxxifwytalex-auth-token
GoTrueClient@sb-bgxknceshxxifwytalex-auth-token:0 (2.93.3) 2026-02-02T15:19:44.599Z #_useSession begin
GoTrueClient@sb-bgxknceshxxifwytalex-auth-token:0 (2.93.3) 2026-02-02T15:19:44.599Z #__loadSession() begin

[90mstdout[2m | tests/property/scoped-roles-processing-efficiency.test.ts[2m > [22m[2mProperty 10: Scoped Roles Processing Efficiency[2m > [22m[2mProperty 10.2: Project roles queries should use optimized indexes and complete in <50ms
[22m[39mGoTrueClient@sb-bgxknceshxxifwytalex-auth-token:0 (2.93.3) 2026-02-02T15:19:44.600Z #getSession() session from storage [1mnull[22m
GoTrueClient@sb-bgxknceshxxifwytalex-auth-token:0 (2.93.3) 2026-02-02T15:19:44.600Z #__loadSession() end

[90mstdout[2m | tests/property/scoped-roles-processing-efficiency.test.ts[2m > [22m[2mProperty 10: Scoped Roles Processing Efficiency[2m > [22m[2mProperty 10.2: Project roles queries should use optimized indexes and complete in <50ms
[22m[39mGoTrueClient@sb-bgxknceshxxifwytalex-auth-token:0 (2.93.3) 2026-02-02T15:19:44.600Z #_useSession end

[90mstdout[2m | tests/property/scoped-roles-processing-efficiency.test.ts[2m > [22m[2mProperty 10: Scoped Roles Processing Efficiency[2m > [22m[2mProperty 10.2: Project roles queries should use optimized indexes and complete in <50ms
[22m[39mGoTrueClient@sb-bgxknceshxxifwytalex-auth-token:0 (2.93.3) 2026-02-02T15:19:44.600Z #_acquireLock lock released for storage key sb-bgxknceshxxifwytalex-auth-token

[90mstdout[2m | tests/property/scoped-roles-processing-efficiency.test.ts[2m > [22m[2mProperty 10: Scoped Roles Processing Efficiency[2m > [22m[2mProperty 10.2: Project roles queries should use optimized indexes and complete in <50ms
[22m[39mGoTrueClient@sb-bgxknceshxxifwytalex-auth-token:0 (2.93.3) 2026-02-02T15:19:44.600Z #_acquireLock end

stderr | tests/property/scoped-roles-processing-efficiency.test.ts > Property 10: Scoped Roles Processing Efficiency > Property 10.2: Project roles queries should use optimized indexes and complete in <50ms
Error fetching project roles: {
  code: 'PGRST200',
  details: "Searched for a foreign key relationship between 'project_roles' and 'user_profiles' in the schema 'public', but no matches were found.",
  hint: null,
  message: "Could not find a relationship between 'project_roles' and 'user_profiles' in the schema cache"
}

[90mstdout[2m | tests/property/scoped-roles-processing-efficiency.test.ts[2m > [22m[2mProperty 10: Scoped Roles Processing Efficiency[2m > [22m[2mProperty 10.2: Project roles queries should use optimized indexes and complete in <50ms
[22m[39mGoTrueClient@sb-bgxknceshxxifwytalex-auth-token:0 (2.93.3) 2026-02-02T15:19:44.676Z #_acquireLock begin [33m10000[39m
GoTrueClient@sb-bgxknceshxxifwytalex-auth-token:0 (2.93.3) 2026-02-02T15:19:44.676Z #_acquireLock lock acquired for storage key sb-bgxknceshxxifwytalex-auth-token
GoTrueClient@sb-bgxknceshxxifwytalex-auth-token:0 (2.93.3) 2026-02-02T15:19:44.676Z #_useSession begin
GoTrueClient@sb-bgxknceshxxifwytalex-auth-token:0 (2.93.3) 2026-02-02T15:19:44.677Z #__loadSession() begin

[90mstdout[2m | tests/property/scoped-roles-processing-efficiency.test.ts[2m > [22m[2mProperty 10: Scoped Roles Processing Efficiency[2m > [22m[2mProperty 10.2: Project roles queries should use optimized indexes and complete in <50ms
[22m[39mGoTrueClient@sb-bgxknceshxxifwytalex-auth-token:0 (2.93.3) 2026-02-02T15:19:44.677Z #getSession() session from storage [1mnull[22m
GoTrueClient@sb-bgxknceshxxifwytalex-auth-token:0 (2.93.3) 2026-02-02T15:19:44.677Z #__loadSession() end

[90mstdout[2m | tests/property/scoped-roles-processing-efficiency.test.ts[2m > [22m[2mProperty 10: Scoped Roles Processing Efficiency[2m > [22m[2mProperty 10.2: Project roles queries should use optimized indexes and complete in <50ms
[22m[39mGoTrueClient@sb-bgxknceshxxifwytalex-auth-token:0 (2.93.3) 2026-02-02T15:19:44.677Z #_useSession end

[90mstdout[2m | tests/property/scoped-roles-processing-efficiency.test.ts[2m > [22m[2mProperty 10: Scoped Roles Processing Efficiency[2m > [22m[2mProperty 10.2: Project roles queries should use optimized indexes and complete in <50ms
[22m[39mGoTrueClient@sb-bgxknceshxxifwytalex-auth-token:0 (2.93.3) 2026-02-02T15:19:44.677Z #_acquireLock lock released for storage key sb-bgxknceshxxifwytalex-auth-token

[90mstdout[2m | tests/property/scoped-roles-processing-efficiency.test.ts[2m > [22m[2mProperty 10: Scoped Roles Processing Efficiency[2m > [22m[2mProperty 10.2: Project roles queries should use optimized indexes and complete in <50ms
[22m[39mGoTrueClient@sb-bgxknceshxxifwytalex-auth-token:0 (2.93.3) 2026-02-02T15:19:44.677Z #_acquireLock end

stderr | tests/property/scoped-roles-processing-efficiency.test.ts > Property 10: Scoped Roles Processing Efficiency > Property 10.2: Project roles queries should use optimized indexes and complete in <50ms
Error fetching org roles: {
  code: 'PGRST200',
  details: "Searched for a foreign key relationship between 'org_roles' and 'user_profiles' in the schema 'public', but no matches were found.",
  hint: null,
  message: "Could not find a relationship between 'org_roles' and 'user_profiles' in the schema cache"
}

[90mstdout[2m | tests/property/scoped-roles-processing-efficiency.test.ts[2m > [22m[2mProperty 10: Scoped Roles Processing Efficiency[2m > [22m[2mProperty 10.2: Project roles queries should use optimized indexes and complete in <50ms
[22m[39mGoTrueClient@sb-bgxknceshxxifwytalex-auth-token:0 (2.93.3) 2026-02-02T15:19:44.862Z #_acquireLock begin [33m10000[39m
GoTrueClient@sb-bgxknceshxxifwytalex-auth-token:0 (2.93.3) 2026-02-02T15:19:44.862Z #_acquireLock lock acquired for storage key sb-bgxknceshxxifwytalex-auth-token
GoTrueClient@sb-bgxknceshxxifwytalex-auth-token:0 (2.93.3) 2026-02-02T15:19:44.862Z #_useSession begin
GoTrueClient@sb-bgxknceshxxifwytalex-auth-token:0 (2.93.3) 2026-02-02T15:19:44.862Z #__loadSession() begin

[90mstdout[2m | tests/property/scoped-roles-processing-efficiency.test.ts[2m > [22m[2mProperty 10: Scoped Roles Processing Efficiency[2m > [22m[2mProperty 10.2: Project roles queries should use optimized indexes and complete in <50ms
[22m[39mGoTrueClient@sb-bgxknceshxxifwytalex-auth-token:0 (2.93.3) 2026-02-02T15:19:44.862Z #getSession() session from storage [1mnull[22m
GoTrueClient@sb-bgxknceshxxifwytalex-auth-token:0 (2.93.3) 2026-02-02T15:19:44.862Z #__loadSession() end

[90mstdout[2m | tests/property/scoped-roles-processing-efficiency.test.ts[2m > [22m[2mProperty 10: Scoped Roles Processing Efficiency[2m > [22m[2mProperty 10.2: Project roles queries should use optimized indexes and complete in <50ms
[22m[39mGoTrueClient@sb-bgxknceshxxifwytalex-auth-token:0 (2.93.3) 2026-02-02T15:19:44.862Z #_useSession end

[90mstdout[2m | tests/property/scoped-roles-processing-efficiency.test.ts[2m > [22m[2mProperty 10: Scoped Roles Processing Efficiency[2m > [22m[2mProperty 10.2: Project roles queries should use optimized indexes and complete in <50ms
[22m[39mGoTrueClient@sb-bgxknceshxxifwytalex-auth-token:0 (2.93.3) 2026-02-02T15:19:44.862Z #_acquireLock lock released for storage key sb-bgxknceshxxifwytalex-auth-token

[90mstdout[2m | tests/property/scoped-roles-processing-efficiency.test.ts[2m > [22m[2mProperty 10: Scoped Roles Processing Efficiency[2m > [22m[2mProperty 10.2: Project roles queries should use optimized indexes and complete in <50ms
[22m[39mGoTrueClient@sb-bgxknceshxxifwytalex-auth-token:0 (2.93.3) 2026-02-02T15:19:44.862Z #_acquireLock end

stderr | tests/property/scoped-roles-processing-efficiency.test.ts > Property 10: Scoped Roles Processing Efficiency > Property 10.2: Project roles queries should use optimized indexes and complete in <50ms
Error fetching project roles: {
  code: 'PGRST200',
  details: "Searched for a foreign key relationship between 'project_roles' and 'user_profiles' in the schema 'public', but no matches were found.",
  hint: null,
  message: "Could not find a relationship between 'project_roles' and 'user_profiles' in the schema cache"
}

[90mstdout[2m | tests/property/scoped-roles-processing-efficiency.test.ts[2m > [22m[2mProperty 10: Scoped Roles Processing Efficiency[2m > [22m[2mProperty 10.2: Project roles queries should use optimized indexes and complete in <50ms
[22m[39mGoTrueClient@sb-bgxknceshxxifwytalex-auth-token:0 (2.93.3) 2026-02-02T15:19:44.891Z #_acquireLock begin [33m10000[39m
GoTrueClient@sb-bgxknceshxxifwytalex-auth-token:0 (2.93.3) 2026-02-02T15:19:44.891Z #_acquireLock lock acquired for storage key sb-bgxknceshxxifwytalex-auth-token
GoTrueClient@sb-bgxknceshxxifwytalex-auth-token:0 (2.93.3) 2026-02-02T15:19:44.891Z #_useSession begin
GoTrueClient@sb-bgxknceshxxifwytalex-auth-token:0 (2.93.3) 2026-02-02T15:19:44.891Z #__loadSession() begin

[90mstdout[2m | tests/property/scoped-roles-processing-efficiency.test.ts[2m > [22m[2mProperty 10: Scoped Roles Processing Efficiency[2m > [22m[2mProperty 10.2: Project roles queries should use optimized indexes and complete in <50ms
[22m[39mGoTrueClient@sb-bgxknceshxxifwytalex-auth-token:0 (2.93.3) 2026-02-02T15:19:44.892Z #getSession() session from storage [1mnull[22m
GoTrueClient@sb-bgxknceshxxifwytalex-auth-token:0 (2.93.3) 2026-02-02T15:19:44.892Z #__loadSession() end

[90mstdout[2m | tests/property/scoped-roles-processing-efficiency.test.ts[2m > [22m[2mProperty 10: Scoped Roles Processing Efficiency[2m > [22m[2mProperty 10.2: Project roles queries should use optimized indexes and complete in <50ms
[22m[39mGoTrueClient@sb-bgxknceshxxifwytalex-auth-token:0 (2.93.3) 2026-02-02T15:19:44.892Z #_useSession end

[90mstdout[2m | tests/property/scoped-roles-processing-efficiency.test.ts[2m > [22m[2mProperty 10: Scoped Roles Processing Efficiency[2m > [22m[2mProperty 10.2: Project roles queries should use optimized indexes and complete in <50ms
[22m[39mGoTrueClient@sb-bgxknceshxxifwytalex-auth-token:0 (2.93.3) 2026-02-02T15:19:44.892Z #_acquireLock lock released for storage key sb-bgxknceshxxifwytalex-auth-token

[90mstdout[2m | tests/property/scoped-roles-processing-efficiency.test.ts[2m > [22m[2mProperty 10: Scoped Roles Processing Efficiency[2m > [22m[2mProperty 10.2: Project roles queries should use optimized indexes and complete in <50ms
[22m[39mGoTrueClient@sb-bgxknceshxxifwytalex-auth-token:0 (2.93.3) 2026-02-02T15:19:44.892Z #_acquireLock end

stderr | tests/property/scoped-roles-processing-efficiency.test.ts > Property 10: Scoped Roles Processing Efficiency > Property 10.2: Project roles queries should use optimized indexes and complete in <50ms
Error fetching org roles: {
  code: 'PGRST200',
  details: "Searched for a foreign key relationship between 'org_roles' and 'user_profiles' in the schema 'public', but no matches were found.",
  hint: null,
  message: "Could not find a relationship between 'org_roles' and 'user_profiles' in the schema cache"
}

[90mstdout[2m | tests/property/scoped-roles-processing-efficiency.test.ts[2m > [22m[2mProperty 10: Scoped Roles Processing Efficiency[2m > [22m[2mProperty 10.2: Project roles queries should use optimized indexes and complete in <50ms
[22m[39mGoTrueClient@sb-bgxknceshxxifwytalex-auth-token:0 (2.93.3) 2026-02-02T15:19:45.081Z #_acquireLock begin [33m10000[39m
GoTrueClient@sb-bgxknceshxxifwytalex-auth-token:0 (2.93.3) 2026-02-02T15:19:45.081Z #_acquireLock lock acquired for storage key sb-bgxknceshxxifwytalex-auth-token
GoTrueClient@sb-bgxknceshxxifwytalex-auth-token:0 (2.93.3) 2026-02-02T15:19:45.081Z #_useSession begin
GoTrueClient@sb-bgxknceshxxifwytalex-auth-token:0 (2.93.3) 2026-02-02T15:19:45.081Z #__loadSession() begin

[90mstdout[2m | tests/property/scoped-roles-processing-efficiency.test.ts[2m > [22m[2mProperty 10: Scoped Roles Processing Efficiency[2m > [22m[2mProperty 10.2: Project roles queries should use optimized indexes and complete in <50ms
[22m[39mGoTrueClient@sb-bgxknceshxxifwytalex-auth-token:0 (2.93.3) 2026-02-02T15:19:45.081Z #getSession() session from storage [1mnull[22m
GoTrueClient@sb-bgxknceshxxifwytalex-auth-token:0 (2.93.3) 2026-02-02T15:19:45.081Z #__loadSession() end

[90mstdout[2m | tests/property/scoped-roles-processing-efficiency.test.ts[2m > [22m[2mProperty 10: Scoped Roles Processing Efficiency[2m > [22m[2mProperty 10.2: Project roles queries should use optimized indexes and complete in <50ms
[22m[39mGoTrueClient@sb-bgxknceshxxifwytalex-auth-token:0 (2.93.3) 2026-02-02T15:19:45.081Z #_useSession end

[90mstdout[2m | tests/property/scoped-roles-processing-efficiency.test.ts[2m > [22m[2mProperty 10: Scoped Roles Processing Efficiency[2m > [22m[2mProperty 10.2: Project roles queries should use optimized indexes and complete in <50ms
[22m[39mGoTrueClient@sb-bgxknceshxxifwytalex-auth-token:0 (2.93.3) 2026-02-02T15:19:45.081Z #_acquireLock lock released for storage key sb-bgxknceshxxifwytalex-auth-token

[90mstdout[2m | tests/property/scoped-roles-processing-efficiency.test.ts[2m > [22m[2mProperty 10: Scoped Roles Processing Efficiency[2m > [22m[2mProperty 10.2: Project roles queries should use optimized indexes and complete in <50ms
[22m[39mGoTrueClient@sb-bgxknceshxxifwytalex-auth-token:0 (2.93.3) 2026-02-02T15:19:45.081Z #_acquireLock end

stderr | tests/property/scoped-roles-processing-efficiency.test.ts > Property 10: Scoped Roles Processing Efficiency > Property 10.2: Project roles queries should use optimized indexes and complete in <50ms
Error fetching project roles: {
  code: 'PGRST200',
  details: "Searched for a foreign key relationship between 'project_roles' and 'user_profiles' in the schema 'public', but no matches were found.",
  hint: null,
  message: "Could not find a relationship between 'project_roles' and 'user_profiles' in the schema cache"
}

[90mstdout[2m | tests/property/scoped-roles-processing-efficiency.test.ts[2m > [22m[2mProperty 10: Scoped Roles Processing Efficiency[2m > [22m[2mProperty 10.2: Project roles queries should use optimized indexes and complete in <50ms
[22m[39mGoTrueClient@sb-bgxknceshxxifwytalex-auth-token:0 (2.93.3) 2026-02-02T15:19:45.126Z #_acquireLock begin [33m10000[39m
GoTrueClient@sb-bgxknceshxxifwytalex-auth-token:0 (2.93.3) 2026-02-02T15:19:45.126Z #_acquireLock lock acquired for storage key sb-bgxknceshxxifwytalex-auth-token
GoTrueClient@sb-bgxknceshxxifwytalex-auth-token:0 (2.93.3) 2026-02-02T15:19:45.126Z #_useSession begin
GoTrueClient@sb-bgxknceshxxifwytalex-auth-token:0 (2.93.3) 2026-02-02T15:19:45.126Z #__loadSession() begin

[90mstdout[2m | tests/property/scoped-roles-processing-efficiency.test.ts[2m > [22m[2mProperty 10: Scoped Roles Processing Efficiency[2m > [22m[2mProperty 10.2: Project roles queries should use optimized indexes and complete in <50ms
[22m[39mGoTrueClient@sb-bgxknceshxxifwytalex-auth-token:0 (2.93.3) 2026-02-02T15:19:45.126Z #getSession() session from storage [1mnull[22m
GoTrueClient@sb-bgxknceshxxifwytalex-auth-token:0 (2.93.3) 2026-02-02T15:19:45.126Z #__loadSession() end

[90mstdout[2m | tests/property/scoped-roles-processing-efficiency.test.ts[2m > [22m[2mProperty 10: Scoped Roles Processing Efficiency[2m > [22m[2mProperty 10.2: Project roles queries should use optimized indexes and complete in <50ms
[22m[39mGoTrueClient@sb-bgxknceshxxifwytalex-auth-token:0 (2.93.3) 2026-02-02T15:19:45.126Z #_useSession end

[90mstdout[2m | tests/property/scoped-roles-processing-efficiency.test.ts[2m > [22m[2mProperty 10: Scoped Roles Processing Efficiency[2m > [22m[2mProperty 10.2: Project roles queries should use optimized indexes and complete in <50ms
[22m[39mGoTrueClient@sb-bgxknceshxxifwytalex-auth-token:0 (2.93.3) 2026-02-02T15:19:45.127Z #_acquireLock lock released for storage key sb-bgxknceshxxifwytalex-auth-token

[90mstdout[2m | tests/property/scoped-roles-processing-efficiency.test.ts[2m > [22m[2mProperty 10: Scoped Roles Processing Efficiency[2m > [22m[2mProperty 10.2: Project roles queries should use optimized indexes and complete in <50ms
[22m[39mGoTrueClient@sb-bgxknceshxxifwytalex-auth-token:0 (2.93.3) 2026-02-02T15:19:45.127Z #_acquireLock end

stderr | tests/property/scoped-roles-processing-efficiency.test.ts > Property 10: Scoped Roles Processing Efficiency > Property 10.2: Project roles queries should use optimized indexes and complete in <50ms
Error fetching org roles: {
  code: 'PGRST200',
  details: "Searched for a foreign key relationship between 'org_roles' and 'user_profiles' in the schema 'public', but no matches were found.",
  hint: null,
  message: "Could not find a relationship between 'org_roles' and 'user_profiles' in the schema cache"
}

[90mstdout[2m | tests/property/scoped-roles-processing-efficiency.test.ts[2m > [22m[2mProperty 10: Scoped Roles Processing Efficiency[2m > [22m[2mProperty 10.2: Project roles queries should use optimized indexes and complete in <50ms
[22m[39mGoTrueClient@sb-bgxknceshxxifwytalex-auth-token:0 (2.93.3) 2026-02-02T15:19:45.297Z #_acquireLock begin [33m10000[39m
GoTrueClient@sb-bgxknceshxxifwytalex-auth-token:0 (2.93.3) 2026-02-02T15:19:45.297Z #_acquireLock lock acquired for storage key sb-bgxknceshxxifwytalex-auth-token
GoTrueClient@sb-bgxknceshxxifwytalex-auth-token:0 (2.93.3) 2026-02-02T15:19:45.297Z #_useSession begin
GoTrueClient@sb-bgxknceshxxifwytalex-auth-token:0 (2.93.3) 2026-02-02T15:19:45.297Z #__loadSession() begin

[90mstdout[2m | tests/property/scoped-roles-processing-efficiency.test.ts[2m > [22m[2mProperty 10: Scoped Roles Processing Efficiency[2m > [22m[2mProperty 10.2: Project roles queries should use optimized indexes and complete in <50ms
[22m[39mGoTrueClient@sb-bgxknceshxxifwytalex-auth-token:0 (2.93.3) 2026-02-02T15:19:45.298Z #getSession() session from storage [1mnull[22m
GoTrueClient@sb-bgxknceshxxifwytalex-auth-token:0 (2.93.3) 2026-02-02T15:19:45.298Z #__loadSession() end

[90mstdout[2m | tests/property/scoped-roles-processing-efficiency.test.ts[2m > [22m[2mProperty 10: Scoped Roles Processing Efficiency[2m > [22m[2mProperty 10.2: Project roles queries should use optimized indexes and complete in <50ms
[22m[39mGoTrueClient@sb-bgxknceshxxifwytalex-auth-token:0 (2.93.3) 2026-02-02T15:19:45.298Z #_useSession end

[90mstdout[2m | tests/property/scoped-roles-processing-efficiency.test.ts[2m > [22m[2mProperty 10: Scoped Roles Processing Efficiency[2m > [22m[2mProperty 10.2: Project roles queries should use optimized indexes and complete in <50ms
[22m[39mGoTrueClient@sb-bgxknceshxxifwytalex-auth-token:0 (2.93.3) 2026-02-02T15:19:45.298Z #_acquireLock lock released for storage key sb-bgxknceshxxifwytalex-auth-token

[90mstdout[2m | tests/property/scoped-roles-processing-efficiency.test.ts[2m > [22m[2mProperty 10: Scoped Roles Processing Efficiency[2m > [22m[2mProperty 10.2: Project roles queries should use optimized indexes and complete in <50ms
[22m[39mGoTrueClient@sb-bgxknceshxxifwytalex-auth-token:0 (2.93.3) 2026-02-02T15:19:45.298Z #_acquireLock end

stderr | tests/property/scoped-roles-processing-efficiency.test.ts > Property 10: Scoped Roles Processing Efficiency > Property 10.2: Project roles queries should use optimized indexes and complete in <50ms
Error fetching project roles: {
  code: 'PGRST200',
  details: "Searched for a foreign key relationship between 'project_roles' and 'user_profiles' in the schema 'public', but no matches were found.",
  hint: null,
  message: "Could not find a relationship between 'project_roles' and 'user_profiles' in the schema cache"
}

[90mstdout[2m | tests/property/scoped-roles-processing-efficiency.test.ts[2m > [22m[2mProperty 10: Scoped Roles Processing Efficiency[2m > [22m[2mProperty 10.2: Project roles queries should use optimized indexes and complete in <50ms
[22m[39mGoTrueClient@sb-bgxknceshxxifwytalex-auth-token:0 (2.93.3) 2026-02-02T15:19:45.344Z #_acquireLock begin [33m10000[39m
GoTrueClient@sb-bgxknceshxxifwytalex-auth-token:0 (2.93.3) 2026-02-02T15:19:45.344Z #_acquireLock lock acquired for storage key sb-bgxknceshxxifwytalex-auth-token
GoTrueClient@sb-bgxknceshxxifwytalex-auth-token:0 (2.93.3) 2026-02-02T15:19:45.344Z #_useSession begin
GoTrueClient@sb-bgxknceshxxifwytalex-auth-token:0 (2.93.3) 2026-02-02T15:19:45.344Z #__loadSession() begin

[90mstdout[2m | tests/property/scoped-roles-processing-efficiency.test.ts[2m > [22m[2mProperty 10: Scoped Roles Processing Efficiency[2m > [22m[2mProperty 10.2: Project roles queries should use optimized indexes and complete in <50ms
[22m[39mGoTrueClient@sb-bgxknceshxxifwytalex-auth-token:0 (2.93.3) 2026-02-02T15:19:45.345Z #getSession() session from storage [1mnull[22m
GoTrueClient@sb-bgxknceshxxifwytalex-auth-token:0 (2.93.3) 2026-02-02T15:19:45.345Z #__loadSession() end

[90mstdout[2m | tests/property/scoped-roles-processing-efficiency.test.ts[2m > [22m[2mProperty 10: Scoped Roles Processing Efficiency[2m > [22m[2mProperty 10.2: Project roles queries should use optimized indexes and complete in <50ms
[22m[39mGoTrueClient@sb-bgxknceshxxifwytalex-auth-token:0 (2.93.3) 2026-02-02T15:19:45.345Z #_useSession end

[90mstdout[2m | tests/property/scoped-roles-processing-efficiency.test.ts[2m > [22m[2mProperty 10: Scoped Roles Processing Efficiency[2m > [22m[2mProperty 10.2: Project roles queries should use optimized indexes and complete in <50ms
[22m[39mGoTrueClient@sb-bgxknceshxxifwytalex-auth-token:0 (2.93.3) 2026-02-02T15:19:45.345Z #_acquireLock lock released for storage key sb-bgxknceshxxifwytalex-auth-token

[90mstdout[2m | tests/property/scoped-roles-processing-efficiency.test.ts[2m > [22m[2mProperty 10: Scoped Roles Processing Efficiency[2m > [22m[2mProperty 10.2: Project roles queries should use optimized indexes and complete in <50ms
[22m[39mGoTrueClient@sb-bgxknceshxxifwytalex-auth-token:0 (2.93.3) 2026-02-02T15:19:45.345Z #_acquireLock end

stderr | tests/property/scoped-roles-processing-efficiency.test.ts > Property 10: Scoped Roles Processing Efficiency > Property 10.2: Project roles queries should use optimized indexes and complete in <50ms
Error fetching org roles: {
  code: 'PGRST200',
  details: "Searched for a foreign key relationship between 'org_roles' and 'user_profiles' in the schema 'public', but no matches were found.",
  hint: null,
  message: "Could not find a relationship between 'org_roles' and 'user_profiles' in the schema cache"
}

[90mstdout[2m | tests/property/scoped-roles-processing-efficiency.test.ts[2m > [22m[2mProperty 10: Scoped Roles Processing Efficiency[2m > [22m[2mProperty 10.2: Project roles queries should use optimized indexes and complete in <50ms
[22m[39mGoTrueClient@sb-bgxknceshxxifwytalex-auth-token:0 (2.93.3) 2026-02-02T15:19:45.497Z #_acquireLock begin [33m10000[39m
GoTrueClient@sb-bgxknceshxxifwytalex-auth-token:0 (2.93.3) 2026-02-02T15:19:45.497Z #_acquireLock lock acquired for storage key sb-bgxknceshxxifwytalex-auth-token
GoTrueClient@sb-bgxknceshxxifwytalex-auth-token:0 (2.93.3) 2026-02-02T15:19:45.497Z #_useSession begin
GoTrueClient@sb-bgxknceshxxifwytalex-auth-token:0 (2.93.3) 2026-02-02T15:19:45.497Z #__loadSession() begin

[90mstdout[2m | tests/property/scoped-roles-processing-efficiency.test.ts[2m > [22m[2mProperty 10: Scoped Roles Processing Efficiency[2m > [22m[2mProperty 10.2: Project roles queries should use optimized indexes and complete in <50ms
[22m[39mGoTrueClient@sb-bgxknceshxxifwytalex-auth-token:0 (2.93.3) 2026-02-02T15:19:45.498Z #getSession() session from storage [1mnull[22m
GoTrueClient@sb-bgxknceshxxifwytalex-auth-token:0 (2.93.3) 2026-02-02T15:19:45.498Z #__loadSession() end

[90mstdout[2m | tests/property/scoped-roles-processing-efficiency.test.ts[2m > [22m[2mProperty 10: Scoped Roles Processing Efficiency[2m > [22m[2mProperty 10.2: Project roles queries should use optimized indexes and complete in <50ms
[22m[39mGoTrueClient@sb-bgxknceshxxifwytalex-auth-token:0 (2.93.3) 2026-02-02T15:19:45.498Z #_useSession end

[90mstdout[2m | tests/property/scoped-roles-processing-efficiency.test.ts[2m > [22m[2mProperty 10: Scoped Roles Processing Efficiency[2m > [22m[2mProperty 10.2: Project roles queries should use optimized indexes and complete in <50ms
[22m[39mGoTrueClient@sb-bgxknceshxxifwytalex-auth-token:0 (2.93.3) 2026-02-02T15:19:45.498Z #_acquireLock lock released for storage key sb-bgxknceshxxifwytalex-auth-token

[90mstdout[2m | tests/property/scoped-roles-processing-efficiency.test.ts[2m > [22m[2mProperty 10: Scoped Roles Processing Efficiency[2m > [22m[2mProperty 10.2: Project roles queries should use optimized indexes and complete in <50ms
[22m[39mGoTrueClient@sb-bgxknceshxxifwytalex-auth-token:0 (2.93.3) 2026-02-02T15:19:45.498Z #_acquireLock end

stderr | tests/property/scoped-roles-processing-efficiency.test.ts > Property 10: Scoped Roles Processing Efficiency > Property 10.2: Project roles queries should use optimized indexes and complete in <50ms
Error fetching project roles: {
  code: 'PGRST200',
  details: "Searched for a foreign key relationship between 'project_roles' and 'user_profiles' in the schema 'public', but no matches were found.",
  hint: null,
  message: "Could not find a relationship between 'project_roles' and 'user_profiles' in the schema cache"
}

[90mstdout[2m | tests/property/scoped-roles-processing-efficiency.test.ts[2m > [22m[2mProperty 10: Scoped Roles Processing Efficiency[2m > [22m[2mProperty 10.2: Project roles queries should use optimized indexes and complete in <50ms
[22m[39mGoTrueClient@sb-bgxknceshxxifwytalex-auth-token:0 (2.93.3) 2026-02-02T15:19:45.552Z #_acquireLock begin [33m10000[39m
GoTrueClient@sb-bgxknceshxxifwytalex-auth-token:0 (2.93.3) 2026-02-02T15:19:45.552Z #_acquireLock lock acquired for storage key sb-bgxknceshxxifwytalex-auth-token
GoTrueClient@sb-bgxknceshxxifwytalex-auth-token:0 (2.93.3) 2026-02-02T15:19:45.552Z #_useSession begin
GoTrueClient@sb-bgxknceshxxifwytalex-auth-token:0 (2.93.3) 2026-02-02T15:19:45.552Z #__loadSession() begin

[90mstdout[2m | tests/property/scoped-roles-processing-efficiency.test.ts[2m > [22m[2mProperty 10: Scoped Roles Processing Efficiency[2m > [22m[2mProperty 10.2: Project roles queries should use optimized indexes and complete in <50ms
[22m[39mGoTrueClient@sb-bgxknceshxxifwytalex-auth-token:0 (2.93.3) 2026-02-02T15:19:45.552Z #getSession() session from storage [1mnull[22m
GoTrueClient@sb-bgxknceshxxifwytalex-auth-token:0 (2.93.3) 2026-02-02T15:19:45.552Z #__loadSession() end

[90mstdout[2m | tests/property/scoped-roles-processing-efficiency.test.ts[2m > [22m[2mProperty 10: Scoped Roles Processing Efficiency[2m > [22m[2mProperty 10.2: Project roles queries should use optimized indexes and complete in <50ms
[22m[39mGoTrueClient@sb-bgxknceshxxifwytalex-auth-token:0 (2.93.3) 2026-02-02T15:19:45.552Z #_useSession end

[90mstdout[2m | tests/property/scoped-roles-processing-efficiency.test.ts[2m > [22m[2mProperty 10: Scoped Roles Processing Efficiency[2m > [22m[2mProperty 10.2: Project roles queries should use optimized indexes and complete in <50ms
[22m[39mGoTrueClient@sb-bgxknceshxxifwytalex-auth-token:0 (2.93.3) 2026-02-02T15:19:45.552Z #_acquireLock lock released for storage key sb-bgxknceshxxifwytalex-auth-token

[90mstdout[2m | tests/property/scoped-roles-processing-efficiency.test.ts[2m > [22m[2mProperty 10: Scoped Roles Processing Efficiency[2m > [22m[2mProperty 10.2: Project roles queries should use optimized indexes and complete in <50ms
[22m[39mGoTrueClient@sb-bgxknceshxxifwytalex-auth-token:0 (2.93.3) 2026-02-02T15:19:45.552Z #_acquireLock end

stderr | tests/property/scoped-roles-processing-efficiency.test.ts > Property 10: Scoped Roles Processing Efficiency > Property 10.2: Project roles queries should use optimized indexes and complete in <50ms
Error fetching org roles: {
  code: 'PGRST200',
  details: "Searched for a foreign key relationship between 'org_roles' and 'user_profiles' in the schema 'public', but no matches were found.",
  hint: null,
  message: "Could not find a relationship between 'org_roles' and 'user_profiles' in the schema cache"
}

[90mstdout[2m | tests/property/scoped-roles-processing-efficiency.test.ts[2m > [22m[2mProperty 10: Scoped Roles Processing Efficiency[2m > [22m[2mProperty 10.2: Project roles queries should use optimized indexes and complete in <50ms
[22m[39mGoTrueClient@sb-bgxknceshxxifwytalex-auth-token:0 (2.93.3) 2026-02-02T15:19:45.716Z #_acquireLock begin [33m10000[39m
GoTrueClient@sb-bgxknceshxxifwytalex-auth-token:0 (2.93.3) 2026-02-02T15:19:45.716Z #_acquireLock lock acquired for storage key sb-bgxknceshxxifwytalex-auth-token
GoTrueClient@sb-bgxknceshxxifwytalex-auth-token:0 (2.93.3) 2026-02-02T15:19:45.716Z #_useSession begin
GoTrueClient@sb-bgxknceshxxifwytalex-auth-token:0 (2.93.3) 2026-02-02T15:19:45.716Z #__loadSession() begin

[90mstdout[2m | tests/property/scoped-roles-processing-efficiency.test.ts[2m > [22m[2mProperty 10: Scoped Roles Processing Efficiency[2m > [22m[2mProperty 10.2: Project roles queries should use optimized indexes and complete in <50ms
[22m[39mGoTrueClient@sb-bgxknceshxxifwytalex-auth-token:0 (2.93.3) 2026-02-02T15:19:45.716Z #getSession() session from storage [1mnull[22m
GoTrueClient@sb-bgxknceshxxifwytalex-auth-token:0 (2.93.3) 2026-02-02T15:19:45.716Z #__loadSession() end

[90mstdout[2m | tests/property/scoped-roles-processing-efficiency.test.ts[2m > [22m[2mProperty 10: Scoped Roles Processing Efficiency[2m > [22m[2mProperty 10.2: Project roles queries should use optimized indexes and complete in <50ms
[22m[39mGoTrueClient@sb-bgxknceshxxifwytalex-auth-token:0 (2.93.3) 2026-02-02T15:19:45.717Z #_useSession end

[90mstdout[2m | tests/property/scoped-roles-processing-efficiency.test.ts[2m > [22m[2mProperty 10: Scoped Roles Processing Efficiency[2m > [22m[2mProperty 10.2: Project roles queries should use optimized indexes and complete in <50ms
[22m[39mGoTrueClient@sb-bgxknceshxxifwytalex-auth-token:0 (2.93.3) 2026-02-02T15:19:45.717Z #_acquireLock lock released for storage key sb-bgxknceshxxifwytalex-auth-token

[90mstdout[2m | tests/property/scoped-roles-processing-efficiency.test.ts[2m > [22m[2mProperty 10: Scoped Roles Processing Efficiency[2m > [22m[2mProperty 10.2: Project roles queries should use optimized indexes and complete in <50ms
[22m[39mGoTrueClient@sb-bgxknceshxxifwytalex-auth-token:0 (2.93.3) 2026-02-02T15:19:45.717Z #_acquireLock end

stderr | tests/property/scoped-roles-processing-efficiency.test.ts > Property 10: Scoped Roles Processing Efficiency > Property 10.2: Project roles queries should use optimized indexes and complete in <50ms
Error fetching project roles: {
  code: 'PGRST200',
  details: "Searched for a foreign key relationship between 'project_roles' and 'user_profiles' in the schema 'public', but no matches were found.",
  hint: null,
  message: "Could not find a relationship between 'project_roles' and 'user_profiles' in the schema cache"
}

[90mstdout[2m | tests/property/scoped-roles-processing-efficiency.test.ts[2m > [22m[2mProperty 10: Scoped Roles Processing Efficiency[2m > [22m[2mProperty 10.2: Project roles queries should use optimized indexes and complete in <50ms
[22m[39mGoTrueClient@sb-bgxknceshxxifwytalex-auth-token:0 (2.93.3) 2026-02-02T15:19:45.765Z #_acquireLock begin [33m10000[39m
GoTrueClient@sb-bgxknceshxxifwytalex-auth-token:0 (2.93.3) 2026-02-02T15:19:45.765Z #_acquireLock lock acquired for storage key sb-bgxknceshxxifwytalex-auth-token
GoTrueClient@sb-bgxknceshxxifwytalex-auth-token:0 (2.93.3) 2026-02-02T15:19:45.765Z #_useSession begin
GoTrueClient@sb-bgxknceshxxifwytalex-auth-token:0 (2.93.3) 2026-02-02T15:19:45.765Z #__loadSession() begin

[90mstdout[2m | tests/property/scoped-roles-processing-efficiency.test.ts[2m > [22m[2mProperty 10: Scoped Roles Processing Efficiency[2m > [22m[2mProperty 10.2: Project roles queries should use optimized indexes and complete in <50ms
[22m[39mGoTrueClient@sb-bgxknceshxxifwytalex-auth-token:0 (2.93.3) 2026-02-02T15:19:45.766Z #getSession() session from storage [1mnull[22m
GoTrueClient@sb-bgxknceshxxifwytalex-auth-token:0 (2.93.3) 2026-02-02T15:19:45.766Z #__loadSession() end

[90mstdout[2m | tests/property/scoped-roles-processing-efficiency.test.ts[2m > [22m[2mProperty 10: Scoped Roles Processing Efficiency[2m > [22m[2mProperty 10.2: Project roles queries should use optimized indexes and complete in <50ms
[22m[39mGoTrueClient@sb-bgxknceshxxifwytalex-auth-token:0 (2.93.3) 2026-02-02T15:19:45.766Z #_useSession end

[90mstdout[2m | tests/property/scoped-roles-processing-efficiency.test.ts[2m > [22m[2mProperty 10: Scoped Roles Processing Efficiency[2m > [22m[2mProperty 10.2: Project roles queries should use optimized indexes and complete in <50ms
[22m[39mGoTrueClient@sb-bgxknceshxxifwytalex-auth-token:0 (2.93.3) 2026-02-02T15:19:45.766Z #_acquireLock lock released for storage key sb-bgxknceshxxifwytalex-auth-token

[90mstdout[2m | tests/property/scoped-roles-processing-efficiency.test.ts[2m > [22m[2mProperty 10: Scoped Roles Processing Efficiency[2m > [22m[2mProperty 10.2: Project roles queries should use optimized indexes and complete in <50ms
[22m[39mGoTrueClient@sb-bgxknceshxxifwytalex-auth-token:0 (2.93.3) 2026-02-02T15:19:45.766Z #_acquireLock end

stderr | tests/property/scoped-roles-processing-efficiency.test.ts > Property 10: Scoped Roles Processing Efficiency > Property 10.2: Project roles queries should use optimized indexes and complete in <50ms
Error fetching org roles: {
  code: 'PGRST200',
  details: "Searched for a foreign key relationship between 'org_roles' and 'user_profiles' in the schema 'public', but no matches were found.",
  hint: null,
  message: "Could not find a relationship between 'org_roles' and 'user_profiles' in the schema cache"
}

[90mstdout[2m | tests/property/scoped-roles-processing-efficiency.test.ts[2m > [22m[2mProperty 10: Scoped Roles Processing Efficiency[2m > [22m[2mProperty 10.2: Project roles queries should use optimized indexes and complete in <50ms
[22m[39mGoTrueClient@sb-bgxknceshxxifwytalex-auth-token:0 (2.93.3) 2026-02-02T15:19:45.937Z #_acquireLock begin [33m10000[39m
GoTrueClient@sb-bgxknceshxxifwytalex-auth-token:0 (2.93.3) 2026-02-02T15:19:45.937Z #_acquireLock lock acquired for storage key sb-bgxknceshxxifwytalex-auth-token
GoTrueClient@sb-bgxknceshxxifwytalex-auth-token:0 (2.93.3) 2026-02-02T15:19:45.937Z #_useSession begin
GoTrueClient@sb-bgxknceshxxifwytalex-auth-token:0 (2.93.3) 2026-02-02T15:19:45.937Z #__loadSession() begin

[90mstdout[2m | tests/property/scoped-roles-processing-efficiency.test.ts[2m > [22m[2mProperty 10: Scoped Roles Processing Efficiency[2m > [22m[2mProperty 10.2: Project roles queries should use optimized indexes and complete in <50ms
[22m[39mGoTrueClient@sb-bgxknceshxxifwytalex-auth-token:0 (2.93.3) 2026-02-02T15:19:45.938Z #getSession() session from storage [1mnull[22m
GoTrueClient@sb-bgxknceshxxifwytalex-auth-token:0 (2.93.3) 2026-02-02T15:19:45.938Z #__loadSession() end

[90mstdout[2m | tests/property/scoped-roles-processing-efficiency.test.ts[2m > [22m[2mProperty 10: Scoped Roles Processing Efficiency[2m > [22m[2mProperty 10.2: Project roles queries should use optimized indexes and complete in <50ms
[22m[39mGoTrueClient@sb-bgxknceshxxifwytalex-auth-token:0 (2.93.3) 2026-02-02T15:19:45.938Z #_useSession end

[90mstdout[2m | tests/property/scoped-roles-processing-efficiency.test.ts[2m > [22m[2mProperty 10: Scoped Roles Processing Efficiency[2m > [22m[2mProperty 10.2: Project roles queries should use optimized indexes and complete in <50ms
[22m[39mGoTrueClient@sb-bgxknceshxxifwytalex-auth-token:0 (2.93.3) 2026-02-02T15:19:45.939Z #_acquireLock lock released for storage key sb-bgxknceshxxifwytalex-auth-token

[90mstdout[2m | tests/property/scoped-roles-processing-efficiency.test.ts[2m > [22m[2mProperty 10: Scoped Roles Processing Efficiency[2m > [22m[2mProperty 10.2: Project roles queries should use optimized indexes and complete in <50ms
[22m[39mGoTrueClient@sb-bgxknceshxxifwytalex-auth-token:0 (2.93.3) 2026-02-02T15:19:45.939Z #_acquireLock end

stderr | tests/property/scoped-roles-processing-efficiency.test.ts > Property 10: Scoped Roles Processing Efficiency > Property 10.2: Project roles queries should use optimized indexes and complete in <50ms
Error fetching project roles: {
  code: 'PGRST200',
  details: "Searched for a foreign key relationship between 'project_roles' and 'user_profiles' in the schema 'public', but no matches were found.",
  hint: null,
  message: "Could not find a relationship between 'project_roles' and 'user_profiles' in the schema cache"
}

[90mstdout[2m | tests/property/scoped-roles-processing-efficiency.test.ts[2m > [22m[2mProperty 10: Scoped Roles Processing Efficiency[2m > [22m[2mProperty 10.2: Project roles queries should use optimized indexes and complete in <50ms
[22m[39mGoTrueClient@sb-bgxknceshxxifwytalex-auth-token:0 (2.93.3) 2026-02-02T15:19:45.978Z #_acquireLock begin [33m10000[39m
GoTrueClient@sb-bgxknceshxxifwytalex-auth-token:0 (2.93.3) 2026-02-02T15:19:45.978Z #_acquireLock lock acquired for storage key sb-bgxknceshxxifwytalex-auth-token
GoTrueClient@sb-bgxknceshxxifwytalex-auth-token:0 (2.93.3) 2026-02-02T15:19:45.978Z #_useSession begin
GoTrueClient@sb-bgxknceshxxifwytalex-auth-token:0 (2.93.3) 2026-02-02T15:19:45.978Z #__loadSession() begin

[90mstdout[2m | tests/property/scoped-roles-processing-efficiency.test.ts[2m > [22m[2mProperty 10: Scoped Roles Processing Efficiency[2m > [22m[2mProperty 10.2: Project roles queries should use optimized indexes and complete in <50ms
[22m[39mGoTrueClient@sb-bgxknceshxxifwytalex-auth-token:0 (2.93.3) 2026-02-02T15:19:45.978Z #getSession() session from storage [1mnull[22m
GoTrueClient@sb-bgxknceshxxifwytalex-auth-token:0 (2.93.3) 2026-02-02T15:19:45.978Z #__loadSession() end

[90mstdout[2m | tests/property/scoped-roles-processing-efficiency.test.ts[2m > [22m[2mProperty 10: Scoped Roles Processing Efficiency[2m > [22m[2mProperty 10.2: Project roles queries should use optimized indexes and complete in <50ms
[22m[39mGoTrueClient@sb-bgxknceshxxifwytalex-auth-token:0 (2.93.3) 2026-02-02T15:19:45.978Z #_useSession end

[90mstdout[2m | tests/property/scoped-roles-processing-efficiency.test.ts[2m > [22m[2mProperty 10: Scoped Roles Processing Efficiency[2m > [22m[2mProperty 10.2: Project roles queries should use optimized indexes and complete in <50ms
[22m[39mGoTrueClient@sb-bgxknceshxxifwytalex-auth-token:0 (2.93.3) 2026-02-02T15:19:45.978Z #_acquireLock lock released for storage key sb-bgxknceshxxifwytalex-auth-token

[90mstdout[2m | tests/property/scoped-roles-processing-efficiency.test.ts[2m > [22m[2mProperty 10: Scoped Roles Processing Efficiency[2m > [22m[2mProperty 10.2: Project roles queries should use optimized indexes and complete in <50ms
[22m[39mGoTrueClient@sb-bgxknceshxxifwytalex-auth-token:0 (2.93.3) 2026-02-02T15:19:45.978Z #_acquireLock end

stderr | tests/property/scoped-roles-processing-efficiency.test.ts > Property 10: Scoped Roles Processing Efficiency > Property 10.2: Project roles queries should use optimized indexes and complete in <50ms
Error fetching org roles: {
  code: 'PGRST200',
  details: "Searched for a foreign key relationship between 'org_roles' and 'user_profiles' in the schema 'public', but no matches were found.",
  hint: null,
  message: "Could not find a relationship between 'org_roles' and 'user_profiles' in the schema cache"
}

[90mstdout[2m | tests/property/scoped-roles-processing-efficiency.test.ts[2m > [22m[2mProperty 10: Scoped Roles Processing Efficiency[2m > [22m[2mProperty 10.2: Project roles queries should use optimized indexes and complete in <50ms
[22m[39mGoTrueClient@sb-bgxknceshxxifwytalex-auth-token:0 (2.93.3) 2026-02-02T15:19:46.153Z #_acquireLock begin [33m10000[39m
GoTrueClient@sb-bgxknceshxxifwytalex-auth-token:0 (2.93.3) 2026-02-02T15:19:46.153Z #_acquireLock lock acquired for storage key sb-bgxknceshxxifwytalex-auth-token
GoTrueClient@sb-bgxknceshxxifwytalex-auth-token:0 (2.93.3) 2026-02-02T15:19:46.153Z #_useSession begin
GoTrueClient@sb-bgxknceshxxifwytalex-auth-token:0 (2.93.3) 2026-02-02T15:19:46.153Z #__loadSession() begin

[90mstdout[2m | tests/property/scoped-roles-processing-efficiency.test.ts[2m > [22m[2mProperty 10: Scoped Roles Processing Efficiency[2m > [22m[2mProperty 10.2: Project roles queries should use optimized indexes and complete in <50ms
[22m[39mGoTrueClient@sb-bgxknceshxxifwytalex-auth-token:0 (2.93.3) 2026-02-02T15:19:46.153Z #getSession() session from storage [1mnull[22m
GoTrueClient@sb-bgxknceshxxifwytalex-auth-token:0 (2.93.3) 2026-02-02T15:19:46.153Z #__loadSession() end

[90mstdout[2m | tests/property/scoped-roles-processing-efficiency.test.ts[2m > [22m[2mProperty 10: Scoped Roles Processing Efficiency[2m > [22m[2mProperty 10.2: Project roles queries should use optimized indexes and complete in <50ms
[22m[39mGoTrueClient@sb-bgxknceshxxifwytalex-auth-token:0 (2.93.3) 2026-02-02T15:19:46.154Z #_useSession end

[90mstdout[2m | tests/property/scoped-roles-processing-efficiency.test.ts[2m > [22m[2mProperty 10: Scoped Roles Processing Efficiency[2m > [22m[2mProperty 10.2: Project roles queries should use optimized indexes and complete in <50ms
[22m[39mGoTrueClient@sb-bgxknceshxxifwytalex-auth-token:0 (2.93.3) 2026-02-02T15:19:46.154Z #_acquireLock lock released for storage key sb-bgxknceshxxifwytalex-auth-token

[90mstdout[2m | tests/property/scoped-roles-processing-efficiency.test.ts[2m > [22m[2mProperty 10: Scoped Roles Processing Efficiency[2m > [22m[2mProperty 10.2: Project roles queries should use optimized indexes and complete in <50ms
[22m[39mGoTrueClient@sb-bgxknceshxxifwytalex-auth-token:0 (2.93.3) 2026-02-02T15:19:46.155Z #_acquireLock end

stderr | tests/property/scoped-roles-processing-efficiency.test.ts > Property 10: Scoped Roles Processing Efficiency > Property 10.2: Project roles queries should use optimized indexes and complete in <50ms
Error fetching project roles: {
  code: 'PGRST200',
  details: "Searched for a foreign key relationship between 'project_roles' and 'user_profiles' in the schema 'public', but no matches were found.",
  hint: null,
  message: "Could not find a relationship between 'project_roles' and 'user_profiles' in the schema cache"
}

[90mstdout[2m | tests/property/scoped-roles-processing-efficiency.test.ts[2m > [22m[2mProperty 10: Scoped Roles Processing Efficiency[2m > [22m[2mProperty 10.2: Project roles queries should use optimized indexes and complete in <50ms
[22m[39mGoTrueClient@sb-bgxknceshxxifwytalex-auth-token:0 (2.93.3) 2026-02-02T15:19:46.225Z #_acquireLock begin [33m10000[39m
GoTrueClient@sb-bgxknceshxxifwytalex-auth-token:0 (2.93.3) 2026-02-02T15:19:46.225Z #_acquireLock lock acquired for storage key sb-bgxknceshxxifwytalex-auth-token
GoTrueClient@sb-bgxknceshxxifwytalex-auth-token:0 (2.93.3) 2026-02-02T15:19:46.225Z #_useSession begin
GoTrueClient@sb-bgxknceshxxifwytalex-auth-token:0 (2.93.3) 2026-02-02T15:19:46.225Z #__loadSession() begin

[90mstdout[2m | tests/property/scoped-roles-processing-efficiency.test.ts[2m > [22m[2mProperty 10: Scoped Roles Processing Efficiency[2m > [22m[2mProperty 10.2: Project roles queries should use optimized indexes and complete in <50ms
[22m[39mGoTrueClient@sb-bgxknceshxxifwytalex-auth-token:0 (2.93.3) 2026-02-02T15:19:46.226Z #getSession() session from storage [1mnull[22m
GoTrueClient@sb-bgxknceshxxifwytalex-auth-token:0 (2.93.3) 2026-02-02T15:19:46.226Z #__loadSession() end

[90mstdout[2m | tests/property/scoped-roles-processing-efficiency.test.ts[2m > [22m[2mProperty 10: Scoped Roles Processing Efficiency[2m > [22m[2mProperty 10.2: Project roles queries should use optimized indexes and complete in <50ms
[22m[39mGoTrueClient@sb-bgxknceshxxifwytalex-auth-token:0 (2.93.3) 2026-02-02T15:19:46.226Z #_useSession end

[90mstdout[2m | tests/property/scoped-roles-processing-efficiency.test.ts[2m > [22m[2mProperty 10: Scoped Roles Processing Efficiency[2m > [22m[2mProperty 10.2: Project roles queries should use optimized indexes and complete in <50ms
[22m[39mGoTrueClient@sb-bgxknceshxxifwytalex-auth-token:0 (2.93.3) 2026-02-02T15:19:46.226Z #_acquireLock lock released for storage key sb-bgxknceshxxifwytalex-auth-token

[90mstdout[2m | tests/property/scoped-roles-processing-efficiency.test.ts[2m > [22m[2mProperty 10: Scoped Roles Processing Efficiency[2m > [22m[2mProperty 10.2: Project roles queries should use optimized indexes and complete in <50ms
[22m[39mGoTrueClient@sb-bgxknceshxxifwytalex-auth-token:0 (2.93.3) 2026-02-02T15:19:46.226Z #_acquireLock end

stderr | tests/property/scoped-roles-processing-efficiency.test.ts > Property 10: Scoped Roles Processing Efficiency > Property 10.2: Project roles queries should use optimized indexes and complete in <50ms
Error fetching org roles: {
  code: 'PGRST200',
  details: "Searched for a foreign key relationship between 'org_roles' and 'user_profiles' in the schema 'public', but no matches were found.",
  hint: null,
  message: "Could not find a relationship between 'org_roles' and 'user_profiles' in the schema cache"
}

[90mstdout[2m | tests/property/scoped-roles-processing-efficiency.test.ts[2m > [22m[2mProperty 10: Scoped Roles Processing Efficiency[2m > [22m[2mProperty 10.2: Project roles queries should use optimized indexes and complete in <50ms
[22m[39mGoTrueClient@sb-bgxknceshxxifwytalex-auth-token:0 (2.93.3) 2026-02-02T15:19:46.358Z #_acquireLock begin [33m10000[39m
GoTrueClient@sb-bgxknceshxxifwytalex-auth-token:0 (2.93.3) 2026-02-02T15:19:46.358Z #_acquireLock lock acquired for storage key sb-bgxknceshxxifwytalex-auth-token
GoTrueClient@sb-bgxknceshxxifwytalex-auth-token:0 (2.93.3) 2026-02-02T15:19:46.358Z #_useSession begin
GoTrueClient@sb-bgxknceshxxifwytalex-auth-token:0 (2.93.3) 2026-02-02T15:19:46.358Z #__loadSession() begin

[90mstdout[2m | tests/property/scoped-roles-processing-efficiency.test.ts[2m > [22m[2mProperty 10: Scoped Roles Processing Efficiency[2m > [22m[2mProperty 10.2: Project roles queries should use optimized indexes and complete in <50ms
[22m[39mGoTrueClient@sb-bgxknceshxxifwytalex-auth-token:0 (2.93.3) 2026-02-02T15:19:46.359Z #getSession() session from storage [1mnull[22m
GoTrueClient@sb-bgxknceshxxifwytalex-auth-token:0 (2.93.3) 2026-02-02T15:19:46.359Z #__loadSession() end

[90mstdout[2m | tests/property/scoped-roles-processing-efficiency.test.ts[2m > [22m[2mProperty 10: Scoped Roles Processing Efficiency[2m > [22m[2mProperty 10.2: Project roles queries should use optimized indexes and complete in <50ms
[22m[39mGoTrueClient@sb-bgxknceshxxifwytalex-auth-token:0 (2.93.3) 2026-02-02T15:19:46.359Z #_useSession end

[90mstdout[2m | tests/property/scoped-roles-processing-efficiency.test.ts[2m > [22m[2mProperty 10: Scoped Roles Processing Efficiency[2m > [22m[2mProperty 10.2: Project roles queries should use optimized indexes and complete in <50ms
[22m[39mGoTrueClient@sb-bgxknceshxxifwytalex-auth-token:0 (2.93.3) 2026-02-02T15:19:46.359Z #_acquireLock lock released for storage key sb-bgxknceshxxifwytalex-auth-token

[90mstdout[2m | tests/property/scoped-roles-processing-efficiency.test.ts[2m > [22m[2mProperty 10: Scoped Roles Processing Efficiency[2m > [22m[2mProperty 10.2: Project roles queries should use optimized indexes and complete in <50ms
[22m[39mGoTrueClient@sb-bgxknceshxxifwytalex-auth-token:0 (2.93.3) 2026-02-02T15:19:46.359Z #_acquireLock end

stderr | tests/property/scoped-roles-processing-efficiency.test.ts > Property 10: Scoped Roles Processing Efficiency > Property 10.2: Project roles queries should use optimized indexes and complete in <50ms
Error fetching project roles: {
  code: 'PGRST200',
  details: "Searched for a foreign key relationship between 'project_roles' and 'user_profiles' in the schema 'public', but no matches were found.",
  hint: null,
  message: "Could not find a relationship between 'project_roles' and 'user_profiles' in the schema cache"
}

[90mstdout[2m | tests/property/scoped-roles-processing-efficiency.test.ts[2m > [22m[2mProperty 10: Scoped Roles Processing Efficiency[2m > [22m[2mProperty 10.2: Project roles queries should use optimized indexes and complete in <50ms
[22m[39mGoTrueClient@sb-bgxknceshxxifwytalex-auth-token:0 (2.93.3) 2026-02-02T15:19:46.446Z #_acquireLock begin [33m10000[39m
GoTrueClient@sb-bgxknceshxxifwytalex-auth-token:0 (2.93.3) 2026-02-02T15:19:46.446Z #_acquireLock lock acquired for storage key sb-bgxknceshxxifwytalex-auth-token
GoTrueClient@sb-bgxknceshxxifwytalex-auth-token:0 (2.93.3) 2026-02-02T15:19:46.446Z #_useSession begin
GoTrueClient@sb-bgxknceshxxifwytalex-auth-token:0 (2.93.3) 2026-02-02T15:19:46.446Z #__loadSession() begin

[90mstdout[2m | tests/property/scoped-roles-processing-efficiency.test.ts[2m > [22m[2mProperty 10: Scoped Roles Processing Efficiency[2m > [22m[2mProperty 10.2: Project roles queries should use optimized indexes and complete in <50ms
[22m[39mGoTrueClient@sb-bgxknceshxxifwytalex-auth-token:0 (2.93.3) 2026-02-02T15:19:46.446Z #getSession() session from storage [1mnull[22m
GoTrueClient@sb-bgxknceshxxifwytalex-auth-token:0 (2.93.3) 2026-02-02T15:19:46.446Z #__loadSession() end

[90mstdout[2m | tests/property/scoped-roles-processing-efficiency.test.ts[2m > [22m[2mProperty 10: Scoped Roles Processing Efficiency[2m > [22m[2mProperty 10.2: Project roles queries should use optimized indexes and complete in <50ms
[22m[39mGoTrueClient@sb-bgxknceshxxifwytalex-auth-token:0 (2.93.3) 2026-02-02T15:19:46.446Z #_useSession end

[90mstdout[2m | tests/property/scoped-roles-processing-efficiency.test.ts[2m > [22m[2mProperty 10: Scoped Roles Processing Efficiency[2m > [22m[2mProperty 10.2: Project roles queries should use optimized indexes and complete in <50ms
[22m[39mGoTrueClient@sb-bgxknceshxxifwytalex-auth-token:0 (2.93.3) 2026-02-02T15:19:46.446Z #_acquireLock lock released for storage key sb-bgxknceshxxifwytalex-auth-token

[90mstdout[2m | tests/property/scoped-roles-processing-efficiency.test.ts[2m > [22m[2mProperty 10: Scoped Roles Processing Efficiency[2m > [22m[2mProperty 10.2: Project roles queries should use optimized indexes and complete in <50ms
[22m[39mGoTrueClient@sb-bgxknceshxxifwytalex-auth-token:0 (2.93.3) 2026-02-02T15:19:46.446Z #_acquireLock end

stderr | tests/property/scoped-roles-processing-efficiency.test.ts > Property 10: Scoped Roles Processing Efficiency > Property 10.2: Project roles queries should use optimized indexes and complete in <50ms
Error fetching org roles: {
  code: 'PGRST200',
  details: "Searched for a foreign key relationship between 'org_roles' and 'user_profiles' in the schema 'public', but no matches were found.",
  hint: null,
  message: "Could not find a relationship between 'org_roles' and 'user_profiles' in the schema cache"
}

[90mstdout[2m | tests/property/scoped-roles-processing-efficiency.test.ts[2m > [22m[2mProperty 10: Scoped Roles Processing Efficiency[2m > [22m[2mProperty 10.2: Project roles queries should use optimized indexes and complete in <50ms
[22m[39mGoTrueClient@sb-bgxknceshxxifwytalex-auth-token:0 (2.93.3) 2026-02-02T15:19:46.568Z #_acquireLock begin [33m10000[39m
GoTrueClient@sb-bgxknceshxxifwytalex-auth-token:0 (2.93.3) 2026-02-02T15:19:46.568Z #_acquireLock lock acquired for storage key sb-bgxknceshxxifwytalex-auth-token
GoTrueClient@sb-bgxknceshxxifwytalex-auth-token:0 (2.93.3) 2026-02-02T15:19:46.568Z #_useSession begin
GoTrueClient@sb-bgxknceshxxifwytalex-auth-token:0 (2.93.3) 2026-02-02T15:19:46.568Z #__loadSession() begin

[90mstdout[2m | tests/property/scoped-roles-processing-efficiency.test.ts[2m > [22m[2mProperty 10: Scoped Roles Processing Efficiency[2m > [22m[2mProperty 10.2: Project roles queries should use optimized indexes and complete in <50ms
[22m[39mGoTrueClient@sb-bgxknceshxxifwytalex-auth-token:0 (2.93.3) 2026-02-02T15:19:46.568Z #getSession() session from storage [1mnull[22m
GoTrueClient@sb-bgxknceshxxifwytalex-auth-token:0 (2.93.3) 2026-02-02T15:19:46.568Z #__loadSession() end

[90mstdout[2m | tests/property/scoped-roles-processing-efficiency.test.ts[2m > [22m[2mProperty 10: Scoped Roles Processing Efficiency[2m > [22m[2mProperty 10.2: Project roles queries should use optimized indexes and complete in <50ms
[22m[39mGoTrueClient@sb-bgxknceshxxifwytalex-auth-token:0 (2.93.3) 2026-02-02T15:19:46.568Z #_useSession end

[90mstdout[2m | tests/property/scoped-roles-processing-efficiency.test.ts[2m > [22m[2mProperty 10: Scoped Roles Processing Efficiency[2m > [22m[2mProperty 10.2: Project roles queries should use optimized indexes and complete in <50ms
[22m[39mGoTrueClient@sb-bgxknceshxxifwytalex-auth-token:0 (2.93.3) 2026-02-02T15:19:46.568Z #_acquireLock lock released for storage key sb-bgxknceshxxifwytalex-auth-token

[90mstdout[2m | tests/property/scoped-roles-processing-efficiency.test.ts[2m > [22m[2mProperty 10: Scoped Roles Processing Efficiency[2m > [22m[2mProperty 10.2: Project roles queries should use optimized indexes and complete in <50ms
[22m[39mGoTrueClient@sb-bgxknceshxxifwytalex-auth-token:0 (2.93.3) 2026-02-02T15:19:46.568Z #_acquireLock end

stderr | tests/property/scoped-roles-processing-efficiency.test.ts > Property 10: Scoped Roles Processing Efficiency > Property 10.2: Project roles queries should use optimized indexes and complete in <50ms
Error fetching project roles: {
  code: 'PGRST200',
  details: "Searched for a foreign key relationship between 'project_roles' and 'user_profiles' in the schema 'public', but no matches were found.",
  hint: null,
  message: "Could not find a relationship between 'project_roles' and 'user_profiles' in the schema cache"
}

[90mstdout[2m | tests/property/scoped-roles-processing-efficiency.test.ts[2m > [22m[2mProperty 10: Scoped Roles Processing Efficiency[2m > [22m[2mProperty 10.2: Project roles queries should use optimized indexes and complete in <50ms
[22m[39mGoTrueClient@sb-bgxknceshxxifwytalex-auth-token:0 (2.93.3) 2026-02-02T15:19:46.658Z #_acquireLock begin [33m10000[39m
GoTrueClient@sb-bgxknceshxxifwytalex-auth-token:0 (2.93.3) 2026-02-02T15:19:46.658Z #_acquireLock lock acquired for storage key sb-bgxknceshxxifwytalex-auth-token
GoTrueClient@sb-bgxknceshxxifwytalex-auth-token:0 (2.93.3) 2026-02-02T15:19:46.658Z #_useSession begin
GoTrueClient@sb-bgxknceshxxifwytalex-auth-token:0 (2.93.3) 2026-02-02T15:19:46.658Z #__loadSession() begin

[90mstdout[2m | tests/property/scoped-roles-processing-efficiency.test.ts[2m > [22m[2mProperty 10: Scoped Roles Processing Efficiency[2m > [22m[2mProperty 10.2: Project roles queries should use optimized indexes and complete in <50ms
[22m[39mGoTrueClient@sb-bgxknceshxxifwytalex-auth-token:0 (2.93.3) 2026-02-02T15:19:46.658Z #getSession() session from storage [1mnull[22m
GoTrueClient@sb-bgxknceshxxifwytalex-auth-token:0 (2.93.3) 2026-02-02T15:19:46.658Z #__loadSession() end

[90mstdout[2m | tests/property/scoped-roles-processing-efficiency.test.ts[2m > [22m[2mProperty 10: Scoped Roles Processing Efficiency[2m > [22m[2mProperty 10.2: Project roles queries should use optimized indexes and complete in <50ms
[22m[39mGoTrueClient@sb-bgxknceshxxifwytalex-auth-token:0 (2.93.3) 2026-02-02T15:19:46.658Z #_useSession end

[90mstdout[2m | tests/property/scoped-roles-processing-efficiency.test.ts[2m > [22m[2mProperty 10: Scoped Roles Processing Efficiency[2m > [22m[2mProperty 10.2: Project roles queries should use optimized indexes and complete in <50ms
[22m[39mGoTrueClient@sb-bgxknceshxxifwytalex-auth-token:0 (2.93.3) 2026-02-02T15:19:46.658Z #_acquireLock lock released for storage key sb-bgxknceshxxifwytalex-auth-token

[90mstdout[2m | tests/property/scoped-roles-processing-efficiency.test.ts[2m > [22m[2mProperty 10: Scoped Roles Processing Efficiency[2m > [22m[2mProperty 10.2: Project roles queries should use optimized indexes and complete in <50ms
[22m[39mGoTrueClient@sb-bgxknceshxxifwytalex-auth-token:0 (2.93.3) 2026-02-02T15:19:46.658Z #_acquireLock end

stderr | tests/property/scoped-roles-processing-efficiency.test.ts > Property 10: Scoped Roles Processing Efficiency > Property 10.2: Project roles queries should use optimized indexes and complete in <50ms
Error fetching org roles: {
  code: 'PGRST200',
  details: "Searched for a foreign key relationship between 'org_roles' and 'user_profiles' in the schema 'public', but no matches were found.",
  hint: null,
  message: "Could not find a relationship between 'org_roles' and 'user_profiles' in the schema cache"
}

[90mstdout[2m | tests/property/scoped-roles-processing-efficiency.test.ts[2m > [22m[2mProperty 10: Scoped Roles Processing Efficiency[2m > [22m[2mProperty 10.2: Project roles queries should use optimized indexes and complete in <50ms
[22m[39mGoTrueClient@sb-bgxknceshxxifwytalex-auth-token:0 (2.93.3) 2026-02-02T15:19:46.772Z #_acquireLock begin [33m10000[39m
GoTrueClient@sb-bgxknceshxxifwytalex-auth-token:0 (2.93.3) 2026-02-02T15:19:46.772Z #_acquireLock lock acquired for storage key sb-bgxknceshxxifwytalex-auth-token
GoTrueClient@sb-bgxknceshxxifwytalex-auth-token:0 (2.93.3) 2026-02-02T15:19:46.772Z #_useSession begin
GoTrueClient@sb-bgxknceshxxifwytalex-auth-token:0 (2.93.3) 2026-02-02T15:19:46.772Z #__loadSession() begin

[90mstdout[2m | tests/property/scoped-roles-processing-efficiency.test.ts[2m > [22m[2mProperty 10: Scoped Roles Processing Efficiency[2m > [22m[2mProperty 10.2: Project roles queries should use optimized indexes and complete in <50ms
[22m[39mGoTrueClient@sb-bgxknceshxxifwytalex-auth-token:0 (2.93.3) 2026-02-02T15:19:46.773Z #getSession() session from storage [1mnull[22m
GoTrueClient@sb-bgxknceshxxifwytalex-auth-token:0 (2.93.3) 2026-02-02T15:19:46.773Z #__loadSession() end

[90mstdout[2m | tests/property/scoped-roles-processing-efficiency.test.ts[2m > [22m[2mProperty 10: Scoped Roles Processing Efficiency[2m > [22m[2mProperty 10.2: Project roles queries should use optimized indexes and complete in <50ms
[22m[39mGoTrueClient@sb-bgxknceshxxifwytalex-auth-token:0 (2.93.3) 2026-02-02T15:19:46.773Z #_useSession end

[90mstdout[2m | tests/property/scoped-roles-processing-efficiency.test.ts[2m > [22m[2mProperty 10: Scoped Roles Processing Efficiency[2m > [22m[2mProperty 10.2: Project roles queries should use optimized indexes and complete in <50ms
[22m[39mGoTrueClient@sb-bgxknceshxxifwytalex-auth-token:0 (2.93.3) 2026-02-02T15:19:46.773Z #_acquireLock lock released for storage key sb-bgxknceshxxifwytalex-auth-token

[90mstdout[2m | tests/property/scoped-roles-processing-efficiency.test.ts[2m > [22m[2mProperty 10: Scoped Roles Processing Efficiency[2m > [22m[2mProperty 10.2: Project roles queries should use optimized indexes and complete in <50ms
[22m[39mGoTrueClient@sb-bgxknceshxxifwytalex-auth-token:0 (2.93.3) 2026-02-02T15:19:46.773Z #_acquireLock end

stderr | tests/property/scoped-roles-processing-efficiency.test.ts > Property 10: Scoped Roles Processing Efficiency > Property 10.2: Project roles queries should use optimized indexes and complete in <50ms
Error fetching project roles: {
  code: 'PGRST200',
  details: "Searched for a foreign key relationship between 'project_roles' and 'user_profiles' in the schema 'public', but no matches were found.",
  hint: null,
  message: "Could not find a relationship between 'project_roles' and 'user_profiles' in the schema cache"
}

[90mstdout[2m | tests/property/scoped-roles-processing-efficiency.test.ts[2m > [22m[2mProperty 10: Scoped Roles Processing Efficiency[2m > [22m[2mProperty 10.2: Project roles queries should use optimized indexes and complete in <50ms
[22m[39mGoTrueClient@sb-bgxknceshxxifwytalex-auth-token:0 (2.93.3) 2026-02-02T15:19:46.876Z #_acquireLock begin [33m10000[39m
GoTrueClient@sb-bgxknceshxxifwytalex-auth-token:0 (2.93.3) 2026-02-02T15:19:46.876Z #_acquireLock lock acquired for storage key sb-bgxknceshxxifwytalex-auth-token
GoTrueClient@sb-bgxknceshxxifwytalex-auth-token:0 (2.93.3) 2026-02-02T15:19:46.876Z #_useSession begin
GoTrueClient@sb-bgxknceshxxifwytalex-auth-token:0 (2.93.3) 2026-02-02T15:19:46.876Z #__loadSession() begin

[90mstdout[2m | tests/property/scoped-roles-processing-efficiency.test.ts[2m > [22m[2mProperty 10: Scoped Roles Processing Efficiency[2m > [22m[2mProperty 10.2: Project roles queries should use optimized indexes and complete in <50ms
[22m[39mGoTrueClient@sb-bgxknceshxxifwytalex-auth-token:0 (2.93.3) 2026-02-02T15:19:46.876Z #getSession() session from storage [1mnull[22m
GoTrueClient@sb-bgxknceshxxifwytalex-auth-token:0 (2.93.3) 2026-02-02T15:19:46.876Z #__loadSession() end

[90mstdout[2m | tests/property/scoped-roles-processing-efficiency.test.ts[2m > [22m[2mProperty 10: Scoped Roles Processing Efficiency[2m > [22m[2mProperty 10.2: Project roles queries should use optimized indexes and complete in <50ms
[22m[39mGoTrueClient@sb-bgxknceshxxifwytalex-auth-token:0 (2.93.3) 2026-02-02T15:19:46.876Z #_useSession end

[90mstdout[2m | tests/property/scoped-roles-processing-efficiency.test.ts[2m > [22m[2mProperty 10: Scoped Roles Processing Efficiency[2m > [22m[2mProperty 10.2: Project roles queries should use optimized indexes and complete in <50ms
[22m[39mGoTrueClient@sb-bgxknceshxxifwytalex-auth-token:0 (2.93.3) 2026-02-02T15:19:46.876Z #_acquireLock lock released for storage key sb-bgxknceshxxifwytalex-auth-token

[90mstdout[2m | tests/property/scoped-roles-processing-efficiency.test.ts[2m > [22m[2mProperty 10: Scoped Roles Processing Efficiency[2m > [22m[2mProperty 10.2: Project roles queries should use optimized indexes and complete in <50ms
[22m[39mGoTrueClient@sb-bgxknceshxxifwytalex-auth-token:0 (2.93.3) 2026-02-02T15:19:46.876Z #_acquireLock end

stderr | tests/property/scoped-roles-processing-efficiency.test.ts > Property 10: Scoped Roles Processing Efficiency > Property 10.2: Project roles queries should use optimized indexes and complete in <50ms
Error fetching org roles: {
  code: 'PGRST200',
  details: "Searched for a foreign key relationship between 'org_roles' and 'user_profiles' in the schema 'public', but no matches were found.",
  hint: null,
  message: "Could not find a relationship between 'org_roles' and 'user_profiles' in the schema cache"
}

[90mstdout[2m | tests/property/scoped-roles-processing-efficiency.test.ts[2m > [22m[2mProperty 10: Scoped Roles Processing Efficiency[2m > [22m[2mProperty 10.2: Project roles queries should use optimized indexes and complete in <50ms
[22m[39mGoTrueClient@sb-bgxknceshxxifwytalex-auth-token:0 (2.93.3) 2026-02-02T15:19:46.979Z #_acquireLock begin [33m10000[39m
GoTrueClient@sb-bgxknceshxxifwytalex-auth-token:0 (2.93.3) 2026-02-02T15:19:46.979Z #_acquireLock lock acquired for storage key sb-bgxknceshxxifwytalex-auth-token
GoTrueClient@sb-bgxknceshxxifwytalex-auth-token:0 (2.93.3) 2026-02-02T15:19:46.979Z #_useSession begin
GoTrueClient@sb-bgxknceshxxifwytalex-auth-token:0 (2.93.3) 2026-02-02T15:19:46.979Z #__loadSession() begin

[90mstdout[2m | tests/property/scoped-roles-processing-efficiency.test.ts[2m > [22m[2mProperty 10: Scoped Roles Processing Efficiency[2m > [22m[2mProperty 10.2: Project roles queries should use optimized indexes and complete in <50ms
[22m[39mGoTrueClient@sb-bgxknceshxxifwytalex-auth-token:0 (2.93.3) 2026-02-02T15:19:46.979Z #getSession() session from storage [1mnull[22m
GoTrueClient@sb-bgxknceshxxifwytalex-auth-token:0 (2.93.3) 2026-02-02T15:19:46.979Z #__loadSession() end

[90mstdout[2m | tests/property/scoped-roles-processing-efficiency.test.ts[2m > [22m[2mProperty 10: Scoped Roles Processing Efficiency[2m > [22m[2mProperty 10.2: Project roles queries should use optimized indexes and complete in <50ms
[22m[39mGoTrueClient@sb-bgxknceshxxifwytalex-auth-token:0 (2.93.3) 2026-02-02T15:19:46.979Z #_useSession end

[90mstdout[2m | tests/property/scoped-roles-processing-efficiency.test.ts[2m > [22m[2mProperty 10: Scoped Roles Processing Efficiency[2m > [22m[2mProperty 10.2: Project roles queries should use optimized indexes and complete in <50ms
[22m[39mGoTrueClient@sb-bgxknceshxxifwytalex-auth-token:0 (2.93.3) 2026-02-02T15:19:46.979Z #_acquireLock lock released for storage key sb-bgxknceshxxifwytalex-auth-token

[90mstdout[2m | tests/property/scoped-roles-processing-efficiency.test.ts[2m > [22m[2mProperty 10: Scoped Roles Processing Efficiency[2m > [22m[2mProperty 10.2: Project roles queries should use optimized indexes and complete in <50ms
[22m[39mGoTrueClient@sb-bgxknceshxxifwytalex-auth-token:0 (2.93.3) 2026-02-02T15:19:46.979Z #_acquireLock end

stderr | tests/property/scoped-roles-processing-efficiency.test.ts > Property 10: Scoped Roles Processing Efficiency > Property 10.2: Project roles queries should use optimized indexes and complete in <50ms
Error fetching project roles: {
  code: 'PGRST200',
  details: "Searched for a foreign key relationship between 'project_roles' and 'user_profiles' in the schema 'public', but no matches were found.",
  hint: null,
  message: "Could not find a relationship between 'project_roles' and 'user_profiles' in the schema cache"
}

[90mstdout[2m | tests/property/scoped-roles-processing-efficiency.test.ts[2m > [22m[2mProperty 10: Scoped Roles Processing Efficiency[2m > [22m[2mProperty 10.2: Project roles queries should use optimized indexes and complete in <50ms
[22m[39mGoTrueClient@sb-bgxknceshxxifwytalex-auth-token:0 (2.93.3) 2026-02-02T15:19:47.099Z #_acquireLock begin [33m10000[39m
GoTrueClient@sb-bgxknceshxxifwytalex-auth-token:0 (2.93.3) 2026-02-02T15:19:47.100Z #_acquireLock lock acquired for storage key sb-bgxknceshxxifwytalex-auth-token
GoTrueClient@sb-bgxknceshxxifwytalex-auth-token:0 (2.93.3) 2026-02-02T15:19:47.100Z #_useSession begin
GoTrueClient@sb-bgxknceshxxifwytalex-auth-token:0 (2.93.3) 2026-02-02T15:19:47.100Z #__loadSession() begin

[90mstdout[2m | tests/property/scoped-roles-processing-efficiency.test.ts[2m > [22m[2mProperty 10: Scoped Roles Processing Efficiency[2m > [22m[2mProperty 10.2: Project roles queries should use optimized indexes and complete in <50ms
[22m[39mGoTrueClient@sb-bgxknceshxxifwytalex-auth-token:0 (2.93.3) 2026-02-02T15:19:47.100Z #getSession() session from storage [1mnull[22m
GoTrueClient@sb-bgxknceshxxifwytalex-auth-token:0 (2.93.3) 2026-02-02T15:19:47.100Z #__loadSession() end

[90mstdout[2m | tests/property/scoped-roles-processing-efficiency.test.ts[2m > [22m[2mProperty 10: Scoped Roles Processing Efficiency[2m > [22m[2mProperty 10.2: Project roles queries should use optimized indexes and complete in <50ms
[22m[39mGoTrueClient@sb-bgxknceshxxifwytalex-auth-token:0 (2.93.3) 2026-02-02T15:19:47.100Z #_useSession end

[90mstdout[2m | tests/property/scoped-roles-processing-efficiency.test.ts[2m > [22m[2mProperty 10: Scoped Roles Processing Efficiency[2m > [22m[2mProperty 10.2: Project roles queries should use optimized indexes and complete in <50ms
[22m[39mGoTrueClient@sb-bgxknceshxxifwytalex-auth-token:0 (2.93.3) 2026-02-02T15:19:47.100Z #_acquireLock lock released for storage key sb-bgxknceshxxifwytalex-auth-token

[90mstdout[2m | tests/property/scoped-roles-processing-efficiency.test.ts[2m > [22m[2mProperty 10: Scoped Roles Processing Efficiency[2m > [22m[2mProperty 10.2: Project roles queries should use optimized indexes and complete in <50ms
[22m[39mGoTrueClient@sb-bgxknceshxxifwytalex-auth-token:0 (2.93.3) 2026-02-02T15:19:47.100Z #_acquireLock end

stderr | tests/property/scoped-roles-processing-efficiency.test.ts > Property 10: Scoped Roles Processing Efficiency > Property 10.2: Project roles queries should use optimized indexes and complete in <50ms
Error fetching org roles: {
  code: 'PGRST200',
  details: "Searched for a foreign key relationship between 'org_roles' and 'user_profiles' in the schema 'public', but no matches were found.",
  hint: null,
  message: "Could not find a relationship between 'org_roles' and 'user_profiles' in the schema cache"
}

[90mstdout[2m | tests/property/scoped-roles-processing-efficiency.test.ts[2m > [22m[2mProperty 10: Scoped Roles Processing Efficiency[2m > [22m[2mProperty 10.2: Project roles queries should use optimized indexes and complete in <50ms
[22m[39mGoTrueClient@sb-bgxknceshxxifwytalex-auth-token:0 (2.93.3) 2026-02-02T15:19:47.190Z #_acquireLock begin [33m10000[39m
GoTrueClient@sb-bgxknceshxxifwytalex-auth-token:0 (2.93.3) 2026-02-02T15:19:47.190Z #_acquireLock lock acquired for storage key sb-bgxknceshxxifwytalex-auth-token
GoTrueClient@sb-bgxknceshxxifwytalex-auth-token:0 (2.93.3) 2026-02-02T15:19:47.190Z #_useSession begin
GoTrueClient@sb-bgxknceshxxifwytalex-auth-token:0 (2.93.3) 2026-02-02T15:19:47.190Z #__loadSession() begin

[90mstdout[2m | tests/property/scoped-roles-processing-efficiency.test.ts[2m > [22m[2mProperty 10: Scoped Roles Processing Efficiency[2m > [22m[2mProperty 10.2: Project roles queries should use optimized indexes and complete in <50ms
[22m[39mGoTrueClient@sb-bgxknceshxxifwytalex-auth-token:0 (2.93.3) 2026-02-02T15:19:47.190Z #getSession() session from storage [1mnull[22m
GoTrueClient@sb-bgxknceshxxifwytalex-auth-token:0 (2.93.3) 2026-02-02T15:19:47.190Z #__loadSession() end

[90mstdout[2m | tests/property/scoped-roles-processing-efficiency.test.ts[2m > [22m[2mProperty 10: Scoped Roles Processing Efficiency[2m > [22m[2mProperty 10.2: Project roles queries should use optimized indexes and complete in <50ms
[22m[39mGoTrueClient@sb-bgxknceshxxifwytalex-auth-token:0 (2.93.3) 2026-02-02T15:19:47.190Z #_useSession end

[90mstdout[2m | tests/property/scoped-roles-processing-efficiency.test.ts[2m > [22m[2mProperty 10: Scoped Roles Processing Efficiency[2m > [22m[2mProperty 10.2: Project roles queries should use optimized indexes and complete in <50ms
[22m[39mGoTrueClient@sb-bgxknceshxxifwytalex-auth-token:0 (2.93.3) 2026-02-02T15:19:47.190Z #_acquireLock lock released for storage key sb-bgxknceshxxifwytalex-auth-token

[90mstdout[2m | tests/property/scoped-roles-processing-efficiency.test.ts[2m > [22m[2mProperty 10: Scoped Roles Processing Efficiency[2m > [22m[2mProperty 10.2: Project roles queries should use optimized indexes and complete in <50ms
[22m[39mGoTrueClient@sb-bgxknceshxxifwytalex-auth-token:0 (2.93.3) 2026-02-02T15:19:47.190Z #_acquireLock end

stderr | tests/property/scoped-roles-processing-efficiency.test.ts > Property 10: Scoped Roles Processing Efficiency > Property 10.2: Project roles queries should use optimized indexes and complete in <50ms
Error fetching project roles: {
  code: 'PGRST200',
  details: "Searched for a foreign key relationship between 'project_roles' and 'user_profiles' in the schema 'public', but no matches were found.",
  hint: null,
  message: "Could not find a relationship between 'project_roles' and 'user_profiles' in the schema cache"
}

[90mstdout[2m | tests/property/scoped-roles-processing-efficiency.test.ts[2m > [22m[2mProperty 10: Scoped Roles Processing Efficiency[2m > [22m[2mProperty 10.2: Project roles queries should use optimized indexes and complete in <50ms
[22m[39mGoTrueClient@sb-bgxknceshxxifwytalex-auth-token:0 (2.93.3) 2026-02-02T15:19:47.314Z #_acquireLock begin [33m10000[39m
GoTrueClient@sb-bgxknceshxxifwytalex-auth-token:0 (2.93.3) 2026-02-02T15:19:47.315Z #_acquireLock lock acquired for storage key sb-bgxknceshxxifwytalex-auth-token
GoTrueClient@sb-bgxknceshxxifwytalex-auth-token:0 (2.93.3) 2026-02-02T15:19:47.315Z #_useSession begin
GoTrueClient@sb-bgxknceshxxifwytalex-auth-token:0 (2.93.3) 2026-02-02T15:19:47.315Z #__loadSession() begin

[90mstdout[2m | tests/property/scoped-roles-processing-efficiency.test.ts[2m > [22m[2mProperty 10: Scoped Roles Processing Efficiency[2m > [22m[2mProperty 10.2: Project roles queries should use optimized indexes and complete in <50ms
[22m[39mGoTrueClient@sb-bgxknceshxxifwytalex-auth-token:0 (2.93.3) 2026-02-02T15:19:47.315Z #getSession() session from storage [1mnull[22m
GoTrueClient@sb-bgxknceshxxifwytalex-auth-token:0 (2.93.3) 2026-02-02T15:19:47.315Z #__loadSession() end

[90mstdout[2m | tests/property/scoped-roles-processing-efficiency.test.ts[2m > [22m[2mProperty 10: Scoped Roles Processing Efficiency[2m > [22m[2mProperty 10.2: Project roles queries should use optimized indexes and complete in <50ms
[22m[39mGoTrueClient@sb-bgxknceshxxifwytalex-auth-token:0 (2.93.3) 2026-02-02T15:19:47.315Z #_useSession end

[90mstdout[2m | tests/property/scoped-roles-processing-efficiency.test.ts[2m > [22m[2mProperty 10: Scoped Roles Processing Efficiency[2m > [22m[2mProperty 10.2: Project roles queries should use optimized indexes and complete in <50ms
[22m[39mGoTrueClient@sb-bgxknceshxxifwytalex-auth-token:0 (2.93.3) 2026-02-02T15:19:47.315Z #_acquireLock lock released for storage key sb-bgxknceshxxifwytalex-auth-token

[90mstdout[2m | tests/property/scoped-roles-processing-efficiency.test.ts[2m > [22m[2mProperty 10: Scoped Roles Processing Efficiency[2m > [22m[2mProperty 10.2: Project roles queries should use optimized indexes and complete in <50ms
[22m[39mGoTrueClient@sb-bgxknceshxxifwytalex-auth-token:0 (2.93.3) 2026-02-02T15:19:47.316Z #_acquireLock end

stderr | tests/property/scoped-roles-processing-efficiency.test.ts > Property 10: Scoped Roles Processing Efficiency > Property 10.2: Project roles queries should use optimized indexes and complete in <50ms
Error fetching org roles: {
  code: 'PGRST200',
  details: "Searched for a foreign key relationship between 'org_roles' and 'user_profiles' in the schema 'public', but no matches were found.",
  hint: null,
  message: "Could not find a relationship between 'org_roles' and 'user_profiles' in the schema cache"
}

[90mstdout[2m | tests/property/scoped-roles-processing-efficiency.test.ts[2m > [22m[2mProperty 10: Scoped Roles Processing Efficiency[2m > [22m[2mProperty 10.2: Project roles queries should use optimized indexes and complete in <50ms
[22m[39mGoTrueClient@sb-bgxknceshxxifwytalex-auth-token:0 (2.93.3) 2026-02-02T15:19:47.393Z #_acquireLock begin [33m10000[39m
GoTrueClient@sb-bgxknceshxxifwytalex-auth-token:0 (2.93.3) 2026-02-02T15:19:47.393Z #_acquireLock lock acquired for storage key sb-bgxknceshxxifwytalex-auth-token
GoTrueClient@sb-bgxknceshxxifwytalex-auth-token:0 (2.93.3) 2026-02-02T15:19:47.393Z #_useSession begin
GoTrueClient@sb-bgxknceshxxifwytalex-auth-token:0 (2.93.3) 2026-02-02T15:19:47.393Z #__loadSession() begin

[90mstdout[2m | tests/property/scoped-roles-processing-efficiency.test.ts[2m > [22m[2mProperty 10: Scoped Roles Processing Efficiency[2m > [22m[2mProperty 10.2: Project roles queries should use optimized indexes and complete in <50ms
[22m[39mGoTrueClient@sb-bgxknceshxxifwytalex-auth-token:0 (2.93.3) 2026-02-02T15:19:47.393Z #getSession() session from storage [1mnull[22m
GoTrueClient@sb-bgxknceshxxifwytalex-auth-token:0 (2.93.3) 2026-02-02T15:19:47.393Z #__loadSession() end

[90mstdout[2m | tests/property/scoped-roles-processing-efficiency.test.ts[2m > [22m[2mProperty 10: Scoped Roles Processing Efficiency[2m > [22m[2mProperty 10.2: Project roles queries should use optimized indexes and complete in <50ms
[22m[39mGoTrueClient@sb-bgxknceshxxifwytalex-auth-token:0 (2.93.3) 2026-02-02T15:19:47.393Z #_useSession end

[90mstdout[2m | tests/property/scoped-roles-processing-efficiency.test.ts[2m > [22m[2mProperty 10: Scoped Roles Processing Efficiency[2m > [22m[2mProperty 10.2: Project roles queries should use optimized indexes and complete in <50ms
[22m[39mGoTrueClient@sb-bgxknceshxxifwytalex-auth-token:0 (2.93.3) 2026-02-02T15:19:47.394Z #_acquireLock lock released for storage key sb-bgxknceshxxifwytalex-auth-token

[90mstdout[2m | tests/property/scoped-roles-processing-efficiency.test.ts[2m > [22m[2mProperty 10: Scoped Roles Processing Efficiency[2m > [22m[2mProperty 10.2: Project roles queries should use optimized indexes and complete in <50ms
[22m[39mGoTrueClient@sb-bgxknceshxxifwytalex-auth-token:0 (2.93.3) 2026-02-02T15:19:47.394Z #_acquireLock end

stderr | tests/property/scoped-roles-processing-efficiency.test.ts > Property 10: Scoped Roles Processing Efficiency > Property 10.2: Project roles queries should use optimized indexes and complete in <50ms
Error fetching project roles: {
  code: 'PGRST200',
  details: "Searched for a foreign key relationship between 'project_roles' and 'user_profiles' in the schema 'public', but no matches were found.",
  hint: null,
  message: "Could not find a relationship between 'project_roles' and 'user_profiles' in the schema cache"
}

[90mstdout[2m | tests/property/scoped-roles-processing-efficiency.test.ts[2m > [22m[2mProperty 10: Scoped Roles Processing Efficiency[2m > [22m[2mProperty 10.2: Project roles queries should use optimized indexes and complete in <50ms
[22m[39mGoTrueClient@sb-bgxknceshxxifwytalex-auth-token:0 (2.93.3) 2026-02-02T15:19:47.565Z #_acquireLock begin [33m10000[39m
GoTrueClient@sb-bgxknceshxxifwytalex-auth-token:0 (2.93.3) 2026-02-02T15:19:47.565Z #_acquireLock lock acquired for storage key sb-bgxknceshxxifwytalex-auth-token
GoTrueClient@sb-bgxknceshxxifwytalex-auth-token:0 (2.93.3) 2026-02-02T15:19:47.565Z #_useSession begin
GoTrueClient@sb-bgxknceshxxifwytalex-auth-token:0 (2.93.3) 2026-02-02T15:19:47.565Z #__loadSession() begin

[90mstdout[2m | tests/property/scoped-roles-processing-efficiency.test.ts[2m > [22m[2mProperty 10: Scoped Roles Processing Efficiency[2m > [22m[2mProperty 10.2: Project roles queries should use optimized indexes and complete in <50ms
[22m[39mGoTrueClient@sb-bgxknceshxxifwytalex-auth-token:0 (2.93.3) 2026-02-02T15:19:47.566Z #getSession() session from storage [1mnull[22m
GoTrueClient@sb-bgxknceshxxifwytalex-auth-token:0 (2.93.3) 2026-02-02T15:19:47.566Z #__loadSession() end

[90mstdout[2m | tests/property/scoped-roles-processing-efficiency.test.ts[2m > [22m[2mProperty 10: Scoped Roles Processing Efficiency[2m > [22m[2mProperty 10.2: Project roles queries should use optimized indexes and complete in <50ms
[22m[39mGoTrueClient@sb-bgxknceshxxifwytalex-auth-token:0 (2.93.3) 2026-02-02T15:19:47.566Z #_useSession end

[90mstdout[2m | tests/property/scoped-roles-processing-efficiency.test.ts[2m > [22m[2mProperty 10: Scoped Roles Processing Efficiency[2m > [22m[2mProperty 10.2: Project roles queries should use optimized indexes and complete in <50ms
[22m[39mGoTrueClient@sb-bgxknceshxxifwytalex-auth-token:0 (2.93.3) 2026-02-02T15:19:47.566Z #_acquireLock lock released for storage key sb-bgxknceshxxifwytalex-auth-token

[90mstdout[2m | tests/property/scoped-roles-processing-efficiency.test.ts[2m > [22m[2mProperty 10: Scoped Roles Processing Efficiency[2m > [22m[2mProperty 10.2: Project roles queries should use optimized indexes and complete in <50ms
[22m[39mGoTrueClient@sb-bgxknceshxxifwytalex-auth-token:0 (2.93.3) 2026-02-02T15:19:47.566Z #_acquireLock end

stderr | tests/property/scoped-roles-processing-efficiency.test.ts > Property 10: Scoped Roles Processing Efficiency > Property 10.2: Project roles queries should use optimized indexes and complete in <50ms
Error fetching org roles: {
  code: 'PGRST200',
  details: "Searched for a foreign key relationship between 'org_roles' and 'user_profiles' in the schema 'public', but no matches were found.",
  hint: null,
  message: "Could not find a relationship between 'org_roles' and 'user_profiles' in the schema cache"
}

[90mstdout[2m | tests/property/scoped-roles-processing-efficiency.test.ts[2m > [22m[2mProperty 10: Scoped Roles Processing Efficiency[2m > [22m[2mProperty 10.2: Project roles queries should use optimized indexes and complete in <50ms
[22m[39mGoTrueClient@sb-bgxknceshxxifwytalex-auth-token:0 (2.93.3) 2026-02-02T15:19:47.601Z #_acquireLock begin [33m10000[39m
GoTrueClient@sb-bgxknceshxxifwytalex-auth-token:0 (2.93.3) 2026-02-02T15:19:47.601Z #_acquireLock lock acquired for storage key sb-bgxknceshxxifwytalex-auth-token
GoTrueClient@sb-bgxknceshxxifwytalex-auth-token:0 (2.93.3) 2026-02-02T15:19:47.601Z #_useSession begin
GoTrueClient@sb-bgxknceshxxifwytalex-auth-token:0 (2.93.3) 2026-02-02T15:19:47.601Z #__loadSession() begin

[90mstdout[2m | tests/property/scoped-roles-processing-efficiency.test.ts[2m > [22m[2mProperty 10: Scoped Roles Processing Efficiency[2m > [22m[2mProperty 10.2: Project roles queries should use optimized indexes and complete in <50ms
[22m[39mGoTrueClient@sb-bgxknceshxxifwytalex-auth-token:0 (2.93.3) 2026-02-02T15:19:47.601Z #getSession() session from storage [1mnull[22m
GoTrueClient@sb-bgxknceshxxifwytalex-auth-token:0 (2.93.3) 2026-02-02T15:19:47.601Z #__loadSession() end

[90mstdout[2m | tests/property/scoped-roles-processing-efficiency.test.ts[2m > [22m[2mProperty 10: Scoped Roles Processing Efficiency[2m > [22m[2mProperty 10.2: Project roles queries should use optimized indexes and complete in <50ms
[22m[39mGoTrueClient@sb-bgxknceshxxifwytalex-auth-token:0 (2.93.3) 2026-02-02T15:19:47.601Z #_useSession end

[90mstdout[2m | tests/property/scoped-roles-processing-efficiency.test.ts[2m > [22m[2mProperty 10: Scoped Roles Processing Efficiency[2m > [22m[2mProperty 10.2: Project roles queries should use optimized indexes and complete in <50ms
[22m[39mGoTrueClient@sb-bgxknceshxxifwytalex-auth-token:0 (2.93.3) 2026-02-02T15:19:47.601Z #_acquireLock lock released for storage key sb-bgxknceshxxifwytalex-auth-token

[90mstdout[2m | tests/property/scoped-roles-processing-efficiency.test.ts[2m > [22m[2mProperty 10: Scoped Roles Processing Efficiency[2m > [22m[2mProperty 10.2: Project roles queries should use optimized indexes and complete in <50ms
[22m[39mGoTrueClient@sb-bgxknceshxxifwytalex-auth-token:0 (2.93.3) 2026-02-02T15:19:47.601Z #_acquireLock end

[90mstdout[2m | tests/property/scoped-roles-processing-efficiency.test.ts[2m > [22m[2mProperty 10: Scoped Roles Processing Efficiency[2m > [22m[2mProperty 10.3: System roles queries should use optimized indexes and complete in <50ms
[22m[39mGoTrueClient@sb-bgxknceshxxifwytalex-auth-token:0 (2.93.3) 2026-02-02T15:19:47.632Z #_acquireLock begin [33m10000[39m
GoTrueClient@sb-bgxknceshxxifwytalex-auth-token:0 (2.93.3) 2026-02-02T15:19:47.632Z #_acquireLock lock acquired for storage key sb-bgxknceshxxifwytalex-auth-token
GoTrueClient@sb-bgxknceshxxifwytalex-auth-token:0 (2.93.3) 2026-02-02T15:19:47.632Z #_useSession begin
GoTrueClient@sb-bgxknceshxxifwytalex-auth-token:0 (2.93.3) 2026-02-02T15:19:47.632Z #__loadSession() begin

[90mstdout[2m | tests/property/scoped-roles-processing-efficiency.test.ts[2m > [22m[2mProperty 10: Scoped Roles Processing Efficiency[2m > [22m[2mProperty 10.3: System roles queries should use optimized indexes and complete in <50ms
[22m[39mGoTrueClient@sb-bgxknceshxxifwytalex-auth-token:0 (2.93.3) 2026-02-02T15:19:47.632Z #getSession() session from storage [1mnull[22m
GoTrueClient@sb-bgxknceshxxifwytalex-auth-token:0 (2.93.3) 2026-02-02T15:19:47.632Z #__loadSession() end

[90mstdout[2m | tests/property/scoped-roles-processing-efficiency.test.ts[2m > [22m[2mProperty 10: Scoped Roles Processing Efficiency[2m > [22m[2mProperty 10.3: System roles queries should use optimized indexes and complete in <50ms
[22m[39mGoTrueClient@sb-bgxknceshxxifwytalex-auth-token:0 (2.93.3) 2026-02-02T15:19:47.632Z #_useSession end

[90mstdout[2m | tests/property/scoped-roles-processing-efficiency.test.ts[2m > [22m[2mProperty 10: Scoped Roles Processing Efficiency[2m > [22m[2mProperty 10.3: System roles queries should use optimized indexes and complete in <50ms
[22m[39mGoTrueClient@sb-bgxknceshxxifwytalex-auth-token:0 (2.93.3) 2026-02-02T15:19:47.633Z #_acquireLock lock released for storage key sb-bgxknceshxxifwytalex-auth-token

[90mstdout[2m | tests/property/scoped-roles-processing-efficiency.test.ts[2m > [22m[2mProperty 10: Scoped Roles Processing Efficiency[2m > [22m[2mProperty 10.3: System roles queries should use optimized indexes and complete in <50ms
[22m[39mGoTrueClient@sb-bgxknceshxxifwytalex-auth-token:0 (2.93.3) 2026-02-02T15:19:47.633Z #_acquireLock end

stderr | tests/property/scoped-roles-processing-efficiency.test.ts > Property 10: Scoped Roles Processing Efficiency > Property 10.3: System roles queries should use optimized indexes and complete in <50ms
Error fetching project roles: {
  code: 'PGRST200',
  details: "Searched for a foreign key relationship between 'project_roles' and 'user_profiles' in the schema 'public', but no matches were found.",
  hint: null,
  message: "Could not find a relationship between 'project_roles' and 'user_profiles' in the schema cache"
}

[90mstdout[2m | tests/property/scoped-roles-processing-efficiency.test.ts[2m > [22m[2mProperty 10: Scoped Roles Processing Efficiency[2m > [22m[2mProperty 10.3: System roles queries should use optimized indexes and complete in <50ms
[22m[39mGoTrueClient@sb-bgxknceshxxifwytalex-auth-token:0 (2.93.3) 2026-02-02T15:19:47.773Z #_acquireLock begin [33m10000[39m
GoTrueClient@sb-bgxknceshxxifwytalex-auth-token:0 (2.93.3) 2026-02-02T15:19:47.774Z #_acquireLock lock acquired for storage key sb-bgxknceshxxifwytalex-auth-token
GoTrueClient@sb-bgxknceshxxifwytalex-auth-token:0 (2.93.3) 2026-02-02T15:19:47.774Z #_useSession begin
GoTrueClient@sb-bgxknceshxxifwytalex-auth-token:0 (2.93.3) 2026-02-02T15:19:47.774Z #__loadSession() begin

[90mstdout[2m | tests/property/scoped-roles-processing-efficiency.test.ts[2m > [22m[2mProperty 10: Scoped Roles Processing Efficiency[2m > [22m[2mProperty 10.3: System roles queries should use optimized indexes and complete in <50ms
[22m[39mGoTrueClient@sb-bgxknceshxxifwytalex-auth-token:0 (2.93.3) 2026-02-02T15:19:47.774Z #getSession() session from storage [1mnull[22m
GoTrueClient@sb-bgxknceshxxifwytalex-auth-token:0 (2.93.3) 2026-02-02T15:19:47.774Z #__loadSession() end

[90mstdout[2m | tests/property/scoped-roles-processing-efficiency.test.ts[2m > [22m[2mProperty 10: Scoped Roles Processing Efficiency[2m > [22m[2mProperty 10.3: System roles queries should use optimized indexes and complete in <50ms
[22m[39mGoTrueClient@sb-bgxknceshxxifwytalex-auth-token:0 (2.93.3) 2026-02-02T15:19:47.774Z #_useSession end

[90mstdout[2m | tests/property/scoped-roles-processing-efficiency.test.ts[2m > [22m[2mProperty 10: Scoped Roles Processing Efficiency[2m > [22m[2mProperty 10.3: System roles queries should use optimized indexes and complete in <50ms
[22m[39mGoTrueClient@sb-bgxknceshxxifwytalex-auth-token:0 (2.93.3) 2026-02-02T15:19:47.774Z #_acquireLock lock released for storage key sb-bgxknceshxxifwytalex-auth-token

[90mstdout[2m | tests/property/scoped-roles-processing-efficiency.test.ts[2m > [22m[2mProperty 10: Scoped Roles Processing Efficiency[2m > [22m[2mProperty 10.3: System roles queries should use optimized indexes and complete in <50ms
[22m[39mGoTrueClient@sb-bgxknceshxxifwytalex-auth-token:0 (2.93.3) 2026-02-02T15:19:47.774Z #_acquireLock end

stderr | tests/property/scoped-roles-processing-efficiency.test.ts > Property 10: Scoped Roles Processing Efficiency > Property 10.3: System roles queries should use optimized indexes and complete in <50ms
Error fetching org roles: {
  code: 'PGRST200',
  details: "Searched for a foreign key relationship between 'org_roles' and 'user_profiles' in the schema 'public', but no matches were found.",
  hint: null,
  message: "Could not find a relationship between 'org_roles' and 'user_profiles' in the schema cache"
}

[90mstdout[2m | tests/property/scoped-roles-processing-efficiency.test.ts[2m > [22m[2mProperty 10: Scoped Roles Processing Efficiency[2m > [22m[2mProperty 10.3: System roles queries should use optimized indexes and complete in <50ms
[22m[39mGoTrueClient@sb-bgxknceshxxifwytalex-auth-token:0 (2.93.3) 2026-02-02T15:19:47.810Z #_acquireLock begin [33m10000[39m
GoTrueClient@sb-bgxknceshxxifwytalex-auth-token:0 (2.93.3) 2026-02-02T15:19:47.810Z #_acquireLock lock acquired for storage key sb-bgxknceshxxifwytalex-auth-token
GoTrueClient@sb-bgxknceshxxifwytalex-auth-token:0 (2.93.3) 2026-02-02T15:19:47.810Z #_useSession begin
GoTrueClient@sb-bgxknceshxxifwytalex-auth-token:0 (2.93.3) 2026-02-02T15:19:47.810Z #__loadSession() begin

[90mstdout[2m | tests/property/scoped-roles-processing-efficiency.test.ts[2m > [22m[2mProperty 10: Scoped Roles Processing Efficiency[2m > [22m[2mProperty 10.3: System roles queries should use optimized indexes and complete in <50ms
[22m[39mGoTrueClient@sb-bgxknceshxxifwytalex-auth-token:0 (2.93.3) 2026-02-02T15:19:47.811Z #getSession() session from storage [1mnull[22m
GoTrueClient@sb-bgxknceshxxifwytalex-auth-token:0 (2.93.3) 2026-02-02T15:19:47.811Z #__loadSession() end

[90mstdout[2m | tests/property/scoped-roles-processing-efficiency.test.ts[2m > [22m[2mProperty 10: Scoped Roles Processing Efficiency[2m > [22m[2mProperty 10.3: System roles queries should use optimized indexes and complete in <50ms
[22m[39mGoTrueClient@sb-bgxknceshxxifwytalex-auth-token:0 (2.93.3) 2026-02-02T15:19:47.811Z #_useSession end

[90mstdout[2m | tests/property/scoped-roles-processing-efficiency.test.ts[2m > [22m[2mProperty 10: Scoped Roles Processing Efficiency[2m > [22m[2mProperty 10.3: System roles queries should use optimized indexes and complete in <50ms
[22m[39mGoTrueClient@sb-bgxknceshxxifwytalex-auth-token:0 (2.93.3) 2026-02-02T15:19:47.811Z #_acquireLock lock released for storage key sb-bgxknceshxxifwytalex-auth-token

[90mstdout[2m | tests/property/scoped-roles-processing-efficiency.test.ts[2m > [22m[2mProperty 10: Scoped Roles Processing Efficiency[2m > [22m[2mProperty 10.3: System roles queries should use optimized indexes and complete in <50ms
[22m[39mGoTrueClient@sb-bgxknceshxxifwytalex-auth-token:0 (2.93.3) 2026-02-02T15:19:47.811Z #_acquireLock end

stderr | tests/property/scoped-roles-processing-efficiency.test.ts > Property 10: Scoped Roles Processing Efficiency > Property 10.3: System roles queries should use optimized indexes and complete in <50ms
Error fetching project roles: {
  code: 'PGRST200',
  details: "Searched for a foreign key relationship between 'project_roles' and 'user_profiles' in the schema 'public', but no matches were found.",
  hint: null,
  message: "Could not find a relationship between 'project_roles' and 'user_profiles' in the schema cache"
}

[90mstdout[2m | tests/property/scoped-roles-processing-efficiency.test.ts[2m > [22m[2mProperty 10: Scoped Roles Processing Efficiency[2m > [22m[2mProperty 10.3: System roles queries should use optimized indexes and complete in <50ms
[22m[39mGoTrueClient@sb-bgxknceshxxifwytalex-auth-token:0 (2.93.3) 2026-02-02T15:19:47.992Z #_acquireLock begin [33m10000[39m
GoTrueClient@sb-bgxknceshxxifwytalex-auth-token:0 (2.93.3) 2026-02-02T15:19:47.992Z #_acquireLock lock acquired for storage key sb-bgxknceshxxifwytalex-auth-token
GoTrueClient@sb-bgxknceshxxifwytalex-auth-token:0 (2.93.3) 2026-02-02T15:19:47.992Z #_useSession begin
GoTrueClient@sb-bgxknceshxxifwytalex-auth-token:0 (2.93.3) 2026-02-02T15:19:47.992Z #__loadSession() begin

[90mstdout[2m | tests/property/scoped-roles-processing-efficiency.test.ts[2m > [22m[2mProperty 10: Scoped Roles Processing Efficiency[2m > [22m[2mProperty 10.3: System roles queries should use optimized indexes and complete in <50ms
[22m[39mGoTrueClient@sb-bgxknceshxxifwytalex-auth-token:0 (2.93.3) 2026-02-02T15:19:47.992Z #getSession() session from storage [1mnull[22m
GoTrueClient@sb-bgxknceshxxifwytalex-auth-token:0 (2.93.3) 2026-02-02T15:19:47.992Z #__loadSession() end

[90mstdout[2m | tests/property/scoped-roles-processing-efficiency.test.ts[2m > [22m[2mProperty 10: Scoped Roles Processing Efficiency[2m > [22m[2mProperty 10.3: System roles queries should use optimized indexes and complete in <50ms
[22m[39mGoTrueClient@sb-bgxknceshxxifwytalex-auth-token:0 (2.93.3) 2026-02-02T15:19:47.992Z #_useSession end

[90mstdout[2m | tests/property/scoped-roles-processing-efficiency.test.ts[2m > [22m[2mProperty 10: Scoped Roles Processing Efficiency[2m > [22m[2mProperty 10.3: System roles queries should use optimized indexes and complete in <50ms
[22m[39mGoTrueClient@sb-bgxknceshxxifwytalex-auth-token:0 (2.93.3) 2026-02-02T15:19:47.992Z #_acquireLock lock released for storage key sb-bgxknceshxxifwytalex-auth-token

[90mstdout[2m | tests/property/scoped-roles-processing-efficiency.test.ts[2m > [22m[2mProperty 10: Scoped Roles Processing Efficiency[2m > [22m[2mProperty 10.3: System roles queries should use optimized indexes and complete in <50ms
[22m[39mGoTrueClient@sb-bgxknceshxxifwytalex-auth-token:0 (2.93.3) 2026-02-02T15:19:47.992Z #_acquireLock end

[90mstdout[2m | tests/property/scoped-roles-processing-efficiency.test.ts[2m > [22m[2mProperty 10: Scoped Roles Processing Efficiency[2m > [22m[2mProperty 10.3: System roles queries should use optimized indexes and complete in <50ms
[22m[39mGoTrueClient@sb-bgxknceshxxifwytalex-auth-token:0 (2.93.3) 2026-02-02T15:19:48.014Z #_acquireLock begin [33m10000[39m
GoTrueClient@sb-bgxknceshxxifwytalex-auth-token:0 (2.93.3) 2026-02-02T15:19:48.014Z #_acquireLock lock acquired for storage key sb-bgxknceshxxifwytalex-auth-token
GoTrueClient@sb-bgxknceshxxifwytalex-auth-token:0 (2.93.3) 2026-02-02T15:19:48.014Z #_useSession begin
GoTrueClient@sb-bgxknceshxxifwytalex-auth-token:0 (2.93.3) 2026-02-02T15:19:48.014Z #__loadSession() begin

[90mstdout[2m | tests/property/scoped-roles-processing-efficiency.test.ts[2m > [22m[2mProperty 10: Scoped Roles Processing Efficiency[2m > [22m[2mProperty 10.3: System roles queries should use optimized indexes and complete in <50ms
[22m[39mGoTrueClient@sb-bgxknceshxxifwytalex-auth-token:0 (2.93.3) 2026-02-02T15:19:48.014Z #getSession() session from storage [1mnull[22m
GoTrueClient@sb-bgxknceshxxifwytalex-auth-token:0 (2.93.3) 2026-02-02T15:19:48.014Z #__loadSession() end

[90mstdout[2m | tests/property/scoped-roles-processing-efficiency.test.ts[2m > [22m[2mProperty 10: Scoped Roles Processing Efficiency[2m > [22m[2mProperty 10.3: System roles queries should use optimized indexes and complete in <50ms
[22m[39mGoTrueClient@sb-bgxknceshxxifwytalex-auth-token:0 (2.93.3) 2026-02-02T15:19:48.015Z #_useSession end

[90mstdout[2m | tests/property/scoped-roles-processing-efficiency.test.ts[2m > [22m[2mProperty 10: Scoped Roles Processing Efficiency[2m > [22m[2mProperty 10.3: System roles queries should use optimized indexes and complete in <50ms
[22m[39mGoTrueClient@sb-bgxknceshxxifwytalex-auth-token:0 (2.93.3) 2026-02-02T15:19:48.015Z #_acquireLock lock released for storage key sb-bgxknceshxxifwytalex-auth-token

[90mstdout[2m | tests/property/scoped-roles-processing-efficiency.test.ts[2m > [22m[2mProperty 10: Scoped Roles Processing Efficiency[2m > [22m[2mProperty 10.3: System roles queries should use optimized indexes and complete in <50ms
[22m[39mGoTrueClient@sb-bgxknceshxxifwytalex-auth-token:0 (2.93.3) 2026-02-02T15:19:48.015Z #_acquireLock end

stderr | tests/property/scoped-roles-processing-efficiency.test.ts > Property 10: Scoped Roles Processing Efficiency > Property 10.3: System roles queries should use optimized indexes and complete in <50ms
Error fetching project roles: {
  code: 'PGRST200',
  details: "Searched for a foreign key relationship between 'project_roles' and 'user_profiles' in the schema 'public', but no matches were found.",
  hint: null,
  message: "Could not find a relationship between 'project_roles' and 'user_profiles' in the schema cache"
}

[90mstdout[2m | tests/property/scoped-roles-processing-efficiency.test.ts[2m > [22m[2mProperty 10: Scoped Roles Processing Efficiency[2m > [22m[2mProperty 10.3: System roles queries should use optimized indexes and complete in <50ms
[22m[39mGoTrueClient@sb-bgxknceshxxifwytalex-auth-token:0 (2.93.3) 2026-02-02T15:19:48.208Z #_acquireLock begin [33m10000[39m
GoTrueClient@sb-bgxknceshxxifwytalex-auth-token:0 (2.93.3) 2026-02-02T15:19:48.209Z #_acquireLock lock acquired for storage key sb-bgxknceshxxifwytalex-auth-token
GoTrueClient@sb-bgxknceshxxifwytalex-auth-token:0 (2.93.3) 2026-02-02T15:19:48.209Z #_useSession begin
GoTrueClient@sb-bgxknceshxxifwytalex-auth-token:0 (2.93.3) 2026-02-02T15:19:48.209Z #__loadSession() begin

[90mstdout[2m | tests/property/scoped-roles-processing-efficiency.test.ts[2m > [22m[2mProperty 10: Scoped Roles Processing Efficiency[2m > [22m[2mProperty 10.3: System roles queries should use optimized indexes and complete in <50ms
[22m[39mGoTrueClient@sb-bgxknceshxxifwytalex-auth-token:0 (2.93.3) 2026-02-02T15:19:48.209Z #getSession() session from storage [1mnull[22m
GoTrueClient@sb-bgxknceshxxifwytalex-auth-token:0 (2.93.3) 2026-02-02T15:19:48.209Z #__loadSession() end

[90mstdout[2m | tests/property/scoped-roles-processing-efficiency.test.ts[2m > [22m[2mProperty 10: Scoped Roles Processing Efficiency[2m > [22m[2mProperty 10.3: System roles queries should use optimized indexes and complete in <50ms
[22m[39mGoTrueClient@sb-bgxknceshxxifwytalex-auth-token:0 (2.93.3) 2026-02-02T15:19:48.209Z #_useSession end

[90mstdout[2m | tests/property/scoped-roles-processing-efficiency.test.ts[2m > [22m[2mProperty 10: Scoped Roles Processing Efficiency[2m > [22m[2mProperty 10.3: System roles queries should use optimized indexes and complete in <50ms
[22m[39mGoTrueClient@sb-bgxknceshxxifwytalex-auth-token:0 (2.93.3) 2026-02-02T15:19:48.209Z #_acquireLock lock released for storage key sb-bgxknceshxxifwytalex-auth-token

[90mstdout[2m | tests/property/scoped-roles-processing-efficiency.test.ts[2m > [22m[2mProperty 10: Scoped Roles Processing Efficiency[2m > [22m[2mProperty 10.3: System roles queries should use optimized indexes and complete in <50ms
[22m[39mGoTrueClient@sb-bgxknceshxxifwytalex-auth-token:0 (2.93.3) 2026-02-02T15:19:48.209Z #_acquireLock end

stderr | tests/property/scoped-roles-processing-efficiency.test.ts > Property 10: Scoped Roles Processing Efficiency > Property 10.3: System roles queries should use optimized indexes and complete in <50ms
Error fetching org roles: {
  code: 'PGRST200',
  details: "Searched for a foreign key relationship between 'org_roles' and 'user_profiles' in the schema 'public', but no matches were found.",
  hint: null,
  message: "Could not find a relationship between 'org_roles' and 'user_profiles' in the schema cache"
}

[90mstdout[2m | tests/property/scoped-roles-processing-efficiency.test.ts[2m > [22m[2mProperty 10: Scoped Roles Processing Efficiency[2m > [22m[2mProperty 10.3: System roles queries should use optimized indexes and complete in <50ms
[22m[39mGoTrueClient@sb-bgxknceshxxifwytalex-auth-token:0 (2.93.3) 2026-02-02T15:19:48.274Z #_acquireLock begin [33m10000[39m
GoTrueClient@sb-bgxknceshxxifwytalex-auth-token:0 (2.93.3) 2026-02-02T15:19:48.274Z #_acquireLock lock acquired for storage key sb-bgxknceshxxifwytalex-auth-token
GoTrueClient@sb-bgxknceshxxifwytalex-auth-token:0 (2.93.3) 2026-02-02T15:19:48.275Z #_useSession begin
GoTrueClient@sb-bgxknceshxxifwytalex-auth-token:0 (2.93.3) 2026-02-02T15:19:48.275Z #__loadSession() begin

[90mstdout[2m | tests/property/scoped-roles-processing-efficiency.test.ts[2m > [22m[2mProperty 10: Scoped Roles Processing Efficiency[2m > [22m[2mProperty 10.3: System roles queries should use optimized indexes and complete in <50ms
[22m[39mGoTrueClient@sb-bgxknceshxxifwytalex-auth-token:0 (2.93.3) 2026-02-02T15:19:48.275Z #getSession() session from storage [1mnull[22m
GoTrueClient@sb-bgxknceshxxifwytalex-auth-token:0 (2.93.3) 2026-02-02T15:19:48.275Z #__loadSession() end

[90mstdout[2m | tests/property/scoped-roles-processing-efficiency.test.ts[2m > [22m[2mProperty 10: Scoped Roles Processing Efficiency[2m > [22m[2mProperty 10.3: System roles queries should use optimized indexes and complete in <50ms
[22m[39mGoTrueClient@sb-bgxknceshxxifwytalex-auth-token:0 (2.93.3) 2026-02-02T15:19:48.275Z #_useSession end

[90mstdout[2m | tests/property/scoped-roles-processing-efficiency.test.ts[2m > [22m[2mProperty 10: Scoped Roles Processing Efficiency[2m > [22m[2mProperty 10.3: System roles queries should use optimized indexes and complete in <50ms
[22m[39mGoTrueClient@sb-bgxknceshxxifwytalex-auth-token:0 (2.93.3) 2026-02-02T15:19:48.275Z #_acquireLock lock released for storage key sb-bgxknceshxxifwytalex-auth-token

[90mstdout[2m | tests/property/scoped-roles-processing-efficiency.test.ts[2m > [22m[2mProperty 10: Scoped Roles Processing Efficiency[2m > [22m[2mProperty 10.3: System roles queries should use optimized indexes and complete in <50ms
[22m[39mGoTrueClient@sb-bgxknceshxxifwytalex-auth-token:0 (2.93.3) 2026-02-02T15:19:48.275Z #_acquireLock end

stderr | tests/property/scoped-roles-processing-efficiency.test.ts > Property 10: Scoped Roles Processing Efficiency > Property 10.3: System roles queries should use optimized indexes and complete in <50ms
Error fetching project roles: {
  code: 'PGRST200',
  details: "Searched for a foreign key relationship between 'project_roles' and 'user_profiles' in the schema 'public', but no matches were found.",
  hint: null,
  message: "Could not find a relationship between 'project_roles' and 'user_profiles' in the schema cache"
}

[90mstdout[2m | tests/property/scoped-roles-processing-efficiency.test.ts[2m > [22m[2mProperty 10: Scoped Roles Processing Efficiency[2m > [22m[2mProperty 10.3: System roles queries should use optimized indexes and complete in <50ms
[22m[39mGoTrueClient@sb-bgxknceshxxifwytalex-auth-token:0 (2.93.3) 2026-02-02T15:19:48.429Z #_acquireLock begin [33m10000[39m
GoTrueClient@sb-bgxknceshxxifwytalex-auth-token:0 (2.93.3) 2026-02-02T15:19:48.429Z #_acquireLock lock acquired for storage key sb-bgxknceshxxifwytalex-auth-token
GoTrueClient@sb-bgxknceshxxifwytalex-auth-token:0 (2.93.3) 2026-02-02T15:19:48.429Z #_useSession begin
GoTrueClient@sb-bgxknceshxxifwytalex-auth-token:0 (2.93.3) 2026-02-02T15:19:48.429Z #__loadSession() begin

[90mstdout[2m | tests/property/scoped-roles-processing-efficiency.test.ts[2m > [22m[2mProperty 10: Scoped Roles Processing Efficiency[2m > [22m[2mProperty 10.3: System roles queries should use optimized indexes and complete in <50ms
[22m[39mGoTrueClient@sb-bgxknceshxxifwytalex-auth-token:0 (2.93.3) 2026-02-02T15:19:48.429Z #getSession() session from storage [1mnull[22m
GoTrueClient@sb-bgxknceshxxifwytalex-auth-token:0 (2.93.3) 2026-02-02T15:19:48.429Z #__loadSession() end

[90mstdout[2m | tests/property/scoped-roles-processing-efficiency.test.ts[2m > [22m[2mProperty 10: Scoped Roles Processing Efficiency[2m > [22m[2mProperty 10.3: System roles queries should use optimized indexes and complete in <50ms
[22m[39mGoTrueClient@sb-bgxknceshxxifwytalex-auth-token:0 (2.93.3) 2026-02-02T15:19:48.430Z #_useSession end

[90mstdout[2m | tests/property/scoped-roles-processing-efficiency.test.ts[2m > [22m[2mProperty 10: Scoped Roles Processing Efficiency[2m > [22m[2mProperty 10.3: System roles queries should use optimized indexes and complete in <50ms
[22m[39mGoTrueClient@sb-bgxknceshxxifwytalex-auth-token:0 (2.93.3) 2026-02-02T15:19:48.430Z #_acquireLock lock released for storage key sb-bgxknceshxxifwytalex-auth-token

[90mstdout[2m | tests/property/scoped-roles-processing-efficiency.test.ts[2m > [22m[2mProperty 10: Scoped Roles Processing Efficiency[2m > [22m[2mProperty 10.3: System roles queries should use optimized indexes and complete in <50ms
[22m[39mGoTrueClient@sb-bgxknceshxxifwytalex-auth-token:0 (2.93.3) 2026-02-02T15:19:48.430Z #_acquireLock end

stderr | tests/property/scoped-roles-processing-efficiency.test.ts > Property 10: Scoped Roles Processing Efficiency > Property 10.3: System roles queries should use optimized indexes and complete in <50ms
Error fetching org roles: {
  code: 'PGRST200',
  details: "Searched for a foreign key relationship between 'org_roles' and 'user_profiles' in the schema 'public', but no matches were found.",
  hint: null,
  message: "Could not find a relationship between 'org_roles' and 'user_profiles' in the schema cache"
}

[90mstdout[2m | tests/property/scoped-roles-processing-efficiency.test.ts[2m > [22m[2mProperty 10: Scoped Roles Processing Efficiency[2m > [22m[2mProperty 10.3: System roles queries should use optimized indexes and complete in <50ms
[22m[39mGoTrueClient@sb-bgxknceshxxifwytalex-auth-token:0 (2.93.3) 2026-02-02T15:19:48.484Z #_acquireLock begin [33m10000[39m
GoTrueClient@sb-bgxknceshxxifwytalex-auth-token:0 (2.93.3) 2026-02-02T15:19:48.484Z #_acquireLock lock acquired for storage key sb-bgxknceshxxifwytalex-auth-token
GoTrueClient@sb-bgxknceshxxifwytalex-auth-token:0 (2.93.3) 2026-02-02T15:19:48.484Z #_useSession begin
GoTrueClient@sb-bgxknceshxxifwytalex-auth-token:0 (2.93.3) 2026-02-02T15:19:48.484Z #__loadSession() begin

[90mstdout[2m | tests/property/scoped-roles-processing-efficiency.test.ts[2m > [22m[2mProperty 10: Scoped Roles Processing Efficiency[2m > [22m[2mProperty 10.3: System roles queries should use optimized indexes and complete in <50ms
[22m[39mGoTrueClient@sb-bgxknceshxxifwytalex-auth-token:0 (2.93.3) 2026-02-02T15:19:48.485Z #getSession() session from storage [1mnull[22m
GoTrueClient@sb-bgxknceshxxifwytalex-auth-token:0 (2.93.3) 2026-02-02T15:19:48.485Z #__loadSession() end

[90mstdout[2m | tests/property/scoped-roles-processing-efficiency.test.ts[2m > [22m[2mProperty 10: Scoped Roles Processing Efficiency[2m > [22m[2mProperty 10.3: System roles queries should use optimized indexes and complete in <50ms
[22m[39mGoTrueClient@sb-bgxknceshxxifwytalex-auth-token:0 (2.93.3) 2026-02-02T15:19:48.485Z #_useSession end

[90mstdout[2m | tests/property/scoped-roles-processing-efficiency.test.ts[2m > [22m[2mProperty 10: Scoped Roles Processing Efficiency[2m > [22m[2mProperty 10.3: System roles queries should use optimized indexes and complete in <50ms
[22m[39mGoTrueClient@sb-bgxknceshxxifwytalex-auth-token:0 (2.93.3) 2026-02-02T15:19:48.485Z #_acquireLock lock released for storage key sb-bgxknceshxxifwytalex-auth-token

[90mstdout[2m | tests/property/scoped-roles-processing-efficiency.test.ts[2m > [22m[2mProperty 10: Scoped Roles Processing Efficiency[2m > [22m[2mProperty 10.3: System roles queries should use optimized indexes and complete in <50ms
[22m[39mGoTrueClient@sb-bgxknceshxxifwytalex-auth-token:0 (2.93.3) 2026-02-02T15:19:48.485Z #_acquireLock end

[90mstdout[2m | tests/property/scoped-roles-processing-efficiency.test.ts[2m > [22m[2mProperty 10: Scoped Roles Processing Efficiency[2m > [22m[2mProperty 10.3: System roles queries should use optimized indexes and complete in <50ms
[22m[39mGoTrueClient@sb-bgxknceshxxifwytalex-auth-token:0 (2.93.3) 2026-02-02T15:19:48.597Z #_acquireLock begin [33m10000[39m
GoTrueClient@sb-bgxknceshxxifwytalex-auth-token:0 (2.93.3) 2026-02-02T15:19:48.597Z #_acquireLock lock acquired for storage key sb-bgxknceshxxifwytalex-auth-token
GoTrueClient@sb-bgxknceshxxifwytalex-auth-token:0 (2.93.3) 2026-02-02T15:19:48.597Z #_useSession begin
GoTrueClient@sb-bgxknceshxxifwytalex-auth-token:0 (2.93.3) 2026-02-02T15:19:48.597Z #__loadSession() begin

[90mstdout[2m | tests/property/scoped-roles-processing-efficiency.test.ts[2m > [22m[2mProperty 10: Scoped Roles Processing Efficiency[2m > [22m[2mProperty 10.3: System roles queries should use optimized indexes and complete in <50ms
[22m[39mGoTrueClient@sb-bgxknceshxxifwytalex-auth-token:0 (2.93.3) 2026-02-02T15:19:48.597Z #getSession() session from storage [1mnull[22m
GoTrueClient@sb-bgxknceshxxifwytalex-auth-token:0 (2.93.3) 2026-02-02T15:19:48.598Z #__loadSession() end

[90mstdout[2m | tests/property/scoped-roles-processing-efficiency.test.ts[2m > [22m[2mProperty 10: Scoped Roles Processing Efficiency[2m > [22m[2mProperty 10.3: System roles queries should use optimized indexes and complete in <50ms
[22m[39mGoTrueClient@sb-bgxknceshxxifwytalex-auth-token:0 (2.93.3) 2026-02-02T15:19:48.598Z #_useSession end

[90mstdout[2m | tests/property/scoped-roles-processing-efficiency.test.ts[2m > [22m[2mProperty 10: Scoped Roles Processing Efficiency[2m > [22m[2mProperty 10.3: System roles queries should use optimized indexes and complete in <50ms
[22m[39mGoTrueClient@sb-bgxknceshxxifwytalex-auth-token:0 (2.93.3) 2026-02-02T15:19:48.598Z #_acquireLock lock released for storage key sb-bgxknceshxxifwytalex-auth-token

[90mstdout[2m | tests/property/scoped-roles-processing-efficiency.test.ts[2m > [22m[2mProperty 10: Scoped Roles Processing Efficiency[2m > [22m[2mProperty 10.3: System roles queries should use optimized indexes and complete in <50ms
[22m[39mGoTrueClient@sb-bgxknceshxxifwytalex-auth-token:0 (2.93.3) 2026-02-02T15:19:48.598Z #_acquireLock end

stderr | tests/property/scoped-roles-processing-efficiency.test.ts > Property 10: Scoped Roles Processing Efficiency > Property 10.3: System roles queries should use optimized indexes and complete in <50ms
Error fetching project roles: {
  code: 'PGRST200',
  details: "Searched for a foreign key relationship between 'project_roles' and 'user_profiles' in the schema 'public', but no matches were found.",
  hint: null,
  message: "Could not find a relationship between 'project_roles' and 'user_profiles' in the schema cache"
}

[90mstdout[2m | tests/property/scoped-roles-processing-efficiency.test.ts[2m > [22m[2mProperty 10: Scoped Roles Processing Efficiency[2m > [22m[2mProperty 10.3: System roles queries should use optimized indexes and complete in <50ms
[22m[39mGoTrueClient@sb-bgxknceshxxifwytalex-auth-token:0 (2.93.3) 2026-02-02T15:19:48.642Z #_acquireLock begin [33m10000[39m
GoTrueClient@sb-bgxknceshxxifwytalex-auth-token:0 (2.93.3) 2026-02-02T15:19:48.642Z #_acquireLock lock acquired for storage key sb-bgxknceshxxifwytalex-auth-token
GoTrueClient@sb-bgxknceshxxifwytalex-auth-token:0 (2.93.3) 2026-02-02T15:19:48.642Z #_useSession begin
GoTrueClient@sb-bgxknceshxxifwytalex-auth-token:0 (2.93.3) 2026-02-02T15:19:48.642Z #__loadSession() begin

[90mstdout[2m | tests/property/scoped-roles-processing-efficiency.test.ts[2m > [22m[2mProperty 10: Scoped Roles Processing Efficiency[2m > [22m[2mProperty 10.3: System roles queries should use optimized indexes and complete in <50ms
[22m[39mGoTrueClient@sb-bgxknceshxxifwytalex-auth-token:0 (2.93.3) 2026-02-02T15:19:48.642Z #getSession() session from storage [1mnull[22m
GoTrueClient@sb-bgxknceshxxifwytalex-auth-token:0 (2.93.3) 2026-02-02T15:19:48.642Z #__loadSession() end

[90mstdout[2m | tests/property/scoped-roles-processing-efficiency.test.ts[2m > [22m[2mProperty 10: Scoped Roles Processing Efficiency[2m > [22m[2mProperty 10.3: System roles queries should use optimized indexes and complete in <50ms
[22m[39mGoTrueClient@sb-bgxknceshxxifwytalex-auth-token:0 (2.93.3) 2026-02-02T15:19:48.642Z #_useSession end

[90mstdout[2m | tests/property/scoped-roles-processing-efficiency.test.ts[2m > [22m[2mProperty 10: Scoped Roles Processing Efficiency[2m > [22m[2mProperty 10.3: System roles queries should use optimized indexes and complete in <50ms
[22m[39mGoTrueClient@sb-bgxknceshxxifwytalex-auth-token:0 (2.93.3) 2026-02-02T15:19:48.642Z #_acquireLock lock released for storage key sb-bgxknceshxxifwytalex-auth-token

[90mstdout[2m | tests/property/scoped-roles-processing-efficiency.test.ts[2m > [22m[2mProperty 10: Scoped Roles Processing Efficiency[2m > [22m[2mProperty 10.3: System roles queries should use optimized indexes and complete in <50ms
[22m[39mGoTrueClient@sb-bgxknceshxxifwytalex-auth-token:0 (2.93.3) 2026-02-02T15:19:48.642Z #_acquireLock end

stderr | tests/property/scoped-roles-processing-efficiency.test.ts > Property 10: Scoped Roles Processing Efficiency > Property 10.3: System roles queries should use optimized indexes and complete in <50ms
Error fetching org roles: {
  code: 'PGRST200',
  details: "Searched for a foreign key relationship between 'org_roles' and 'user_profiles' in the schema 'public', but no matches were found.",
  hint: null,
  message: "Could not find a relationship between 'org_roles' and 'user_profiles' in the schema cache"
}

[90mstdout[2m | tests/property/scoped-roles-processing-efficiency.test.ts[2m > [22m[2mProperty 10: Scoped Roles Processing Efficiency[2m > [22m[2mProperty 10.3: System roles queries should use optimized indexes and complete in <50ms
[22m[39mGoTrueClient@sb-bgxknceshxxifwytalex-auth-token:0 (2.93.3) 2026-02-02T15:19:48.694Z #_acquireLock begin [33m10000[39m
GoTrueClient@sb-bgxknceshxxifwytalex-auth-token:0 (2.93.3) 2026-02-02T15:19:48.694Z #_acquireLock lock acquired for storage key sb-bgxknceshxxifwytalex-auth-token
GoTrueClient@sb-bgxknceshxxifwytalex-auth-token:0 (2.93.3) 2026-02-02T15:19:48.694Z #_useSession begin
GoTrueClient@sb-bgxknceshxxifwytalex-auth-token:0 (2.93.3) 2026-02-02T15:19:48.694Z #__loadSession() begin

[90mstdout[2m | tests/property/scoped-roles-processing-efficiency.test.ts[2m > [22m[2mProperty 10: Scoped Roles Processing Efficiency[2m > [22m[2mProperty 10.3: System roles queries should use optimized indexes and complete in <50ms
[22m[39mGoTrueClient@sb-bgxknceshxxifwytalex-auth-token:0 (2.93.3) 2026-02-02T15:19:48.694Z #getSession() session from storage [1mnull[22m
GoTrueClient@sb-bgxknceshxxifwytalex-auth-token:0 (2.93.3) 2026-02-02T15:19:48.694Z #__loadSession() end

[90mstdout[2m | tests/property/scoped-roles-processing-efficiency.test.ts[2m > [22m[2mProperty 10: Scoped Roles Processing Efficiency[2m > [22m[2mProperty 10.3: System roles queries should use optimized indexes and complete in <50ms
[22m[39mGoTrueClient@sb-bgxknceshxxifwytalex-auth-token:0 (2.93.3) 2026-02-02T15:19:48.694Z #_useSession end

[90mstdout[2m | tests/property/scoped-roles-processing-efficiency.test.ts[2m > [22m[2mProperty 10: Scoped Roles Processing Efficiency[2m > [22m[2mProperty 10.3: System roles queries should use optimized indexes and complete in <50ms
[22m[39mGoTrueClient@sb-bgxknceshxxifwytalex-auth-token:0 (2.93.3) 2026-02-02T15:19:48.694Z #_acquireLock lock released for storage key sb-bgxknceshxxifwytalex-auth-token

[90mstdout[2m | tests/property/scoped-roles-processing-efficiency.test.ts[2m > [22m[2mProperty 10: Scoped Roles Processing Efficiency[2m > [22m[2mProperty 10.3: System roles queries should use optimized indexes and complete in <50ms
[22m[39mGoTrueClient@sb-bgxknceshxxifwytalex-auth-token:0 (2.93.3) 2026-02-02T15:19:48.695Z #_acquireLock end

[90mstdout[2m | tests/property/scoped-roles-processing-efficiency.test.ts[2m > [22m[2mProperty 10: Scoped Roles Processing Efficiency[2m > [22m[2mProperty 10.3: System roles queries should use optimized indexes and complete in <50ms
[22m[39mGoTrueClient@sb-bgxknceshxxifwytalex-auth-token:0 (2.93.3) 2026-02-02T15:19:48.799Z #_acquireLock begin [33m10000[39m
GoTrueClient@sb-bgxknceshxxifwytalex-auth-token:0 (2.93.3) 2026-02-02T15:19:48.799Z #_acquireLock lock acquired for storage key sb-bgxknceshxxifwytalex-auth-token
GoTrueClient@sb-bgxknceshxxifwytalex-auth-token:0 (2.93.3) 2026-02-02T15:19:48.800Z #_useSession begin
GoTrueClient@sb-bgxknceshxxifwytalex-auth-token:0 (2.93.3) 2026-02-02T15:19:48.800Z #__loadSession() begin

[90mstdout[2m | tests/property/scoped-roles-processing-efficiency.test.ts[2m > [22m[2mProperty 10: Scoped Roles Processing Efficiency[2m > [22m[2mProperty 10.3: System roles queries should use optimized indexes and complete in <50ms
[22m[39mGoTrueClient@sb-bgxknceshxxifwytalex-auth-token:0 (2.93.3) 2026-02-02T15:19:48.800Z #getSession() session from storage [1mnull[22m
GoTrueClient@sb-bgxknceshxxifwytalex-auth-token:0 (2.93.3) 2026-02-02T15:19:48.800Z #__loadSession() end

[90mstdout[2m | tests/property/scoped-roles-processing-efficiency.test.ts[2m > [22m[2mProperty 10: Scoped Roles Processing Efficiency[2m > [22m[2mProperty 10.3: System roles queries should use optimized indexes and complete in <50ms
[22m[39mGoTrueClient@sb-bgxknceshxxifwytalex-auth-token:0 (2.93.3) 2026-02-02T15:19:48.800Z #_useSession end

[90mstdout[2m | tests/property/scoped-roles-processing-efficiency.test.ts[2m > [22m[2mProperty 10: Scoped Roles Processing Efficiency[2m > [22m[2mProperty 10.3: System roles queries should use optimized indexes and complete in <50ms
[22m[39mGoTrueClient@sb-bgxknceshxxifwytalex-auth-token:0 (2.93.3) 2026-02-02T15:19:48.800Z #_acquireLock lock released for storage key sb-bgxknceshxxifwytalex-auth-token

[90mstdout[2m | tests/property/scoped-roles-processing-efficiency.test.ts[2m > [22m[2mProperty 10: Scoped Roles Processing Efficiency[2m > [22m[2mProperty 10.3: System roles queries should use optimized indexes and complete in <50ms
[22m[39mGoTrueClient@sb-bgxknceshxxifwytalex-auth-token:0 (2.93.3) 2026-02-02T15:19:48.800Z #_acquireLock end

stderr | tests/property/scoped-roles-processing-efficiency.test.ts > Property 10: Scoped Roles Processing Efficiency > Property 10.3: System roles queries should use optimized indexes and complete in <50ms
Error fetching project roles: {
  code: 'PGRST200',
  details: "Searched for a foreign key relationship between 'project_roles' and 'user_profiles' in the schema 'public', but no matches were found.",
  hint: null,
  message: "Could not find a relationship between 'project_roles' and 'user_profiles' in the schema cache"
}

[90mstdout[2m | tests/property/scoped-roles-processing-efficiency.test.ts[2m > [22m[2mProperty 10: Scoped Roles Processing Efficiency[2m > [22m[2mProperty 10.3: System roles queries should use optimized indexes and complete in <50ms
[22m[39mGoTrueClient@sb-bgxknceshxxifwytalex-auth-token:0 (2.93.3) 2026-02-02T15:19:48.852Z #_acquireLock begin [33m10000[39m
GoTrueClient@sb-bgxknceshxxifwytalex-auth-token:0 (2.93.3) 2026-02-02T15:19:48.852Z #_acquireLock lock acquired for storage key sb-bgxknceshxxifwytalex-auth-token
GoTrueClient@sb-bgxknceshxxifwytalex-auth-token:0 (2.93.3) 2026-02-02T15:19:48.852Z #_useSession begin
GoTrueClient@sb-bgxknceshxxifwytalex-auth-token:0 (2.93.3) 2026-02-02T15:19:48.852Z #__loadSession() begin

[90mstdout[2m | tests/property/scoped-roles-processing-efficiency.test.ts[2m > [22m[2mProperty 10: Scoped Roles Processing Efficiency[2m > [22m[2mProperty 10.3: System roles queries should use optimized indexes and complete in <50ms
[22m[39mGoTrueClient@sb-bgxknceshxxifwytalex-auth-token:0 (2.93.3) 2026-02-02T15:19:48.852Z #getSession() session from storage [1mnull[22m
GoTrueClient@sb-bgxknceshxxifwytalex-auth-token:0 (2.93.3) 2026-02-02T15:19:48.852Z #__loadSession() end

[90mstdout[2m | tests/property/scoped-roles-processing-efficiency.test.ts[2m > [22m[2mProperty 10: Scoped Roles Processing Efficiency[2m > [22m[2mProperty 10.3: System roles queries should use optimized indexes and complete in <50ms
[22m[39mGoTrueClient@sb-bgxknceshxxifwytalex-auth-token:0 (2.93.3) 2026-02-02T15:19:48.852Z #_useSession end

[90mstdout[2m | tests/property/scoped-roles-processing-efficiency.test.ts[2m > [22m[2mProperty 10: Scoped Roles Processing Efficiency[2m > [22m[2mProperty 10.3: System roles queries should use optimized indexes and complete in <50ms
[22m[39mGoTrueClient@sb-bgxknceshxxifwytalex-auth-token:0 (2.93.3) 2026-02-02T15:19:48.852Z #_acquireLock lock released for storage key sb-bgxknceshxxifwytalex-auth-token

[90mstdout[2m | tests/property/scoped-roles-processing-efficiency.test.ts[2m > [22m[2mProperty 10: Scoped Roles Processing Efficiency[2m > [22m[2mProperty 10.3: System roles queries should use optimized indexes and complete in <50ms
[22m[39mGoTrueClient@sb-bgxknceshxxifwytalex-auth-token:0 (2.93.3) 2026-02-02T15:19:48.852Z #_acquireLock end

stderr | tests/property/scoped-roles-processing-efficiency.test.ts > Property 10: Scoped Roles Processing Efficiency > Property 10.3: System roles queries should use optimized indexes and complete in <50ms
Error fetching org roles: {
  code: 'PGRST200',
  details: "Searched for a foreign key relationship between 'org_roles' and 'user_profiles' in the schema 'public', but no matches were found.",
  hint: null,
  message: "Could not find a relationship between 'org_roles' and 'user_profiles' in the schema cache"
}

[90mstdout[2m | tests/property/scoped-roles-processing-efficiency.test.ts[2m > [22m[2mProperty 10: Scoped Roles Processing Efficiency[2m > [22m[2mProperty 10.3: System roles queries should use optimized indexes and complete in <50ms
[22m[39mGoTrueClient@sb-bgxknceshxxifwytalex-auth-token:0 (2.93.3) 2026-02-02T15:19:48.909Z #_acquireLock begin [33m10000[39m
GoTrueClient@sb-bgxknceshxxifwytalex-auth-token:0 (2.93.3) 2026-02-02T15:19:48.910Z #_acquireLock lock acquired for storage key sb-bgxknceshxxifwytalex-auth-token
GoTrueClient@sb-bgxknceshxxifwytalex-auth-token:0 (2.93.3) 2026-02-02T15:19:48.910Z #_useSession begin
GoTrueClient@sb-bgxknceshxxifwytalex-auth-token:0 (2.93.3) 2026-02-02T15:19:48.910Z #__loadSession() begin

[90mstdout[2m | tests/property/scoped-roles-processing-efficiency.test.ts[2m > [22m[2mProperty 10: Scoped Roles Processing Efficiency[2m > [22m[2mProperty 10.3: System roles queries should use optimized indexes and complete in <50ms
[22m[39mGoTrueClient@sb-bgxknceshxxifwytalex-auth-token:0 (2.93.3) 2026-02-02T15:19:48.910Z #getSession() session from storage [1mnull[22m
GoTrueClient@sb-bgxknceshxxifwytalex-auth-token:0 (2.93.3) 2026-02-02T15:19:48.910Z #__loadSession() end

[90mstdout[2m | tests/property/scoped-roles-processing-efficiency.test.ts[2m > [22m[2mProperty 10: Scoped Roles Processing Efficiency[2m > [22m[2mProperty 10.3: System roles queries should use optimized indexes and complete in <50ms
[22m[39mGoTrueClient@sb-bgxknceshxxifwytalex-auth-token:0 (2.93.3) 2026-02-02T15:19:48.910Z #_useSession end

[90mstdout[2m | tests/property/scoped-roles-processing-efficiency.test.ts[2m > [22m[2mProperty 10: Scoped Roles Processing Efficiency[2m > [22m[2mProperty 10.3: System roles queries should use optimized indexes and complete in <50ms
[22m[39mGoTrueClient@sb-bgxknceshxxifwytalex-auth-token:0 (2.93.3) 2026-02-02T15:19:48.910Z #_acquireLock lock released for storage key sb-bgxknceshxxifwytalex-auth-token

[90mstdout[2m | tests/property/scoped-roles-processing-efficiency.test.ts[2m > [22m[2mProperty 10: Scoped Roles Processing Efficiency[2m > [22m[2mProperty 10.3: System roles queries should use optimized indexes and complete in <50ms
[22m[39mGoTrueClient@sb-bgxknceshxxifwytalex-auth-token:0 (2.93.3) 2026-02-02T15:19:48.910Z #_acquireLock end

[90mstdout[2m | tests/property/scoped-roles-processing-efficiency.test.ts[2m > [22m[2mProperty 10: Scoped Roles Processing Efficiency[2m > [22m[2mProperty 10.3: System roles queries should use optimized indexes and complete in <50ms
[22m[39mGoTrueClient@sb-bgxknceshxxifwytalex-auth-token:0 (2.93.3) 2026-02-02T15:19:49.010Z #_acquireLock begin [33m10000[39m
GoTrueClient@sb-bgxknceshxxifwytalex-auth-token:0 (2.93.3) 2026-02-02T15:19:49.010Z #_acquireLock lock acquired for storage key sb-bgxknceshxxifwytalex-auth-token
GoTrueClient@sb-bgxknceshxxifwytalex-auth-token:0 (2.93.3) 2026-02-02T15:19:49.010Z #_useSession begin
GoTrueClient@sb-bgxknceshxxifwytalex-auth-token:0 (2.93.3) 2026-02-02T15:19:49.010Z #__loadSession() begin

[90mstdout[2m | tests/property/scoped-roles-processing-efficiency.test.ts[2m > [22m[2mProperty 10: Scoped Roles Processing Efficiency[2m > [22m[2mProperty 10.3: System roles queries should use optimized indexes and complete in <50ms
[22m[39mGoTrueClient@sb-bgxknceshxxifwytalex-auth-token:0 (2.93.3) 2026-02-02T15:19:49.010Z #getSession() session from storage [1mnull[22m
GoTrueClient@sb-bgxknceshxxifwytalex-auth-token:0 (2.93.3) 2026-02-02T15:19:49.010Z #__loadSession() end

[90mstdout[2m | tests/property/scoped-roles-processing-efficiency.test.ts[2m > [22m[2mProperty 10: Scoped Roles Processing Efficiency[2m > [22m[2mProperty 10.3: System roles queries should use optimized indexes and complete in <50ms
[22m[39mGoTrueClient@sb-bgxknceshxxifwytalex-auth-token:0 (2.93.3) 2026-02-02T15:19:49.010Z #_useSession end

[90mstdout[2m | tests/property/scoped-roles-processing-efficiency.test.ts[2m > [22m[2mProperty 10: Scoped Roles Processing Efficiency[2m > [22m[2mProperty 10.3: System roles queries should use optimized indexes and complete in <50ms
[22m[39mGoTrueClient@sb-bgxknceshxxifwytalex-auth-token:0 (2.93.3) 2026-02-02T15:19:49.010Z #_acquireLock lock released for storage key sb-bgxknceshxxifwytalex-auth-token

[90mstdout[2m | tests/property/scoped-roles-processing-efficiency.test.ts[2m > [22m[2mProperty 10: Scoped Roles Processing Efficiency[2m > [22m[2mProperty 10.3: System roles queries should use optimized indexes and complete in <50ms
[22m[39mGoTrueClient@sb-bgxknceshxxifwytalex-auth-token:0 (2.93.3) 2026-02-02T15:19:49.010Z #_acquireLock end

stderr | tests/property/scoped-roles-processing-efficiency.test.ts > Property 10: Scoped Roles Processing Efficiency > Property 10.3: System roles queries should use optimized indexes and complete in <50ms
Error fetching project roles: {
  code: 'PGRST200',
  details: "Searched for a foreign key relationship between 'project_roles' and 'user_profiles' in the schema 'public', but no matches were found.",
  hint: null,
  message: "Could not find a relationship between 'project_roles' and 'user_profiles' in the schema cache"
}

[90mstdout[2m | tests/property/scoped-roles-processing-efficiency.test.ts[2m > [22m[2mProperty 10: Scoped Roles Processing Efficiency[2m > [22m[2mProperty 10.3: System roles queries should use optimized indexes and complete in <50ms
[22m[39mGoTrueClient@sb-bgxknceshxxifwytalex-auth-token:0 (2.93.3) 2026-02-02T15:19:49.063Z #_acquireLock begin [33m10000[39m
GoTrueClient@sb-bgxknceshxxifwytalex-auth-token:0 (2.93.3) 2026-02-02T15:19:49.063Z #_acquireLock lock acquired for storage key sb-bgxknceshxxifwytalex-auth-token
GoTrueClient@sb-bgxknceshxxifwytalex-auth-token:0 (2.93.3) 2026-02-02T15:19:49.063Z #_useSession begin
GoTrueClient@sb-bgxknceshxxifwytalex-auth-token:0 (2.93.3) 2026-02-02T15:19:49.063Z #__loadSession() begin

[90mstdout[2m | tests/property/scoped-roles-processing-efficiency.test.ts[2m > [22m[2mProperty 10: Scoped Roles Processing Efficiency[2m > [22m[2mProperty 10.3: System roles queries should use optimized indexes and complete in <50ms
[22m[39mGoTrueClient@sb-bgxknceshxxifwytalex-auth-token:0 (2.93.3) 2026-02-02T15:19:49.063Z #getSession() session from storage [1mnull[22m
GoTrueClient@sb-bgxknceshxxifwytalex-auth-token:0 (2.93.3) 2026-02-02T15:19:49.063Z #__loadSession() end

[90mstdout[2m | tests/property/scoped-roles-processing-efficiency.test.ts[2m > [22m[2mProperty 10: Scoped Roles Processing Efficiency[2m > [22m[2mProperty 10.3: System roles queries should use optimized indexes and complete in <50ms
[22m[39mGoTrueClient@sb-bgxknceshxxifwytalex-auth-token:0 (2.93.3) 2026-02-02T15:19:49.063Z #_useSession end

[90mstdout[2m | tests/property/scoped-roles-processing-efficiency.test.ts[2m > [22m[2mProperty 10: Scoped Roles Processing Efficiency[2m > [22m[2mProperty 10.3: System roles queries should use optimized indexes and complete in <50ms
[22m[39mGoTrueClient@sb-bgxknceshxxifwytalex-auth-token:0 (2.93.3) 2026-02-02T15:19:49.064Z #_acquireLock lock released for storage key sb-bgxknceshxxifwytalex-auth-token

[90mstdout[2m | tests/property/scoped-roles-processing-efficiency.test.ts[2m > [22m[2mProperty 10: Scoped Roles Processing Efficiency[2m > [22m[2mProperty 10.3: System roles queries should use optimized indexes and complete in <50ms
[22m[39mGoTrueClient@sb-bgxknceshxxifwytalex-auth-token:0 (2.93.3) 2026-02-02T15:19:49.064Z #_acquireLock end

stderr | tests/property/scoped-roles-processing-efficiency.test.ts > Property 10: Scoped Roles Processing Efficiency > Property 10.3: System roles queries should use optimized indexes and complete in <50ms
Error fetching org roles: {
  code: 'PGRST200',
  details: "Searched for a foreign key relationship between 'org_roles' and 'user_profiles' in the schema 'public', but no matches were found.",
  hint: null,
  message: "Could not find a relationship between 'org_roles' and 'user_profiles' in the schema cache"
}

[90mstdout[2m | tests/property/scoped-roles-processing-efficiency.test.ts[2m > [22m[2mProperty 10: Scoped Roles Processing Efficiency[2m > [22m[2mProperty 10.3: System roles queries should use optimized indexes and complete in <50ms
[22m[39mGoTrueClient@sb-bgxknceshxxifwytalex-auth-token:0 (2.93.3) 2026-02-02T15:19:49.127Z #_acquireLock begin [33m10000[39m
GoTrueClient@sb-bgxknceshxxifwytalex-auth-token:0 (2.93.3) 2026-02-02T15:19:49.127Z #_acquireLock lock acquired for storage key sb-bgxknceshxxifwytalex-auth-token
GoTrueClient@sb-bgxknceshxxifwytalex-auth-token:0 (2.93.3) 2026-02-02T15:19:49.127Z #_useSession begin
GoTrueClient@sb-bgxknceshxxifwytalex-auth-token:0 (2.93.3) 2026-02-02T15:19:49.127Z #__loadSession() begin

[90mstdout[2m | tests/property/scoped-roles-processing-efficiency.test.ts[2m > [22m[2mProperty 10: Scoped Roles Processing Efficiency[2m > [22m[2mProperty 10.3: System roles queries should use optimized indexes and complete in <50ms
[22m[39mGoTrueClient@sb-bgxknceshxxifwytalex-auth-token:0 (2.93.3) 2026-02-02T15:19:49.128Z #getSession() session from storage [1mnull[22m
GoTrueClient@sb-bgxknceshxxifwytalex-auth-token:0 (2.93.3) 2026-02-02T15:19:49.128Z #__loadSession() end

[90mstdout[2m | tests/property/scoped-roles-processing-efficiency.test.ts[2m > [22m[2mProperty 10: Scoped Roles Processing Efficiency[2m > [22m[2mProperty 10.3: System roles queries should use optimized indexes and complete in <50ms
[22m[39mGoTrueClient@sb-bgxknceshxxifwytalex-auth-token:0 (2.93.3) 2026-02-02T15:19:49.128Z #_useSession end

[90mstdout[2m | tests/property/scoped-roles-processing-efficiency.test.ts[2m > [22m[2mProperty 10: Scoped Roles Processing Efficiency[2m > [22m[2mProperty 10.3: System roles queries should use optimized indexes and complete in <50ms
[22m[39mGoTrueClient@sb-bgxknceshxxifwytalex-auth-token:0 (2.93.3) 2026-02-02T15:19:49.128Z #_acquireLock lock released for storage key sb-bgxknceshxxifwytalex-auth-token

[90mstdout[2m | tests/property/scoped-roles-processing-efficiency.test.ts[2m > [22m[2mProperty 10: Scoped Roles Processing Efficiency[2m > [22m[2mProperty 10.3: System roles queries should use optimized indexes and complete in <50ms
[22m[39mGoTrueClient@sb-bgxknceshxxifwytalex-auth-token:0 (2.93.3) 2026-02-02T15:19:49.128Z #_acquireLock end

[90mstdout[2m | tests/property/scoped-roles-processing-efficiency.test.ts[2m > [22m[2mProperty 10: Scoped Roles Processing Efficiency[2m > [22m[2mProperty 10.3: System roles queries should use optimized indexes and complete in <50ms
[22m[39mGoTrueClient@sb-bgxknceshxxifwytalex-auth-token:0 (2.93.3) 2026-02-02T15:19:49.228Z #_acquireLock begin [33m10000[39m
GoTrueClient@sb-bgxknceshxxifwytalex-auth-token:0 (2.93.3) 2026-02-02T15:19:49.228Z #_acquireLock lock acquired for storage key sb-bgxknceshxxifwytalex-auth-token
GoTrueClient@sb-bgxknceshxxifwytalex-auth-token:0 (2.93.3) 2026-02-02T15:19:49.228Z #_useSession begin
GoTrueClient@sb-bgxknceshxxifwytalex-auth-token:0 (2.93.3) 2026-02-02T15:19:49.228Z #__loadSession() begin

[90mstdout[2m | tests/property/scoped-roles-processing-efficiency.test.ts[2m > [22m[2mProperty 10: Scoped Roles Processing Efficiency[2m > [22m[2mProperty 10.3: System roles queries should use optimized indexes and complete in <50ms
[22m[39mGoTrueClient@sb-bgxknceshxxifwytalex-auth-token:0 (2.93.3) 2026-02-02T15:19:49.228Z #getSession() session from storage [1mnull[22m
GoTrueClient@sb-bgxknceshxxifwytalex-auth-token:0 (2.93.3) 2026-02-02T15:19:49.228Z #__loadSession() end

[90mstdout[2m | tests/property/scoped-roles-processing-efficiency.test.ts[2m > [22m[2mProperty 10: Scoped Roles Processing Efficiency[2m > [22m[2mProperty 10.3: System roles queries should use optimized indexes and complete in <50ms
[22m[39mGoTrueClient@sb-bgxknceshxxifwytalex-auth-token:0 (2.93.3) 2026-02-02T15:19:49.229Z #_useSession end

[90mstdout[2m | tests/property/scoped-roles-processing-efficiency.test.ts[2m > [22m[2mProperty 10: Scoped Roles Processing Efficiency[2m > [22m[2mProperty 10.3: System roles queries should use optimized indexes and complete in <50ms
[22m[39mGoTrueClient@sb-bgxknceshxxifwytalex-auth-token:0 (2.93.3) 2026-02-02T15:19:49.229Z #_acquireLock lock released for storage key sb-bgxknceshxxifwytalex-auth-token

[90mstdout[2m | tests/property/scoped-roles-processing-efficiency.test.ts[2m > [22m[2mProperty 10: Scoped Roles Processing Efficiency[2m > [22m[2mProperty 10.3: System roles queries should use optimized indexes and complete in <50ms
[22m[39mGoTrueClient@sb-bgxknceshxxifwytalex-auth-token:0 (2.93.3) 2026-02-02T15:19:49.229Z #_acquireLock end

stderr | tests/property/scoped-roles-processing-efficiency.test.ts > Property 10: Scoped Roles Processing Efficiency > Property 10.3: System roles queries should use optimized indexes and complete in <50ms
Error fetching project roles: {
  code: 'PGRST200',
  details: "Searched for a foreign key relationship between 'project_roles' and 'user_profiles' in the schema 'public', but no matches were found.",
  hint: null,
  message: "Could not find a relationship between 'project_roles' and 'user_profiles' in the schema cache"
}

[90mstdout[2m | tests/property/scoped-roles-processing-efficiency.test.ts[2m > [22m[2mProperty 10: Scoped Roles Processing Efficiency[2m > [22m[2mProperty 10.3: System roles queries should use optimized indexes and complete in <50ms
[22m[39mGoTrueClient@sb-bgxknceshxxifwytalex-auth-token:0 (2.93.3) 2026-02-02T15:19:49.277Z #_acquireLock begin [33m10000[39m
GoTrueClient@sb-bgxknceshxxifwytalex-auth-token:0 (2.93.3) 2026-02-02T15:19:49.277Z #_acquireLock lock acquired for storage key sb-bgxknceshxxifwytalex-auth-token
GoTrueClient@sb-bgxknceshxxifwytalex-auth-token:0 (2.93.3) 2026-02-02T15:19:49.277Z #_useSession begin
GoTrueClient@sb-bgxknceshxxifwytalex-auth-token:0 (2.93.3) 2026-02-02T15:19:49.277Z #__loadSession() begin

[90mstdout[2m | tests/property/scoped-roles-processing-efficiency.test.ts[2m > [22m[2mProperty 10: Scoped Roles Processing Efficiency[2m > [22m[2mProperty 10.3: System roles queries should use optimized indexes and complete in <50ms
[22m[39mGoTrueClient@sb-bgxknceshxxifwytalex-auth-token:0 (2.93.3) 2026-02-02T15:19:49.277Z #getSession() session from storage [1mnull[22m
GoTrueClient@sb-bgxknceshxxifwytalex-auth-token:0 (2.93.3) 2026-02-02T15:19:49.277Z #__loadSession() end

[90mstdout[2m | tests/property/scoped-roles-processing-efficiency.test.ts[2m > [22m[2mProperty 10: Scoped Roles Processing Efficiency[2m > [22m[2mProperty 10.3: System roles queries should use optimized indexes and complete in <50ms
[22m[39mGoTrueClient@sb-bgxknceshxxifwytalex-auth-token:0 (2.93.3) 2026-02-02T15:19:49.277Z #_useSession end

[90mstdout[2m | tests/property/scoped-roles-processing-efficiency.test.ts[2m > [22m[2mProperty 10: Scoped Roles Processing Efficiency[2m > [22m[2mProperty 10.3: System roles queries should use optimized indexes and complete in <50ms
[22m[39mGoTrueClient@sb-bgxknceshxxifwytalex-auth-token:0 (2.93.3) 2026-02-02T15:19:49.277Z #_acquireLock lock released for storage key sb-bgxknceshxxifwytalex-auth-token

[90mstdout[2m | tests/property/scoped-roles-processing-efficiency.test.ts[2m > [22m[2mProperty 10: Scoped Roles Processing Efficiency[2m > [22m[2mProperty 10.3: System roles queries should use optimized indexes and complete in <50ms
[22m[39mGoTrueClient@sb-bgxknceshxxifwytalex-auth-token:0 (2.93.3) 2026-02-02T15:19:49.277Z #_acquireLock end

stderr | tests/property/scoped-roles-processing-efficiency.test.ts > Property 10: Scoped Roles Processing Efficiency > Property 10.3: System roles queries should use optimized indexes and complete in <50ms
Error fetching org roles: {
  code: 'PGRST200',
  details: "Searched for a foreign key relationship between 'org_roles' and 'user_profiles' in the schema 'public', but no matches were found.",
  hint: null,
  message: "Could not find a relationship between 'org_roles' and 'user_profiles' in the schema cache"
}

[90mstdout[2m | tests/property/scoped-roles-processing-efficiency.test.ts[2m > [22m[2mProperty 10: Scoped Roles Processing Efficiency[2m > [22m[2mProperty 10.3: System roles queries should use optimized indexes and complete in <50ms
[22m[39mGoTrueClient@sb-bgxknceshxxifwytalex-auth-token:0 (2.93.3) 2026-02-02T15:19:49.358Z #_acquireLock begin [33m10000[39m
GoTrueClient@sb-bgxknceshxxifwytalex-auth-token:0 (2.93.3) 2026-02-02T15:19:49.358Z #_acquireLock lock acquired for storage key sb-bgxknceshxxifwytalex-auth-token
GoTrueClient@sb-bgxknceshxxifwytalex-auth-token:0 (2.93.3) 2026-02-02T15:19:49.358Z #_useSession begin
GoTrueClient@sb-bgxknceshxxifwytalex-auth-token:0 (2.93.3) 2026-02-02T15:19:49.358Z #__loadSession() begin

[90mstdout[2m | tests/property/scoped-roles-processing-efficiency.test.ts[2m > [22m[2mProperty 10: Scoped Roles Processing Efficiency[2m > [22m[2mProperty 10.3: System roles queries should use optimized indexes and complete in <50ms
[22m[39mGoTrueClient@sb-bgxknceshxxifwytalex-auth-token:0 (2.93.3) 2026-02-02T15:19:49.359Z #getSession() session from storage [1mnull[22m
GoTrueClient@sb-bgxknceshxxifwytalex-auth-token:0 (2.93.3) 2026-02-02T15:19:49.359Z #__loadSession() end

[90mstdout[2m | tests/property/scoped-roles-processing-efficiency.test.ts[2m > [22m[2mProperty 10: Scoped Roles Processing Efficiency[2m > [22m[2mProperty 10.3: System roles queries should use optimized indexes and complete in <50ms
[22m[39mGoTrueClient@sb-bgxknceshxxifwytalex-auth-token:0 (2.93.3) 2026-02-02T15:19:49.359Z #_useSession end

[90mstdout[2m | tests/property/scoped-roles-processing-efficiency.test.ts[2m > [22m[2mProperty 10: Scoped Roles Processing Efficiency[2m > [22m[2mProperty 10.3: System roles queries should use optimized indexes and complete in <50ms
[22m[39mGoTrueClient@sb-bgxknceshxxifwytalex-auth-token:0 (2.93.3) 2026-02-02T15:19:49.359Z #_acquireLock lock released for storage key sb-bgxknceshxxifwytalex-auth-token

[90mstdout[2m | tests/property/scoped-roles-processing-efficiency.test.ts[2m > [22m[2mProperty 10: Scoped Roles Processing Efficiency[2m > [22m[2mProperty 10.3: System roles queries should use optimized indexes and complete in <50ms
[22m[39mGoTrueClient@sb-bgxknceshxxifwytalex-auth-token:0 (2.93.3) 2026-02-02T15:19:49.359Z #_acquireLock end

[90mstdout[2m | tests/property/scoped-roles-processing-efficiency.test.ts[2m > [22m[2mProperty 10: Scoped Roles Processing Efficiency[2m > [22m[2mProperty 10.3: System roles queries should use optimized indexes and complete in <50ms
[22m[39mGoTrueClient@sb-bgxknceshxxifwytalex-auth-token:0 (2.93.3) 2026-02-02T15:19:49.429Z #_acquireLock begin [33m10000[39m
GoTrueClient@sb-bgxknceshxxifwytalex-auth-token:0 (2.93.3) 2026-02-02T15:19:49.429Z #_acquireLock lock acquired for storage key sb-bgxknceshxxifwytalex-auth-token
GoTrueClient@sb-bgxknceshxxifwytalex-auth-token:0 (2.93.3) 2026-02-02T15:19:49.429Z #_useSession begin
GoTrueClient@sb-bgxknceshxxifwytalex-auth-token:0 (2.93.3) 2026-02-02T15:19:49.429Z #__loadSession() begin

[90mstdout[2m | tests/property/scoped-roles-processing-efficiency.test.ts[2m > [22m[2mProperty 10: Scoped Roles Processing Efficiency[2m > [22m[2mProperty 10.3: System roles queries should use optimized indexes and complete in <50ms
[22m[39mGoTrueClient@sb-bgxknceshxxifwytalex-auth-token:0 (2.93.3) 2026-02-02T15:19:49.429Z #getSession() session from storage [1mnull[22m
GoTrueClient@sb-bgxknceshxxifwytalex-auth-token:0 (2.93.3) 2026-02-02T15:19:49.429Z #__loadSession() end

[90mstdout[2m | tests/property/scoped-roles-processing-efficiency.test.ts[2m > [22m[2mProperty 10: Scoped Roles Processing Efficiency[2m > [22m[2mProperty 10.3: System roles queries should use optimized indexes and complete in <50ms
[22m[39mGoTrueClient@sb-bgxknceshxxifwytalex-auth-token:0 (2.93.3) 2026-02-02T15:19:49.429Z #_useSession end

[90mstdout[2m | tests/property/scoped-roles-processing-efficiency.test.ts[2m > [22m[2mProperty 10: Scoped Roles Processing Efficiency[2m > [22m[2mProperty 10.3: System roles queries should use optimized indexes and complete in <50ms
[22m[39mGoTrueClient@sb-bgxknceshxxifwytalex-auth-token:0 (2.93.3) 2026-02-02T15:19:49.429Z #_acquireLock lock released for storage key sb-bgxknceshxxifwytalex-auth-token

[90mstdout[2m | tests/property/scoped-roles-processing-efficiency.test.ts[2m > [22m[2mProperty 10: Scoped Roles Processing Efficiency[2m > [22m[2mProperty 10.3: System roles queries should use optimized indexes and complete in <50ms
[22m[39mGoTrueClient@sb-bgxknceshxxifwytalex-auth-token:0 (2.93.3) 2026-02-02T15:19:49.429Z #_acquireLock end

stderr | tests/property/scoped-roles-processing-efficiency.test.ts > Property 10: Scoped Roles Processing Efficiency > Property 10.3: System roles queries should use optimized indexes and complete in <50ms
Error fetching project roles: {
  code: 'PGRST200',
  details: "Searched for a foreign key relationship between 'project_roles' and 'user_profiles' in the schema 'public', but no matches were found.",
  hint: null,
  message: "Could not find a relationship between 'project_roles' and 'user_profiles' in the schema cache"
}

[90mstdout[2m | tests/property/scoped-roles-processing-efficiency.test.ts[2m > [22m[2mProperty 10: Scoped Roles Processing Efficiency[2m > [22m[2mProperty 10.3: System roles queries should use optimized indexes and complete in <50ms
[22m[39mGoTrueClient@sb-bgxknceshxxifwytalex-auth-token:0 (2.93.3) 2026-02-02T15:19:49.491Z #_acquireLock begin [33m10000[39m
GoTrueClient@sb-bgxknceshxxifwytalex-auth-token:0 (2.93.3) 2026-02-02T15:19:49.491Z #_acquireLock lock acquired for storage key sb-bgxknceshxxifwytalex-auth-token
GoTrueClient@sb-bgxknceshxxifwytalex-auth-token:0 (2.93.3) 2026-02-02T15:19:49.491Z #_useSession begin
GoTrueClient@sb-bgxknceshxxifwytalex-auth-token:0 (2.93.3) 2026-02-02T15:19:49.491Z #__loadSession() begin

[90mstdout[2m | tests/property/scoped-roles-processing-efficiency.test.ts[2m > [22m[2mProperty 10: Scoped Roles Processing Efficiency[2m > [22m[2mProperty 10.3: System roles queries should use optimized indexes and complete in <50ms
[22m[39mGoTrueClient@sb-bgxknceshxxifwytalex-auth-token:0 (2.93.3) 2026-02-02T15:19:49.491Z #getSession() session from storage [1mnull[22m
GoTrueClient@sb-bgxknceshxxifwytalex-auth-token:0 (2.93.3) 2026-02-02T15:19:49.491Z #__loadSession() end

[90mstdout[2m | tests/property/scoped-roles-processing-efficiency.test.ts[2m > [22m[2mProperty 10: Scoped Roles Processing Efficiency[2m > [22m[2mProperty 10.3: System roles queries should use optimized indexes and complete in <50ms
[22m[39mGoTrueClient@sb-bgxknceshxxifwytalex-auth-token:0 (2.93.3) 2026-02-02T15:19:49.491Z #_useSession end

[90mstdout[2m | tests/property/scoped-roles-processing-efficiency.test.ts[2m > [22m[2mProperty 10: Scoped Roles Processing Efficiency[2m > [22m[2mProperty 10.3: System roles queries should use optimized indexes and complete in <50ms
[22m[39mGoTrueClient@sb-bgxknceshxxifwytalex-auth-token:0 (2.93.3) 2026-02-02T15:19:49.492Z #_acquireLock lock released for storage key sb-bgxknceshxxifwytalex-auth-token

[90mstdout[2m | tests/property/scoped-roles-processing-efficiency.test.ts[2m > [22m[2mProperty 10: Scoped Roles Processing Efficiency[2m > [22m[2mProperty 10.3: System roles queries should use optimized indexes and complete in <50ms
[22m[39mGoTrueClient@sb-bgxknceshxxifwytalex-auth-token:0 (2.93.3) 2026-02-02T15:19:49.492Z #_acquireLock end

stderr | tests/property/scoped-roles-processing-efficiency.test.ts > Property 10: Scoped Roles Processing Efficiency > Property 10.3: System roles queries should use optimized indexes and complete in <50ms
Error fetching org roles: {
  code: 'PGRST200',
  details: "Searched for a foreign key relationship between 'org_roles' and 'user_profiles' in the schema 'public', but no matches were found.",
  hint: null,
  message: "Could not find a relationship between 'org_roles' and 'user_profiles' in the schema cache"
}

[90mstdout[2m | tests/property/scoped-roles-processing-efficiency.test.ts[2m > [22m[2mProperty 10: Scoped Roles Processing Efficiency[2m > [22m[2mProperty 10.3: System roles queries should use optimized indexes and complete in <50ms
[22m[39mGoTrueClient@sb-bgxknceshxxifwytalex-auth-token:0 (2.93.3) 2026-02-02T15:19:49.581Z #_acquireLock begin [33m10000[39m
GoTrueClient@sb-bgxknceshxxifwytalex-auth-token:0 (2.93.3) 2026-02-02T15:19:49.581Z #_acquireLock lock acquired for storage key sb-bgxknceshxxifwytalex-auth-token
GoTrueClient@sb-bgxknceshxxifwytalex-auth-token:0 (2.93.3) 2026-02-02T15:19:49.581Z #_useSession begin
GoTrueClient@sb-bgxknceshxxifwytalex-auth-token:0 (2.93.3) 2026-02-02T15:19:49.581Z #__loadSession() begin

[90mstdout[2m | tests/property/scoped-roles-processing-efficiency.test.ts[2m > [22m[2mProperty 10: Scoped Roles Processing Efficiency[2m > [22m[2mProperty 10.3: System roles queries should use optimized indexes and complete in <50ms
[22m[39mGoTrueClient@sb-bgxknceshxxifwytalex-auth-token:0 (2.93.3) 2026-02-02T15:19:49.582Z #getSession() session from storage [1mnull[22m
GoTrueClient@sb-bgxknceshxxifwytalex-auth-token:0 (2.93.3) 2026-02-02T15:19:49.582Z #__loadSession() end

[90mstdout[2m | tests/property/scoped-roles-processing-efficiency.test.ts[2m > [22m[2mProperty 10: Scoped Roles Processing Efficiency[2m > [22m[2mProperty 10.3: System roles queries should use optimized indexes and complete in <50ms
[22m[39mGoTrueClient@sb-bgxknceshxxifwytalex-auth-token:0 (2.93.3) 2026-02-02T15:19:49.582Z #_useSession end

[90mstdout[2m | tests/property/scoped-roles-processing-efficiency.test.ts[2m > [22m[2mProperty 10: Scoped Roles Processing Efficiency[2m > [22m[2mProperty 10.3: System roles queries should use optimized indexes and complete in <50ms
[22m[39mGoTrueClient@sb-bgxknceshxxifwytalex-auth-token:0 (2.93.3) 2026-02-02T15:19:49.582Z #_acquireLock lock released for storage key sb-bgxknceshxxifwytalex-auth-token

[90mstdout[2m | tests/property/scoped-roles-processing-efficiency.test.ts[2m > [22m[2mProperty 10: Scoped Roles Processing Efficiency[2m > [22m[2mProperty 10.3: System roles queries should use optimized indexes and complete in <50ms
[22m[39mGoTrueClient@sb-bgxknceshxxifwytalex-auth-token:0 (2.93.3) 2026-02-02T15:19:49.582Z #_acquireLock end

[90mstdout[2m | tests/property/scoped-roles-processing-efficiency.test.ts[2m > [22m[2mProperty 10: Scoped Roles Processing Efficiency[2m > [22m[2mProperty 10.3: System roles queries should use optimized indexes and complete in <50ms
[22m[39mGoTrueClient@sb-bgxknceshxxifwytalex-auth-token:0 (2.93.3) 2026-02-02T15:19:49.640Z #_acquireLock begin [33m10000[39m
GoTrueClient@sb-bgxknceshxxifwytalex-auth-token:0 (2.93.3) 2026-02-02T15:19:49.640Z #_acquireLock lock acquired for storage key sb-bgxknceshxxifwytalex-auth-token
GoTrueClient@sb-bgxknceshxxifwytalex-auth-token:0 (2.93.3) 2026-02-02T15:19:49.640Z #_useSession begin
GoTrueClient@sb-bgxknceshxxifwytalex-auth-token:0 (2.93.3) 2026-02-02T15:19:49.640Z #__loadSession() begin

[90mstdout[2m | tests/property/scoped-roles-processing-efficiency.test.ts[2m > [22m[2mProperty 10: Scoped Roles Processing Efficiency[2m > [22m[2mProperty 10.3: System roles queries should use optimized indexes and complete in <50ms
[22m[39mGoTrueClient@sb-bgxknceshxxifwytalex-auth-token:0 (2.93.3) 2026-02-02T15:19:49.640Z #getSession() session from storage [1mnull[22m
GoTrueClient@sb-bgxknceshxxifwytalex-auth-token:0 (2.93.3) 2026-02-02T15:19:49.640Z #__loadSession() end

[90mstdout[2m | tests/property/scoped-roles-processing-efficiency.test.ts[2m > [22m[2mProperty 10: Scoped Roles Processing Efficiency[2m > [22m[2mProperty 10.3: System roles queries should use optimized indexes and complete in <50ms
[22m[39mGoTrueClient@sb-bgxknceshxxifwytalex-auth-token:0 (2.93.3) 2026-02-02T15:19:49.640Z #_useSession end

[90mstdout[2m | tests/property/scoped-roles-processing-efficiency.test.ts[2m > [22m[2mProperty 10: Scoped Roles Processing Efficiency[2m > [22m[2mProperty 10.3: System roles queries should use optimized indexes and complete in <50ms
[22m[39mGoTrueClient@sb-bgxknceshxxifwytalex-auth-token:0 (2.93.3) 2026-02-02T15:19:49.640Z #_acquireLock lock released for storage key sb-bgxknceshxxifwytalex-auth-token

[90mstdout[2m | tests/property/scoped-roles-processing-efficiency.test.ts[2m > [22m[2mProperty 10: Scoped Roles Processing Efficiency[2m > [22m[2mProperty 10.3: System roles queries should use optimized indexes and complete in <50ms
[22m[39mGoTrueClient@sb-bgxknceshxxifwytalex-auth-token:0 (2.93.3) 2026-02-02T15:19:49.640Z #_acquireLock end

stderr | tests/property/scoped-roles-processing-efficiency.test.ts > Property 10: Scoped Roles Processing Efficiency > Property 10.3: System roles queries should use optimized indexes and complete in <50ms
Error fetching project roles: {
  code: 'PGRST200',
  details: "Searched for a foreign key relationship between 'project_roles' and 'user_profiles' in the schema 'public', but no matches were found.",
  hint: null,
  message: "Could not find a relationship between 'project_roles' and 'user_profiles' in the schema cache"
}

[90mstdout[2m | tests/property/scoped-roles-processing-efficiency.test.ts[2m > [22m[2mProperty 10: Scoped Roles Processing Efficiency[2m > [22m[2mProperty 10.3: System roles queries should use optimized indexes and complete in <50ms
[22m[39mGoTrueClient@sb-bgxknceshxxifwytalex-auth-token:0 (2.93.3) 2026-02-02T15:19:49.701Z #_acquireLock begin [33m10000[39m
GoTrueClient@sb-bgxknceshxxifwytalex-auth-token:0 (2.93.3) 2026-02-02T15:19:49.701Z #_acquireLock lock acquired for storage key sb-bgxknceshxxifwytalex-auth-token
GoTrueClient@sb-bgxknceshxxifwytalex-auth-token:0 (2.93.3) 2026-02-02T15:19:49.701Z #_useSession begin
GoTrueClient@sb-bgxknceshxxifwytalex-auth-token:0 (2.93.3) 2026-02-02T15:19:49.701Z #__loadSession() begin

[90mstdout[2m | tests/property/scoped-roles-processing-efficiency.test.ts[2m > [22m[2mProperty 10: Scoped Roles Processing Efficiency[2m > [22m[2mProperty 10.3: System roles queries should use optimized indexes and complete in <50ms
[22m[39mGoTrueClient@sb-bgxknceshxxifwytalex-auth-token:0 (2.93.3) 2026-02-02T15:19:49.702Z #getSession() session from storage [1mnull[22m
GoTrueClient@sb-bgxknceshxxifwytalex-auth-token:0 (2.93.3) 2026-02-02T15:19:49.702Z #__loadSession() end

[90mstdout[2m | tests/property/scoped-roles-processing-efficiency.test.ts[2m > [22m[2mProperty 10: Scoped Roles Processing Efficiency[2m > [22m[2mProperty 10.3: System roles queries should use optimized indexes and complete in <50ms
[22m[39mGoTrueClient@sb-bgxknceshxxifwytalex-auth-token:0 (2.93.3) 2026-02-02T15:19:49.702Z #_useSession end

[90mstdout[2m | tests/property/scoped-roles-processing-efficiency.test.ts[2m > [22m[2mProperty 10: Scoped Roles Processing Efficiency[2m > [22m[2mProperty 10.3: System roles queries should use optimized indexes and complete in <50ms
[22m[39mGoTrueClient@sb-bgxknceshxxifwytalex-auth-token:0 (2.93.3) 2026-02-02T15:19:49.702Z #_acquireLock lock released for storage key sb-bgxknceshxxifwytalex-auth-token

[90mstdout[2m | tests/property/scoped-roles-processing-efficiency.test.ts[2m > [22m[2mProperty 10: Scoped Roles Processing Efficiency[2m > [22m[2mProperty 10.3: System roles queries should use optimized indexes and complete in <50ms
[22m[39mGoTrueClient@sb-bgxknceshxxifwytalex-auth-token:0 (2.93.3) 2026-02-02T15:19:49.702Z #_acquireLock end

stderr | tests/property/scoped-roles-processing-efficiency.test.ts > Property 10: Scoped Roles Processing Efficiency > Property 10.3: System roles queries should use optimized indexes and complete in <50ms
Error fetching org roles: {
  code: 'PGRST200',
  details: "Searched for a foreign key relationship between 'org_roles' and 'user_profiles' in the schema 'public', but no matches were found.",
  hint: null,
  message: "Could not find a relationship between 'org_roles' and 'user_profiles' in the schema cache"
}

[90mstdout[2m | tests/property/scoped-roles-processing-efficiency.test.ts[2m > [22m[2mProperty 10: Scoped Roles Processing Efficiency[2m > [22m[2mProperty 10.3: System roles queries should use optimized indexes and complete in <50ms
[22m[39mGoTrueClient@sb-bgxknceshxxifwytalex-auth-token:0 (2.93.3) 2026-02-02T15:19:49.798Z #_acquireLock begin [33m10000[39m
GoTrueClient@sb-bgxknceshxxifwytalex-auth-token:0 (2.93.3) 2026-02-02T15:19:49.798Z #_acquireLock lock acquired for storage key sb-bgxknceshxxifwytalex-auth-token
GoTrueClient@sb-bgxknceshxxifwytalex-auth-token:0 (2.93.3) 2026-02-02T15:19:49.798Z #_useSession begin
GoTrueClient@sb-bgxknceshxxifwytalex-auth-token:0 (2.93.3) 2026-02-02T15:19:49.798Z #__loadSession() begin

[90mstdout[2m | tests/property/scoped-roles-processing-efficiency.test.ts[2m > [22m[2mProperty 10: Scoped Roles Processing Efficiency[2m > [22m[2mProperty 10.3: System roles queries should use optimized indexes and complete in <50ms
[22m[39mGoTrueClient@sb-bgxknceshxxifwytalex-auth-token:0 (2.93.3) 2026-02-02T15:19:49.798Z #getSession() session from storage [1mnull[22m
GoTrueClient@sb-bgxknceshxxifwytalex-auth-token:0 (2.93.3) 2026-02-02T15:19:49.798Z #__loadSession() end

[90mstdout[2m | tests/property/scoped-roles-processing-efficiency.test.ts[2m > [22m[2mProperty 10: Scoped Roles Processing Efficiency[2m > [22m[2mProperty 10.3: System roles queries should use optimized indexes and complete in <50ms
[22m[39mGoTrueClient@sb-bgxknceshxxifwytalex-auth-token:0 (2.93.3) 2026-02-02T15:19:49.798Z #_useSession end

[90mstdout[2m | tests/property/scoped-roles-processing-efficiency.test.ts[2m > [22m[2mProperty 10: Scoped Roles Processing Efficiency[2m > [22m[2mProperty 10.3: System roles queries should use optimized indexes and complete in <50ms
[22m[39mGoTrueClient@sb-bgxknceshxxifwytalex-auth-token:0 (2.93.3) 2026-02-02T15:19:49.798Z #_acquireLock lock released for storage key sb-bgxknceshxxifwytalex-auth-token

[90mstdout[2m | tests/property/scoped-roles-processing-efficiency.test.ts[2m > [22m[2mProperty 10: Scoped Roles Processing Efficiency[2m > [22m[2mProperty 10.3: System roles queries should use optimized indexes and complete in <50ms
[22m[39mGoTrueClient@sb-bgxknceshxxifwytalex-auth-token:0 (2.93.3) 2026-02-02T15:19:49.798Z #_acquireLock end

[90mstdout[2m | tests/property/scoped-roles-processing-efficiency.test.ts[2m > [22m[2mProperty 10: Scoped Roles Processing Efficiency[2m > [22m[2mProperty 10.3: System roles queries should use optimized indexes and complete in <50ms
[22m[39mGoTrueClient@sb-bgxknceshxxifwytalex-auth-token:0 (2.93.3) 2026-02-02T15:19:49.852Z #_acquireLock begin [33m10000[39m
GoTrueClient@sb-bgxknceshxxifwytalex-auth-token:0 (2.93.3) 2026-02-02T15:19:49.852Z #_acquireLock lock acquired for storage key sb-bgxknceshxxifwytalex-auth-token
GoTrueClient@sb-bgxknceshxxifwytalex-auth-token:0 (2.93.3) 2026-02-02T15:19:49.852Z #_useSession begin
GoTrueClient@sb-bgxknceshxxifwytalex-auth-token:0 (2.93.3) 2026-02-02T15:19:49.852Z #__loadSession() begin

[90mstdout[2m | tests/property/scoped-roles-processing-efficiency.test.ts[2m > [22m[2mProperty 10: Scoped Roles Processing Efficiency[2m > [22m[2mProperty 10.3: System roles queries should use optimized indexes and complete in <50ms
[22m[39mGoTrueClient@sb-bgxknceshxxifwytalex-auth-token:0 (2.93.3) 2026-02-02T15:19:49.852Z #getSession() session from storage [1mnull[22m
GoTrueClient@sb-bgxknceshxxifwytalex-auth-token:0 (2.93.3) 2026-02-02T15:19:49.853Z #__loadSession() end

[90mstdout[2m | tests/property/scoped-roles-processing-efficiency.test.ts[2m > [22m[2mProperty 10: Scoped Roles Processing Efficiency[2m > [22m[2mProperty 10.3: System roles queries should use optimized indexes and complete in <50ms
[22m[39mGoTrueClient@sb-bgxknceshxxifwytalex-auth-token:0 (2.93.3) 2026-02-02T15:19:49.853Z #_useSession end

[90mstdout[2m | tests/property/scoped-roles-processing-efficiency.test.ts[2m > [22m[2mProperty 10: Scoped Roles Processing Efficiency[2m > [22m[2mProperty 10.3: System roles queries should use optimized indexes and complete in <50ms
[22m[39mGoTrueClient@sb-bgxknceshxxifwytalex-auth-token:0 (2.93.3) 2026-02-02T15:19:49.853Z #_acquireLock lock released for storage key sb-bgxknceshxxifwytalex-auth-token

[90mstdout[2m | tests/property/scoped-roles-processing-efficiency.test.ts[2m > [22m[2mProperty 10: Scoped Roles Processing Efficiency[2m > [22m[2mProperty 10.3: System roles queries should use optimized indexes and complete in <50ms
[22m[39mGoTrueClient@sb-bgxknceshxxifwytalex-auth-token:0 (2.93.3) 2026-02-02T15:19:49.853Z #_acquireLock end

stderr | tests/property/scoped-roles-processing-efficiency.test.ts > Property 10: Scoped Roles Processing Efficiency > Property 10.3: System roles queries should use optimized indexes and complete in <50ms
Error fetching project roles: {
  code: 'PGRST200',
  details: "Searched for a foreign key relationship between 'project_roles' and 'user_profiles' in the schema 'public', but no matches were found.",
  hint: null,
  message: "Could not find a relationship between 'project_roles' and 'user_profiles' in the schema cache"
}

[90mstdout[2m | tests/property/scoped-roles-processing-efficiency.test.ts[2m > [22m[2mProperty 10: Scoped Roles Processing Efficiency[2m > [22m[2mProperty 10.3: System roles queries should use optimized indexes and complete in <50ms
[22m[39mGoTrueClient@sb-bgxknceshxxifwytalex-auth-token:0 (2.93.3) 2026-02-02T15:19:49.923Z #_acquireLock begin [33m10000[39m
GoTrueClient@sb-bgxknceshxxifwytalex-auth-token:0 (2.93.3) 2026-02-02T15:19:49.923Z #_acquireLock lock acquired for storage key sb-bgxknceshxxifwytalex-auth-token
GoTrueClient@sb-bgxknceshxxifwytalex-auth-token:0 (2.93.3) 2026-02-02T15:19:49.923Z #_useSession begin
GoTrueClient@sb-bgxknceshxxifwytalex-auth-token:0 (2.93.3) 2026-02-02T15:19:49.923Z #__loadSession() begin

[90mstdout[2m | tests/property/scoped-roles-processing-efficiency.test.ts[2m > [22m[2mProperty 10: Scoped Roles Processing Efficiency[2m > [22m[2mProperty 10.3: System roles queries should use optimized indexes and complete in <50ms
[22m[39mGoTrueClient@sb-bgxknceshxxifwytalex-auth-token:0 (2.93.3) 2026-02-02T15:19:49.923Z #getSession() session from storage [1mnull[22m
GoTrueClient@sb-bgxknceshxxifwytalex-auth-token:0 (2.93.3) 2026-02-02T15:19:49.924Z #__loadSession() end

[90mstdout[2m | tests/property/scoped-roles-processing-efficiency.test.ts[2m > [22m[2mProperty 10: Scoped Roles Processing Efficiency[2m > [22m[2mProperty 10.3: System roles queries should use optimized indexes and complete in <50ms
[22m[39mGoTrueClient@sb-bgxknceshxxifwytalex-auth-token:0 (2.93.3) 2026-02-02T15:19:49.924Z #_useSession end

[90mstdout[2m | tests/property/scoped-roles-processing-efficiency.test.ts[2m > [22m[2mProperty 10: Scoped Roles Processing Efficiency[2m > [22m[2mProperty 10.3: System roles queries should use optimized indexes and complete in <50ms
[22m[39mGoTrueClient@sb-bgxknceshxxifwytalex-auth-token:0 (2.93.3) 2026-02-02T15:19:49.924Z #_acquireLock lock released for storage key sb-bgxknceshxxifwytalex-auth-token

[90mstdout[2m | tests/property/scoped-roles-processing-efficiency.test.ts[2m > [22m[2mProperty 10: Scoped Roles Processing Efficiency[2m > [22m[2mProperty 10.3: System roles queries should use optimized indexes and complete in <50ms
[22m[39mGoTrueClient@sb-bgxknceshxxifwytalex-auth-token:0 (2.93.3) 2026-02-02T15:19:49.924Z #_acquireLock end

stderr | tests/property/scoped-roles-processing-efficiency.test.ts > Property 10: Scoped Roles Processing Efficiency > Property 10.3: System roles queries should use optimized indexes and complete in <50ms
Error fetching org roles: {
  code: 'PGRST200',
  details: "Searched for a foreign key relationship between 'org_roles' and 'user_profiles' in the schema 'public', but no matches were found.",
  hint: null,
  message: "Could not find a relationship between 'org_roles' and 'user_profiles' in the schema cache"
}

[90mstdout[2m | tests/property/scoped-roles-processing-efficiency.test.ts[2m > [22m[2mProperty 10: Scoped Roles Processing Efficiency[2m > [22m[2mProperty 10.3: System roles queries should use optimized indexes and complete in <50ms
[22m[39mGoTrueClient@sb-bgxknceshxxifwytalex-auth-token:0 (2.93.3) 2026-02-02T15:19:50.048Z #_acquireLock begin [33m10000[39m
GoTrueClient@sb-bgxknceshxxifwytalex-auth-token:0 (2.93.3) 2026-02-02T15:19:50.048Z #_acquireLock lock acquired for storage key sb-bgxknceshxxifwytalex-auth-token
GoTrueClient@sb-bgxknceshxxifwytalex-auth-token:0 (2.93.3) 2026-02-02T15:19:50.048Z #_useSession begin
GoTrueClient@sb-bgxknceshxxifwytalex-auth-token:0 (2.93.3) 2026-02-02T15:19:50.048Z #__loadSession() begin

[90mstdout[2m | tests/property/scoped-roles-processing-efficiency.test.ts[2m > [22m[2mProperty 10: Scoped Roles Processing Efficiency[2m > [22m[2mProperty 10.3: System roles queries should use optimized indexes and complete in <50ms
[22m[39mGoTrueClient@sb-bgxknceshxxifwytalex-auth-token:0 (2.93.3) 2026-02-02T15:19:50.048Z #getSession() session from storage [1mnull[22m
GoTrueClient@sb-bgxknceshxxifwytalex-auth-token:0 (2.93.3) 2026-02-02T15:19:50.048Z #__loadSession() end

[90mstdout[2m | tests/property/scoped-roles-processing-efficiency.test.ts[2m > [22m[2mProperty 10: Scoped Roles Processing Efficiency[2m > [22m[2mProperty 10.3: System roles queries should use optimized indexes and complete in <50ms
[22m[39mGoTrueClient@sb-bgxknceshxxifwytalex-auth-token:0 (2.93.3) 2026-02-02T15:19:50.048Z #_useSession end

[90mstdout[2m | tests/property/scoped-roles-processing-efficiency.test.ts[2m > [22m[2mProperty 10: Scoped Roles Processing Efficiency[2m > [22m[2mProperty 10.3: System roles queries should use optimized indexes and complete in <50ms
[22m[39mGoTrueClient@sb-bgxknceshxxifwytalex-auth-token:0 (2.93.3) 2026-02-02T15:19:50.048Z #_acquireLock lock released for storage key sb-bgxknceshxxifwytalex-auth-token

[90mstdout[2m | tests/property/scoped-roles-processing-efficiency.test.ts[2m > [22m[2mProperty 10: Scoped Roles Processing Efficiency[2m > [22m[2mProperty 10.3: System roles queries should use optimized indexes and complete in <50ms
[22m[39mGoTrueClient@sb-bgxknceshxxifwytalex-auth-token:0 (2.93.3) 2026-02-02T15:19:50.048Z #_acquireLock end

[90mstdout[2m | tests/property/scoped-roles-processing-efficiency.test.ts[2m > [22m[2mProperty 10: Scoped Roles Processing Efficiency[2m > [22m[2mProperty 10.3: System roles queries should use optimized indexes and complete in <50ms
[22m[39mGoTrueClient@sb-bgxknceshxxifwytalex-auth-token:0 (2.93.3) 2026-02-02T15:19:50.069Z #_acquireLock begin [33m10000[39m
GoTrueClient@sb-bgxknceshxxifwytalex-auth-token:0 (2.93.3) 2026-02-02T15:19:50.069Z #_acquireLock lock acquired for storage key sb-bgxknceshxxifwytalex-auth-token
GoTrueClient@sb-bgxknceshxxifwytalex-auth-token:0 (2.93.3) 2026-02-02T15:19:50.069Z #_useSession begin
GoTrueClient@sb-bgxknceshxxifwytalex-auth-token:0 (2.93.3) 2026-02-02T15:19:50.069Z #__loadSession() begin

[90mstdout[2m | tests/property/scoped-roles-processing-efficiency.test.ts[2m > [22m[2mProperty 10: Scoped Roles Processing Efficiency[2m > [22m[2mProperty 10.3: System roles queries should use optimized indexes and complete in <50ms
[22m[39mGoTrueClient@sb-bgxknceshxxifwytalex-auth-token:0 (2.93.3) 2026-02-02T15:19:50.069Z #getSession() session from storage [1mnull[22m
GoTrueClient@sb-bgxknceshxxifwytalex-auth-token:0 (2.93.3) 2026-02-02T15:19:50.069Z #__loadSession() end

[90mstdout[2m | tests/property/scoped-roles-processing-efficiency.test.ts[2m > [22m[2mProperty 10: Scoped Roles Processing Efficiency[2m > [22m[2mProperty 10.3: System roles queries should use optimized indexes and complete in <50ms
[22m[39mGoTrueClient@sb-bgxknceshxxifwytalex-auth-token:0 (2.93.3) 2026-02-02T15:19:50.069Z #_useSession end

[90mstdout[2m | tests/property/scoped-roles-processing-efficiency.test.ts[2m > [22m[2mProperty 10: Scoped Roles Processing Efficiency[2m > [22m[2mProperty 10.3: System roles queries should use optimized indexes and complete in <50ms
[22m[39mGoTrueClient@sb-bgxknceshxxifwytalex-auth-token:0 (2.93.3) 2026-02-02T15:19:50.069Z #_acquireLock lock released for storage key sb-bgxknceshxxifwytalex-auth-token

[90mstdout[2m | tests/property/scoped-roles-processing-efficiency.test.ts[2m > [22m[2mProperty 10: Scoped Roles Processing Efficiency[2m > [22m[2mProperty 10.3: System roles queries should use optimized indexes and complete in <50ms
[22m[39mGoTrueClient@sb-bgxknceshxxifwytalex-auth-token:0 (2.93.3) 2026-02-02T15:19:50.069Z #_acquireLock end

stderr | tests/property/scoped-roles-processing-efficiency.test.ts > Property 10: Scoped Roles Processing Efficiency > Property 10.3: System roles queries should use optimized indexes and complete in <50ms
Error fetching project roles: {
  code: 'PGRST200',
  details: "Searched for a foreign key relationship between 'project_roles' and 'user_profiles' in the schema 'public', but no matches were found.",
  hint: null,
  message: "Could not find a relationship between 'project_roles' and 'user_profiles' in the schema cache"
}

[90mstdout[2m | tests/property/scoped-roles-processing-efficiency.test.ts[2m > [22m[2mProperty 10: Scoped Roles Processing Efficiency[2m > [22m[2mProperty 10.3: System roles queries should use optimized indexes and complete in <50ms
[22m[39mGoTrueClient@sb-bgxknceshxxifwytalex-auth-token:0 (2.93.3) 2026-02-02T15:19:50.141Z #_acquireLock begin [33m10000[39m
GoTrueClient@sb-bgxknceshxxifwytalex-auth-token:0 (2.93.3) 2026-02-02T15:19:50.141Z #_acquireLock lock acquired for storage key sb-bgxknceshxxifwytalex-auth-token
GoTrueClient@sb-bgxknceshxxifwytalex-auth-token:0 (2.93.3) 2026-02-02T15:19:50.141Z #_useSession begin
GoTrueClient@sb-bgxknceshxxifwytalex-auth-token:0 (2.93.3) 2026-02-02T15:19:50.141Z #__loadSession() begin

[90mstdout[2m | tests/property/scoped-roles-processing-efficiency.test.ts[2m > [22m[2mProperty 10: Scoped Roles Processing Efficiency[2m > [22m[2mProperty 10.3: System roles queries should use optimized indexes and complete in <50ms
[22m[39mGoTrueClient@sb-bgxknceshxxifwytalex-auth-token:0 (2.93.3) 2026-02-02T15:19:50.141Z #getSession() session from storage [1mnull[22m
GoTrueClient@sb-bgxknceshxxifwytalex-auth-token:0 (2.93.3) 2026-02-02T15:19:50.141Z #__loadSession() end

[90mstdout[2m | tests/property/scoped-roles-processing-efficiency.test.ts[2m > [22m[2mProperty 10: Scoped Roles Processing Efficiency[2m > [22m[2mProperty 10.3: System roles queries should use optimized indexes and complete in <50ms
[22m[39mGoTrueClient@sb-bgxknceshxxifwytalex-auth-token:0 (2.93.3) 2026-02-02T15:19:50.141Z #_useSession end

[90mstdout[2m | tests/property/scoped-roles-processing-efficiency.test.ts[2m > [22m[2mProperty 10: Scoped Roles Processing Efficiency[2m > [22m[2mProperty 10.3: System roles queries should use optimized indexes and complete in <50ms
[22m[39mGoTrueClient@sb-bgxknceshxxifwytalex-auth-token:0 (2.93.3) 2026-02-02T15:19:50.141Z #_acquireLock lock released for storage key sb-bgxknceshxxifwytalex-auth-token

[90mstdout[2m | tests/property/scoped-roles-processing-efficiency.test.ts[2m > [22m[2mProperty 10: Scoped Roles Processing Efficiency[2m > [22m[2mProperty 10.3: System roles queries should use optimized indexes and complete in <50ms
[22m[39mGoTrueClient@sb-bgxknceshxxifwytalex-auth-token:0 (2.93.3) 2026-02-02T15:19:50.142Z #_acquireLock end

[90mstdout[2m | tests/property/scoped-roles-processing-efficiency.test.ts[2m > [22m[2mProperty 10: Scoped Roles Processing Efficiency[2m > [22m[2mProperty 10.3: System roles queries should use optimized indexes and complete in <50ms
[22m[39mGoTrueClient@sb-bgxknceshxxifwytalex-auth-token:0 (2.93.3) 2026-02-02T15:19:50.270Z #_acquireLock begin [33m10000[39m
GoTrueClient@sb-bgxknceshxxifwytalex-auth-token:0 (2.93.3) 2026-02-02T15:19:50.270Z #_acquireLock lock acquired for storage key sb-bgxknceshxxifwytalex-auth-token
GoTrueClient@sb-bgxknceshxxifwytalex-auth-token:0 (2.93.3) 2026-02-02T15:19:50.270Z #_useSession begin
GoTrueClient@sb-bgxknceshxxifwytalex-auth-token:0 (2.93.3) 2026-02-02T15:19:50.270Z #__loadSession() begin

[90mstdout[2m | tests/property/scoped-roles-processing-efficiency.test.ts[2m > [22m[2mProperty 10: Scoped Roles Processing Efficiency[2m > [22m[2mProperty 10.3: System roles queries should use optimized indexes and complete in <50ms
[22m[39mGoTrueClient@sb-bgxknceshxxifwytalex-auth-token:0 (2.93.3) 2026-02-02T15:19:50.270Z #getSession() session from storage [1mnull[22m
GoTrueClient@sb-bgxknceshxxifwytalex-auth-token:0 (2.93.3) 2026-02-02T15:19:50.270Z #__loadSession() end

[90mstdout[2m | tests/property/scoped-roles-processing-efficiency.test.ts[2m > [22m[2mProperty 10: Scoped Roles Processing Efficiency[2m > [22m[2mProperty 10.3: System roles queries should use optimized indexes and complete in <50ms
[22m[39mGoTrueClient@sb-bgxknceshxxifwytalex-auth-token:0 (2.93.3) 2026-02-02T15:19:50.270Z #_useSession end

[90mstdout[2m | tests/property/scoped-roles-processing-efficiency.test.ts[2m > [22m[2mProperty 10: Scoped Roles Processing Efficiency[2m > [22m[2mProperty 10.3: System roles queries should use optimized indexes and complete in <50ms
[22m[39mGoTrueClient@sb-bgxknceshxxifwytalex-auth-token:0 (2.93.3) 2026-02-02T15:19:50.270Z #_acquireLock lock released for storage key sb-bgxknceshxxifwytalex-auth-token

[90mstdout[2m | tests/property/scoped-roles-processing-efficiency.test.ts[2m > [22m[2mProperty 10: Scoped Roles Processing Efficiency[2m > [22m[2mProperty 10.3: System roles queries should use optimized indexes and complete in <50ms
[22m[39mGoTrueClient@sb-bgxknceshxxifwytalex-auth-token:0 (2.93.3) 2026-02-02T15:19:50.270Z #_acquireLock end

stderr | tests/property/scoped-roles-processing-efficiency.test.ts > Property 10: Scoped Roles Processing Efficiency > Property 10.3: System roles queries should use optimized indexes and complete in <50ms
Error fetching org roles: {
  code: 'PGRST200',
  details: "Searched for a foreign key relationship between 'org_roles' and 'user_profiles' in the schema 'public', but no matches were found.",
  hint: null,
  message: "Could not find a relationship between 'org_roles' and 'user_profiles' in the schema cache"
}

[90mstdout[2m | tests/property/scoped-roles-processing-efficiency.test.ts[2m > [22m[2mProperty 10: Scoped Roles Processing Efficiency[2m > [22m[2mProperty 10.3: System roles queries should use optimized indexes and complete in <50ms
[22m[39mGoTrueClient@sb-bgxknceshxxifwytalex-auth-token:0 (2.93.3) 2026-02-02T15:19:50.275Z #_acquireLock begin [33m10000[39m
GoTrueClient@sb-bgxknceshxxifwytalex-auth-token:0 (2.93.3) 2026-02-02T15:19:50.276Z #_acquireLock lock acquired for storage key sb-bgxknceshxxifwytalex-auth-token
GoTrueClient@sb-bgxknceshxxifwytalex-auth-token:0 (2.93.3) 2026-02-02T15:19:50.276Z #_useSession begin
GoTrueClient@sb-bgxknceshxxifwytalex-auth-token:0 (2.93.3) 2026-02-02T15:19:50.276Z #__loadSession() begin

[90mstdout[2m | tests/property/scoped-roles-processing-efficiency.test.ts[2m > [22m[2mProperty 10: Scoped Roles Processing Efficiency[2m > [22m[2mProperty 10.3: System roles queries should use optimized indexes and complete in <50ms
[22m[39mGoTrueClient@sb-bgxknceshxxifwytalex-auth-token:0 (2.93.3) 2026-02-02T15:19:50.276Z #getSession() session from storage [1mnull[22m
GoTrueClient@sb-bgxknceshxxifwytalex-auth-token:0 (2.93.3) 2026-02-02T15:19:50.276Z #__loadSession() end

[90mstdout[2m | tests/property/scoped-roles-processing-efficiency.test.ts[2m > [22m[2mProperty 10: Scoped Roles Processing Efficiency[2m > [22m[2mProperty 10.3: System roles queries should use optimized indexes and complete in <50ms
[22m[39mGoTrueClient@sb-bgxknceshxxifwytalex-auth-token:0 (2.93.3) 2026-02-02T15:19:50.276Z #_useSession end

[90mstdout[2m | tests/property/scoped-roles-processing-efficiency.test.ts[2m > [22m[2mProperty 10: Scoped Roles Processing Efficiency[2m > [22m[2mProperty 10.3: System roles queries should use optimized indexes and complete in <50ms
[22m[39mGoTrueClient@sb-bgxknceshxxifwytalex-auth-token:0 (2.93.3) 2026-02-02T15:19:50.276Z #_acquireLock lock released for storage key sb-bgxknceshxxifwytalex-auth-token

[90mstdout[2m | tests/property/scoped-roles-processing-efficiency.test.ts[2m > [22m[2mProperty 10: Scoped Roles Processing Efficiency[2m > [22m[2mProperty 10.3: System roles queries should use optimized indexes and complete in <50ms
[22m[39mGoTrueClient@sb-bgxknceshxxifwytalex-auth-token:0 (2.93.3) 2026-02-02T15:19:50.276Z #_acquireLock end

stderr | tests/property/scoped-roles-processing-efficiency.test.ts > Property 10: Scoped Roles Processing Efficiency > Property 10.3: System roles queries should use optimized indexes and complete in <50ms
Error fetching project roles: {
  code: 'PGRST200',
  details: "Searched for a foreign key relationship between 'project_roles' and 'user_profiles' in the schema 'public', but no matches were found.",
  hint: null,
  message: "Could not find a relationship between 'project_roles' and 'user_profiles' in the schema cache"
}

[90mstdout[2m | tests/property/scoped-roles-processing-efficiency.test.ts[2m > [22m[2mProperty 10: Scoped Roles Processing Efficiency[2m > [22m[2mProperty 10.3: System roles queries should use optimized indexes and complete in <50ms
[22m[39mGoTrueClient@sb-bgxknceshxxifwytalex-auth-token:0 (2.93.3) 2026-02-02T15:19:50.351Z #_acquireLock begin [33m10000[39m
GoTrueClient@sb-bgxknceshxxifwytalex-auth-token:0 (2.93.3) 2026-02-02T15:19:50.352Z #_acquireLock lock acquired for storage key sb-bgxknceshxxifwytalex-auth-token
GoTrueClient@sb-bgxknceshxxifwytalex-auth-token:0 (2.93.3) 2026-02-02T15:19:50.352Z #_useSession begin
GoTrueClient@sb-bgxknceshxxifwytalex-auth-token:0 (2.93.3) 2026-02-02T15:19:50.352Z #__loadSession() begin

[90mstdout[2m | tests/property/scoped-roles-processing-efficiency.test.ts[2m > [22m[2mProperty 10: Scoped Roles Processing Efficiency[2m > [22m[2mProperty 10.3: System roles queries should use optimized indexes and complete in <50ms
[22m[39mGoTrueClient@sb-bgxknceshxxifwytalex-auth-token:0 (2.93.3) 2026-02-02T15:19:50.352Z #getSession() session from storage [1mnull[22m
GoTrueClient@sb-bgxknceshxxifwytalex-auth-token:0 (2.93.3) 2026-02-02T15:19:50.352Z #__loadSession() end

[90mstdout[2m | tests/property/scoped-roles-processing-efficiency.test.ts[2m > [22m[2mProperty 10: Scoped Roles Processing Efficiency[2m > [22m[2mProperty 10.3: System roles queries should use optimized indexes and complete in <50ms
[22m[39mGoTrueClient@sb-bgxknceshxxifwytalex-auth-token:0 (2.93.3) 2026-02-02T15:19:50.352Z #_useSession end

[90mstdout[2m | tests/property/scoped-roles-processing-efficiency.test.ts[2m > [22m[2mProperty 10: Scoped Roles Processing Efficiency[2m > [22m[2mProperty 10.3: System roles queries should use optimized indexes and complete in <50ms
[22m[39mGoTrueClient@sb-bgxknceshxxifwytalex-auth-token:0 (2.93.3) 2026-02-02T15:19:50.352Z #_acquireLock lock released for storage key sb-bgxknceshxxifwytalex-auth-token

[90mstdout[2m | tests/property/scoped-roles-processing-efficiency.test.ts[2m > [22m[2mProperty 10: Scoped Roles Processing Efficiency[2m > [22m[2mProperty 10.3: System roles queries should use optimized indexes and complete in <50ms
[22m[39mGoTrueClient@sb-bgxknceshxxifwytalex-auth-token:0 (2.93.3) 2026-02-02T15:19:50.352Z #_acquireLock end

[90mstdout[2m | tests/property/scoped-roles-processing-efficiency.test.ts[2m > [22m[2mProperty 10: Scoped Roles Processing Efficiency[2m > [22m[2mProperty 10.3: System roles queries should use optimized indexes and complete in <50ms
[22m[39mGoTrueClient@sb-bgxknceshxxifwytalex-auth-token:0 (2.93.3) 2026-02-02T15:19:50.481Z #_acquireLock begin [33m10000[39m
GoTrueClient@sb-bgxknceshxxifwytalex-auth-token:0 (2.93.3) 2026-02-02T15:19:50.481Z #_acquireLock lock acquired for storage key sb-bgxknceshxxifwytalex-auth-token
GoTrueClient@sb-bgxknceshxxifwytalex-auth-token:0 (2.93.3) 2026-02-02T15:19:50.481Z #_useSession begin
GoTrueClient@sb-bgxknceshxxifwytalex-auth-token:0 (2.93.3) 2026-02-02T15:19:50.481Z #__loadSession() begin

[90mstdout[2m | tests/property/scoped-roles-processing-efficiency.test.ts[2m > [22m[2mProperty 10: Scoped Roles Processing Efficiency[2m > [22m[2mProperty 10.3: System roles queries should use optimized indexes and complete in <50ms
[22m[39mGoTrueClient@sb-bgxknceshxxifwytalex-auth-token:0 (2.93.3) 2026-02-02T15:19:50.481Z #getSession() session from storage [1mnull[22m
GoTrueClient@sb-bgxknceshxxifwytalex-auth-token:0 (2.93.3) 2026-02-02T15:19:50.481Z #__loadSession() end

[90mstdout[2m | tests/property/scoped-roles-processing-efficiency.test.ts[2m > [22m[2mProperty 10: Scoped Roles Processing Efficiency[2m > [22m[2mProperty 10.3: System roles queries should use optimized indexes and complete in <50ms
[22m[39mGoTrueClient@sb-bgxknceshxxifwytalex-auth-token:0 (2.93.3) 2026-02-02T15:19:50.481Z #_useSession end

[90mstdout[2m | tests/property/scoped-roles-processing-efficiency.test.ts[2m > [22m[2mProperty 10: Scoped Roles Processing Efficiency[2m > [22m[2mProperty 10.3: System roles queries should use optimized indexes and complete in <50ms
[22m[39mGoTrueClient@sb-bgxknceshxxifwytalex-auth-token:0 (2.93.3) 2026-02-02T15:19:50.481Z #_acquireLock lock released for storage key sb-bgxknceshxxifwytalex-auth-token

[90mstdout[2m | tests/property/scoped-roles-processing-efficiency.test.ts[2m > [22m[2mProperty 10: Scoped Roles Processing Efficiency[2m > [22m[2mProperty 10.3: System roles queries should use optimized indexes and complete in <50ms
[22m[39mGoTrueClient@sb-bgxknceshxxifwytalex-auth-token:0 (2.93.3) 2026-02-02T15:19:50.481Z #_acquireLock end

stderr | tests/property/scoped-roles-processing-efficiency.test.ts > Property 10: Scoped Roles Processing Efficiency > Property 10.3: System roles queries should use optimized indexes and complete in <50ms
Error fetching org roles: {
  code: 'PGRST200',
  details: "Searched for a foreign key relationship between 'org_roles' and 'user_profiles' in the schema 'public', but no matches were found.",
  hint: null,
  message: "Could not find a relationship between 'org_roles' and 'user_profiles' in the schema cache"
}

[90mstdout[2m | tests/property/scoped-roles-processing-efficiency.test.ts[2m > [22m[2mProperty 10: Scoped Roles Processing Efficiency[2m > [22m[2mProperty 10.3: System roles queries should use optimized indexes and complete in <50ms
[22m[39mGoTrueClient@sb-bgxknceshxxifwytalex-auth-token:0 (2.93.3) 2026-02-02T15:19:50.498Z #_acquireLock begin [33m10000[39m
GoTrueClient@sb-bgxknceshxxifwytalex-auth-token:0 (2.93.3) 2026-02-02T15:19:50.498Z #_acquireLock lock acquired for storage key sb-bgxknceshxxifwytalex-auth-token
GoTrueClient@sb-bgxknceshxxifwytalex-auth-token:0 (2.93.3) 2026-02-02T15:19:50.498Z #_useSession begin
GoTrueClient@sb-bgxknceshxxifwytalex-auth-token:0 (2.93.3) 2026-02-02T15:19:50.498Z #__loadSession() begin

[90mstdout[2m | tests/property/scoped-roles-processing-efficiency.test.ts[2m > [22m[2mProperty 10: Scoped Roles Processing Efficiency[2m > [22m[2mProperty 10.3: System roles queries should use optimized indexes and complete in <50ms
[22m[39mGoTrueClient@sb-bgxknceshxxifwytalex-auth-token:0 (2.93.3) 2026-02-02T15:19:50.498Z #getSession() session from storage [1mnull[22m
GoTrueClient@sb-bgxknceshxxifwytalex-auth-token:0 (2.93.3) 2026-02-02T15:19:50.498Z #__loadSession() end

[90mstdout[2m | tests/property/scoped-roles-processing-efficiency.test.ts[2m > [22m[2mProperty 10: Scoped Roles Processing Efficiency[2m > [22m[2mProperty 10.3: System roles queries should use optimized indexes and complete in <50ms
[22m[39mGoTrueClient@sb-bgxknceshxxifwytalex-auth-token:0 (2.93.3) 2026-02-02T15:19:50.498Z #_useSession end

[90mstdout[2m | tests/property/scoped-roles-processing-efficiency.test.ts[2m > [22m[2mProperty 10: Scoped Roles Processing Efficiency[2m > [22m[2mProperty 10.3: System roles queries should use optimized indexes and complete in <50ms
[22m[39mGoTrueClient@sb-bgxknceshxxifwytalex-auth-token:0 (2.93.3) 2026-02-02T15:19:50.498Z #_acquireLock lock released for storage key sb-bgxknceshxxifwytalex-auth-token

[90mstdout[2m | tests/property/scoped-roles-processing-efficiency.test.ts[2m > [22m[2mProperty 10: Scoped Roles Processing Efficiency[2m > [22m[2mProperty 10.3: System roles queries should use optimized indexes and complete in <50ms
[22m[39mGoTrueClient@sb-bgxknceshxxifwytalex-auth-token:0 (2.93.3) 2026-02-02T15:19:50.498Z #_acquireLock end

stderr | tests/property/scoped-roles-processing-efficiency.test.ts > Property 10: Scoped Roles Processing Efficiency > Property 10.3: System roles queries should use optimized indexes and complete in <50ms
Error fetching project roles: {
  code: 'PGRST200',
  details: "Searched for a foreign key relationship between 'project_roles' and 'user_profiles' in the schema 'public', but no matches were found.",
  hint: null,
  message: "Could not find a relationship between 'project_roles' and 'user_profiles' in the schema cache"
}

[90mstdout[2m | tests/property/scoped-roles-processing-efficiency.test.ts[2m > [22m[2mProperty 10: Scoped Roles Processing Efficiency[2m > [22m[2mProperty 10.3: System roles queries should use optimized indexes and complete in <50ms
[22m[39mGoTrueClient@sb-bgxknceshxxifwytalex-auth-token:0 (2.93.3) 2026-02-02T15:19:50.558Z #_acquireLock begin [33m10000[39m
GoTrueClient@sb-bgxknceshxxifwytalex-auth-token:0 (2.93.3) 2026-02-02T15:19:50.558Z #_acquireLock lock acquired for storage key sb-bgxknceshxxifwytalex-auth-token
GoTrueClient@sb-bgxknceshxxifwytalex-auth-token:0 (2.93.3) 2026-02-02T15:19:50.558Z #_useSession begin
GoTrueClient@sb-bgxknceshxxifwytalex-auth-token:0 (2.93.3) 2026-02-02T15:19:50.558Z #__loadSession() begin

[90mstdout[2m | tests/property/scoped-roles-processing-efficiency.test.ts[2m > [22m[2mProperty 10: Scoped Roles Processing Efficiency[2m > [22m[2mProperty 10.3: System roles queries should use optimized indexes and complete in <50ms
[22m[39mGoTrueClient@sb-bgxknceshxxifwytalex-auth-token:0 (2.93.3) 2026-02-02T15:19:50.558Z #getSession() session from storage [1mnull[22m
GoTrueClient@sb-bgxknceshxxifwytalex-auth-token:0 (2.93.3) 2026-02-02T15:19:50.558Z #__loadSession() end

[90mstdout[2m | tests/property/scoped-roles-processing-efficiency.test.ts[2m > [22m[2mProperty 10: Scoped Roles Processing Efficiency[2m > [22m[2mProperty 10.3: System roles queries should use optimized indexes and complete in <50ms
[22m[39mGoTrueClient@sb-bgxknceshxxifwytalex-auth-token:0 (2.93.3) 2026-02-02T15:19:50.559Z #_useSession end

[90mstdout[2m | tests/property/scoped-roles-processing-efficiency.test.ts[2m > [22m[2mProperty 10: Scoped Roles Processing Efficiency[2m > [22m[2mProperty 10.3: System roles queries should use optimized indexes and complete in <50ms
[22m[39mGoTrueClient@sb-bgxknceshxxifwytalex-auth-token:0 (2.93.3) 2026-02-02T15:19:50.559Z #_acquireLock lock released for storage key sb-bgxknceshxxifwytalex-auth-token

[90mstdout[2m | tests/property/scoped-roles-processing-efficiency.test.ts[2m > [22m[2mProperty 10: Scoped Roles Processing Efficiency[2m > [22m[2mProperty 10.3: System roles queries should use optimized indexes and complete in <50ms
[22m[39mGoTrueClient@sb-bgxknceshxxifwytalex-auth-token:0 (2.93.3) 2026-02-02T15:19:50.559Z #_acquireLock end

[90mstdout[2m | tests/property/scoped-roles-processing-efficiency.test.ts[2m > [22m[2mProperty 10: Scoped Roles Processing Efficiency[2m > [22m[2mProperty 10.3: System roles queries should use optimized indexes and complete in <50ms
[22m[39mGoTrueClient@sb-bgxknceshxxifwytalex-auth-token:0 (2.93.3) 2026-02-02T15:19:50.690Z #_acquireLock begin [33m10000[39m
GoTrueClient@sb-bgxknceshxxifwytalex-auth-token:0 (2.93.3) 2026-02-02T15:19:50.690Z #_acquireLock lock acquired for storage key sb-bgxknceshxxifwytalex-auth-token
GoTrueClient@sb-bgxknceshxxifwytalex-auth-token:0 (2.93.3) 2026-02-02T15:19:50.690Z #_useSession begin
GoTrueClient@sb-bgxknceshxxifwytalex-auth-token:0 (2.93.3) 2026-02-02T15:19:50.690Z #__loadSession() begin

[90mstdout[2m | tests/property/scoped-roles-processing-efficiency.test.ts[2m > [22m[2mProperty 10: Scoped Roles Processing Efficiency[2m > [22m[2mProperty 10.3: System roles queries should use optimized indexes and complete in <50ms
[22m[39mGoTrueClient@sb-bgxknceshxxifwytalex-auth-token:0 (2.93.3) 2026-02-02T15:19:50.691Z #getSession() session from storage [1mnull[22m
GoTrueClient@sb-bgxknceshxxifwytalex-auth-token:0 (2.93.3) 2026-02-02T15:19:50.691Z #__loadSession() end

[90mstdout[2m | tests/property/scoped-roles-processing-efficiency.test.ts[2m > [22m[2mProperty 10: Scoped Roles Processing Efficiency[2m > [22m[2mProperty 10.3: System roles queries should use optimized indexes and complete in <50ms
[22m[39mGoTrueClient@sb-bgxknceshxxifwytalex-auth-token:0 (2.93.3) 2026-02-02T15:19:50.691Z #_useSession end

[90mstdout[2m | tests/property/scoped-roles-processing-efficiency.test.ts[2m > [22m[2mProperty 10: Scoped Roles Processing Efficiency[2m > [22m[2mProperty 10.3: System roles queries should use optimized indexes and complete in <50ms
[22m[39mGoTrueClient@sb-bgxknceshxxifwytalex-auth-token:0 (2.93.3) 2026-02-02T15:19:50.691Z #_acquireLock lock released for storage key sb-bgxknceshxxifwytalex-auth-token

[90mstdout[2m | tests/property/scoped-roles-processing-efficiency.test.ts[2m > [22m[2mProperty 10: Scoped Roles Processing Efficiency[2m > [22m[2mProperty 10.3: System roles queries should use optimized indexes and complete in <50ms
[22m[39mGoTrueClient@sb-bgxknceshxxifwytalex-auth-token:0 (2.93.3) 2026-02-02T15:19:50.691Z #_acquireLock end

stderr | tests/property/scoped-roles-processing-efficiency.test.ts > Property 10: Scoped Roles Processing Efficiency > Property 10.3: System roles queries should use optimized indexes and complete in <50ms
Error fetching org roles: {
  code: 'PGRST200',
  details: "Searched for a foreign key relationship between 'org_roles' and 'user_profiles' in the schema 'public', but no matches were found.",
  hint: null,
  message: "Could not find a relationship between 'org_roles' and 'user_profiles' in the schema cache"
}

[90mstdout[2m | tests/property/scoped-roles-processing-efficiency.test.ts[2m > [22m[2mProperty 10: Scoped Roles Processing Efficiency[2m > [22m[2mProperty 10.3: System roles queries should use optimized indexes and complete in <50ms
[22m[39mGoTrueClient@sb-bgxknceshxxifwytalex-auth-token:0 (2.93.3) 2026-02-02T15:19:50.731Z #_acquireLock begin [33m10000[39m
GoTrueClient@sb-bgxknceshxxifwytalex-auth-token:0 (2.93.3) 2026-02-02T15:19:50.731Z #_acquireLock lock acquired for storage key sb-bgxknceshxxifwytalex-auth-token
GoTrueClient@sb-bgxknceshxxifwytalex-auth-token:0 (2.93.3) 2026-02-02T15:19:50.731Z #_useSession begin
GoTrueClient@sb-bgxknceshxxifwytalex-auth-token:0 (2.93.3) 2026-02-02T15:19:50.731Z #__loadSession() begin

[90mstdout[2m | tests/property/scoped-roles-processing-efficiency.test.ts[2m > [22m[2mProperty 10: Scoped Roles Processing Efficiency[2m > [22m[2mProperty 10.3: System roles queries should use optimized indexes and complete in <50ms
[22m[39mGoTrueClient@sb-bgxknceshxxifwytalex-auth-token:0 (2.93.3) 2026-02-02T15:19:50.731Z #getSession() session from storage [1mnull[22m
GoTrueClient@sb-bgxknceshxxifwytalex-auth-token:0 (2.93.3) 2026-02-02T15:19:50.732Z #__loadSession() end

[90mstdout[2m | tests/property/scoped-roles-processing-efficiency.test.ts[2m > [22m[2mProperty 10: Scoped Roles Processing Efficiency[2m > [22m[2mProperty 10.3: System roles queries should use optimized indexes and complete in <50ms
[22m[39mGoTrueClient@sb-bgxknceshxxifwytalex-auth-token:0 (2.93.3) 2026-02-02T15:19:50.732Z #_useSession end

[90mstdout[2m | tests/property/scoped-roles-processing-efficiency.test.ts[2m > [22m[2mProperty 10: Scoped Roles Processing Efficiency[2m > [22m[2mProperty 10.3: System roles queries should use optimized indexes and complete in <50ms
[22m[39mGoTrueClient@sb-bgxknceshxxifwytalex-auth-token:0 (2.93.3) 2026-02-02T15:19:50.732Z #_acquireLock lock released for storage key sb-bgxknceshxxifwytalex-auth-token

[90mstdout[2m | tests/property/scoped-roles-processing-efficiency.test.ts[2m > [22m[2mProperty 10: Scoped Roles Processing Efficiency[2m > [22m[2mProperty 10.3: System roles queries should use optimized indexes and complete in <50ms
[22m[39mGoTrueClient@sb-bgxknceshxxifwytalex-auth-token:0 (2.93.3) 2026-02-02T15:19:50.732Z #_acquireLock end

stderr | tests/property/scoped-roles-processing-efficiency.test.ts > Property 10: Scoped Roles Processing Efficiency > Property 10.3: System roles queries should use optimized indexes and complete in <50ms
Error fetching project roles: {
  code: 'PGRST200',
  details: "Searched for a foreign key relationship between 'project_roles' and 'user_profiles' in the schema 'public', but no matches were found.",
  hint: null,
  message: "Could not find a relationship between 'project_roles' and 'user_profiles' in the schema cache"
}

[90mstdout[2m | tests/property/scoped-roles-processing-efficiency.test.ts[2m > [22m[2mProperty 10: Scoped Roles Processing Efficiency[2m > [22m[2mProperty 10.3: System roles queries should use optimized indexes and complete in <50ms
[22m[39mGoTrueClient@sb-bgxknceshxxifwytalex-auth-token:0 (2.93.3) 2026-02-02T15:19:50.786Z #_acquireLock begin [33m10000[39m
GoTrueClient@sb-bgxknceshxxifwytalex-auth-token:0 (2.93.3) 2026-02-02T15:19:50.787Z #_acquireLock lock acquired for storage key sb-bgxknceshxxifwytalex-auth-token
GoTrueClient@sb-bgxknceshxxifwytalex-auth-token:0 (2.93.3) 2026-02-02T15:19:50.787Z #_useSession begin
GoTrueClient@sb-bgxknceshxxifwytalex-auth-token:0 (2.93.3) 2026-02-02T15:19:50.787Z #__loadSession() begin

[90mstdout[2m | tests/property/scoped-roles-processing-efficiency.test.ts[2m > [22m[2mProperty 10: Scoped Roles Processing Efficiency[2m > [22m[2mProperty 10.3: System roles queries should use optimized indexes and complete in <50ms
[22m[39mGoTrueClient@sb-bgxknceshxxifwytalex-auth-token:0 (2.93.3) 2026-02-02T15:19:50.787Z #getSession() session from storage [1mnull[22m
GoTrueClient@sb-bgxknceshxxifwytalex-auth-token:0 (2.93.3) 2026-02-02T15:19:50.788Z #__loadSession() end

[90mstdout[2m | tests/property/scoped-roles-processing-efficiency.test.ts[2m > [22m[2mProperty 10: Scoped Roles Processing Efficiency[2m > [22m[2mProperty 10.3: System roles queries should use optimized indexes and complete in <50ms
[22m[39mGoTrueClient@sb-bgxknceshxxifwytalex-auth-token:0 (2.93.3) 2026-02-02T15:19:50.788Z #_useSession end

[90mstdout[2m | tests/property/scoped-roles-processing-efficiency.test.ts[2m > [22m[2mProperty 10: Scoped Roles Processing Efficiency[2m > [22m[2mProperty 10.3: System roles queries should use optimized indexes and complete in <50ms
[22m[39mGoTrueClient@sb-bgxknceshxxifwytalex-auth-token:0 (2.93.3) 2026-02-02T15:19:50.788Z #_acquireLock lock released for storage key sb-bgxknceshxxifwytalex-auth-token

[90mstdout[2m | tests/property/scoped-roles-processing-efficiency.test.ts[2m > [22m[2mProperty 10: Scoped Roles Processing Efficiency[2m > [22m[2mProperty 10.3: System roles queries should use optimized indexes and complete in <50ms
[22m[39mGoTrueClient@sb-bgxknceshxxifwytalex-auth-token:0 (2.93.3) 2026-02-02T15:19:50.789Z #_acquireLock end

[90mstdout[2m | tests/property/scoped-roles-processing-efficiency.test.ts[2m > [22m[2mProperty 10: Scoped Roles Processing Efficiency[2m > [22m[2mProperty 10.3: System roles queries should use optimized indexes and complete in <50ms
[22m[39mGoTrueClient@sb-bgxknceshxxifwytalex-auth-token:0 (2.93.3) 2026-02-02T15:19:50.889Z #_acquireLock begin [33m10000[39m
GoTrueClient@sb-bgxknceshxxifwytalex-auth-token:0 (2.93.3) 2026-02-02T15:19:50.889Z #_acquireLock lock acquired for storage key sb-bgxknceshxxifwytalex-auth-token
GoTrueClient@sb-bgxknceshxxifwytalex-auth-token:0 (2.93.3) 2026-02-02T15:19:50.889Z #_useSession begin
GoTrueClient@sb-bgxknceshxxifwytalex-auth-token:0 (2.93.3) 2026-02-02T15:19:50.889Z #__loadSession() begin

[90mstdout[2m | tests/property/scoped-roles-processing-efficiency.test.ts[2m > [22m[2mProperty 10: Scoped Roles Processing Efficiency[2m > [22m[2mProperty 10.3: System roles queries should use optimized indexes and complete in <50ms
[22m[39mGoTrueClient@sb-bgxknceshxxifwytalex-auth-token:0 (2.93.3) 2026-02-02T15:19:50.890Z #getSession() session from storage [1mnull[22m
GoTrueClient@sb-bgxknceshxxifwytalex-auth-token:0 (2.93.3) 2026-02-02T15:19:50.890Z #__loadSession() end

[90mstdout[2m | tests/property/scoped-roles-processing-efficiency.test.ts[2m > [22m[2mProperty 10: Scoped Roles Processing Efficiency[2m > [22m[2mProperty 10.3: System roles queries should use optimized indexes and complete in <50ms
[22m[39mGoTrueClient@sb-bgxknceshxxifwytalex-auth-token:0 (2.93.3) 2026-02-02T15:19:50.890Z #_useSession end

[90mstdout[2m | tests/property/scoped-roles-processing-efficiency.test.ts[2m > [22m[2mProperty 10: Scoped Roles Processing Efficiency[2m > [22m[2mProperty 10.3: System roles queries should use optimized indexes and complete in <50ms
[22m[39mGoTrueClient@sb-bgxknceshxxifwytalex-auth-token:0 (2.93.3) 2026-02-02T15:19:50.890Z #_acquireLock lock released for storage key sb-bgxknceshxxifwytalex-auth-token

[90mstdout[2m | tests/property/scoped-roles-processing-efficiency.test.ts[2m > [22m[2mProperty 10: Scoped Roles Processing Efficiency[2m > [22m[2mProperty 10.3: System roles queries should use optimized indexes and complete in <50ms
[22m[39mGoTrueClient@sb-bgxknceshxxifwytalex-auth-token:0 (2.93.3) 2026-02-02T15:19:50.890Z #_acquireLock end

stderr | tests/property/scoped-roles-processing-efficiency.test.ts > Property 10: Scoped Roles Processing Efficiency > Property 10.3: System roles queries should use optimized indexes and complete in <50ms
Error fetching org roles: {
  code: 'PGRST200',
  details: "Searched for a foreign key relationship between 'org_roles' and 'user_profiles' in the schema 'public', but no matches were found.",
  hint: null,
  message: "Could not find a relationship between 'org_roles' and 'user_profiles' in the schema cache"
}

[90mstdout[2m | tests/property/scoped-roles-processing-efficiency.test.ts[2m > [22m[2mProperty 10: Scoped Roles Processing Efficiency[2m > [22m[2mProperty 10.3: System roles queries should use optimized indexes and complete in <50ms
[22m[39mGoTrueClient@sb-bgxknceshxxifwytalex-auth-token:0 (2.93.3) 2026-02-02T15:19:50.953Z #_acquireLock begin [33m10000[39m
GoTrueClient@sb-bgxknceshxxifwytalex-auth-token:0 (2.93.3) 2026-02-02T15:19:50.953Z #_acquireLock lock acquired for storage key sb-bgxknceshxxifwytalex-auth-token
GoTrueClient@sb-bgxknceshxxifwytalex-auth-token:0 (2.93.3) 2026-02-02T15:19:50.953Z #_useSession begin
GoTrueClient@sb-bgxknceshxxifwytalex-auth-token:0 (2.93.3) 2026-02-02T15:19:50.953Z #__loadSession() begin

[90mstdout[2m | tests/property/scoped-roles-processing-efficiency.test.ts[2m > [22m[2mProperty 10: Scoped Roles Processing Efficiency[2m > [22m[2mProperty 10.3: System roles queries should use optimized indexes and complete in <50ms
[22m[39mGoTrueClient@sb-bgxknceshxxifwytalex-auth-token:0 (2.93.3) 2026-02-02T15:19:50.953Z #getSession() session from storage [1mnull[22m
GoTrueClient@sb-bgxknceshxxifwytalex-auth-token:0 (2.93.3) 2026-02-02T15:19:50.953Z #__loadSession() end

[90mstdout[2m | tests/property/scoped-roles-processing-efficiency.test.ts[2m > [22m[2mProperty 10: Scoped Roles Processing Efficiency[2m > [22m[2mProperty 10.3: System roles queries should use optimized indexes and complete in <50ms
[22m[39mGoTrueClient@sb-bgxknceshxxifwytalex-auth-token:0 (2.93.3) 2026-02-02T15:19:50.953Z #_useSession end

[90mstdout[2m | tests/property/scoped-roles-processing-efficiency.test.ts[2m > [22m[2mProperty 10: Scoped Roles Processing Efficiency[2m > [22m[2mProperty 10.3: System roles queries should use optimized indexes and complete in <50ms
[22m[39mGoTrueClient@sb-bgxknceshxxifwytalex-auth-token:0 (2.93.3) 2026-02-02T15:19:50.953Z #_acquireLock lock released for storage key sb-bgxknceshxxifwytalex-auth-token

[90mstdout[2m | tests/property/scoped-roles-processing-efficiency.test.ts[2m > [22m[2mProperty 10: Scoped Roles Processing Efficiency[2m > [22m[2mProperty 10.3: System roles queries should use optimized indexes and complete in <50ms
[22m[39mGoTrueClient@sb-bgxknceshxxifwytalex-auth-token:0 (2.93.3) 2026-02-02T15:19:50.953Z #_acquireLock end

stderr | tests/property/scoped-roles-processing-efficiency.test.ts > Property 10: Scoped Roles Processing Efficiency > Property 10.3: System roles queries should use optimized indexes and complete in <50ms
Error fetching project roles: {
  code: 'PGRST200',
  details: "Searched for a foreign key relationship between 'project_roles' and 'user_profiles' in the schema 'public', but no matches were found.",
  hint: null,
  message: "Could not find a relationship between 'project_roles' and 'user_profiles' in the schema cache"
}

[90mstdout[2m | tests/property/scoped-roles-processing-efficiency.test.ts[2m > [22m[2mProperty 10: Scoped Roles Processing Efficiency[2m > [22m[2mProperty 10.3: System roles queries should use optimized indexes and complete in <50ms
[22m[39mGoTrueClient@sb-bgxknceshxxifwytalex-auth-token:0 (2.93.3) 2026-02-02T15:19:51.035Z #_acquireLock begin [33m10000[39m
GoTrueClient@sb-bgxknceshxxifwytalex-auth-token:0 (2.93.3) 2026-02-02T15:19:51.035Z #_acquireLock lock acquired for storage key sb-bgxknceshxxifwytalex-auth-token
GoTrueClient@sb-bgxknceshxxifwytalex-auth-token:0 (2.93.3) 2026-02-02T15:19:51.035Z #_useSession begin
GoTrueClient@sb-bgxknceshxxifwytalex-auth-token:0 (2.93.3) 2026-02-02T15:19:51.035Z #__loadSession() begin

[90mstdout[2m | tests/property/scoped-roles-processing-efficiency.test.ts[2m > [22m[2mProperty 10: Scoped Roles Processing Efficiency[2m > [22m[2mProperty 10.3: System roles queries should use optimized indexes and complete in <50ms
[22m[39mGoTrueClient@sb-bgxknceshxxifwytalex-auth-token:0 (2.93.3) 2026-02-02T15:19:51.036Z #getSession() session from storage [1mnull[22m
GoTrueClient@sb-bgxknceshxxifwytalex-auth-token:0 (2.93.3) 2026-02-02T15:19:51.036Z #__loadSession() end

[90mstdout[2m | tests/property/scoped-roles-processing-efficiency.test.ts[2m > [22m[2mProperty 10: Scoped Roles Processing Efficiency[2m > [22m[2mProperty 10.3: System roles queries should use optimized indexes and complete in <50ms
[22m[39mGoTrueClient@sb-bgxknceshxxifwytalex-auth-token:0 (2.93.3) 2026-02-02T15:19:51.036Z #_useSession end

[90mstdout[2m | tests/property/scoped-roles-processing-efficiency.test.ts[2m > [22m[2mProperty 10: Scoped Roles Processing Efficiency[2m > [22m[2mProperty 10.3: System roles queries should use optimized indexes and complete in <50ms
[22m[39mGoTrueClient@sb-bgxknceshxxifwytalex-auth-token:0 (2.93.3) 2026-02-02T15:19:51.036Z #_acquireLock lock released for storage key sb-bgxknceshxxifwytalex-auth-token

[90mstdout[2m | tests/property/scoped-roles-processing-efficiency.test.ts[2m > [22m[2mProperty 10: Scoped Roles Processing Efficiency[2m > [22m[2mProperty 10.3: System roles queries should use optimized indexes and complete in <50ms
[22m[39mGoTrueClient@sb-bgxknceshxxifwytalex-auth-token:0 (2.93.3) 2026-02-02T15:19:51.037Z #_acquireLock end

[90mstdout[2m | tests/property/scoped-roles-processing-efficiency.test.ts[2m > [22m[2mProperty 10: Scoped Roles Processing Efficiency[2m > [22m[2mProperty 10.3: System roles queries should use optimized indexes and complete in <50ms
[22m[39mGoTrueClient@sb-bgxknceshxxifwytalex-auth-token:0 (2.93.3) 2026-02-02T15:19:51.087Z #_acquireLock begin [33m10000[39m
GoTrueClient@sb-bgxknceshxxifwytalex-auth-token:0 (2.93.3) 2026-02-02T15:19:51.087Z #_acquireLock lock acquired for storage key sb-bgxknceshxxifwytalex-auth-token
GoTrueClient@sb-bgxknceshxxifwytalex-auth-token:0 (2.93.3) 2026-02-02T15:19:51.087Z #_useSession begin
GoTrueClient@sb-bgxknceshxxifwytalex-auth-token:0 (2.93.3) 2026-02-02T15:19:51.087Z #__loadSession() begin

[90mstdout[2m | tests/property/scoped-roles-processing-efficiency.test.ts[2m > [22m[2mProperty 10: Scoped Roles Processing Efficiency[2m > [22m[2mProperty 10.3: System roles queries should use optimized indexes and complete in <50ms
[22m[39mGoTrueClient@sb-bgxknceshxxifwytalex-auth-token:0 (2.93.3) 2026-02-02T15:19:51.087Z #getSession() session from storage [1mnull[22m
GoTrueClient@sb-bgxknceshxxifwytalex-auth-token:0 (2.93.3) 2026-02-02T15:19:51.087Z #__loadSession() end

[90mstdout[2m | tests/property/scoped-roles-processing-efficiency.test.ts[2m > [22m[2mProperty 10: Scoped Roles Processing Efficiency[2m > [22m[2mProperty 10.3: System roles queries should use optimized indexes and complete in <50ms
[22m[39mGoTrueClient@sb-bgxknceshxxifwytalex-auth-token:0 (2.93.3) 2026-02-02T15:19:51.088Z #_useSession end

[90mstdout[2m | tests/property/scoped-roles-processing-efficiency.test.ts[2m > [22m[2mProperty 10: Scoped Roles Processing Efficiency[2m > [22m[2mProperty 10.3: System roles queries should use optimized indexes and complete in <50ms
[22m[39mGoTrueClient@sb-bgxknceshxxifwytalex-auth-token:0 (2.93.3) 2026-02-02T15:19:51.088Z #_acquireLock lock released for storage key sb-bgxknceshxxifwytalex-auth-token

[90mstdout[2m | tests/property/scoped-roles-processing-efficiency.test.ts[2m > [22m[2mProperty 10: Scoped Roles Processing Efficiency[2m > [22m[2mProperty 10.3: System roles queries should use optimized indexes and complete in <50ms
[22m[39mGoTrueClient@sb-bgxknceshxxifwytalex-auth-token:0 (2.93.3) 2026-02-02T15:19:51.088Z #_acquireLock end

stderr | tests/property/scoped-roles-processing-efficiency.test.ts > Property 10: Scoped Roles Processing Efficiency > Property 10.3: System roles queries should use optimized indexes and complete in <50ms
Error fetching org roles: {
  code: 'PGRST200',
  details: "Searched for a foreign key relationship between 'org_roles' and 'user_profiles' in the schema 'public', but no matches were found.",
  hint: null,
  message: "Could not find a relationship between 'org_roles' and 'user_profiles' in the schema cache"
}

[90mstdout[2m | tests/property/scoped-roles-processing-efficiency.test.ts[2m > [22m[2mProperty 10: Scoped Roles Processing Efficiency[2m > [22m[2mProperty 10.3: System roles queries should use optimized indexes and complete in <50ms
[22m[39mGoTrueClient@sb-bgxknceshxxifwytalex-auth-token:0 (2.93.3) 2026-02-02T15:19:51.197Z #_acquireLock begin [33m10000[39m
GoTrueClient@sb-bgxknceshxxifwytalex-auth-token:0 (2.93.3) 2026-02-02T15:19:51.197Z #_acquireLock lock acquired for storage key sb-bgxknceshxxifwytalex-auth-token
GoTrueClient@sb-bgxknceshxxifwytalex-auth-token:0 (2.93.3) 2026-02-02T15:19:51.197Z #_useSession begin
GoTrueClient@sb-bgxknceshxxifwytalex-auth-token:0 (2.93.3) 2026-02-02T15:19:51.197Z #__loadSession() begin

[90mstdout[2m | tests/property/scoped-roles-processing-efficiency.test.ts[2m > [22m[2mProperty 10: Scoped Roles Processing Efficiency[2m > [22m[2mProperty 10.3: System roles queries should use optimized indexes and complete in <50ms
[22m[39mGoTrueClient@sb-bgxknceshxxifwytalex-auth-token:0 (2.93.3) 2026-02-02T15:19:51.197Z #getSession() session from storage [1mnull[22m
GoTrueClient@sb-bgxknceshxxifwytalex-auth-token:0 (2.93.3) 2026-02-02T15:19:51.197Z #__loadSession() end

[90mstdout[2m | tests/property/scoped-roles-processing-efficiency.test.ts[2m > [22m[2mProperty 10: Scoped Roles Processing Efficiency[2m > [22m[2mProperty 10.3: System roles queries should use optimized indexes and complete in <50ms
[22m[39mGoTrueClient@sb-bgxknceshxxifwytalex-auth-token:0 (2.93.3) 2026-02-02T15:19:51.197Z #_useSession end

[90mstdout[2m | tests/property/scoped-roles-processing-efficiency.test.ts[2m > [22m[2mProperty 10: Scoped Roles Processing Efficiency[2m > [22m[2mProperty 10.3: System roles queries should use optimized indexes and complete in <50ms
[22m[39mGoTrueClient@sb-bgxknceshxxifwytalex-auth-token:0 (2.93.3) 2026-02-02T15:19:51.197Z #_acquireLock lock released for storage key sb-bgxknceshxxifwytalex-auth-token

[90mstdout[2m | tests/property/scoped-roles-processing-efficiency.test.ts[2m > [22m[2mProperty 10: Scoped Roles Processing Efficiency[2m > [22m[2mProperty 10.3: System roles queries should use optimized indexes and complete in <50ms
[22m[39mGoTrueClient@sb-bgxknceshxxifwytalex-auth-token:0 (2.93.3) 2026-02-02T15:19:51.197Z #_acquireLock end

stderr | tests/property/scoped-roles-processing-efficiency.test.ts > Property 10: Scoped Roles Processing Efficiency > Property 10.3: System roles queries should use optimized indexes and complete in <50ms
Error fetching project roles: {
  code: 'PGRST200',
  details: "Searched for a foreign key relationship between 'project_roles' and 'user_profiles' in the schema 'public', but no matches were found.",
  hint: null,
  message: "Could not find a relationship between 'project_roles' and 'user_profiles' in the schema cache"
}

[90mstdout[2m | tests/property/scoped-roles-processing-efficiency.test.ts[2m > [22m[2mProperty 10: Scoped Roles Processing Efficiency[2m > [22m[2mProperty 10.3: System roles queries should use optimized indexes and complete in <50ms
[22m[39mGoTrueClient@sb-bgxknceshxxifwytalex-auth-token:0 (2.93.3) 2026-02-02T15:19:51.264Z #_acquireLock begin [33m10000[39m
GoTrueClient@sb-bgxknceshxxifwytalex-auth-token:0 (2.93.3) 2026-02-02T15:19:51.264Z #_acquireLock lock acquired for storage key sb-bgxknceshxxifwytalex-auth-token
GoTrueClient@sb-bgxknceshxxifwytalex-auth-token:0 (2.93.3) 2026-02-02T15:19:51.264Z #_useSession begin
GoTrueClient@sb-bgxknceshxxifwytalex-auth-token:0 (2.93.3) 2026-02-02T15:19:51.264Z #__loadSession() begin

[90mstdout[2m | tests/property/scoped-roles-processing-efficiency.test.ts[2m > [22m[2mProperty 10: Scoped Roles Processing Efficiency[2m > [22m[2mProperty 10.3: System roles queries should use optimized indexes and complete in <50ms
[22m[39mGoTrueClient@sb-bgxknceshxxifwytalex-auth-token:0 (2.93.3) 2026-02-02T15:19:51.264Z #getSession() session from storage [1mnull[22m
GoTrueClient@sb-bgxknceshxxifwytalex-auth-token:0 (2.93.3) 2026-02-02T15:19:51.264Z #__loadSession() end

[90mstdout[2m | tests/property/scoped-roles-processing-efficiency.test.ts[2m > [22m[2mProperty 10: Scoped Roles Processing Efficiency[2m > [22m[2mProperty 10.3: System roles queries should use optimized indexes and complete in <50ms
[22m[39mGoTrueClient@sb-bgxknceshxxifwytalex-auth-token:0 (2.93.3) 2026-02-02T15:19:51.264Z #_useSession end

[90mstdout[2m | tests/property/scoped-roles-processing-efficiency.test.ts[2m > [22m[2mProperty 10: Scoped Roles Processing Efficiency[2m > [22m[2mProperty 10.3: System roles queries should use optimized indexes and complete in <50ms
[22m[39mGoTrueClient@sb-bgxknceshxxifwytalex-auth-token:0 (2.93.3) 2026-02-02T15:19:51.264Z #_acquireLock lock released for storage key sb-bgxknceshxxifwytalex-auth-token

[90mstdout[2m | tests/property/scoped-roles-processing-efficiency.test.ts[2m > [22m[2mProperty 10: Scoped Roles Processing Efficiency[2m > [22m[2mProperty 10.3: System roles queries should use optimized indexes and complete in <50ms
[22m[39mGoTrueClient@sb-bgxknceshxxifwytalex-auth-token:0 (2.93.3) 2026-02-02T15:19:51.264Z #_acquireLock end

[90mstdout[2m | tests/property/scoped-roles-processing-efficiency.test.ts[2m > [22m[2mProperty 10: Scoped Roles Processing Efficiency[2m > [22m[2mProperty 10.3: System roles queries should use optimized indexes and complete in <50ms
[22m[39mGoTrueClient@sb-bgxknceshxxifwytalex-auth-token:0 (2.93.3) 2026-02-02T15:19:51.308Z #_acquireLock begin [33m10000[39m
GoTrueClient@sb-bgxknceshxxifwytalex-auth-token:0 (2.93.3) 2026-02-02T15:19:51.309Z #_acquireLock lock acquired for storage key sb-bgxknceshxxifwytalex-auth-token
GoTrueClient@sb-bgxknceshxxifwytalex-auth-token:0 (2.93.3) 2026-02-02T15:19:51.309Z #_useSession begin
GoTrueClient@sb-bgxknceshxxifwytalex-auth-token:0 (2.93.3) 2026-02-02T15:19:51.309Z #__loadSession() begin

[90mstdout[2m | tests/property/scoped-roles-processing-efficiency.test.ts[2m > [22m[2mProperty 10: Scoped Roles Processing Efficiency[2m > [22m[2mProperty 10.3: System roles queries should use optimized indexes and complete in <50ms
[22m[39mGoTrueClient@sb-bgxknceshxxifwytalex-auth-token:0 (2.93.3) 2026-02-02T15:19:51.309Z #getSession() session from storage [1mnull[22m
GoTrueClient@sb-bgxknceshxxifwytalex-auth-token:0 (2.93.3) 2026-02-02T15:19:51.309Z #__loadSession() end

[90mstdout[2m | tests/property/scoped-roles-processing-efficiency.test.ts[2m > [22m[2mProperty 10: Scoped Roles Processing Efficiency[2m > [22m[2mProperty 10.3: System roles queries should use optimized indexes and complete in <50ms
[22m[39mGoTrueClient@sb-bgxknceshxxifwytalex-auth-token:0 (2.93.3) 2026-02-02T15:19:51.309Z #_useSession end

[90mstdout[2m | tests/property/scoped-roles-processing-efficiency.test.ts[2m > [22m[2mProperty 10: Scoped Roles Processing Efficiency[2m > [22m[2mProperty 10.3: System roles queries should use optimized indexes and complete in <50ms
[22m[39mGoTrueClient@sb-bgxknceshxxifwytalex-auth-token:0 (2.93.3) 2026-02-02T15:19:51.309Z #_acquireLock lock released for storage key sb-bgxknceshxxifwytalex-auth-token

[90mstdout[2m | tests/property/scoped-roles-processing-efficiency.test.ts[2m > [22m[2mProperty 10: Scoped Roles Processing Efficiency[2m > [22m[2mProperty 10.3: System roles queries should use optimized indexes and complete in <50ms
[22m[39mGoTrueClient@sb-bgxknceshxxifwytalex-auth-token:0 (2.93.3) 2026-02-02T15:19:51.309Z #_acquireLock end

stderr | tests/property/scoped-roles-processing-efficiency.test.ts > Property 10: Scoped Roles Processing Efficiency > Property 10.3: System roles queries should use optimized indexes and complete in <50ms
Error fetching org roles: {
  code: 'PGRST200',
  details: "Searched for a foreign key relationship between 'org_roles' and 'user_profiles' in the schema 'public', but no matches were found.",
  hint: null,
  message: "Could not find a relationship between 'org_roles' and 'user_profiles' in the schema cache"
}

[90mstdout[2m | tests/property/scoped-roles-processing-efficiency.test.ts[2m > [22m[2mProperty 10: Scoped Roles Processing Efficiency[2m > [22m[2mProperty 10.3: System roles queries should use optimized indexes and complete in <50ms
[22m[39mGoTrueClient@sb-bgxknceshxxifwytalex-auth-token:0 (2.93.3) 2026-02-02T15:19:51.394Z #_acquireLock begin [33m10000[39m
GoTrueClient@sb-bgxknceshxxifwytalex-auth-token:0 (2.93.3) 2026-02-02T15:19:51.394Z #_acquireLock lock acquired for storage key sb-bgxknceshxxifwytalex-auth-token
GoTrueClient@sb-bgxknceshxxifwytalex-auth-token:0 (2.93.3) 2026-02-02T15:19:51.394Z #_useSession begin
GoTrueClient@sb-bgxknceshxxifwytalex-auth-token:0 (2.93.3) 2026-02-02T15:19:51.394Z #__loadSession() begin

[90mstdout[2m | tests/property/scoped-roles-processing-efficiency.test.ts[2m > [22m[2mProperty 10: Scoped Roles Processing Efficiency[2m > [22m[2mProperty 10.3: System roles queries should use optimized indexes and complete in <50ms
[22m[39mGoTrueClient@sb-bgxknceshxxifwytalex-auth-token:0 (2.93.3) 2026-02-02T15:19:51.394Z #getSession() session from storage [1mnull[22m
GoTrueClient@sb-bgxknceshxxifwytalex-auth-token:0 (2.93.3) 2026-02-02T15:19:51.394Z #__loadSession() end

[90mstdout[2m | tests/property/scoped-roles-processing-efficiency.test.ts[2m > [22m[2mProperty 10: Scoped Roles Processing Efficiency[2m > [22m[2mProperty 10.3: System roles queries should use optimized indexes and complete in <50ms
[22m[39mGoTrueClient@sb-bgxknceshxxifwytalex-auth-token:0 (2.93.3) 2026-02-02T15:19:51.394Z #_useSession end

[90mstdout[2m | tests/property/scoped-roles-processing-efficiency.test.ts[2m > [22m[2mProperty 10: Scoped Roles Processing Efficiency[2m > [22m[2mProperty 10.3: System roles queries should use optimized indexes and complete in <50ms
[22m[39mGoTrueClient@sb-bgxknceshxxifwytalex-auth-token:0 (2.93.3) 2026-02-02T15:19:51.395Z #_acquireLock lock released for storage key sb-bgxknceshxxifwytalex-auth-token

[90mstdout[2m | tests/property/scoped-roles-processing-efficiency.test.ts[2m > [22m[2mProperty 10: Scoped Roles Processing Efficiency[2m > [22m[2mProperty 10.3: System roles queries should use optimized indexes and complete in <50ms
[22m[39mGoTrueClient@sb-bgxknceshxxifwytalex-auth-token:0 (2.93.3) 2026-02-02T15:19:51.395Z #_acquireLock end

stderr | tests/property/scoped-roles-processing-efficiency.test.ts > Property 10: Scoped Roles Processing Efficiency > Property 10.3: System roles queries should use optimized indexes and complete in <50ms
Error fetching project roles: {
  code: 'PGRST200',
  details: "Searched for a foreign key relationship between 'project_roles' and 'user_profiles' in the schema 'public', but no matches were found.",
  hint: null,
  message: "Could not find a relationship between 'project_roles' and 'user_profiles' in the schema cache"
}

[90mstdout[2m | tests/property/scoped-roles-processing-efficiency.test.ts[2m > [22m[2mProperty 10: Scoped Roles Processing Efficiency[2m > [22m[2mProperty 10.3: System roles queries should use optimized indexes and complete in <50ms
[22m[39mGoTrueClient@sb-bgxknceshxxifwytalex-auth-token:0 (2.93.3) 2026-02-02T15:19:51.475Z #_acquireLock begin [33m10000[39m
GoTrueClient@sb-bgxknceshxxifwytalex-auth-token:0 (2.93.3) 2026-02-02T15:19:51.475Z #_acquireLock lock acquired for storage key sb-bgxknceshxxifwytalex-auth-token
GoTrueClient@sb-bgxknceshxxifwytalex-auth-token:0 (2.93.3) 2026-02-02T15:19:51.475Z #_useSession begin
GoTrueClient@sb-bgxknceshxxifwytalex-auth-token:0 (2.93.3) 2026-02-02T15:19:51.475Z #__loadSession() begin

[90mstdout[2m | tests/property/scoped-roles-processing-efficiency.test.ts[2m > [22m[2mProperty 10: Scoped Roles Processing Efficiency[2m > [22m[2mProperty 10.3: System roles queries should use optimized indexes and complete in <50ms
[22m[39mGoTrueClient@sb-bgxknceshxxifwytalex-auth-token:0 (2.93.3) 2026-02-02T15:19:51.475Z #getSession() session from storage [1mnull[22m
GoTrueClient@sb-bgxknceshxxifwytalex-auth-token:0 (2.93.3) 2026-02-02T15:19:51.475Z #__loadSession() end

[90mstdout[2m | tests/property/scoped-roles-processing-efficiency.test.ts[2m > [22m[2mProperty 10: Scoped Roles Processing Efficiency[2m > [22m[2mProperty 10.3: System roles queries should use optimized indexes and complete in <50ms
[22m[39mGoTrueClient@sb-bgxknceshxxifwytalex-auth-token:0 (2.93.3) 2026-02-02T15:19:51.475Z #_useSession end

[90mstdout[2m | tests/property/scoped-roles-processing-efficiency.test.ts[2m > [22m[2mProperty 10: Scoped Roles Processing Efficiency[2m > [22m[2mProperty 10.3: System roles queries should use optimized indexes and complete in <50ms
[22m[39mGoTrueClient@sb-bgxknceshxxifwytalex-auth-token:0 (2.93.3) 2026-02-02T15:19:51.475Z #_acquireLock lock released for storage key sb-bgxknceshxxifwytalex-auth-token

[90mstdout[2m | tests/property/scoped-roles-processing-efficiency.test.ts[2m > [22m[2mProperty 10: Scoped Roles Processing Efficiency[2m > [22m[2mProperty 10.3: System roles queries should use optimized indexes and complete in <50ms
[22m[39mGoTrueClient@sb-bgxknceshxxifwytalex-auth-token:0 (2.93.3) 2026-02-02T15:19:51.475Z #_acquireLock end

[90mstdout[2m | tests/property/scoped-roles-processing-efficiency.test.ts[2m > [22m[2mProperty 10: Scoped Roles Processing Efficiency[2m > [22m[2mProperty 10.3: System roles queries should use optimized indexes and complete in <50ms
[22m[39mGoTrueClient@sb-bgxknceshxxifwytalex-auth-token:0 (2.93.3) 2026-02-02T15:19:51.514Z #_acquireLock begin [33m10000[39m
GoTrueClient@sb-bgxknceshxxifwytalex-auth-token:0 (2.93.3) 2026-02-02T15:19:51.514Z #_acquireLock lock acquired for storage key sb-bgxknceshxxifwytalex-auth-token
GoTrueClient@sb-bgxknceshxxifwytalex-auth-token:0 (2.93.3) 2026-02-02T15:19:51.514Z #_useSession begin
GoTrueClient@sb-bgxknceshxxifwytalex-auth-token:0 (2.93.3) 2026-02-02T15:19:51.514Z #__loadSession() begin

[90mstdout[2m | tests/property/scoped-roles-processing-efficiency.test.ts[2m > [22m[2mProperty 10: Scoped Roles Processing Efficiency[2m > [22m[2mProperty 10.3: System roles queries should use optimized indexes and complete in <50ms
[22m[39mGoTrueClient@sb-bgxknceshxxifwytalex-auth-token:0 (2.93.3) 2026-02-02T15:19:51.514Z #getSession() session from storage [1mnull[22m
GoTrueClient@sb-bgxknceshxxifwytalex-auth-token:0 (2.93.3) 2026-02-02T15:19:51.514Z #__loadSession() end

[90mstdout[2m | tests/property/scoped-roles-processing-efficiency.test.ts[2m > [22m[2mProperty 10: Scoped Roles Processing Efficiency[2m > [22m[2mProperty 10.3: System roles queries should use optimized indexes and complete in <50ms
[22m[39mGoTrueClient@sb-bgxknceshxxifwytalex-auth-token:0 (2.93.3) 2026-02-02T15:19:51.514Z #_useSession end

[90mstdout[2m | tests/property/scoped-roles-processing-efficiency.test.ts[2m > [22m[2mProperty 10: Scoped Roles Processing Efficiency[2m > [22m[2mProperty 10.3: System roles queries should use optimized indexes and complete in <50ms
[22m[39mGoTrueClient@sb-bgxknceshxxifwytalex-auth-token:0 (2.93.3) 2026-02-02T15:19:51.514Z #_acquireLock lock released for storage key sb-bgxknceshxxifwytalex-auth-token

[90mstdout[2m | tests/property/scoped-roles-processing-efficiency.test.ts[2m > [22m[2mProperty 10: Scoped Roles Processing Efficiency[2m > [22m[2mProperty 10.3: System roles queries should use optimized indexes and complete in <50ms
[22m[39mGoTrueClient@sb-bgxknceshxxifwytalex-auth-token:0 (2.93.3) 2026-02-02T15:19:51.514Z #_acquireLock end

stderr | tests/property/scoped-roles-processing-efficiency.test.ts > Property 10: Scoped Roles Processing Efficiency > Property 10.3: System roles queries should use optimized indexes and complete in <50ms
Error fetching org roles: {
  code: 'PGRST200',
  details: "Searched for a foreign key relationship between 'org_roles' and 'user_profiles' in the schema 'public', but no matches were found.",
  hint: null,
  message: "Could not find a relationship between 'org_roles' and 'user_profiles' in the schema cache"
}

[90mstdout[2m | tests/property/scoped-roles-processing-efficiency.test.ts[2m > [22m[2mProperty 10: Scoped Roles Processing Efficiency[2m > [22m[2mProperty 10.3: System roles queries should use optimized indexes and complete in <50ms
[22m[39mGoTrueClient@sb-bgxknceshxxifwytalex-auth-token:0 (2.93.3) 2026-02-02T15:19:51.611Z #_acquireLock begin [33m10000[39m
GoTrueClient@sb-bgxknceshxxifwytalex-auth-token:0 (2.93.3) 2026-02-02T15:19:51.612Z #_acquireLock lock acquired for storage key sb-bgxknceshxxifwytalex-auth-token
GoTrueClient@sb-bgxknceshxxifwytalex-auth-token:0 (2.93.3) 2026-02-02T15:19:51.612Z #_useSession begin
GoTrueClient@sb-bgxknceshxxifwytalex-auth-token:0 (2.93.3) 2026-02-02T15:19:51.612Z #__loadSession() begin

[90mstdout[2m | tests/property/scoped-roles-processing-efficiency.test.ts[2m > [22m[2mProperty 10: Scoped Roles Processing Efficiency[2m > [22m[2mProperty 10.3: System roles queries should use optimized indexes and complete in <50ms
[22m[39mGoTrueClient@sb-bgxknceshxxifwytalex-auth-token:0 (2.93.3) 2026-02-02T15:19:51.612Z #getSession() session from storage [1mnull[22m
GoTrueClient@sb-bgxknceshxxifwytalex-auth-token:0 (2.93.3) 2026-02-02T15:19:51.612Z #__loadSession() end

[90mstdout[2m | tests/property/scoped-roles-processing-efficiency.test.ts[2m > [22m[2mProperty 10: Scoped Roles Processing Efficiency[2m > [22m[2mProperty 10.3: System roles queries should use optimized indexes and complete in <50ms
[22m[39mGoTrueClient@sb-bgxknceshxxifwytalex-auth-token:0 (2.93.3) 2026-02-02T15:19:51.612Z #_useSession end

[90mstdout[2m | tests/property/scoped-roles-processing-efficiency.test.ts[2m > [22m[2mProperty 10: Scoped Roles Processing Efficiency[2m > [22m[2mProperty 10.3: System roles queries should use optimized indexes and complete in <50ms
[22m[39mGoTrueClient@sb-bgxknceshxxifwytalex-auth-token:0 (2.93.3) 2026-02-02T15:19:51.612Z #_acquireLock lock released for storage key sb-bgxknceshxxifwytalex-auth-token

[90mstdout[2m | tests/property/scoped-roles-processing-efficiency.test.ts[2m > [22m[2mProperty 10: Scoped Roles Processing Efficiency[2m > [22m[2mProperty 10.3: System roles queries should use optimized indexes and complete in <50ms
[22m[39mGoTrueClient@sb-bgxknceshxxifwytalex-auth-token:0 (2.93.3) 2026-02-02T15:19:51.612Z #_acquireLock end

stderr | tests/property/scoped-roles-processing-efficiency.test.ts > Property 10: Scoped Roles Processing Efficiency > Property 10.3: System roles queries should use optimized indexes and complete in <50ms
Error fetching project roles: {
  code: 'PGRST200',
  details: "Searched for a foreign key relationship between 'project_roles' and 'user_profiles' in the schema 'public', but no matches were found.",
  hint: null,
  message: "Could not find a relationship between 'project_roles' and 'user_profiles' in the schema cache"
}

[90mstdout[2m | tests/property/scoped-roles-processing-efficiency.test.ts[2m > [22m[2mProperty 10: Scoped Roles Processing Efficiency[2m > [22m[2mProperty 10.3: System roles queries should use optimized indexes and complete in <50ms
[22m[39mGoTrueClient@sb-bgxknceshxxifwytalex-auth-token:0 (2.93.3) 2026-02-02T15:19:51.701Z #_acquireLock begin [33m10000[39m
GoTrueClient@sb-bgxknceshxxifwytalex-auth-token:0 (2.93.3) 2026-02-02T15:19:51.701Z #_acquireLock lock acquired for storage key sb-bgxknceshxxifwytalex-auth-token
GoTrueClient@sb-bgxknceshxxifwytalex-auth-token:0 (2.93.3) 2026-02-02T15:19:51.701Z #_useSession begin
GoTrueClient@sb-bgxknceshxxifwytalex-auth-token:0 (2.93.3) 2026-02-02T15:19:51.701Z #__loadSession() begin

[90mstdout[2m | tests/property/scoped-roles-processing-efficiency.test.ts[2m > [22m[2mProperty 10: Scoped Roles Processing Efficiency[2m > [22m[2mProperty 10.3: System roles queries should use optimized indexes and complete in <50ms
[22m[39mGoTrueClient@sb-bgxknceshxxifwytalex-auth-token:0 (2.93.3) 2026-02-02T15:19:51.702Z #getSession() session from storage [1mnull[22m
GoTrueClient@sb-bgxknceshxxifwytalex-auth-token:0 (2.93.3) 2026-02-02T15:19:51.702Z #__loadSession() end

[90mstdout[2m | tests/property/scoped-roles-processing-efficiency.test.ts[2m > [22m[2mProperty 10: Scoped Roles Processing Efficiency[2m > [22m[2mProperty 10.3: System roles queries should use optimized indexes and complete in <50ms
[22m[39mGoTrueClient@sb-bgxknceshxxifwytalex-auth-token:0 (2.93.3) 2026-02-02T15:19:51.702Z #_useSession end

[90mstdout[2m | tests/property/scoped-roles-processing-efficiency.test.ts[2m > [22m[2mProperty 10: Scoped Roles Processing Efficiency[2m > [22m[2mProperty 10.3: System roles queries should use optimized indexes and complete in <50ms
[22m[39mGoTrueClient@sb-bgxknceshxxifwytalex-auth-token:0 (2.93.3) 2026-02-02T15:19:51.702Z #_acquireLock lock released for storage key sb-bgxknceshxxifwytalex-auth-token

[90mstdout[2m | tests/property/scoped-roles-processing-efficiency.test.ts[2m > [22m[2mProperty 10: Scoped Roles Processing Efficiency[2m > [22m[2mProperty 10.3: System roles queries should use optimized indexes and complete in <50ms
[22m[39mGoTrueClient@sb-bgxknceshxxifwytalex-auth-token:0 (2.93.3) 2026-02-02T15:19:51.702Z #_acquireLock end

[90mstdout[2m | tests/property/scoped-roles-processing-efficiency.test.ts[2m > [22m[2mProperty 10: Scoped Roles Processing Efficiency[2m > [22m[2mProperty 10.3: System roles queries should use optimized indexes and complete in <50ms
[22m[39mGoTrueClient@sb-bgxknceshxxifwytalex-auth-token:0 (2.93.3) 2026-02-02T15:19:51.713Z #_acquireLock begin [33m10000[39m
GoTrueClient@sb-bgxknceshxxifwytalex-auth-token:0 (2.93.3) 2026-02-02T15:19:51.713Z #_acquireLock lock acquired for storage key sb-bgxknceshxxifwytalex-auth-token
GoTrueClient@sb-bgxknceshxxifwytalex-auth-token:0 (2.93.3) 2026-02-02T15:19:51.713Z #_useSession begin
GoTrueClient@sb-bgxknceshxxifwytalex-auth-token:0 (2.93.3) 2026-02-02T15:19:51.713Z #__loadSession() begin

[90mstdout[2m | tests/property/scoped-roles-processing-efficiency.test.ts[2m > [22m[2mProperty 10: Scoped Roles Processing Efficiency[2m > [22m[2mProperty 10.3: System roles queries should use optimized indexes and complete in <50ms
[22m[39mGoTrueClient@sb-bgxknceshxxifwytalex-auth-token:0 (2.93.3) 2026-02-02T15:19:51.714Z #getSession() session from storage [1mnull[22m
GoTrueClient@sb-bgxknceshxxifwytalex-auth-token:0 (2.93.3) 2026-02-02T15:19:51.714Z #__loadSession() end

[90mstdout[2m | tests/property/scoped-roles-processing-efficiency.test.ts[2m > [22m[2mProperty 10: Scoped Roles Processing Efficiency[2m > [22m[2mProperty 10.3: System roles queries should use optimized indexes and complete in <50ms
[22m[39mGoTrueClient@sb-bgxknceshxxifwytalex-auth-token:0 (2.93.3) 2026-02-02T15:19:51.714Z #_useSession end

[90mstdout[2m | tests/property/scoped-roles-processing-efficiency.test.ts[2m > [22m[2mProperty 10: Scoped Roles Processing Efficiency[2m > [22m[2mProperty 10.3: System roles queries should use optimized indexes and complete in <50ms
[22m[39mGoTrueClient@sb-bgxknceshxxifwytalex-auth-token:0 (2.93.3) 2026-02-02T15:19:51.714Z #_acquireLock lock released for storage key sb-bgxknceshxxifwytalex-auth-token

[90mstdout[2m | tests/property/scoped-roles-processing-efficiency.test.ts[2m > [22m[2mProperty 10: Scoped Roles Processing Efficiency[2m > [22m[2mProperty 10.3: System roles queries should use optimized indexes and complete in <50ms
[22m[39mGoTrueClient@sb-bgxknceshxxifwytalex-auth-token:0 (2.93.3) 2026-02-02T15:19:51.714Z #_acquireLock end

stderr | tests/property/scoped-roles-processing-efficiency.test.ts > Property 10: Scoped Roles Processing Efficiency > Property 10.3: System roles queries should use optimized indexes and complete in <50ms
Error fetching org roles: {
  code: 'PGRST200',
  details: "Searched for a foreign key relationship between 'org_roles' and 'user_profiles' in the schema 'public', but no matches were found.",
  hint: null,
  message: "Could not find a relationship between 'org_roles' and 'user_profiles' in the schema cache"
}

[90mstdout[2m | tests/property/scoped-roles-processing-efficiency.test.ts[2m > [22m[2mProperty 10: Scoped Roles Processing Efficiency[2m > [22m[2mProperty 10.3: System roles queries should use optimized indexes and complete in <50ms
[22m[39mGoTrueClient@sb-bgxknceshxxifwytalex-auth-token:0 (2.93.3) 2026-02-02T15:19:51.826Z #_acquireLock begin [33m10000[39m
GoTrueClient@sb-bgxknceshxxifwytalex-auth-token:0 (2.93.3) 2026-02-02T15:19:51.827Z #_acquireLock lock acquired for storage key sb-bgxknceshxxifwytalex-auth-token
GoTrueClient@sb-bgxknceshxxifwytalex-auth-token:0 (2.93.3) 2026-02-02T15:19:51.827Z #_useSession begin
GoTrueClient@sb-bgxknceshxxifwytalex-auth-token:0 (2.93.3) 2026-02-02T15:19:51.827Z #__loadSession() begin

[90mstdout[2m | tests/property/scoped-roles-processing-efficiency.test.ts[2m > [22m[2mProperty 10: Scoped Roles Processing Efficiency[2m > [22m[2mProperty 10.3: System roles queries should use optimized indexes and complete in <50ms
[22m[39mGoTrueClient@sb-bgxknceshxxifwytalex-auth-token:0 (2.93.3) 2026-02-02T15:19:51.827Z #getSession() session from storage [1mnull[22m
GoTrueClient@sb-bgxknceshxxifwytalex-auth-token:0 (2.93.3) 2026-02-02T15:19:51.827Z #__loadSession() end

[90mstdout[2m | tests/property/scoped-roles-processing-efficiency.test.ts[2m > [22m[2mProperty 10: Scoped Roles Processing Efficiency[2m > [22m[2mProperty 10.3: System roles queries should use optimized indexes and complete in <50ms
[22m[39mGoTrueClient@sb-bgxknceshxxifwytalex-auth-token:0 (2.93.3) 2026-02-02T15:19:51.827Z #_useSession end

[90mstdout[2m | tests/property/scoped-roles-processing-efficiency.test.ts[2m > [22m[2mProperty 10: Scoped Roles Processing Efficiency[2m > [22m[2mProperty 10.3: System roles queries should use optimized indexes and complete in <50ms
[22m[39mGoTrueClient@sb-bgxknceshxxifwytalex-auth-token:0 (2.93.3) 2026-02-02T15:19:51.827Z #_acquireLock lock released for storage key sb-bgxknceshxxifwytalex-auth-token

[90mstdout[2m | tests/property/scoped-roles-processing-efficiency.test.ts[2m > [22m[2mProperty 10: Scoped Roles Processing Efficiency[2m > [22m[2mProperty 10.3: System roles queries should use optimized indexes and complete in <50ms
[22m[39mGoTrueClient@sb-bgxknceshxxifwytalex-auth-token:0 (2.93.3) 2026-02-02T15:19:51.827Z #_acquireLock end

[90mstdout[2m | tests/property/scoped-roles-processing-efficiency.test.ts[2m > [22m[2mProperty 10: Scoped Roles Processing Efficiency[2m > [22m[2mProperty 10.3: System roles queries should use optimized indexes and complete in <50ms
[22m[39mGoTrueClient@sb-bgxknceshxxifwytalex-auth-token:0 (2.93.3) 2026-02-02T15:19:51.926Z #_acquireLock begin [33m10000[39m
GoTrueClient@sb-bgxknceshxxifwytalex-auth-token:0 (2.93.3) 2026-02-02T15:19:51.926Z #_acquireLock lock acquired for storage key sb-bgxknceshxxifwytalex-auth-token
GoTrueClient@sb-bgxknceshxxifwytalex-auth-token:0 (2.93.3) 2026-02-02T15:19:51.926Z #_useSession begin
GoTrueClient@sb-bgxknceshxxifwytalex-auth-token:0 (2.93.3) 2026-02-02T15:19:51.926Z #__loadSession() begin

[90mstdout[2m | tests/property/scoped-roles-processing-efficiency.test.ts[2m > [22m[2mProperty 10: Scoped Roles Processing Efficiency[2m > [22m[2mProperty 10.3: System roles queries should use optimized indexes and complete in <50ms
[22m[39mGoTrueClient@sb-bgxknceshxxifwytalex-auth-token:0 (2.93.3) 2026-02-02T15:19:51.927Z #getSession() session from storage [1mnull[22m
GoTrueClient@sb-bgxknceshxxifwytalex-auth-token:0 (2.93.3) 2026-02-02T15:19:51.927Z #__loadSession() end

[90mstdout[2m | tests/property/scoped-roles-processing-efficiency.test.ts[2m > [22m[2mProperty 10: Scoped Roles Processing Efficiency[2m > [22m[2mProperty 10.3: System roles queries should use optimized indexes and complete in <50ms
[22m[39mGoTrueClient@sb-bgxknceshxxifwytalex-auth-token:0 (2.93.3) 2026-02-02T15:19:51.927Z #_useSession end

[90mstdout[2m | tests/property/scoped-roles-processing-efficiency.test.ts[2m > [22m[2mProperty 10: Scoped Roles Processing Efficiency[2m > [22m[2mProperty 10.3: System roles queries should use optimized indexes and complete in <50ms
[22m[39mGoTrueClient@sb-bgxknceshxxifwytalex-auth-token:0 (2.93.3) 2026-02-02T15:19:51.927Z #_acquireLock lock released for storage key sb-bgxknceshxxifwytalex-auth-token

[90mstdout[2m | tests/property/scoped-roles-processing-efficiency.test.ts[2m > [22m[2mProperty 10: Scoped Roles Processing Efficiency[2m > [22m[2mProperty 10.3: System roles queries should use optimized indexes and complete in <50ms
[22m[39mGoTrueClient@sb-bgxknceshxxifwytalex-auth-token:0 (2.93.3) 2026-02-02T15:19:51.927Z #_acquireLock end

stderr | tests/property/scoped-roles-processing-efficiency.test.ts > Property 10: Scoped Roles Processing Efficiency > Property 10.3: System roles queries should use optimized indexes and complete in <50ms
Error fetching project roles: {
  code: 'PGRST200',
  details: "Searched for a foreign key relationship between 'project_roles' and 'user_profiles' in the schema 'public', but no matches were found.",
  hint: null,
  message: "Could not find a relationship between 'project_roles' and 'user_profiles' in the schema cache"
}

[90mstdout[2m | tests/property/scoped-roles-processing-efficiency.test.ts[2m > [22m[2mProperty 10: Scoped Roles Processing Efficiency[2m > [22m[2mProperty 10.3: System roles queries should use optimized indexes and complete in <50ms
[22m[39mGoTrueClient@sb-bgxknceshxxifwytalex-auth-token:0 (2.93.3) 2026-02-02T15:19:51.931Z #_acquireLock begin [33m10000[39m
GoTrueClient@sb-bgxknceshxxifwytalex-auth-token:0 (2.93.3) 2026-02-02T15:19:51.931Z #_acquireLock lock acquired for storage key sb-bgxknceshxxifwytalex-auth-token
GoTrueClient@sb-bgxknceshxxifwytalex-auth-token:0 (2.93.3) 2026-02-02T15:19:51.931Z #_useSession begin
GoTrueClient@sb-bgxknceshxxifwytalex-auth-token:0 (2.93.3) 2026-02-02T15:19:51.931Z #__loadSession() begin

[90mstdout[2m | tests/property/scoped-roles-processing-efficiency.test.ts[2m > [22m[2mProperty 10: Scoped Roles Processing Efficiency[2m > [22m[2mProperty 10.3: System roles queries should use optimized indexes and complete in <50ms
[22m[39mGoTrueClient@sb-bgxknceshxxifwytalex-auth-token:0 (2.93.3) 2026-02-02T15:19:51.932Z #getSession() session from storage [1mnull[22m
GoTrueClient@sb-bgxknceshxxifwytalex-auth-token:0 (2.93.3) 2026-02-02T15:19:51.932Z #__loadSession() end

[90mstdout[2m | tests/property/scoped-roles-processing-efficiency.test.ts[2m > [22m[2mProperty 10: Scoped Roles Processing Efficiency[2m > [22m[2mProperty 10.3: System roles queries should use optimized indexes and complete in <50ms
[22m[39mGoTrueClient@sb-bgxknceshxxifwytalex-auth-token:0 (2.93.3) 2026-02-02T15:19:51.932Z #_useSession end

[90mstdout[2m | tests/property/scoped-roles-processing-efficiency.test.ts[2m > [22m[2mProperty 10: Scoped Roles Processing Efficiency[2m > [22m[2mProperty 10.3: System roles queries should use optimized indexes and complete in <50ms
[22m[39mGoTrueClient@sb-bgxknceshxxifwytalex-auth-token:0 (2.93.3) 2026-02-02T15:19:51.932Z #_acquireLock lock released for storage key sb-bgxknceshxxifwytalex-auth-token

[90mstdout[2m | tests/property/scoped-roles-processing-efficiency.test.ts[2m > [22m[2mProperty 10: Scoped Roles Processing Efficiency[2m > [22m[2mProperty 10.3: System roles queries should use optimized indexes and complete in <50ms
[22m[39mGoTrueClient@sb-bgxknceshxxifwytalex-auth-token:0 (2.93.3) 2026-02-02T15:19:51.932Z #_acquireLock end

stderr | tests/property/scoped-roles-processing-efficiency.test.ts > Property 10: Scoped Roles Processing Efficiency > Property 10.3: System roles queries should use optimized indexes and complete in <50ms
Error fetching org roles: {
  code: 'PGRST200',
  details: "Searched for a foreign key relationship between 'org_roles' and 'user_profiles' in the schema 'public', but no matches were found.",
  hint: null,
  message: "Could not find a relationship between 'org_roles' and 'user_profiles' in the schema cache"
}

[90mstdout[2m | tests/property/scoped-roles-processing-efficiency.test.ts[2m > [22m[2mProperty 10: Scoped Roles Processing Efficiency[2m > [22m[2mProperty 10.3: System roles queries should use optimized indexes and complete in <50ms
[22m[39mGoTrueClient@sb-bgxknceshxxifwytalex-auth-token:0 (2.93.3) 2026-02-02T15:19:52.036Z #_acquireLock begin [33m10000[39m
GoTrueClient@sb-bgxknceshxxifwytalex-auth-token:0 (2.93.3) 2026-02-02T15:19:52.036Z #_acquireLock lock acquired for storage key sb-bgxknceshxxifwytalex-auth-token
GoTrueClient@sb-bgxknceshxxifwytalex-auth-token:0 (2.93.3) 2026-02-02T15:19:52.036Z #_useSession begin
GoTrueClient@sb-bgxknceshxxifwytalex-auth-token:0 (2.93.3) 2026-02-02T15:19:52.036Z #__loadSession() begin

[90mstdout[2m | tests/property/scoped-roles-processing-efficiency.test.ts[2m > [22m[2mProperty 10: Scoped Roles Processing Efficiency[2m > [22m[2mProperty 10.3: System roles queries should use optimized indexes and complete in <50ms
[22m[39mGoTrueClient@sb-bgxknceshxxifwytalex-auth-token:0 (2.93.3) 2026-02-02T15:19:52.036Z #getSession() session from storage [1mnull[22m
GoTrueClient@sb-bgxknceshxxifwytalex-auth-token:0 (2.93.3) 2026-02-02T15:19:52.036Z #__loadSession() end

[90mstdout[2m | tests/property/scoped-roles-processing-efficiency.test.ts[2m > [22m[2mProperty 10: Scoped Roles Processing Efficiency[2m > [22m[2mProperty 10.3: System roles queries should use optimized indexes and complete in <50ms
[22m[39mGoTrueClient@sb-bgxknceshxxifwytalex-auth-token:0 (2.93.3) 2026-02-02T15:19:52.036Z #_useSession end

[90mstdout[2m | tests/property/scoped-roles-processing-efficiency.test.ts[2m > [22m[2mProperty 10: Scoped Roles Processing Efficiency[2m > [22m[2mProperty 10.3: System roles queries should use optimized indexes and complete in <50ms
[22m[39mGoTrueClient@sb-bgxknceshxxifwytalex-auth-token:0 (2.93.3) 2026-02-02T15:19:52.036Z #_acquireLock lock released for storage key sb-bgxknceshxxifwytalex-auth-token

[90mstdout[2m | tests/property/scoped-roles-processing-efficiency.test.ts[2m > [22m[2mProperty 10: Scoped Roles Processing Efficiency[2m > [22m[2mProperty 10.3: System roles queries should use optimized indexes and complete in <50ms
[22m[39mGoTrueClient@sb-bgxknceshxxifwytalex-auth-token:0 (2.93.3) 2026-02-02T15:19:52.036Z #_acquireLock end

[90mstdout[2m | tests/property/scoped-roles-processing-efficiency.test.ts[2m > [22m[2mProperty 10: Scoped Roles Processing Efficiency[2m > [22m[2mProperty 10.3: System roles queries should use optimized indexes and complete in <50ms
[22m[39mGoTrueClient@sb-bgxknceshxxifwytalex-auth-token:0 (2.93.3) 2026-02-02T15:19:52.211Z #_acquireLock begin [33m10000[39m
GoTrueClient@sb-bgxknceshxxifwytalex-auth-token:0 (2.93.3) 2026-02-02T15:19:52.211Z #_acquireLock lock acquired for storage key sb-bgxknceshxxifwytalex-auth-token
GoTrueClient@sb-bgxknceshxxifwytalex-auth-token:0 (2.93.3) 2026-02-02T15:19:52.211Z #_useSession begin
GoTrueClient@sb-bgxknceshxxifwytalex-auth-token:0 (2.93.3) 2026-02-02T15:19:52.211Z #__loadSession() begin

[90mstdout[2m | tests/property/scoped-roles-processing-efficiency.test.ts[2m > [22m[2mProperty 10: Scoped Roles Processing Efficiency[2m > [22m[2mProperty 10.3: System roles queries should use optimized indexes and complete in <50ms
[22m[39mGoTrueClient@sb-bgxknceshxxifwytalex-auth-token:0 (2.93.3) 2026-02-02T15:19:52.211Z #getSession() session from storage [1mnull[22m
GoTrueClient@sb-bgxknceshxxifwytalex-auth-token:0 (2.93.3) 2026-02-02T15:19:52.211Z #__loadSession() end

[90mstdout[2m | tests/property/scoped-roles-processing-efficiency.test.ts[2m > [22m[2mProperty 10: Scoped Roles Processing Efficiency[2m > [22m[2mProperty 10.3: System roles queries should use optimized indexes and complete in <50ms
[22m[39mGoTrueClient@sb-bgxknceshxxifwytalex-auth-token:0 (2.93.3) 2026-02-02T15:19:52.211Z #_useSession end

[90mstdout[2m | tests/property/scoped-roles-processing-efficiency.test.ts[2m > [22m[2mProperty 10: Scoped Roles Processing Efficiency[2m > [22m[2mProperty 10.3: System roles queries should use optimized indexes and complete in <50ms
[22m[39mGoTrueClient@sb-bgxknceshxxifwytalex-auth-token:0 (2.93.3) 2026-02-02T15:19:52.211Z #_acquireLock lock released for storage key sb-bgxknceshxxifwytalex-auth-token

[90mstdout[2m | tests/property/scoped-roles-processing-efficiency.test.ts[2m > [22m[2mProperty 10: Scoped Roles Processing Efficiency[2m > [22m[2mProperty 10.3: System roles queries should use optimized indexes and complete in <50ms
[22m[39mGoTrueClient@sb-bgxknceshxxifwytalex-auth-token:0 (2.93.3) 2026-02-02T15:19:52.211Z #_acquireLock end

stderr | tests/property/scoped-roles-processing-efficiency.test.ts > Property 10: Scoped Roles Processing Efficiency > Property 10.3: System roles queries should use optimized indexes and complete in <50ms
Error fetching project roles: {
  code: 'PGRST200',
  details: "Searched for a foreign key relationship between 'project_roles' and 'user_profiles' in the schema 'public', but no matches were found.",
  hint: null,
  message: "Could not find a relationship between 'project_roles' and 'user_profiles' in the schema cache"
}

[90mstdout[2m | tests/property/scoped-roles-processing-efficiency.test.ts[2m > [22m[2mProperty 10: Scoped Roles Processing Efficiency[2m > [22m[2mProperty 10.3: System roles queries should use optimized indexes and complete in <50ms
[22m[39mGoTrueClient@sb-bgxknceshxxifwytalex-auth-token:0 (2.93.3) 2026-02-02T15:19:52.213Z #_acquireLock begin [33m10000[39m
GoTrueClient@sb-bgxknceshxxifwytalex-auth-token:0 (2.93.3) 2026-02-02T15:19:52.213Z #_acquireLock lock acquired for storage key sb-bgxknceshxxifwytalex-auth-token
GoTrueClient@sb-bgxknceshxxifwytalex-auth-token:0 (2.93.3) 2026-02-02T15:19:52.213Z #_useSession begin
GoTrueClient@sb-bgxknceshxxifwytalex-auth-token:0 (2.93.3) 2026-02-02T15:19:52.213Z #__loadSession() begin

[90mstdout[2m | tests/property/scoped-roles-processing-efficiency.test.ts[2m > [22m[2mProperty 10: Scoped Roles Processing Efficiency[2m > [22m[2mProperty 10.3: System roles queries should use optimized indexes and complete in <50ms
[22m[39mGoTrueClient@sb-bgxknceshxxifwytalex-auth-token:0 (2.93.3) 2026-02-02T15:19:52.213Z #getSession() session from storage [1mnull[22m
GoTrueClient@sb-bgxknceshxxifwytalex-auth-token:0 (2.93.3) 2026-02-02T15:19:52.213Z #__loadSession() end

[90mstdout[2m | tests/property/scoped-roles-processing-efficiency.test.ts[2m > [22m[2mProperty 10: Scoped Roles Processing Efficiency[2m > [22m[2mProperty 10.3: System roles queries should use optimized indexes and complete in <50ms
[22m[39mGoTrueClient@sb-bgxknceshxxifwytalex-auth-token:0 (2.93.3) 2026-02-02T15:19:52.213Z #_useSession end

[90mstdout[2m | tests/property/scoped-roles-processing-efficiency.test.ts[2m > [22m[2mProperty 10: Scoped Roles Processing Efficiency[2m > [22m[2mProperty 10.3: System roles queries should use optimized indexes and complete in <50ms
[22m[39mGoTrueClient@sb-bgxknceshxxifwytalex-auth-token:0 (2.93.3) 2026-02-02T15:19:52.213Z #_acquireLock lock released for storage key sb-bgxknceshxxifwytalex-auth-token

[90mstdout[2m | tests/property/scoped-roles-processing-efficiency.test.ts[2m > [22m[2mProperty 10: Scoped Roles Processing Efficiency[2m > [22m[2mProperty 10.3: System roles queries should use optimized indexes and complete in <50ms
[22m[39mGoTrueClient@sb-bgxknceshxxifwytalex-auth-token:0 (2.93.3) 2026-02-02T15:19:52.213Z #_acquireLock end

stderr | tests/property/scoped-roles-processing-efficiency.test.ts > Property 10: Scoped Roles Processing Efficiency > Property 10.3: System roles queries should use optimized indexes and complete in <50ms
Error fetching org roles: {
  code: 'PGRST200',
  details: "Searched for a foreign key relationship between 'org_roles' and 'user_profiles' in the schema 'public', but no matches were found.",
  hint: null,
  message: "Could not find a relationship between 'org_roles' and 'user_profiles' in the schema cache"
}

[90mstdout[2m | tests/property/scoped-roles-processing-efficiency.test.ts[2m > [22m[2mProperty 10: Scoped Roles Processing Efficiency[2m > [22m[2mProperty 10.3: System roles queries should use optimized indexes and complete in <50ms
[22m[39mGoTrueClient@sb-bgxknceshxxifwytalex-auth-token:0 (2.93.3) 2026-02-02T15:19:52.260Z #_acquireLock begin [33m10000[39m
GoTrueClient@sb-bgxknceshxxifwytalex-auth-token:0 (2.93.3) 2026-02-02T15:19:52.260Z #_acquireLock lock acquired for storage key sb-bgxknceshxxifwytalex-auth-token
GoTrueClient@sb-bgxknceshxxifwytalex-auth-token:0 (2.93.3) 2026-02-02T15:19:52.260Z #_useSession begin
GoTrueClient@sb-bgxknceshxxifwytalex-auth-token:0 (2.93.3) 2026-02-02T15:19:52.260Z #__loadSession() begin

[90mstdout[2m | tests/property/scoped-roles-processing-efficiency.test.ts[2m > [22m[2mProperty 10: Scoped Roles Processing Efficiency[2m > [22m[2mProperty 10.3: System roles queries should use optimized indexes and complete in <50ms
[22m[39mGoTrueClient@sb-bgxknceshxxifwytalex-auth-token:0 (2.93.3) 2026-02-02T15:19:52.260Z #getSession() session from storage [1mnull[22m
GoTrueClient@sb-bgxknceshxxifwytalex-auth-token:0 (2.93.3) 2026-02-02T15:19:52.260Z #__loadSession() end

[90mstdout[2m | tests/property/scoped-roles-processing-efficiency.test.ts[2m > [22m[2mProperty 10: Scoped Roles Processing Efficiency[2m > [22m[2mProperty 10.3: System roles queries should use optimized indexes and complete in <50ms
[22m[39mGoTrueClient@sb-bgxknceshxxifwytalex-auth-token:0 (2.93.3) 2026-02-02T15:19:52.260Z #_useSession end

[90mstdout[2m | tests/property/scoped-roles-processing-efficiency.test.ts[2m > [22m[2mProperty 10: Scoped Roles Processing Efficiency[2m > [22m[2mProperty 10.3: System roles queries should use optimized indexes and complete in <50ms
[22m[39mGoTrueClient@sb-bgxknceshxxifwytalex-auth-token:0 (2.93.3) 2026-02-02T15:19:52.260Z #_acquireLock lock released for storage key sb-bgxknceshxxifwytalex-auth-token

[90mstdout[2m | tests/property/scoped-roles-processing-efficiency.test.ts[2m > [22m[2mProperty 10: Scoped Roles Processing Efficiency[2m > [22m[2mProperty 10.3: System roles queries should use optimized indexes and complete in <50ms
[22m[39mGoTrueClient@sb-bgxknceshxxifwytalex-auth-token:0 (2.93.3) 2026-02-02T15:19:52.260Z #_acquireLock end

stderr | tests/property/scoped-roles-processing-efficiency.test.ts > Property 10: Scoped Roles Processing Efficiency > Property 10.3: System roles queries should use optimized indexes and complete in <50ms
Error fetching project roles: {
  code: 'PGRST200',
  details: "Searched for a foreign key relationship between 'project_roles' and 'user_profiles' in the schema 'public', but no matches were found.",
  hint: null,
  message: "Could not find a relationship between 'project_roles' and 'user_profiles' in the schema cache"
}

[90mstdout[2m | tests/property/scoped-roles-processing-efficiency.test.ts[2m > [22m[2mProperty 10: Scoped Roles Processing Efficiency[2m > [22m[2mProperty 10.3: System roles queries should use optimized indexes and complete in <50ms
[22m[39mGoTrueClient@sb-bgxknceshxxifwytalex-auth-token:0 (2.93.3) 2026-02-02T15:19:52.434Z #_acquireLock begin [33m10000[39m
GoTrueClient@sb-bgxknceshxxifwytalex-auth-token:0 (2.93.3) 2026-02-02T15:19:52.434Z #_acquireLock lock acquired for storage key sb-bgxknceshxxifwytalex-auth-token
GoTrueClient@sb-bgxknceshxxifwytalex-auth-token:0 (2.93.3) 2026-02-02T15:19:52.434Z #_useSession begin
GoTrueClient@sb-bgxknceshxxifwytalex-auth-token:0 (2.93.3) 2026-02-02T15:19:52.434Z #__loadSession() begin

[90mstdout[2m | tests/property/scoped-roles-processing-efficiency.test.ts[2m > [22m[2mProperty 10: Scoped Roles Processing Efficiency[2m > [22m[2mProperty 10.3: System roles queries should use optimized indexes and complete in <50ms
[22m[39mGoTrueClient@sb-bgxknceshxxifwytalex-auth-token:0 (2.93.3) 2026-02-02T15:19:52.434Z #getSession() session from storage [1mnull[22m
GoTrueClient@sb-bgxknceshxxifwytalex-auth-token:0 (2.93.3) 2026-02-02T15:19:52.434Z #__loadSession() end

[90mstdout[2m | tests/property/scoped-roles-processing-efficiency.test.ts[2m > [22m[2mProperty 10: Scoped Roles Processing Efficiency[2m > [22m[2mProperty 10.3: System roles queries should use optimized indexes and complete in <50ms
[22m[39mGoTrueClient@sb-bgxknceshxxifwytalex-auth-token:0 (2.93.3) 2026-02-02T15:19:52.434Z #_useSession end

[90mstdout[2m | tests/property/scoped-roles-processing-efficiency.test.ts[2m > [22m[2mProperty 10: Scoped Roles Processing Efficiency[2m > [22m[2mProperty 10.3: System roles queries should use optimized indexes and complete in <50ms
[22m[39mGoTrueClient@sb-bgxknceshxxifwytalex-auth-token:0 (2.93.3) 2026-02-02T15:19:52.434Z #_acquireLock lock released for storage key sb-bgxknceshxxifwytalex-auth-token

[90mstdout[2m | tests/property/scoped-roles-processing-efficiency.test.ts[2m > [22m[2mProperty 10: Scoped Roles Processing Efficiency[2m > [22m[2mProperty 10.3: System roles queries should use optimized indexes and complete in <50ms
[22m[39mGoTrueClient@sb-bgxknceshxxifwytalex-auth-token:0 (2.93.3) 2026-02-02T15:19:52.434Z #_acquireLock end

[90mstdout[2m | tests/property/scoped-roles-processing-efficiency.test.ts[2m > [22m[2mProperty 10: Scoped Roles Processing Efficiency[2m > [22m[2mProperty 10.3: System roles queries should use optimized indexes and complete in <50ms
[22m[39mGoTrueClient@sb-bgxknceshxxifwytalex-auth-token:0 (2.93.3) 2026-02-02T15:19:52.444Z #_acquireLock begin [33m10000[39m
GoTrueClient@sb-bgxknceshxxifwytalex-auth-token:0 (2.93.3) 2026-02-02T15:19:52.444Z #_acquireLock lock acquired for storage key sb-bgxknceshxxifwytalex-auth-token
GoTrueClient@sb-bgxknceshxxifwytalex-auth-token:0 (2.93.3) 2026-02-02T15:19:52.444Z #_useSession begin
GoTrueClient@sb-bgxknceshxxifwytalex-auth-token:0 (2.93.3) 2026-02-02T15:19:52.444Z #__loadSession() begin

[90mstdout[2m | tests/property/scoped-roles-processing-efficiency.test.ts[2m > [22m[2mProperty 10: Scoped Roles Processing Efficiency[2m > [22m[2mProperty 10.3: System roles queries should use optimized indexes and complete in <50ms
[22m[39mGoTrueClient@sb-bgxknceshxxifwytalex-auth-token:0 (2.93.3) 2026-02-02T15:19:52.444Z #getSession() session from storage [1mnull[22m
GoTrueClient@sb-bgxknceshxxifwytalex-auth-token:0 (2.93.3) 2026-02-02T15:19:52.444Z #__loadSession() end

[90mstdout[2m | tests/property/scoped-roles-processing-efficiency.test.ts[2m > [22m[2mProperty 10: Scoped Roles Processing Efficiency[2m > [22m[2mProperty 10.3: System roles queries should use optimized indexes and complete in <50ms
[22m[39mGoTrueClient@sb-bgxknceshxxifwytalex-auth-token:0 (2.93.3) 2026-02-02T15:19:52.445Z #_useSession end

[90mstdout[2m | tests/property/scoped-roles-processing-efficiency.test.ts[2m > [22m[2mProperty 10: Scoped Roles Processing Efficiency[2m > [22m[2mProperty 10.3: System roles queries should use optimized indexes and complete in <50ms
[22m[39mGoTrueClient@sb-bgxknceshxxifwytalex-auth-token:0 (2.93.3) 2026-02-02T15:19:52.445Z #_acquireLock lock released for storage key sb-bgxknceshxxifwytalex-auth-token

[90mstdout[2m | tests/property/scoped-roles-processing-efficiency.test.ts[2m > [22m[2mProperty 10: Scoped Roles Processing Efficiency[2m > [22m[2mProperty 10.3: System roles queries should use optimized indexes and complete in <50ms
[22m[39mGoTrueClient@sb-bgxknceshxxifwytalex-auth-token:0 (2.93.3) 2026-02-02T15:19:52.445Z #_acquireLock end

stderr | tests/property/scoped-roles-processing-efficiency.test.ts > Property 10: Scoped Roles Processing Efficiency > Property 10.3: System roles queries should use optimized indexes and complete in <50ms
Error fetching org roles: {
  code: 'PGRST200',
  details: "Searched for a foreign key relationship between 'org_roles' and 'user_profiles' in the schema 'public', but no matches were found.",
  hint: null,
  message: "Could not find a relationship between 'org_roles' and 'user_profiles' in the schema cache"
}

[90mstdout[2m | tests/property/scoped-roles-processing-efficiency.test.ts[2m > [22m[2mProperty 10: Scoped Roles Processing Efficiency[2m > [22m[2mProperty 10.3: System roles queries should use optimized indexes and complete in <50ms
[22m[39mGoTrueClient@sb-bgxknceshxxifwytalex-auth-token:0 (2.93.3) 2026-02-02T15:19:52.466Z #_acquireLock begin [33m10000[39m
GoTrueClient@sb-bgxknceshxxifwytalex-auth-token:0 (2.93.3) 2026-02-02T15:19:52.466Z #_acquireLock lock acquired for storage key sb-bgxknceshxxifwytalex-auth-token
GoTrueClient@sb-bgxknceshxxifwytalex-auth-token:0 (2.93.3) 2026-02-02T15:19:52.466Z #_useSession begin
GoTrueClient@sb-bgxknceshxxifwytalex-auth-token:0 (2.93.3) 2026-02-02T15:19:52.466Z #__loadSession() begin

[90mstdout[2m | tests/property/scoped-roles-processing-efficiency.test.ts[2m > [22m[2mProperty 10: Scoped Roles Processing Efficiency[2m > [22m[2mProperty 10.3: System roles queries should use optimized indexes and complete in <50ms
[22m[39mGoTrueClient@sb-bgxknceshxxifwytalex-auth-token:0 (2.93.3) 2026-02-02T15:19:52.466Z #getSession() session from storage [1mnull[22m
GoTrueClient@sb-bgxknceshxxifwytalex-auth-token:0 (2.93.3) 2026-02-02T15:19:52.466Z #__loadSession() end

[90mstdout[2m | tests/property/scoped-roles-processing-efficiency.test.ts[2m > [22m[2mProperty 10: Scoped Roles Processing Efficiency[2m > [22m[2mProperty 10.3: System roles queries should use optimized indexes and complete in <50ms
[22m[39mGoTrueClient@sb-bgxknceshxxifwytalex-auth-token:0 (2.93.3) 2026-02-02T15:19:52.466Z #_useSession end

[90mstdout[2m | tests/property/scoped-roles-processing-efficiency.test.ts[2m > [22m[2mProperty 10: Scoped Roles Processing Efficiency[2m > [22m[2mProperty 10.3: System roles queries should use optimized indexes and complete in <50ms
[22m[39mGoTrueClient@sb-bgxknceshxxifwytalex-auth-token:0 (2.93.3) 2026-02-02T15:19:52.466Z #_acquireLock lock released for storage key sb-bgxknceshxxifwytalex-auth-token

[90mstdout[2m | tests/property/scoped-roles-processing-efficiency.test.ts[2m > [22m[2mProperty 10: Scoped Roles Processing Efficiency[2m > [22m[2mProperty 10.3: System roles queries should use optimized indexes and complete in <50ms
[22m[39mGoTrueClient@sb-bgxknceshxxifwytalex-auth-token:0 (2.93.3) 2026-02-02T15:19:52.466Z #_acquireLock end

[90mstdout[2m | tests/property/scoped-roles-processing-efficiency.test.ts[2m > [22m[2mProperty 10: Scoped Roles Processing Efficiency[2m > [22m[2mProperty 10.4: Role hierarchy cache should maintain 96%+ hit rate
[22m[39mGoTrueClient@sb-bgxknceshxxifwytalex-auth-token:0 (2.93.3) 2026-02-02T15:19:52.644Z #_acquireLock begin [33m10000[39m
GoTrueClient@sb-bgxknceshxxifwytalex-auth-token:0 (2.93.3) 2026-02-02T15:19:52.644Z #_acquireLock lock acquired for storage key sb-bgxknceshxxifwytalex-auth-token
GoTrueClient@sb-bgxknceshxxifwytalex-auth-token:0 (2.93.3) 2026-02-02T15:19:52.644Z #_useSession begin
GoTrueClient@sb-bgxknceshxxifwytalex-auth-token:0 (2.93.3) 2026-02-02T15:19:52.644Z #__loadSession() begin

[90mstdout[2m | tests/property/scoped-roles-processing-efficiency.test.ts[2m > [22m[2mProperty 10: Scoped Roles Processing Efficiency[2m > [22m[2mProperty 10.4: Role hierarchy cache should maintain 96%+ hit rate
[22m[39mGoTrueClient@sb-bgxknceshxxifwytalex-auth-token:0 (2.93.3) 2026-02-02T15:19:52.644Z #getSession() session from storage [1mnull[22m
GoTrueClient@sb-bgxknceshxxifwytalex-auth-token:0 (2.93.3) 2026-02-02T15:19:52.644Z #__loadSession() end

[90mstdout[2m | tests/property/scoped-roles-processing-efficiency.test.ts[2m > [22m[2mProperty 10: Scoped Roles Processing Efficiency[2m > [22m[2mProperty 10.4: Role hierarchy cache should maintain 96%+ hit rate
[22m[39mGoTrueClient@sb-bgxknceshxxifwytalex-auth-token:0 (2.93.3) 2026-02-02T15:19:52.644Z #_useSession end

[90mstdout[2m | tests/property/scoped-roles-processing-efficiency.test.ts[2m > [22m[2mProperty 10: Scoped Roles Processing Efficiency[2m > [22m[2mProperty 10.4: Role hierarchy cache should maintain 96%+ hit rate
[22m[39mGoTrueClient@sb-bgxknceshxxifwytalex-auth-token:0 (2.93.3) 2026-02-02T15:19:52.644Z #_acquireLock lock released for storage key sb-bgxknceshxxifwytalex-auth-token

[90mstdout[2m | tests/property/scoped-roles-processing-efficiency.test.ts[2m > [22m[2mProperty 10: Scoped Roles Processing Efficiency[2m > [22m[2mProperty 10.4: Role hierarchy cache should maintain 96%+ hit rate
[22m[39mGoTrueClient@sb-bgxknceshxxifwytalex-auth-token:0 (2.93.3) 2026-02-02T15:19:52.644Z #_acquireLock end

stderr | tests/property/scoped-roles-processing-efficiency.test.ts > Property 10: Scoped Roles Processing Efficiency > Property 10.4: Role hierarchy cache should maintain 96%+ hit rate
Error fetching project roles: {
  code: 'PGRST200',
  details: "Searched for a foreign key relationship between 'project_roles' and 'user_profiles' in the schema 'public', but no matches were found.",
  hint: null,
  message: "Could not find a relationship between 'project_roles' and 'user_profiles' in the schema cache"
}

[90mstdout[2m | tests/property/scoped-roles-processing-efficiency.test.ts[2m > [22m[2mProperty 10: Scoped Roles Processing Efficiency[2m > [22m[2mProperty 10.4: Role hierarchy cache should maintain 96%+ hit rate
[22m[39mGoTrueClient@sb-bgxknceshxxifwytalex-auth-token:0 (2.93.3) 2026-02-02T15:19:52.646Z #_acquireLock begin [33m10000[39m
GoTrueClient@sb-bgxknceshxxifwytalex-auth-token:0 (2.93.3) 2026-02-02T15:19:52.646Z #_acquireLock lock acquired for storage key sb-bgxknceshxxifwytalex-auth-token
GoTrueClient@sb-bgxknceshxxifwytalex-auth-token:0 (2.93.3) 2026-02-02T15:19:52.646Z #_useSession begin
GoTrueClient@sb-bgxknceshxxifwytalex-auth-token:0 (2.93.3) 2026-02-02T15:19:52.646Z #__loadSession() begin

[90mstdout[2m | tests/property/scoped-roles-processing-efficiency.test.ts[2m > [22m[2mProperty 10: Scoped Roles Processing Efficiency[2m > [22m[2mProperty 10.4: Role hierarchy cache should maintain 96%+ hit rate
[22m[39mGoTrueClient@sb-bgxknceshxxifwytalex-auth-token:0 (2.93.3) 2026-02-02T15:19:52.646Z #getSession() session from storage [1mnull[22m
GoTrueClient@sb-bgxknceshxxifwytalex-auth-token:0 (2.93.3) 2026-02-02T15:19:52.646Z #__loadSession() end

[90mstdout[2m | tests/property/scoped-roles-processing-efficiency.test.ts[2m > [22m[2mProperty 10: Scoped Roles Processing Efficiency[2m > [22m[2mProperty 10.4: Role hierarchy cache should maintain 96%+ hit rate
[22m[39mGoTrueClient@sb-bgxknceshxxifwytalex-auth-token:0 (2.93.3) 2026-02-02T15:19:52.646Z #_useSession end

[90mstdout[2m | tests/property/scoped-roles-processing-efficiency.test.ts[2m > [22m[2mProperty 10: Scoped Roles Processing Efficiency[2m > [22m[2mProperty 10.4: Role hierarchy cache should maintain 96%+ hit rate
[22m[39mGoTrueClient@sb-bgxknceshxxifwytalex-auth-token:0 (2.93.3) 2026-02-02T15:19:52.647Z #_acquireLock lock released for storage key sb-bgxknceshxxifwytalex-auth-token

[90mstdout[2m | tests/property/scoped-roles-processing-efficiency.test.ts[2m > [22m[2mProperty 10: Scoped Roles Processing Efficiency[2m > [22m[2mProperty 10.4: Role hierarchy cache should maintain 96%+ hit rate
[22m[39mGoTrueClient@sb-bgxknceshxxifwytalex-auth-token:0 (2.93.3) 2026-02-02T15:19:52.647Z #_acquireLock end

stderr | tests/property/scoped-roles-processing-efficiency.test.ts > Property 10: Scoped Roles Processing Efficiency > Property 10.4: Role hierarchy cache should maintain 96%+ hit rate
Error fetching org roles: {
  code: 'PGRST200',
  details: "Searched for a foreign key relationship between 'org_roles' and 'user_profiles' in the schema 'public', but no matches were found.",
  hint: null,
  message: "Could not find a relationship between 'org_roles' and 'user_profiles' in the schema cache"
}

[90mstdout[2m | tests/property/scoped-roles-processing-efficiency.test.ts[2m > [22m[2mProperty 10: Scoped Roles Processing Efficiency[2m > [22m[2mProperty 10.4: Role hierarchy cache should maintain 96%+ hit rate
[22m[39mGoTrueClient@sb-bgxknceshxxifwytalex-auth-token:0 (2.93.3) 2026-02-02T15:19:52.675Z #_acquireLock begin [33m10000[39m
GoTrueClient@sb-bgxknceshxxifwytalex-auth-token:0 (2.93.3) 2026-02-02T15:19:52.675Z #_acquireLock lock acquired for storage key sb-bgxknceshxxifwytalex-auth-token
GoTrueClient@sb-bgxknceshxxifwytalex-auth-token:0 (2.93.3) 2026-02-02T15:19:52.675Z #_useSession begin
GoTrueClient@sb-bgxknceshxxifwytalex-auth-token:0 (2.93.3) 2026-02-02T15:19:52.675Z #__loadSession() begin

[90mstdout[2m | tests/property/scoped-roles-processing-efficiency.test.ts[2m > [22m[2mProperty 10: Scoped Roles Processing Efficiency[2m > [22m[2mProperty 10.4: Role hierarchy cache should maintain 96%+ hit rate
[22m[39mGoTrueClient@sb-bgxknceshxxifwytalex-auth-token:0 (2.93.3) 2026-02-02T15:19:52.675Z #getSession() session from storage [1mnull[22m
GoTrueClient@sb-bgxknceshxxifwytalex-auth-token:0 (2.93.3) 2026-02-02T15:19:52.675Z #__loadSession() end

[90mstdout[2m | tests/property/scoped-roles-processing-efficiency.test.ts[2m > [22m[2mProperty 10: Scoped Roles Processing Efficiency[2m > [22m[2mProperty 10.4: Role hierarchy cache should maintain 96%+ hit rate
[22m[39mGoTrueClient@sb-bgxknceshxxifwytalex-auth-token:0 (2.93.3) 2026-02-02T15:19:52.675Z #_useSession end

[90mstdout[2m | tests/property/scoped-roles-processing-efficiency.test.ts[2m > [22m[2mProperty 10: Scoped Roles Processing Efficiency[2m > [22m[2mProperty 10.4: Role hierarchy cache should maintain 96%+ hit rate
[22m[39mGoTrueClient@sb-bgxknceshxxifwytalex-auth-token:0 (2.93.3) 2026-02-02T15:19:52.675Z #_acquireLock lock released for storage key sb-bgxknceshxxifwytalex-auth-token

[90mstdout[2m | tests/property/scoped-roles-processing-efficiency.test.ts[2m > [22m[2mProperty 10: Scoped Roles Processing Efficiency[2m > [22m[2mProperty 10.4: Role hierarchy cache should maintain 96%+ hit rate
[22m[39mGoTrueClient@sb-bgxknceshxxifwytalex-auth-token:0 (2.93.3) 2026-02-02T15:19:52.675Z #_acquireLock end

[90mstdout[2m | tests/property/scoped-roles-processing-efficiency.test.ts[2m > [22m[2mProperty 10: Scoped Roles Processing Efficiency[2m > [22m[2mProperty 10.4: Role hierarchy cache should maintain 96%+ hit rate
[22m[39mGoTrueClient@sb-bgxknceshxxifwytalex-auth-token:0 (2.93.3) 2026-02-02T15:19:52.812Z #_acquireLock begin [33m10000[39m
GoTrueClient@sb-bgxknceshxxifwytalex-auth-token:0 (2.93.3) 2026-02-02T15:19:52.812Z #_acquireLock lock acquired for storage key sb-bgxknceshxxifwytalex-auth-token
GoTrueClient@sb-bgxknceshxxifwytalex-auth-token:0 (2.93.3) 2026-02-02T15:19:52.812Z #_useSession begin
GoTrueClient@sb-bgxknceshxxifwytalex-auth-token:0 (2.93.3) 2026-02-02T15:19:52.812Z #__loadSession() begin

[90mstdout[2m | tests/property/scoped-roles-processing-efficiency.test.ts[2m > [22m[2mProperty 10: Scoped Roles Processing Efficiency[2m > [22m[2mProperty 10.4: Role hierarchy cache should maintain 96%+ hit rate
[22m[39mGoTrueClient@sb-bgxknceshxxifwytalex-auth-token:0 (2.93.3) 2026-02-02T15:19:52.812Z #getSession() session from storage [1mnull[22m
GoTrueClient@sb-bgxknceshxxifwytalex-auth-token:0 (2.93.3) 2026-02-02T15:19:52.812Z #__loadSession() end

[90mstdout[2m | tests/property/scoped-roles-processing-efficiency.test.ts[2m > [22m[2mProperty 10: Scoped Roles Processing Efficiency[2m > [22m[2mProperty 10.4: Role hierarchy cache should maintain 96%+ hit rate
[22m[39mGoTrueClient@sb-bgxknceshxxifwytalex-auth-token:0 (2.93.3) 2026-02-02T15:19:52.813Z #_useSession end

[90mstdout[2m | tests/property/scoped-roles-processing-efficiency.test.ts[2m > [22m[2mProperty 10: Scoped Roles Processing Efficiency[2m > [22m[2mProperty 10.4: Role hierarchy cache should maintain 96%+ hit rate
[22m[39mGoTrueClient@sb-bgxknceshxxifwytalex-auth-token:0 (2.93.3) 2026-02-02T15:19:52.813Z #_acquireLock lock released for storage key sb-bgxknceshxxifwytalex-auth-token

[90mstdout[2m | tests/property/scoped-roles-processing-efficiency.test.ts[2m > [22m[2mProperty 10: Scoped Roles Processing Efficiency[2m > [22m[2mProperty 10.4: Role hierarchy cache should maintain 96%+ hit rate
[22m[39mGoTrueClient@sb-bgxknceshxxifwytalex-auth-token:0 (2.93.3) 2026-02-02T15:19:52.813Z #_acquireLock end

stderr | tests/property/scoped-roles-processing-efficiency.test.ts > Property 10: Scoped Roles Processing Efficiency > Property 10.4: Role hierarchy cache should maintain 96%+ hit rate
Error fetching project roles: {
  code: 'PGRST200',
  details: "Searched for a foreign key relationship between 'project_roles' and 'user_profiles' in the schema 'public', but no matches were found.",
  hint: null,
  message: "Could not find a relationship between 'project_roles' and 'user_profiles' in the schema cache"
}

[90mstdout[2m | tests/property/scoped-roles-processing-efficiency.test.ts[2m > [22m[2mProperty 10: Scoped Roles Processing Efficiency[2m > [22m[2mProperty 10.4: Role hierarchy cache should maintain 96%+ hit rate
[22m[39mGoTrueClient@sb-bgxknceshxxifwytalex-auth-token:0 (2.93.3) 2026-02-02T15:19:52.867Z #_acquireLock begin [33m10000[39m
GoTrueClient@sb-bgxknceshxxifwytalex-auth-token:0 (2.93.3) 2026-02-02T15:19:52.867Z #_acquireLock lock acquired for storage key sb-bgxknceshxxifwytalex-auth-token
GoTrueClient@sb-bgxknceshxxifwytalex-auth-token:0 (2.93.3) 2026-02-02T15:19:52.867Z #_useSession begin
GoTrueClient@sb-bgxknceshxxifwytalex-auth-token:0 (2.93.3) 2026-02-02T15:19:52.867Z #__loadSession() begin

[90mstdout[2m | tests/property/scoped-roles-processing-efficiency.test.ts[2m > [22m[2mProperty 10: Scoped Roles Processing Efficiency[2m > [22m[2mProperty 10.4: Role hierarchy cache should maintain 96%+ hit rate
[22m[39mGoTrueClient@sb-bgxknceshxxifwytalex-auth-token:0 (2.93.3) 2026-02-02T15:19:52.868Z #getSession() session from storage [1mnull[22m
GoTrueClient@sb-bgxknceshxxifwytalex-auth-token:0 (2.93.3) 2026-02-02T15:19:52.868Z #__loadSession() end

[90mstdout[2m | tests/property/scoped-roles-processing-efficiency.test.ts[2m > [22m[2mProperty 10: Scoped Roles Processing Efficiency[2m > [22m[2mProperty 10.4: Role hierarchy cache should maintain 96%+ hit rate
[22m[39mGoTrueClient@sb-bgxknceshxxifwytalex-auth-token:0 (2.93.3) 2026-02-02T15:19:52.868Z #_useSession end

[90mstdout[2m | tests/property/scoped-roles-processing-efficiency.test.ts[2m > [22m[2mProperty 10: Scoped Roles Processing Efficiency[2m > [22m[2mProperty 10.4: Role hierarchy cache should maintain 96%+ hit rate
[22m[39mGoTrueClient@sb-bgxknceshxxifwytalex-auth-token:0 (2.93.3) 2026-02-02T15:19:52.868Z #_acquireLock lock released for storage key sb-bgxknceshxxifwytalex-auth-token

[90mstdout[2m | tests/property/scoped-roles-processing-efficiency.test.ts[2m > [22m[2mProperty 10: Scoped Roles Processing Efficiency[2m > [22m[2mProperty 10.4: Role hierarchy cache should maintain 96%+ hit rate
[22m[39mGoTrueClient@sb-bgxknceshxxifwytalex-auth-token:0 (2.93.3) 2026-02-02T15:19:52.868Z #_acquireLock end

stderr | tests/property/scoped-roles-processing-efficiency.test.ts > Property 10: Scoped Roles Processing Efficiency > Property 10.4: Role hierarchy cache should maintain 96%+ hit rate
Error fetching org roles: {
  code: 'PGRST200',
  details: "Searched for a foreign key relationship between 'org_roles' and 'user_profiles' in the schema 'public', but no matches were found.",
  hint: null,
  message: "Could not find a relationship between 'org_roles' and 'user_profiles' in the schema cache"
}

[90mstdout[2m | tests/property/scoped-roles-processing-efficiency.test.ts[2m > [22m[2mProperty 10: Scoped Roles Processing Efficiency[2m > [22m[2mProperty 10.4: Role hierarchy cache should maintain 96%+ hit rate
[22m[39mGoTrueClient@sb-bgxknceshxxifwytalex-auth-token:0 (2.93.3) 2026-02-02T15:19:52.875Z #_acquireLock begin [33m10000[39m
GoTrueClient@sb-bgxknceshxxifwytalex-auth-token:0 (2.93.3) 2026-02-02T15:19:52.875Z #_acquireLock lock acquired for storage key sb-bgxknceshxxifwytalex-auth-token
GoTrueClient@sb-bgxknceshxxifwytalex-auth-token:0 (2.93.3) 2026-02-02T15:19:52.875Z #_useSession begin
GoTrueClient@sb-bgxknceshxxifwytalex-auth-token:0 (2.93.3) 2026-02-02T15:19:52.875Z #__loadSession() begin

[90mstdout[2m | tests/property/scoped-roles-processing-efficiency.test.ts[2m > [22m[2mProperty 10: Scoped Roles Processing Efficiency[2m > [22m[2mProperty 10.4: Role hierarchy cache should maintain 96%+ hit rate
[22m[39mGoTrueClient@sb-bgxknceshxxifwytalex-auth-token:0 (2.93.3) 2026-02-02T15:19:52.876Z #getSession() session from storage [1mnull[22m
GoTrueClient@sb-bgxknceshxxifwytalex-auth-token:0 (2.93.3) 2026-02-02T15:19:52.876Z #__loadSession() end

[90mstdout[2m | tests/property/scoped-roles-processing-efficiency.test.ts[2m > [22m[2mProperty 10: Scoped Roles Processing Efficiency[2m > [22m[2mProperty 10.4: Role hierarchy cache should maintain 96%+ hit rate
[22m[39mGoTrueClient@sb-bgxknceshxxifwytalex-auth-token:0 (2.93.3) 2026-02-02T15:19:52.876Z #_useSession end

[90mstdout[2m | tests/property/scoped-roles-processing-efficiency.test.ts[2m > [22m[2mProperty 10: Scoped Roles Processing Efficiency[2m > [22m[2mProperty 10.4: Role hierarchy cache should maintain 96%+ hit rate
[22m[39mGoTrueClient@sb-bgxknceshxxifwytalex-auth-token:0 (2.93.3) 2026-02-02T15:19:52.876Z #_acquireLock lock released for storage key sb-bgxknceshxxifwytalex-auth-token

[90mstdout[2m | tests/property/scoped-roles-processing-efficiency.test.ts[2m > [22m[2mProperty 10: Scoped Roles Processing Efficiency[2m > [22m[2mProperty 10.4: Role hierarchy cache should maintain 96%+ hit rate
[22m[39mGoTrueClient@sb-bgxknceshxxifwytalex-auth-token:0 (2.93.3) 2026-02-02T15:19:52.876Z #_acquireLock end

stderr | tests/property/scoped-roles-processing-efficiency.test.ts > Property 10: Scoped Roles Processing Efficiency > Property 10.4: Role hierarchy cache should maintain 96%+ hit rate
Error fetching org roles: {
  code: 'PGRST200',
  details: "Searched for a foreign key relationship between 'org_roles' and 'user_profiles' in the schema 'public', but no matches were found.",
  hint: null,
  message: "Could not find a relationship between 'org_roles' and 'user_profiles' in the schema cache"
}

[90mstdout[2m | tests/property/scoped-roles-processing-efficiency.test.ts[2m > [22m[2mProperty 10: Scoped Roles Processing Efficiency[2m > [22m[2mProperty 10.4: Role hierarchy cache should maintain 96%+ hit rate
[22m[39mGoTrueClient@sb-bgxknceshxxifwytalex-auth-token:0 (2.93.3) 2026-02-02T15:19:52.878Z #_acquireLock begin [33m10000[39m
GoTrueClient@sb-bgxknceshxxifwytalex-auth-token:0 (2.93.3) 2026-02-02T15:19:52.878Z #_acquireLock lock acquired for storage key sb-bgxknceshxxifwytalex-auth-token
GoTrueClient@sb-bgxknceshxxifwytalex-auth-token:0 (2.93.3) 2026-02-02T15:19:52.878Z #_useSession begin
GoTrueClient@sb-bgxknceshxxifwytalex-auth-token:0 (2.93.3) 2026-02-02T15:19:52.878Z #__loadSession() begin

[90mstdout[2m | tests/property/scoped-roles-processing-efficiency.test.ts[2m > [22m[2mProperty 10: Scoped Roles Processing Efficiency[2m > [22m[2mProperty 10.4: Role hierarchy cache should maintain 96%+ hit rate
[22m[39mGoTrueClient@sb-bgxknceshxxifwytalex-auth-token:0 (2.93.3) 2026-02-02T15:19:52.878Z #getSession() session from storage [1mnull[22m
GoTrueClient@sb-bgxknceshxxifwytalex-auth-token:0 (2.93.3) 2026-02-02T15:19:52.878Z #__loadSession() end

[90mstdout[2m | tests/property/scoped-roles-processing-efficiency.test.ts[2m > [22m[2mProperty 10: Scoped Roles Processing Efficiency[2m > [22m[2mProperty 10.4: Role hierarchy cache should maintain 96%+ hit rate
[22m[39mGoTrueClient@sb-bgxknceshxxifwytalex-auth-token:0 (2.93.3) 2026-02-02T15:19:52.878Z #_useSession end

[90mstdout[2m | tests/property/scoped-roles-processing-efficiency.test.ts[2m > [22m[2mProperty 10: Scoped Roles Processing Efficiency[2m > [22m[2mProperty 10.4: Role hierarchy cache should maintain 96%+ hit rate
[22m[39mGoTrueClient@sb-bgxknceshxxifwytalex-auth-token:0 (2.93.3) 2026-02-02T15:19:52.879Z #_acquireLock lock released for storage key sb-bgxknceshxxifwytalex-auth-token

[90mstdout[2m | tests/property/scoped-roles-processing-efficiency.test.ts[2m > [22m[2mProperty 10: Scoped Roles Processing Efficiency[2m > [22m[2mProperty 10.4: Role hierarchy cache should maintain 96%+ hit rate
[22m[39mGoTrueClient@sb-bgxknceshxxifwytalex-auth-token:0 (2.93.3) 2026-02-02T15:19:52.879Z #_acquireLock end

stderr | tests/property/scoped-roles-processing-efficiency.test.ts > Property 10: Scoped Roles Processing Efficiency > Property 10.4: Role hierarchy cache should maintain 96%+ hit rate
Error fetching org roles: {
  code: 'PGRST200',
  details: "Searched for a foreign key relationship between 'org_roles' and 'user_profiles' in the schema 'public', but no matches were found.",
  hint: null,
  message: "Could not find a relationship between 'org_roles' and 'user_profiles' in the schema cache"
}

[90mstdout[2m | tests/property/scoped-roles-processing-efficiency.test.ts[2m > [22m[2mProperty 10: Scoped Roles Processing Efficiency[2m > [22m[2mProperty 10.4: Role hierarchy cache should maintain 96%+ hit rate
[22m[39mGoTrueClient@sb-bgxknceshxxifwytalex-auth-token:0 (2.93.3) 2026-02-02T15:19:53.150Z #_acquireLock begin [33m10000[39m
GoTrueClient@sb-bgxknceshxxifwytalex-auth-token:0 (2.93.3) 2026-02-02T15:19:53.150Z #_acquireLock lock acquired for storage key sb-bgxknceshxxifwytalex-auth-token
GoTrueClient@sb-bgxknceshxxifwytalex-auth-token:0 (2.93.3) 2026-02-02T15:19:53.150Z #_useSession begin
GoTrueClient@sb-bgxknceshxxifwytalex-auth-token:0 (2.93.3) 2026-02-02T15:19:53.150Z #__loadSession() begin

[90mstdout[2m | tests/property/scoped-roles-processing-efficiency.test.ts[2m > [22m[2mProperty 10: Scoped Roles Processing Efficiency[2m > [22m[2mProperty 10.4: Role hierarchy cache should maintain 96%+ hit rate
[22m[39mGoTrueClient@sb-bgxknceshxxifwytalex-auth-token:0 (2.93.3) 2026-02-02T15:19:53.150Z #getSession() session from storage [1mnull[22m
GoTrueClient@sb-bgxknceshxxifwytalex-auth-token:0 (2.93.3) 2026-02-02T15:19:53.150Z #__loadSession() end

[90mstdout[2m | tests/property/scoped-roles-processing-efficiency.test.ts[2m > [22m[2mProperty 10: Scoped Roles Processing Efficiency[2m > [22m[2mProperty 10.4: Role hierarchy cache should maintain 96%+ hit rate
[22m[39mGoTrueClient@sb-bgxknceshxxifwytalex-auth-token:0 (2.93.3) 2026-02-02T15:19:53.151Z #_useSession end

[90mstdout[2m | tests/property/scoped-roles-processing-efficiency.test.ts[2m > [22m[2mProperty 10: Scoped Roles Processing Efficiency[2m > [22m[2mProperty 10.4: Role hierarchy cache should maintain 96%+ hit rate
[22m[39mGoTrueClient@sb-bgxknceshxxifwytalex-auth-token:0 (2.93.3) 2026-02-02T15:19:53.151Z #_acquireLock lock released for storage key sb-bgxknceshxxifwytalex-auth-token

[90mstdout[2m | tests/property/scoped-roles-processing-efficiency.test.ts[2m > [22m[2mProperty 10: Scoped Roles Processing Efficiency[2m > [22m[2mProperty 10.4: Role hierarchy cache should maintain 96%+ hit rate
[22m[39mGoTrueClient@sb-bgxknceshxxifwytalex-auth-token:0 (2.93.3) 2026-02-02T15:19:53.151Z #_acquireLock end

stderr | tests/property/scoped-roles-processing-efficiency.test.ts > Property 10: Scoped Roles Processing Efficiency > Property 10.4: Role hierarchy cache should maintain 96%+ hit rate
Error fetching org roles: {
  code: 'PGRST200',
  details: "Searched for a foreign key relationship between 'org_roles' and 'user_profiles' in the schema 'public', but no matches were found.",
  hint: null,
  message: "Could not find a relationship between 'org_roles' and 'user_profiles' in the schema cache"
}

[90mstdout[2m | tests/property/scoped-roles-processing-efficiency.test.ts[2m > [22m[2mProperty 10: Scoped Roles Processing Efficiency[2m > [22m[2mProperty 10.4: Role hierarchy cache should maintain 96%+ hit rate
[22m[39mGoTrueClient@sb-bgxknceshxxifwytalex-auth-token:0 (2.93.3) 2026-02-02T15:19:53.152Z #_acquireLock begin [33m10000[39m
GoTrueClient@sb-bgxknceshxxifwytalex-auth-token:0 (2.93.3) 2026-02-02T15:19:53.152Z #_acquireLock lock acquired for storage key sb-bgxknceshxxifwytalex-auth-token
GoTrueClient@sb-bgxknceshxxifwytalex-auth-token:0 (2.93.3) 2026-02-02T15:19:53.152Z #_useSession begin
GoTrueClient@sb-bgxknceshxxifwytalex-auth-token:0 (2.93.3) 2026-02-02T15:19:53.152Z #__loadSession() begin

[90mstdout[2m | tests/property/scoped-roles-processing-efficiency.test.ts[2m > [22m[2mProperty 10: Scoped Roles Processing Efficiency[2m > [22m[2mProperty 10.4: Role hierarchy cache should maintain 96%+ hit rate
[22m[39mGoTrueClient@sb-bgxknceshxxifwytalex-auth-token:0 (2.93.3) 2026-02-02T15:19:53.153Z #getSession() session from storage [1mnull[22m
GoTrueClient@sb-bgxknceshxxifwytalex-auth-token:0 (2.93.3) 2026-02-02T15:19:53.153Z #__loadSession() end

[90mstdout[2m | tests/property/scoped-roles-processing-efficiency.test.ts[2m > [22m[2mProperty 10: Scoped Roles Processing Efficiency[2m > [22m[2mProperty 10.4: Role hierarchy cache should maintain 96%+ hit rate
[22m[39mGoTrueClient@sb-bgxknceshxxifwytalex-auth-token:0 (2.93.3) 2026-02-02T15:19:53.153Z #_useSession end

[90mstdout[2m | tests/property/scoped-roles-processing-efficiency.test.ts[2m > [22m[2mProperty 10: Scoped Roles Processing Efficiency[2m > [22m[2mProperty 10.4: Role hierarchy cache should maintain 96%+ hit rate
[22m[39mGoTrueClient@sb-bgxknceshxxifwytalex-auth-token:0 (2.93.3) 2026-02-02T15:19:53.153Z #_acquireLock lock released for storage key sb-bgxknceshxxifwytalex-auth-token

[90mstdout[2m | tests/property/scoped-roles-processing-efficiency.test.ts[2m > [22m[2mProperty 10: Scoped Roles Processing Efficiency[2m > [22m[2mProperty 10.4: Role hierarchy cache should maintain 96%+ hit rate
[22m[39mGoTrueClient@sb-bgxknceshxxifwytalex-auth-token:0 (2.93.3) 2026-02-02T15:19:53.153Z #_acquireLock end

stderr | tests/property/scoped-roles-processing-efficiency.test.ts > Property 10: Scoped Roles Processing Efficiency > Property 10.4: Role hierarchy cache should maintain 96%+ hit rate
Error fetching project roles: {
  code: 'PGRST200',
  details: "Searched for a foreign key relationship between 'project_roles' and 'user_profiles' in the schema 'public', but no matches were found.",
  hint: null,
  message: "Could not find a relationship between 'project_roles' and 'user_profiles' in the schema cache"
}

[90mstdout[2m | tests/property/scoped-roles-processing-efficiency.test.ts[2m > [22m[2mProperty 10: Scoped Roles Processing Efficiency[2m > [22m[2mProperty 10.4: Role hierarchy cache should maintain 96%+ hit rate
[22m[39mGoTrueClient@sb-bgxknceshxxifwytalex-auth-token:0 (2.93.3) 2026-02-02T15:19:53.156Z #_acquireLock begin [33m10000[39m
GoTrueClient@sb-bgxknceshxxifwytalex-auth-token:0 (2.93.3) 2026-02-02T15:19:53.156Z #_acquireLock lock acquired for storage key sb-bgxknceshxxifwytalex-auth-token
GoTrueClient@sb-bgxknceshxxifwytalex-auth-token:0 (2.93.3) 2026-02-02T15:19:53.156Z #_useSession begin
GoTrueClient@sb-bgxknceshxxifwytalex-auth-token:0 (2.93.3) 2026-02-02T15:19:53.156Z #__loadSession() begin

[90mstdout[2m | tests/property/scoped-roles-processing-efficiency.test.ts[2m > [22m[2mProperty 10: Scoped Roles Processing Efficiency[2m > [22m[2mProperty 10.4: Role hierarchy cache should maintain 96%+ hit rate
[22m[39mGoTrueClient@sb-bgxknceshxxifwytalex-auth-token:0 (2.93.3) 2026-02-02T15:19:53.156Z #getSession() session from storage [1mnull[22m
GoTrueClient@sb-bgxknceshxxifwytalex-auth-token:0 (2.93.3) 2026-02-02T15:19:53.156Z #__loadSession() end

[90mstdout[2m | tests/property/scoped-roles-processing-efficiency.test.ts[2m > [22m[2mProperty 10: Scoped Roles Processing Efficiency[2m > [22m[2mProperty 10.4: Role hierarchy cache should maintain 96%+ hit rate
[22m[39mGoTrueClient@sb-bgxknceshxxifwytalex-auth-token:0 (2.93.3) 2026-02-02T15:19:53.156Z #_useSession end

[90mstdout[2m | tests/property/scoped-roles-processing-efficiency.test.ts[2m > [22m[2mProperty 10: Scoped Roles Processing Efficiency[2m > [22m[2mProperty 10.4: Role hierarchy cache should maintain 96%+ hit rate
[22m[39mGoTrueClient@sb-bgxknceshxxifwytalex-auth-token:0 (2.93.3) 2026-02-02T15:19:53.156Z #_acquireLock lock released for storage key sb-bgxknceshxxifwytalex-auth-token

[90mstdout[2m | tests/property/scoped-roles-processing-efficiency.test.ts[2m > [22m[2mProperty 10: Scoped Roles Processing Efficiency[2m > [22m[2mProperty 10.4: Role hierarchy cache should maintain 96%+ hit rate
[22m[39mGoTrueClient@sb-bgxknceshxxifwytalex-auth-token:0 (2.93.3) 2026-02-02T15:19:53.156Z #_acquireLock end

[90mstdout[2m | tests/property/scoped-roles-processing-efficiency.test.ts[2m > [22m[2mProperty 10: Scoped Roles Processing Efficiency[2m > [22m[2mProperty 10.4: Role hierarchy cache should maintain 96%+ hit rate
[22m[39mGoTrueClient@sb-bgxknceshxxifwytalex-auth-token:0 (2.93.3) 2026-02-02T15:19:53.459Z #_acquireLock begin [33m10000[39m
GoTrueClient@sb-bgxknceshxxifwytalex-auth-token:0 (2.93.3) 2026-02-02T15:19:53.459Z #_acquireLock lock acquired for storage key sb-bgxknceshxxifwytalex-auth-token
GoTrueClient@sb-bgxknceshxxifwytalex-auth-token:0 (2.93.3) 2026-02-02T15:19:53.459Z #_useSession begin
GoTrueClient@sb-bgxknceshxxifwytalex-auth-token:0 (2.93.3) 2026-02-02T15:19:53.459Z #__loadSession() begin

[90mstdout[2m | tests/property/scoped-roles-processing-efficiency.test.ts[2m > [22m[2mProperty 10: Scoped Roles Processing Efficiency[2m > [22m[2mProperty 10.4: Role hierarchy cache should maintain 96%+ hit rate
[22m[39mGoTrueClient@sb-bgxknceshxxifwytalex-auth-token:0 (2.93.3) 2026-02-02T15:19:53.459Z #getSession() session from storage [1mnull[22m
GoTrueClient@sb-bgxknceshxxifwytalex-auth-token:0 (2.93.3) 2026-02-02T15:19:53.459Z #__loadSession() end

[90mstdout[2m | tests/property/scoped-roles-processing-efficiency.test.ts[2m > [22m[2mProperty 10: Scoped Roles Processing Efficiency[2m > [22m[2mProperty 10.4: Role hierarchy cache should maintain 96%+ hit rate
[22m[39mGoTrueClient@sb-bgxknceshxxifwytalex-auth-token:0 (2.93.3) 2026-02-02T15:19:53.459Z #_useSession end

[90mstdout[2m | tests/property/scoped-roles-processing-efficiency.test.ts[2m > [22m[2mProperty 10: Scoped Roles Processing Efficiency[2m > [22m[2mProperty 10.4: Role hierarchy cache should maintain 96%+ hit rate
[22m[39mGoTrueClient@sb-bgxknceshxxifwytalex-auth-token:0 (2.93.3) 2026-02-02T15:19:53.459Z #_acquireLock lock released for storage key sb-bgxknceshxxifwytalex-auth-token

[90mstdout[2m | tests/property/scoped-roles-processing-efficiency.test.ts[2m > [22m[2mProperty 10: Scoped Roles Processing Efficiency[2m > [22m[2mProperty 10.4: Role hierarchy cache should maintain 96%+ hit rate
[22m[39mGoTrueClient@sb-bgxknceshxxifwytalex-auth-token:0 (2.93.3) 2026-02-02T15:19:53.459Z #_acquireLock end

[90mstdout[2m | tests/property/scoped-roles-processing-efficiency.test.ts[2m > [22m[2mProperty 10: Scoped Roles Processing Efficiency[2m > [22m[2mProperty 10.4: Role hierarchy cache should maintain 96%+ hit rate
[22m[39mGoTrueClient@sb-bgxknceshxxifwytalex-auth-token:0 (2.93.3) 2026-02-02T15:19:53.463Z #_acquireLock begin [33m10000[39m
GoTrueClient@sb-bgxknceshxxifwytalex-auth-token:0 (2.93.3) 2026-02-02T15:19:53.463Z #_acquireLock lock acquired for storage key sb-bgxknceshxxifwytalex-auth-token
GoTrueClient@sb-bgxknceshxxifwytalex-auth-token:0 (2.93.3) 2026-02-02T15:19:53.463Z #_useSession begin
GoTrueClient@sb-bgxknceshxxifwytalex-auth-token:0 (2.93.3) 2026-02-02T15:19:53.463Z #__loadSession() begin

[90mstdout[2m | tests/property/scoped-roles-processing-efficiency.test.ts[2m > [22m[2mProperty 10: Scoped Roles Processing Efficiency[2m > [22m[2mProperty 10.4: Role hierarchy cache should maintain 96%+ hit rate
[22m[39mGoTrueClient@sb-bgxknceshxxifwytalex-auth-token:0 (2.93.3) 2026-02-02T15:19:53.463Z #getSession() session from storage [1mnull[22m
GoTrueClient@sb-bgxknceshxxifwytalex-auth-token:0 (2.93.3) 2026-02-02T15:19:53.463Z #__loadSession() end

[90mstdout[2m | tests/property/scoped-roles-processing-efficiency.test.ts[2m > [22m[2mProperty 10: Scoped Roles Processing Efficiency[2m > [22m[2mProperty 10.4: Role hierarchy cache should maintain 96%+ hit rate
[22m[39mGoTrueClient@sb-bgxknceshxxifwytalex-auth-token:0 (2.93.3) 2026-02-02T15:19:53.463Z #_useSession end

[90mstdout[2m | tests/property/scoped-roles-processing-efficiency.test.ts[2m > [22m[2mProperty 10: Scoped Roles Processing Efficiency[2m > [22m[2mProperty 10.4: Role hierarchy cache should maintain 96%+ hit rate
[22m[39mGoTrueClient@sb-bgxknceshxxifwytalex-auth-token:0 (2.93.3) 2026-02-02T15:19:53.463Z #_acquireLock lock released for storage key sb-bgxknceshxxifwytalex-auth-token

[90mstdout[2m | tests/property/scoped-roles-processing-efficiency.test.ts[2m > [22m[2mProperty 10: Scoped Roles Processing Efficiency[2m > [22m[2mProperty 10.4: Role hierarchy cache should maintain 96%+ hit rate
[22m[39mGoTrueClient@sb-bgxknceshxxifwytalex-auth-token:0 (2.93.3) 2026-02-02T15:19:53.463Z #_acquireLock end

stderr | tests/property/scoped-roles-processing-efficiency.test.ts > Property 10: Scoped Roles Processing Efficiency > Property 10.4: Role hierarchy cache should maintain 96%+ hit rate
Error fetching org roles: {
  code: 'PGRST200',
  details: "Searched for a foreign key relationship between 'org_roles' and 'user_profiles' in the schema 'public', but no matches were found.",
  hint: null,
  message: "Could not find a relationship between 'org_roles' and 'user_profiles' in the schema cache"
}

[90mstdout[2m | tests/property/scoped-roles-processing-efficiency.test.ts[2m > [22m[2mProperty 10: Scoped Roles Processing Efficiency[2m > [22m[2mProperty 10.4: Role hierarchy cache should maintain 96%+ hit rate
[22m[39mGoTrueClient@sb-bgxknceshxxifwytalex-auth-token:0 (2.93.3) 2026-02-02T15:19:53.468Z #_acquireLock begin [33m10000[39m
GoTrueClient@sb-bgxknceshxxifwytalex-auth-token:0 (2.93.3) 2026-02-02T15:19:53.468Z #_acquireLock lock acquired for storage key sb-bgxknceshxxifwytalex-auth-token
GoTrueClient@sb-bgxknceshxxifwytalex-auth-token:0 (2.93.3) 2026-02-02T15:19:53.468Z #_useSession begin
GoTrueClient@sb-bgxknceshxxifwytalex-auth-token:0 (2.93.3) 2026-02-02T15:19:53.468Z #__loadSession() begin

[90mstdout[2m | tests/property/scoped-roles-processing-efficiency.test.ts[2m > [22m[2mProperty 10: Scoped Roles Processing Efficiency[2m > [22m[2mProperty 10.4: Role hierarchy cache should maintain 96%+ hit rate
[22m[39mGoTrueClient@sb-bgxknceshxxifwytalex-auth-token:0 (2.93.3) 2026-02-02T15:19:53.468Z #getSession() session from storage [1mnull[22m
GoTrueClient@sb-bgxknceshxxifwytalex-auth-token:0 (2.93.3) 2026-02-02T15:19:53.469Z #__loadSession() end

[90mstdout[2m | tests/property/scoped-roles-processing-efficiency.test.ts[2m > [22m[2mProperty 10: Scoped Roles Processing Efficiency[2m > [22m[2mProperty 10.4: Role hierarchy cache should maintain 96%+ hit rate
[22m[39mGoTrueClient@sb-bgxknceshxxifwytalex-auth-token:0 (2.93.3) 2026-02-02T15:19:53.469Z #_useSession end

[90mstdout[2m | tests/property/scoped-roles-processing-efficiency.test.ts[2m > [22m[2mProperty 10: Scoped Roles Processing Efficiency[2m > [22m[2mProperty 10.4: Role hierarchy cache should maintain 96%+ hit rate
[22m[39mGoTrueClient@sb-bgxknceshxxifwytalex-auth-token:0 (2.93.3) 2026-02-02T15:19:53.469Z #_acquireLock lock released for storage key sb-bgxknceshxxifwytalex-auth-token

[90mstdout[2m | tests/property/scoped-roles-processing-efficiency.test.ts[2m > [22m[2mProperty 10: Scoped Roles Processing Efficiency[2m > [22m[2mProperty 10.4: Role hierarchy cache should maintain 96%+ hit rate
[22m[39mGoTrueClient@sb-bgxknceshxxifwytalex-auth-token:0 (2.93.3) 2026-02-02T15:19:53.469Z #_acquireLock end

stderr | tests/property/scoped-roles-processing-efficiency.test.ts > Property 10: Scoped Roles Processing Efficiency > Property 10.4: Role hierarchy cache should maintain 96%+ hit rate
Error fetching project roles: {
  code: 'PGRST200',
  details: "Searched for a foreign key relationship between 'project_roles' and 'user_profiles' in the schema 'public', but no matches were found.",
  hint: null,
  message: "Could not find a relationship between 'project_roles' and 'user_profiles' in the schema cache"
}

[90mstdout[2m | tests/property/scoped-roles-processing-efficiency.test.ts[2m > [22m[2mProperty 10: Scoped Roles Processing Efficiency[2m > [22m[2mProperty 10.4: Role hierarchy cache should maintain 96%+ hit rate
[22m[39mGoTrueClient@sb-bgxknceshxxifwytalex-auth-token:0 (2.93.3) 2026-02-02T15:19:53.471Z #_acquireLock begin [33m10000[39m
GoTrueClient@sb-bgxknceshxxifwytalex-auth-token:0 (2.93.3) 2026-02-02T15:19:53.471Z #_acquireLock lock acquired for storage key sb-bgxknceshxxifwytalex-auth-token
GoTrueClient@sb-bgxknceshxxifwytalex-auth-token:0 (2.93.3) 2026-02-02T15:19:53.471Z #_useSession begin
GoTrueClient@sb-bgxknceshxxifwytalex-auth-token:0 (2.93.3) 2026-02-02T15:19:53.471Z #__loadSession() begin

[90mstdout[2m | tests/property/scoped-roles-processing-efficiency.test.ts[2m > [22m[2mProperty 10: Scoped Roles Processing Efficiency[2m > [22m[2mProperty 10.4: Role hierarchy cache should maintain 96%+ hit rate
[22m[39mGoTrueClient@sb-bgxknceshxxifwytalex-auth-token:0 (2.93.3) 2026-02-02T15:19:53.471Z #getSession() session from storage [1mnull[22m
GoTrueClient@sb-bgxknceshxxifwytalex-auth-token:0 (2.93.3) 2026-02-02T15:19:53.471Z #__loadSession() end

[90mstdout[2m | tests/property/scoped-roles-processing-efficiency.test.ts[2m > [22m[2mProperty 10: Scoped Roles Processing Efficiency[2m > [22m[2mProperty 10.4: Role hierarchy cache should maintain 96%+ hit rate
[22m[39mGoTrueClient@sb-bgxknceshxxifwytalex-auth-token:0 (2.93.3) 2026-02-02T15:19:53.471Z #_useSession end

[90mstdout[2m | tests/property/scoped-roles-processing-efficiency.test.ts[2m > [22m[2mProperty 10: Scoped Roles Processing Efficiency[2m > [22m[2mProperty 10.4: Role hierarchy cache should maintain 96%+ hit rate
[22m[39mGoTrueClient@sb-bgxknceshxxifwytalex-auth-token:0 (2.93.3) 2026-02-02T15:19:53.471Z #_acquireLock lock released for storage key sb-bgxknceshxxifwytalex-auth-token

[90mstdout[2m | tests/property/scoped-roles-processing-efficiency.test.ts[2m > [22m[2mProperty 10: Scoped Roles Processing Efficiency[2m > [22m[2mProperty 10.4: Role hierarchy cache should maintain 96%+ hit rate
[22m[39mGoTrueClient@sb-bgxknceshxxifwytalex-auth-token:0 (2.93.3) 2026-02-02T15:19:53.472Z #_acquireLock end

[90mstdout[2m | tests/property/scoped-roles-processing-efficiency.test.ts[2m > [22m[2mProperty 10: Scoped Roles Processing Efficiency[2m > [22m[2mProperty 10.4: Role hierarchy cache should maintain 96%+ hit rate
[22m[39mGoTrueClient@sb-bgxknceshxxifwytalex-auth-token:0 (2.93.3) 2026-02-02T15:19:53.762Z #_acquireLock begin [33m10000[39m
GoTrueClient@sb-bgxknceshxxifwytalex-auth-token:0 (2.93.3) 2026-02-02T15:19:53.762Z #_acquireLock lock acquired for storage key sb-bgxknceshxxifwytalex-auth-token
GoTrueClient@sb-bgxknceshxxifwytalex-auth-token:0 (2.93.3) 2026-02-02T15:19:53.762Z #_useSession begin
GoTrueClient@sb-bgxknceshxxifwytalex-auth-token:0 (2.93.3) 2026-02-02T15:19:53.762Z #__loadSession() begin

[90mstdout[2m | tests/property/scoped-roles-processing-efficiency.test.ts[2m > [22m[2mProperty 10: Scoped Roles Processing Efficiency[2m > [22m[2mProperty 10.4: Role hierarchy cache should maintain 96%+ hit rate
[22m[39mGoTrueClient@sb-bgxknceshxxifwytalex-auth-token:0 (2.93.3) 2026-02-02T15:19:53.762Z #getSession() session from storage [1mnull[22m
GoTrueClient@sb-bgxknceshxxifwytalex-auth-token:0 (2.93.3) 2026-02-02T15:19:53.763Z #__loadSession() end

[90mstdout[2m | tests/property/scoped-roles-processing-efficiency.test.ts[2m > [22m[2mProperty 10: Scoped Roles Processing Efficiency[2m > [22m[2mProperty 10.4: Role hierarchy cache should maintain 96%+ hit rate
[22m[39mGoTrueClient@sb-bgxknceshxxifwytalex-auth-token:0 (2.93.3) 2026-02-02T15:19:53.763Z #_useSession end

[90mstdout[2m | tests/property/scoped-roles-processing-efficiency.test.ts[2m > [22m[2mProperty 10: Scoped Roles Processing Efficiency[2m > [22m[2mProperty 10.4: Role hierarchy cache should maintain 96%+ hit rate
[22m[39mGoTrueClient@sb-bgxknceshxxifwytalex-auth-token:0 (2.93.3) 2026-02-02T15:19:53.763Z #_acquireLock lock released for storage key sb-bgxknceshxxifwytalex-auth-token

[90mstdout[2m | tests/property/scoped-roles-processing-efficiency.test.ts[2m > [22m[2mProperty 10: Scoped Roles Processing Efficiency[2m > [22m[2mProperty 10.4: Role hierarchy cache should maintain 96%+ hit rate
[22m[39mGoTrueClient@sb-bgxknceshxxifwytalex-auth-token:0 (2.93.3) 2026-02-02T15:19:53.763Z #_acquireLock end

[90mstdout[2m | tests/property/scoped-roles-processing-efficiency.test.ts[2m > [22m[2mProperty 10: Scoped Roles Processing Efficiency[2m > [22m[2mProperty 10.4: Role hierarchy cache should maintain 96%+ hit rate
[22m[39mGoTrueClient@sb-bgxknceshxxifwytalex-auth-token:0 (2.93.3) 2026-02-02T15:19:53.767Z #_acquireLock begin [33m10000[39m
GoTrueClient@sb-bgxknceshxxifwytalex-auth-token:0 (2.93.3) 2026-02-02T15:19:53.767Z #_acquireLock lock acquired for storage key sb-bgxknceshxxifwytalex-auth-token
GoTrueClient@sb-bgxknceshxxifwytalex-auth-token:0 (2.93.3) 2026-02-02T15:19:53.767Z #_useSession begin
GoTrueClient@sb-bgxknceshxxifwytalex-auth-token:0 (2.93.3) 2026-02-02T15:19:53.767Z #__loadSession() begin

[90mstdout[2m | tests/property/scoped-roles-processing-efficiency.test.ts[2m > [22m[2mProperty 10: Scoped Roles Processing Efficiency[2m > [22m[2mProperty 10.4: Role hierarchy cache should maintain 96%+ hit rate
[22m[39mGoTrueClient@sb-bgxknceshxxifwytalex-auth-token:0 (2.93.3) 2026-02-02T15:19:53.767Z #getSession() session from storage [1mnull[22m
GoTrueClient@sb-bgxknceshxxifwytalex-auth-token:0 (2.93.3) 2026-02-02T15:19:53.767Z #__loadSession() end

[90mstdout[2m | tests/property/scoped-roles-processing-efficiency.test.ts[2m > [22m[2mProperty 10: Scoped Roles Processing Efficiency[2m > [22m[2mProperty 10.4: Role hierarchy cache should maintain 96%+ hit rate
[22m[39mGoTrueClient@sb-bgxknceshxxifwytalex-auth-token:0 (2.93.3) 2026-02-02T15:19:53.767Z #_useSession end

[90mstdout[2m | tests/property/scoped-roles-processing-efficiency.test.ts[2m > [22m[2mProperty 10: Scoped Roles Processing Efficiency[2m > [22m[2mProperty 10.4: Role hierarchy cache should maintain 96%+ hit rate
[22m[39mGoTrueClient@sb-bgxknceshxxifwytalex-auth-token:0 (2.93.3) 2026-02-02T15:19:53.767Z #_acquireLock lock released for storage key sb-bgxknceshxxifwytalex-auth-token

[90mstdout[2m | tests/property/scoped-roles-processing-efficiency.test.ts[2m > [22m[2mProperty 10: Scoped Roles Processing Efficiency[2m > [22m[2mProperty 10.4: Role hierarchy cache should maintain 96%+ hit rate
[22m[39mGoTrueClient@sb-bgxknceshxxifwytalex-auth-token:0 (2.93.3) 2026-02-02T15:19:53.767Z #_acquireLock end

stderr | tests/property/scoped-roles-processing-efficiency.test.ts > Property 10: Scoped Roles Processing Efficiency > Property 10.4: Role hierarchy cache should maintain 96%+ hit rate
Error fetching project roles: {
  code: 'PGRST200',
  details: "Searched for a foreign key relationship between 'project_roles' and 'user_profiles' in the schema 'public', but no matches were found.",
  hint: null,
  message: "Could not find a relationship between 'project_roles' and 'user_profiles' in the schema cache"
}

[90mstdout[2m | tests/property/scoped-roles-processing-efficiency.test.ts[2m > [22m[2mProperty 10: Scoped Roles Processing Efficiency[2m > [22m[2mProperty 10.4: Role hierarchy cache should maintain 96%+ hit rate
[22m[39mGoTrueClient@sb-bgxknceshxxifwytalex-auth-token:0 (2.93.3) 2026-02-02T15:19:53.768Z #_acquireLock begin [33m10000[39m
GoTrueClient@sb-bgxknceshxxifwytalex-auth-token:0 (2.93.3) 2026-02-02T15:19:53.768Z #_acquireLock lock acquired for storage key sb-bgxknceshxxifwytalex-auth-token
GoTrueClient@sb-bgxknceshxxifwytalex-auth-token:0 (2.93.3) 2026-02-02T15:19:53.768Z #_useSession begin
GoTrueClient@sb-bgxknceshxxifwytalex-auth-token:0 (2.93.3) 2026-02-02T15:19:53.768Z #__loadSession() begin

[90mstdout[2m | tests/property/scoped-roles-processing-efficiency.test.ts[2m > [22m[2mProperty 10: Scoped Roles Processing Efficiency[2m > [22m[2mProperty 10.4: Role hierarchy cache should maintain 96%+ hit rate
[22m[39mGoTrueClient@sb-bgxknceshxxifwytalex-auth-token:0 (2.93.3) 2026-02-02T15:19:53.769Z #getSession() session from storage [1mnull[22m
GoTrueClient@sb-bgxknceshxxifwytalex-auth-token:0 (2.93.3) 2026-02-02T15:19:53.769Z #__loadSession() end

[90mstdout[2m | tests/property/scoped-roles-processing-efficiency.test.ts[2m > [22m[2mProperty 10: Scoped Roles Processing Efficiency[2m > [22m[2mProperty 10.4: Role hierarchy cache should maintain 96%+ hit rate
[22m[39mGoTrueClient@sb-bgxknceshxxifwytalex-auth-token:0 (2.93.3) 2026-02-02T15:19:53.769Z #_useSession end

[90mstdout[2m | tests/property/scoped-roles-processing-efficiency.test.ts[2m > [22m[2mProperty 10: Scoped Roles Processing Efficiency[2m > [22m[2mProperty 10.4: Role hierarchy cache should maintain 96%+ hit rate
[22m[39mGoTrueClient@sb-bgxknceshxxifwytalex-auth-token:0 (2.93.3) 2026-02-02T15:19:53.769Z #_acquireLock lock released for storage key sb-bgxknceshxxifwytalex-auth-token

[90mstdout[2m | tests/property/scoped-roles-processing-efficiency.test.ts[2m > [22m[2mProperty 10: Scoped Roles Processing Efficiency[2m > [22m[2mProperty 10.4: Role hierarchy cache should maintain 96%+ hit rate
[22m[39mGoTrueClient@sb-bgxknceshxxifwytalex-auth-token:0 (2.93.3) 2026-02-02T15:19:53.769Z #_acquireLock end

stderr | tests/property/scoped-roles-processing-efficiency.test.ts > Property 10: Scoped Roles Processing Efficiency > Property 10.4: Role hierarchy cache should maintain 96%+ hit rate
Error fetching org roles: {
  code: 'PGRST200',
  details: "Searched for a foreign key relationship between 'org_roles' and 'user_profiles' in the schema 'public', but no matches were found.",
  hint: null,
  message: "Could not find a relationship between 'org_roles' and 'user_profiles' in the schema cache"
}

[90mstdout[2m | tests/property/scoped-roles-processing-efficiency.test.ts[2m > [22m[2mProperty 10: Scoped Roles Processing Efficiency[2m > [22m[2mProperty 10.4: Role hierarchy cache should maintain 96%+ hit rate
[22m[39mGoTrueClient@sb-bgxknceshxxifwytalex-auth-token:0 (2.93.3) 2026-02-02T15:19:53.769Z #_acquireLock begin [33m10000[39m
GoTrueClient@sb-bgxknceshxxifwytalex-auth-token:0 (2.93.3) 2026-02-02T15:19:53.769Z #_acquireLock lock acquired for storage key sb-bgxknceshxxifwytalex-auth-token
GoTrueClient@sb-bgxknceshxxifwytalex-auth-token:0 (2.93.3) 2026-02-02T15:19:53.769Z #_useSession begin
GoTrueClient@sb-bgxknceshxxifwytalex-auth-token:0 (2.93.3) 2026-02-02T15:19:53.769Z #__loadSession() begin

[90mstdout[2m | tests/property/scoped-roles-processing-efficiency.test.ts[2m > [22m[2mProperty 10: Scoped Roles Processing Efficiency[2m > [22m[2mProperty 10.4: Role hierarchy cache should maintain 96%+ hit rate
[22m[39mGoTrueClient@sb-bgxknceshxxifwytalex-auth-token:0 (2.93.3) 2026-02-02T15:19:53.770Z #getSession() session from storage [1mnull[22m
GoTrueClient@sb-bgxknceshxxifwytalex-auth-token:0 (2.93.3) 2026-02-02T15:19:53.770Z #__loadSession() end

[90mstdout[2m | tests/property/scoped-roles-processing-efficiency.test.ts[2m > [22m[2mProperty 10: Scoped Roles Processing Efficiency[2m > [22m[2mProperty 10.4: Role hierarchy cache should maintain 96%+ hit rate
[22m[39mGoTrueClient@sb-bgxknceshxxifwytalex-auth-token:0 (2.93.3) 2026-02-02T15:19:53.770Z #_useSession end

[90mstdout[2m | tests/property/scoped-roles-processing-efficiency.test.ts[2m > [22m[2mProperty 10: Scoped Roles Processing Efficiency[2m > [22m[2mProperty 10.4: Role hierarchy cache should maintain 96%+ hit rate
[22m[39mGoTrueClient@sb-bgxknceshxxifwytalex-auth-token:0 (2.93.3) 2026-02-02T15:19:53.770Z #_acquireLock lock released for storage key sb-bgxknceshxxifwytalex-auth-token

[90mstdout[2m | tests/property/scoped-roles-processing-efficiency.test.ts[2m > [22m[2mProperty 10: Scoped Roles Processing Efficiency[2m > [22m[2mProperty 10.4: Role hierarchy cache should maintain 96%+ hit rate
[22m[39mGoTrueClient@sb-bgxknceshxxifwytalex-auth-token:0 (2.93.3) 2026-02-02T15:19:53.770Z #_acquireLock end

[90mstdout[2m | tests/property/scoped-roles-processing-efficiency.test.ts[2m > [22m[2mProperty 10: Scoped Roles Processing Efficiency[2m > [22m[2mProperty 10.4: Role hierarchy cache should maintain 96%+ hit rate
[22m[39mGoTrueClient@sb-bgxknceshxxifwytalex-auth-token:0 (2.93.3) 2026-02-02T15:19:54.075Z #_acquireLock begin [33m10000[39m
GoTrueClient@sb-bgxknceshxxifwytalex-auth-token:0 (2.93.3) 2026-02-02T15:19:54.075Z #_acquireLock lock acquired for storage key sb-bgxknceshxxifwytalex-auth-token
GoTrueClient@sb-bgxknceshxxifwytalex-auth-token:0 (2.93.3) 2026-02-02T15:19:54.075Z #_useSession begin
GoTrueClient@sb-bgxknceshxxifwytalex-auth-token:0 (2.93.3) 2026-02-02T15:19:54.075Z #__loadSession() begin

[90mstdout[2m | tests/property/scoped-roles-processing-efficiency.test.ts[2m > [22m[2mProperty 10: Scoped Roles Processing Efficiency[2m > [22m[2mProperty 10.4: Role hierarchy cache should maintain 96%+ hit rate
[22m[39mGoTrueClient@sb-bgxknceshxxifwytalex-auth-token:0 (2.93.3) 2026-02-02T15:19:54.075Z #getSession() session from storage [1mnull[22m
GoTrueClient@sb-bgxknceshxxifwytalex-auth-token:0 (2.93.3) 2026-02-02T15:19:54.076Z #__loadSession() end

[90mstdout[2m | tests/property/scoped-roles-processing-efficiency.test.ts[2m > [22m[2mProperty 10: Scoped Roles Processing Efficiency[2m > [22m[2mProperty 10.4: Role hierarchy cache should maintain 96%+ hit rate
[22m[39mGoTrueClient@sb-bgxknceshxxifwytalex-auth-token:0 (2.93.3) 2026-02-02T15:19:54.076Z #_useSession end

[90mstdout[2m | tests/property/scoped-roles-processing-efficiency.test.ts[2m > [22m[2mProperty 10: Scoped Roles Processing Efficiency[2m > [22m[2mProperty 10.4: Role hierarchy cache should maintain 96%+ hit rate
[22m[39mGoTrueClient@sb-bgxknceshxxifwytalex-auth-token:0 (2.93.3) 2026-02-02T15:19:54.076Z #_acquireLock lock released for storage key sb-bgxknceshxxifwytalex-auth-token

[90mstdout[2m | tests/property/scoped-roles-processing-efficiency.test.ts[2m > [22m[2mProperty 10: Scoped Roles Processing Efficiency[2m > [22m[2mProperty 10.4: Role hierarchy cache should maintain 96%+ hit rate
[22m[39mGoTrueClient@sb-bgxknceshxxifwytalex-auth-token:0 (2.93.3) 2026-02-02T15:19:54.076Z #_acquireLock end

stderr | tests/property/scoped-roles-processing-efficiency.test.ts > Property 10: Scoped Roles Processing Efficiency > Property 10.4: Role hierarchy cache should maintain 96%+ hit rate
Error fetching org roles: {
  code: 'PGRST200',
  details: "Searched for a foreign key relationship between 'org_roles' and 'user_profiles' in the schema 'public', but no matches were found.",
  hint: null,
  message: "Could not find a relationship between 'org_roles' and 'user_profiles' in the schema cache"
}

[90mstdout[2m | tests/property/scoped-roles-processing-efficiency.test.ts[2m > [22m[2mProperty 10: Scoped Roles Processing Efficiency[2m > [22m[2mProperty 10.4: Role hierarchy cache should maintain 96%+ hit rate
[22m[39mGoTrueClient@sb-bgxknceshxxifwytalex-auth-token:0 (2.93.3) 2026-02-02T15:19:54.078Z #_acquireLock begin [33m10000[39m
GoTrueClient@sb-bgxknceshxxifwytalex-auth-token:0 (2.93.3) 2026-02-02T15:19:54.078Z #_acquireLock lock acquired for storage key sb-bgxknceshxxifwytalex-auth-token
GoTrueClient@sb-bgxknceshxxifwytalex-auth-token:0 (2.93.3) 2026-02-02T15:19:54.078Z #_useSession begin
GoTrueClient@sb-bgxknceshxxifwytalex-auth-token:0 (2.93.3) 2026-02-02T15:19:54.078Z #__loadSession() begin

[90mstdout[2m | tests/property/scoped-roles-processing-efficiency.test.ts[2m > [22m[2mProperty 10: Scoped Roles Processing Efficiency[2m > [22m[2mProperty 10.4: Role hierarchy cache should maintain 96%+ hit rate
[22m[39mGoTrueClient@sb-bgxknceshxxifwytalex-auth-token:0 (2.93.3) 2026-02-02T15:19:54.078Z #getSession() session from storage [1mnull[22m
GoTrueClient@sb-bgxknceshxxifwytalex-auth-token:0 (2.93.3) 2026-02-02T15:19:54.078Z #__loadSession() end

[90mstdout[2m | tests/property/scoped-roles-processing-efficiency.test.ts[2m > [22m[2mProperty 10: Scoped Roles Processing Efficiency[2m > [22m[2mProperty 10.4: Role hierarchy cache should maintain 96%+ hit rate
[22m[39mGoTrueClient@sb-bgxknceshxxifwytalex-auth-token:0 (2.93.3) 2026-02-02T15:19:54.079Z #_useSession end

[90mstdout[2m | tests/property/scoped-roles-processing-efficiency.test.ts[2m > [22m[2mProperty 10: Scoped Roles Processing Efficiency[2m > [22m[2mProperty 10.4: Role hierarchy cache should maintain 96%+ hit rate
[22m[39mGoTrueClient@sb-bgxknceshxxifwytalex-auth-token:0 (2.93.3) 2026-02-02T15:19:54.079Z #_acquireLock lock released for storage key sb-bgxknceshxxifwytalex-auth-token

[90mstdout[2m | tests/property/scoped-roles-processing-efficiency.test.ts[2m > [22m[2mProperty 10: Scoped Roles Processing Efficiency[2m > [22m[2mProperty 10.4: Role hierarchy cache should maintain 96%+ hit rate
[22m[39mGoTrueClient@sb-bgxknceshxxifwytalex-auth-token:0 (2.93.3) 2026-02-02T15:19:54.079Z #_acquireLock end

stderr | tests/property/scoped-roles-processing-efficiency.test.ts > Property 10: Scoped Roles Processing Efficiency > Property 10.4: Role hierarchy cache should maintain 96%+ hit rate
Error fetching project roles: {
  code: 'PGRST200',
  details: "Searched for a foreign key relationship between 'project_roles' and 'user_profiles' in the schema 'public', but no matches were found.",
  hint: null,
  message: "Could not find a relationship between 'project_roles' and 'user_profiles' in the schema cache"
}

[90mstdout[2m | tests/property/scoped-roles-processing-efficiency.test.ts[2m > [22m[2mProperty 10: Scoped Roles Processing Efficiency[2m > [22m[2mProperty 10.4: Role hierarchy cache should maintain 96%+ hit rate
[22m[39mGoTrueClient@sb-bgxknceshxxifwytalex-auth-token:0 (2.93.3) 2026-02-02T15:19:54.080Z #_acquireLock begin [33m10000[39m
GoTrueClient@sb-bgxknceshxxifwytalex-auth-token:0 (2.93.3) 2026-02-02T15:19:54.080Z #_acquireLock lock acquired for storage key sb-bgxknceshxxifwytalex-auth-token
GoTrueClient@sb-bgxknceshxxifwytalex-auth-token:0 (2.93.3) 2026-02-02T15:19:54.080Z #_useSession begin
GoTrueClient@sb-bgxknceshxxifwytalex-auth-token:0 (2.93.3) 2026-02-02T15:19:54.080Z #__loadSession() begin

[90mstdout[2m | tests/property/scoped-roles-processing-efficiency.test.ts[2m > [22m[2mProperty 10: Scoped Roles Processing Efficiency[2m > [22m[2mProperty 10.4: Role hierarchy cache should maintain 96%+ hit rate
[22m[39mGoTrueClient@sb-bgxknceshxxifwytalex-auth-token:0 (2.93.3) 2026-02-02T15:19:54.080Z #getSession() session from storage [1mnull[22m
GoTrueClient@sb-bgxknceshxxifwytalex-auth-token:0 (2.93.3) 2026-02-02T15:19:54.080Z #__loadSession() end

[90mstdout[2m | tests/property/scoped-roles-processing-efficiency.test.ts[2m > [22m[2mProperty 10: Scoped Roles Processing Efficiency[2m > [22m[2mProperty 10.4: Role hierarchy cache should maintain 96%+ hit rate
[22m[39mGoTrueClient@sb-bgxknceshxxifwytalex-auth-token:0 (2.93.3) 2026-02-02T15:19:54.080Z #_useSession end

[90mstdout[2m | tests/property/scoped-roles-processing-efficiency.test.ts[2m > [22m[2mProperty 10: Scoped Roles Processing Efficiency[2m > [22m[2mProperty 10.4: Role hierarchy cache should maintain 96%+ hit rate
[22m[39mGoTrueClient@sb-bgxknceshxxifwytalex-auth-token:0 (2.93.3) 2026-02-02T15:19:54.081Z #_acquireLock lock released for storage key sb-bgxknceshxxifwytalex-auth-token

[90mstdout[2m | tests/property/scoped-roles-processing-efficiency.test.ts[2m > [22m[2mProperty 10: Scoped Roles Processing Efficiency[2m > [22m[2mProperty 10.4: Role hierarchy cache should maintain 96%+ hit rate
[22m[39mGoTrueClient@sb-bgxknceshxxifwytalex-auth-token:0 (2.93.3) 2026-02-02T15:19:54.081Z #_acquireLock end

stderr | tests/property/scoped-roles-processing-efficiency.test.ts > Property 10: Scoped Roles Processing Efficiency > Property 10.4: Role hierarchy cache should maintain 96%+ hit rate
Error fetching org roles: {
  code: 'PGRST200',
  details: "Searched for a foreign key relationship between 'org_roles' and 'user_profiles' in the schema 'public', but no matches were found.",
  hint: null,
  message: "Could not find a relationship between 'org_roles' and 'user_profiles' in the schema cache"
}

[90mstdout[2m | tests/property/scoped-roles-processing-efficiency.test.ts[2m > [22m[2mProperty 10: Scoped Roles Processing Efficiency[2m > [22m[2mProperty 10.4: Role hierarchy cache should maintain 96%+ hit rate
[22m[39mGoTrueClient@sb-bgxknceshxxifwytalex-auth-token:0 (2.93.3) 2026-02-02T15:19:54.085Z #_acquireLock begin [33m10000[39m
GoTrueClient@sb-bgxknceshxxifwytalex-auth-token:0 (2.93.3) 2026-02-02T15:19:54.086Z #_acquireLock lock acquired for storage key sb-bgxknceshxxifwytalex-auth-token
GoTrueClient@sb-bgxknceshxxifwytalex-auth-token:0 (2.93.3) 2026-02-02T15:19:54.086Z #_useSession begin
GoTrueClient@sb-bgxknceshxxifwytalex-auth-token:0 (2.93.3) 2026-02-02T15:19:54.086Z #__loadSession() begin

[90mstdout[2m | tests/property/scoped-roles-processing-efficiency.test.ts[2m > [22m[2mProperty 10: Scoped Roles Processing Efficiency[2m > [22m[2mProperty 10.4: Role hierarchy cache should maintain 96%+ hit rate
[22m[39mGoTrueClient@sb-bgxknceshxxifwytalex-auth-token:0 (2.93.3) 2026-02-02T15:19:54.086Z #getSession() session from storage [1mnull[22m
GoTrueClient@sb-bgxknceshxxifwytalex-auth-token:0 (2.93.3) 2026-02-02T15:19:54.086Z #__loadSession() end

[90mstdout[2m | tests/property/scoped-roles-processing-efficiency.test.ts[2m > [22m[2mProperty 10: Scoped Roles Processing Efficiency[2m > [22m[2mProperty 10.4: Role hierarchy cache should maintain 96%+ hit rate
[22m[39mGoTrueClient@sb-bgxknceshxxifwytalex-auth-token:0 (2.93.3) 2026-02-02T15:19:54.086Z #_useSession end

[90mstdout[2m | tests/property/scoped-roles-processing-efficiency.test.ts[2m > [22m[2mProperty 10: Scoped Roles Processing Efficiency[2m > [22m[2mProperty 10.4: Role hierarchy cache should maintain 96%+ hit rate
[22m[39mGoTrueClient@sb-bgxknceshxxifwytalex-auth-token:0 (2.93.3) 2026-02-02T15:19:54.086Z #_acquireLock lock released for storage key sb-bgxknceshxxifwytalex-auth-token

[90mstdout[2m | tests/property/scoped-roles-processing-efficiency.test.ts[2m > [22m[2mProperty 10: Scoped Roles Processing Efficiency[2m > [22m[2mProperty 10.4: Role hierarchy cache should maintain 96%+ hit rate
[22m[39mGoTrueClient@sb-bgxknceshxxifwytalex-auth-token:0 (2.93.3) 2026-02-02T15:19:54.086Z #_acquireLock end

[90mstdout[2m | tests/property/scoped-roles-processing-efficiency.test.ts[2m > [22m[2mProperty 10: Scoped Roles Processing Efficiency[2m > [22m[2mProperty 10.4: Role hierarchy cache should maintain 96%+ hit rate
[22m[39mGoTrueClient@sb-bgxknceshxxifwytalex-auth-token:0 (2.93.3) 2026-02-02T15:19:54.273Z #_acquireLock begin [33m10000[39m
GoTrueClient@sb-bgxknceshxxifwytalex-auth-token:0 (2.93.3) 2026-02-02T15:19:54.273Z #_acquireLock lock acquired for storage key sb-bgxknceshxxifwytalex-auth-token
GoTrueClient@sb-bgxknceshxxifwytalex-auth-token:0 (2.93.3) 2026-02-02T15:19:54.273Z #_useSession begin
GoTrueClient@sb-bgxknceshxxifwytalex-auth-token:0 (2.93.3) 2026-02-02T15:19:54.273Z #__loadSession() begin

[90mstdout[2m | tests/property/scoped-roles-processing-efficiency.test.ts[2m > [22m[2mProperty 10: Scoped Roles Processing Efficiency[2m > [22m[2mProperty 10.4: Role hierarchy cache should maintain 96%+ hit rate
[22m[39mGoTrueClient@sb-bgxknceshxxifwytalex-auth-token:0 (2.93.3) 2026-02-02T15:19:54.273Z #getSession() session from storage [1mnull[22m
GoTrueClient@sb-bgxknceshxxifwytalex-auth-token:0 (2.93.3) 2026-02-02T15:19:54.273Z #__loadSession() end

[90mstdout[2m | tests/property/scoped-roles-processing-efficiency.test.ts[2m > [22m[2mProperty 10: Scoped Roles Processing Efficiency[2m > [22m[2mProperty 10.4: Role hierarchy cache should maintain 96%+ hit rate
[22m[39mGoTrueClient@sb-bgxknceshxxifwytalex-auth-token:0 (2.93.3) 2026-02-02T15:19:54.273Z #_useSession end

[90mstdout[2m | tests/property/scoped-roles-processing-efficiency.test.ts[2m > [22m[2mProperty 10: Scoped Roles Processing Efficiency[2m > [22m[2mProperty 10.4: Role hierarchy cache should maintain 96%+ hit rate
[22m[39mGoTrueClient@sb-bgxknceshxxifwytalex-auth-token:0 (2.93.3) 2026-02-02T15:19:54.273Z #_acquireLock lock released for storage key sb-bgxknceshxxifwytalex-auth-token

[90mstdout[2m | tests/property/scoped-roles-processing-efficiency.test.ts[2m > [22m[2mProperty 10: Scoped Roles Processing Efficiency[2m > [22m[2mProperty 10.4: Role hierarchy cache should maintain 96%+ hit rate
[22m[39mGoTrueClient@sb-bgxknceshxxifwytalex-auth-token:0 (2.93.3) 2026-02-02T15:19:54.273Z #_acquireLock end

[90mstdout[2m | tests/property/scoped-roles-processing-efficiency.test.ts[2m > [22m[2mProperty 10: Scoped Roles Processing Efficiency[2m > [22m[2mProperty 10.4: Role hierarchy cache should maintain 96%+ hit rate
[22m[39mGoTrueClient@sb-bgxknceshxxifwytalex-auth-token:0 (2.93.3) 2026-02-02T15:19:54.292Z #_acquireLock begin [33m10000[39m
GoTrueClient@sb-bgxknceshxxifwytalex-auth-token:0 (2.93.3) 2026-02-02T15:19:54.292Z #_acquireLock lock acquired for storage key sb-bgxknceshxxifwytalex-auth-token
GoTrueClient@sb-bgxknceshxxifwytalex-auth-token:0 (2.93.3) 2026-02-02T15:19:54.292Z #_useSession begin
GoTrueClient@sb-bgxknceshxxifwytalex-auth-token:0 (2.93.3) 2026-02-02T15:19:54.292Z #__loadSession() begin

[90mstdout[2m | tests/property/scoped-roles-processing-efficiency.test.ts[2m > [22m[2mProperty 10: Scoped Roles Processing Efficiency[2m > [22m[2mProperty 10.4: Role hierarchy cache should maintain 96%+ hit rate
[22m[39mGoTrueClient@sb-bgxknceshxxifwytalex-auth-token:0 (2.93.3) 2026-02-02T15:19:54.292Z #getSession() session from storage [1mnull[22m
GoTrueClient@sb-bgxknceshxxifwytalex-auth-token:0 (2.93.3) 2026-02-02T15:19:54.292Z #__loadSession() end

[90mstdout[2m | tests/property/scoped-roles-processing-efficiency.test.ts[2m > [22m[2mProperty 10: Scoped Roles Processing Efficiency[2m > [22m[2mProperty 10.4: Role hierarchy cache should maintain 96%+ hit rate
[22m[39mGoTrueClient@sb-bgxknceshxxifwytalex-auth-token:0 (2.93.3) 2026-02-02T15:19:54.292Z #_useSession end

[90mstdout[2m | tests/property/scoped-roles-processing-efficiency.test.ts[2m > [22m[2mProperty 10: Scoped Roles Processing Efficiency[2m > [22m[2mProperty 10.4: Role hierarchy cache should maintain 96%+ hit rate
[22m[39mGoTrueClient@sb-bgxknceshxxifwytalex-auth-token:0 (2.93.3) 2026-02-02T15:19:54.292Z #_acquireLock lock released for storage key sb-bgxknceshxxifwytalex-auth-token

[90mstdout[2m | tests/property/scoped-roles-processing-efficiency.test.ts[2m > [22m[2mProperty 10: Scoped Roles Processing Efficiency[2m > [22m[2mProperty 10.4: Role hierarchy cache should maintain 96%+ hit rate
[22m[39mGoTrueClient@sb-bgxknceshxxifwytalex-auth-token:0 (2.93.3) 2026-02-02T15:19:54.292Z #_acquireLock end

stderr | tests/property/scoped-roles-processing-efficiency.test.ts > Property 10: Scoped Roles Processing Efficiency > Property 10.4: Role hierarchy cache should maintain 96%+ hit rate
Error fetching project roles: {
  code: 'PGRST200',
  details: "Searched for a foreign key relationship between 'project_roles' and 'user_profiles' in the schema 'public', but no matches were found.",
  hint: null,
  message: "Could not find a relationship between 'project_roles' and 'user_profiles' in the schema cache"
}

[90mstdout[2m | tests/property/scoped-roles-processing-efficiency.test.ts[2m > [22m[2mProperty 10: Scoped Roles Processing Efficiency[2m > [22m[2mProperty 10.4: Role hierarchy cache should maintain 96%+ hit rate
[22m[39mGoTrueClient@sb-bgxknceshxxifwytalex-auth-token:0 (2.93.3) 2026-02-02T15:19:54.295Z #_acquireLock begin [33m10000[39m
GoTrueClient@sb-bgxknceshxxifwytalex-auth-token:0 (2.93.3) 2026-02-02T15:19:54.295Z #_acquireLock lock acquired for storage key sb-bgxknceshxxifwytalex-auth-token
GoTrueClient@sb-bgxknceshxxifwytalex-auth-token:0 (2.93.3) 2026-02-02T15:19:54.295Z #_useSession begin
GoTrueClient@sb-bgxknceshxxifwytalex-auth-token:0 (2.93.3) 2026-02-02T15:19:54.295Z #__loadSession() begin

[90mstdout[2m | tests/property/scoped-roles-processing-efficiency.test.ts[2m > [22m[2mProperty 10: Scoped Roles Processing Efficiency[2m > [22m[2mProperty 10.4: Role hierarchy cache should maintain 96%+ hit rate
[22m[39mGoTrueClient@sb-bgxknceshxxifwytalex-auth-token:0 (2.93.3) 2026-02-02T15:19:54.295Z #getSession() session from storage [1mnull[22m
GoTrueClient@sb-bgxknceshxxifwytalex-auth-token:0 (2.93.3) 2026-02-02T15:19:54.295Z #__loadSession() end

[90mstdout[2m | tests/property/scoped-roles-processing-efficiency.test.ts[2m > [22m[2mProperty 10: Scoped Roles Processing Efficiency[2m > [22m[2mProperty 10.4: Role hierarchy cache should maintain 96%+ hit rate
[22m[39mGoTrueClient@sb-bgxknceshxxifwytalex-auth-token:0 (2.93.3) 2026-02-02T15:19:54.295Z #_useSession end

[90mstdout[2m | tests/property/scoped-roles-processing-efficiency.test.ts[2m > [22m[2mProperty 10: Scoped Roles Processing Efficiency[2m > [22m[2mProperty 10.4: Role hierarchy cache should maintain 96%+ hit rate
[22m[39mGoTrueClient@sb-bgxknceshxxifwytalex-auth-token:0 (2.93.3) 2026-02-02T15:19:54.295Z #_acquireLock lock released for storage key sb-bgxknceshxxifwytalex-auth-token

[90mstdout[2m | tests/property/scoped-roles-processing-efficiency.test.ts[2m > [22m[2mProperty 10: Scoped Roles Processing Efficiency[2m > [22m[2mProperty 10.4: Role hierarchy cache should maintain 96%+ hit rate
[22m[39mGoTrueClient@sb-bgxknceshxxifwytalex-auth-token:0 (2.93.3) 2026-02-02T15:19:54.295Z #_acquireLock end

stderr | tests/property/scoped-roles-processing-efficiency.test.ts > Property 10: Scoped Roles Processing Efficiency > Property 10.4: Role hierarchy cache should maintain 96%+ hit rate
Error fetching org roles: {
  code: 'PGRST200',
  details: "Searched for a foreign key relationship between 'org_roles' and 'user_profiles' in the schema 'public', but no matches were found.",
  hint: null,
  message: "Could not find a relationship between 'org_roles' and 'user_profiles' in the schema cache"
}

[90mstdout[2m | tests/property/scoped-roles-processing-efficiency.test.ts[2m > [22m[2mProperty 10: Scoped Roles Processing Efficiency[2m > [22m[2mProperty 10.4: Role hierarchy cache should maintain 96%+ hit rate
[22m[39mGoTrueClient@sb-bgxknceshxxifwytalex-auth-token:0 (2.93.3) 2026-02-02T15:19:54.320Z #_acquireLock begin [33m10000[39m
GoTrueClient@sb-bgxknceshxxifwytalex-auth-token:0 (2.93.3) 2026-02-02T15:19:54.320Z #_acquireLock lock acquired for storage key sb-bgxknceshxxifwytalex-auth-token
GoTrueClient@sb-bgxknceshxxifwytalex-auth-token:0 (2.93.3) 2026-02-02T15:19:54.320Z #_useSession begin
GoTrueClient@sb-bgxknceshxxifwytalex-auth-token:0 (2.93.3) 2026-02-02T15:19:54.320Z #__loadSession() begin

[90mstdout[2m | tests/property/scoped-roles-processing-efficiency.test.ts[2m > [22m[2mProperty 10: Scoped Roles Processing Efficiency[2m > [22m[2mProperty 10.4: Role hierarchy cache should maintain 96%+ hit rate
[22m[39mGoTrueClient@sb-bgxknceshxxifwytalex-auth-token:0 (2.93.3) 2026-02-02T15:19:54.320Z #getSession() session from storage [1mnull[22m
GoTrueClient@sb-bgxknceshxxifwytalex-auth-token:0 (2.93.3) 2026-02-02T15:19:54.320Z #__loadSession() end

[90mstdout[2m | tests/property/scoped-roles-processing-efficiency.test.ts[2m > [22m[2mProperty 10: Scoped Roles Processing Efficiency[2m > [22m[2mProperty 10.4: Role hierarchy cache should maintain 96%+ hit rate
[22m[39mGoTrueClient@sb-bgxknceshxxifwytalex-auth-token:0 (2.93.3) 2026-02-02T15:19:54.320Z #_useSession end

[90mstdout[2m | tests/property/scoped-roles-processing-efficiency.test.ts[2m > [22m[2mProperty 10: Scoped Roles Processing Efficiency[2m > [22m[2mProperty 10.4: Role hierarchy cache should maintain 96%+ hit rate
[22m[39mGoTrueClient@sb-bgxknceshxxifwytalex-auth-token:0 (2.93.3) 2026-02-02T15:19:54.321Z #_acquireLock lock released for storage key sb-bgxknceshxxifwytalex-auth-token

[90mstdout[2m | tests/property/scoped-roles-processing-efficiency.test.ts[2m > [22m[2mProperty 10: Scoped Roles Processing Efficiency[2m > [22m[2mProperty 10.4: Role hierarchy cache should maintain 96%+ hit rate
[22m[39mGoTrueClient@sb-bgxknceshxxifwytalex-auth-token:0 (2.93.3) 2026-02-02T15:19:54.321Z #_acquireLock end

[90mstdout[2m | tests/property/scoped-roles-processing-efficiency.test.ts[2m > [22m[2mProperty 10: Scoped Roles Processing Efficiency[2m > [22m[2mProperty 10.4: Role hierarchy cache should maintain 96%+ hit rate
[22m[39mGoTrueClient@sb-bgxknceshxxifwytalex-auth-token:0 (2.93.3) 2026-02-02T15:19:54.493Z #_acquireLock begin [33m10000[39m
GoTrueClient@sb-bgxknceshxxifwytalex-auth-token:0 (2.93.3) 2026-02-02T15:19:54.493Z #_acquireLock lock acquired for storage key sb-bgxknceshxxifwytalex-auth-token
GoTrueClient@sb-bgxknceshxxifwytalex-auth-token:0 (2.93.3) 2026-02-02T15:19:54.493Z #_useSession begin
GoTrueClient@sb-bgxknceshxxifwytalex-auth-token:0 (2.93.3) 2026-02-02T15:19:54.493Z #__loadSession() begin

[90mstdout[2m | tests/property/scoped-roles-processing-efficiency.test.ts[2m > [22m[2mProperty 10: Scoped Roles Processing Efficiency[2m > [22m[2mProperty 10.4: Role hierarchy cache should maintain 96%+ hit rate
[22m[39mGoTrueClient@sb-bgxknceshxxifwytalex-auth-token:0 (2.93.3) 2026-02-02T15:19:54.493Z #getSession() session from storage [1mnull[22m
GoTrueClient@sb-bgxknceshxxifwytalex-auth-token:0 (2.93.3) 2026-02-02T15:19:54.493Z #__loadSession() end

[90mstdout[2m | tests/property/scoped-roles-processing-efficiency.test.ts[2m > [22m[2mProperty 10: Scoped Roles Processing Efficiency[2m > [22m[2mProperty 10.4: Role hierarchy cache should maintain 96%+ hit rate
[22m[39mGoTrueClient@sb-bgxknceshxxifwytalex-auth-token:0 (2.93.3) 2026-02-02T15:19:54.493Z #_useSession end

[90mstdout[2m | tests/property/scoped-roles-processing-efficiency.test.ts[2m > [22m[2mProperty 10: Scoped Roles Processing Efficiency[2m > [22m[2mProperty 10.4: Role hierarchy cache should maintain 96%+ hit rate
[22m[39mGoTrueClient@sb-bgxknceshxxifwytalex-auth-token:0 (2.93.3) 2026-02-02T15:19:54.493Z #_acquireLock lock released for storage key sb-bgxknceshxxifwytalex-auth-token

[90mstdout[2m | tests/property/scoped-roles-processing-efficiency.test.ts[2m > [22m[2mProperty 10: Scoped Roles Processing Efficiency[2m > [22m[2mProperty 10.4: Role hierarchy cache should maintain 96%+ hit rate
[22m[39mGoTrueClient@sb-bgxknceshxxifwytalex-auth-token:0 (2.93.3) 2026-02-02T15:19:54.493Z #_acquireLock end

stderr | tests/property/scoped-roles-processing-efficiency.test.ts > Property 10: Scoped Roles Processing Efficiency > Property 10.4: Role hierarchy cache should maintain 96%+ hit rate
Error fetching project roles: {
  code: 'PGRST200',
  details: "Searched for a foreign key relationship between 'project_roles' and 'user_profiles' in the schema 'public', but no matches were found.",
  hint: null,
  message: "Could not find a relationship between 'project_roles' and 'user_profiles' in the schema cache"
}

[90mstdout[2m | tests/property/scoped-roles-processing-efficiency.test.ts[2m > [22m[2mProperty 10: Scoped Roles Processing Efficiency[2m > [22m[2mProperty 10.4: Role hierarchy cache should maintain 96%+ hit rate
[22m[39mGoTrueClient@sb-bgxknceshxxifwytalex-auth-token:0 (2.93.3) 2026-02-02T15:19:54.505Z #_acquireLock begin [33m10000[39m
GoTrueClient@sb-bgxknceshxxifwytalex-auth-token:0 (2.93.3) 2026-02-02T15:19:54.505Z #_acquireLock lock acquired for storage key sb-bgxknceshxxifwytalex-auth-token
GoTrueClient@sb-bgxknceshxxifwytalex-auth-token:0 (2.93.3) 2026-02-02T15:19:54.505Z #_useSession begin
GoTrueClient@sb-bgxknceshxxifwytalex-auth-token:0 (2.93.3) 2026-02-02T15:19:54.505Z #__loadSession() begin

[90mstdout[2m | tests/property/scoped-roles-processing-efficiency.test.ts[2m > [22m[2mProperty 10: Scoped Roles Processing Efficiency[2m > [22m[2mProperty 10.4: Role hierarchy cache should maintain 96%+ hit rate
[22m[39mGoTrueClient@sb-bgxknceshxxifwytalex-auth-token:0 (2.93.3) 2026-02-02T15:19:54.505Z #getSession() session from storage [1mnull[22m
GoTrueClient@sb-bgxknceshxxifwytalex-auth-token:0 (2.93.3) 2026-02-02T15:19:54.505Z #__loadSession() end

[90mstdout[2m | tests/property/scoped-roles-processing-efficiency.test.ts[2m > [22m[2mProperty 10: Scoped Roles Processing Efficiency[2m > [22m[2mProperty 10.4: Role hierarchy cache should maintain 96%+ hit rate
[22m[39mGoTrueClient@sb-bgxknceshxxifwytalex-auth-token:0 (2.93.3) 2026-02-02T15:19:54.505Z #_useSession end

[90mstdout[2m | tests/property/scoped-roles-processing-efficiency.test.ts[2m > [22m[2mProperty 10: Scoped Roles Processing Efficiency[2m > [22m[2mProperty 10.4: Role hierarchy cache should maintain 96%+ hit rate
[22m[39mGoTrueClient@sb-bgxknceshxxifwytalex-auth-token:0 (2.93.3) 2026-02-02T15:19:54.505Z #_acquireLock lock released for storage key sb-bgxknceshxxifwytalex-auth-token

[90mstdout[2m | tests/property/scoped-roles-processing-efficiency.test.ts[2m > [22m[2mProperty 10: Scoped Roles Processing Efficiency[2m > [22m[2mProperty 10.4: Role hierarchy cache should maintain 96%+ hit rate
[22m[39mGoTrueClient@sb-bgxknceshxxifwytalex-auth-token:0 (2.93.3) 2026-02-02T15:19:54.505Z #_acquireLock end

[90mstdout[2m | tests/property/scoped-roles-processing-efficiency.test.ts[2m > [22m[2mProperty 10: Scoped Roles Processing Efficiency[2m > [22m[2mProperty 10.4: Role hierarchy cache should maintain 96%+ hit rate
[22m[39mGoTrueClient@sb-bgxknceshxxifwytalex-auth-token:0 (2.93.3) 2026-02-02T15:19:54.508Z #_acquireLock begin [33m10000[39m
GoTrueClient@sb-bgxknceshxxifwytalex-auth-token:0 (2.93.3) 2026-02-02T15:19:54.508Z #_acquireLock lock acquired for storage key sb-bgxknceshxxifwytalex-auth-token
GoTrueClient@sb-bgxknceshxxifwytalex-auth-token:0 (2.93.3) 2026-02-02T15:19:54.508Z #_useSession begin
GoTrueClient@sb-bgxknceshxxifwytalex-auth-token:0 (2.93.3) 2026-02-02T15:19:54.508Z #__loadSession() begin

[90mstdout[2m | tests/property/scoped-roles-processing-efficiency.test.ts[2m > [22m[2mProperty 10: Scoped Roles Processing Efficiency[2m > [22m[2mProperty 10.4: Role hierarchy cache should maintain 96%+ hit rate
[22m[39mGoTrueClient@sb-bgxknceshxxifwytalex-auth-token:0 (2.93.3) 2026-02-02T15:19:54.508Z #getSession() session from storage [1mnull[22m
GoTrueClient@sb-bgxknceshxxifwytalex-auth-token:0 (2.93.3) 2026-02-02T15:19:54.508Z #__loadSession() end

[90mstdout[2m | tests/property/scoped-roles-processing-efficiency.test.ts[2m > [22m[2mProperty 10: Scoped Roles Processing Efficiency[2m > [22m[2mProperty 10.4: Role hierarchy cache should maintain 96%+ hit rate
[22m[39mGoTrueClient@sb-bgxknceshxxifwytalex-auth-token:0 (2.93.3) 2026-02-02T15:19:54.508Z #_useSession end

[90mstdout[2m | tests/property/scoped-roles-processing-efficiency.test.ts[2m > [22m[2mProperty 10: Scoped Roles Processing Efficiency[2m > [22m[2mProperty 10.4: Role hierarchy cache should maintain 96%+ hit rate
[22m[39mGoTrueClient@sb-bgxknceshxxifwytalex-auth-token:0 (2.93.3) 2026-02-02T15:19:54.508Z #_acquireLock lock released for storage key sb-bgxknceshxxifwytalex-auth-token

[90mstdout[2m | tests/property/scoped-roles-processing-efficiency.test.ts[2m > [22m[2mProperty 10: Scoped Roles Processing Efficiency[2m > [22m[2mProperty 10.4: Role hierarchy cache should maintain 96%+ hit rate
[22m[39mGoTrueClient@sb-bgxknceshxxifwytalex-auth-token:0 (2.93.3) 2026-02-02T15:19:54.508Z #_acquireLock end

stderr | tests/property/scoped-roles-processing-efficiency.test.ts > Property 10: Scoped Roles Processing Efficiency > Property 10.4: Role hierarchy cache should maintain 96%+ hit rate
Error fetching org roles: {
  code: 'PGRST200',
  details: "Searched for a foreign key relationship between 'org_roles' and 'user_profiles' in the schema 'public', but no matches were found.",
  hint: null,
  message: "Could not find a relationship between 'org_roles' and 'user_profiles' in the schema cache"
}

[90mstdout[2m | tests/property/scoped-roles-processing-efficiency.test.ts[2m > [22m[2mProperty 10: Scoped Roles Processing Efficiency[2m > [22m[2mProperty 10.4: Role hierarchy cache should maintain 96%+ hit rate
[22m[39mGoTrueClient@sb-bgxknceshxxifwytalex-auth-token:0 (2.93.3) 2026-02-02T15:19:54.546Z #_acquireLock begin [33m10000[39m
GoTrueClient@sb-bgxknceshxxifwytalex-auth-token:0 (2.93.3) 2026-02-02T15:19:54.546Z #_acquireLock lock acquired for storage key sb-bgxknceshxxifwytalex-auth-token
GoTrueClient@sb-bgxknceshxxifwytalex-auth-token:0 (2.93.3) 2026-02-02T15:19:54.546Z #_useSession begin
GoTrueClient@sb-bgxknceshxxifwytalex-auth-token:0 (2.93.3) 2026-02-02T15:19:54.546Z #__loadSession() begin

[90mstdout[2m | tests/property/scoped-roles-processing-efficiency.test.ts[2m > [22m[2mProperty 10: Scoped Roles Processing Efficiency[2m > [22m[2mProperty 10.4: Role hierarchy cache should maintain 96%+ hit rate
[22m[39mGoTrueClient@sb-bgxknceshxxifwytalex-auth-token:0 (2.93.3) 2026-02-02T15:19:54.546Z #getSession() session from storage [1mnull[22m
GoTrueClient@sb-bgxknceshxxifwytalex-auth-token:0 (2.93.3) 2026-02-02T15:19:54.546Z #__loadSession() end

[90mstdout[2m | tests/property/scoped-roles-processing-efficiency.test.ts[2m > [22m[2mProperty 10: Scoped Roles Processing Efficiency[2m > [22m[2mProperty 10.4: Role hierarchy cache should maintain 96%+ hit rate
[22m[39mGoTrueClient@sb-bgxknceshxxifwytalex-auth-token:0 (2.93.3) 2026-02-02T15:19:54.546Z #_useSession end

[90mstdout[2m | tests/property/scoped-roles-processing-efficiency.test.ts[2m > [22m[2mProperty 10: Scoped Roles Processing Efficiency[2m > [22m[2mProperty 10.4: Role hierarchy cache should maintain 96%+ hit rate
[22m[39mGoTrueClient@sb-bgxknceshxxifwytalex-auth-token:0 (2.93.3) 2026-02-02T15:19:54.546Z #_acquireLock lock released for storage key sb-bgxknceshxxifwytalex-auth-token

[90mstdout[2m | tests/property/scoped-roles-processing-efficiency.test.ts[2m > [22m[2mProperty 10: Scoped Roles Processing Efficiency[2m > [22m[2mProperty 10.4: Role hierarchy cache should maintain 96%+ hit rate
[22m[39mGoTrueClient@sb-bgxknceshxxifwytalex-auth-token:0 (2.93.3) 2026-02-02T15:19:54.546Z #_acquireLock end

stderr | tests/property/scoped-roles-processing-efficiency.test.ts > Property 10: Scoped Roles Processing Efficiency > Property 10.4: Role hierarchy cache should maintain 96%+ hit rate
Error fetching org roles: {
  code: 'PGRST200',
  details: "Searched for a foreign key relationship between 'org_roles' and 'user_profiles' in the schema 'public', but no matches were found.",
  hint: null,
  message: "Could not find a relationship between 'org_roles' and 'user_profiles' in the schema cache"
}

[90mstdout[2m | tests/property/scoped-roles-processing-efficiency.test.ts[2m > [22m[2mProperty 10: Scoped Roles Processing Efficiency[2m > [22m[2mProperty 10.4: Role hierarchy cache should maintain 96%+ hit rate
[22m[39mGoTrueClient@sb-bgxknceshxxifwytalex-auth-token:0 (2.93.3) 2026-02-02T15:19:54.697Z #_acquireLock begin [33m10000[39m
GoTrueClient@sb-bgxknceshxxifwytalex-auth-token:0 (2.93.3) 2026-02-02T15:19:54.697Z #_acquireLock lock acquired for storage key sb-bgxknceshxxifwytalex-auth-token
GoTrueClient@sb-bgxknceshxxifwytalex-auth-token:0 (2.93.3) 2026-02-02T15:19:54.697Z #_useSession begin
GoTrueClient@sb-bgxknceshxxifwytalex-auth-token:0 (2.93.3) 2026-02-02T15:19:54.697Z #__loadSession() begin

[90mstdout[2m | tests/property/scoped-roles-processing-efficiency.test.ts[2m > [22m[2mProperty 10: Scoped Roles Processing Efficiency[2m > [22m[2mProperty 10.4: Role hierarchy cache should maintain 96%+ hit rate
[22m[39mGoTrueClient@sb-bgxknceshxxifwytalex-auth-token:0 (2.93.3) 2026-02-02T15:19:54.697Z #getSession() session from storage [1mnull[22m
GoTrueClient@sb-bgxknceshxxifwytalex-auth-token:0 (2.93.3) 2026-02-02T15:19:54.697Z #__loadSession() end

[90mstdout[2m | tests/property/scoped-roles-processing-efficiency.test.ts[2m > [22m[2mProperty 10: Scoped Roles Processing Efficiency[2m > [22m[2mProperty 10.4: Role hierarchy cache should maintain 96%+ hit rate
[22m[39mGoTrueClient@sb-bgxknceshxxifwytalex-auth-token:0 (2.93.3) 2026-02-02T15:19:54.698Z #_useSession end

[90mstdout[2m | tests/property/scoped-roles-processing-efficiency.test.ts[2m > [22m[2mProperty 10: Scoped Roles Processing Efficiency[2m > [22m[2mProperty 10.4: Role hierarchy cache should maintain 96%+ hit rate
[22m[39mGoTrueClient@sb-bgxknceshxxifwytalex-auth-token:0 (2.93.3) 2026-02-02T15:19:54.698Z #_acquireLock lock released for storage key sb-bgxknceshxxifwytalex-auth-token

[90mstdout[2m | tests/property/scoped-roles-processing-efficiency.test.ts[2m > [22m[2mProperty 10: Scoped Roles Processing Efficiency[2m > [22m[2mProperty 10.4: Role hierarchy cache should maintain 96%+ hit rate
[22m[39mGoTrueClient@sb-bgxknceshxxifwytalex-auth-token:0 (2.93.3) 2026-02-02T15:19:54.698Z #_acquireLock end

stderr | tests/property/scoped-roles-processing-efficiency.test.ts > Property 10: Scoped Roles Processing Efficiency > Property 10.4: Role hierarchy cache should maintain 96%+ hit rate
Error fetching project roles: {
  code: 'PGRST200',
  details: "Searched for a foreign key relationship between 'project_roles' and 'user_profiles' in the schema 'public', but no matches were found.",
  hint: null,
  message: "Could not find a relationship between 'project_roles' and 'user_profiles' in the schema cache"
}

[90mstdout[2m | tests/property/scoped-roles-processing-efficiency.test.ts[2m > [22m[2mProperty 10: Scoped Roles Processing Efficiency[2m > [22m[2mProperty 10.4: Role hierarchy cache should maintain 96%+ hit rate
[22m[39mGoTrueClient@sb-bgxknceshxxifwytalex-auth-token:0 (2.93.3) 2026-02-02T15:19:54.712Z #_acquireLock begin [33m10000[39m
GoTrueClient@sb-bgxknceshxxifwytalex-auth-token:0 (2.93.3) 2026-02-02T15:19:54.712Z #_acquireLock lock acquired for storage key sb-bgxknceshxxifwytalex-auth-token
GoTrueClient@sb-bgxknceshxxifwytalex-auth-token:0 (2.93.3) 2026-02-02T15:19:54.712Z #_useSession begin
GoTrueClient@sb-bgxknceshxxifwytalex-auth-token:0 (2.93.3) 2026-02-02T15:19:54.712Z #__loadSession() begin

[90mstdout[2m | tests/property/scoped-roles-processing-efficiency.test.ts[2m > [22m[2mProperty 10: Scoped Roles Processing Efficiency[2m > [22m[2mProperty 10.4: Role hierarchy cache should maintain 96%+ hit rate
[22m[39mGoTrueClient@sb-bgxknceshxxifwytalex-auth-token:0 (2.93.3) 2026-02-02T15:19:54.712Z #getSession() session from storage [1mnull[22m
GoTrueClient@sb-bgxknceshxxifwytalex-auth-token:0 (2.93.3) 2026-02-02T15:19:54.712Z #__loadSession() end

[90mstdout[2m | tests/property/scoped-roles-processing-efficiency.test.ts[2m > [22m[2mProperty 10: Scoped Roles Processing Efficiency[2m > [22m[2mProperty 10.4: Role hierarchy cache should maintain 96%+ hit rate
[22m[39mGoTrueClient@sb-bgxknceshxxifwytalex-auth-token:0 (2.93.3) 2026-02-02T15:19:54.712Z #_useSession end

[90mstdout[2m | tests/property/scoped-roles-processing-efficiency.test.ts[2m > [22m[2mProperty 10: Scoped Roles Processing Efficiency[2m > [22m[2mProperty 10.4: Role hierarchy cache should maintain 96%+ hit rate
[22m[39mGoTrueClient@sb-bgxknceshxxifwytalex-auth-token:0 (2.93.3) 2026-02-02T15:19:54.712Z #_acquireLock lock released for storage key sb-bgxknceshxxifwytalex-auth-token

[90mstdout[2m | tests/property/scoped-roles-processing-efficiency.test.ts[2m > [22m[2mProperty 10: Scoped Roles Processing Efficiency[2m > [22m[2mProperty 10.4: Role hierarchy cache should maintain 96%+ hit rate
[22m[39mGoTrueClient@sb-bgxknceshxxifwytalex-auth-token:0 (2.93.3) 2026-02-02T15:19:54.712Z #_acquireLock end

[90mstdout[2m | tests/property/scoped-roles-processing-efficiency.test.ts[2m > [22m[2mProperty 10: Scoped Roles Processing Efficiency[2m > [22m[2mProperty 10.4: Role hierarchy cache should maintain 96%+ hit rate
[22m[39mGoTrueClient@sb-bgxknceshxxifwytalex-auth-token:0 (2.93.3) 2026-02-02T15:19:54.715Z #_acquireLock begin [33m10000[39m
GoTrueClient@sb-bgxknceshxxifwytalex-auth-token:0 (2.93.3) 2026-02-02T15:19:54.715Z #_acquireLock lock acquired for storage key sb-bgxknceshxxifwytalex-auth-token
GoTrueClient@sb-bgxknceshxxifwytalex-auth-token:0 (2.93.3) 2026-02-02T15:19:54.715Z #_useSession begin
GoTrueClient@sb-bgxknceshxxifwytalex-auth-token:0 (2.93.3) 2026-02-02T15:19:54.715Z #__loadSession() begin

[90mstdout[2m | tests/property/scoped-roles-processing-efficiency.test.ts[2m > [22m[2mProperty 10: Scoped Roles Processing Efficiency[2m > [22m[2mProperty 10.4: Role hierarchy cache should maintain 96%+ hit rate
[22m[39mGoTrueClient@sb-bgxknceshxxifwytalex-auth-token:0 (2.93.3) 2026-02-02T15:19:54.716Z #getSession() session from storage [1mnull[22m
GoTrueClient@sb-bgxknceshxxifwytalex-auth-token:0 (2.93.3) 2026-02-02T15:19:54.716Z #__loadSession() end

[90mstdout[2m | tests/property/scoped-roles-processing-efficiency.test.ts[2m > [22m[2mProperty 10: Scoped Roles Processing Efficiency[2m > [22m[2mProperty 10.4: Role hierarchy cache should maintain 96%+ hit rate
[22m[39mGoTrueClient@sb-bgxknceshxxifwytalex-auth-token:0 (2.93.3) 2026-02-02T15:19:54.716Z #_useSession end

[90mstdout[2m | tests/property/scoped-roles-processing-efficiency.test.ts[2m > [22m[2mProperty 10: Scoped Roles Processing Efficiency[2m > [22m[2mProperty 10.4: Role hierarchy cache should maintain 96%+ hit rate
[22m[39mGoTrueClient@sb-bgxknceshxxifwytalex-auth-token:0 (2.93.3) 2026-02-02T15:19:54.716Z #_acquireLock lock released for storage key sb-bgxknceshxxifwytalex-auth-token

[90mstdout[2m | tests/property/scoped-roles-processing-efficiency.test.ts[2m > [22m[2mProperty 10: Scoped Roles Processing Efficiency[2m > [22m[2mProperty 10.4: Role hierarchy cache should maintain 96%+ hit rate
[22m[39mGoTrueClient@sb-bgxknceshxxifwytalex-auth-token:0 (2.93.3) 2026-02-02T15:19:54.716Z #_acquireLock end

stderr | tests/property/scoped-roles-processing-efficiency.test.ts > Property 10: Scoped Roles Processing Efficiency > Property 10.4: Role hierarchy cache should maintain 96%+ hit rate
Error fetching org roles: {
  code: 'PGRST200',
  details: "Searched for a foreign key relationship between 'org_roles' and 'user_profiles' in the schema 'public', but no matches were found.",
  hint: null,
  message: "Could not find a relationship between 'org_roles' and 'user_profiles' in the schema cache"
}

[90mstdout[2m | tests/property/scoped-roles-processing-efficiency.test.ts[2m > [22m[2mProperty 10: Scoped Roles Processing Efficiency[2m > [22m[2mProperty 10.4: Role hierarchy cache should maintain 96%+ hit rate
[22m[39mGoTrueClient@sb-bgxknceshxxifwytalex-auth-token:0 (2.93.3) 2026-02-02T15:19:54.764Z #_acquireLock begin [33m10000[39m
GoTrueClient@sb-bgxknceshxxifwytalex-auth-token:0 (2.93.3) 2026-02-02T15:19:54.764Z #_acquireLock lock acquired for storage key sb-bgxknceshxxifwytalex-auth-token
GoTrueClient@sb-bgxknceshxxifwytalex-auth-token:0 (2.93.3) 2026-02-02T15:19:54.764Z #_useSession begin
GoTrueClient@sb-bgxknceshxxifwytalex-auth-token:0 (2.93.3) 2026-02-02T15:19:54.764Z #__loadSession() begin

[90mstdout[2m | tests/property/scoped-roles-processing-efficiency.test.ts[2m > [22m[2mProperty 10: Scoped Roles Processing Efficiency[2m > [22m[2mProperty 10.4: Role hierarchy cache should maintain 96%+ hit rate
[22m[39mGoTrueClient@sb-bgxknceshxxifwytalex-auth-token:0 (2.93.3) 2026-02-02T15:19:54.765Z #getSession() session from storage [1mnull[22m
GoTrueClient@sb-bgxknceshxxifwytalex-auth-token:0 (2.93.3) 2026-02-02T15:19:54.765Z #__loadSession() end

[90mstdout[2m | tests/property/scoped-roles-processing-efficiency.test.ts[2m > [22m[2mProperty 10: Scoped Roles Processing Efficiency[2m > [22m[2mProperty 10.4: Role hierarchy cache should maintain 96%+ hit rate
[22m[39mGoTrueClient@sb-bgxknceshxxifwytalex-auth-token:0 (2.93.3) 2026-02-02T15:19:54.765Z #_useSession end

[90mstdout[2m | tests/property/scoped-roles-processing-efficiency.test.ts[2m > [22m[2mProperty 10: Scoped Roles Processing Efficiency[2m > [22m[2mProperty 10.4: Role hierarchy cache should maintain 96%+ hit rate
[22m[39mGoTrueClient@sb-bgxknceshxxifwytalex-auth-token:0 (2.93.3) 2026-02-02T15:19:54.765Z #_acquireLock lock released for storage key sb-bgxknceshxxifwytalex-auth-token

[90mstdout[2m | tests/property/scoped-roles-processing-efficiency.test.ts[2m > [22m[2mProperty 10: Scoped Roles Processing Efficiency[2m > [22m[2mProperty 10.4: Role hierarchy cache should maintain 96%+ hit rate
[22m[39mGoTrueClient@sb-bgxknceshxxifwytalex-auth-token:0 (2.93.3) 2026-02-02T15:19:54.765Z #_acquireLock end

stderr | tests/property/scoped-roles-processing-efficiency.test.ts > Property 10: Scoped Roles Processing Efficiency > Property 10.4: Role hierarchy cache should maintain 96%+ hit rate
Error fetching org roles: {
  code: 'PGRST200',
  details: "Searched for a foreign key relationship between 'org_roles' and 'user_profiles' in the schema 'public', but no matches were found.",
  hint: null,
  message: "Could not find a relationship between 'org_roles' and 'user_profiles' in the schema cache"
}

[90mstdout[2m | tests/property/scoped-roles-processing-efficiency.test.ts[2m > [22m[2mProperty 10: Scoped Roles Processing Efficiency[2m > [22m[2mProperty 10.4: Role hierarchy cache should maintain 96%+ hit rate
[22m[39mGoTrueClient@sb-bgxknceshxxifwytalex-auth-token:0 (2.93.3) 2026-02-02T15:19:54.897Z #_acquireLock begin [33m10000[39m
GoTrueClient@sb-bgxknceshxxifwytalex-auth-token:0 (2.93.3) 2026-02-02T15:19:54.897Z #_acquireLock lock acquired for storage key sb-bgxknceshxxifwytalex-auth-token
GoTrueClient@sb-bgxknceshxxifwytalex-auth-token:0 (2.93.3) 2026-02-02T15:19:54.897Z #_useSession begin
GoTrueClient@sb-bgxknceshxxifwytalex-auth-token:0 (2.93.3) 2026-02-02T15:19:54.897Z #__loadSession() begin

[90mstdout[2m | tests/property/scoped-roles-processing-efficiency.test.ts[2m > [22m[2mProperty 10: Scoped Roles Processing Efficiency[2m > [22m[2mProperty 10.4: Role hierarchy cache should maintain 96%+ hit rate
[22m[39mGoTrueClient@sb-bgxknceshxxifwytalex-auth-token:0 (2.93.3) 2026-02-02T15:19:54.897Z #getSession() session from storage [1mnull[22m
GoTrueClient@sb-bgxknceshxxifwytalex-auth-token:0 (2.93.3) 2026-02-02T15:19:54.897Z #__loadSession() end

[90mstdout[2m | tests/property/scoped-roles-processing-efficiency.test.ts[2m > [22m[2mProperty 10: Scoped Roles Processing Efficiency[2m > [22m[2mProperty 10.4: Role hierarchy cache should maintain 96%+ hit rate
[22m[39mGoTrueClient@sb-bgxknceshxxifwytalex-auth-token:0 (2.93.3) 2026-02-02T15:19:54.897Z #_useSession end

[90mstdout[2m | tests/property/scoped-roles-processing-efficiency.test.ts[2m > [22m[2mProperty 10: Scoped Roles Processing Efficiency[2m > [22m[2mProperty 10.4: Role hierarchy cache should maintain 96%+ hit rate
[22m[39mGoTrueClient@sb-bgxknceshxxifwytalex-auth-token:0 (2.93.3) 2026-02-02T15:19:54.897Z #_acquireLock lock released for storage key sb-bgxknceshxxifwytalex-auth-token

[90mstdout[2m | tests/property/scoped-roles-processing-efficiency.test.ts[2m > [22m[2mProperty 10: Scoped Roles Processing Efficiency[2m > [22m[2mProperty 10.4: Role hierarchy cache should maintain 96%+ hit rate
[22m[39mGoTrueClient@sb-bgxknceshxxifwytalex-auth-token:0 (2.93.3) 2026-02-02T15:19:54.897Z #_acquireLock end

stderr | tests/property/scoped-roles-processing-efficiency.test.ts > Property 10: Scoped Roles Processing Efficiency > Property 10.4: Role hierarchy cache should maintain 96%+ hit rate
Error fetching project roles: {
  code: 'PGRST200',
  details: "Searched for a foreign key relationship between 'project_roles' and 'user_profiles' in the schema 'public', but no matches were found.",
  hint: null,
  message: "Could not find a relationship between 'project_roles' and 'user_profiles' in the schema cache"
}

[90mstdout[2m | tests/property/scoped-roles-processing-efficiency.test.ts[2m > [22m[2mProperty 10: Scoped Roles Processing Efficiency[2m > [22m[2mProperty 10.4: Role hierarchy cache should maintain 96%+ hit rate
[22m[39mGoTrueClient@sb-bgxknceshxxifwytalex-auth-token:0 (2.93.3) 2026-02-02T15:19:54.917Z #_acquireLock begin [33m10000[39m
GoTrueClient@sb-bgxknceshxxifwytalex-auth-token:0 (2.93.3) 2026-02-02T15:19:54.917Z #_acquireLock lock acquired for storage key sb-bgxknceshxxifwytalex-auth-token
GoTrueClient@sb-bgxknceshxxifwytalex-auth-token:0 (2.93.3) 2026-02-02T15:19:54.917Z #_useSession begin
GoTrueClient@sb-bgxknceshxxifwytalex-auth-token:0 (2.93.3) 2026-02-02T15:19:54.917Z #__loadSession() begin

[90mstdout[2m | tests/property/scoped-roles-processing-efficiency.test.ts[2m > [22m[2mProperty 10: Scoped Roles Processing Efficiency[2m > [22m[2mProperty 10.4: Role hierarchy cache should maintain 96%+ hit rate
[22m[39mGoTrueClient@sb-bgxknceshxxifwytalex-auth-token:0 (2.93.3) 2026-02-02T15:19:54.917Z #getSession() session from storage [1mnull[22m
GoTrueClient@sb-bgxknceshxxifwytalex-auth-token:0 (2.93.3) 2026-02-02T15:19:54.917Z #__loadSession() end

[90mstdout[2m | tests/property/scoped-roles-processing-efficiency.test.ts[2m > [22m[2mProperty 10: Scoped Roles Processing Efficiency[2m > [22m[2mProperty 10.4: Role hierarchy cache should maintain 96%+ hit rate
[22m[39mGoTrueClient@sb-bgxknceshxxifwytalex-auth-token:0 (2.93.3) 2026-02-02T15:19:54.917Z #_useSession end

[90mstdout[2m | tests/property/scoped-roles-processing-efficiency.test.ts[2m > [22m[2mProperty 10: Scoped Roles Processing Efficiency[2m > [22m[2mProperty 10.4: Role hierarchy cache should maintain 96%+ hit rate
[22m[39mGoTrueClient@sb-bgxknceshxxifwytalex-auth-token:0 (2.93.3) 2026-02-02T15:19:54.917Z #_acquireLock lock released for storage key sb-bgxknceshxxifwytalex-auth-token

[90mstdout[2m | tests/property/scoped-roles-processing-efficiency.test.ts[2m > [22m[2mProperty 10: Scoped Roles Processing Efficiency[2m > [22m[2mProperty 10.4: Role hierarchy cache should maintain 96%+ hit rate
[22m[39mGoTrueClient@sb-bgxknceshxxifwytalex-auth-token:0 (2.93.3) 2026-02-02T15:19:54.917Z #_acquireLock end

[90mstdout[2m | tests/property/scoped-roles-processing-efficiency.test.ts[2m > [22m[2mProperty 10: Scoped Roles Processing Efficiency[2m > [22m[2mProperty 10.4: Role hierarchy cache should maintain 96%+ hit rate
[22m[39mGoTrueClient@sb-bgxknceshxxifwytalex-auth-token:0 (2.93.3) 2026-02-02T15:19:54.937Z #_acquireLock begin [33m10000[39m
GoTrueClient@sb-bgxknceshxxifwytalex-auth-token:0 (2.93.3) 2026-02-02T15:19:54.937Z #_acquireLock lock acquired for storage key sb-bgxknceshxxifwytalex-auth-token
GoTrueClient@sb-bgxknceshxxifwytalex-auth-token:0 (2.93.3) 2026-02-02T15:19:54.937Z #_useSession begin
GoTrueClient@sb-bgxknceshxxifwytalex-auth-token:0 (2.93.3) 2026-02-02T15:19:54.937Z #__loadSession() begin

[90mstdout[2m | tests/property/scoped-roles-processing-efficiency.test.ts[2m > [22m[2mProperty 10: Scoped Roles Processing Efficiency[2m > [22m[2mProperty 10.4: Role hierarchy cache should maintain 96%+ hit rate
[22m[39mGoTrueClient@sb-bgxknceshxxifwytalex-auth-token:0 (2.93.3) 2026-02-02T15:19:54.937Z #getSession() session from storage [1mnull[22m
GoTrueClient@sb-bgxknceshxxifwytalex-auth-token:0 (2.93.3) 2026-02-02T15:19:54.937Z #__loadSession() end

[90mstdout[2m | tests/property/scoped-roles-processing-efficiency.test.ts[2m > [22m[2mProperty 10: Scoped Roles Processing Efficiency[2m > [22m[2mProperty 10.4: Role hierarchy cache should maintain 96%+ hit rate
[22m[39mGoTrueClient@sb-bgxknceshxxifwytalex-auth-token:0 (2.93.3) 2026-02-02T15:19:54.937Z #_useSession end

[90mstdout[2m | tests/property/scoped-roles-processing-efficiency.test.ts[2m > [22m[2mProperty 10: Scoped Roles Processing Efficiency[2m > [22m[2mProperty 10.4: Role hierarchy cache should maintain 96%+ hit rate
[22m[39mGoTrueClient@sb-bgxknceshxxifwytalex-auth-token:0 (2.93.3) 2026-02-02T15:19:54.937Z #_acquireLock lock released for storage key sb-bgxknceshxxifwytalex-auth-token

[90mstdout[2m | tests/property/scoped-roles-processing-efficiency.test.ts[2m > [22m[2mProperty 10: Scoped Roles Processing Efficiency[2m > [22m[2mProperty 10.4: Role hierarchy cache should maintain 96%+ hit rate
[22m[39mGoTrueClient@sb-bgxknceshxxifwytalex-auth-token:0 (2.93.3) 2026-02-02T15:19:54.938Z #_acquireLock end

stderr | tests/property/scoped-roles-processing-efficiency.test.ts > Property 10: Scoped Roles Processing Efficiency > Property 10.4: Role hierarchy cache should maintain 96%+ hit rate
Error fetching org roles: {
  code: 'PGRST200',
  details: "Searched for a foreign key relationship between 'org_roles' and 'user_profiles' in the schema 'public', but no matches were found.",
  hint: null,
  message: "Could not find a relationship between 'org_roles' and 'user_profiles' in the schema cache"
}

[90mstdout[2m | tests/property/scoped-roles-processing-efficiency.test.ts[2m > [22m[2mProperty 10: Scoped Roles Processing Efficiency[2m > [22m[2mProperty 10.4: Role hierarchy cache should maintain 96%+ hit rate
[22m[39mGoTrueClient@sb-bgxknceshxxifwytalex-auth-token:0 (2.93.3) 2026-02-02T15:19:54.969Z #_acquireLock begin [33m10000[39m
GoTrueClient@sb-bgxknceshxxifwytalex-auth-token:0 (2.93.3) 2026-02-02T15:19:54.969Z #_acquireLock lock acquired for storage key sb-bgxknceshxxifwytalex-auth-token
GoTrueClient@sb-bgxknceshxxifwytalex-auth-token:0 (2.93.3) 2026-02-02T15:19:54.969Z #_useSession begin
GoTrueClient@sb-bgxknceshxxifwytalex-auth-token:0 (2.93.3) 2026-02-02T15:19:54.969Z #__loadSession() begin

[90mstdout[2m | tests/property/scoped-roles-processing-efficiency.test.ts[2m > [22m[2mProperty 10: Scoped Roles Processing Efficiency[2m > [22m[2mProperty 10.4: Role hierarchy cache should maintain 96%+ hit rate
[22m[39mGoTrueClient@sb-bgxknceshxxifwytalex-auth-token:0 (2.93.3) 2026-02-02T15:19:54.969Z #getSession() session from storage [1mnull[22m
GoTrueClient@sb-bgxknceshxxifwytalex-auth-token:0 (2.93.3) 2026-02-02T15:19:54.969Z #__loadSession() end

[90mstdout[2m | tests/property/scoped-roles-processing-efficiency.test.ts[2m > [22m[2mProperty 10: Scoped Roles Processing Efficiency[2m > [22m[2mProperty 10.4: Role hierarchy cache should maintain 96%+ hit rate
[22m[39mGoTrueClient@sb-bgxknceshxxifwytalex-auth-token:0 (2.93.3) 2026-02-02T15:19:54.969Z #_useSession end

[90mstdout[2m | tests/property/scoped-roles-processing-efficiency.test.ts[2m > [22m[2mProperty 10: Scoped Roles Processing Efficiency[2m > [22m[2mProperty 10.4: Role hierarchy cache should maintain 96%+ hit rate
[22m[39mGoTrueClient@sb-bgxknceshxxifwytalex-auth-token:0 (2.93.3) 2026-02-02T15:19:54.969Z #_acquireLock lock released for storage key sb-bgxknceshxxifwytalex-auth-token

[90mstdout[2m | tests/property/scoped-roles-processing-efficiency.test.ts[2m > [22m[2mProperty 10: Scoped Roles Processing Efficiency[2m > [22m[2mProperty 10.4: Role hierarchy cache should maintain 96%+ hit rate
[22m[39mGoTrueClient@sb-bgxknceshxxifwytalex-auth-token:0 (2.93.3) 2026-02-02T15:19:54.969Z #_acquireLock end

stderr | tests/property/scoped-roles-processing-efficiency.test.ts > Property 10: Scoped Roles Processing Efficiency > Property 10.4: Role hierarchy cache should maintain 96%+ hit rate
Error fetching org roles: {
  code: 'PGRST200',
  details: "Searched for a foreign key relationship between 'org_roles' and 'user_profiles' in the schema 'public', but no matches were found.",
  hint: null,
  message: "Could not find a relationship between 'org_roles' and 'user_profiles' in the schema cache"
}

[90mstdout[2m | tests/property/scoped-roles-processing-efficiency.test.ts[2m > [22m[2mProperty 10: Scoped Roles Processing Efficiency[2m > [22m[2mProperty 10.4: Role hierarchy cache should maintain 96%+ hit rate
[22m[39mGoTrueClient@sb-bgxknceshxxifwytalex-auth-token:0 (2.93.3) 2026-02-02T15:19:55.120Z #_acquireLock begin [33m10000[39m
GoTrueClient@sb-bgxknceshxxifwytalex-auth-token:0 (2.93.3) 2026-02-02T15:19:55.120Z #_acquireLock lock acquired for storage key sb-bgxknceshxxifwytalex-auth-token
GoTrueClient@sb-bgxknceshxxifwytalex-auth-token:0 (2.93.3) 2026-02-02T15:19:55.120Z #_useSession begin
GoTrueClient@sb-bgxknceshxxifwytalex-auth-token:0 (2.93.3) 2026-02-02T15:19:55.120Z #__loadSession() begin

[90mstdout[2m | tests/property/scoped-roles-processing-efficiency.test.ts[2m > [22m[2mProperty 10: Scoped Roles Processing Efficiency[2m > [22m[2mProperty 10.4: Role hierarchy cache should maintain 96%+ hit rate
[22m[39mGoTrueClient@sb-bgxknceshxxifwytalex-auth-token:0 (2.93.3) 2026-02-02T15:19:55.121Z #getSession() session from storage [1mnull[22m
GoTrueClient@sb-bgxknceshxxifwytalex-auth-token:0 (2.93.3) 2026-02-02T15:19:55.121Z #__loadSession() end

[90mstdout[2m | tests/property/scoped-roles-processing-efficiency.test.ts[2m > [22m[2mProperty 10: Scoped Roles Processing Efficiency[2m > [22m[2mProperty 10.4: Role hierarchy cache should maintain 96%+ hit rate
[22m[39mGoTrueClient@sb-bgxknceshxxifwytalex-auth-token:0 (2.93.3) 2026-02-02T15:19:55.121Z #_useSession end

[90mstdout[2m | tests/property/scoped-roles-processing-efficiency.test.ts[2m > [22m[2mProperty 10: Scoped Roles Processing Efficiency[2m > [22m[2mProperty 10.4: Role hierarchy cache should maintain 96%+ hit rate
[22m[39mGoTrueClient@sb-bgxknceshxxifwytalex-auth-token:0 (2.93.3) 2026-02-02T15:19:55.121Z #_acquireLock lock released for storage key sb-bgxknceshxxifwytalex-auth-token

[90mstdout[2m | tests/property/scoped-roles-processing-efficiency.test.ts[2m > [22m[2mProperty 10: Scoped Roles Processing Efficiency[2m > [22m[2mProperty 10.4: Role hierarchy cache should maintain 96%+ hit rate
[22m[39mGoTrueClient@sb-bgxknceshxxifwytalex-auth-token:0 (2.93.3) 2026-02-02T15:19:55.121Z #_acquireLock end

stderr | tests/property/scoped-roles-processing-efficiency.test.ts > Property 10: Scoped Roles Processing Efficiency > Property 10.4: Role hierarchy cache should maintain 96%+ hit rate
Error fetching project roles: {
  code: 'PGRST200',
  details: "Searched for a foreign key relationship between 'project_roles' and 'user_profiles' in the schema 'public', but no matches were found.",
  hint: null,
  message: "Could not find a relationship between 'project_roles' and 'user_profiles' in the schema cache"
}

[90mstdout[2m | tests/property/scoped-roles-processing-efficiency.test.ts[2m > [22m[2mProperty 10: Scoped Roles Processing Efficiency[2m > [22m[2mProperty 10.4: Role hierarchy cache should maintain 96%+ hit rate
[22m[39mGoTrueClient@sb-bgxknceshxxifwytalex-auth-token:0 (2.93.3) 2026-02-02T15:19:55.125Z #_acquireLock begin [33m10000[39m
GoTrueClient@sb-bgxknceshxxifwytalex-auth-token:0 (2.93.3) 2026-02-02T15:19:55.125Z #_acquireLock lock acquired for storage key sb-bgxknceshxxifwytalex-auth-token
GoTrueClient@sb-bgxknceshxxifwytalex-auth-token:0 (2.93.3) 2026-02-02T15:19:55.125Z #_useSession begin
GoTrueClient@sb-bgxknceshxxifwytalex-auth-token:0 (2.93.3) 2026-02-02T15:19:55.125Z #__loadSession() begin

[90mstdout[2m | tests/property/scoped-roles-processing-efficiency.test.ts[2m > [22m[2mProperty 10: Scoped Roles Processing Efficiency[2m > [22m[2mProperty 10.4: Role hierarchy cache should maintain 96%+ hit rate
[22m[39mGoTrueClient@sb-bgxknceshxxifwytalex-auth-token:0 (2.93.3) 2026-02-02T15:19:55.125Z #getSession() session from storage [1mnull[22m
GoTrueClient@sb-bgxknceshxxifwytalex-auth-token:0 (2.93.3) 2026-02-02T15:19:55.125Z #__loadSession() end

[90mstdout[2m | tests/property/scoped-roles-processing-efficiency.test.ts[2m > [22m[2mProperty 10: Scoped Roles Processing Efficiency[2m > [22m[2mProperty 10.4: Role hierarchy cache should maintain 96%+ hit rate
[22m[39mGoTrueClient@sb-bgxknceshxxifwytalex-auth-token:0 (2.93.3) 2026-02-02T15:19:55.125Z #_useSession end

[90mstdout[2m | tests/property/scoped-roles-processing-efficiency.test.ts[2m > [22m[2mProperty 10: Scoped Roles Processing Efficiency[2m > [22m[2mProperty 10.4: Role hierarchy cache should maintain 96%+ hit rate
[22m[39mGoTrueClient@sb-bgxknceshxxifwytalex-auth-token:0 (2.93.3) 2026-02-02T15:19:55.125Z #_acquireLock lock released for storage key sb-bgxknceshxxifwytalex-auth-token

[90mstdout[2m | tests/property/scoped-roles-processing-efficiency.test.ts[2m > [22m[2mProperty 10: Scoped Roles Processing Efficiency[2m > [22m[2mProperty 10.4: Role hierarchy cache should maintain 96%+ hit rate
[22m[39mGoTrueClient@sb-bgxknceshxxifwytalex-auth-token:0 (2.93.3) 2026-02-02T15:19:55.126Z #_acquireLock end

[90mstdout[2m | tests/property/scoped-roles-processing-efficiency.test.ts[2m > [22m[2mProperty 10: Scoped Roles Processing Efficiency[2m > [22m[2mProperty 10.4: Role hierarchy cache should maintain 96%+ hit rate
[22m[39mGoTrueClient@sb-bgxknceshxxifwytalex-auth-token:0 (2.93.3) 2026-02-02T15:19:55.147Z #_acquireLock begin [33m10000[39m
GoTrueClient@sb-bgxknceshxxifwytalex-auth-token:0 (2.93.3) 2026-02-02T15:19:55.147Z #_acquireLock lock acquired for storage key sb-bgxknceshxxifwytalex-auth-token
GoTrueClient@sb-bgxknceshxxifwytalex-auth-token:0 (2.93.3) 2026-02-02T15:19:55.147Z #_useSession begin
GoTrueClient@sb-bgxknceshxxifwytalex-auth-token:0 (2.93.3) 2026-02-02T15:19:55.147Z #__loadSession() begin

[90mstdout[2m | tests/property/scoped-roles-processing-efficiency.test.ts[2m > [22m[2mProperty 10: Scoped Roles Processing Efficiency[2m > [22m[2mProperty 10.4: Role hierarchy cache should maintain 96%+ hit rate
[22m[39mGoTrueClient@sb-bgxknceshxxifwytalex-auth-token:0 (2.93.3) 2026-02-02T15:19:55.148Z #getSession() session from storage [1mnull[22m
GoTrueClient@sb-bgxknceshxxifwytalex-auth-token:0 (2.93.3) 2026-02-02T15:19:55.148Z #__loadSession() end

[90mstdout[2m | tests/property/scoped-roles-processing-efficiency.test.ts[2m > [22m[2mProperty 10: Scoped Roles Processing Efficiency[2m > [22m[2mProperty 10.4: Role hierarchy cache should maintain 96%+ hit rate
[22m[39mGoTrueClient@sb-bgxknceshxxifwytalex-auth-token:0 (2.93.3) 2026-02-02T15:19:55.148Z #_useSession end

[90mstdout[2m | tests/property/scoped-roles-processing-efficiency.test.ts[2m > [22m[2mProperty 10: Scoped Roles Processing Efficiency[2m > [22m[2mProperty 10.4: Role hierarchy cache should maintain 96%+ hit rate
[22m[39mGoTrueClient@sb-bgxknceshxxifwytalex-auth-token:0 (2.93.3) 2026-02-02T15:19:55.148Z #_acquireLock lock released for storage key sb-bgxknceshxxifwytalex-auth-token

[90mstdout[2m | tests/property/scoped-roles-processing-efficiency.test.ts[2m > [22m[2mProperty 10: Scoped Roles Processing Efficiency[2m > [22m[2mProperty 10.4: Role hierarchy cache should maintain 96%+ hit rate
[22m[39mGoTrueClient@sb-bgxknceshxxifwytalex-auth-token:0 (2.93.3) 2026-02-02T15:19:55.148Z #_acquireLock end

stderr | tests/property/scoped-roles-processing-efficiency.test.ts > Property 10: Scoped Roles Processing Efficiency > Property 10.4: Role hierarchy cache should maintain 96%+ hit rate
Error fetching org roles: {
  code: 'PGRST200',
  details: "Searched for a foreign key relationship between 'org_roles' and 'user_profiles' in the schema 'public', but no matches were found.",
  hint: null,
  message: "Could not find a relationship between 'org_roles' and 'user_profiles' in the schema cache"
}

[90mstdout[2m | tests/property/scoped-roles-processing-efficiency.test.ts[2m > [22m[2mProperty 10: Scoped Roles Processing Efficiency[2m > [22m[2mProperty 10.4: Role hierarchy cache should maintain 96%+ hit rate
[22m[39mGoTrueClient@sb-bgxknceshxxifwytalex-auth-token:0 (2.93.3) 2026-02-02T15:19:55.201Z #_acquireLock begin [33m10000[39m
GoTrueClient@sb-bgxknceshxxifwytalex-auth-token:0 (2.93.3) 2026-02-02T15:19:55.201Z #_acquireLock lock acquired for storage key sb-bgxknceshxxifwytalex-auth-token
GoTrueClient@sb-bgxknceshxxifwytalex-auth-token:0 (2.93.3) 2026-02-02T15:19:55.201Z #_useSession begin
GoTrueClient@sb-bgxknceshxxifwytalex-auth-token:0 (2.93.3) 2026-02-02T15:19:55.201Z #__loadSession() begin

[90mstdout[2m | tests/property/scoped-roles-processing-efficiency.test.ts[2m > [22m[2mProperty 10: Scoped Roles Processing Efficiency[2m > [22m[2mProperty 10.4: Role hierarchy cache should maintain 96%+ hit rate
[22m[39mGoTrueClient@sb-bgxknceshxxifwytalex-auth-token:0 (2.93.3) 2026-02-02T15:19:55.201Z #getSession() session from storage [1mnull[22m
GoTrueClient@sb-bgxknceshxxifwytalex-auth-token:0 (2.93.3) 2026-02-02T15:19:55.201Z #__loadSession() end

[90mstdout[2m | tests/property/scoped-roles-processing-efficiency.test.ts[2m > [22m[2mProperty 10: Scoped Roles Processing Efficiency[2m > [22m[2mProperty 10.4: Role hierarchy cache should maintain 96%+ hit rate
[22m[39mGoTrueClient@sb-bgxknceshxxifwytalex-auth-token:0 (2.93.3) 2026-02-02T15:19:55.202Z #_useSession end

[90mstdout[2m | tests/property/scoped-roles-processing-efficiency.test.ts[2m > [22m[2mProperty 10: Scoped Roles Processing Efficiency[2m > [22m[2mProperty 10.4: Role hierarchy cache should maintain 96%+ hit rate
[22m[39mGoTrueClient@sb-bgxknceshxxifwytalex-auth-token:0 (2.93.3) 2026-02-02T15:19:55.202Z #_acquireLock lock released for storage key sb-bgxknceshxxifwytalex-auth-token

[90mstdout[2m | tests/property/scoped-roles-processing-efficiency.test.ts[2m > [22m[2mProperty 10: Scoped Roles Processing Efficiency[2m > [22m[2mProperty 10.4: Role hierarchy cache should maintain 96%+ hit rate
[22m[39mGoTrueClient@sb-bgxknceshxxifwytalex-auth-token:0 (2.93.3) 2026-02-02T15:19:55.202Z #_acquireLock end

[90mstdout[2m | tests/property/scoped-roles-processing-efficiency.test.ts[2m > [22m[2mProperty 10: Scoped Roles Processing Efficiency[2m > [22m[2mProperty 10.4: Role hierarchy cache should maintain 96%+ hit rate
[22m[39mGoTrueClient@sb-bgxknceshxxifwytalex-auth-token:0 (2.93.3) 2026-02-02T15:19:55.329Z #_acquireLock begin [33m10000[39m
GoTrueClient@sb-bgxknceshxxifwytalex-auth-token:0 (2.93.3) 2026-02-02T15:19:55.329Z #_acquireLock lock acquired for storage key sb-bgxknceshxxifwytalex-auth-token
GoTrueClient@sb-bgxknceshxxifwytalex-auth-token:0 (2.93.3) 2026-02-02T15:19:55.329Z #_useSession begin
GoTrueClient@sb-bgxknceshxxifwytalex-auth-token:0 (2.93.3) 2026-02-02T15:19:55.329Z #__loadSession() begin

[90mstdout[2m | tests/property/scoped-roles-processing-efficiency.test.ts[2m > [22m[2mProperty 10: Scoped Roles Processing Efficiency[2m > [22m[2mProperty 10.4: Role hierarchy cache should maintain 96%+ hit rate
[22m[39mGoTrueClient@sb-bgxknceshxxifwytalex-auth-token:0 (2.93.3) 2026-02-02T15:19:55.330Z #getSession() session from storage [1mnull[22m
GoTrueClient@sb-bgxknceshxxifwytalex-auth-token:0 (2.93.3) 2026-02-02T15:19:55.330Z #__loadSession() end

[90mstdout[2m | tests/property/scoped-roles-processing-efficiency.test.ts[2m > [22m[2mProperty 10: Scoped Roles Processing Efficiency[2m > [22m[2mProperty 10.4: Role hierarchy cache should maintain 96%+ hit rate
[22m[39mGoTrueClient@sb-bgxknceshxxifwytalex-auth-token:0 (2.93.3) 2026-02-02T15:19:55.330Z #_useSession end

[90mstdout[2m | tests/property/scoped-roles-processing-efficiency.test.ts[2m > [22m[2mProperty 10: Scoped Roles Processing Efficiency[2m > [22m[2mProperty 10.4: Role hierarchy cache should maintain 96%+ hit rate
[22m[39mGoTrueClient@sb-bgxknceshxxifwytalex-auth-token:0 (2.93.3) 2026-02-02T15:19:55.330Z #_acquireLock lock released for storage key sb-bgxknceshxxifwytalex-auth-token

[90mstdout[2m | tests/property/scoped-roles-processing-efficiency.test.ts[2m > [22m[2mProperty 10: Scoped Roles Processing Efficiency[2m > [22m[2mProperty 10.4: Role hierarchy cache should maintain 96%+ hit rate
[22m[39mGoTrueClient@sb-bgxknceshxxifwytalex-auth-token:0 (2.93.3) 2026-02-02T15:19:55.330Z #_acquireLock end

stderr | tests/property/scoped-roles-processing-efficiency.test.ts > Property 10: Scoped Roles Processing Efficiency > Property 10.4: Role hierarchy cache should maintain 96%+ hit rate
Error fetching project roles: {
  code: 'PGRST200',
  details: "Searched for a foreign key relationship between 'project_roles' and 'user_profiles' in the schema 'public', but no matches were found.",
  hint: null,
  message: "Could not find a relationship between 'project_roles' and 'user_profiles' in the schema cache"
}

[90mstdout[2m | tests/property/scoped-roles-processing-efficiency.test.ts[2m > [22m[2mProperty 10: Scoped Roles Processing Efficiency[2m > [22m[2mProperty 10.4: Role hierarchy cache should maintain 96%+ hit rate
[22m[39mGoTrueClient@sb-bgxknceshxxifwytalex-auth-token:0 (2.93.3) 2026-02-02T15:19:55.340Z #_acquireLock begin [33m10000[39m
GoTrueClient@sb-bgxknceshxxifwytalex-auth-token:0 (2.93.3) 2026-02-02T15:19:55.340Z #_acquireLock lock acquired for storage key sb-bgxknceshxxifwytalex-auth-token
GoTrueClient@sb-bgxknceshxxifwytalex-auth-token:0 (2.93.3) 2026-02-02T15:19:55.340Z #_useSession begin
GoTrueClient@sb-bgxknceshxxifwytalex-auth-token:0 (2.93.3) 2026-02-02T15:19:55.340Z #__loadSession() begin

[90mstdout[2m | tests/property/scoped-roles-processing-efficiency.test.ts[2m > [22m[2mProperty 10: Scoped Roles Processing Efficiency[2m > [22m[2mProperty 10.4: Role hierarchy cache should maintain 96%+ hit rate
[22m[39mGoTrueClient@sb-bgxknceshxxifwytalex-auth-token:0 (2.93.3) 2026-02-02T15:19:55.341Z #getSession() session from storage [1mnull[22m
GoTrueClient@sb-bgxknceshxxifwytalex-auth-token:0 (2.93.3) 2026-02-02T15:19:55.341Z #__loadSession() end

[90mstdout[2m | tests/property/scoped-roles-processing-efficiency.test.ts[2m > [22m[2mProperty 10: Scoped Roles Processing Efficiency[2m > [22m[2mProperty 10.4: Role hierarchy cache should maintain 96%+ hit rate
[22m[39mGoTrueClient@sb-bgxknceshxxifwytalex-auth-token:0 (2.93.3) 2026-02-02T15:19:55.341Z #_useSession end

[90mstdout[2m | tests/property/scoped-roles-processing-efficiency.test.ts[2m > [22m[2mProperty 10: Scoped Roles Processing Efficiency[2m > [22m[2mProperty 10.4: Role hierarchy cache should maintain 96%+ hit rate
[22m[39mGoTrueClient@sb-bgxknceshxxifwytalex-auth-token:0 (2.93.3) 2026-02-02T15:19:55.341Z #_acquireLock lock released for storage key sb-bgxknceshxxifwytalex-auth-token

[90mstdout[2m | tests/property/scoped-roles-processing-efficiency.test.ts[2m > [22m[2mProperty 10: Scoped Roles Processing Efficiency[2m > [22m[2mProperty 10.4: Role hierarchy cache should maintain 96%+ hit rate
[22m[39mGoTrueClient@sb-bgxknceshxxifwytalex-auth-token:0 (2.93.3) 2026-02-02T15:19:55.341Z #_acquireLock end

[90mstdout[2m | tests/property/scoped-roles-processing-efficiency.test.ts[2m > [22m[2mProperty 10: Scoped Roles Processing Efficiency[2m > [22m[2mProperty 10.4: Role hierarchy cache should maintain 96%+ hit rate
[22m[39mGoTrueClient@sb-bgxknceshxxifwytalex-auth-token:0 (2.93.3) 2026-02-02T15:19:55.376Z #_acquireLock begin [33m10000[39m
GoTrueClient@sb-bgxknceshxxifwytalex-auth-token:0 (2.93.3) 2026-02-02T15:19:55.376Z #_acquireLock lock acquired for storage key sb-bgxknceshxxifwytalex-auth-token
GoTrueClient@sb-bgxknceshxxifwytalex-auth-token:0 (2.93.3) 2026-02-02T15:19:55.376Z #_useSession begin
GoTrueClient@sb-bgxknceshxxifwytalex-auth-token:0 (2.93.3) 2026-02-02T15:19:55.376Z #__loadSession() begin

[90mstdout[2m | tests/property/scoped-roles-processing-efficiency.test.ts[2m > [22m[2mProperty 10: Scoped Roles Processing Efficiency[2m > [22m[2mProperty 10.4: Role hierarchy cache should maintain 96%+ hit rate
[22m[39mGoTrueClient@sb-bgxknceshxxifwytalex-auth-token:0 (2.93.3) 2026-02-02T15:19:55.376Z #getSession() session from storage [1mnull[22m
GoTrueClient@sb-bgxknceshxxifwytalex-auth-token:0 (2.93.3) 2026-02-02T15:19:55.377Z #__loadSession() end

[90mstdout[2m | tests/property/scoped-roles-processing-efficiency.test.ts[2m > [22m[2mProperty 10: Scoped Roles Processing Efficiency[2m > [22m[2mProperty 10.4: Role hierarchy cache should maintain 96%+ hit rate
[22m[39mGoTrueClient@sb-bgxknceshxxifwytalex-auth-token:0 (2.93.3) 2026-02-02T15:19:55.377Z #_useSession end

[90mstdout[2m | tests/property/scoped-roles-processing-efficiency.test.ts[2m > [22m[2mProperty 10: Scoped Roles Processing Efficiency[2m > [22m[2mProperty 10.4: Role hierarchy cache should maintain 96%+ hit rate
[22m[39mGoTrueClient@sb-bgxknceshxxifwytalex-auth-token:0 (2.93.3) 2026-02-02T15:19:55.377Z #_acquireLock lock released for storage key sb-bgxknceshxxifwytalex-auth-token

[90mstdout[2m | tests/property/scoped-roles-processing-efficiency.test.ts[2m > [22m[2mProperty 10: Scoped Roles Processing Efficiency[2m > [22m[2mProperty 10.4: Role hierarchy cache should maintain 96%+ hit rate
[22m[39mGoTrueClient@sb-bgxknceshxxifwytalex-auth-token:0 (2.93.3) 2026-02-02T15:19:55.377Z #_acquireLock end

stderr | tests/property/scoped-roles-processing-efficiency.test.ts > Property 10: Scoped Roles Processing Efficiency > Property 10.4: Role hierarchy cache should maintain 96%+ hit rate
Error fetching org roles: {
  code: 'PGRST200',
  details: "Searched for a foreign key relationship between 'org_roles' and 'user_profiles' in the schema 'public', but no matches were found.",
  hint: null,
  message: "Could not find a relationship between 'org_roles' and 'user_profiles' in the schema cache"
}

[90mstdout[2m | tests/property/scoped-roles-processing-efficiency.test.ts[2m > [22m[2mProperty 10: Scoped Roles Processing Efficiency[2m > [22m[2mProperty 10.4: Role hierarchy cache should maintain 96%+ hit rate
[22m[39mGoTrueClient@sb-bgxknceshxxifwytalex-auth-token:0 (2.93.3) 2026-02-02T15:19:55.417Z #_acquireLock begin [33m10000[39m
GoTrueClient@sb-bgxknceshxxifwytalex-auth-token:0 (2.93.3) 2026-02-02T15:19:55.417Z #_acquireLock lock acquired for storage key sb-bgxknceshxxifwytalex-auth-token
GoTrueClient@sb-bgxknceshxxifwytalex-auth-token:0 (2.93.3) 2026-02-02T15:19:55.417Z #_useSession begin
GoTrueClient@sb-bgxknceshxxifwytalex-auth-token:0 (2.93.3) 2026-02-02T15:19:55.417Z #__loadSession() begin

[90mstdout[2m | tests/property/scoped-roles-processing-efficiency.test.ts[2m > [22m[2mProperty 10: Scoped Roles Processing Efficiency[2m > [22m[2mProperty 10.4: Role hierarchy cache should maintain 96%+ hit rate
[22m[39mGoTrueClient@sb-bgxknceshxxifwytalex-auth-token:0 (2.93.3) 2026-02-02T15:19:55.417Z #getSession() session from storage [1mnull[22m
GoTrueClient@sb-bgxknceshxxifwytalex-auth-token:0 (2.93.3) 2026-02-02T15:19:55.417Z #__loadSession() end

[90mstdout[2m | tests/property/scoped-roles-processing-efficiency.test.ts[2m > [22m[2mProperty 10: Scoped Roles Processing Efficiency[2m > [22m[2mProperty 10.4: Role hierarchy cache should maintain 96%+ hit rate
[22m[39mGoTrueClient@sb-bgxknceshxxifwytalex-auth-token:0 (2.93.3) 2026-02-02T15:19:55.417Z #_useSession end

[90mstdout[2m | tests/property/scoped-roles-processing-efficiency.test.ts[2m > [22m[2mProperty 10: Scoped Roles Processing Efficiency[2m > [22m[2mProperty 10.4: Role hierarchy cache should maintain 96%+ hit rate
[22m[39mGoTrueClient@sb-bgxknceshxxifwytalex-auth-token:0 (2.93.3) 2026-02-02T15:19:55.417Z #_acquireLock lock released for storage key sb-bgxknceshxxifwytalex-auth-token

[90mstdout[2m | tests/property/scoped-roles-processing-efficiency.test.ts[2m > [22m[2mProperty 10: Scoped Roles Processing Efficiency[2m > [22m[2mProperty 10.4: Role hierarchy cache should maintain 96%+ hit rate
[22m[39mGoTrueClient@sb-bgxknceshxxifwytalex-auth-token:0 (2.93.3) 2026-02-02T15:19:55.417Z #_acquireLock end

stderr | tests/property/scoped-roles-processing-efficiency.test.ts > Property 10: Scoped Roles Processing Efficiency > Property 10.4: Role hierarchy cache should maintain 96%+ hit rate
Error fetching project roles: {
  code: 'PGRST200',
  details: "Searched for a foreign key relationship between 'project_roles' and 'user_profiles' in the schema 'public', but no matches were found.",
  hint: null,
  message: "Could not find a relationship between 'project_roles' and 'user_profiles' in the schema cache"
}

[90mstdout[2m | tests/property/scoped-roles-processing-efficiency.test.ts[2m > [22m[2mProperty 10: Scoped Roles Processing Efficiency[2m > [22m[2mProperty 10.4: Role hierarchy cache should maintain 96%+ hit rate
[22m[39mGoTrueClient@sb-bgxknceshxxifwytalex-auth-token:0 (2.93.3) 2026-02-02T15:19:55.530Z #_acquireLock begin [33m10000[39m
GoTrueClient@sb-bgxknceshxxifwytalex-auth-token:0 (2.93.3) 2026-02-02T15:19:55.530Z #_acquireLock lock acquired for storage key sb-bgxknceshxxifwytalex-auth-token
GoTrueClient@sb-bgxknceshxxifwytalex-auth-token:0 (2.93.3) 2026-02-02T15:19:55.530Z #_useSession begin
GoTrueClient@sb-bgxknceshxxifwytalex-auth-token:0 (2.93.3) 2026-02-02T15:19:55.530Z #__loadSession() begin

[90mstdout[2m | tests/property/scoped-roles-processing-efficiency.test.ts[2m > [22m[2mProperty 10: Scoped Roles Processing Efficiency[2m > [22m[2mProperty 10.4: Role hierarchy cache should maintain 96%+ hit rate
[22m[39mGoTrueClient@sb-bgxknceshxxifwytalex-auth-token:0 (2.93.3) 2026-02-02T15:19:55.530Z #getSession() session from storage [1mnull[22m
GoTrueClient@sb-bgxknceshxxifwytalex-auth-token:0 (2.93.3) 2026-02-02T15:19:55.530Z #__loadSession() end

[90mstdout[2m | tests/property/scoped-roles-processing-efficiency.test.ts[2m > [22m[2mProperty 10: Scoped Roles Processing Efficiency[2m > [22m[2mProperty 10.4: Role hierarchy cache should maintain 96%+ hit rate
[22m[39mGoTrueClient@sb-bgxknceshxxifwytalex-auth-token:0 (2.93.3) 2026-02-02T15:19:55.530Z #_useSession end

[90mstdout[2m | tests/property/scoped-roles-processing-efficiency.test.ts[2m > [22m[2mProperty 10: Scoped Roles Processing Efficiency[2m > [22m[2mProperty 10.4: Role hierarchy cache should maintain 96%+ hit rate
[22m[39mGoTrueClient@sb-bgxknceshxxifwytalex-auth-token:0 (2.93.3) 2026-02-02T15:19:55.530Z #_acquireLock lock released for storage key sb-bgxknceshxxifwytalex-auth-token

[90mstdout[2m | tests/property/scoped-roles-processing-efficiency.test.ts[2m > [22m[2mProperty 10: Scoped Roles Processing Efficiency[2m > [22m[2mProperty 10.4: Role hierarchy cache should maintain 96%+ hit rate
[22m[39mGoTrueClient@sb-bgxknceshxxifwytalex-auth-token:0 (2.93.3) 2026-02-02T15:19:55.530Z #_acquireLock end

stderr | tests/property/scoped-roles-processing-efficiency.test.ts > Property 10: Scoped Roles Processing Efficiency > Property 10.4: Role hierarchy cache should maintain 96%+ hit rate
Error fetching project roles: {
  code: 'PGRST200',
  details: "Searched for a foreign key relationship between 'project_roles' and 'user_profiles' in the schema 'public', but no matches were found.",
  hint: null,
  message: "Could not find a relationship between 'project_roles' and 'user_profiles' in the schema cache"
}

[90mstdout[2m | tests/property/scoped-roles-processing-efficiency.test.ts[2m > [22m[2mProperty 10: Scoped Roles Processing Efficiency[2m > [22m[2mProperty 10.4: Role hierarchy cache should maintain 96%+ hit rate
[22m[39mGoTrueClient@sb-bgxknceshxxifwytalex-auth-token:0 (2.93.3) 2026-02-02T15:19:55.558Z #_acquireLock begin [33m10000[39m
GoTrueClient@sb-bgxknceshxxifwytalex-auth-token:0 (2.93.3) 2026-02-02T15:19:55.559Z #_acquireLock lock acquired for storage key sb-bgxknceshxxifwytalex-auth-token
GoTrueClient@sb-bgxknceshxxifwytalex-auth-token:0 (2.93.3) 2026-02-02T15:19:55.559Z #_useSession begin
GoTrueClient@sb-bgxknceshxxifwytalex-auth-token:0 (2.93.3) 2026-02-02T15:19:55.559Z #__loadSession() begin

[90mstdout[2m | tests/property/scoped-roles-processing-efficiency.test.ts[2m > [22m[2mProperty 10: Scoped Roles Processing Efficiency[2m > [22m[2mProperty 10.4: Role hierarchy cache should maintain 96%+ hit rate
[22m[39mGoTrueClient@sb-bgxknceshxxifwytalex-auth-token:0 (2.93.3) 2026-02-02T15:19:55.559Z #getSession() session from storage [1mnull[22m
GoTrueClient@sb-bgxknceshxxifwytalex-auth-token:0 (2.93.3) 2026-02-02T15:19:55.559Z #__loadSession() end

[90mstdout[2m | tests/property/scoped-roles-processing-efficiency.test.ts[2m > [22m[2mProperty 10: Scoped Roles Processing Efficiency[2m > [22m[2mProperty 10.4: Role hierarchy cache should maintain 96%+ hit rate
[22m[39mGoTrueClient@sb-bgxknceshxxifwytalex-auth-token:0 (2.93.3) 2026-02-02T15:19:55.559Z #_useSession end

[90mstdout[2m | tests/property/scoped-roles-processing-efficiency.test.ts[2m > [22m[2mProperty 10: Scoped Roles Processing Efficiency[2m > [22m[2mProperty 10.4: Role hierarchy cache should maintain 96%+ hit rate
[22m[39mGoTrueClient@sb-bgxknceshxxifwytalex-auth-token:0 (2.93.3) 2026-02-02T15:19:55.559Z #_acquireLock lock released for storage key sb-bgxknceshxxifwytalex-auth-token

[90mstdout[2m | tests/property/scoped-roles-processing-efficiency.test.ts[2m > [22m[2mProperty 10: Scoped Roles Processing Efficiency[2m > [22m[2mProperty 10.4: Role hierarchy cache should maintain 96%+ hit rate
[22m[39mGoTrueClient@sb-bgxknceshxxifwytalex-auth-token:0 (2.93.3) 2026-02-02T15:19:55.559Z #_acquireLock end

[90mstdout[2m | tests/property/scoped-roles-processing-efficiency.test.ts[2m > [22m[2mProperty 10: Scoped Roles Processing Efficiency[2m > [22m[2mProperty 10.4: Role hierarchy cache should maintain 96%+ hit rate
[22m[39mGoTrueClient@sb-bgxknceshxxifwytalex-auth-token:0 (2.93.3) 2026-02-02T15:19:55.583Z #_acquireLock begin [33m10000[39m
GoTrueClient@sb-bgxknceshxxifwytalex-auth-token:0 (2.93.3) 2026-02-02T15:19:55.583Z #_acquireLock lock acquired for storage key sb-bgxknceshxxifwytalex-auth-token
GoTrueClient@sb-bgxknceshxxifwytalex-auth-token:0 (2.93.3) 2026-02-02T15:19:55.583Z #_useSession begin
GoTrueClient@sb-bgxknceshxxifwytalex-auth-token:0 (2.93.3) 2026-02-02T15:19:55.583Z #__loadSession() begin

[90mstdout[2m | tests/property/scoped-roles-processing-efficiency.test.ts[2m > [22m[2mProperty 10: Scoped Roles Processing Efficiency[2m > [22m[2mProperty 10.4: Role hierarchy cache should maintain 96%+ hit rate
[22m[39mGoTrueClient@sb-bgxknceshxxifwytalex-auth-token:0 (2.93.3) 2026-02-02T15:19:55.584Z #getSession() session from storage [1mnull[22m
GoTrueClient@sb-bgxknceshxxifwytalex-auth-token:0 (2.93.3) 2026-02-02T15:19:55.584Z #__loadSession() end

[90mstdout[2m | tests/property/scoped-roles-processing-efficiency.test.ts[2m > [22m[2mProperty 10: Scoped Roles Processing Efficiency[2m > [22m[2mProperty 10.4: Role hierarchy cache should maintain 96%+ hit rate
[22m[39mGoTrueClient@sb-bgxknceshxxifwytalex-auth-token:0 (2.93.3) 2026-02-02T15:19:55.584Z #_useSession end

[90mstdout[2m | tests/property/scoped-roles-processing-efficiency.test.ts[2m > [22m[2mProperty 10: Scoped Roles Processing Efficiency[2m > [22m[2mProperty 10.4: Role hierarchy cache should maintain 96%+ hit rate
[22m[39mGoTrueClient@sb-bgxknceshxxifwytalex-auth-token:0 (2.93.3) 2026-02-02T15:19:55.584Z #_acquireLock lock released for storage key sb-bgxknceshxxifwytalex-auth-token

[90mstdout[2m | tests/property/scoped-roles-processing-efficiency.test.ts[2m > [22m[2mProperty 10: Scoped Roles Processing Efficiency[2m > [22m[2mProperty 10.4: Role hierarchy cache should maintain 96%+ hit rate
[22m[39mGoTrueClient@sb-bgxknceshxxifwytalex-auth-token:0 (2.93.3) 2026-02-02T15:19:55.584Z #_acquireLock end

stderr | tests/property/scoped-roles-processing-efficiency.test.ts > Property 10: Scoped Roles Processing Efficiency > Property 10.4: Role hierarchy cache should maintain 96%+ hit rate
Error fetching org roles: {
  code: 'PGRST200',
  details: "Searched for a foreign key relationship between 'org_roles' and 'user_profiles' in the schema 'public', but no matches were found.",
  hint: null,
  message: "Could not find a relationship between 'org_roles' and 'user_profiles' in the schema cache"
}

[90mstdout[2m | tests/property/scoped-roles-processing-efficiency.test.ts[2m > [22m[2mProperty 10: Scoped Roles Processing Efficiency[2m > [22m[2mProperty 10.4: Role hierarchy cache should maintain 96%+ hit rate
[22m[39mGoTrueClient@sb-bgxknceshxxifwytalex-auth-token:0 (2.93.3) 2026-02-02T15:19:55.633Z #_acquireLock begin [33m10000[39m
GoTrueClient@sb-bgxknceshxxifwytalex-auth-token:0 (2.93.3) 2026-02-02T15:19:55.633Z #_acquireLock lock acquired for storage key sb-bgxknceshxxifwytalex-auth-token
GoTrueClient@sb-bgxknceshxxifwytalex-auth-token:0 (2.93.3) 2026-02-02T15:19:55.633Z #_useSession begin
GoTrueClient@sb-bgxknceshxxifwytalex-auth-token:0 (2.93.3) 2026-02-02T15:19:55.633Z #__loadSession() begin

[90mstdout[2m | tests/property/scoped-roles-processing-efficiency.test.ts[2m > [22m[2mProperty 10: Scoped Roles Processing Efficiency[2m > [22m[2mProperty 10.4: Role hierarchy cache should maintain 96%+ hit rate
[22m[39mGoTrueClient@sb-bgxknceshxxifwytalex-auth-token:0 (2.93.3) 2026-02-02T15:19:55.633Z #getSession() session from storage [1mnull[22m
GoTrueClient@sb-bgxknceshxxifwytalex-auth-token:0 (2.93.3) 2026-02-02T15:19:55.633Z #__loadSession() end

[90mstdout[2m | tests/property/scoped-roles-processing-efficiency.test.ts[2m > [22m[2mProperty 10: Scoped Roles Processing Efficiency[2m > [22m[2mProperty 10.4: Role hierarchy cache should maintain 96%+ hit rate
[22m[39mGoTrueClient@sb-bgxknceshxxifwytalex-auth-token:0 (2.93.3) 2026-02-02T15:19:55.633Z #_useSession end

[90mstdout[2m | tests/property/scoped-roles-processing-efficiency.test.ts[2m > [22m[2mProperty 10: Scoped Roles Processing Efficiency[2m > [22m[2mProperty 10.4: Role hierarchy cache should maintain 96%+ hit rate
[22m[39mGoTrueClient@sb-bgxknceshxxifwytalex-auth-token:0 (2.93.3) 2026-02-02T15:19:55.633Z #_acquireLock lock released for storage key sb-bgxknceshxxifwytalex-auth-token

[90mstdout[2m | tests/property/scoped-roles-processing-efficiency.test.ts[2m > [22m[2mProperty 10: Scoped Roles Processing Efficiency[2m > [22m[2mProperty 10.4: Role hierarchy cache should maintain 96%+ hit rate
[22m[39mGoTrueClient@sb-bgxknceshxxifwytalex-auth-token:0 (2.93.3) 2026-02-02T15:19:55.633Z #_acquireLock end

[90mstdout[2m | tests/property/scoped-roles-processing-efficiency.test.ts[2m > [22m[2mProperty 10: Scoped Roles Processing Efficiency[2m > [22m[2mProperty 10.4: Role hierarchy cache should maintain 96%+ hit rate
[22m[39mGoTrueClient@sb-bgxknceshxxifwytalex-auth-token:0 (2.93.3) 2026-02-02T15:19:55.731Z #_acquireLock begin [33m10000[39m
GoTrueClient@sb-bgxknceshxxifwytalex-auth-token:0 (2.93.3) 2026-02-02T15:19:55.731Z #_acquireLock lock acquired for storage key sb-bgxknceshxxifwytalex-auth-token
GoTrueClient@sb-bgxknceshxxifwytalex-auth-token:0 (2.93.3) 2026-02-02T15:19:55.731Z #_useSession begin
GoTrueClient@sb-bgxknceshxxifwytalex-auth-token:0 (2.93.3) 2026-02-02T15:19:55.731Z #__loadSession() begin

[90mstdout[2m | tests/property/scoped-roles-processing-efficiency.test.ts[2m > [22m[2mProperty 10: Scoped Roles Processing Efficiency[2m > [22m[2mProperty 10.4: Role hierarchy cache should maintain 96%+ hit rate
[22m[39mGoTrueClient@sb-bgxknceshxxifwytalex-auth-token:0 (2.93.3) 2026-02-02T15:19:55.731Z #getSession() session from storage [1mnull[22m
GoTrueClient@sb-bgxknceshxxifwytalex-auth-token:0 (2.93.3) 2026-02-02T15:19:55.731Z #__loadSession() end

[90mstdout[2m | tests/property/scoped-roles-processing-efficiency.test.ts[2m > [22m[2mProperty 10: Scoped Roles Processing Efficiency[2m > [22m[2mProperty 10.4: Role hierarchy cache should maintain 96%+ hit rate
[22m[39mGoTrueClient@sb-bgxknceshxxifwytalex-auth-token:0 (2.93.3) 2026-02-02T15:19:55.731Z #_useSession end

[90mstdout[2m | tests/property/scoped-roles-processing-efficiency.test.ts[2m > [22m[2mProperty 10: Scoped Roles Processing Efficiency[2m > [22m[2mProperty 10.4: Role hierarchy cache should maintain 96%+ hit rate
[22m[39mGoTrueClient@sb-bgxknceshxxifwytalex-auth-token:0 (2.93.3) 2026-02-02T15:19:55.731Z #_acquireLock lock released for storage key sb-bgxknceshxxifwytalex-auth-token

[90mstdout[2m | tests/property/scoped-roles-processing-efficiency.test.ts[2m > [22m[2mProperty 10: Scoped Roles Processing Efficiency[2m > [22m[2mProperty 10.4: Role hierarchy cache should maintain 96%+ hit rate
[22m[39mGoTrueClient@sb-bgxknceshxxifwytalex-auth-token:0 (2.93.3) 2026-02-02T15:19:55.731Z #_acquireLock end

stderr | tests/property/scoped-roles-processing-efficiency.test.ts > Property 10: Scoped Roles Processing Efficiency > Property 10.4: Role hierarchy cache should maintain 96%+ hit rate
Error fetching project roles: {
  code: 'PGRST200',
  details: "Searched for a foreign key relationship between 'project_roles' and 'user_profiles' in the schema 'public', but no matches were found.",
  hint: null,
  message: "Could not find a relationship between 'project_roles' and 'user_profiles' in the schema cache"
}

[90mstdout[2m | tests/property/scoped-roles-processing-efficiency.test.ts[2m > [22m[2mProperty 10: Scoped Roles Processing Efficiency[2m > [22m[2mProperty 10.4: Role hierarchy cache should maintain 96%+ hit rate
[22m[39mGoTrueClient@sb-bgxknceshxxifwytalex-auth-token:0 (2.93.3) 2026-02-02T15:19:55.779Z #_acquireLock begin [33m10000[39m
GoTrueClient@sb-bgxknceshxxifwytalex-auth-token:0 (2.93.3) 2026-02-02T15:19:55.779Z #_acquireLock lock acquired for storage key sb-bgxknceshxxifwytalex-auth-token
GoTrueClient@sb-bgxknceshxxifwytalex-auth-token:0 (2.93.3) 2026-02-02T15:19:55.779Z #_useSession begin
GoTrueClient@sb-bgxknceshxxifwytalex-auth-token:0 (2.93.3) 2026-02-02T15:19:55.779Z #__loadSession() begin

[90mstdout[2m | tests/property/scoped-roles-processing-efficiency.test.ts[2m > [22m[2mProperty 10: Scoped Roles Processing Efficiency[2m > [22m[2mProperty 10.4: Role hierarchy cache should maintain 96%+ hit rate
[22m[39mGoTrueClient@sb-bgxknceshxxifwytalex-auth-token:0 (2.93.3) 2026-02-02T15:19:55.779Z #getSession() session from storage [1mnull[22m
GoTrueClient@sb-bgxknceshxxifwytalex-auth-token:0 (2.93.3) 2026-02-02T15:19:55.779Z #__loadSession() end

[90mstdout[2m | tests/property/scoped-roles-processing-efficiency.test.ts[2m > [22m[2mProperty 10: Scoped Roles Processing Efficiency[2m > [22m[2mProperty 10.4: Role hierarchy cache should maintain 96%+ hit rate
[22m[39mGoTrueClient@sb-bgxknceshxxifwytalex-auth-token:0 (2.93.3) 2026-02-02T15:19:55.779Z #_useSession end

[90mstdout[2m | tests/property/scoped-roles-processing-efficiency.test.ts[2m > [22m[2mProperty 10: Scoped Roles Processing Efficiency[2m > [22m[2mProperty 10.4: Role hierarchy cache should maintain 96%+ hit rate
[22m[39mGoTrueClient@sb-bgxknceshxxifwytalex-auth-token:0 (2.93.3) 2026-02-02T15:19:55.779Z #_acquireLock lock released for storage key sb-bgxknceshxxifwytalex-auth-token

[90mstdout[2m | tests/property/scoped-roles-processing-efficiency.test.ts[2m > [22m[2mProperty 10: Scoped Roles Processing Efficiency[2m > [22m[2mProperty 10.4: Role hierarchy cache should maintain 96%+ hit rate
[22m[39mGoTrueClient@sb-bgxknceshxxifwytalex-auth-token:0 (2.93.3) 2026-02-02T15:19:55.779Z #_acquireLock end

[90mstdout[2m | tests/property/scoped-roles-processing-efficiency.test.ts[2m > [22m[2mProperty 10: Scoped Roles Processing Efficiency[2m > [22m[2mProperty 10.4: Role hierarchy cache should maintain 96%+ hit rate
[22m[39mGoTrueClient@sb-bgxknceshxxifwytalex-auth-token:0 (2.93.3) 2026-02-02T15:19:55.795Z #_acquireLock begin [33m10000[39m
GoTrueClient@sb-bgxknceshxxifwytalex-auth-token:0 (2.93.3) 2026-02-02T15:19:55.796Z #_acquireLock lock acquired for storage key sb-bgxknceshxxifwytalex-auth-token
GoTrueClient@sb-bgxknceshxxifwytalex-auth-token:0 (2.93.3) 2026-02-02T15:19:55.796Z #_useSession begin
GoTrueClient@sb-bgxknceshxxifwytalex-auth-token:0 (2.93.3) 2026-02-02T15:19:55.796Z #__loadSession() begin

[90mstdout[2m | tests/property/scoped-roles-processing-efficiency.test.ts[2m > [22m[2mProperty 10: Scoped Roles Processing Efficiency[2m > [22m[2mProperty 10.4: Role hierarchy cache should maintain 96%+ hit rate
[22m[39mGoTrueClient@sb-bgxknceshxxifwytalex-auth-token:0 (2.93.3) 2026-02-02T15:19:55.796Z #getSession() session from storage [1mnull[22m
GoTrueClient@sb-bgxknceshxxifwytalex-auth-token:0 (2.93.3) 2026-02-02T15:19:55.796Z #__loadSession() end

[90mstdout[2m | tests/property/scoped-roles-processing-efficiency.test.ts[2m > [22m[2mProperty 10: Scoped Roles Processing Efficiency[2m > [22m[2mProperty 10.4: Role hierarchy cache should maintain 96%+ hit rate
[22m[39mGoTrueClient@sb-bgxknceshxxifwytalex-auth-token:0 (2.93.3) 2026-02-02T15:19:55.796Z #_useSession end

[90mstdout[2m | tests/property/scoped-roles-processing-efficiency.test.ts[2m > [22m[2mProperty 10: Scoped Roles Processing Efficiency[2m > [22m[2mProperty 10.4: Role hierarchy cache should maintain 96%+ hit rate
[22m[39mGoTrueClient@sb-bgxknceshxxifwytalex-auth-token:0 (2.93.3) 2026-02-02T15:19:55.796Z #_acquireLock lock released for storage key sb-bgxknceshxxifwytalex-auth-token

[90mstdout[2m | tests/property/scoped-roles-processing-efficiency.test.ts[2m > [22m[2mProperty 10: Scoped Roles Processing Efficiency[2m > [22m[2mProperty 10.4: Role hierarchy cache should maintain 96%+ hit rate
[22m[39mGoTrueClient@sb-bgxknceshxxifwytalex-auth-token:0 (2.93.3) 2026-02-02T15:19:55.796Z #_acquireLock end

stderr | tests/property/scoped-roles-processing-efficiency.test.ts > Property 10: Scoped Roles Processing Efficiency > Property 10.4: Role hierarchy cache should maintain 96%+ hit rate
Error fetching org roles: {
  code: 'PGRST200',
  details: "Searched for a foreign key relationship between 'org_roles' and 'user_profiles' in the schema 'public', but no matches were found.",
  hint: null,
  message: "Could not find a relationship between 'org_roles' and 'user_profiles' in the schema cache"
}

[90mstdout[2m | tests/property/scoped-roles-processing-efficiency.test.ts[2m > [22m[2mProperty 10: Scoped Roles Processing Efficiency[2m > [22m[2mProperty 10.4: Role hierarchy cache should maintain 96%+ hit rate
[22m[39mGoTrueClient@sb-bgxknceshxxifwytalex-auth-token:0 (2.93.3) 2026-02-02T15:19:55.864Z #_acquireLock begin [33m10000[39m
GoTrueClient@sb-bgxknceshxxifwytalex-auth-token:0 (2.93.3) 2026-02-02T15:19:55.864Z #_acquireLock lock acquired for storage key sb-bgxknceshxxifwytalex-auth-token
GoTrueClient@sb-bgxknceshxxifwytalex-auth-token:0 (2.93.3) 2026-02-02T15:19:55.864Z #_useSession begin
GoTrueClient@sb-bgxknceshxxifwytalex-auth-token:0 (2.93.3) 2026-02-02T15:19:55.864Z #__loadSession() begin

[90mstdout[2m | tests/property/scoped-roles-processing-efficiency.test.ts[2m > [22m[2mProperty 10: Scoped Roles Processing Efficiency[2m > [22m[2mProperty 10.4: Role hierarchy cache should maintain 96%+ hit rate
[22m[39mGoTrueClient@sb-bgxknceshxxifwytalex-auth-token:0 (2.93.3) 2026-02-02T15:19:55.864Z #getSession() session from storage [1mnull[22m
GoTrueClient@sb-bgxknceshxxifwytalex-auth-token:0 (2.93.3) 2026-02-02T15:19:55.864Z #__loadSession() end

[90mstdout[2m | tests/property/scoped-roles-processing-efficiency.test.ts[2m > [22m[2mProperty 10: Scoped Roles Processing Efficiency[2m > [22m[2mProperty 10.4: Role hierarchy cache should maintain 96%+ hit rate
[22m[39mGoTrueClient@sb-bgxknceshxxifwytalex-auth-token:0 (2.93.3) 2026-02-02T15:19:55.864Z #_useSession end

[90mstdout[2m | tests/property/scoped-roles-processing-efficiency.test.ts[2m > [22m[2mProperty 10: Scoped Roles Processing Efficiency[2m > [22m[2mProperty 10.4: Role hierarchy cache should maintain 96%+ hit rate
[22m[39mGoTrueClient@sb-bgxknceshxxifwytalex-auth-token:0 (2.93.3) 2026-02-02T15:19:55.864Z #_acquireLock lock released for storage key sb-bgxknceshxxifwytalex-auth-token

[90mstdout[2m | tests/property/scoped-roles-processing-efficiency.test.ts[2m > [22m[2mProperty 10: Scoped Roles Processing Efficiency[2m > [22m[2mProperty 10.4: Role hierarchy cache should maintain 96%+ hit rate
[22m[39mGoTrueClient@sb-bgxknceshxxifwytalex-auth-token:0 (2.93.3) 2026-02-02T15:19:55.864Z #_acquireLock end

[90mstdout[2m | tests/property/scoped-roles-processing-efficiency.test.ts[2m > [22m[2mProperty 10: Scoped Roles Processing Efficiency[2m > [22m[2mProperty 10.4: Role hierarchy cache should maintain 96%+ hit rate
[22m[39mGoTrueClient@sb-bgxknceshxxifwytalex-auth-token:0 (2.93.3) 2026-02-02T15:19:55.949Z #_acquireLock begin [33m10000[39m
GoTrueClient@sb-bgxknceshxxifwytalex-auth-token:0 (2.93.3) 2026-02-02T15:19:55.949Z #_acquireLock lock acquired for storage key sb-bgxknceshxxifwytalex-auth-token
GoTrueClient@sb-bgxknceshxxifwytalex-auth-token:0 (2.93.3) 2026-02-02T15:19:55.949Z #_useSession begin
GoTrueClient@sb-bgxknceshxxifwytalex-auth-token:0 (2.93.3) 2026-02-02T15:19:55.949Z #__loadSession() begin

[90mstdout[2m | tests/property/scoped-roles-processing-efficiency.test.ts[2m > [22m[2mProperty 10: Scoped Roles Processing Efficiency[2m > [22m[2mProperty 10.4: Role hierarchy cache should maintain 96%+ hit rate
[22m[39mGoTrueClient@sb-bgxknceshxxifwytalex-auth-token:0 (2.93.3) 2026-02-02T15:19:55.949Z #getSession() session from storage [1mnull[22m
GoTrueClient@sb-bgxknceshxxifwytalex-auth-token:0 (2.93.3) 2026-02-02T15:19:55.949Z #__loadSession() end

[90mstdout[2m | tests/property/scoped-roles-processing-efficiency.test.ts[2m > [22m[2mProperty 10: Scoped Roles Processing Efficiency[2m > [22m[2mProperty 10.4: Role hierarchy cache should maintain 96%+ hit rate
[22m[39mGoTrueClient@sb-bgxknceshxxifwytalex-auth-token:0 (2.93.3) 2026-02-02T15:19:55.949Z #_useSession end

[90mstdout[2m | tests/property/scoped-roles-processing-efficiency.test.ts[2m > [22m[2mProperty 10: Scoped Roles Processing Efficiency[2m > [22m[2mProperty 10.4: Role hierarchy cache should maintain 96%+ hit rate
[22m[39mGoTrueClient@sb-bgxknceshxxifwytalex-auth-token:0 (2.93.3) 2026-02-02T15:19:55.949Z #_acquireLock lock released for storage key sb-bgxknceshxxifwytalex-auth-token

[90mstdout[2m | tests/property/scoped-roles-processing-efficiency.test.ts[2m > [22m[2mProperty 10: Scoped Roles Processing Efficiency[2m > [22m[2mProperty 10.4: Role hierarchy cache should maintain 96%+ hit rate
[22m[39mGoTrueClient@sb-bgxknceshxxifwytalex-auth-token:0 (2.93.3) 2026-02-02T15:19:55.949Z #_acquireLock end

stderr | tests/property/scoped-roles-processing-efficiency.test.ts > Property 10: Scoped Roles Processing Efficiency > Property 10.4: Role hierarchy cache should maintain 96%+ hit rate
Error fetching project roles: {
  code: 'PGRST200',
  details: "Searched for a foreign key relationship between 'project_roles' and 'user_profiles' in the schema 'public', but no matches were found.",
  hint: null,
  message: "Could not find a relationship between 'project_roles' and 'user_profiles' in the schema cache"
}

[90mstdout[2m | tests/property/scoped-roles-processing-efficiency.test.ts[2m > [22m[2mProperty 10: Scoped Roles Processing Efficiency[2m > [22m[2mProperty 10.4: Role hierarchy cache should maintain 96%+ hit rate
[22m[39mGoTrueClient@sb-bgxknceshxxifwytalex-auth-token:0 (2.93.3) 2026-02-02T15:19:55.995Z #_acquireLock begin [33m10000[39m
GoTrueClient@sb-bgxknceshxxifwytalex-auth-token:0 (2.93.3) 2026-02-02T15:19:55.995Z #_acquireLock lock acquired for storage key sb-bgxknceshxxifwytalex-auth-token
GoTrueClient@sb-bgxknceshxxifwytalex-auth-token:0 (2.93.3) 2026-02-02T15:19:55.995Z #_useSession begin
GoTrueClient@sb-bgxknceshxxifwytalex-auth-token:0 (2.93.3) 2026-02-02T15:19:55.995Z #__loadSession() begin

[90mstdout[2m | tests/property/scoped-roles-processing-efficiency.test.ts[2m > [22m[2mProperty 10: Scoped Roles Processing Efficiency[2m > [22m[2mProperty 10.4: Role hierarchy cache should maintain 96%+ hit rate
[22m[39mGoTrueClient@sb-bgxknceshxxifwytalex-auth-token:0 (2.93.3) 2026-02-02T15:19:55.995Z #getSession() session from storage [1mnull[22m
GoTrueClient@sb-bgxknceshxxifwytalex-auth-token:0 (2.93.3) 2026-02-02T15:19:55.995Z #__loadSession() end

[90mstdout[2m | tests/property/scoped-roles-processing-efficiency.test.ts[2m > [22m[2mProperty 10: Scoped Roles Processing Efficiency[2m > [22m[2mProperty 10.4: Role hierarchy cache should maintain 96%+ hit rate
[22m[39mGoTrueClient@sb-bgxknceshxxifwytalex-auth-token:0 (2.93.3) 2026-02-02T15:19:55.995Z #_useSession end

[90mstdout[2m | tests/property/scoped-roles-processing-efficiency.test.ts[2m > [22m[2mProperty 10: Scoped Roles Processing Efficiency[2m > [22m[2mProperty 10.4: Role hierarchy cache should maintain 96%+ hit rate
[22m[39mGoTrueClient@sb-bgxknceshxxifwytalex-auth-token:0 (2.93.3) 2026-02-02T15:19:55.995Z #_acquireLock lock released for storage key sb-bgxknceshxxifwytalex-auth-token

[90mstdout[2m | tests/property/scoped-roles-processing-efficiency.test.ts[2m > [22m[2mProperty 10: Scoped Roles Processing Efficiency[2m > [22m[2mProperty 10.4: Role hierarchy cache should maintain 96%+ hit rate
[22m[39mGoTrueClient@sb-bgxknceshxxifwytalex-auth-token:0 (2.93.3) 2026-02-02T15:19:55.995Z #_acquireLock end

[90mstdout[2m | tests/property/scoped-roles-processing-efficiency.test.ts[2m > [22m[2mProperty 10: Scoped Roles Processing Efficiency[2m > [22m[2mProperty 10.4: Role hierarchy cache should maintain 96%+ hit rate
[22m[39mGoTrueClient@sb-bgxknceshxxifwytalex-auth-token:0 (2.93.3) 2026-02-02T15:19:55.998Z #_acquireLock begin [33m10000[39m
GoTrueClient@sb-bgxknceshxxifwytalex-auth-token:0 (2.93.3) 2026-02-02T15:19:55.998Z #_acquireLock lock acquired for storage key sb-bgxknceshxxifwytalex-auth-token
GoTrueClient@sb-bgxknceshxxifwytalex-auth-token:0 (2.93.3) 2026-02-02T15:19:55.998Z #_useSession begin
GoTrueClient@sb-bgxknceshxxifwytalex-auth-token:0 (2.93.3) 2026-02-02T15:19:55.998Z #__loadSession() begin

[90mstdout[2m | tests/property/scoped-roles-processing-efficiency.test.ts[2m > [22m[2mProperty 10: Scoped Roles Processing Efficiency[2m > [22m[2mProperty 10.4: Role hierarchy cache should maintain 96%+ hit rate
[22m[39mGoTrueClient@sb-bgxknceshxxifwytalex-auth-token:0 (2.93.3) 2026-02-02T15:19:55.998Z #getSession() session from storage [1mnull[22m
GoTrueClient@sb-bgxknceshxxifwytalex-auth-token:0 (2.93.3) 2026-02-02T15:19:55.998Z #__loadSession() end

[90mstdout[2m | tests/property/scoped-roles-processing-efficiency.test.ts[2m > [22m[2mProperty 10: Scoped Roles Processing Efficiency[2m > [22m[2mProperty 10.4: Role hierarchy cache should maintain 96%+ hit rate
[22m[39mGoTrueClient@sb-bgxknceshxxifwytalex-auth-token:0 (2.93.3) 2026-02-02T15:19:55.998Z #_useSession end

[90mstdout[2m | tests/property/scoped-roles-processing-efficiency.test.ts[2m > [22m[2mProperty 10: Scoped Roles Processing Efficiency[2m > [22m[2mProperty 10.4: Role hierarchy cache should maintain 96%+ hit rate
[22m[39mGoTrueClient@sb-bgxknceshxxifwytalex-auth-token:0 (2.93.3) 2026-02-02T15:19:55.998Z #_acquireLock lock released for storage key sb-bgxknceshxxifwytalex-auth-token

[90mstdout[2m | tests/property/scoped-roles-processing-efficiency.test.ts[2m > [22m[2mProperty 10: Scoped Roles Processing Efficiency[2m > [22m[2mProperty 10.4: Role hierarchy cache should maintain 96%+ hit rate
[22m[39mGoTrueClient@sb-bgxknceshxxifwytalex-auth-token:0 (2.93.3) 2026-02-02T15:19:55.998Z #_acquireLock end

stderr | tests/property/scoped-roles-processing-efficiency.test.ts > Property 10: Scoped Roles Processing Efficiency > Property 10.4: Role hierarchy cache should maintain 96%+ hit rate
Error fetching org roles: {
  code: 'PGRST200',
  details: "Searched for a foreign key relationship between 'org_roles' and 'user_profiles' in the schema 'public', but no matches were found.",
  hint: null,
  message: "Could not find a relationship between 'org_roles' and 'user_profiles' in the schema cache"
}

[90mstdout[2m | tests/property/scoped-roles-processing-efficiency.test.ts[2m > [22m[2mProperty 10: Scoped Roles Processing Efficiency[2m > [22m[2mProperty 10.4: Role hierarchy cache should maintain 96%+ hit rate
[22m[39mGoTrueClient@sb-bgxknceshxxifwytalex-auth-token:0 (2.93.3) 2026-02-02T15:19:56.093Z #_acquireLock begin [33m10000[39m
GoTrueClient@sb-bgxknceshxxifwytalex-auth-token:0 (2.93.3) 2026-02-02T15:19:56.093Z #_acquireLock lock acquired for storage key sb-bgxknceshxxifwytalex-auth-token
GoTrueClient@sb-bgxknceshxxifwytalex-auth-token:0 (2.93.3) 2026-02-02T15:19:56.093Z #_useSession begin
GoTrueClient@sb-bgxknceshxxifwytalex-auth-token:0 (2.93.3) 2026-02-02T15:19:56.093Z #__loadSession() begin

[90mstdout[2m | tests/property/scoped-roles-processing-efficiency.test.ts[2m > [22m[2mProperty 10: Scoped Roles Processing Efficiency[2m > [22m[2mProperty 10.4: Role hierarchy cache should maintain 96%+ hit rate
[22m[39mGoTrueClient@sb-bgxknceshxxifwytalex-auth-token:0 (2.93.3) 2026-02-02T15:19:56.093Z #getSession() session from storage [1mnull[22m
GoTrueClient@sb-bgxknceshxxifwytalex-auth-token:0 (2.93.3) 2026-02-02T15:19:56.093Z #__loadSession() end

[90mstdout[2m | tests/property/scoped-roles-processing-efficiency.test.ts[2m > [22m[2mProperty 10: Scoped Roles Processing Efficiency[2m > [22m[2mProperty 10.4: Role hierarchy cache should maintain 96%+ hit rate
[22m[39mGoTrueClient@sb-bgxknceshxxifwytalex-auth-token:0 (2.93.3) 2026-02-02T15:19:56.093Z #_useSession end

[90mstdout[2m | tests/property/scoped-roles-processing-efficiency.test.ts[2m > [22m[2mProperty 10: Scoped Roles Processing Efficiency[2m > [22m[2mProperty 10.4: Role hierarchy cache should maintain 96%+ hit rate
[22m[39mGoTrueClient@sb-bgxknceshxxifwytalex-auth-token:0 (2.93.3) 2026-02-02T15:19:56.093Z #_acquireLock lock released for storage key sb-bgxknceshxxifwytalex-auth-token

[90mstdout[2m | tests/property/scoped-roles-processing-efficiency.test.ts[2m > [22m[2mProperty 10: Scoped Roles Processing Efficiency[2m > [22m[2mProperty 10.4: Role hierarchy cache should maintain 96%+ hit rate
[22m[39mGoTrueClient@sb-bgxknceshxxifwytalex-auth-token:0 (2.93.3) 2026-02-02T15:19:56.093Z #_acquireLock end

[90mstdout[2m | tests/property/scoped-roles-processing-efficiency.test.ts[2m > [22m[2mProperty 10: Scoped Roles Processing Efficiency[2m > [22m[2mProperty 10.4: Role hierarchy cache should maintain 96%+ hit rate
[22m[39mGoTrueClient@sb-bgxknceshxxifwytalex-auth-token:0 (2.93.3) 2026-02-02T15:19:56.153Z #_acquireLock begin [33m10000[39m
GoTrueClient@sb-bgxknceshxxifwytalex-auth-token:0 (2.93.3) 2026-02-02T15:19:56.153Z #_acquireLock lock acquired for storage key sb-bgxknceshxxifwytalex-auth-token
GoTrueClient@sb-bgxknceshxxifwytalex-auth-token:0 (2.93.3) 2026-02-02T15:19:56.153Z #_useSession begin
GoTrueClient@sb-bgxknceshxxifwytalex-auth-token:0 (2.93.3) 2026-02-02T15:19:56.153Z #__loadSession() begin

[90mstdout[2m | tests/property/scoped-roles-processing-efficiency.test.ts[2m > [22m[2mProperty 10: Scoped Roles Processing Efficiency[2m > [22m[2mProperty 10.4: Role hierarchy cache should maintain 96%+ hit rate
[22m[39mGoTrueClient@sb-bgxknceshxxifwytalex-auth-token:0 (2.93.3) 2026-02-02T15:19:56.153Z #getSession() session from storage [1mnull[22m
GoTrueClient@sb-bgxknceshxxifwytalex-auth-token:0 (2.93.3) 2026-02-02T15:19:56.153Z #__loadSession() end

[90mstdout[2m | tests/property/scoped-roles-processing-efficiency.test.ts[2m > [22m[2mProperty 10: Scoped Roles Processing Efficiency[2m > [22m[2mProperty 10.4: Role hierarchy cache should maintain 96%+ hit rate
[22m[39mGoTrueClient@sb-bgxknceshxxifwytalex-auth-token:0 (2.93.3) 2026-02-02T15:19:56.153Z #_useSession end

[90mstdout[2m | tests/property/scoped-roles-processing-efficiency.test.ts[2m > [22m[2mProperty 10: Scoped Roles Processing Efficiency[2m > [22m[2mProperty 10.4: Role hierarchy cache should maintain 96%+ hit rate
[22m[39mGoTrueClient@sb-bgxknceshxxifwytalex-auth-token:0 (2.93.3) 2026-02-02T15:19:56.153Z #_acquireLock lock released for storage key sb-bgxknceshxxifwytalex-auth-token

[90mstdout[2m | tests/property/scoped-roles-processing-efficiency.test.ts[2m > [22m[2mProperty 10: Scoped Roles Processing Efficiency[2m > [22m[2mProperty 10.4: Role hierarchy cache should maintain 96%+ hit rate
[22m[39mGoTrueClient@sb-bgxknceshxxifwytalex-auth-token:0 (2.93.3) 2026-02-02T15:19:56.153Z #_acquireLock end

stderr | tests/property/scoped-roles-processing-efficiency.test.ts > Property 10: Scoped Roles Processing Efficiency > Property 10.4: Role hierarchy cache should maintain 96%+ hit rate
Error fetching project roles: {
  code: 'PGRST200',
  details: "Searched for a foreign key relationship between 'project_roles' and 'user_profiles' in the schema 'public', but no matches were found.",
  hint: null,
  message: "Could not find a relationship between 'project_roles' and 'user_profiles' in the schema cache"
}

[90mstdout[2m | tests/property/scoped-roles-processing-efficiency.test.ts[2m > [22m[2mProperty 10: Scoped Roles Processing Efficiency[2m > [22m[2mProperty 10.4: Role hierarchy cache should maintain 96%+ hit rate
[22m[39mGoTrueClient@sb-bgxknceshxxifwytalex-auth-token:0 (2.93.3) 2026-02-02T15:19:56.203Z #_acquireLock begin [33m10000[39m
GoTrueClient@sb-bgxknceshxxifwytalex-auth-token:0 (2.93.3) 2026-02-02T15:19:56.203Z #_acquireLock lock acquired for storage key sb-bgxknceshxxifwytalex-auth-token
GoTrueClient@sb-bgxknceshxxifwytalex-auth-token:0 (2.93.3) 2026-02-02T15:19:56.203Z #_useSession begin
GoTrueClient@sb-bgxknceshxxifwytalex-auth-token:0 (2.93.3) 2026-02-02T15:19:56.203Z #__loadSession() begin

[90mstdout[2m | tests/property/scoped-roles-processing-efficiency.test.ts[2m > [22m[2mProperty 10: Scoped Roles Processing Efficiency[2m > [22m[2mProperty 10.4: Role hierarchy cache should maintain 96%+ hit rate
[22m[39mGoTrueClient@sb-bgxknceshxxifwytalex-auth-token:0 (2.93.3) 2026-02-02T15:19:56.203Z #getSession() session from storage [1mnull[22m
GoTrueClient@sb-bgxknceshxxifwytalex-auth-token:0 (2.93.3) 2026-02-02T15:19:56.203Z #__loadSession() end

[90mstdout[2m | tests/property/scoped-roles-processing-efficiency.test.ts[2m > [22m[2mProperty 10: Scoped Roles Processing Efficiency[2m > [22m[2mProperty 10.4: Role hierarchy cache should maintain 96%+ hit rate
[22m[39mGoTrueClient@sb-bgxknceshxxifwytalex-auth-token:0 (2.93.3) 2026-02-02T15:19:56.203Z #_useSession end

[90mstdout[2m | tests/property/scoped-roles-processing-efficiency.test.ts[2m > [22m[2mProperty 10: Scoped Roles Processing Efficiency[2m > [22m[2mProperty 10.4: Role hierarchy cache should maintain 96%+ hit rate
[22m[39mGoTrueClient@sb-bgxknceshxxifwytalex-auth-token:0 (2.93.3) 2026-02-02T15:19:56.203Z #_acquireLock lock released for storage key sb-bgxknceshxxifwytalex-auth-token

[90mstdout[2m | tests/property/scoped-roles-processing-efficiency.test.ts[2m > [22m[2mProperty 10: Scoped Roles Processing Efficiency[2m > [22m[2mProperty 10.4: Role hierarchy cache should maintain 96%+ hit rate
[22m[39mGoTrueClient@sb-bgxknceshxxifwytalex-auth-token:0 (2.93.3) 2026-02-02T15:19:56.203Z #_acquireLock end

[90mstdout[2m | tests/property/scoped-roles-processing-efficiency.test.ts[2m > [22m[2mProperty 10: Scoped Roles Processing Efficiency[2m > [22m[2mProperty 10.4: Role hierarchy cache should maintain 96%+ hit rate
[22m[39mGoTrueClient@sb-bgxknceshxxifwytalex-auth-token:0 (2.93.3) 2026-02-02T15:19:56.218Z #_acquireLock begin [33m10000[39m
GoTrueClient@sb-bgxknceshxxifwytalex-auth-token:0 (2.93.3) 2026-02-02T15:19:56.218Z #_acquireLock lock acquired for storage key sb-bgxknceshxxifwytalex-auth-token
GoTrueClient@sb-bgxknceshxxifwytalex-auth-token:0 (2.93.3) 2026-02-02T15:19:56.218Z #_useSession begin
GoTrueClient@sb-bgxknceshxxifwytalex-auth-token:0 (2.93.3) 2026-02-02T15:19:56.218Z #__loadSession() begin

[90mstdout[2m | tests/property/scoped-roles-processing-efficiency.test.ts[2m > [22m[2mProperty 10: Scoped Roles Processing Efficiency[2m > [22m[2mProperty 10.4: Role hierarchy cache should maintain 96%+ hit rate
[22m[39mGoTrueClient@sb-bgxknceshxxifwytalex-auth-token:0 (2.93.3) 2026-02-02T15:19:56.219Z #getSession() session from storage [1mnull[22m
GoTrueClient@sb-bgxknceshxxifwytalex-auth-token:0 (2.93.3) 2026-02-02T15:19:56.219Z #__loadSession() end

[90mstdout[2m | tests/property/scoped-roles-processing-efficiency.test.ts[2m > [22m[2mProperty 10: Scoped Roles Processing Efficiency[2m > [22m[2mProperty 10.4: Role hierarchy cache should maintain 96%+ hit rate
[22m[39mGoTrueClient@sb-bgxknceshxxifwytalex-auth-token:0 (2.93.3) 2026-02-02T15:19:56.219Z #_useSession end

[90mstdout[2m | tests/property/scoped-roles-processing-efficiency.test.ts[2m > [22m[2mProperty 10: Scoped Roles Processing Efficiency[2m > [22m[2mProperty 10.4: Role hierarchy cache should maintain 96%+ hit rate
[22m[39mGoTrueClient@sb-bgxknceshxxifwytalex-auth-token:0 (2.93.3) 2026-02-02T15:19:56.219Z #_acquireLock lock released for storage key sb-bgxknceshxxifwytalex-auth-token

[90mstdout[2m | tests/property/scoped-roles-processing-efficiency.test.ts[2m > [22m[2mProperty 10: Scoped Roles Processing Efficiency[2m > [22m[2mProperty 10.4: Role hierarchy cache should maintain 96%+ hit rate
[22m[39mGoTrueClient@sb-bgxknceshxxifwytalex-auth-token:0 (2.93.3) 2026-02-02T15:19:56.219Z #_acquireLock end

stderr | tests/property/scoped-roles-processing-efficiency.test.ts > Property 10: Scoped Roles Processing Efficiency > Property 10.4: Role hierarchy cache should maintain 96%+ hit rate
Error fetching org roles: {
  code: 'PGRST200',
  details: "Searched for a foreign key relationship between 'org_roles' and 'user_profiles' in the schema 'public', but no matches were found.",
  hint: null,
  message: "Could not find a relationship between 'org_roles' and 'user_profiles' in the schema cache"
}

[90mstdout[2m | tests/property/scoped-roles-processing-efficiency.test.ts[2m > [22m[2mProperty 10: Scoped Roles Processing Efficiency[2m > [22m[2mProperty 10.4: Role hierarchy cache should maintain 96%+ hit rate
[22m[39mGoTrueClient@sb-bgxknceshxxifwytalex-auth-token:0 (2.93.3) 2026-02-02T15:19:56.322Z #_acquireLock begin [33m10000[39m
GoTrueClient@sb-bgxknceshxxifwytalex-auth-token:0 (2.93.3) 2026-02-02T15:19:56.322Z #_acquireLock lock acquired for storage key sb-bgxknceshxxifwytalex-auth-token
GoTrueClient@sb-bgxknceshxxifwytalex-auth-token:0 (2.93.3) 2026-02-02T15:19:56.322Z #_useSession begin
GoTrueClient@sb-bgxknceshxxifwytalex-auth-token:0 (2.93.3) 2026-02-02T15:19:56.322Z #__loadSession() begin

[90mstdout[2m | tests/property/scoped-roles-processing-efficiency.test.ts[2m > [22m[2mProperty 10: Scoped Roles Processing Efficiency[2m > [22m[2mProperty 10.4: Role hierarchy cache should maintain 96%+ hit rate
[22m[39mGoTrueClient@sb-bgxknceshxxifwytalex-auth-token:0 (2.93.3) 2026-02-02T15:19:56.323Z #getSession() session from storage [1mnull[22m
GoTrueClient@sb-bgxknceshxxifwytalex-auth-token:0 (2.93.3) 2026-02-02T15:19:56.323Z #__loadSession() end

[90mstdout[2m | tests/property/scoped-roles-processing-efficiency.test.ts[2m > [22m[2mProperty 10: Scoped Roles Processing Efficiency[2m > [22m[2mProperty 10.4: Role hierarchy cache should maintain 96%+ hit rate
[22m[39mGoTrueClient@sb-bgxknceshxxifwytalex-auth-token:0 (2.93.3) 2026-02-02T15:19:56.323Z #_useSession end

[90mstdout[2m | tests/property/scoped-roles-processing-efficiency.test.ts[2m > [22m[2mProperty 10: Scoped Roles Processing Efficiency[2m > [22m[2mProperty 10.4: Role hierarchy cache should maintain 96%+ hit rate
[22m[39mGoTrueClient@sb-bgxknceshxxifwytalex-auth-token:0 (2.93.3) 2026-02-02T15:19:56.323Z #_acquireLock lock released for storage key sb-bgxknceshxxifwytalex-auth-token

[90mstdout[2m | tests/property/scoped-roles-processing-efficiency.test.ts[2m > [22m[2mProperty 10: Scoped Roles Processing Efficiency[2m > [22m[2mProperty 10.4: Role hierarchy cache should maintain 96%+ hit rate
[22m[39mGoTrueClient@sb-bgxknceshxxifwytalex-auth-token:0 (2.93.3) 2026-02-02T15:19:56.323Z #_acquireLock end

[90mstdout[2m | tests/property/scoped-roles-processing-efficiency.test.ts[2m > [22m[2mProperty 10: Scoped Roles Processing Efficiency[2m > [22m[2mProperty 10.4: Role hierarchy cache should maintain 96%+ hit rate
[22m[39mGoTrueClient@sb-bgxknceshxxifwytalex-auth-token:0 (2.93.3) 2026-02-02T15:19:56.350Z #_acquireLock begin [33m10000[39m
GoTrueClient@sb-bgxknceshxxifwytalex-auth-token:0 (2.93.3) 2026-02-02T15:19:56.350Z #_acquireLock lock acquired for storage key sb-bgxknceshxxifwytalex-auth-token
GoTrueClient@sb-bgxknceshxxifwytalex-auth-token:0 (2.93.3) 2026-02-02T15:19:56.350Z #_useSession begin
GoTrueClient@sb-bgxknceshxxifwytalex-auth-token:0 (2.93.3) 2026-02-02T15:19:56.350Z #__loadSession() begin

[90mstdout[2m | tests/property/scoped-roles-processing-efficiency.test.ts[2m > [22m[2mProperty 10: Scoped Roles Processing Efficiency[2m > [22m[2mProperty 10.4: Role hierarchy cache should maintain 96%+ hit rate
[22m[39mGoTrueClient@sb-bgxknceshxxifwytalex-auth-token:0 (2.93.3) 2026-02-02T15:19:56.350Z #getSession() session from storage [1mnull[22m
GoTrueClient@sb-bgxknceshxxifwytalex-auth-token:0 (2.93.3) 2026-02-02T15:19:56.350Z #__loadSession() end

[90mstdout[2m | tests/property/scoped-roles-processing-efficiency.test.ts[2m > [22m[2mProperty 10: Scoped Roles Processing Efficiency[2m > [22m[2mProperty 10.4: Role hierarchy cache should maintain 96%+ hit rate
[22m[39mGoTrueClient@sb-bgxknceshxxifwytalex-auth-token:0 (2.93.3) 2026-02-02T15:19:56.350Z #_useSession end

[90mstdout[2m | tests/property/scoped-roles-processing-efficiency.test.ts[2m > [22m[2mProperty 10: Scoped Roles Processing Efficiency[2m > [22m[2mProperty 10.4: Role hierarchy cache should maintain 96%+ hit rate
[22m[39mGoTrueClient@sb-bgxknceshxxifwytalex-auth-token:0 (2.93.3) 2026-02-02T15:19:56.350Z #_acquireLock lock released for storage key sb-bgxknceshxxifwytalex-auth-token

[90mstdout[2m | tests/property/scoped-roles-processing-efficiency.test.ts[2m > [22m[2mProperty 10: Scoped Roles Processing Efficiency[2m > [22m[2mProperty 10.4: Role hierarchy cache should maintain 96%+ hit rate
[22m[39mGoTrueClient@sb-bgxknceshxxifwytalex-auth-token:0 (2.93.3) 2026-02-02T15:19:56.350Z #_acquireLock end

stderr | tests/property/scoped-roles-processing-efficiency.test.ts > Property 10: Scoped Roles Processing Efficiency > Property 10.4: Role hierarchy cache should maintain 96%+ hit rate
Error fetching project roles: {
  code: 'PGRST200',
  details: "Searched for a foreign key relationship between 'project_roles' and 'user_profiles' in the schema 'public', but no matches were found.",
  hint: null,
  message: "Could not find a relationship between 'project_roles' and 'user_profiles' in the schema cache"
}

[90mstdout[2m | tests/property/scoped-roles-processing-efficiency.test.ts[2m > [22m[2mProperty 10: Scoped Roles Processing Efficiency[2m > [22m[2mProperty 10.4: Role hierarchy cache should maintain 96%+ hit rate
[22m[39mGoTrueClient@sb-bgxknceshxxifwytalex-auth-token:0 (2.93.3) 2026-02-02T15:19:56.413Z #_acquireLock begin [33m10000[39m
GoTrueClient@sb-bgxknceshxxifwytalex-auth-token:0 (2.93.3) 2026-02-02T15:19:56.413Z #_acquireLock lock acquired for storage key sb-bgxknceshxxifwytalex-auth-token
GoTrueClient@sb-bgxknceshxxifwytalex-auth-token:0 (2.93.3) 2026-02-02T15:19:56.413Z #_useSession begin
GoTrueClient@sb-bgxknceshxxifwytalex-auth-token:0 (2.93.3) 2026-02-02T15:19:56.413Z #__loadSession() begin

[90mstdout[2m | tests/property/scoped-roles-processing-efficiency.test.ts[2m > [22m[2mProperty 10: Scoped Roles Processing Efficiency[2m > [22m[2mProperty 10.4: Role hierarchy cache should maintain 96%+ hit rate
[22m[39mGoTrueClient@sb-bgxknceshxxifwytalex-auth-token:0 (2.93.3) 2026-02-02T15:19:56.413Z #getSession() session from storage [1mnull[22m
GoTrueClient@sb-bgxknceshxxifwytalex-auth-token:0 (2.93.3) 2026-02-02T15:19:56.413Z #__loadSession() end

[90mstdout[2m | tests/property/scoped-roles-processing-efficiency.test.ts[2m > [22m[2mProperty 10: Scoped Roles Processing Efficiency[2m > [22m[2mProperty 10.4: Role hierarchy cache should maintain 96%+ hit rate
[22m[39mGoTrueClient@sb-bgxknceshxxifwytalex-auth-token:0 (2.93.3) 2026-02-02T15:19:56.414Z #_useSession end

[90mstdout[2m | tests/property/scoped-roles-processing-efficiency.test.ts[2m > [22m[2mProperty 10: Scoped Roles Processing Efficiency[2m > [22m[2mProperty 10.4: Role hierarchy cache should maintain 96%+ hit rate
[22m[39mGoTrueClient@sb-bgxknceshxxifwytalex-auth-token:0 (2.93.3) 2026-02-02T15:19:56.414Z #_acquireLock lock released for storage key sb-bgxknceshxxifwytalex-auth-token

[90mstdout[2m | tests/property/scoped-roles-processing-efficiency.test.ts[2m > [22m[2mProperty 10: Scoped Roles Processing Efficiency[2m > [22m[2mProperty 10.4: Role hierarchy cache should maintain 96%+ hit rate
[22m[39mGoTrueClient@sb-bgxknceshxxifwytalex-auth-token:0 (2.93.3) 2026-02-02T15:19:56.414Z #_acquireLock end

[90mstdout[2m | tests/property/scoped-roles-processing-efficiency.test.ts[2m > [22m[2mProperty 10: Scoped Roles Processing Efficiency[2m > [22m[2mProperty 10.4: Role hierarchy cache should maintain 96%+ hit rate
[22m[39mGoTrueClient@sb-bgxknceshxxifwytalex-auth-token:0 (2.93.3) 2026-02-02T15:19:56.417Z #_acquireLock begin [33m10000[39m
GoTrueClient@sb-bgxknceshxxifwytalex-auth-token:0 (2.93.3) 2026-02-02T15:19:56.417Z #_acquireLock lock acquired for storage key sb-bgxknceshxxifwytalex-auth-token
GoTrueClient@sb-bgxknceshxxifwytalex-auth-token:0 (2.93.3) 2026-02-02T15:19:56.417Z #_useSession begin
GoTrueClient@sb-bgxknceshxxifwytalex-auth-token:0 (2.93.3) 2026-02-02T15:19:56.417Z #__loadSession() begin

[90mstdout[2m | tests/property/scoped-roles-processing-efficiency.test.ts[2m > [22m[2mProperty 10: Scoped Roles Processing Efficiency[2m > [22m[2mProperty 10.4: Role hierarchy cache should maintain 96%+ hit rate
[22m[39mGoTrueClient@sb-bgxknceshxxifwytalex-auth-token:0 (2.93.3) 2026-02-02T15:19:56.417Z #getSession() session from storage [1mnull[22m
GoTrueClient@sb-bgxknceshxxifwytalex-auth-token:0 (2.93.3) 2026-02-02T15:19:56.417Z #__loadSession() end

[90mstdout[2m | tests/property/scoped-roles-processing-efficiency.test.ts[2m > [22m[2mProperty 10: Scoped Roles Processing Efficiency[2m > [22m[2mProperty 10.4: Role hierarchy cache should maintain 96%+ hit rate
[22m[39mGoTrueClient@sb-bgxknceshxxifwytalex-auth-token:0 (2.93.3) 2026-02-02T15:19:56.417Z #_useSession end

[90mstdout[2m | tests/property/scoped-roles-processing-efficiency.test.ts[2m > [22m[2mProperty 10: Scoped Roles Processing Efficiency[2m > [22m[2mProperty 10.4: Role hierarchy cache should maintain 96%+ hit rate
[22m[39mGoTrueClient@sb-bgxknceshxxifwytalex-auth-token:0 (2.93.3) 2026-02-02T15:19:56.418Z #_acquireLock lock released for storage key sb-bgxknceshxxifwytalex-auth-token

[90mstdout[2m | tests/property/scoped-roles-processing-efficiency.test.ts[2m > [22m[2mProperty 10: Scoped Roles Processing Efficiency[2m > [22m[2mProperty 10.4: Role hierarchy cache should maintain 96%+ hit rate
[22m[39mGoTrueClient@sb-bgxknceshxxifwytalex-auth-token:0 (2.93.3) 2026-02-02T15:19:56.418Z #_acquireLock end

stderr | tests/property/scoped-roles-processing-efficiency.test.ts > Property 10: Scoped Roles Processing Efficiency > Property 10.4: Role hierarchy cache should maintain 96%+ hit rate
Error fetching org roles: {
  code: 'PGRST200',
  details: "Searched for a foreign key relationship between 'org_roles' and 'user_profiles' in the schema 'public', but no matches were found.",
  hint: null,
  message: "Could not find a relationship between 'org_roles' and 'user_profiles' in the schema cache"
}

[90mstdout[2m | tests/property/scoped-roles-processing-efficiency.test.ts[2m > [22m[2mProperty 10: Scoped Roles Processing Efficiency[2m > [22m[2mProperty 10.4: Role hierarchy cache should maintain 96%+ hit rate
[22m[39mGoTrueClient@sb-bgxknceshxxifwytalex-auth-token:0 (2.93.3) 2026-02-02T15:19:56.540Z #_acquireLock begin [33m10000[39m
GoTrueClient@sb-bgxknceshxxifwytalex-auth-token:0 (2.93.3) 2026-02-02T15:19:56.540Z #_acquireLock lock acquired for storage key sb-bgxknceshxxifwytalex-auth-token
GoTrueClient@sb-bgxknceshxxifwytalex-auth-token:0 (2.93.3) 2026-02-02T15:19:56.540Z #_useSession begin
GoTrueClient@sb-bgxknceshxxifwytalex-auth-token:0 (2.93.3) 2026-02-02T15:19:56.540Z #__loadSession() begin

[90mstdout[2m | tests/property/scoped-roles-processing-efficiency.test.ts[2m > [22m[2mProperty 10: Scoped Roles Processing Efficiency[2m > [22m[2mProperty 10.4: Role hierarchy cache should maintain 96%+ hit rate
[22m[39mGoTrueClient@sb-bgxknceshxxifwytalex-auth-token:0 (2.93.3) 2026-02-02T15:19:56.540Z #getSession() session from storage [1mnull[22m
GoTrueClient@sb-bgxknceshxxifwytalex-auth-token:0 (2.93.3) 2026-02-02T15:19:56.540Z #__loadSession() end

[90mstdout[2m | tests/property/scoped-roles-processing-efficiency.test.ts[2m > [22m[2mProperty 10: Scoped Roles Processing Efficiency[2m > [22m[2mProperty 10.4: Role hierarchy cache should maintain 96%+ hit rate
[22m[39mGoTrueClient@sb-bgxknceshxxifwytalex-auth-token:0 (2.93.3) 2026-02-02T15:19:56.540Z #_useSession end

[90mstdout[2m | tests/property/scoped-roles-processing-efficiency.test.ts[2m > [22m[2mProperty 10: Scoped Roles Processing Efficiency[2m > [22m[2mProperty 10.4: Role hierarchy cache should maintain 96%+ hit rate
[22m[39mGoTrueClient@sb-bgxknceshxxifwytalex-auth-token:0 (2.93.3) 2026-02-02T15:19:56.540Z #_acquireLock lock released for storage key sb-bgxknceshxxifwytalex-auth-token

[90mstdout[2m | tests/property/scoped-roles-processing-efficiency.test.ts[2m > [22m[2mProperty 10: Scoped Roles Processing Efficiency[2m > [22m[2mProperty 10.4: Role hierarchy cache should maintain 96%+ hit rate
[22m[39mGoTrueClient@sb-bgxknceshxxifwytalex-auth-token:0 (2.93.3) 2026-02-02T15:19:56.540Z #_acquireLock end

[90mstdout[2m | tests/property/scoped-roles-processing-efficiency.test.ts[2m > [22m[2mProperty 10: Scoped Roles Processing Efficiency[2m > [22m[2mProperty 10.4: Role hierarchy cache should maintain 96%+ hit rate
[22m[39mGoTrueClient@sb-bgxknceshxxifwytalex-auth-token:0 (2.93.3) 2026-02-02T15:19:56.559Z #_acquireLock begin [33m10000[39m
GoTrueClient@sb-bgxknceshxxifwytalex-auth-token:0 (2.93.3) 2026-02-02T15:19:56.559Z #_acquireLock lock acquired for storage key sb-bgxknceshxxifwytalex-auth-token
GoTrueClient@sb-bgxknceshxxifwytalex-auth-token:0 (2.93.3) 2026-02-02T15:19:56.559Z #_useSession begin
GoTrueClient@sb-bgxknceshxxifwytalex-auth-token:0 (2.93.3) 2026-02-02T15:19:56.559Z #__loadSession() begin

[90mstdout[2m | tests/property/scoped-roles-processing-efficiency.test.ts[2m > [22m[2mProperty 10: Scoped Roles Processing Efficiency[2m > [22m[2mProperty 10.4: Role hierarchy cache should maintain 96%+ hit rate
[22m[39mGoTrueClient@sb-bgxknceshxxifwytalex-auth-token:0 (2.93.3) 2026-02-02T15:19:56.560Z #getSession() session from storage [1mnull[22m
GoTrueClient@sb-bgxknceshxxifwytalex-auth-token:0 (2.93.3) 2026-02-02T15:19:56.560Z #__loadSession() end

[90mstdout[2m | tests/property/scoped-roles-processing-efficiency.test.ts[2m > [22m[2mProperty 10: Scoped Roles Processing Efficiency[2m > [22m[2mProperty 10.4: Role hierarchy cache should maintain 96%+ hit rate
[22m[39mGoTrueClient@sb-bgxknceshxxifwytalex-auth-token:0 (2.93.3) 2026-02-02T15:19:56.560Z #_useSession end

[90mstdout[2m | tests/property/scoped-roles-processing-efficiency.test.ts[2m > [22m[2mProperty 10: Scoped Roles Processing Efficiency[2m > [22m[2mProperty 10.4: Role hierarchy cache should maintain 96%+ hit rate
[22m[39mGoTrueClient@sb-bgxknceshxxifwytalex-auth-token:0 (2.93.3) 2026-02-02T15:19:56.560Z #_acquireLock lock released for storage key sb-bgxknceshxxifwytalex-auth-token

[90mstdout[2m | tests/property/scoped-roles-processing-efficiency.test.ts[2m > [22m[2mProperty 10: Scoped Roles Processing Efficiency[2m > [22m[2mProperty 10.4: Role hierarchy cache should maintain 96%+ hit rate
[22m[39mGoTrueClient@sb-bgxknceshxxifwytalex-auth-token:0 (2.93.3) 2026-02-02T15:19:56.560Z #_acquireLock end

[90mstdout[2m | tests/property/scoped-roles-processing-efficiency.test.ts[2m > [22m[2mProperty 10: Scoped Roles Processing Efficiency[2m > [22m[2mProperty 10.4: Role hierarchy cache should maintain 96%+ hit rate
[22m[39mGoTrueClient@sb-bgxknceshxxifwytalex-auth-token:0 (2.93.3) 2026-02-02T15:19:56.615Z #_acquireLock begin [33m10000[39m
GoTrueClient@sb-bgxknceshxxifwytalex-auth-token:0 (2.93.3) 2026-02-02T15:19:56.615Z #_acquireLock lock acquired for storage key sb-bgxknceshxxifwytalex-auth-token
GoTrueClient@sb-bgxknceshxxifwytalex-auth-token:0 (2.93.3) 2026-02-02T15:19:56.615Z #_useSession begin
GoTrueClient@sb-bgxknceshxxifwytalex-auth-token:0 (2.93.3) 2026-02-02T15:19:56.615Z #__loadSession() begin

[90mstdout[2m | tests/property/scoped-roles-processing-efficiency.test.ts[2m > [22m[2mProperty 10: Scoped Roles Processing Efficiency[2m > [22m[2mProperty 10.4: Role hierarchy cache should maintain 96%+ hit rate
[22m[39mGoTrueClient@sb-bgxknceshxxifwytalex-auth-token:0 (2.93.3) 2026-02-02T15:19:56.615Z #getSession() session from storage [1mnull[22m
GoTrueClient@sb-bgxknceshxxifwytalex-auth-token:0 (2.93.3) 2026-02-02T15:19:56.615Z #__loadSession() end

[90mstdout[2m | tests/property/scoped-roles-processing-efficiency.test.ts[2m > [22m[2mProperty 10: Scoped Roles Processing Efficiency[2m > [22m[2mProperty 10.4: Role hierarchy cache should maintain 96%+ hit rate
[22m[39mGoTrueClient@sb-bgxknceshxxifwytalex-auth-token:0 (2.93.3) 2026-02-02T15:19:56.615Z #_useSession end

[90mstdout[2m | tests/property/scoped-roles-processing-efficiency.test.ts[2m > [22m[2mProperty 10: Scoped Roles Processing Efficiency[2m > [22m[2mProperty 10.4: Role hierarchy cache should maintain 96%+ hit rate
[22m[39mGoTrueClient@sb-bgxknceshxxifwytalex-auth-token:0 (2.93.3) 2026-02-02T15:19:56.615Z #_acquireLock lock released for storage key sb-bgxknceshxxifwytalex-auth-token

[90mstdout[2m | tests/property/scoped-roles-processing-efficiency.test.ts[2m > [22m[2mProperty 10: Scoped Roles Processing Efficiency[2m > [22m[2mProperty 10.4: Role hierarchy cache should maintain 96%+ hit rate
[22m[39mGoTrueClient@sb-bgxknceshxxifwytalex-auth-token:0 (2.93.3) 2026-02-02T15:19:56.615Z #_acquireLock end

stderr | tests/property/scoped-roles-processing-efficiency.test.ts > Property 10: Scoped Roles Processing Efficiency > Property 10.4: Role hierarchy cache should maintain 96%+ hit rate
Error fetching project roles: {
  code: 'PGRST200',
  details: "Searched for a foreign key relationship between 'project_roles' and 'user_profiles' in the schema 'public', but no matches were found.",
  hint: null,
  message: "Could not find a relationship between 'project_roles' and 'user_profiles' in the schema cache"
}

[90mstdout[2m | tests/property/scoped-roles-processing-efficiency.test.ts[2m > [22m[2mProperty 10: Scoped Roles Processing Efficiency[2m > [22m[2mProperty 10.4: Role hierarchy cache should maintain 96%+ hit rate
[22m[39mGoTrueClient@sb-bgxknceshxxifwytalex-auth-token:0 (2.93.3) 2026-02-02T15:19:56.623Z #_acquireLock begin [33m10000[39m
GoTrueClient@sb-bgxknceshxxifwytalex-auth-token:0 (2.93.3) 2026-02-02T15:19:56.623Z #_acquireLock lock acquired for storage key sb-bgxknceshxxifwytalex-auth-token
GoTrueClient@sb-bgxknceshxxifwytalex-auth-token:0 (2.93.3) 2026-02-02T15:19:56.623Z #_useSession begin
GoTrueClient@sb-bgxknceshxxifwytalex-auth-token:0 (2.93.3) 2026-02-02T15:19:56.623Z #__loadSession() begin

[90mstdout[2m | tests/property/scoped-roles-processing-efficiency.test.ts[2m > [22m[2mProperty 10: Scoped Roles Processing Efficiency[2m > [22m[2mProperty 10.4: Role hierarchy cache should maintain 96%+ hit rate
[22m[39mGoTrueClient@sb-bgxknceshxxifwytalex-auth-token:0 (2.93.3) 2026-02-02T15:19:56.624Z #getSession() session from storage [1mnull[22m
GoTrueClient@sb-bgxknceshxxifwytalex-auth-token:0 (2.93.3) 2026-02-02T15:19:56.624Z #__loadSession() end

[90mstdout[2m | tests/property/scoped-roles-processing-efficiency.test.ts[2m > [22m[2mProperty 10: Scoped Roles Processing Efficiency[2m > [22m[2mProperty 10.4: Role hierarchy cache should maintain 96%+ hit rate
[22m[39mGoTrueClient@sb-bgxknceshxxifwytalex-auth-token:0 (2.93.3) 2026-02-02T15:19:56.624Z #_useSession end

[90mstdout[2m | tests/property/scoped-roles-processing-efficiency.test.ts[2m > [22m[2mProperty 10: Scoped Roles Processing Efficiency[2m > [22m[2mProperty 10.4: Role hierarchy cache should maintain 96%+ hit rate
[22m[39mGoTrueClient@sb-bgxknceshxxifwytalex-auth-token:0 (2.93.3) 2026-02-02T15:19:56.624Z #_acquireLock lock released for storage key sb-bgxknceshxxifwytalex-auth-token

[90mstdout[2m | tests/property/scoped-roles-processing-efficiency.test.ts[2m > [22m[2mProperty 10: Scoped Roles Processing Efficiency[2m > [22m[2mProperty 10.4: Role hierarchy cache should maintain 96%+ hit rate
[22m[39mGoTrueClient@sb-bgxknceshxxifwytalex-auth-token:0 (2.93.3) 2026-02-02T15:19:56.624Z #_acquireLock end

stderr | tests/property/scoped-roles-processing-efficiency.test.ts > Property 10: Scoped Roles Processing Efficiency > Property 10.4: Role hierarchy cache should maintain 96%+ hit rate
Error fetching org roles: {
  code: 'PGRST200',
  details: "Searched for a foreign key relationship between 'org_roles' and 'user_profiles' in the schema 'public', but no matches were found.",
  hint: null,
  message: "Could not find a relationship between 'org_roles' and 'user_profiles' in the schema cache"
}

[90mstdout[2m | tests/property/scoped-roles-processing-efficiency.test.ts[2m > [22m[2mProperty 10: Scoped Roles Processing Efficiency[2m > [22m[2mProperty 10.4: Role hierarchy cache should maintain 96%+ hit rate
[22m[39mGoTrueClient@sb-bgxknceshxxifwytalex-auth-token:0 (2.93.3) 2026-02-02T15:19:56.735Z #_acquireLock begin [33m10000[39m
GoTrueClient@sb-bgxknceshxxifwytalex-auth-token:0 (2.93.3) 2026-02-02T15:19:56.735Z #_acquireLock lock acquired for storage key sb-bgxknceshxxifwytalex-auth-token
GoTrueClient@sb-bgxknceshxxifwytalex-auth-token:0 (2.93.3) 2026-02-02T15:19:56.735Z #_useSession begin
GoTrueClient@sb-bgxknceshxxifwytalex-auth-token:0 (2.93.3) 2026-02-02T15:19:56.735Z #__loadSession() begin

[90mstdout[2m | tests/property/scoped-roles-processing-efficiency.test.ts[2m > [22m[2mProperty 10: Scoped Roles Processing Efficiency[2m > [22m[2mProperty 10.4: Role hierarchy cache should maintain 96%+ hit rate
[22m[39mGoTrueClient@sb-bgxknceshxxifwytalex-auth-token:0 (2.93.3) 2026-02-02T15:19:56.735Z #getSession() session from storage [1mnull[22m
GoTrueClient@sb-bgxknceshxxifwytalex-auth-token:0 (2.93.3) 2026-02-02T15:19:56.735Z #__loadSession() end

[90mstdout[2m | tests/property/scoped-roles-processing-efficiency.test.ts[2m > [22m[2mProperty 10: Scoped Roles Processing Efficiency[2m > [22m[2mProperty 10.4: Role hierarchy cache should maintain 96%+ hit rate
[22m[39mGoTrueClient@sb-bgxknceshxxifwytalex-auth-token:0 (2.93.3) 2026-02-02T15:19:56.735Z #_useSession end

[90mstdout[2m | tests/property/scoped-roles-processing-efficiency.test.ts[2m > [22m[2mProperty 10: Scoped Roles Processing Efficiency[2m > [22m[2mProperty 10.4: Role hierarchy cache should maintain 96%+ hit rate
[22m[39mGoTrueClient@sb-bgxknceshxxifwytalex-auth-token:0 (2.93.3) 2026-02-02T15:19:56.735Z #_acquireLock lock released for storage key sb-bgxknceshxxifwytalex-auth-token

[90mstdout[2m | tests/property/scoped-roles-processing-efficiency.test.ts[2m > [22m[2mProperty 10: Scoped Roles Processing Efficiency[2m > [22m[2mProperty 10.4: Role hierarchy cache should maintain 96%+ hit rate
[22m[39mGoTrueClient@sb-bgxknceshxxifwytalex-auth-token:0 (2.93.3) 2026-02-02T15:19:56.735Z #_acquireLock end

stderr | tests/property/scoped-roles-processing-efficiency.test.ts > Property 10: Scoped Roles Processing Efficiency > Property 10.4: Role hierarchy cache should maintain 96%+ hit rate
Error fetching project roles: {
  code: 'PGRST200',
  details: "Searched for a foreign key relationship between 'project_roles' and 'user_profiles' in the schema 'public', but no matches were found.",
  hint: null,
  message: "Could not find a relationship between 'project_roles' and 'user_profiles' in the schema cache"
}

[90mstdout[2m | tests/property/scoped-roles-processing-efficiency.test.ts[2m > [22m[2mProperty 10: Scoped Roles Processing Efficiency[2m > [22m[2mProperty 10.4: Role hierarchy cache should maintain 96%+ hit rate
[22m[39mGoTrueClient@sb-bgxknceshxxifwytalex-auth-token:0 (2.93.3) 2026-02-02T15:19:56.781Z #_acquireLock begin [33m10000[39m
GoTrueClient@sb-bgxknceshxxifwytalex-auth-token:0 (2.93.3) 2026-02-02T15:19:56.781Z #_acquireLock lock acquired for storage key sb-bgxknceshxxifwytalex-auth-token
GoTrueClient@sb-bgxknceshxxifwytalex-auth-token:0 (2.93.3) 2026-02-02T15:19:56.781Z #_useSession begin
GoTrueClient@sb-bgxknceshxxifwytalex-auth-token:0 (2.93.3) 2026-02-02T15:19:56.781Z #__loadSession() begin

[90mstdout[2m | tests/property/scoped-roles-processing-efficiency.test.ts[2m > [22m[2mProperty 10: Scoped Roles Processing Efficiency[2m > [22m[2mProperty 10.4: Role hierarchy cache should maintain 96%+ hit rate
[22m[39mGoTrueClient@sb-bgxknceshxxifwytalex-auth-token:0 (2.93.3) 2026-02-02T15:19:56.781Z #getSession() session from storage [1mnull[22m
GoTrueClient@sb-bgxknceshxxifwytalex-auth-token:0 (2.93.3) 2026-02-02T15:19:56.781Z #__loadSession() end

[90mstdout[2m | tests/property/scoped-roles-processing-efficiency.test.ts[2m > [22m[2mProperty 10: Scoped Roles Processing Efficiency[2m > [22m[2mProperty 10.4: Role hierarchy cache should maintain 96%+ hit rate
[22m[39mGoTrueClient@sb-bgxknceshxxifwytalex-auth-token:0 (2.93.3) 2026-02-02T15:19:56.781Z #_useSession end

[90mstdout[2m | tests/property/scoped-roles-processing-efficiency.test.ts[2m > [22m[2mProperty 10: Scoped Roles Processing Efficiency[2m > [22m[2mProperty 10.4: Role hierarchy cache should maintain 96%+ hit rate
[22m[39mGoTrueClient@sb-bgxknceshxxifwytalex-auth-token:0 (2.93.3) 2026-02-02T15:19:56.782Z #_acquireLock lock released for storage key sb-bgxknceshxxifwytalex-auth-token

[90mstdout[2m | tests/property/scoped-roles-processing-efficiency.test.ts[2m > [22m[2mProperty 10: Scoped Roles Processing Efficiency[2m > [22m[2mProperty 10.4: Role hierarchy cache should maintain 96%+ hit rate
[22m[39mGoTrueClient@sb-bgxknceshxxifwytalex-auth-token:0 (2.93.3) 2026-02-02T15:19:56.782Z #_acquireLock end

[90mstdout[2m | tests/property/scoped-roles-processing-efficiency.test.ts[2m > [22m[2mProperty 10: Scoped Roles Processing Efficiency[2m > [22m[2mProperty 10.4: Role hierarchy cache should maintain 96%+ hit rate
[22m[39mGoTrueClient@sb-bgxknceshxxifwytalex-auth-token:0 (2.93.3) 2026-02-02T15:19:56.827Z #_acquireLock begin [33m10000[39m
GoTrueClient@sb-bgxknceshxxifwytalex-auth-token:0 (2.93.3) 2026-02-02T15:19:56.827Z #_acquireLock lock acquired for storage key sb-bgxknceshxxifwytalex-auth-token
GoTrueClient@sb-bgxknceshxxifwytalex-auth-token:0 (2.93.3) 2026-02-02T15:19:56.827Z #_useSession begin
GoTrueClient@sb-bgxknceshxxifwytalex-auth-token:0 (2.93.3) 2026-02-02T15:19:56.827Z #__loadSession() begin

[90mstdout[2m | tests/property/scoped-roles-processing-efficiency.test.ts[2m > [22m[2mProperty 10: Scoped Roles Processing Efficiency[2m > [22m[2mProperty 10.4: Role hierarchy cache should maintain 96%+ hit rate
[22m[39mGoTrueClient@sb-bgxknceshxxifwytalex-auth-token:0 (2.93.3) 2026-02-02T15:19:56.828Z #getSession() session from storage [1mnull[22m
GoTrueClient@sb-bgxknceshxxifwytalex-auth-token:0 (2.93.3) 2026-02-02T15:19:56.828Z #__loadSession() end

[90mstdout[2m | tests/property/scoped-roles-processing-efficiency.test.ts[2m > [22m[2mProperty 10: Scoped Roles Processing Efficiency[2m > [22m[2mProperty 10.4: Role hierarchy cache should maintain 96%+ hit rate
[22m[39mGoTrueClient@sb-bgxknceshxxifwytalex-auth-token:0 (2.93.3) 2026-02-02T15:19:56.828Z #_useSession end

[90mstdout[2m | tests/property/scoped-roles-processing-efficiency.test.ts[2m > [22m[2mProperty 10: Scoped Roles Processing Efficiency[2m > [22m[2mProperty 10.4: Role hierarchy cache should maintain 96%+ hit rate
[22m[39mGoTrueClient@sb-bgxknceshxxifwytalex-auth-token:0 (2.93.3) 2026-02-02T15:19:56.828Z #_acquireLock lock released for storage key sb-bgxknceshxxifwytalex-auth-token

[90mstdout[2m | tests/property/scoped-roles-processing-efficiency.test.ts[2m > [22m[2mProperty 10: Scoped Roles Processing Efficiency[2m > [22m[2mProperty 10.4: Role hierarchy cache should maintain 96%+ hit rate
[22m[39mGoTrueClient@sb-bgxknceshxxifwytalex-auth-token:0 (2.93.3) 2026-02-02T15:19:56.828Z #_acquireLock end

stderr | tests/property/scoped-roles-processing-efficiency.test.ts > Property 10: Scoped Roles Processing Efficiency > Property 10.4: Role hierarchy cache should maintain 96%+ hit rate
Error fetching project roles: {
  code: 'PGRST200',
  details: "Searched for a foreign key relationship between 'project_roles' and 'user_profiles' in the schema 'public', but no matches were found.",
  hint: null,
  message: "Could not find a relationship between 'project_roles' and 'user_profiles' in the schema cache"
}

[90mstdout[2m | tests/property/scoped-roles-processing-efficiency.test.ts[2m > [22m[2mProperty 10: Scoped Roles Processing Efficiency[2m > [22m[2mProperty 10.4: Role hierarchy cache should maintain 96%+ hit rate
[22m[39mGoTrueClient@sb-bgxknceshxxifwytalex-auth-token:0 (2.93.3) 2026-02-02T15:19:56.843Z #_acquireLock begin [33m10000[39m
GoTrueClient@sb-bgxknceshxxifwytalex-auth-token:0 (2.93.3) 2026-02-02T15:19:56.843Z #_acquireLock lock acquired for storage key sb-bgxknceshxxifwytalex-auth-token
GoTrueClient@sb-bgxknceshxxifwytalex-auth-token:0 (2.93.3) 2026-02-02T15:19:56.843Z #_useSession begin
GoTrueClient@sb-bgxknceshxxifwytalex-auth-token:0 (2.93.3) 2026-02-02T15:19:56.843Z #__loadSession() begin

[90mstdout[2m | tests/property/scoped-roles-processing-efficiency.test.ts[2m > [22m[2mProperty 10: Scoped Roles Processing Efficiency[2m > [22m[2mProperty 10.4: Role hierarchy cache should maintain 96%+ hit rate
[22m[39mGoTrueClient@sb-bgxknceshxxifwytalex-auth-token:0 (2.93.3) 2026-02-02T15:19:56.843Z #getSession() session from storage [1mnull[22m
GoTrueClient@sb-bgxknceshxxifwytalex-auth-token:0 (2.93.3) 2026-02-02T15:19:56.843Z #__loadSession() end

[90mstdout[2m | tests/property/scoped-roles-processing-efficiency.test.ts[2m > [22m[2mProperty 10: Scoped Roles Processing Efficiency[2m > [22m[2mProperty 10.4: Role hierarchy cache should maintain 96%+ hit rate
[22m[39mGoTrueClient@sb-bgxknceshxxifwytalex-auth-token:0 (2.93.3) 2026-02-02T15:19:56.843Z #_useSession end

[90mstdout[2m | tests/property/scoped-roles-processing-efficiency.test.ts[2m > [22m[2mProperty 10: Scoped Roles Processing Efficiency[2m > [22m[2mProperty 10.4: Role hierarchy cache should maintain 96%+ hit rate
[22m[39mGoTrueClient@sb-bgxknceshxxifwytalex-auth-token:0 (2.93.3) 2026-02-02T15:19:56.843Z #_acquireLock lock released for storage key sb-bgxknceshxxifwytalex-auth-token

[90mstdout[2m | tests/property/scoped-roles-processing-efficiency.test.ts[2m > [22m[2mProperty 10: Scoped Roles Processing Efficiency[2m > [22m[2mProperty 10.4: Role hierarchy cache should maintain 96%+ hit rate
[22m[39mGoTrueClient@sb-bgxknceshxxifwytalex-auth-token:0 (2.93.3) 2026-02-02T15:19:56.843Z #_acquireLock end

stderr | tests/property/scoped-roles-processing-efficiency.test.ts > Property 10: Scoped Roles Processing Efficiency > Property 10.4: Role hierarchy cache should maintain 96%+ hit rate
Error fetching org roles: {
  code: 'PGRST200',
  details: "Searched for a foreign key relationship between 'org_roles' and 'user_profiles' in the schema 'public', but no matches were found.",
  hint: null,
  message: "Could not find a relationship between 'org_roles' and 'user_profiles' in the schema cache"
}

[90mstdout[2m | tests/property/scoped-roles-processing-efficiency.test.ts[2m > [22m[2mProperty 10: Scoped Roles Processing Efficiency[2m > [22m[2mProperty 10.4: Role hierarchy cache should maintain 96%+ hit rate
[22m[39mGoTrueClient@sb-bgxknceshxxifwytalex-auth-token:0 (2.93.3) 2026-02-02T15:19:56.929Z #_acquireLock begin [33m10000[39m
GoTrueClient@sb-bgxknceshxxifwytalex-auth-token:0 (2.93.3) 2026-02-02T15:19:56.929Z #_acquireLock lock acquired for storage key sb-bgxknceshxxifwytalex-auth-token
GoTrueClient@sb-bgxknceshxxifwytalex-auth-token:0 (2.93.3) 2026-02-02T15:19:56.929Z #_useSession begin
GoTrueClient@sb-bgxknceshxxifwytalex-auth-token:0 (2.93.3) 2026-02-02T15:19:56.929Z #__loadSession() begin

[90mstdout[2m | tests/property/scoped-roles-processing-efficiency.test.ts[2m > [22m[2mProperty 10: Scoped Roles Processing Efficiency[2m > [22m[2mProperty 10.4: Role hierarchy cache should maintain 96%+ hit rate
[22m[39mGoTrueClient@sb-bgxknceshxxifwytalex-auth-token:0 (2.93.3) 2026-02-02T15:19:56.929Z #getSession() session from storage [1mnull[22m
GoTrueClient@sb-bgxknceshxxifwytalex-auth-token:0 (2.93.3) 2026-02-02T15:19:56.929Z #__loadSession() end

[90mstdout[2m | tests/property/scoped-roles-processing-efficiency.test.ts[2m > [22m[2mProperty 10: Scoped Roles Processing Efficiency[2m > [22m[2mProperty 10.4: Role hierarchy cache should maintain 96%+ hit rate
[22m[39mGoTrueClient@sb-bgxknceshxxifwytalex-auth-token:0 (2.93.3) 2026-02-02T15:19:56.929Z #_useSession end

[90mstdout[2m | tests/property/scoped-roles-processing-efficiency.test.ts[2m > [22m[2mProperty 10: Scoped Roles Processing Efficiency[2m > [22m[2mProperty 10.4: Role hierarchy cache should maintain 96%+ hit rate
[22m[39mGoTrueClient@sb-bgxknceshxxifwytalex-auth-token:0 (2.93.3) 2026-02-02T15:19:56.929Z #_acquireLock lock released for storage key sb-bgxknceshxxifwytalex-auth-token

[90mstdout[2m | tests/property/scoped-roles-processing-efficiency.test.ts[2m > [22m[2mProperty 10: Scoped Roles Processing Efficiency[2m > [22m[2mProperty 10.4: Role hierarchy cache should maintain 96%+ hit rate
[22m[39mGoTrueClient@sb-bgxknceshxxifwytalex-auth-token:0 (2.93.3) 2026-02-02T15:19:56.929Z #_acquireLock end

stderr | tests/property/scoped-roles-processing-efficiency.test.ts > Property 10: Scoped Roles Processing Efficiency > Property 10.4: Role hierarchy cache should maintain 96%+ hit rate
Error fetching project roles: {
  code: 'PGRST200',
  details: "Searched for a foreign key relationship between 'project_roles' and 'user_profiles' in the schema 'public', but no matches were found.",
  hint: null,
  message: "Could not find a relationship between 'project_roles' and 'user_profiles' in the schema cache"
}

[90mstdout[2m | tests/property/scoped-roles-processing-efficiency.test.ts[2m > [22m[2mProperty 10: Scoped Roles Processing Efficiency[2m > [22m[2mProperty 10.4: Role hierarchy cache should maintain 96%+ hit rate
[22m[39mGoTrueClient@sb-bgxknceshxxifwytalex-auth-token:0 (2.93.3) 2026-02-02T15:19:56.984Z #_acquireLock begin [33m10000[39m
GoTrueClient@sb-bgxknceshxxifwytalex-auth-token:0 (2.93.3) 2026-02-02T15:19:56.985Z #_acquireLock lock acquired for storage key sb-bgxknceshxxifwytalex-auth-token
GoTrueClient@sb-bgxknceshxxifwytalex-auth-token:0 (2.93.3) 2026-02-02T15:19:56.985Z #_useSession begin
GoTrueClient@sb-bgxknceshxxifwytalex-auth-token:0 (2.93.3) 2026-02-02T15:19:56.985Z #__loadSession() begin

[90mstdout[2m | tests/property/scoped-roles-processing-efficiency.test.ts[2m > [22m[2mProperty 10: Scoped Roles Processing Efficiency[2m > [22m[2mProperty 10.4: Role hierarchy cache should maintain 96%+ hit rate
[22m[39mGoTrueClient@sb-bgxknceshxxifwytalex-auth-token:0 (2.93.3) 2026-02-02T15:19:56.985Z #getSession() session from storage [1mnull[22m
GoTrueClient@sb-bgxknceshxxifwytalex-auth-token:0 (2.93.3) 2026-02-02T15:19:56.985Z #__loadSession() end

[90mstdout[2m | tests/property/scoped-roles-processing-efficiency.test.ts[2m > [22m[2mProperty 10: Scoped Roles Processing Efficiency[2m > [22m[2mProperty 10.4: Role hierarchy cache should maintain 96%+ hit rate
[22m[39mGoTrueClient@sb-bgxknceshxxifwytalex-auth-token:0 (2.93.3) 2026-02-02T15:19:56.985Z #_useSession end

[90mstdout[2m | tests/property/scoped-roles-processing-efficiency.test.ts[2m > [22m[2mProperty 10: Scoped Roles Processing Efficiency[2m > [22m[2mProperty 10.4: Role hierarchy cache should maintain 96%+ hit rate
[22m[39mGoTrueClient@sb-bgxknceshxxifwytalex-auth-token:0 (2.93.3) 2026-02-02T15:19:56.985Z #_acquireLock lock released for storage key sb-bgxknceshxxifwytalex-auth-token

[90mstdout[2m | tests/property/scoped-roles-processing-efficiency.test.ts[2m > [22m[2mProperty 10: Scoped Roles Processing Efficiency[2m > [22m[2mProperty 10.4: Role hierarchy cache should maintain 96%+ hit rate
[22m[39mGoTrueClient@sb-bgxknceshxxifwytalex-auth-token:0 (2.93.3) 2026-02-02T15:19:56.985Z #_acquireLock end

[90mstdout[2m | tests/property/scoped-roles-processing-efficiency.test.ts[2m > [22m[2mProperty 10: Scoped Roles Processing Efficiency[2m > [22m[2mProperty 10.4: Role hierarchy cache should maintain 96%+ hit rate
[22m[39mGoTrueClient@sb-bgxknceshxxifwytalex-auth-token:0 (2.93.3) 2026-02-02T15:19:57.044Z #_acquireLock begin [33m10000[39m
GoTrueClient@sb-bgxknceshxxifwytalex-auth-token:0 (2.93.3) 2026-02-02T15:19:57.045Z #_acquireLock lock acquired for storage key sb-bgxknceshxxifwytalex-auth-token
GoTrueClient@sb-bgxknceshxxifwytalex-auth-token:0 (2.93.3) 2026-02-02T15:19:57.045Z #_useSession begin
GoTrueClient@sb-bgxknceshxxifwytalex-auth-token:0 (2.93.3) 2026-02-02T15:19:57.045Z #__loadSession() begin

[90mstdout[2m | tests/property/scoped-roles-processing-efficiency.test.ts[2m > [22m[2mProperty 10: Scoped Roles Processing Efficiency[2m > [22m[2mProperty 10.4: Role hierarchy cache should maintain 96%+ hit rate
[22m[39mGoTrueClient@sb-bgxknceshxxifwytalex-auth-token:0 (2.93.3) 2026-02-02T15:19:57.045Z #getSession() session from storage [1mnull[22m
GoTrueClient@sb-bgxknceshxxifwytalex-auth-token:0 (2.93.3) 2026-02-02T15:19:57.045Z #__loadSession() end

[90mstdout[2m | tests/property/scoped-roles-processing-efficiency.test.ts[2m > [22m[2mProperty 10: Scoped Roles Processing Efficiency[2m > [22m[2mProperty 10.4: Role hierarchy cache should maintain 96%+ hit rate
[22m[39mGoTrueClient@sb-bgxknceshxxifwytalex-auth-token:0 (2.93.3) 2026-02-02T15:19:57.045Z #_useSession end

[90mstdout[2m | tests/property/scoped-roles-processing-efficiency.test.ts[2m > [22m[2mProperty 10: Scoped Roles Processing Efficiency[2m > [22m[2mProperty 10.4: Role hierarchy cache should maintain 96%+ hit rate
[22m[39mGoTrueClient@sb-bgxknceshxxifwytalex-auth-token:0 (2.93.3) 2026-02-02T15:19:57.045Z #_acquireLock lock released for storage key sb-bgxknceshxxifwytalex-auth-token

[90mstdout[2m | tests/property/scoped-roles-processing-efficiency.test.ts[2m > [22m[2mProperty 10: Scoped Roles Processing Efficiency[2m > [22m[2mProperty 10.4: Role hierarchy cache should maintain 96%+ hit rate
[22m[39mGoTrueClient@sb-bgxknceshxxifwytalex-auth-token:0 (2.93.3) 2026-02-02T15:19:57.045Z #_acquireLock end

stderr | tests/property/scoped-roles-processing-efficiency.test.ts > Property 10: Scoped Roles Processing Efficiency > Property 10.4: Role hierarchy cache should maintain 96%+ hit rate
Error fetching project roles: {
  code: 'PGRST200',
  details: "Searched for a foreign key relationship between 'project_roles' and 'user_profiles' in the schema 'public', but no matches were found.",
  hint: null,
  message: "Could not find a relationship between 'project_roles' and 'user_profiles' in the schema cache"
}

[90mstdout[2m | tests/property/scoped-roles-processing-efficiency.test.ts[2m > [22m[2mProperty 10: Scoped Roles Processing Efficiency[2m > [22m[2mProperty 10.4: Role hierarchy cache should maintain 96%+ hit rate
[22m[39mGoTrueClient@sb-bgxknceshxxifwytalex-auth-token:0 (2.93.3) 2026-02-02T15:19:57.063Z #_acquireLock begin [33m10000[39m
GoTrueClient@sb-bgxknceshxxifwytalex-auth-token:0 (2.93.3) 2026-02-02T15:19:57.063Z #_acquireLock lock acquired for storage key sb-bgxknceshxxifwytalex-auth-token
GoTrueClient@sb-bgxknceshxxifwytalex-auth-token:0 (2.93.3) 2026-02-02T15:19:57.063Z #_useSession begin
GoTrueClient@sb-bgxknceshxxifwytalex-auth-token:0 (2.93.3) 2026-02-02T15:19:57.063Z #__loadSession() begin

[90mstdout[2m | tests/property/scoped-roles-processing-efficiency.test.ts[2m > [22m[2mProperty 10: Scoped Roles Processing Efficiency[2m > [22m[2mProperty 10.4: Role hierarchy cache should maintain 96%+ hit rate
[22m[39mGoTrueClient@sb-bgxknceshxxifwytalex-auth-token:0 (2.93.3) 2026-02-02T15:19:57.063Z #getSession() session from storage [1mnull[22m
GoTrueClient@sb-bgxknceshxxifwytalex-auth-token:0 (2.93.3) 2026-02-02T15:19:57.063Z #__loadSession() end

[90mstdout[2m | tests/property/scoped-roles-processing-efficiency.test.ts[2m > [22m[2mProperty 10: Scoped Roles Processing Efficiency[2m > [22m[2mProperty 10.4: Role hierarchy cache should maintain 96%+ hit rate
[22m[39mGoTrueClient@sb-bgxknceshxxifwytalex-auth-token:0 (2.93.3) 2026-02-02T15:19:57.063Z #_useSession end

[90mstdout[2m | tests/property/scoped-roles-processing-efficiency.test.ts[2m > [22m[2mProperty 10: Scoped Roles Processing Efficiency[2m > [22m[2mProperty 10.4: Role hierarchy cache should maintain 96%+ hit rate
[22m[39mGoTrueClient@sb-bgxknceshxxifwytalex-auth-token:0 (2.93.3) 2026-02-02T15:19:57.063Z #_acquireLock lock released for storage key sb-bgxknceshxxifwytalex-auth-token

[90mstdout[2m | tests/property/scoped-roles-processing-efficiency.test.ts[2m > [22m[2mProperty 10: Scoped Roles Processing Efficiency[2m > [22m[2mProperty 10.4: Role hierarchy cache should maintain 96%+ hit rate
[22m[39mGoTrueClient@sb-bgxknceshxxifwytalex-auth-token:0 (2.93.3) 2026-02-02T15:19:57.064Z #_acquireLock end

stderr | tests/property/scoped-roles-processing-efficiency.test.ts > Property 10: Scoped Roles Processing Efficiency > Property 10.4: Role hierarchy cache should maintain 96%+ hit rate
Error fetching org roles: {
  code: 'PGRST200',
  details: "Searched for a foreign key relationship between 'org_roles' and 'user_profiles' in the schema 'public', but no matches were found.",
  hint: null,
  message: "Could not find a relationship between 'org_roles' and 'user_profiles' in the schema cache"
}

[90mstdout[2m | tests/property/scoped-roles-processing-efficiency.test.ts[2m > [22m[2mProperty 10: Scoped Roles Processing Efficiency[2m > [22m[2mProperty 10.4: Role hierarchy cache should maintain 96%+ hit rate
[22m[39mGoTrueClient@sb-bgxknceshxxifwytalex-auth-token:0 (2.93.3) 2026-02-02T15:19:57.136Z #_acquireLock begin [33m10000[39m
GoTrueClient@sb-bgxknceshxxifwytalex-auth-token:0 (2.93.3) 2026-02-02T15:19:57.136Z #_acquireLock lock acquired for storage key sb-bgxknceshxxifwytalex-auth-token
GoTrueClient@sb-bgxknceshxxifwytalex-auth-token:0 (2.93.3) 2026-02-02T15:19:57.136Z #_useSession begin
GoTrueClient@sb-bgxknceshxxifwytalex-auth-token:0 (2.93.3) 2026-02-02T15:19:57.136Z #__loadSession() begin

[90mstdout[2m | tests/property/scoped-roles-processing-efficiency.test.ts[2m > [22m[2mProperty 10: Scoped Roles Processing Efficiency[2m > [22m[2mProperty 10.4: Role hierarchy cache should maintain 96%+ hit rate
[22m[39mGoTrueClient@sb-bgxknceshxxifwytalex-auth-token:0 (2.93.3) 2026-02-02T15:19:57.136Z #getSession() session from storage [1mnull[22m
GoTrueClient@sb-bgxknceshxxifwytalex-auth-token:0 (2.93.3) 2026-02-02T15:19:57.136Z #__loadSession() end

[90mstdout[2m | tests/property/scoped-roles-processing-efficiency.test.ts[2m > [22m[2mProperty 10: Scoped Roles Processing Efficiency[2m > [22m[2mProperty 10.4: Role hierarchy cache should maintain 96%+ hit rate
[22m[39mGoTrueClient@sb-bgxknceshxxifwytalex-auth-token:0 (2.93.3) 2026-02-02T15:19:57.136Z #_useSession end

[90mstdout[2m | tests/property/scoped-roles-processing-efficiency.test.ts[2m > [22m[2mProperty 10: Scoped Roles Processing Efficiency[2m > [22m[2mProperty 10.4: Role hierarchy cache should maintain 96%+ hit rate
[22m[39mGoTrueClient@sb-bgxknceshxxifwytalex-auth-token:0 (2.93.3) 2026-02-02T15:19:57.136Z #_acquireLock lock released for storage key sb-bgxknceshxxifwytalex-auth-token

[90mstdout[2m | tests/property/scoped-roles-processing-efficiency.test.ts[2m > [22m[2mProperty 10: Scoped Roles Processing Efficiency[2m > [22m[2mProperty 10.4: Role hierarchy cache should maintain 96%+ hit rate
[22m[39mGoTrueClient@sb-bgxknceshxxifwytalex-auth-token:0 (2.93.3) 2026-02-02T15:19:57.136Z #_acquireLock end

stderr | tests/property/scoped-roles-processing-efficiency.test.ts > Property 10: Scoped Roles Processing Efficiency > Property 10.4: Role hierarchy cache should maintain 96%+ hit rate
Error fetching org roles: {
  code: 'PGRST200',
  details: "Searched for a foreign key relationship between 'org_roles' and 'user_profiles' in the schema 'public', but no matches were found.",
  hint: null,
  message: "Could not find a relationship between 'org_roles' and 'user_profiles' in the schema cache"
}

[90mstdout[2m | tests/property/scoped-roles-processing-efficiency.test.ts[2m > [22m[2mProperty 10: Scoped Roles Processing Efficiency[2m > [22m[2mProperty 10.4: Role hierarchy cache should maintain 96%+ hit rate
[22m[39mGoTrueClient@sb-bgxknceshxxifwytalex-auth-token:0 (2.93.3) 2026-02-02T15:19:57.190Z #_acquireLock begin [33m10000[39m
GoTrueClient@sb-bgxknceshxxifwytalex-auth-token:0 (2.93.3) 2026-02-02T15:19:57.190Z #_acquireLock lock acquired for storage key sb-bgxknceshxxifwytalex-auth-token
GoTrueClient@sb-bgxknceshxxifwytalex-auth-token:0 (2.93.3) 2026-02-02T15:19:57.190Z #_useSession begin
GoTrueClient@sb-bgxknceshxxifwytalex-auth-token:0 (2.93.3) 2026-02-02T15:19:57.190Z #__loadSession() begin

[90mstdout[2m | tests/property/scoped-roles-processing-efficiency.test.ts[2m > [22m[2mProperty 10: Scoped Roles Processing Efficiency[2m > [22m[2mProperty 10.4: Role hierarchy cache should maintain 96%+ hit rate
[22m[39mGoTrueClient@sb-bgxknceshxxifwytalex-auth-token:0 (2.93.3) 2026-02-02T15:19:57.190Z #getSession() session from storage [1mnull[22m
GoTrueClient@sb-bgxknceshxxifwytalex-auth-token:0 (2.93.3) 2026-02-02T15:19:57.190Z #__loadSession() end

[90mstdout[2m | tests/property/scoped-roles-processing-efficiency.test.ts[2m > [22m[2mProperty 10: Scoped Roles Processing Efficiency[2m > [22m[2mProperty 10.4: Role hierarchy cache should maintain 96%+ hit rate
[22m[39mGoTrueClient@sb-bgxknceshxxifwytalex-auth-token:0 (2.93.3) 2026-02-02T15:19:57.190Z #_useSession end

[90mstdout[2m | tests/property/scoped-roles-processing-efficiency.test.ts[2m > [22m[2mProperty 10: Scoped Roles Processing Efficiency[2m > [22m[2mProperty 10.4: Role hierarchy cache should maintain 96%+ hit rate
[22m[39mGoTrueClient@sb-bgxknceshxxifwytalex-auth-token:0 (2.93.3) 2026-02-02T15:19:57.190Z #_acquireLock lock released for storage key sb-bgxknceshxxifwytalex-auth-token

[90mstdout[2m | tests/property/scoped-roles-processing-efficiency.test.ts[2m > [22m[2mProperty 10: Scoped Roles Processing Efficiency[2m > [22m[2mProperty 10.4: Role hierarchy cache should maintain 96%+ hit rate
[22m[39mGoTrueClient@sb-bgxknceshxxifwytalex-auth-token:0 (2.93.3) 2026-02-02T15:19:57.190Z #_acquireLock end

[90mstdout[2m | tests/property/scoped-roles-processing-efficiency.test.ts[2m > [22m[2mProperty 10: Scoped Roles Processing Efficiency[2m > [22m[2mProperty 10.4: Role hierarchy cache should maintain 96%+ hit rate
[22m[39mGoTrueClient@sb-bgxknceshxxifwytalex-auth-token:0 (2.93.3) 2026-02-02T15:19:57.253Z #_acquireLock begin [33m10000[39m
GoTrueClient@sb-bgxknceshxxifwytalex-auth-token:0 (2.93.3) 2026-02-02T15:19:57.253Z #_acquireLock lock acquired for storage key sb-bgxknceshxxifwytalex-auth-token
GoTrueClient@sb-bgxknceshxxifwytalex-auth-token:0 (2.93.3) 2026-02-02T15:19:57.253Z #_useSession begin
GoTrueClient@sb-bgxknceshxxifwytalex-auth-token:0 (2.93.3) 2026-02-02T15:19:57.253Z #__loadSession() begin

[90mstdout[2m | tests/property/scoped-roles-processing-efficiency.test.ts[2m > [22m[2mProperty 10: Scoped Roles Processing Efficiency[2m > [22m[2mProperty 10.4: Role hierarchy cache should maintain 96%+ hit rate
[22m[39mGoTrueClient@sb-bgxknceshxxifwytalex-auth-token:0 (2.93.3) 2026-02-02T15:19:57.254Z #getSession() session from storage [1mnull[22m
GoTrueClient@sb-bgxknceshxxifwytalex-auth-token:0 (2.93.3) 2026-02-02T15:19:57.254Z #__loadSession() end

[90mstdout[2m | tests/property/scoped-roles-processing-efficiency.test.ts[2m > [22m[2mProperty 10: Scoped Roles Processing Efficiency[2m > [22m[2mProperty 10.4: Role hierarchy cache should maintain 96%+ hit rate
[22m[39mGoTrueClient@sb-bgxknceshxxifwytalex-auth-token:0 (2.93.3) 2026-02-02T15:19:57.254Z #_useSession end

[90mstdout[2m | tests/property/scoped-roles-processing-efficiency.test.ts[2m > [22m[2mProperty 10: Scoped Roles Processing Efficiency[2m > [22m[2mProperty 10.4: Role hierarchy cache should maintain 96%+ hit rate
[22m[39mGoTrueClient@sb-bgxknceshxxifwytalex-auth-token:0 (2.93.3) 2026-02-02T15:19:57.254Z #_acquireLock lock released for storage key sb-bgxknceshxxifwytalex-auth-token

[90mstdout[2m | tests/property/scoped-roles-processing-efficiency.test.ts[2m > [22m[2mProperty 10: Scoped Roles Processing Efficiency[2m > [22m[2mProperty 10.4: Role hierarchy cache should maintain 96%+ hit rate
[22m[39mGoTrueClient@sb-bgxknceshxxifwytalex-auth-token:0 (2.93.3) 2026-02-02T15:19:57.254Z #_acquireLock end

stderr | tests/property/scoped-roles-processing-efficiency.test.ts > Property 10: Scoped Roles Processing Efficiency > Property 10.4: Role hierarchy cache should maintain 96%+ hit rate
Error fetching project roles: {
  code: 'PGRST200',
  details: "Searched for a foreign key relationship between 'project_roles' and 'user_profiles' in the schema 'public', but no matches were found.",
  hint: null,
  message: "Could not find a relationship between 'project_roles' and 'user_profiles' in the schema cache"
}

[90mstdout[2m | tests/property/scoped-roles-processing-efficiency.test.ts[2m > [22m[2mProperty 10: Scoped Roles Processing Efficiency[2m > [22m[2mProperty 10.4: Role hierarchy cache should maintain 96%+ hit rate
[22m[39mGoTrueClient@sb-bgxknceshxxifwytalex-auth-token:0 (2.93.3) 2026-02-02T15:19:57.272Z #_acquireLock begin [33m10000[39m
GoTrueClient@sb-bgxknceshxxifwytalex-auth-token:0 (2.93.3) 2026-02-02T15:19:57.272Z #_acquireLock lock acquired for storage key sb-bgxknceshxxifwytalex-auth-token
GoTrueClient@sb-bgxknceshxxifwytalex-auth-token:0 (2.93.3) 2026-02-02T15:19:57.272Z #_useSession begin
GoTrueClient@sb-bgxknceshxxifwytalex-auth-token:0 (2.93.3) 2026-02-02T15:19:57.272Z #__loadSession() begin

[90mstdout[2m | tests/property/scoped-roles-processing-efficiency.test.ts[2m > [22m[2mProperty 10: Scoped Roles Processing Efficiency[2m > [22m[2mProperty 10.4: Role hierarchy cache should maintain 96%+ hit rate
[22m[39mGoTrueClient@sb-bgxknceshxxifwytalex-auth-token:0 (2.93.3) 2026-02-02T15:19:57.273Z #getSession() session from storage [1mnull[22m
GoTrueClient@sb-bgxknceshxxifwytalex-auth-token:0 (2.93.3) 2026-02-02T15:19:57.273Z #__loadSession() end

[90mstdout[2m | tests/property/scoped-roles-processing-efficiency.test.ts[2m > [22m[2mProperty 10: Scoped Roles Processing Efficiency[2m > [22m[2mProperty 10.4: Role hierarchy cache should maintain 96%+ hit rate
[22m[39mGoTrueClient@sb-bgxknceshxxifwytalex-auth-token:0 (2.93.3) 2026-02-02T15:19:57.273Z #_useSession end

[90mstdout[2m | tests/property/scoped-roles-processing-efficiency.test.ts[2m > [22m[2mProperty 10: Scoped Roles Processing Efficiency[2m > [22m[2mProperty 10.4: Role hierarchy cache should maintain 96%+ hit rate
[22m[39mGoTrueClient@sb-bgxknceshxxifwytalex-auth-token:0 (2.93.3) 2026-02-02T15:19:57.273Z #_acquireLock lock released for storage key sb-bgxknceshxxifwytalex-auth-token

[90mstdout[2m | tests/property/scoped-roles-processing-efficiency.test.ts[2m > [22m[2mProperty 10: Scoped Roles Processing Efficiency[2m > [22m[2mProperty 10.4: Role hierarchy cache should maintain 96%+ hit rate
[22m[39mGoTrueClient@sb-bgxknceshxxifwytalex-auth-token:0 (2.93.3) 2026-02-02T15:19:57.273Z #_acquireLock end

stderr | tests/property/scoped-roles-processing-efficiency.test.ts > Property 10: Scoped Roles Processing Efficiency > Property 10.4: Role hierarchy cache should maintain 96%+ hit rate
Error fetching org roles: {
  code: 'PGRST200',
  details: "Searched for a foreign key relationship between 'org_roles' and 'user_profiles' in the schema 'public', but no matches were found.",
  hint: null,
  message: "Could not find a relationship between 'org_roles' and 'user_profiles' in the schema cache"
}

[90mstdout[2m | tests/property/scoped-roles-processing-efficiency.test.ts[2m > [22m[2mProperty 10: Scoped Roles Processing Efficiency[2m > [22m[2mProperty 10.4: Role hierarchy cache should maintain 96%+ hit rate
[22m[39mGoTrueClient@sb-bgxknceshxxifwytalex-auth-token:0 (2.93.3) 2026-02-02T15:19:57.360Z #_acquireLock begin [33m10000[39m
GoTrueClient@sb-bgxknceshxxifwytalex-auth-token:0 (2.93.3) 2026-02-02T15:19:57.360Z #_acquireLock lock acquired for storage key sb-bgxknceshxxifwytalex-auth-token
GoTrueClient@sb-bgxknceshxxifwytalex-auth-token:0 (2.93.3) 2026-02-02T15:19:57.360Z #_useSession begin
GoTrueClient@sb-bgxknceshxxifwytalex-auth-token:0 (2.93.3) 2026-02-02T15:19:57.360Z #__loadSession() begin

[90mstdout[2m | tests/property/scoped-roles-processing-efficiency.test.ts[2m > [22m[2mProperty 10: Scoped Roles Processing Efficiency[2m > [22m[2mProperty 10.4: Role hierarchy cache should maintain 96%+ hit rate
[22m[39mGoTrueClient@sb-bgxknceshxxifwytalex-auth-token:0 (2.93.3) 2026-02-02T15:19:57.361Z #getSession() session from storage [1mnull[22m
GoTrueClient@sb-bgxknceshxxifwytalex-auth-token:0 (2.93.3) 2026-02-02T15:19:57.361Z #__loadSession() end

[90mstdout[2m | tests/property/scoped-roles-processing-efficiency.test.ts[2m > [22m[2mProperty 10: Scoped Roles Processing Efficiency[2m > [22m[2mProperty 10.4: Role hierarchy cache should maintain 96%+ hit rate
[22m[39mGoTrueClient@sb-bgxknceshxxifwytalex-auth-token:0 (2.93.3) 2026-02-02T15:19:57.361Z #_useSession end

[90mstdout[2m | tests/property/scoped-roles-processing-efficiency.test.ts[2m > [22m[2mProperty 10: Scoped Roles Processing Efficiency[2m > [22m[2mProperty 10.4: Role hierarchy cache should maintain 96%+ hit rate
[22m[39mGoTrueClient@sb-bgxknceshxxifwytalex-auth-token:0 (2.93.3) 2026-02-02T15:19:57.361Z #_acquireLock lock released for storage key sb-bgxknceshxxifwytalex-auth-token

[90mstdout[2m | tests/property/scoped-roles-processing-efficiency.test.ts[2m > [22m[2mProperty 10: Scoped Roles Processing Efficiency[2m > [22m[2mProperty 10.4: Role hierarchy cache should maintain 96%+ hit rate
[22m[39mGoTrueClient@sb-bgxknceshxxifwytalex-auth-token:0 (2.93.3) 2026-02-02T15:19:57.361Z #_acquireLock end

stderr | tests/property/scoped-roles-processing-efficiency.test.ts > Property 10: Scoped Roles Processing Efficiency > Property 10.4: Role hierarchy cache should maintain 96%+ hit rate
Error fetching project roles: {
  code: 'PGRST200',
  details: "Searched for a foreign key relationship between 'project_roles' and 'user_profiles' in the schema 'public', but no matches were found.",
  hint: null,
  message: "Could not find a relationship between 'project_roles' and 'user_profiles' in the schema cache"
}

[90mstdout[2m | tests/property/scoped-roles-processing-efficiency.test.ts[2m > [22m[2mProperty 10: Scoped Roles Processing Efficiency[2m > [22m[2mProperty 10.4: Role hierarchy cache should maintain 96%+ hit rate
[22m[39mGoTrueClient@sb-bgxknceshxxifwytalex-auth-token:0 (2.93.3) 2026-02-02T15:19:57.403Z #_acquireLock begin [33m10000[39m
GoTrueClient@sb-bgxknceshxxifwytalex-auth-token:0 (2.93.3) 2026-02-02T15:19:57.403Z #_acquireLock lock acquired for storage key sb-bgxknceshxxifwytalex-auth-token
GoTrueClient@sb-bgxknceshxxifwytalex-auth-token:0 (2.93.3) 2026-02-02T15:19:57.403Z #_useSession begin
GoTrueClient@sb-bgxknceshxxifwytalex-auth-token:0 (2.93.3) 2026-02-02T15:19:57.403Z #__loadSession() begin

[90mstdout[2m | tests/property/scoped-roles-processing-efficiency.test.ts[2m > [22m[2mProperty 10: Scoped Roles Processing Efficiency[2m > [22m[2mProperty 10.4: Role hierarchy cache should maintain 96%+ hit rate
[22m[39mGoTrueClient@sb-bgxknceshxxifwytalex-auth-token:0 (2.93.3) 2026-02-02T15:19:57.404Z #getSession() session from storage [1mnull[22m
GoTrueClient@sb-bgxknceshxxifwytalex-auth-token:0 (2.93.3) 2026-02-02T15:19:57.404Z #__loadSession() end

[90mstdout[2m | tests/property/scoped-roles-processing-efficiency.test.ts[2m > [22m[2mProperty 10: Scoped Roles Processing Efficiency[2m > [22m[2mProperty 10.4: Role hierarchy cache should maintain 96%+ hit rate
[22m[39mGoTrueClient@sb-bgxknceshxxifwytalex-auth-token:0 (2.93.3) 2026-02-02T15:19:57.404Z #_useSession end

[90mstdout[2m | tests/property/scoped-roles-processing-efficiency.test.ts[2m > [22m[2mProperty 10: Scoped Roles Processing Efficiency[2m > [22m[2mProperty 10.4: Role hierarchy cache should maintain 96%+ hit rate
[22m[39mGoTrueClient@sb-bgxknceshxxifwytalex-auth-token:0 (2.93.3) 2026-02-02T15:19:57.405Z #_acquireLock lock released for storage key sb-bgxknceshxxifwytalex-auth-token

[90mstdout[2m | tests/property/scoped-roles-processing-efficiency.test.ts[2m > [22m[2mProperty 10: Scoped Roles Processing Efficiency[2m > [22m[2mProperty 10.4: Role hierarchy cache should maintain 96%+ hit rate
[22m[39mGoTrueClient@sb-bgxknceshxxifwytalex-auth-token:0 (2.93.3) 2026-02-02T15:19:57.406Z #_acquireLock end

[90mstdout[2m | tests/property/scoped-roles-processing-efficiency.test.ts[2m > [22m[2mProperty 10: Scoped Roles Processing Efficiency[2m > [22m[2mProperty 10.4: Role hierarchy cache should maintain 96%+ hit rate
[22m[39mGoTrueClient@sb-bgxknceshxxifwytalex-auth-token:0 (2.93.3) 2026-02-02T15:19:57.457Z #_acquireLock begin [33m10000[39m
GoTrueClient@sb-bgxknceshxxifwytalex-auth-token:0 (2.93.3) 2026-02-02T15:19:57.458Z #_acquireLock lock acquired for storage key sb-bgxknceshxxifwytalex-auth-token
GoTrueClient@sb-bgxknceshxxifwytalex-auth-token:0 (2.93.3) 2026-02-02T15:19:57.458Z #_useSession begin
GoTrueClient@sb-bgxknceshxxifwytalex-auth-token:0 (2.93.3) 2026-02-02T15:19:57.458Z #__loadSession() begin

[90mstdout[2m | tests/property/scoped-roles-processing-efficiency.test.ts[2m > [22m[2mProperty 10: Scoped Roles Processing Efficiency[2m > [22m[2mProperty 10.4: Role hierarchy cache should maintain 96%+ hit rate
[22m[39mGoTrueClient@sb-bgxknceshxxifwytalex-auth-token:0 (2.93.3) 2026-02-02T15:19:57.458Z #getSession() session from storage [1mnull[22m
GoTrueClient@sb-bgxknceshxxifwytalex-auth-token:0 (2.93.3) 2026-02-02T15:19:57.458Z #__loadSession() end

[90mstdout[2m | tests/property/scoped-roles-processing-efficiency.test.ts[2m > [22m[2mProperty 10: Scoped Roles Processing Efficiency[2m > [22m[2mProperty 10.4: Role hierarchy cache should maintain 96%+ hit rate
[22m[39mGoTrueClient@sb-bgxknceshxxifwytalex-auth-token:0 (2.93.3) 2026-02-02T15:19:57.458Z #_useSession end

[90mstdout[2m | tests/property/scoped-roles-processing-efficiency.test.ts[2m > [22m[2mProperty 10: Scoped Roles Processing Efficiency[2m > [22m[2mProperty 10.4: Role hierarchy cache should maintain 96%+ hit rate
[22m[39mGoTrueClient@sb-bgxknceshxxifwytalex-auth-token:0 (2.93.3) 2026-02-02T15:19:57.458Z #_acquireLock lock released for storage key sb-bgxknceshxxifwytalex-auth-token

[90mstdout[2m | tests/property/scoped-roles-processing-efficiency.test.ts[2m > [22m[2mProperty 10: Scoped Roles Processing Efficiency[2m > [22m[2mProperty 10.4: Role hierarchy cache should maintain 96%+ hit rate
[22m[39mGoTrueClient@sb-bgxknceshxxifwytalex-auth-token:0 (2.93.3) 2026-02-02T15:19:57.459Z #_acquireLock end

stderr | tests/property/scoped-roles-processing-efficiency.test.ts > Property 10: Scoped Roles Processing Efficiency > Property 10.4: Role hierarchy cache should maintain 96%+ hit rate
Error fetching project roles: {
  code: 'PGRST200',
  details: "Searched for a foreign key relationship between 'project_roles' and 'user_profiles' in the schema 'public', but no matches were found.",
  hint: null,
  message: "Could not find a relationship between 'project_roles' and 'user_profiles' in the schema cache"
}

[90mstdout[2m | tests/property/scoped-roles-processing-efficiency.test.ts[2m > [22m[2mProperty 10: Scoped Roles Processing Efficiency[2m > [22m[2mProperty 10.4: Role hierarchy cache should maintain 96%+ hit rate
[22m[39mGoTrueClient@sb-bgxknceshxxifwytalex-auth-token:0 (2.93.3) 2026-02-02T15:19:57.476Z #_acquireLock begin [33m10000[39m
GoTrueClient@sb-bgxknceshxxifwytalex-auth-token:0 (2.93.3) 2026-02-02T15:19:57.476Z #_acquireLock lock acquired for storage key sb-bgxknceshxxifwytalex-auth-token
GoTrueClient@sb-bgxknceshxxifwytalex-auth-token:0 (2.93.3) 2026-02-02T15:19:57.476Z #_useSession begin
GoTrueClient@sb-bgxknceshxxifwytalex-auth-token:0 (2.93.3) 2026-02-02T15:19:57.476Z #__loadSession() begin

[90mstdout[2m | tests/property/scoped-roles-processing-efficiency.test.ts[2m > [22m[2mProperty 10: Scoped Roles Processing Efficiency[2m > [22m[2mProperty 10.4: Role hierarchy cache should maintain 96%+ hit rate
[22m[39mGoTrueClient@sb-bgxknceshxxifwytalex-auth-token:0 (2.93.3) 2026-02-02T15:19:57.477Z #getSession() session from storage [1mnull[22m
GoTrueClient@sb-bgxknceshxxifwytalex-auth-token:0 (2.93.3) 2026-02-02T15:19:57.477Z #__loadSession() end

[90mstdout[2m | tests/property/scoped-roles-processing-efficiency.test.ts[2m > [22m[2mProperty 10: Scoped Roles Processing Efficiency[2m > [22m[2mProperty 10.4: Role hierarchy cache should maintain 96%+ hit rate
[22m[39mGoTrueClient@sb-bgxknceshxxifwytalex-auth-token:0 (2.93.3) 2026-02-02T15:19:57.477Z #_useSession end

[90mstdout[2m | tests/property/scoped-roles-processing-efficiency.test.ts[2m > [22m[2mProperty 10: Scoped Roles Processing Efficiency[2m > [22m[2mProperty 10.4: Role hierarchy cache should maintain 96%+ hit rate
[22m[39mGoTrueClient@sb-bgxknceshxxifwytalex-auth-token:0 (2.93.3) 2026-02-02T15:19:57.477Z #_acquireLock lock released for storage key sb-bgxknceshxxifwytalex-auth-token

[90mstdout[2m | tests/property/scoped-roles-processing-efficiency.test.ts[2m > [22m[2mProperty 10: Scoped Roles Processing Efficiency[2m > [22m[2mProperty 10.4: Role hierarchy cache should maintain 96%+ hit rate
[22m[39mGoTrueClient@sb-bgxknceshxxifwytalex-auth-token:0 (2.93.3) 2026-02-02T15:19:57.477Z #_acquireLock end

stderr | tests/property/scoped-roles-processing-efficiency.test.ts > Property 10: Scoped Roles Processing Efficiency > Property 10.4: Role hierarchy cache should maintain 96%+ hit rate
Error fetching org roles: {
  code: 'PGRST200',
  details: "Searched for a foreign key relationship between 'org_roles' and 'user_profiles' in the schema 'public', but no matches were found.",
  hint: null,
  message: "Could not find a relationship between 'org_roles' and 'user_profiles' in the schema cache"
}

[90mstdout[2m | tests/property/scoped-roles-processing-efficiency.test.ts[2m > [22m[2mProperty 10: Scoped Roles Processing Efficiency[2m > [22m[2mProperty 10.4: Role hierarchy cache should maintain 96%+ hit rate
[22m[39mGoTrueClient@sb-bgxknceshxxifwytalex-auth-token:0 (2.93.3) 2026-02-02T15:19:57.578Z #_acquireLock begin [33m10000[39m
GoTrueClient@sb-bgxknceshxxifwytalex-auth-token:0 (2.93.3) 2026-02-02T15:19:57.578Z #_acquireLock lock acquired for storage key sb-bgxknceshxxifwytalex-auth-token
GoTrueClient@sb-bgxknceshxxifwytalex-auth-token:0 (2.93.3) 2026-02-02T15:19:57.578Z #_useSession begin
GoTrueClient@sb-bgxknceshxxifwytalex-auth-token:0 (2.93.3) 2026-02-02T15:19:57.578Z #__loadSession() begin

[90mstdout[2m | tests/property/scoped-roles-processing-efficiency.test.ts[2m > [22m[2mProperty 10: Scoped Roles Processing Efficiency[2m > [22m[2mProperty 10.4: Role hierarchy cache should maintain 96%+ hit rate
[22m[39mGoTrueClient@sb-bgxknceshxxifwytalex-auth-token:0 (2.93.3) 2026-02-02T15:19:57.579Z #getSession() session from storage [1mnull[22m
GoTrueClient@sb-bgxknceshxxifwytalex-auth-token:0 (2.93.3) 2026-02-02T15:19:57.579Z #__loadSession() end

[90mstdout[2m | tests/property/scoped-roles-processing-efficiency.test.ts[2m > [22m[2mProperty 10: Scoped Roles Processing Efficiency[2m > [22m[2mProperty 10.4: Role hierarchy cache should maintain 96%+ hit rate
[22m[39mGoTrueClient@sb-bgxknceshxxifwytalex-auth-token:0 (2.93.3) 2026-02-02T15:19:57.579Z #_useSession end

[90mstdout[2m | tests/property/scoped-roles-processing-efficiency.test.ts[2m > [22m[2mProperty 10: Scoped Roles Processing Efficiency[2m > [22m[2mProperty 10.4: Role hierarchy cache should maintain 96%+ hit rate
[22m[39mGoTrueClient@sb-bgxknceshxxifwytalex-auth-token:0 (2.93.3) 2026-02-02T15:19:57.579Z #_acquireLock lock released for storage key sb-bgxknceshxxifwytalex-auth-token

[90mstdout[2m | tests/property/scoped-roles-processing-efficiency.test.ts[2m > [22m[2mProperty 10: Scoped Roles Processing Efficiency[2m > [22m[2mProperty 10.4: Role hierarchy cache should maintain 96%+ hit rate
[22m[39mGoTrueClient@sb-bgxknceshxxifwytalex-auth-token:0 (2.93.3) 2026-02-02T15:19:57.579Z #_acquireLock end

stderr | tests/property/scoped-roles-processing-efficiency.test.ts > Property 10: Scoped Roles Processing Efficiency > Property 10.4: Role hierarchy cache should maintain 96%+ hit rate
Error fetching project roles: {
  code: 'PGRST200',
  details: "Searched for a foreign key relationship between 'project_roles' and 'user_profiles' in the schema 'public', but no matches were found.",
  hint: null,
  message: "Could not find a relationship between 'project_roles' and 'user_profiles' in the schema cache"
}

[90mstdout[2m | tests/property/scoped-roles-processing-efficiency.test.ts[2m > [22m[2mProperty 10: Scoped Roles Processing Efficiency[2m > [22m[2mProperty 10.4: Role hierarchy cache should maintain 96%+ hit rate
[22m[39mGoTrueClient@sb-bgxknceshxxifwytalex-auth-token:0 (2.93.3) 2026-02-02T15:19:57.614Z #_acquireLock begin [33m10000[39m
GoTrueClient@sb-bgxknceshxxifwytalex-auth-token:0 (2.93.3) 2026-02-02T15:19:57.614Z #_acquireLock lock acquired for storage key sb-bgxknceshxxifwytalex-auth-token
GoTrueClient@sb-bgxknceshxxifwytalex-auth-token:0 (2.93.3) 2026-02-02T15:19:57.614Z #_useSession begin
GoTrueClient@sb-bgxknceshxxifwytalex-auth-token:0 (2.93.3) 2026-02-02T15:19:57.614Z #__loadSession() begin

[90mstdout[2m | tests/property/scoped-roles-processing-efficiency.test.ts[2m > [22m[2mProperty 10: Scoped Roles Processing Efficiency[2m > [22m[2mProperty 10.4: Role hierarchy cache should maintain 96%+ hit rate
[22m[39mGoTrueClient@sb-bgxknceshxxifwytalex-auth-token:0 (2.93.3) 2026-02-02T15:19:57.614Z #getSession() session from storage [1mnull[22m
GoTrueClient@sb-bgxknceshxxifwytalex-auth-token:0 (2.93.3) 2026-02-02T15:19:57.615Z #__loadSession() end

[90mstdout[2m | tests/property/scoped-roles-processing-efficiency.test.ts[2m > [22m[2mProperty 10: Scoped Roles Processing Efficiency[2m > [22m[2mProperty 10.4: Role hierarchy cache should maintain 96%+ hit rate
[22m[39mGoTrueClient@sb-bgxknceshxxifwytalex-auth-token:0 (2.93.3) 2026-02-02T15:19:57.615Z #_useSession end

[90mstdout[2m | tests/property/scoped-roles-processing-efficiency.test.ts[2m > [22m[2mProperty 10: Scoped Roles Processing Efficiency[2m > [22m[2mProperty 10.4: Role hierarchy cache should maintain 96%+ hit rate
[22m[39mGoTrueClient@sb-bgxknceshxxifwytalex-auth-token:0 (2.93.3) 2026-02-02T15:19:57.615Z #_acquireLock lock released for storage key sb-bgxknceshxxifwytalex-auth-token

[90mstdout[2m | tests/property/scoped-roles-processing-efficiency.test.ts[2m > [22m[2mProperty 10: Scoped Roles Processing Efficiency[2m > [22m[2mProperty 10.4: Role hierarchy cache should maintain 96%+ hit rate
[22m[39mGoTrueClient@sb-bgxknceshxxifwytalex-auth-token:0 (2.93.3) 2026-02-02T15:19:57.615Z #_acquireLock end

[90mstdout[2m | tests/property/scoped-roles-processing-efficiency.test.ts[2m > [22m[2mProperty 10: Scoped Roles Processing Efficiency[2m > [22m[2mProperty 10.5: Role hierarchy cache should invalidate on role changes
[22m[39mGoTrueClient@sb-bgxknceshxxifwytalex-auth-token:0 (2.93.3) 2026-02-02T15:19:57.646Z #_acquireLock begin [33m10000[39m
GoTrueClient@sb-bgxknceshxxifwytalex-auth-token:0 (2.93.3) 2026-02-02T15:19:57.646Z #_acquireLock lock acquired for storage key sb-bgxknceshxxifwytalex-auth-token
GoTrueClient@sb-bgxknceshxxifwytalex-auth-token:0 (2.93.3) 2026-02-02T15:19:57.646Z #_useSession begin
GoTrueClient@sb-bgxknceshxxifwytalex-auth-token:0 (2.93.3) 2026-02-02T15:19:57.646Z #__loadSession() begin

[90mstdout[2m | tests/property/scoped-roles-processing-efficiency.test.ts[2m > [22m[2mProperty 10: Scoped Roles Processing Efficiency[2m > [22m[2mProperty 10.5: Role hierarchy cache should invalidate on role changes
[22m[39mGoTrueClient@sb-bgxknceshxxifwytalex-auth-token:0 (2.93.3) 2026-02-02T15:19:57.646Z #getSession() session from storage [1mnull[22m
GoTrueClient@sb-bgxknceshxxifwytalex-auth-token:0 (2.93.3) 2026-02-02T15:19:57.647Z #__loadSession() end

[90mstdout[2m | tests/property/scoped-roles-processing-efficiency.test.ts[2m > [22m[2mProperty 10: Scoped Roles Processing Efficiency[2m > [22m[2mProperty 10.5: Role hierarchy cache should invalidate on role changes
[22m[39mGoTrueClient@sb-bgxknceshxxifwytalex-auth-token:0 (2.93.3) 2026-02-02T15:19:57.647Z #_useSession end

[90mstdout[2m | tests/property/scoped-roles-processing-efficiency.test.ts[2m > [22m[2mProperty 10: Scoped Roles Processing Efficiency[2m > [22m[2mProperty 10.5: Role hierarchy cache should invalidate on role changes
[22m[39mGoTrueClient@sb-bgxknceshxxifwytalex-auth-token:0 (2.93.3) 2026-02-02T15:19:57.647Z #_acquireLock lock released for storage key sb-bgxknceshxxifwytalex-auth-token

[90mstdout[2m | tests/property/scoped-roles-processing-efficiency.test.ts[2m > [22m[2mProperty 10: Scoped Roles Processing Efficiency[2m > [22m[2mProperty 10.5: Role hierarchy cache should invalidate on role changes
[22m[39mGoTrueClient@sb-bgxknceshxxifwytalex-auth-token:0 (2.93.3) 2026-02-02T15:19:57.647Z #_acquireLock end

[90mstdout[2m | tests/property/scoped-roles-processing-efficiency.test.ts[2m > [22m[2mProperty 10: Scoped Roles Processing Efficiency[2m > [22m[2mProperty 10.5: Role hierarchy cache should invalidate on role changes
[22m[39mGoTrueClient@sb-bgxknceshxxifwytalex-auth-token:0 (2.93.3) 2026-02-02T15:19:57.663Z #_acquireLock begin [33m10000[39m
GoTrueClient@sb-bgxknceshxxifwytalex-auth-token:0 (2.93.3) 2026-02-02T15:19:57.663Z #_acquireLock lock acquired for storage key sb-bgxknceshxxifwytalex-auth-token
GoTrueClient@sb-bgxknceshxxifwytalex-auth-token:0 (2.93.3) 2026-02-02T15:19:57.663Z #_useSession begin
GoTrueClient@sb-bgxknceshxxifwytalex-auth-token:0 (2.93.3) 2026-02-02T15:19:57.663Z #__loadSession() begin

[90mstdout[2m | tests/property/scoped-roles-processing-efficiency.test.ts[2m > [22m[2mProperty 10: Scoped Roles Processing Efficiency[2m > [22m[2mProperty 10.5: Role hierarchy cache should invalidate on role changes
[22m[39mGoTrueClient@sb-bgxknceshxxifwytalex-auth-token:0 (2.93.3) 2026-02-02T15:19:57.663Z #getSession() session from storage [1mnull[22m
GoTrueClient@sb-bgxknceshxxifwytalex-auth-token:0 (2.93.3) 2026-02-02T15:19:57.663Z #__loadSession() end

[90mstdout[2m | tests/property/scoped-roles-processing-efficiency.test.ts[2m > [22m[2mProperty 10: Scoped Roles Processing Efficiency[2m > [22m[2mProperty 10.5: Role hierarchy cache should invalidate on role changes
[22m[39mGoTrueClient@sb-bgxknceshxxifwytalex-auth-token:0 (2.93.3) 2026-02-02T15:19:57.663Z #_useSession end

[90mstdout[2m | tests/property/scoped-roles-processing-efficiency.test.ts[2m > [22m[2mProperty 10: Scoped Roles Processing Efficiency[2m > [22m[2mProperty 10.5: Role hierarchy cache should invalidate on role changes
[22m[39mGoTrueClient@sb-bgxknceshxxifwytalex-auth-token:0 (2.93.3) 2026-02-02T15:19:57.664Z #_acquireLock lock released for storage key sb-bgxknceshxxifwytalex-auth-token

[90mstdout[2m | tests/property/scoped-roles-processing-efficiency.test.ts[2m > [22m[2mProperty 10: Scoped Roles Processing Efficiency[2m > [22m[2mProperty 10.5: Role hierarchy cache should invalidate on role changes
[22m[39mGoTrueClient@sb-bgxknceshxxifwytalex-auth-token:0 (2.93.3) 2026-02-02T15:19:57.664Z #_acquireLock end

stderr | tests/property/scoped-roles-processing-efficiency.test.ts > Property 10: Scoped Roles Processing Efficiency > Property 10.5: Role hierarchy cache should invalidate on role changes
Error fetching project roles: {
  code: 'PGRST200',
  details: "Searched for a foreign key relationship between 'project_roles' and 'user_profiles' in the schema 'public', but no matches were found.",
  hint: null,
  message: "Could not find a relationship between 'project_roles' and 'user_profiles' in the schema cache"
}

[90mstdout[2m | tests/property/scoped-roles-processing-efficiency.test.ts[2m > [22m[2mProperty 10: Scoped Roles Processing Efficiency[2m > [22m[2mProperty 10.5: Role hierarchy cache should invalidate on role changes
[22m[39mGoTrueClient@sb-bgxknceshxxifwytalex-auth-token:0 (2.93.3) 2026-02-02T15:19:57.687Z #_acquireLock begin [33m10000[39m
GoTrueClient@sb-bgxknceshxxifwytalex-auth-token:0 (2.93.3) 2026-02-02T15:19:57.688Z #_acquireLock lock acquired for storage key sb-bgxknceshxxifwytalex-auth-token
GoTrueClient@sb-bgxknceshxxifwytalex-auth-token:0 (2.93.3) 2026-02-02T15:19:57.688Z #_useSession begin
GoTrueClient@sb-bgxknceshxxifwytalex-auth-token:0 (2.93.3) 2026-02-02T15:19:57.688Z #__loadSession() begin

[90mstdout[2m | tests/property/scoped-roles-processing-efficiency.test.ts[2m > [22m[2mProperty 10: Scoped Roles Processing Efficiency[2m > [22m[2mProperty 10.5: Role hierarchy cache should invalidate on role changes
[22m[39mGoTrueClient@sb-bgxknceshxxifwytalex-auth-token:0 (2.93.3) 2026-02-02T15:19:57.688Z #getSession() session from storage [1mnull[22m
GoTrueClient@sb-bgxknceshxxifwytalex-auth-token:0 (2.93.3) 2026-02-02T15:19:57.689Z #__loadSession() end

[90mstdout[2m | tests/property/scoped-roles-processing-efficiency.test.ts[2m > [22m[2mProperty 10: Scoped Roles Processing Efficiency[2m > [22m[2mProperty 10.5: Role hierarchy cache should invalidate on role changes
[22m[39mGoTrueClient@sb-bgxknceshxxifwytalex-auth-token:0 (2.93.3) 2026-02-02T15:19:57.689Z #_useSession end

[90mstdout[2m | tests/property/scoped-roles-processing-efficiency.test.ts[2m > [22m[2mProperty 10: Scoped Roles Processing Efficiency[2m > [22m[2mProperty 10.5: Role hierarchy cache should invalidate on role changes
[22m[39mGoTrueClient@sb-bgxknceshxxifwytalex-auth-token:0 (2.93.3) 2026-02-02T15:19:57.689Z #_acquireLock lock released for storage key sb-bgxknceshxxifwytalex-auth-token

[90mstdout[2m | tests/property/scoped-roles-processing-efficiency.test.ts[2m > [22m[2mProperty 10: Scoped Roles Processing Efficiency[2m > [22m[2mProperty 10.5: Role hierarchy cache should invalidate on role changes
[22m[39mGoTrueClient@sb-bgxknceshxxifwytalex-auth-token:0 (2.93.3) 2026-02-02T15:19:57.689Z #_acquireLock end

stderr | tests/property/scoped-roles-processing-efficiency.test.ts > Property 10: Scoped Roles Processing Efficiency > Property 10.5: Role hierarchy cache should invalidate on role changes
Error fetching org roles: {
  code: 'PGRST200',
  details: "Searched for a foreign key relationship between 'org_roles' and 'user_profiles' in the schema 'public', but no matches were found.",
  hint: null,
  message: "Could not find a relationship between 'org_roles' and 'user_profiles' in the schema cache"
}

[90mstdout[2m | tests/property/scoped-roles-processing-efficiency.test.ts[2m > [22m[2mProperty 10: Scoped Roles Processing Efficiency[2m > [22m[2mProperty 10.5: Role hierarchy cache should invalidate on role changes
[22m[39mGoTrueClient@sb-bgxknceshxxifwytalex-auth-token:0 (2.93.3) 2026-02-02T15:19:57.776Z #_acquireLock begin [33m10000[39m
GoTrueClient@sb-bgxknceshxxifwytalex-auth-token:0 (2.93.3) 2026-02-02T15:19:57.776Z #_acquireLock lock acquired for storage key sb-bgxknceshxxifwytalex-auth-token
GoTrueClient@sb-bgxknceshxxifwytalex-auth-token:0 (2.93.3) 2026-02-02T15:19:57.776Z #_useSession begin
GoTrueClient@sb-bgxknceshxxifwytalex-auth-token:0 (2.93.3) 2026-02-02T15:19:57.776Z #__loadSession() begin

[90mstdout[2m | tests/property/scoped-roles-processing-efficiency.test.ts[2m > [22m[2mProperty 10: Scoped Roles Processing Efficiency[2m > [22m[2mProperty 10.5: Role hierarchy cache should invalidate on role changes
[22m[39mGoTrueClient@sb-bgxknceshxxifwytalex-auth-token:0 (2.93.3) 2026-02-02T15:19:57.777Z #getSession() session from storage [1mnull[22m
GoTrueClient@sb-bgxknceshxxifwytalex-auth-token:0 (2.93.3) 2026-02-02T15:19:57.777Z #__loadSession() end

[90mstdout[2m | tests/property/scoped-roles-processing-efficiency.test.ts[2m > [22m[2mProperty 10: Scoped Roles Processing Efficiency[2m > [22m[2mProperty 10.5: Role hierarchy cache should invalidate on role changes
[22m[39mGoTrueClient@sb-bgxknceshxxifwytalex-auth-token:0 (2.93.3) 2026-02-02T15:19:57.777Z #_useSession end

[90mstdout[2m | tests/property/scoped-roles-processing-efficiency.test.ts[2m > [22m[2mProperty 10: Scoped Roles Processing Efficiency[2m > [22m[2mProperty 10.5: Role hierarchy cache should invalidate on role changes
[22m[39mGoTrueClient@sb-bgxknceshxxifwytalex-auth-token:0 (2.93.3) 2026-02-02T15:19:57.777Z #_acquireLock lock released for storage key sb-bgxknceshxxifwytalex-auth-token

[90mstdout[2m | tests/property/scoped-roles-processing-efficiency.test.ts[2m > [22m[2mProperty 10: Scoped Roles Processing Efficiency[2m > [22m[2mProperty 10.5: Role hierarchy cache should invalidate on role changes
[22m[39mGoTrueClient@sb-bgxknceshxxifwytalex-auth-token:0 (2.93.3) 2026-02-02T15:19:57.777Z #_acquireLock end

stderr | tests/property/scoped-roles-processing-efficiency.test.ts > Property 10: Scoped Roles Processing Efficiency > Property 10.5: Role hierarchy cache should invalidate on role changes
Error fetching project roles: {
  code: 'PGRST200',
  details: "Searched for a foreign key relationship between 'project_roles' and 'user_profiles' in the schema 'public', but no matches were found.",
  hint: null,
  message: "Could not find a relationship between 'project_roles' and 'user_profiles' in the schema cache"
}

[90mstdout[2m | tests/property/scoped-roles-processing-efficiency.test.ts[2m > [22m[2mProperty 10: Scoped Roles Processing Efficiency[2m > [22m[2mProperty 10.5: Role hierarchy cache should invalidate on role changes
[22m[39mGoTrueClient@sb-bgxknceshxxifwytalex-auth-token:0 (2.93.3) 2026-02-02T15:19:57.842Z #_acquireLock begin [33m10000[39m
GoTrueClient@sb-bgxknceshxxifwytalex-auth-token:0 (2.93.3) 2026-02-02T15:19:57.842Z #_acquireLock lock acquired for storage key sb-bgxknceshxxifwytalex-auth-token
GoTrueClient@sb-bgxknceshxxifwytalex-auth-token:0 (2.93.3) 2026-02-02T15:19:57.842Z #_useSession begin
GoTrueClient@sb-bgxknceshxxifwytalex-auth-token:0 (2.93.3) 2026-02-02T15:19:57.842Z #__loadSession() begin

[90mstdout[2m | tests/property/scoped-roles-processing-efficiency.test.ts[2m > [22m[2mProperty 10: Scoped Roles Processing Efficiency[2m > [22m[2mProperty 10.5: Role hierarchy cache should invalidate on role changes
[22m[39mGoTrueClient@sb-bgxknceshxxifwytalex-auth-token:0 (2.93.3) 2026-02-02T15:19:57.842Z #getSession() session from storage [1mnull[22m
GoTrueClient@sb-bgxknceshxxifwytalex-auth-token:0 (2.93.3) 2026-02-02T15:19:57.842Z #__loadSession() end

[90mstdout[2m | tests/property/scoped-roles-processing-efficiency.test.ts[2m > [22m[2mProperty 10: Scoped Roles Processing Efficiency[2m > [22m[2mProperty 10.5: Role hierarchy cache should invalidate on role changes
[22m[39mGoTrueClient@sb-bgxknceshxxifwytalex-auth-token:0 (2.93.3) 2026-02-02T15:19:57.842Z #_useSession end

[90mstdout[2m | tests/property/scoped-roles-processing-efficiency.test.ts[2m > [22m[2mProperty 10: Scoped Roles Processing Efficiency[2m > [22m[2mProperty 10.5: Role hierarchy cache should invalidate on role changes
[22m[39mGoTrueClient@sb-bgxknceshxxifwytalex-auth-token:0 (2.93.3) 2026-02-02T15:19:57.843Z #_acquireLock lock released for storage key sb-bgxknceshxxifwytalex-auth-token

[90mstdout[2m | tests/property/scoped-roles-processing-efficiency.test.ts[2m > [22m[2mProperty 10: Scoped Roles Processing Efficiency[2m > [22m[2mProperty 10.5: Role hierarchy cache should invalidate on role changes
[22m[39mGoTrueClient@sb-bgxknceshxxifwytalex-auth-token:0 (2.93.3) 2026-02-02T15:19:57.843Z #_acquireLock end

stderr | tests/property/scoped-roles-processing-efficiency.test.ts > Property 10: Scoped Roles Processing Efficiency > Property 10.5: Role hierarchy cache should invalidate on role changes
Error fetching project roles: {
  code: 'PGRST200',
  details: "Searched for a foreign key relationship between 'project_roles' and 'user_profiles' in the schema 'public', but no matches were found.",
  hint: null,
  message: "Could not find a relationship between 'project_roles' and 'user_profiles' in the schema cache"
}

[90mstdout[2m | tests/property/scoped-roles-processing-efficiency.test.ts[2m > [22m[2mProperty 10: Scoped Roles Processing Efficiency[2m > [22m[2mProperty 10.5: Role hierarchy cache should invalidate on role changes
[22m[39mGoTrueClient@sb-bgxknceshxxifwytalex-auth-token:0 (2.93.3) 2026-02-02T15:19:57.867Z #_acquireLock begin [33m10000[39m
GoTrueClient@sb-bgxknceshxxifwytalex-auth-token:0 (2.93.3) 2026-02-02T15:19:57.867Z #_acquireLock lock acquired for storage key sb-bgxknceshxxifwytalex-auth-token
GoTrueClient@sb-bgxknceshxxifwytalex-auth-token:0 (2.93.3) 2026-02-02T15:19:57.867Z #_useSession begin
GoTrueClient@sb-bgxknceshxxifwytalex-auth-token:0 (2.93.3) 2026-02-02T15:19:57.867Z #__loadSession() begin

[90mstdout[2m | tests/property/scoped-roles-processing-efficiency.test.ts[2m > [22m[2mProperty 10: Scoped Roles Processing Efficiency[2m > [22m[2mProperty 10.5: Role hierarchy cache should invalidate on role changes
[22m[39mGoTrueClient@sb-bgxknceshxxifwytalex-auth-token:0 (2.93.3) 2026-02-02T15:19:57.867Z #getSession() session from storage [1mnull[22m
GoTrueClient@sb-bgxknceshxxifwytalex-auth-token:0 (2.93.3) 2026-02-02T15:19:57.867Z #__loadSession() end

[90mstdout[2m | tests/property/scoped-roles-processing-efficiency.test.ts[2m > [22m[2mProperty 10: Scoped Roles Processing Efficiency[2m > [22m[2mProperty 10.5: Role hierarchy cache should invalidate on role changes
[22m[39mGoTrueClient@sb-bgxknceshxxifwytalex-auth-token:0 (2.93.3) 2026-02-02T15:19:57.868Z #_useSession end

[90mstdout[2m | tests/property/scoped-roles-processing-efficiency.test.ts[2m > [22m[2mProperty 10: Scoped Roles Processing Efficiency[2m > [22m[2mProperty 10.5: Role hierarchy cache should invalidate on role changes
[22m[39mGoTrueClient@sb-bgxknceshxxifwytalex-auth-token:0 (2.93.3) 2026-02-02T15:19:57.868Z #_acquireLock lock released for storage key sb-bgxknceshxxifwytalex-auth-token

[90mstdout[2m | tests/property/scoped-roles-processing-efficiency.test.ts[2m > [22m[2mProperty 10: Scoped Roles Processing Efficiency[2m > [22m[2mProperty 10.5: Role hierarchy cache should invalidate on role changes
[22m[39mGoTrueClient@sb-bgxknceshxxifwytalex-auth-token:0 (2.93.3) 2026-02-02T15:19:57.868Z #_acquireLock end

stderr | tests/property/scoped-roles-processing-efficiency.test.ts > Property 10: Scoped Roles Processing Efficiency > Property 10.5: Role hierarchy cache should invalidate on role changes
Error fetching project roles: {
  code: 'PGRST200',
  details: "Searched for a foreign key relationship between 'project_roles' and 'user_profiles' in the schema 'public', but no matches were found.",
  hint: null,
  message: "Could not find a relationship between 'project_roles' and 'user_profiles' in the schema cache"
}

[90mstdout[2m | tests/property/scoped-roles-processing-efficiency.test.ts[2m > [22m[2mProperty 10: Scoped Roles Processing Efficiency[2m > [22m[2mProperty 10.5: Role hierarchy cache should invalidate on role changes
[22m[39mGoTrueClient@sb-bgxknceshxxifwytalex-auth-token:0 (2.93.3) 2026-02-02T15:19:57.895Z #_acquireLock begin [33m10000[39m
GoTrueClient@sb-bgxknceshxxifwytalex-auth-token:0 (2.93.3) 2026-02-02T15:19:57.896Z #_acquireLock lock acquired for storage key sb-bgxknceshxxifwytalex-auth-token
GoTrueClient@sb-bgxknceshxxifwytalex-auth-token:0 (2.93.3) 2026-02-02T15:19:57.896Z #_useSession begin
GoTrueClient@sb-bgxknceshxxifwytalex-auth-token:0 (2.93.3) 2026-02-02T15:19:57.896Z #__loadSession() begin

[90mstdout[2m | tests/property/scoped-roles-processing-efficiency.test.ts[2m > [22m[2mProperty 10: Scoped Roles Processing Efficiency[2m > [22m[2mProperty 10.5: Role hierarchy cache should invalidate on role changes
[22m[39mGoTrueClient@sb-bgxknceshxxifwytalex-auth-token:0 (2.93.3) 2026-02-02T15:19:57.896Z #getSession() session from storage [1mnull[22m
GoTrueClient@sb-bgxknceshxxifwytalex-auth-token:0 (2.93.3) 2026-02-02T15:19:57.896Z #__loadSession() end

[90mstdout[2m | tests/property/scoped-roles-processing-efficiency.test.ts[2m > [22m[2mProperty 10: Scoped Roles Processing Efficiency[2m > [22m[2mProperty 10.5: Role hierarchy cache should invalidate on role changes
[22m[39mGoTrueClient@sb-bgxknceshxxifwytalex-auth-token:0 (2.93.3) 2026-02-02T15:19:57.896Z #_useSession end

[90mstdout[2m | tests/property/scoped-roles-processing-efficiency.test.ts[2m > [22m[2mProperty 10: Scoped Roles Processing Efficiency[2m > [22m[2mProperty 10.5: Role hierarchy cache should invalidate on role changes
[22m[39mGoTrueClient@sb-bgxknceshxxifwytalex-auth-token:0 (2.93.3) 2026-02-02T15:19:57.896Z #_acquireLock lock released for storage key sb-bgxknceshxxifwytalex-auth-token

[90mstdout[2m | tests/property/scoped-roles-processing-efficiency.test.ts[2m > [22m[2mProperty 10: Scoped Roles Processing Efficiency[2m > [22m[2mProperty 10.5: Role hierarchy cache should invalidate on role changes
[22m[39mGoTrueClient@sb-bgxknceshxxifwytalex-auth-token:0 (2.93.3) 2026-02-02T15:19:57.896Z #_acquireLock end

stderr | tests/property/scoped-roles-processing-efficiency.test.ts > Property 10: Scoped Roles Processing Efficiency > Property 10.5: Role hierarchy cache should invalidate on role changes
Error fetching org roles: {
  code: 'PGRST200',
  details: "Searched for a foreign key relationship between 'org_roles' and 'user_profiles' in the schema 'public', but no matches were found.",
  hint: null,
  message: "Could not find a relationship between 'org_roles' and 'user_profiles' in the schema cache"
}

[90mstdout[2m | tests/property/scoped-roles-processing-efficiency.test.ts[2m > [22m[2mProperty 10: Scoped Roles Processing Efficiency[2m > [22m[2mProperty 10.5: Role hierarchy cache should invalidate on role changes
[22m[39mGoTrueClient@sb-bgxknceshxxifwytalex-auth-token:0 (2.93.3) 2026-02-02T15:19:57.975Z #_acquireLock begin [33m10000[39m
GoTrueClient@sb-bgxknceshxxifwytalex-auth-token:0 (2.93.3) 2026-02-02T15:19:57.975Z #_acquireLock lock acquired for storage key sb-bgxknceshxxifwytalex-auth-token
GoTrueClient@sb-bgxknceshxxifwytalex-auth-token:0 (2.93.3) 2026-02-02T15:19:57.975Z #_useSession begin
GoTrueClient@sb-bgxknceshxxifwytalex-auth-token:0 (2.93.3) 2026-02-02T15:19:57.975Z #__loadSession() begin

[90mstdout[2m | tests/property/scoped-roles-processing-efficiency.test.ts[2m > [22m[2mProperty 10: Scoped Roles Processing Efficiency[2m > [22m[2mProperty 10.5: Role hierarchy cache should invalidate on role changes
[22m[39mGoTrueClient@sb-bgxknceshxxifwytalex-auth-token:0 (2.93.3) 2026-02-02T15:19:57.975Z #getSession() session from storage [1mnull[22m
GoTrueClient@sb-bgxknceshxxifwytalex-auth-token:0 (2.93.3) 2026-02-02T15:19:57.975Z #__loadSession() end

[90mstdout[2m | tests/property/scoped-roles-processing-efficiency.test.ts[2m > [22m[2mProperty 10: Scoped Roles Processing Efficiency[2m > [22m[2mProperty 10.5: Role hierarchy cache should invalidate on role changes
[22m[39mGoTrueClient@sb-bgxknceshxxifwytalex-auth-token:0 (2.93.3) 2026-02-02T15:19:57.975Z #_useSession end

[90mstdout[2m | tests/property/scoped-roles-processing-efficiency.test.ts[2m > [22m[2mProperty 10: Scoped Roles Processing Efficiency[2m > [22m[2mProperty 10.5: Role hierarchy cache should invalidate on role changes
[22m[39mGoTrueClient@sb-bgxknceshxxifwytalex-auth-token:0 (2.93.3) 2026-02-02T15:19:57.975Z #_acquireLock lock released for storage key sb-bgxknceshxxifwytalex-auth-token

[90mstdout[2m | tests/property/scoped-roles-processing-efficiency.test.ts[2m > [22m[2mProperty 10: Scoped Roles Processing Efficiency[2m > [22m[2mProperty 10.5: Role hierarchy cache should invalidate on role changes
[22m[39mGoTrueClient@sb-bgxknceshxxifwytalex-auth-token:0 (2.93.3) 2026-02-02T15:19:57.976Z #_acquireLock end

stderr | tests/property/scoped-roles-processing-efficiency.test.ts > Property 10: Scoped Roles Processing Efficiency > Property 10.5: Role hierarchy cache should invalidate on role changes
Error fetching org roles: {
  code: 'PGRST200',
  details: "Searched for a foreign key relationship between 'org_roles' and 'user_profiles' in the schema 'public', but no matches were found.",
  hint: null,
  message: "Could not find a relationship between 'org_roles' and 'user_profiles' in the schema cache"
}

[90mstdout[2m | tests/property/scoped-roles-processing-efficiency.test.ts[2m > [22m[2mProperty 10: Scoped Roles Processing Efficiency[2m > [22m[2mProperty 10.5: Role hierarchy cache should invalidate on role changes
[22m[39mGoTrueClient@sb-bgxknceshxxifwytalex-auth-token:0 (2.93.3) 2026-02-02T15:19:58.066Z #_acquireLock begin [33m10000[39m
GoTrueClient@sb-bgxknceshxxifwytalex-auth-token:0 (2.93.3) 2026-02-02T15:19:58.066Z #_acquireLock lock acquired for storage key sb-bgxknceshxxifwytalex-auth-token
GoTrueClient@sb-bgxknceshxxifwytalex-auth-token:0 (2.93.3) 2026-02-02T15:19:58.066Z #_useSession begin
GoTrueClient@sb-bgxknceshxxifwytalex-auth-token:0 (2.93.3) 2026-02-02T15:19:58.066Z #__loadSession() begin

[90mstdout[2m | tests/property/scoped-roles-processing-efficiency.test.ts[2m > [22m[2mProperty 10: Scoped Roles Processing Efficiency[2m > [22m[2mProperty 10.5: Role hierarchy cache should invalidate on role changes
[22m[39mGoTrueClient@sb-bgxknceshxxifwytalex-auth-token:0 (2.93.3) 2026-02-02T15:19:58.066Z #getSession() session from storage [1mnull[22m
GoTrueClient@sb-bgxknceshxxifwytalex-auth-token:0 (2.93.3) 2026-02-02T15:19:58.066Z #__loadSession() end

[90mstdout[2m | tests/property/scoped-roles-processing-efficiency.test.ts[2m > [22m[2mProperty 10: Scoped Roles Processing Efficiency[2m > [22m[2mProperty 10.5: Role hierarchy cache should invalidate on role changes
[22m[39mGoTrueClient@sb-bgxknceshxxifwytalex-auth-token:0 (2.93.3) 2026-02-02T15:19:58.067Z #_useSession end

[90mstdout[2m | tests/property/scoped-roles-processing-efficiency.test.ts[2m > [22m[2mProperty 10: Scoped Roles Processing Efficiency[2m > [22m[2mProperty 10.5: Role hierarchy cache should invalidate on role changes
[22m[39mGoTrueClient@sb-bgxknceshxxifwytalex-auth-token:0 (2.93.3) 2026-02-02T15:19:58.067Z #_acquireLock lock released for storage key sb-bgxknceshxxifwytalex-auth-token

[90mstdout[2m | tests/property/scoped-roles-processing-efficiency.test.ts[2m > [22m[2mProperty 10: Scoped Roles Processing Efficiency[2m > [22m[2mProperty 10.5: Role hierarchy cache should invalidate on role changes
[22m[39mGoTrueClient@sb-bgxknceshxxifwytalex-auth-token:0 (2.93.3) 2026-02-02T15:19:58.067Z #_acquireLock end

stderr | tests/property/scoped-roles-processing-efficiency.test.ts > Property 10: Scoped Roles Processing Efficiency > Property 10.5: Role hierarchy cache should invalidate on role changes
Error fetching org roles: {
  code: 'PGRST200',
  details: "Searched for a foreign key relationship between 'org_roles' and 'user_profiles' in the schema 'public', but no matches were found.",
  hint: null,
  message: "Could not find a relationship between 'org_roles' and 'user_profiles' in the schema cache"
}

[90mstdout[2m | tests/property/scoped-roles-processing-efficiency.test.ts[2m > [22m[2mProperty 10: Scoped Roles Processing Efficiency[2m > [22m[2mProperty 10.5: Role hierarchy cache should invalidate on role changes
[22m[39mGoTrueClient@sb-bgxknceshxxifwytalex-auth-token:0 (2.93.3) 2026-02-02T15:19:58.077Z #_acquireLock begin [33m10000[39m
GoTrueClient@sb-bgxknceshxxifwytalex-auth-token:0 (2.93.3) 2026-02-02T15:19:58.078Z #_acquireLock lock acquired for storage key sb-bgxknceshxxifwytalex-auth-token
GoTrueClient@sb-bgxknceshxxifwytalex-auth-token:0 (2.93.3) 2026-02-02T15:19:58.078Z #_useSession begin
GoTrueClient@sb-bgxknceshxxifwytalex-auth-token:0 (2.93.3) 2026-02-02T15:19:58.078Z #__loadSession() begin

[90mstdout[2m | tests/property/scoped-roles-processing-efficiency.test.ts[2m > [22m[2mProperty 10: Scoped Roles Processing Efficiency[2m > [22m[2mProperty 10.5: Role hierarchy cache should invalidate on role changes
[22m[39mGoTrueClient@sb-bgxknceshxxifwytalex-auth-token:0 (2.93.3) 2026-02-02T15:19:58.078Z #getSession() session from storage [1mnull[22m
GoTrueClient@sb-bgxknceshxxifwytalex-auth-token:0 (2.93.3) 2026-02-02T15:19:58.078Z #__loadSession() end

[90mstdout[2m | tests/property/scoped-roles-processing-efficiency.test.ts[2m > [22m[2mProperty 10: Scoped Roles Processing Efficiency[2m > [22m[2mProperty 10.5: Role hierarchy cache should invalidate on role changes
[22m[39mGoTrueClient@sb-bgxknceshxxifwytalex-auth-token:0 (2.93.3) 2026-02-02T15:19:58.078Z #_useSession end

[90mstdout[2m | tests/property/scoped-roles-processing-efficiency.test.ts[2m > [22m[2mProperty 10: Scoped Roles Processing Efficiency[2m > [22m[2mProperty 10.5: Role hierarchy cache should invalidate on role changes
[22m[39mGoTrueClient@sb-bgxknceshxxifwytalex-auth-token:0 (2.93.3) 2026-02-02T15:19:58.078Z #_acquireLock lock released for storage key sb-bgxknceshxxifwytalex-auth-token

[90mstdout[2m | tests/property/scoped-roles-processing-efficiency.test.ts[2m > [22m[2mProperty 10: Scoped Roles Processing Efficiency[2m > [22m[2mProperty 10.5: Role hierarchy cache should invalidate on role changes
[22m[39mGoTrueClient@sb-bgxknceshxxifwytalex-auth-token:0 (2.93.3) 2026-02-02T15:19:58.078Z #_acquireLock end

stderr | tests/property/scoped-roles-processing-efficiency.test.ts > Property 10: Scoped Roles Processing Efficiency > Property 10.5: Role hierarchy cache should invalidate on role changes
Error fetching project roles: {
  code: 'PGRST200',
  details: "Searched for a foreign key relationship between 'project_roles' and 'user_profiles' in the schema 'public', but no matches were found.",
  hint: null,
  message: "Could not find a relationship between 'project_roles' and 'user_profiles' in the schema cache"
}

[90mstdout[2m | tests/property/scoped-roles-processing-efficiency.test.ts[2m > [22m[2mProperty 10: Scoped Roles Processing Efficiency[2m > [22m[2mProperty 10.5: Role hierarchy cache should invalidate on role changes
[22m[39mGoTrueClient@sb-bgxknceshxxifwytalex-auth-token:0 (2.93.3) 2026-02-02T15:19:58.110Z #_acquireLock begin [33m10000[39m
GoTrueClient@sb-bgxknceshxxifwytalex-auth-token:0 (2.93.3) 2026-02-02T15:19:58.110Z #_acquireLock lock acquired for storage key sb-bgxknceshxxifwytalex-auth-token
GoTrueClient@sb-bgxknceshxxifwytalex-auth-token:0 (2.93.3) 2026-02-02T15:19:58.110Z #_useSession begin
GoTrueClient@sb-bgxknceshxxifwytalex-auth-token:0 (2.93.3) 2026-02-02T15:19:58.110Z #__loadSession() begin

[90mstdout[2m | tests/property/scoped-roles-processing-efficiency.test.ts[2m > [22m[2mProperty 10: Scoped Roles Processing Efficiency[2m > [22m[2mProperty 10.5: Role hierarchy cache should invalidate on role changes
[22m[39mGoTrueClient@sb-bgxknceshxxifwytalex-auth-token:0 (2.93.3) 2026-02-02T15:19:58.110Z #getSession() session from storage [1mnull[22m
GoTrueClient@sb-bgxknceshxxifwytalex-auth-token:0 (2.93.3) 2026-02-02T15:19:58.110Z #__loadSession() end

[90mstdout[2m | tests/property/scoped-roles-processing-efficiency.test.ts[2m > [22m[2mProperty 10: Scoped Roles Processing Efficiency[2m > [22m[2mProperty 10.5: Role hierarchy cache should invalidate on role changes
[22m[39mGoTrueClient@sb-bgxknceshxxifwytalex-auth-token:0 (2.93.3) 2026-02-02T15:19:58.110Z #_useSession end

[90mstdout[2m | tests/property/scoped-roles-processing-efficiency.test.ts[2m > [22m[2mProperty 10: Scoped Roles Processing Efficiency[2m > [22m[2mProperty 10.5: Role hierarchy cache should invalidate on role changes
[22m[39mGoTrueClient@sb-bgxknceshxxifwytalex-auth-token:0 (2.93.3) 2026-02-02T15:19:58.110Z #_acquireLock lock released for storage key sb-bgxknceshxxifwytalex-auth-token

[90mstdout[2m | tests/property/scoped-roles-processing-efficiency.test.ts[2m > [22m[2mProperty 10: Scoped Roles Processing Efficiency[2m > [22m[2mProperty 10.5: Role hierarchy cache should invalidate on role changes
[22m[39mGoTrueClient@sb-bgxknceshxxifwytalex-auth-token:0 (2.93.3) 2026-02-02T15:19:58.110Z #_acquireLock end

stderr | tests/property/scoped-roles-processing-efficiency.test.ts > Property 10: Scoped Roles Processing Efficiency > Property 10.5: Role hierarchy cache should invalidate on role changes
Error fetching org roles: {
  code: 'PGRST200',
  details: "Searched for a foreign key relationship between 'org_roles' and 'user_profiles' in the schema 'public', but no matches were found.",
  hint: null,
  message: "Could not find a relationship between 'org_roles' and 'user_profiles' in the schema cache"
}

[90mstdout[2m | tests/property/scoped-roles-processing-efficiency.test.ts[2m > [22m[2mProperty 10: Scoped Roles Processing Efficiency[2m > [22m[2mProperty 10.5: Role hierarchy cache should invalidate on role changes
[22m[39mGoTrueClient@sb-bgxknceshxxifwytalex-auth-token:0 (2.93.3) 2026-02-02T15:19:58.185Z #_acquireLock begin [33m10000[39m
GoTrueClient@sb-bgxknceshxxifwytalex-auth-token:0 (2.93.3) 2026-02-02T15:19:58.185Z #_acquireLock lock acquired for storage key sb-bgxknceshxxifwytalex-auth-token
GoTrueClient@sb-bgxknceshxxifwytalex-auth-token:0 (2.93.3) 2026-02-02T15:19:58.185Z #_useSession begin
GoTrueClient@sb-bgxknceshxxifwytalex-auth-token:0 (2.93.3) 2026-02-02T15:19:58.185Z #__loadSession() begin

[90mstdout[2m | tests/property/scoped-roles-processing-efficiency.test.ts[2m > [22m[2mProperty 10: Scoped Roles Processing Efficiency[2m > [22m[2mProperty 10.5: Role hierarchy cache should invalidate on role changes
[22m[39mGoTrueClient@sb-bgxknceshxxifwytalex-auth-token:0 (2.93.3) 2026-02-02T15:19:58.186Z #getSession() session from storage [1mnull[22m
GoTrueClient@sb-bgxknceshxxifwytalex-auth-token:0 (2.93.3) 2026-02-02T15:19:58.186Z #__loadSession() end

[90mstdout[2m | tests/property/scoped-roles-processing-efficiency.test.ts[2m > [22m[2mProperty 10: Scoped Roles Processing Efficiency[2m > [22m[2mProperty 10.5: Role hierarchy cache should invalidate on role changes
[22m[39mGoTrueClient@sb-bgxknceshxxifwytalex-auth-token:0 (2.93.3) 2026-02-02T15:19:58.186Z #_useSession end

[90mstdout[2m | tests/property/scoped-roles-processing-efficiency.test.ts[2m > [22m[2mProperty 10: Scoped Roles Processing Efficiency[2m > [22m[2mProperty 10.5: Role hierarchy cache should invalidate on role changes
[22m[39mGoTrueClient@sb-bgxknceshxxifwytalex-auth-token:0 (2.93.3) 2026-02-02T15:19:58.186Z #_acquireLock lock released for storage key sb-bgxknceshxxifwytalex-auth-token

[90mstdout[2m | tests/property/scoped-roles-processing-efficiency.test.ts[2m > [22m[2mProperty 10: Scoped Roles Processing Efficiency[2m > [22m[2mProperty 10.5: Role hierarchy cache should invalidate on role changes
[22m[39mGoTrueClient@sb-bgxknceshxxifwytalex-auth-token:0 (2.93.3) 2026-02-02T15:19:58.186Z #_acquireLock end

stderr | tests/property/scoped-roles-processing-efficiency.test.ts > Property 10: Scoped Roles Processing Efficiency > Property 10.5: Role hierarchy cache should invalidate on role changes
Error fetching project roles: {
  code: 'PGRST200',
  details: "Searched for a foreign key relationship between 'project_roles' and 'user_profiles' in the schema 'public', but no matches were found.",
  hint: null,
  message: "Could not find a relationship between 'project_roles' and 'user_profiles' in the schema cache"
}

[90mstdout[2m | tests/property/scoped-roles-processing-efficiency.test.ts[2m > [22m[2mProperty 10: Scoped Roles Processing Efficiency[2m > [22m[2mProperty 10.5: Role hierarchy cache should invalidate on role changes
[22m[39mGoTrueClient@sb-bgxknceshxxifwytalex-auth-token:0 (2.93.3) 2026-02-02T15:19:58.262Z #_acquireLock begin [33m10000[39m
GoTrueClient@sb-bgxknceshxxifwytalex-auth-token:0 (2.93.3) 2026-02-02T15:19:58.262Z #_acquireLock lock acquired for storage key sb-bgxknceshxxifwytalex-auth-token
GoTrueClient@sb-bgxknceshxxifwytalex-auth-token:0 (2.93.3) 2026-02-02T15:19:58.262Z #_useSession begin
GoTrueClient@sb-bgxknceshxxifwytalex-auth-token:0 (2.93.3) 2026-02-02T15:19:58.262Z #__loadSession() begin

[90mstdout[2m | tests/property/scoped-roles-processing-efficiency.test.ts[2m > [22m[2mProperty 10: Scoped Roles Processing Efficiency[2m > [22m[2mProperty 10.5: Role hierarchy cache should invalidate on role changes
[22m[39mGoTrueClient@sb-bgxknceshxxifwytalex-auth-token:0 (2.93.3) 2026-02-02T15:19:58.263Z #getSession() session from storage [1mnull[22m
GoTrueClient@sb-bgxknceshxxifwytalex-auth-token:0 (2.93.3) 2026-02-02T15:19:58.263Z #__loadSession() end

[90mstdout[2m | tests/property/scoped-roles-processing-efficiency.test.ts[2m > [22m[2mProperty 10: Scoped Roles Processing Efficiency[2m > [22m[2mProperty 10.5: Role hierarchy cache should invalidate on role changes
[22m[39mGoTrueClient@sb-bgxknceshxxifwytalex-auth-token:0 (2.93.3) 2026-02-02T15:19:58.263Z #_useSession end

[90mstdout[2m | tests/property/scoped-roles-processing-efficiency.test.ts[2m > [22m[2mProperty 10: Scoped Roles Processing Efficiency[2m > [22m[2mProperty 10.5: Role hierarchy cache should invalidate on role changes
[22m[39mGoTrueClient@sb-bgxknceshxxifwytalex-auth-token:0 (2.93.3) 2026-02-02T15:19:58.263Z #_acquireLock lock released for storage key sb-bgxknceshxxifwytalex-auth-token

[90mstdout[2m | tests/property/scoped-roles-processing-efficiency.test.ts[2m > [22m[2mProperty 10: Scoped Roles Processing Efficiency[2m > [22m[2mProperty 10.5: Role hierarchy cache should invalidate on role changes
[22m[39mGoTrueClient@sb-bgxknceshxxifwytalex-auth-token:0 (2.93.3) 2026-02-02T15:19:58.263Z #_acquireLock end

stderr | tests/property/scoped-roles-processing-efficiency.test.ts > Property 10: Scoped Roles Processing Efficiency > Property 10.5: Role hierarchy cache should invalidate on role changes
Error fetching org roles: {
  code: 'PGRST200',
  details: "Searched for a foreign key relationship between 'org_roles' and 'user_profiles' in the schema 'public', but no matches were found.",
  hint: null,
  message: "Could not find a relationship between 'org_roles' and 'user_profiles' in the schema cache"
}

[90mstdout[2m | tests/property/scoped-roles-processing-efficiency.test.ts[2m > [22m[2mProperty 10: Scoped Roles Processing Efficiency[2m > [22m[2mProperty 10.5: Role hierarchy cache should invalidate on role changes
[22m[39mGoTrueClient@sb-bgxknceshxxifwytalex-auth-token:0 (2.93.3) 2026-02-02T15:19:58.297Z #_acquireLock begin [33m10000[39m
GoTrueClient@sb-bgxknceshxxifwytalex-auth-token:0 (2.93.3) 2026-02-02T15:19:58.297Z #_acquireLock lock acquired for storage key sb-bgxknceshxxifwytalex-auth-token
GoTrueClient@sb-bgxknceshxxifwytalex-auth-token:0 (2.93.3) 2026-02-02T15:19:58.297Z #_useSession begin
GoTrueClient@sb-bgxknceshxxifwytalex-auth-token:0 (2.93.3) 2026-02-02T15:19:58.297Z #__loadSession() begin

[90mstdout[2m | tests/property/scoped-roles-processing-efficiency.test.ts[2m > [22m[2mProperty 10: Scoped Roles Processing Efficiency[2m > [22m[2mProperty 10.5: Role hierarchy cache should invalidate on role changes
[22m[39mGoTrueClient@sb-bgxknceshxxifwytalex-auth-token:0 (2.93.3) 2026-02-02T15:19:58.297Z #getSession() session from storage [1mnull[22m
GoTrueClient@sb-bgxknceshxxifwytalex-auth-token:0 (2.93.3) 2026-02-02T15:19:58.297Z #__loadSession() end

[90mstdout[2m | tests/property/scoped-roles-processing-efficiency.test.ts[2m > [22m[2mProperty 10: Scoped Roles Processing Efficiency[2m > [22m[2mProperty 10.5: Role hierarchy cache should invalidate on role changes
[22m[39mGoTrueClient@sb-bgxknceshxxifwytalex-auth-token:0 (2.93.3) 2026-02-02T15:19:58.297Z #_useSession end

[90mstdout[2m | tests/property/scoped-roles-processing-efficiency.test.ts[2m > [22m[2mProperty 10: Scoped Roles Processing Efficiency[2m > [22m[2mProperty 10.5: Role hierarchy cache should invalidate on role changes
[22m[39mGoTrueClient@sb-bgxknceshxxifwytalex-auth-token:0 (2.93.3) 2026-02-02T15:19:58.298Z #_acquireLock lock released for storage key sb-bgxknceshxxifwytalex-auth-token

[90mstdout[2m | tests/property/scoped-roles-processing-efficiency.test.ts[2m > [22m[2mProperty 10: Scoped Roles Processing Efficiency[2m > [22m[2mProperty 10.5: Role hierarchy cache should invalidate on role changes
[22m[39mGoTrueClient@sb-bgxknceshxxifwytalex-auth-token:0 (2.93.3) 2026-02-02T15:19:58.298Z #_acquireLock end

[90mstdout[2m | tests/property/scoped-roles-processing-efficiency.test.ts[2m > [22m[2mProperty 10: Scoped Roles Processing Efficiency[2m > [22m[2mProperty 10.5: Role hierarchy cache should invalidate on role changes
[22m[39mGoTrueClient@sb-bgxknceshxxifwytalex-auth-token:0 (2.93.3) 2026-02-02T15:19:58.300Z #_acquireLock begin [33m10000[39m
GoTrueClient@sb-bgxknceshxxifwytalex-auth-token:0 (2.93.3) 2026-02-02T15:19:58.300Z #_acquireLock lock acquired for storage key sb-bgxknceshxxifwytalex-auth-token
GoTrueClient@sb-bgxknceshxxifwytalex-auth-token:0 (2.93.3) 2026-02-02T15:19:58.300Z #_useSession begin
GoTrueClient@sb-bgxknceshxxifwytalex-auth-token:0 (2.93.3) 2026-02-02T15:19:58.301Z #__loadSession() begin

[90mstdout[2m | tests/property/scoped-roles-processing-efficiency.test.ts[2m > [22m[2mProperty 10: Scoped Roles Processing Efficiency[2m > [22m[2mProperty 10.5: Role hierarchy cache should invalidate on role changes
[22m[39mGoTrueClient@sb-bgxknceshxxifwytalex-auth-token:0 (2.93.3) 2026-02-02T15:19:58.301Z #getSession() session from storage [1mnull[22m
GoTrueClient@sb-bgxknceshxxifwytalex-auth-token:0 (2.93.3) 2026-02-02T15:19:58.301Z #__loadSession() end

[90mstdout[2m | tests/property/scoped-roles-processing-efficiency.test.ts[2m > [22m[2mProperty 10: Scoped Roles Processing Efficiency[2m > [22m[2mProperty 10.5: Role hierarchy cache should invalidate on role changes
[22m[39mGoTrueClient@sb-bgxknceshxxifwytalex-auth-token:0 (2.93.3) 2026-02-02T15:19:58.301Z #_useSession end

[90mstdout[2m | tests/property/scoped-roles-processing-efficiency.test.ts[2m > [22m[2mProperty 10: Scoped Roles Processing Efficiency[2m > [22m[2mProperty 10.5: Role hierarchy cache should invalidate on role changes
[22m[39mGoTrueClient@sb-bgxknceshxxifwytalex-auth-token:0 (2.93.3) 2026-02-02T15:19:58.301Z #_acquireLock lock released for storage key sb-bgxknceshxxifwytalex-auth-token

[90mstdout[2m | tests/property/scoped-roles-processing-efficiency.test.ts[2m > [22m[2mProperty 10: Scoped Roles Processing Efficiency[2m > [22m[2mProperty 10.5: Role hierarchy cache should invalidate on role changes
[22m[39mGoTrueClient@sb-bgxknceshxxifwytalex-auth-token:0 (2.93.3) 2026-02-02T15:19:58.301Z #_acquireLock end

stderr | tests/property/scoped-roles-processing-efficiency.test.ts > Property 10: Scoped Roles Processing Efficiency > Property 10.5: Role hierarchy cache should invalidate on role changes
Error fetching project roles: {
  code: 'PGRST200',
  details: "Searched for a foreign key relationship between 'project_roles' and 'user_profiles' in the schema 'public', but no matches were found.",
  hint: null,
  message: "Could not find a relationship between 'project_roles' and 'user_profiles' in the schema cache"
}

[90mstdout[2m | tests/property/scoped-roles-processing-efficiency.test.ts[2m > [22m[2mProperty 10: Scoped Roles Processing Efficiency[2m > [22m[2mProperty 10.5: Role hierarchy cache should invalidate on role changes
[22m[39mGoTrueClient@sb-bgxknceshxxifwytalex-auth-token:0 (2.93.3) 2026-02-02T15:19:58.327Z #_acquireLock begin [33m10000[39m
GoTrueClient@sb-bgxknceshxxifwytalex-auth-token:0 (2.93.3) 2026-02-02T15:19:58.327Z #_acquireLock lock acquired for storage key sb-bgxknceshxxifwytalex-auth-token
GoTrueClient@sb-bgxknceshxxifwytalex-auth-token:0 (2.93.3) 2026-02-02T15:19:58.327Z #_useSession begin
GoTrueClient@sb-bgxknceshxxifwytalex-auth-token:0 (2.93.3) 2026-02-02T15:19:58.327Z #__loadSession() begin

[90mstdout[2m | tests/property/scoped-roles-processing-efficiency.test.ts[2m > [22m[2mProperty 10: Scoped Roles Processing Efficiency[2m > [22m[2mProperty 10.5: Role hierarchy cache should invalidate on role changes
[22m[39mGoTrueClient@sb-bgxknceshxxifwytalex-auth-token:0 (2.93.3) 2026-02-02T15:19:58.327Z #getSession() session from storage [1mnull[22m
GoTrueClient@sb-bgxknceshxxifwytalex-auth-token:0 (2.93.3) 2026-02-02T15:19:58.327Z #__loadSession() end

[90mstdout[2m | tests/property/scoped-roles-processing-efficiency.test.ts[2m > [22m[2mProperty 10: Scoped Roles Processing Efficiency[2m > [22m[2mProperty 10.5: Role hierarchy cache should invalidate on role changes
[22m[39mGoTrueClient@sb-bgxknceshxxifwytalex-auth-token:0 (2.93.3) 2026-02-02T15:19:58.327Z #_useSession end

[90mstdout[2m | tests/property/scoped-roles-processing-efficiency.test.ts[2m > [22m[2mProperty 10: Scoped Roles Processing Efficiency[2m > [22m[2mProperty 10.5: Role hierarchy cache should invalidate on role changes
[22m[39mGoTrueClient@sb-bgxknceshxxifwytalex-auth-token:0 (2.93.3) 2026-02-02T15:19:58.328Z #_acquireLock lock released for storage key sb-bgxknceshxxifwytalex-auth-token

[90mstdout[2m | tests/property/scoped-roles-processing-efficiency.test.ts[2m > [22m[2mProperty 10: Scoped Roles Processing Efficiency[2m > [22m[2mProperty 10.5: Role hierarchy cache should invalidate on role changes
[22m[39mGoTrueClient@sb-bgxknceshxxifwytalex-auth-token:0 (2.93.3) 2026-02-02T15:19:58.328Z #_acquireLock end

stderr | tests/property/scoped-roles-processing-efficiency.test.ts > Property 10: Scoped Roles Processing Efficiency > Property 10.5: Role hierarchy cache should invalidate on role changes
Error fetching org roles: {
  code: 'PGRST200',
  details: "Searched for a foreign key relationship between 'org_roles' and 'user_profiles' in the schema 'public', but no matches were found.",
  hint: null,
  message: "Could not find a relationship between 'org_roles' and 'user_profiles' in the schema cache"
}

[90mstdout[2m | tests/property/scoped-roles-processing-efficiency.test.ts[2m > [22m[2mProperty 10: Scoped Roles Processing Efficiency[2m > [22m[2mProperty 10.5: Role hierarchy cache should invalidate on role changes
[22m[39mGoTrueClient@sb-bgxknceshxxifwytalex-auth-token:0 (2.93.3) 2026-02-02T15:19:58.402Z #_acquireLock begin [33m10000[39m
GoTrueClient@sb-bgxknceshxxifwytalex-auth-token:0 (2.93.3) 2026-02-02T15:19:58.403Z #_acquireLock lock acquired for storage key sb-bgxknceshxxifwytalex-auth-token
GoTrueClient@sb-bgxknceshxxifwytalex-auth-token:0 (2.93.3) 2026-02-02T15:19:58.403Z #_useSession begin
GoTrueClient@sb-bgxknceshxxifwytalex-auth-token:0 (2.93.3) 2026-02-02T15:19:58.403Z #__loadSession() begin

[90mstdout[2m | tests/property/scoped-roles-processing-efficiency.test.ts[2m > [22m[2mProperty 10: Scoped Roles Processing Efficiency[2m > [22m[2mProperty 10.5: Role hierarchy cache should invalidate on role changes
[22m[39mGoTrueClient@sb-bgxknceshxxifwytalex-auth-token:0 (2.93.3) 2026-02-02T15:19:58.403Z #getSession() session from storage [1mnull[22m
GoTrueClient@sb-bgxknceshxxifwytalex-auth-token:0 (2.93.3) 2026-02-02T15:19:58.403Z #__loadSession() end

[90mstdout[2m | tests/property/scoped-roles-processing-efficiency.test.ts[2m > [22m[2mProperty 10: Scoped Roles Processing Efficiency[2m > [22m[2mProperty 10.5: Role hierarchy cache should invalidate on role changes
[22m[39mGoTrueClient@sb-bgxknceshxxifwytalex-auth-token:0 (2.93.3) 2026-02-02T15:19:58.403Z #_useSession end

[90mstdout[2m | tests/property/scoped-roles-processing-efficiency.test.ts[2m > [22m[2mProperty 10: Scoped Roles Processing Efficiency[2m > [22m[2mProperty 10.5: Role hierarchy cache should invalidate on role changes
[22m[39mGoTrueClient@sb-bgxknceshxxifwytalex-auth-token:0 (2.93.3) 2026-02-02T15:19:58.403Z #_acquireLock lock released for storage key sb-bgxknceshxxifwytalex-auth-token

[90mstdout[2m | tests/property/scoped-roles-processing-efficiency.test.ts[2m > [22m[2mProperty 10: Scoped Roles Processing Efficiency[2m > [22m[2mProperty 10.5: Role hierarchy cache should invalidate on role changes
[22m[39mGoTrueClient@sb-bgxknceshxxifwytalex-auth-token:0 (2.93.3) 2026-02-02T15:19:58.403Z #_acquireLock end

[90mstdout[2m | tests/property/scoped-roles-processing-efficiency.test.ts[2m > [22m[2mProperty 10: Scoped Roles Processing Efficiency[2m > [22m[2mProperty 10.5: Role hierarchy cache should invalidate on role changes
[22m[39mGoTrueClient@sb-bgxknceshxxifwytalex-auth-token:0 (2.93.3) 2026-02-02T15:19:58.467Z #_acquireLock begin [33m10000[39m
GoTrueClient@sb-bgxknceshxxifwytalex-auth-token:0 (2.93.3) 2026-02-02T15:19:58.467Z #_acquireLock lock acquired for storage key sb-bgxknceshxxifwytalex-auth-token
GoTrueClient@sb-bgxknceshxxifwytalex-auth-token:0 (2.93.3) 2026-02-02T15:19:58.467Z #_useSession begin
GoTrueClient@sb-bgxknceshxxifwytalex-auth-token:0 (2.93.3) 2026-02-02T15:19:58.467Z #__loadSession() begin

[90mstdout[2m | tests/property/scoped-roles-processing-efficiency.test.ts[2m > [22m[2mProperty 10: Scoped Roles Processing Efficiency[2m > [22m[2mProperty 10.5: Role hierarchy cache should invalidate on role changes
[22m[39mGoTrueClient@sb-bgxknceshxxifwytalex-auth-token:0 (2.93.3) 2026-02-02T15:19:58.468Z #getSession() session from storage [1mnull[22m
GoTrueClient@sb-bgxknceshxxifwytalex-auth-token:0 (2.93.3) 2026-02-02T15:19:58.468Z #__loadSession() end

[90mstdout[2m | tests/property/scoped-roles-processing-efficiency.test.ts[2m > [22m[2mProperty 10: Scoped Roles Processing Efficiency[2m > [22m[2mProperty 10.5: Role hierarchy cache should invalidate on role changes
[22m[39mGoTrueClient@sb-bgxknceshxxifwytalex-auth-token:0 (2.93.3) 2026-02-02T15:19:58.468Z #_useSession end

[90mstdout[2m | tests/property/scoped-roles-processing-efficiency.test.ts[2m > [22m[2mProperty 10: Scoped Roles Processing Efficiency[2m > [22m[2mProperty 10.5: Role hierarchy cache should invalidate on role changes
[22m[39mGoTrueClient@sb-bgxknceshxxifwytalex-auth-token:0 (2.93.3) 2026-02-02T15:19:58.468Z #_acquireLock lock released for storage key sb-bgxknceshxxifwytalex-auth-token

[90mstdout[2m | tests/property/scoped-roles-processing-efficiency.test.ts[2m > [22m[2mProperty 10: Scoped Roles Processing Efficiency[2m > [22m[2mProperty 10.5: Role hierarchy cache should invalidate on role changes
[22m[39mGoTrueClient@sb-bgxknceshxxifwytalex-auth-token:0 (2.93.3) 2026-02-02T15:19:58.468Z #_acquireLock end

stderr | tests/property/scoped-roles-processing-efficiency.test.ts > Property 10: Scoped Roles Processing Efficiency > Property 10.5: Role hierarchy cache should invalidate on role changes
Error fetching org roles: {
  code: 'PGRST200',
  details: "Searched for a foreign key relationship between 'org_roles' and 'user_profiles' in the schema 'public', but no matches were found.",
  hint: null,
  message: "Could not find a relationship between 'org_roles' and 'user_profiles' in the schema cache"
}

[90mstdout[2m | tests/property/scoped-roles-processing-efficiency.test.ts[2m > [22m[2mProperty 10: Scoped Roles Processing Efficiency[2m > [22m[2mProperty 10.5: Role hierarchy cache should invalidate on role changes
[22m[39mGoTrueClient@sb-bgxknceshxxifwytalex-auth-token:0 (2.93.3) 2026-02-02T15:19:58.512Z #_acquireLock begin [33m10000[39m
GoTrueClient@sb-bgxknceshxxifwytalex-auth-token:0 (2.93.3) 2026-02-02T15:19:58.512Z #_acquireLock lock acquired for storage key sb-bgxknceshxxifwytalex-auth-token
GoTrueClient@sb-bgxknceshxxifwytalex-auth-token:0 (2.93.3) 2026-02-02T15:19:58.512Z #_useSession begin
GoTrueClient@sb-bgxknceshxxifwytalex-auth-token:0 (2.93.3) 2026-02-02T15:19:58.512Z #__loadSession() begin

[90mstdout[2m | tests/property/scoped-roles-processing-efficiency.test.ts[2m > [22m[2mProperty 10: Scoped Roles Processing Efficiency[2m > [22m[2mProperty 10.5: Role hierarchy cache should invalidate on role changes
[22m[39mGoTrueClient@sb-bgxknceshxxifwytalex-auth-token:0 (2.93.3) 2026-02-02T15:19:58.513Z #getSession() session from storage [1mnull[22m
GoTrueClient@sb-bgxknceshxxifwytalex-auth-token:0 (2.93.3) 2026-02-02T15:19:58.513Z #__loadSession() end

[90mstdout[2m | tests/property/scoped-roles-processing-efficiency.test.ts[2m > [22m[2mProperty 10: Scoped Roles Processing Efficiency[2m > [22m[2mProperty 10.5: Role hierarchy cache should invalidate on role changes
[22m[39mGoTrueClient@sb-bgxknceshxxifwytalex-auth-token:0 (2.93.3) 2026-02-02T15:19:58.513Z #_useSession end

[90mstdout[2m | tests/property/scoped-roles-processing-efficiency.test.ts[2m > [22m[2mProperty 10: Scoped Roles Processing Efficiency[2m > [22m[2mProperty 10.5: Role hierarchy cache should invalidate on role changes
[22m[39mGoTrueClient@sb-bgxknceshxxifwytalex-auth-token:0 (2.93.3) 2026-02-02T15:19:58.513Z #_acquireLock lock released for storage key sb-bgxknceshxxifwytalex-auth-token

[90mstdout[2m | tests/property/scoped-roles-processing-efficiency.test.ts[2m > [22m[2mProperty 10: Scoped Roles Processing Efficiency[2m > [22m[2mProperty 10.5: Role hierarchy cache should invalidate on role changes
[22m[39mGoTrueClient@sb-bgxknceshxxifwytalex-auth-token:0 (2.93.3) 2026-02-02T15:19:58.513Z #_acquireLock end

[90mstdout[2m | tests/property/scoped-roles-processing-efficiency.test.ts[2m > [22m[2mProperty 10: Scoped Roles Processing Efficiency[2m > [22m[2mProperty 10.5: Role hierarchy cache should invalidate on role changes
[22m[39mGoTrueClient@sb-bgxknceshxxifwytalex-auth-token:0 (2.93.3) 2026-02-02T15:19:58.525Z #_acquireLock begin [33m10000[39m
GoTrueClient@sb-bgxknceshxxifwytalex-auth-token:0 (2.93.3) 2026-02-02T15:19:58.525Z #_acquireLock lock acquired for storage key sb-bgxknceshxxifwytalex-auth-token
GoTrueClient@sb-bgxknceshxxifwytalex-auth-token:0 (2.93.3) 2026-02-02T15:19:58.525Z #_useSession begin
GoTrueClient@sb-bgxknceshxxifwytalex-auth-token:0 (2.93.3) 2026-02-02T15:19:58.525Z #__loadSession() begin

[90mstdout[2m | tests/property/scoped-roles-processing-efficiency.test.ts[2m > [22m[2mProperty 10: Scoped Roles Processing Efficiency[2m > [22m[2mProperty 10.5: Role hierarchy cache should invalidate on role changes
[22m[39mGoTrueClient@sb-bgxknceshxxifwytalex-auth-token:0 (2.93.3) 2026-02-02T15:19:58.526Z #getSession() session from storage [1mnull[22m
GoTrueClient@sb-bgxknceshxxifwytalex-auth-token:0 (2.93.3) 2026-02-02T15:19:58.526Z #__loadSession() end

[90mstdout[2m | tests/property/scoped-roles-processing-efficiency.test.ts[2m > [22m[2mProperty 10: Scoped Roles Processing Efficiency[2m > [22m[2mProperty 10.5: Role hierarchy cache should invalidate on role changes
[22m[39mGoTrueClient@sb-bgxknceshxxifwytalex-auth-token:0 (2.93.3) 2026-02-02T15:19:58.526Z #_useSession end

[90mstdout[2m | tests/property/scoped-roles-processing-efficiency.test.ts[2m > [22m[2mProperty 10: Scoped Roles Processing Efficiency[2m > [22m[2mProperty 10.5: Role hierarchy cache should invalidate on role changes
[22m[39mGoTrueClient@sb-bgxknceshxxifwytalex-auth-token:0 (2.93.3) 2026-02-02T15:19:58.526Z #_acquireLock lock released for storage key sb-bgxknceshxxifwytalex-auth-token

[90mstdout[2m | tests/property/scoped-roles-processing-efficiency.test.ts[2m > [22m[2mProperty 10: Scoped Roles Processing Efficiency[2m > [22m[2mProperty 10.5: Role hierarchy cache should invalidate on role changes
[22m[39mGoTrueClient@sb-bgxknceshxxifwytalex-auth-token:0 (2.93.3) 2026-02-02T15:19:58.526Z #_acquireLock end

stderr | tests/property/scoped-roles-processing-efficiency.test.ts > Property 10: Scoped Roles Processing Efficiency > Property 10.5: Role hierarchy cache should invalidate on role changes
Error fetching project roles: {
  code: 'PGRST200',
  details: "Searched for a foreign key relationship between 'project_roles' and 'user_profiles' in the schema 'public', but no matches were found.",
  hint: null,
  message: "Could not find a relationship between 'project_roles' and 'user_profiles' in the schema cache"
}

[90mstdout[2m | tests/property/scoped-roles-processing-efficiency.test.ts[2m > [22m[2mProperty 10: Scoped Roles Processing Efficiency[2m > [22m[2mProperty 10.5: Role hierarchy cache should invalidate on role changes
[22m[39mGoTrueClient@sb-bgxknceshxxifwytalex-auth-token:0 (2.93.3) 2026-02-02T15:19:58.533Z #_acquireLock begin [33m10000[39m
GoTrueClient@sb-bgxknceshxxifwytalex-auth-token:0 (2.93.3) 2026-02-02T15:19:58.534Z #_acquireLock lock acquired for storage key sb-bgxknceshxxifwytalex-auth-token
GoTrueClient@sb-bgxknceshxxifwytalex-auth-token:0 (2.93.3) 2026-02-02T15:19:58.534Z #_useSession begin
GoTrueClient@sb-bgxknceshxxifwytalex-auth-token:0 (2.93.3) 2026-02-02T15:19:58.534Z #__loadSession() begin

[90mstdout[2m | tests/property/scoped-roles-processing-efficiency.test.ts[2m > [22m[2mProperty 10: Scoped Roles Processing Efficiency[2m > [22m[2mProperty 10.5: Role hierarchy cache should invalidate on role changes
[22m[39mGoTrueClient@sb-bgxknceshxxifwytalex-auth-token:0 (2.93.3) 2026-02-02T15:19:58.534Z #getSession() session from storage [1mnull[22m
GoTrueClient@sb-bgxknceshxxifwytalex-auth-token:0 (2.93.3) 2026-02-02T15:19:58.534Z #__loadSession() end

[90mstdout[2m | tests/property/scoped-roles-processing-efficiency.test.ts[2m > [22m[2mProperty 10: Scoped Roles Processing Efficiency[2m > [22m[2mProperty 10.5: Role hierarchy cache should invalidate on role changes
[22m[39mGoTrueClient@sb-bgxknceshxxifwytalex-auth-token:0 (2.93.3) 2026-02-02T15:19:58.534Z #_useSession end

[90mstdout[2m | tests/property/scoped-roles-processing-efficiency.test.ts[2m > [22m[2mProperty 10: Scoped Roles Processing Efficiency[2m > [22m[2mProperty 10.5: Role hierarchy cache should invalidate on role changes
[22m[39mGoTrueClient@sb-bgxknceshxxifwytalex-auth-token:0 (2.93.3) 2026-02-02T15:19:58.534Z #_acquireLock lock released for storage key sb-bgxknceshxxifwytalex-auth-token

[90mstdout[2m | tests/property/scoped-roles-processing-efficiency.test.ts[2m > [22m[2mProperty 10: Scoped Roles Processing Efficiency[2m > [22m[2mProperty 10.5: Role hierarchy cache should invalidate on role changes
[22m[39mGoTrueClient@sb-bgxknceshxxifwytalex-auth-token:0 (2.93.3) 2026-02-02T15:19:58.534Z #_acquireLock end

stderr | tests/property/scoped-roles-processing-efficiency.test.ts > Property 10: Scoped Roles Processing Efficiency > Property 10.5: Role hierarchy cache should invalidate on role changes
Error fetching org roles: {
  code: 'PGRST200',
  details: "Searched for a foreign key relationship between 'org_roles' and 'user_profiles' in the schema 'public', but no matches were found.",
  hint: null,
  message: "Could not find a relationship between 'org_roles' and 'user_profiles' in the schema cache"
}

[90mstdout[2m | tests/property/scoped-roles-processing-efficiency.test.ts[2m > [22m[2mProperty 10: Scoped Roles Processing Efficiency[2m > [22m[2mProperty 10.5: Role hierarchy cache should invalidate on role changes
[22m[39mGoTrueClient@sb-bgxknceshxxifwytalex-auth-token:0 (2.93.3) 2026-02-02T15:19:58.618Z #_acquireLock begin [33m10000[39m
GoTrueClient@sb-bgxknceshxxifwytalex-auth-token:0 (2.93.3) 2026-02-02T15:19:58.618Z #_acquireLock lock acquired for storage key sb-bgxknceshxxifwytalex-auth-token
GoTrueClient@sb-bgxknceshxxifwytalex-auth-token:0 (2.93.3) 2026-02-02T15:19:58.618Z #_useSession begin
GoTrueClient@sb-bgxknceshxxifwytalex-auth-token:0 (2.93.3) 2026-02-02T15:19:58.618Z #__loadSession() begin

[90mstdout[2m | tests/property/scoped-roles-processing-efficiency.test.ts[2m > [22m[2mProperty 10: Scoped Roles Processing Efficiency[2m > [22m[2mProperty 10.5: Role hierarchy cache should invalidate on role changes
[22m[39mGoTrueClient@sb-bgxknceshxxifwytalex-auth-token:0 (2.93.3) 2026-02-02T15:19:58.618Z #getSession() session from storage [1mnull[22m
GoTrueClient@sb-bgxknceshxxifwytalex-auth-token:0 (2.93.3) 2026-02-02T15:19:58.618Z #__loadSession() end

[90mstdout[2m | tests/property/scoped-roles-processing-efficiency.test.ts[2m > [22m[2mProperty 10: Scoped Roles Processing Efficiency[2m > [22m[2mProperty 10.5: Role hierarchy cache should invalidate on role changes
[22m[39mGoTrueClient@sb-bgxknceshxxifwytalex-auth-token:0 (2.93.3) 2026-02-02T15:19:58.618Z #_useSession end

[90mstdout[2m | tests/property/scoped-roles-processing-efficiency.test.ts[2m > [22m[2mProperty 10: Scoped Roles Processing Efficiency[2m > [22m[2mProperty 10.5: Role hierarchy cache should invalidate on role changes
[22m[39mGoTrueClient@sb-bgxknceshxxifwytalex-auth-token:0 (2.93.3) 2026-02-02T15:19:58.618Z #_acquireLock lock released for storage key sb-bgxknceshxxifwytalex-auth-token

[90mstdout[2m | tests/property/scoped-roles-processing-efficiency.test.ts[2m > [22m[2mProperty 10: Scoped Roles Processing Efficiency[2m > [22m[2mProperty 10.5: Role hierarchy cache should invalidate on role changes
[22m[39mGoTrueClient@sb-bgxknceshxxifwytalex-auth-token:0 (2.93.3) 2026-02-02T15:19:58.618Z #_acquireLock end

stderr | tests/property/scoped-roles-processing-efficiency.test.ts > Property 10: Scoped Roles Processing Efficiency > Property 10.5: Role hierarchy cache should invalidate on role changes
Error fetching org roles: {
  code: 'PGRST200',
  details: "Searched for a foreign key relationship between 'org_roles' and 'user_profiles' in the schema 'public', but no matches were found.",
  hint: null,
  message: "Could not find a relationship between 'org_roles' and 'user_profiles' in the schema cache"
}

[90mstdout[2m | tests/property/scoped-roles-processing-efficiency.test.ts[2m > [22m[2mProperty 10: Scoped Roles Processing Efficiency[2m > [22m[2mProperty 10.5: Role hierarchy cache should invalidate on role changes
[22m[39mGoTrueClient@sb-bgxknceshxxifwytalex-auth-token:0 (2.93.3) 2026-02-02T15:19:58.664Z #_acquireLock begin [33m10000[39m
GoTrueClient@sb-bgxknceshxxifwytalex-auth-token:0 (2.93.3) 2026-02-02T15:19:58.665Z #_acquireLock lock acquired for storage key sb-bgxknceshxxifwytalex-auth-token
GoTrueClient@sb-bgxknceshxxifwytalex-auth-token:0 (2.93.3) 2026-02-02T15:19:58.665Z #_useSession begin
GoTrueClient@sb-bgxknceshxxifwytalex-auth-token:0 (2.93.3) 2026-02-02T15:19:58.665Z #__loadSession() begin

[90mstdout[2m | tests/property/scoped-roles-processing-efficiency.test.ts[2m > [22m[2mProperty 10: Scoped Roles Processing Efficiency[2m > [22m[2mProperty 10.5: Role hierarchy cache should invalidate on role changes
[22m[39mGoTrueClient@sb-bgxknceshxxifwytalex-auth-token:0 (2.93.3) 2026-02-02T15:19:58.665Z #getSession() session from storage [1mnull[22m
GoTrueClient@sb-bgxknceshxxifwytalex-auth-token:0 (2.93.3) 2026-02-02T15:19:58.665Z #__loadSession() end

[90mstdout[2m | tests/property/scoped-roles-processing-efficiency.test.ts[2m > [22m[2mProperty 10: Scoped Roles Processing Efficiency[2m > [22m[2mProperty 10.5: Role hierarchy cache should invalidate on role changes
[22m[39mGoTrueClient@sb-bgxknceshxxifwytalex-auth-token:0 (2.93.3) 2026-02-02T15:19:58.665Z #_useSession end

[90mstdout[2m | tests/property/scoped-roles-processing-efficiency.test.ts[2m > [22m[2mProperty 10: Scoped Roles Processing Efficiency[2m > [22m[2mProperty 10.5: Role hierarchy cache should invalidate on role changes
[22m[39mGoTrueClient@sb-bgxknceshxxifwytalex-auth-token:0 (2.93.3) 2026-02-02T15:19:58.665Z #_acquireLock lock released for storage key sb-bgxknceshxxifwytalex-auth-token

[90mstdout[2m | tests/property/scoped-roles-processing-efficiency.test.ts[2m > [22m[2mProperty 10: Scoped Roles Processing Efficiency[2m > [22m[2mProperty 10.5: Role hierarchy cache should invalidate on role changes
[22m[39mGoTrueClient@sb-bgxknceshxxifwytalex-auth-token:0 (2.93.3) 2026-02-02T15:19:58.665Z #_acquireLock end

[90mstdout[2m | tests/property/scoped-roles-processing-efficiency.test.ts[2m > [22m[2mProperty 10: Scoped Roles Processing Efficiency[2m > [22m[2mProperty 10.5: Role hierarchy cache should invalidate on role changes
[22m[39mGoTrueClient@sb-bgxknceshxxifwytalex-auth-token:0 (2.93.3) 2026-02-02T15:19:58.727Z #_acquireLock begin [33m10000[39m
GoTrueClient@sb-bgxknceshxxifwytalex-auth-token:0 (2.93.3) 2026-02-02T15:19:58.727Z #_acquireLock lock acquired for storage key sb-bgxknceshxxifwytalex-auth-token
GoTrueClient@sb-bgxknceshxxifwytalex-auth-token:0 (2.93.3) 2026-02-02T15:19:58.727Z #_useSession begin
GoTrueClient@sb-bgxknceshxxifwytalex-auth-token:0 (2.93.3) 2026-02-02T15:19:58.727Z #__loadSession() begin

[90mstdout[2m | tests/property/scoped-roles-processing-efficiency.test.ts[2m > [22m[2mProperty 10: Scoped Roles Processing Efficiency[2m > [22m[2mProperty 10.5: Role hierarchy cache should invalidate on role changes
[22m[39mGoTrueClient@sb-bgxknceshxxifwytalex-auth-token:0 (2.93.3) 2026-02-02T15:19:58.727Z #getSession() session from storage [1mnull[22m
GoTrueClient@sb-bgxknceshxxifwytalex-auth-token:0 (2.93.3) 2026-02-02T15:19:58.727Z #__loadSession() end

[90mstdout[2m | tests/property/scoped-roles-processing-efficiency.test.ts[2m > [22m[2mProperty 10: Scoped Roles Processing Efficiency[2m > [22m[2mProperty 10.5: Role hierarchy cache should invalidate on role changes
[22m[39mGoTrueClient@sb-bgxknceshxxifwytalex-auth-token:0 (2.93.3) 2026-02-02T15:19:58.727Z #_useSession end

[90mstdout[2m | tests/property/scoped-roles-processing-efficiency.test.ts[2m > [22m[2mProperty 10: Scoped Roles Processing Efficiency[2m > [22m[2mProperty 10.5: Role hierarchy cache should invalidate on role changes
[22m[39mGoTrueClient@sb-bgxknceshxxifwytalex-auth-token:0 (2.93.3) 2026-02-02T15:19:58.728Z #_acquireLock lock released for storage key sb-bgxknceshxxifwytalex-auth-token

[90mstdout[2m | tests/property/scoped-roles-processing-efficiency.test.ts[2m > [22m[2mProperty 10: Scoped Roles Processing Efficiency[2m > [22m[2mProperty 10.5: Role hierarchy cache should invalidate on role changes
[22m[39mGoTrueClient@sb-bgxknceshxxifwytalex-auth-token:0 (2.93.3) 2026-02-02T15:19:58.728Z #_acquireLock end

[90mstdout[2m | tests/property/scoped-roles-processing-efficiency.test.ts[2m > [22m[2mProperty 10: Scoped Roles Processing Efficiency[2m > [22m[2mProperty 10.5: Role hierarchy cache should invalidate on role changes
[22m[39mGoTrueClient@sb-bgxknceshxxifwytalex-auth-token:0 (2.93.3) 2026-02-02T15:19:58.735Z #_acquireLock begin [33m10000[39m
GoTrueClient@sb-bgxknceshxxifwytalex-auth-token:0 (2.93.3) 2026-02-02T15:19:58.735Z #_acquireLock lock acquired for storage key sb-bgxknceshxxifwytalex-auth-token
GoTrueClient@sb-bgxknceshxxifwytalex-auth-token:0 (2.93.3) 2026-02-02T15:19:58.735Z #_useSession begin
GoTrueClient@sb-bgxknceshxxifwytalex-auth-token:0 (2.93.3) 2026-02-02T15:19:58.735Z #__loadSession() begin

[90mstdout[2m | tests/property/scoped-roles-processing-efficiency.test.ts[2m > [22m[2mProperty 10: Scoped Roles Processing Efficiency[2m > [22m[2mProperty 10.5: Role hierarchy cache should invalidate on role changes
[22m[39mGoTrueClient@sb-bgxknceshxxifwytalex-auth-token:0 (2.93.3) 2026-02-02T15:19:58.736Z #getSession() session from storage [1mnull[22m
GoTrueClient@sb-bgxknceshxxifwytalex-auth-token:0 (2.93.3) 2026-02-02T15:19:58.736Z #__loadSession() end

[90mstdout[2m | tests/property/scoped-roles-processing-efficiency.test.ts[2m > [22m[2mProperty 10: Scoped Roles Processing Efficiency[2m > [22m[2mProperty 10.5: Role hierarchy cache should invalidate on role changes
[22m[39mGoTrueClient@sb-bgxknceshxxifwytalex-auth-token:0 (2.93.3) 2026-02-02T15:19:58.736Z #_useSession end

[90mstdout[2m | tests/property/scoped-roles-processing-efficiency.test.ts[2m > [22m[2mProperty 10: Scoped Roles Processing Efficiency[2m > [22m[2mProperty 10.5: Role hierarchy cache should invalidate on role changes
[22m[39mGoTrueClient@sb-bgxknceshxxifwytalex-auth-token:0 (2.93.3) 2026-02-02T15:19:58.736Z #_acquireLock lock released for storage key sb-bgxknceshxxifwytalex-auth-token

[90mstdout[2m | tests/property/scoped-roles-processing-efficiency.test.ts[2m > [22m[2mProperty 10: Scoped Roles Processing Efficiency[2m > [22m[2mProperty 10.5: Role hierarchy cache should invalidate on role changes
[22m[39mGoTrueClient@sb-bgxknceshxxifwytalex-auth-token:0 (2.93.3) 2026-02-02T15:19:58.736Z #_acquireLock end

stderr | tests/property/scoped-roles-processing-efficiency.test.ts > Property 10: Scoped Roles Processing Efficiency > Property 10.5: Role hierarchy cache should invalidate on role changes
Error fetching project roles: {
  code: 'PGRST200',
  details: "Searched for a foreign key relationship between 'project_roles' and 'user_profiles' in the schema 'public', but no matches were found.",
  hint: null,
  message: "Could not find a relationship between 'project_roles' and 'user_profiles' in the schema cache"
}

[90mstdout[2m | tests/property/scoped-roles-processing-efficiency.test.ts[2m > [22m[2mProperty 10: Scoped Roles Processing Efficiency[2m > [22m[2mProperty 10.5: Role hierarchy cache should invalidate on role changes
[22m[39mGoTrueClient@sb-bgxknceshxxifwytalex-auth-token:0 (2.93.3) 2026-02-02T15:19:58.746Z #_acquireLock begin [33m10000[39m
GoTrueClient@sb-bgxknceshxxifwytalex-auth-token:0 (2.93.3) 2026-02-02T15:19:58.746Z #_acquireLock lock acquired for storage key sb-bgxknceshxxifwytalex-auth-token
GoTrueClient@sb-bgxknceshxxifwytalex-auth-token:0 (2.93.3) 2026-02-02T15:19:58.746Z #_useSession begin
GoTrueClient@sb-bgxknceshxxifwytalex-auth-token:0 (2.93.3) 2026-02-02T15:19:58.746Z #__loadSession() begin

[90mstdout[2m | tests/property/scoped-roles-processing-efficiency.test.ts[2m > [22m[2mProperty 10: Scoped Roles Processing Efficiency[2m > [22m[2mProperty 10.5: Role hierarchy cache should invalidate on role changes
[22m[39mGoTrueClient@sb-bgxknceshxxifwytalex-auth-token:0 (2.93.3) 2026-02-02T15:19:58.746Z #getSession() session from storage [1mnull[22m
GoTrueClient@sb-bgxknceshxxifwytalex-auth-token:0 (2.93.3) 2026-02-02T15:19:58.746Z #__loadSession() end

[90mstdout[2m | tests/property/scoped-roles-processing-efficiency.test.ts[2m > [22m[2mProperty 10: Scoped Roles Processing Efficiency[2m > [22m[2mProperty 10.5: Role hierarchy cache should invalidate on role changes
[22m[39mGoTrueClient@sb-bgxknceshxxifwytalex-auth-token:0 (2.93.3) 2026-02-02T15:19:58.747Z #_useSession end

[90mstdout[2m | tests/property/scoped-roles-processing-efficiency.test.ts[2m > [22m[2mProperty 10: Scoped Roles Processing Efficiency[2m > [22m[2mProperty 10.5: Role hierarchy cache should invalidate on role changes
[22m[39mGoTrueClient@sb-bgxknceshxxifwytalex-auth-token:0 (2.93.3) 2026-02-02T15:19:58.747Z #_acquireLock lock released for storage key sb-bgxknceshxxifwytalex-auth-token

[90mstdout[2m | tests/property/scoped-roles-processing-efficiency.test.ts[2m > [22m[2mProperty 10: Scoped Roles Processing Efficiency[2m > [22m[2mProperty 10.5: Role hierarchy cache should invalidate on role changes
[22m[39mGoTrueClient@sb-bgxknceshxxifwytalex-auth-token:0 (2.93.3) 2026-02-02T15:19:58.747Z #_acquireLock end

stderr | tests/property/scoped-roles-processing-efficiency.test.ts > Property 10: Scoped Roles Processing Efficiency > Property 10.5: Role hierarchy cache should invalidate on role changes
Error fetching org roles: {
  code: 'PGRST200',
  details: "Searched for a foreign key relationship between 'org_roles' and 'user_profiles' in the schema 'public', but no matches were found.",
  hint: null,
  message: "Could not find a relationship between 'org_roles' and 'user_profiles' in the schema cache"
}

[90mstdout[2m | tests/property/scoped-roles-processing-efficiency.test.ts[2m > [22m[2mProperty 10: Scoped Roles Processing Efficiency[2m > [22m[2mProperty 10.5: Role hierarchy cache should invalidate on role changes
[22m[39mGoTrueClient@sb-bgxknceshxxifwytalex-auth-token:0 (2.93.3) 2026-02-02T15:19:58.826Z #_acquireLock begin [33m10000[39m
GoTrueClient@sb-bgxknceshxxifwytalex-auth-token:0 (2.93.3) 2026-02-02T15:19:58.826Z #_acquireLock lock acquired for storage key sb-bgxknceshxxifwytalex-auth-token
GoTrueClient@sb-bgxknceshxxifwytalex-auth-token:0 (2.93.3) 2026-02-02T15:19:58.826Z #_useSession begin
GoTrueClient@sb-bgxknceshxxifwytalex-auth-token:0 (2.93.3) 2026-02-02T15:19:58.826Z #__loadSession() begin

[90mstdout[2m | tests/property/scoped-roles-processing-efficiency.test.ts[2m > [22m[2mProperty 10: Scoped Roles Processing Efficiency[2m > [22m[2mProperty 10.5: Role hierarchy cache should invalidate on role changes
[22m[39mGoTrueClient@sb-bgxknceshxxifwytalex-auth-token:0 (2.93.3) 2026-02-02T15:19:58.826Z #getSession() session from storage [1mnull[22m
GoTrueClient@sb-bgxknceshxxifwytalex-auth-token:0 (2.93.3) 2026-02-02T15:19:58.826Z #__loadSession() end

[90mstdout[2m | tests/property/scoped-roles-processing-efficiency.test.ts[2m > [22m[2mProperty 10: Scoped Roles Processing Efficiency[2m > [22m[2mProperty 10.5: Role hierarchy cache should invalidate on role changes
[22m[39mGoTrueClient@sb-bgxknceshxxifwytalex-auth-token:0 (2.93.3) 2026-02-02T15:19:58.826Z #_useSession end

[90mstdout[2m | tests/property/scoped-roles-processing-efficiency.test.ts[2m > [22m[2mProperty 10: Scoped Roles Processing Efficiency[2m > [22m[2mProperty 10.5: Role hierarchy cache should invalidate on role changes
[22m[39mGoTrueClient@sb-bgxknceshxxifwytalex-auth-token:0 (2.93.3) 2026-02-02T15:19:58.826Z #_acquireLock lock released for storage key sb-bgxknceshxxifwytalex-auth-token

[90mstdout[2m | tests/property/scoped-roles-processing-efficiency.test.ts[2m > [22m[2mProperty 10: Scoped Roles Processing Efficiency[2m > [22m[2mProperty 10.5: Role hierarchy cache should invalidate on role changes
[22m[39mGoTrueClient@sb-bgxknceshxxifwytalex-auth-token:0 (2.93.3) 2026-02-02T15:19:58.826Z #_acquireLock end

stderr | tests/property/scoped-roles-processing-efficiency.test.ts > Property 10: Scoped Roles Processing Efficiency > Property 10.5: Role hierarchy cache should invalidate on role changes
Error fetching project roles: {
  code: 'PGRST200',
  details: "Searched for a foreign key relationship between 'project_roles' and 'user_profiles' in the schema 'public', but no matches were found.",
  hint: null,
  message: "Could not find a relationship between 'project_roles' and 'user_profiles' in the schema cache"
}

[90mstdout[2m | tests/property/scoped-roles-processing-efficiency.test.ts[2m > [22m[2mProperty 10: Scoped Roles Processing Efficiency[2m > [22m[2mProperty 10.5: Role hierarchy cache should invalidate on role changes
[22m[39mGoTrueClient@sb-bgxknceshxxifwytalex-auth-token:0 (2.93.3) 2026-02-02T15:19:58.863Z #_acquireLock begin [33m10000[39m
GoTrueClient@sb-bgxknceshxxifwytalex-auth-token:0 (2.93.3) 2026-02-02T15:19:58.863Z #_acquireLock lock acquired for storage key sb-bgxknceshxxifwytalex-auth-token
GoTrueClient@sb-bgxknceshxxifwytalex-auth-token:0 (2.93.3) 2026-02-02T15:19:58.863Z #_useSession begin
GoTrueClient@sb-bgxknceshxxifwytalex-auth-token:0 (2.93.3) 2026-02-02T15:19:58.863Z #__loadSession() begin

[90mstdout[2m | tests/property/scoped-roles-processing-efficiency.test.ts[2m > [22m[2mProperty 10: Scoped Roles Processing Efficiency[2m > [22m[2mProperty 10.5: Role hierarchy cache should invalidate on role changes
[22m[39mGoTrueClient@sb-bgxknceshxxifwytalex-auth-token:0 (2.93.3) 2026-02-02T15:19:58.863Z #getSession() session from storage [1mnull[22m
GoTrueClient@sb-bgxknceshxxifwytalex-auth-token:0 (2.93.3) 2026-02-02T15:19:58.863Z #__loadSession() end

[90mstdout[2m | tests/property/scoped-roles-processing-efficiency.test.ts[2m > [22m[2mProperty 10: Scoped Roles Processing Efficiency[2m > [22m[2mProperty 10.5: Role hierarchy cache should invalidate on role changes
[22m[39mGoTrueClient@sb-bgxknceshxxifwytalex-auth-token:0 (2.93.3) 2026-02-02T15:19:58.863Z #_useSession end

[90mstdout[2m | tests/property/scoped-roles-processing-efficiency.test.ts[2m > [22m[2mProperty 10: Scoped Roles Processing Efficiency[2m > [22m[2mProperty 10.5: Role hierarchy cache should invalidate on role changes
[22m[39mGoTrueClient@sb-bgxknceshxxifwytalex-auth-token:0 (2.93.3) 2026-02-02T15:19:58.864Z #_acquireLock lock released for storage key sb-bgxknceshxxifwytalex-auth-token

[90mstdout[2m | tests/property/scoped-roles-processing-efficiency.test.ts[2m > [22m[2mProperty 10: Scoped Roles Processing Efficiency[2m > [22m[2mProperty 10.5: Role hierarchy cache should invalidate on role changes
[22m[39mGoTrueClient@sb-bgxknceshxxifwytalex-auth-token:0 (2.93.3) 2026-02-02T15:19:58.864Z #_acquireLock end

[90mstdout[2m | tests/property/scoped-roles-processing-efficiency.test.ts[2m > [22m[2mProperty 10: Scoped Roles Processing Efficiency[2m > [22m[2mProperty 10.5: Role hierarchy cache should invalidate on role changes
[22m[39mGoTrueClient@sb-bgxknceshxxifwytalex-auth-token:0 (2.93.3) 2026-02-02T15:19:58.950Z #_acquireLock begin [33m10000[39m
GoTrueClient@sb-bgxknceshxxifwytalex-auth-token:0 (2.93.3) 2026-02-02T15:19:58.950Z #_acquireLock lock acquired for storage key sb-bgxknceshxxifwytalex-auth-token
GoTrueClient@sb-bgxknceshxxifwytalex-auth-token:0 (2.93.3) 2026-02-02T15:19:58.950Z #_useSession begin
GoTrueClient@sb-bgxknceshxxifwytalex-auth-token:0 (2.93.3) 2026-02-02T15:19:58.950Z #__loadSession() begin

[90mstdout[2m | tests/property/scoped-roles-processing-efficiency.test.ts[2m > [22m[2mProperty 10: Scoped Roles Processing Efficiency[2m > [22m[2mProperty 10.5: Role hierarchy cache should invalidate on role changes
[22m[39mGoTrueClient@sb-bgxknceshxxifwytalex-auth-token:0 (2.93.3) 2026-02-02T15:19:58.951Z #getSession() session from storage [1mnull[22m
GoTrueClient@sb-bgxknceshxxifwytalex-auth-token:0 (2.93.3) 2026-02-02T15:19:58.951Z #__loadSession() end

[90mstdout[2m | tests/property/scoped-roles-processing-efficiency.test.ts[2m > [22m[2mProperty 10: Scoped Roles Processing Efficiency[2m > [22m[2mProperty 10.5: Role hierarchy cache should invalidate on role changes
[22m[39mGoTrueClient@sb-bgxknceshxxifwytalex-auth-token:0 (2.93.3) 2026-02-02T15:19:58.951Z #_useSession end

[90mstdout[2m | tests/property/scoped-roles-processing-efficiency.test.ts[2m > [22m[2mProperty 10: Scoped Roles Processing Efficiency[2m > [22m[2mProperty 10.5: Role hierarchy cache should invalidate on role changes
[22m[39mGoTrueClient@sb-bgxknceshxxifwytalex-auth-token:0 (2.93.3) 2026-02-02T15:19:58.951Z #_acquireLock lock released for storage key sb-bgxknceshxxifwytalex-auth-token

[90mstdout[2m | tests/property/scoped-roles-processing-efficiency.test.ts[2m > [22m[2mProperty 10: Scoped Roles Processing Efficiency[2m > [22m[2mProperty 10.5: Role hierarchy cache should invalidate on role changes
[22m[39mGoTrueClient@sb-bgxknceshxxifwytalex-auth-token:0 (2.93.3) 2026-02-02T15:19:58.951Z #_acquireLock end

[90mstdout[2m | tests/property/scoped-roles-processing-efficiency.test.ts[2m > [22m[2mProperty 10: Scoped Roles Processing Efficiency[2m > [22m[2mProperty 10.5: Role hierarchy cache should invalidate on role changes
[22m[39mGoTrueClient@sb-bgxknceshxxifwytalex-auth-token:0 (2.93.3) 2026-02-02T15:19:58.954Z #_acquireLock begin [33m10000[39m
GoTrueClient@sb-bgxknceshxxifwytalex-auth-token:0 (2.93.3) 2026-02-02T15:19:58.955Z #_acquireLock lock acquired for storage key sb-bgxknceshxxifwytalex-auth-token
GoTrueClient@sb-bgxknceshxxifwytalex-auth-token:0 (2.93.3) 2026-02-02T15:19:58.955Z #_useSession begin
GoTrueClient@sb-bgxknceshxxifwytalex-auth-token:0 (2.93.3) 2026-02-02T15:19:58.955Z #__loadSession() begin

[90mstdout[2m | tests/property/scoped-roles-processing-efficiency.test.ts[2m > [22m[2mProperty 10: Scoped Roles Processing Efficiency[2m > [22m[2mProperty 10.5: Role hierarchy cache should invalidate on role changes
[22m[39mGoTrueClient@sb-bgxknceshxxifwytalex-auth-token:0 (2.93.3) 2026-02-02T15:19:58.955Z #getSession() session from storage [1mnull[22m
GoTrueClient@sb-bgxknceshxxifwytalex-auth-token:0 (2.93.3) 2026-02-02T15:19:58.955Z #__loadSession() end

[90mstdout[2m | tests/property/scoped-roles-processing-efficiency.test.ts[2m > [22m[2mProperty 10: Scoped Roles Processing Efficiency[2m > [22m[2mProperty 10.5: Role hierarchy cache should invalidate on role changes
[22m[39mGoTrueClient@sb-bgxknceshxxifwytalex-auth-token:0 (2.93.3) 2026-02-02T15:19:58.956Z #_useSession end

[90mstdout[2m | tests/property/scoped-roles-processing-efficiency.test.ts[2m > [22m[2mProperty 10: Scoped Roles Processing Efficiency[2m > [22m[2mProperty 10.5: Role hierarchy cache should invalidate on role changes
[22m[39mGoTrueClient@sb-bgxknceshxxifwytalex-auth-token:0 (2.93.3) 2026-02-02T15:19:58.956Z #_acquireLock lock released for storage key sb-bgxknceshxxifwytalex-auth-token

[90mstdout[2m | tests/property/scoped-roles-processing-efficiency.test.ts[2m > [22m[2mProperty 10: Scoped Roles Processing Efficiency[2m > [22m[2mProperty 10.5: Role hierarchy cache should invalidate on role changes
[22m[39mGoTrueClient@sb-bgxknceshxxifwytalex-auth-token:0 (2.93.3) 2026-02-02T15:19:58.956Z #_acquireLock end

stderr | tests/property/scoped-roles-processing-efficiency.test.ts > Property 10: Scoped Roles Processing Efficiency > Property 10.5: Role hierarchy cache should invalidate on role changes
Error fetching project roles: {
  code: 'PGRST200',
  details: "Searched for a foreign key relationship between 'project_roles' and 'user_profiles' in the schema 'public', but no matches were found.",
  hint: null,
  message: "Could not find a relationship between 'project_roles' and 'user_profiles' in the schema cache"
}

[90mstdout[2m | tests/property/scoped-roles-processing-efficiency.test.ts[2m > [22m[2mProperty 10: Scoped Roles Processing Efficiency[2m > [22m[2mProperty 10.5: Role hierarchy cache should invalidate on role changes
[22m[39mGoTrueClient@sb-bgxknceshxxifwytalex-auth-token:0 (2.93.3) 2026-02-02T15:19:58.977Z #_acquireLock begin [33m10000[39m
GoTrueClient@sb-bgxknceshxxifwytalex-auth-token:0 (2.93.3) 2026-02-02T15:19:58.977Z #_acquireLock lock acquired for storage key sb-bgxknceshxxifwytalex-auth-token
GoTrueClient@sb-bgxknceshxxifwytalex-auth-token:0 (2.93.3) 2026-02-02T15:19:58.977Z #_useSession begin
GoTrueClient@sb-bgxknceshxxifwytalex-auth-token:0 (2.93.3) 2026-02-02T15:19:58.977Z #__loadSession() begin

[90mstdout[2m | tests/property/scoped-roles-processing-efficiency.test.ts[2m > [22m[2mProperty 10: Scoped Roles Processing Efficiency[2m > [22m[2mProperty 10.5: Role hierarchy cache should invalidate on role changes
[22m[39mGoTrueClient@sb-bgxknceshxxifwytalex-auth-token:0 (2.93.3) 2026-02-02T15:19:58.977Z #getSession() session from storage [1mnull[22m
GoTrueClient@sb-bgxknceshxxifwytalex-auth-token:0 (2.93.3) 2026-02-02T15:19:58.977Z #__loadSession() end

[90mstdout[2m | tests/property/scoped-roles-processing-efficiency.test.ts[2m > [22m[2mProperty 10: Scoped Roles Processing Efficiency[2m > [22m[2mProperty 10.5: Role hierarchy cache should invalidate on role changes
[22m[39mGoTrueClient@sb-bgxknceshxxifwytalex-auth-token:0 (2.93.3) 2026-02-02T15:19:58.977Z #_useSession end

[90mstdout[2m | tests/property/scoped-roles-processing-efficiency.test.ts[2m > [22m[2mProperty 10: Scoped Roles Processing Efficiency[2m > [22m[2mProperty 10.5: Role hierarchy cache should invalidate on role changes
[22m[39mGoTrueClient@sb-bgxknceshxxifwytalex-auth-token:0 (2.93.3) 2026-02-02T15:19:58.977Z #_acquireLock lock released for storage key sb-bgxknceshxxifwytalex-auth-token

[90mstdout[2m | tests/property/scoped-roles-processing-efficiency.test.ts[2m > [22m[2mProperty 10: Scoped Roles Processing Efficiency[2m > [22m[2mProperty 10.5: Role hierarchy cache should invalidate on role changes
[22m[39mGoTrueClient@sb-bgxknceshxxifwytalex-auth-token:0 (2.93.3) 2026-02-02T15:19:58.978Z #_acquireLock end

stderr | tests/property/scoped-roles-processing-efficiency.test.ts > Property 10: Scoped Roles Processing Efficiency > Property 10.5: Role hierarchy cache should invalidate on role changes
Error fetching org roles: {
  code: 'PGRST200',
  details: "Searched for a foreign key relationship between 'org_roles' and 'user_profiles' in the schema 'public', but no matches were found.",
  hint: null,
  message: "Could not find a relationship between 'org_roles' and 'user_profiles' in the schema cache"
}

[90mstdout[2m | tests/property/scoped-roles-processing-efficiency.test.ts[2m > [22m[2mProperty 10: Scoped Roles Processing Efficiency[2m > [22m[2mProperty 10.5: Role hierarchy cache should invalidate on role changes
[22m[39mGoTrueClient@sb-bgxknceshxxifwytalex-auth-token:0 (2.93.3) 2026-02-02T15:19:59.040Z #_acquireLock begin [33m10000[39m
GoTrueClient@sb-bgxknceshxxifwytalex-auth-token:0 (2.93.3) 2026-02-02T15:19:59.040Z #_acquireLock lock acquired for storage key sb-bgxknceshxxifwytalex-auth-token
GoTrueClient@sb-bgxknceshxxifwytalex-auth-token:0 (2.93.3) 2026-02-02T15:19:59.040Z #_useSession begin
GoTrueClient@sb-bgxknceshxxifwytalex-auth-token:0 (2.93.3) 2026-02-02T15:19:59.040Z #__loadSession() begin

[90mstdout[2m | tests/property/scoped-roles-processing-efficiency.test.ts[2m > [22m[2mProperty 10: Scoped Roles Processing Efficiency[2m > [22m[2mProperty 10.5: Role hierarchy cache should invalidate on role changes
[22m[39mGoTrueClient@sb-bgxknceshxxifwytalex-auth-token:0 (2.93.3) 2026-02-02T15:19:59.041Z #getSession() session from storage [1mnull[22m
GoTrueClient@sb-bgxknceshxxifwytalex-auth-token:0 (2.93.3) 2026-02-02T15:19:59.041Z #__loadSession() end

[90mstdout[2m | tests/property/scoped-roles-processing-efficiency.test.ts[2m > [22m[2mProperty 10: Scoped Roles Processing Efficiency[2m > [22m[2mProperty 10.5: Role hierarchy cache should invalidate on role changes
[22m[39mGoTrueClient@sb-bgxknceshxxifwytalex-auth-token:0 (2.93.3) 2026-02-02T15:19:59.041Z #_useSession end

[90mstdout[2m | tests/property/scoped-roles-processing-efficiency.test.ts[2m > [22m[2mProperty 10: Scoped Roles Processing Efficiency[2m > [22m[2mProperty 10.5: Role hierarchy cache should invalidate on role changes
[22m[39mGoTrueClient@sb-bgxknceshxxifwytalex-auth-token:0 (2.93.3) 2026-02-02T15:19:59.041Z #_acquireLock lock released for storage key sb-bgxknceshxxifwytalex-auth-token

[90mstdout[2m | tests/property/scoped-roles-processing-efficiency.test.ts[2m > [22m[2mProperty 10: Scoped Roles Processing Efficiency[2m > [22m[2mProperty 10.5: Role hierarchy cache should invalidate on role changes
[22m[39mGoTrueClient@sb-bgxknceshxxifwytalex-auth-token:0 (2.93.3) 2026-02-02T15:19:59.041Z #_acquireLock end

stderr | tests/property/scoped-roles-processing-efficiency.test.ts > Property 10: Scoped Roles Processing Efficiency > Property 10.5: Role hierarchy cache should invalidate on role changes
Error fetching org roles: {
  code: 'PGRST200',
  details: "Searched for a foreign key relationship between 'org_roles' and 'user_profiles' in the schema 'public', but no matches were found.",
  hint: null,
  message: "Could not find a relationship between 'org_roles' and 'user_profiles' in the schema cache"
}

[90mstdout[2m | tests/property/scoped-roles-processing-efficiency.test.ts[2m > [22m[2mProperty 10: Scoped Roles Processing Efficiency[2m > [22m[2mProperty 10.5: Role hierarchy cache should invalidate on role changes
[22m[39mGoTrueClient@sb-bgxknceshxxifwytalex-auth-token:0 (2.93.3) 2026-02-02T15:19:59.061Z #_acquireLock begin [33m10000[39m
GoTrueClient@sb-bgxknceshxxifwytalex-auth-token:0 (2.93.3) 2026-02-02T15:19:59.061Z #_acquireLock lock acquired for storage key sb-bgxknceshxxifwytalex-auth-token
GoTrueClient@sb-bgxknceshxxifwytalex-auth-token:0 (2.93.3) 2026-02-02T15:19:59.061Z #_useSession begin
GoTrueClient@sb-bgxknceshxxifwytalex-auth-token:0 (2.93.3) 2026-02-02T15:19:59.061Z #__loadSession() begin

[90mstdout[2m | tests/property/scoped-roles-processing-efficiency.test.ts[2m > [22m[2mProperty 10: Scoped Roles Processing Efficiency[2m > [22m[2mProperty 10.5: Role hierarchy cache should invalidate on role changes
[22m[39mGoTrueClient@sb-bgxknceshxxifwytalex-auth-token:0 (2.93.3) 2026-02-02T15:19:59.062Z #getSession() session from storage [1mnull[22m
GoTrueClient@sb-bgxknceshxxifwytalex-auth-token:0 (2.93.3) 2026-02-02T15:19:59.062Z #__loadSession() end

[90mstdout[2m | tests/property/scoped-roles-processing-efficiency.test.ts[2m > [22m[2mProperty 10: Scoped Roles Processing Efficiency[2m > [22m[2mProperty 10.5: Role hierarchy cache should invalidate on role changes
[22m[39mGoTrueClient@sb-bgxknceshxxifwytalex-auth-token:0 (2.93.3) 2026-02-02T15:19:59.062Z #_useSession end

[90mstdout[2m | tests/property/scoped-roles-processing-efficiency.test.ts[2m > [22m[2mProperty 10: Scoped Roles Processing Efficiency[2m > [22m[2mProperty 10.5: Role hierarchy cache should invalidate on role changes
[22m[39mGoTrueClient@sb-bgxknceshxxifwytalex-auth-token:0 (2.93.3) 2026-02-02T15:19:59.062Z #_acquireLock lock released for storage key sb-bgxknceshxxifwytalex-auth-token

[90mstdout[2m | tests/property/scoped-roles-processing-efficiency.test.ts[2m > [22m[2mProperty 10: Scoped Roles Processing Efficiency[2m > [22m[2mProperty 10.5: Role hierarchy cache should invalidate on role changes
[22m[39mGoTrueClient@sb-bgxknceshxxifwytalex-auth-token:0 (2.93.3) 2026-02-02T15:19:59.062Z #_acquireLock end

stderr | tests/property/scoped-roles-processing-efficiency.test.ts > Property 10: Scoped Roles Processing Efficiency > Property 10.5: Role hierarchy cache should invalidate on role changes
Error fetching project roles: {
  code: 'PGRST200',
  details: "Searched for a foreign key relationship between 'project_roles' and 'user_profiles' in the schema 'public', but no matches were found.",
  hint: null,
  message: "Could not find a relationship between 'project_roles' and 'user_profiles' in the schema cache"
}

[90mstdout[2m | tests/property/scoped-roles-processing-efficiency.test.ts[2m > [22m[2mProperty 10: Scoped Roles Processing Efficiency[2m > [22m[2mProperty 10.5: Role hierarchy cache should invalidate on role changes
[22m[39mGoTrueClient@sb-bgxknceshxxifwytalex-auth-token:0 (2.93.3) 2026-02-02T15:19:59.169Z #_acquireLock begin [33m10000[39m
GoTrueClient@sb-bgxknceshxxifwytalex-auth-token:0 (2.93.3) 2026-02-02T15:19:59.169Z #_acquireLock lock acquired for storage key sb-bgxknceshxxifwytalex-auth-token
GoTrueClient@sb-bgxknceshxxifwytalex-auth-token:0 (2.93.3) 2026-02-02T15:19:59.169Z #_useSession begin
GoTrueClient@sb-bgxknceshxxifwytalex-auth-token:0 (2.93.3) 2026-02-02T15:19:59.169Z #__loadSession() begin

[90mstdout[2m | tests/property/scoped-roles-processing-efficiency.test.ts[2m > [22m[2mProperty 10: Scoped Roles Processing Efficiency[2m > [22m[2mProperty 10.5: Role hierarchy cache should invalidate on role changes
[22m[39mGoTrueClient@sb-bgxknceshxxifwytalex-auth-token:0 (2.93.3) 2026-02-02T15:19:59.169Z #getSession() session from storage [1mnull[22m
GoTrueClient@sb-bgxknceshxxifwytalex-auth-token:0 (2.93.3) 2026-02-02T15:19:59.169Z #__loadSession() end

[90mstdout[2m | tests/property/scoped-roles-processing-efficiency.test.ts[2m > [22m[2mProperty 10: Scoped Roles Processing Efficiency[2m > [22m[2mProperty 10.5: Role hierarchy cache should invalidate on role changes
[22m[39mGoTrueClient@sb-bgxknceshxxifwytalex-auth-token:0 (2.93.3) 2026-02-02T15:19:59.169Z #_useSession end

[90mstdout[2m | tests/property/scoped-roles-processing-efficiency.test.ts[2m > [22m[2mProperty 10: Scoped Roles Processing Efficiency[2m > [22m[2mProperty 10.5: Role hierarchy cache should invalidate on role changes
[22m[39mGoTrueClient@sb-bgxknceshxxifwytalex-auth-token:0 (2.93.3) 2026-02-02T15:19:59.170Z #_acquireLock lock released for storage key sb-bgxknceshxxifwytalex-auth-token

[90mstdout[2m | tests/property/scoped-roles-processing-efficiency.test.ts[2m > [22m[2mProperty 10: Scoped Roles Processing Efficiency[2m > [22m[2mProperty 10.5: Role hierarchy cache should invalidate on role changes
[22m[39mGoTrueClient@sb-bgxknceshxxifwytalex-auth-token:0 (2.93.3) 2026-02-02T15:19:59.170Z #_acquireLock end

[90mstdout[2m | tests/property/scoped-roles-processing-efficiency.test.ts[2m > [22m[2mProperty 10: Scoped Roles Processing Efficiency[2m > [22m[2mProperty 10.5: Role hierarchy cache should invalidate on role changes
[22m[39mGoTrueClient@sb-bgxknceshxxifwytalex-auth-token:0 (2.93.3) 2026-02-02T15:19:59.173Z #_acquireLock begin [33m10000[39m
GoTrueClient@sb-bgxknceshxxifwytalex-auth-token:0 (2.93.3) 2026-02-02T15:19:59.173Z #_acquireLock lock acquired for storage key sb-bgxknceshxxifwytalex-auth-token
GoTrueClient@sb-bgxknceshxxifwytalex-auth-token:0 (2.93.3) 2026-02-02T15:19:59.173Z #_useSession begin
GoTrueClient@sb-bgxknceshxxifwytalex-auth-token:0 (2.93.3) 2026-02-02T15:19:59.173Z #__loadSession() begin

[90mstdout[2m | tests/property/scoped-roles-processing-efficiency.test.ts[2m > [22m[2mProperty 10: Scoped Roles Processing Efficiency[2m > [22m[2mProperty 10.5: Role hierarchy cache should invalidate on role changes
[22m[39mGoTrueClient@sb-bgxknceshxxifwytalex-auth-token:0 (2.93.3) 2026-02-02T15:19:59.173Z #getSession() session from storage [1mnull[22m
GoTrueClient@sb-bgxknceshxxifwytalex-auth-token:0 (2.93.3) 2026-02-02T15:19:59.174Z #__loadSession() end

[90mstdout[2m | tests/property/scoped-roles-processing-efficiency.test.ts[2m > [22m[2mProperty 10: Scoped Roles Processing Efficiency[2m > [22m[2mProperty 10.5: Role hierarchy cache should invalidate on role changes
[22m[39mGoTrueClient@sb-bgxknceshxxifwytalex-auth-token:0 (2.93.3) 2026-02-02T15:19:59.174Z #_useSession end

[90mstdout[2m | tests/property/scoped-roles-processing-efficiency.test.ts[2m > [22m[2mProperty 10: Scoped Roles Processing Efficiency[2m > [22m[2mProperty 10.5: Role hierarchy cache should invalidate on role changes
[22m[39mGoTrueClient@sb-bgxknceshxxifwytalex-auth-token:0 (2.93.3) 2026-02-02T15:19:59.174Z #_acquireLock lock released for storage key sb-bgxknceshxxifwytalex-auth-token

[90mstdout[2m | tests/property/scoped-roles-processing-efficiency.test.ts[2m > [22m[2mProperty 10: Scoped Roles Processing Efficiency[2m > [22m[2mProperty 10.5: Role hierarchy cache should invalidate on role changes
[22m[39mGoTrueClient@sb-bgxknceshxxifwytalex-auth-token:0 (2.93.3) 2026-02-02T15:19:59.174Z #_acquireLock end

stderr | tests/property/scoped-roles-processing-efficiency.test.ts > Property 10: Scoped Roles Processing Efficiency > Property 10.5: Role hierarchy cache should invalidate on role changes
Error fetching project roles: {
  code: 'PGRST200',
  details: "Searched for a foreign key relationship between 'project_roles' and 'user_profiles' in the schema 'public', but no matches were found.",
  hint: null,
  message: "Could not find a relationship between 'project_roles' and 'user_profiles' in the schema cache"
}

[90mstdout[2m | tests/property/scoped-roles-processing-efficiency.test.ts[2m > [22m[2mProperty 10: Scoped Roles Processing Efficiency[2m > [22m[2mProperty 10.5: Role hierarchy cache should invalidate on role changes
[22m[39mGoTrueClient@sb-bgxknceshxxifwytalex-auth-token:0 (2.93.3) 2026-02-02T15:19:59.190Z #_acquireLock begin [33m10000[39m
GoTrueClient@sb-bgxknceshxxifwytalex-auth-token:0 (2.93.3) 2026-02-02T15:19:59.190Z #_acquireLock lock acquired for storage key sb-bgxknceshxxifwytalex-auth-token
GoTrueClient@sb-bgxknceshxxifwytalex-auth-token:0 (2.93.3) 2026-02-02T15:19:59.190Z #_useSession begin
GoTrueClient@sb-bgxknceshxxifwytalex-auth-token:0 (2.93.3) 2026-02-02T15:19:59.190Z #__loadSession() begin

[90mstdout[2m | tests/property/scoped-roles-processing-efficiency.test.ts[2m > [22m[2mProperty 10: Scoped Roles Processing Efficiency[2m > [22m[2mProperty 10.5: Role hierarchy cache should invalidate on role changes
[22m[39mGoTrueClient@sb-bgxknceshxxifwytalex-auth-token:0 (2.93.3) 2026-02-02T15:19:59.190Z #getSession() session from storage [1mnull[22m
GoTrueClient@sb-bgxknceshxxifwytalex-auth-token:0 (2.93.3) 2026-02-02T15:19:59.190Z #__loadSession() end

[90mstdout[2m | tests/property/scoped-roles-processing-efficiency.test.ts[2m > [22m[2mProperty 10: Scoped Roles Processing Efficiency[2m > [22m[2mProperty 10.5: Role hierarchy cache should invalidate on role changes
[22m[39mGoTrueClient@sb-bgxknceshxxifwytalex-auth-token:0 (2.93.3) 2026-02-02T15:19:59.191Z #_useSession end

[90mstdout[2m | tests/property/scoped-roles-processing-efficiency.test.ts[2m > [22m[2mProperty 10: Scoped Roles Processing Efficiency[2m > [22m[2mProperty 10.5: Role hierarchy cache should invalidate on role changes
[22m[39mGoTrueClient@sb-bgxknceshxxifwytalex-auth-token:0 (2.93.3) 2026-02-02T15:19:59.191Z #_acquireLock lock released for storage key sb-bgxknceshxxifwytalex-auth-token

[90mstdout[2m | tests/property/scoped-roles-processing-efficiency.test.ts[2m > [22m[2mProperty 10: Scoped Roles Processing Efficiency[2m > [22m[2mProperty 10.5: Role hierarchy cache should invalidate on role changes
[22m[39mGoTrueClient@sb-bgxknceshxxifwytalex-auth-token:0 (2.93.3) 2026-02-02T15:19:59.191Z #_acquireLock end

stderr | tests/property/scoped-roles-processing-efficiency.test.ts > Property 10: Scoped Roles Processing Efficiency > Property 10.5: Role hierarchy cache should invalidate on role changes
Error fetching org roles: {
  code: 'PGRST200',
  details: "Searched for a foreign key relationship between 'org_roles' and 'user_profiles' in the schema 'public', but no matches were found.",
  hint: null,
  message: "Could not find a relationship between 'org_roles' and 'user_profiles' in the schema cache"
}

[90mstdout[2m | tests/property/scoped-roles-processing-efficiency.test.ts[2m > [22m[2mProperty 10: Scoped Roles Processing Efficiency[2m > [22m[2mProperty 10.5: Role hierarchy cache should invalidate on role changes
[22m[39mGoTrueClient@sb-bgxknceshxxifwytalex-auth-token:0 (2.93.3) 2026-02-02T15:19:59.242Z #_acquireLock begin [33m10000[39m
GoTrueClient@sb-bgxknceshxxifwytalex-auth-token:0 (2.93.3) 2026-02-02T15:19:59.242Z #_acquireLock lock acquired for storage key sb-bgxknceshxxifwytalex-auth-token
GoTrueClient@sb-bgxknceshxxifwytalex-auth-token:0 (2.93.3) 2026-02-02T15:19:59.242Z #_useSession begin
GoTrueClient@sb-bgxknceshxxifwytalex-auth-token:0 (2.93.3) 2026-02-02T15:19:59.243Z #__loadSession() begin

[90mstdout[2m | tests/property/scoped-roles-processing-efficiency.test.ts[2m > [22m[2mProperty 10: Scoped Roles Processing Efficiency[2m > [22m[2mProperty 10.5: Role hierarchy cache should invalidate on role changes
[22m[39mGoTrueClient@sb-bgxknceshxxifwytalex-auth-token:0 (2.93.3) 2026-02-02T15:19:59.243Z #getSession() session from storage [1mnull[22m
GoTrueClient@sb-bgxknceshxxifwytalex-auth-token:0 (2.93.3) 2026-02-02T15:19:59.243Z #__loadSession() end

[90mstdout[2m | tests/property/scoped-roles-processing-efficiency.test.ts[2m > [22m[2mProperty 10: Scoped Roles Processing Efficiency[2m > [22m[2mProperty 10.5: Role hierarchy cache should invalidate on role changes
[22m[39mGoTrueClient@sb-bgxknceshxxifwytalex-auth-token:0 (2.93.3) 2026-02-02T15:19:59.243Z #_useSession end

[90mstdout[2m | tests/property/scoped-roles-processing-efficiency.test.ts[2m > [22m[2mProperty 10: Scoped Roles Processing Efficiency[2m > [22m[2mProperty 10.5: Role hierarchy cache should invalidate on role changes
[22m[39mGoTrueClient@sb-bgxknceshxxifwytalex-auth-token:0 (2.93.3) 2026-02-02T15:19:59.243Z #_acquireLock lock released for storage key sb-bgxknceshxxifwytalex-auth-token

[90mstdout[2m | tests/property/scoped-roles-processing-efficiency.test.ts[2m > [22m[2mProperty 10: Scoped Roles Processing Efficiency[2m > [22m[2mProperty 10.5: Role hierarchy cache should invalidate on role changes
[22m[39mGoTrueClient@sb-bgxknceshxxifwytalex-auth-token:0 (2.93.3) 2026-02-02T15:19:59.243Z #_acquireLock end

stderr | tests/property/scoped-roles-processing-efficiency.test.ts > Property 10: Scoped Roles Processing Efficiency > Property 10.5: Role hierarchy cache should invalidate on role changes
Error fetching project roles: {
  code: 'PGRST200',
  details: "Searched for a foreign key relationship between 'project_roles' and 'user_profiles' in the schema 'public', but no matches were found.",
  hint: null,
  message: "Could not find a relationship between 'project_roles' and 'user_profiles' in the schema cache"
}

[90mstdout[2m | tests/property/scoped-roles-processing-efficiency.test.ts[2m > [22m[2mProperty 10: Scoped Roles Processing Efficiency[2m > [22m[2mProperty 10.5: Role hierarchy cache should invalidate on role changes
[22m[39mGoTrueClient@sb-bgxknceshxxifwytalex-auth-token:0 (2.93.3) 2026-02-02T15:19:59.375Z #_acquireLock begin [33m10000[39m
GoTrueClient@sb-bgxknceshxxifwytalex-auth-token:0 (2.93.3) 2026-02-02T15:19:59.375Z #_acquireLock lock acquired for storage key sb-bgxknceshxxifwytalex-auth-token
GoTrueClient@sb-bgxknceshxxifwytalex-auth-token:0 (2.93.3) 2026-02-02T15:19:59.375Z #_useSession begin
GoTrueClient@sb-bgxknceshxxifwytalex-auth-token:0 (2.93.3) 2026-02-02T15:19:59.375Z #__loadSession() begin

[90mstdout[2m | tests/property/scoped-roles-processing-efficiency.test.ts[2m > [22m[2mProperty 10: Scoped Roles Processing Efficiency[2m > [22m[2mProperty 10.5: Role hierarchy cache should invalidate on role changes
[22m[39mGoTrueClient@sb-bgxknceshxxifwytalex-auth-token:0 (2.93.3) 2026-02-02T15:19:59.375Z #getSession() session from storage [1mnull[22m
GoTrueClient@sb-bgxknceshxxifwytalex-auth-token:0 (2.93.3) 2026-02-02T15:19:59.375Z #__loadSession() end

[90mstdout[2m | tests/property/scoped-roles-processing-efficiency.test.ts[2m > [22m[2mProperty 10: Scoped Roles Processing Efficiency[2m > [22m[2mProperty 10.5: Role hierarchy cache should invalidate on role changes
[22m[39mGoTrueClient@sb-bgxknceshxxifwytalex-auth-token:0 (2.93.3) 2026-02-02T15:19:59.375Z #_useSession end

[90mstdout[2m | tests/property/scoped-roles-processing-efficiency.test.ts[2m > [22m[2mProperty 10: Scoped Roles Processing Efficiency[2m > [22m[2mProperty 10.5: Role hierarchy cache should invalidate on role changes
[22m[39mGoTrueClient@sb-bgxknceshxxifwytalex-auth-token:0 (2.93.3) 2026-02-02T15:19:59.376Z #_acquireLock lock released for storage key sb-bgxknceshxxifwytalex-auth-token

[90mstdout[2m | tests/property/scoped-roles-processing-efficiency.test.ts[2m > [22m[2mProperty 10: Scoped Roles Processing Efficiency[2m > [22m[2mProperty 10.5: Role hierarchy cache should invalidate on role changes
[22m[39mGoTrueClient@sb-bgxknceshxxifwytalex-auth-token:0 (2.93.3) 2026-02-02T15:19:59.376Z #_acquireLock end

[90mstdout[2m | tests/property/scoped-roles-processing-efficiency.test.ts[2m > [22m[2mProperty 10: Scoped Roles Processing Efficiency[2m > [22m[2mProperty 10.5: Role hierarchy cache should invalidate on role changes
[22m[39mGoTrueClient@sb-bgxknceshxxifwytalex-auth-token:0 (2.93.3) 2026-02-02T15:19:59.394Z #_acquireLock begin [33m10000[39m
GoTrueClient@sb-bgxknceshxxifwytalex-auth-token:0 (2.93.3) 2026-02-02T15:19:59.394Z #_acquireLock lock acquired for storage key sb-bgxknceshxxifwytalex-auth-token
GoTrueClient@sb-bgxknceshxxifwytalex-auth-token:0 (2.93.3) 2026-02-02T15:19:59.394Z #_useSession begin
GoTrueClient@sb-bgxknceshxxifwytalex-auth-token:0 (2.93.3) 2026-02-02T15:19:59.394Z #__loadSession() begin

[90mstdout[2m | tests/property/scoped-roles-processing-efficiency.test.ts[2m > [22m[2mProperty 10: Scoped Roles Processing Efficiency[2m > [22m[2mProperty 10.5: Role hierarchy cache should invalidate on role changes
[22m[39mGoTrueClient@sb-bgxknceshxxifwytalex-auth-token:0 (2.93.3) 2026-02-02T15:19:59.394Z #getSession() session from storage [1mnull[22m
GoTrueClient@sb-bgxknceshxxifwytalex-auth-token:0 (2.93.3) 2026-02-02T15:19:59.394Z #__loadSession() end

[90mstdout[2m | tests/property/scoped-roles-processing-efficiency.test.ts[2m > [22m[2mProperty 10: Scoped Roles Processing Efficiency[2m > [22m[2mProperty 10.5: Role hierarchy cache should invalidate on role changes
[22m[39mGoTrueClient@sb-bgxknceshxxifwytalex-auth-token:0 (2.93.3) 2026-02-02T15:19:59.394Z #_useSession end

[90mstdout[2m | tests/property/scoped-roles-processing-efficiency.test.ts[2m > [22m[2mProperty 10: Scoped Roles Processing Efficiency[2m > [22m[2mProperty 10.5: Role hierarchy cache should invalidate on role changes
[22m[39mGoTrueClient@sb-bgxknceshxxifwytalex-auth-token:0 (2.93.3) 2026-02-02T15:19:59.394Z #_acquireLock lock released for storage key sb-bgxknceshxxifwytalex-auth-token

[90mstdout[2m | tests/property/scoped-roles-processing-efficiency.test.ts[2m > [22m[2mProperty 10: Scoped Roles Processing Efficiency[2m > [22m[2mProperty 10.5: Role hierarchy cache should invalidate on role changes
[22m[39mGoTrueClient@sb-bgxknceshxxifwytalex-auth-token:0 (2.93.3) 2026-02-02T15:19:59.395Z #_acquireLock end

stderr | tests/property/scoped-roles-processing-efficiency.test.ts > Property 10: Scoped Roles Processing Efficiency > Property 10.5: Role hierarchy cache should invalidate on role changes
Error fetching project roles: {
  code: 'PGRST200',
  details: "Searched for a foreign key relationship between 'project_roles' and 'user_profiles' in the schema 'public', but no matches were found.",
  hint: null,
  message: "Could not find a relationship between 'project_roles' and 'user_profiles' in the schema cache"
}

[90mstdout[2m | tests/property/scoped-roles-processing-efficiency.test.ts[2m > [22m[2mProperty 10: Scoped Roles Processing Efficiency[2m > [22m[2mProperty 10.5: Role hierarchy cache should invalidate on role changes
[22m[39mGoTrueClient@sb-bgxknceshxxifwytalex-auth-token:0 (2.93.3) 2026-02-02T15:19:59.402Z #_acquireLock begin [33m10000[39m
GoTrueClient@sb-bgxknceshxxifwytalex-auth-token:0 (2.93.3) 2026-02-02T15:19:59.402Z #_acquireLock lock acquired for storage key sb-bgxknceshxxifwytalex-auth-token
GoTrueClient@sb-bgxknceshxxifwytalex-auth-token:0 (2.93.3) 2026-02-02T15:19:59.402Z #_useSession begin
GoTrueClient@sb-bgxknceshxxifwytalex-auth-token:0 (2.93.3) 2026-02-02T15:19:59.402Z #__loadSession() begin

[90mstdout[2m | tests/property/scoped-roles-processing-efficiency.test.ts[2m > [22m[2mProperty 10: Scoped Roles Processing Efficiency[2m > [22m[2mProperty 10.5: Role hierarchy cache should invalidate on role changes
[22m[39mGoTrueClient@sb-bgxknceshxxifwytalex-auth-token:0 (2.93.3) 2026-02-02T15:19:59.402Z #getSession() session from storage [1mnull[22m
GoTrueClient@sb-bgxknceshxxifwytalex-auth-token:0 (2.93.3) 2026-02-02T15:19:59.402Z #__loadSession() end

[90mstdout[2m | tests/property/scoped-roles-processing-efficiency.test.ts[2m > [22m[2mProperty 10: Scoped Roles Processing Efficiency[2m > [22m[2mProperty 10.5: Role hierarchy cache should invalidate on role changes
[22m[39mGoTrueClient@sb-bgxknceshxxifwytalex-auth-token:0 (2.93.3) 2026-02-02T15:19:59.403Z #_useSession end

[90mstdout[2m | tests/property/scoped-roles-processing-efficiency.test.ts[2m > [22m[2mProperty 10: Scoped Roles Processing Efficiency[2m > [22m[2mProperty 10.5: Role hierarchy cache should invalidate on role changes
[22m[39mGoTrueClient@sb-bgxknceshxxifwytalex-auth-token:0 (2.93.3) 2026-02-02T15:19:59.403Z #_acquireLock lock released for storage key sb-bgxknceshxxifwytalex-auth-token

[90mstdout[2m | tests/property/scoped-roles-processing-efficiency.test.ts[2m > [22m[2mProperty 10: Scoped Roles Processing Efficiency[2m > [22m[2mProperty 10.5: Role hierarchy cache should invalidate on role changes
[22m[39mGoTrueClient@sb-bgxknceshxxifwytalex-auth-token:0 (2.93.3) 2026-02-02T15:19:59.403Z #_acquireLock end

stderr | tests/property/scoped-roles-processing-efficiency.test.ts > Property 10: Scoped Roles Processing Efficiency > Property 10.5: Role hierarchy cache should invalidate on role changes
Error fetching org roles: {
  code: 'PGRST200',
  details: "Searched for a foreign key relationship between 'org_roles' and 'user_profiles' in the schema 'public', but no matches were found.",
  hint: null,
  message: "Could not find a relationship between 'org_roles' and 'user_profiles' in the schema cache"
}

[90mstdout[2m | tests/property/scoped-roles-processing-efficiency.test.ts[2m > [22m[2mProperty 10: Scoped Roles Processing Efficiency[2m > [22m[2mProperty 10.5: Role hierarchy cache should invalidate on role changes
[22m[39mGoTrueClient@sb-bgxknceshxxifwytalex-auth-token:0 (2.93.3) 2026-02-02T15:19:59.480Z #_acquireLock begin [33m10000[39m
GoTrueClient@sb-bgxknceshxxifwytalex-auth-token:0 (2.93.3) 2026-02-02T15:19:59.480Z #_acquireLock lock acquired for storage key sb-bgxknceshxxifwytalex-auth-token
GoTrueClient@sb-bgxknceshxxifwytalex-auth-token:0 (2.93.3) 2026-02-02T15:19:59.480Z #_useSession begin
GoTrueClient@sb-bgxknceshxxifwytalex-auth-token:0 (2.93.3) 2026-02-02T15:19:59.480Z #__loadSession() begin

[90mstdout[2m | tests/property/scoped-roles-processing-efficiency.test.ts[2m > [22m[2mProperty 10: Scoped Roles Processing Efficiency[2m > [22m[2mProperty 10.5: Role hierarchy cache should invalidate on role changes
[22m[39mGoTrueClient@sb-bgxknceshxxifwytalex-auth-token:0 (2.93.3) 2026-02-02T15:19:59.480Z #getSession() session from storage [1mnull[22m
GoTrueClient@sb-bgxknceshxxifwytalex-auth-token:0 (2.93.3) 2026-02-02T15:19:59.480Z #__loadSession() end

[90mstdout[2m | tests/property/scoped-roles-processing-efficiency.test.ts[2m > [22m[2mProperty 10: Scoped Roles Processing Efficiency[2m > [22m[2mProperty 10.5: Role hierarchy cache should invalidate on role changes
[22m[39mGoTrueClient@sb-bgxknceshxxifwytalex-auth-token:0 (2.93.3) 2026-02-02T15:19:59.481Z #_useSession end

[90mstdout[2m | tests/property/scoped-roles-processing-efficiency.test.ts[2m > [22m[2mProperty 10: Scoped Roles Processing Efficiency[2m > [22m[2mProperty 10.5: Role hierarchy cache should invalidate on role changes
[22m[39mGoTrueClient@sb-bgxknceshxxifwytalex-auth-token:0 (2.93.3) 2026-02-02T15:19:59.481Z #_acquireLock lock released for storage key sb-bgxknceshxxifwytalex-auth-token

[90mstdout[2m | tests/property/scoped-roles-processing-efficiency.test.ts[2m > [22m[2mProperty 10: Scoped Roles Processing Efficiency[2m > [22m[2mProperty 10.5: Role hierarchy cache should invalidate on role changes
[22m[39mGoTrueClient@sb-bgxknceshxxifwytalex-auth-token:0 (2.93.3) 2026-02-02T15:19:59.481Z #_acquireLock end

stderr | tests/property/scoped-roles-processing-efficiency.test.ts > Property 10: Scoped Roles Processing Efficiency > Property 10.5: Role hierarchy cache should invalidate on role changes
Error fetching org roles: {
  code: 'PGRST200',
  details: "Searched for a foreign key relationship between 'org_roles' and 'user_profiles' in the schema 'public', but no matches were found.",
  hint: null,
  message: "Could not find a relationship between 'org_roles' and 'user_profiles' in the schema cache"
}

[90mstdout[2m | tests/property/scoped-roles-processing-efficiency.test.ts[2m > [22m[2mProperty 10: Scoped Roles Processing Efficiency[2m > [22m[2mProperty 10.5: Role hierarchy cache should invalidate on role changes
[22m[39mGoTrueClient@sb-bgxknceshxxifwytalex-auth-token:0 (2.93.3) 2026-02-02T15:19:59.578Z #_acquireLock begin [33m10000[39m
GoTrueClient@sb-bgxknceshxxifwytalex-auth-token:0 (2.93.3) 2026-02-02T15:19:59.578Z #_acquireLock lock acquired for storage key sb-bgxknceshxxifwytalex-auth-token
GoTrueClient@sb-bgxknceshxxifwytalex-auth-token:0 (2.93.3) 2026-02-02T15:19:59.578Z #_useSession begin
GoTrueClient@sb-bgxknceshxxifwytalex-auth-token:0 (2.93.3) 2026-02-02T15:19:59.578Z #__loadSession() begin

[90mstdout[2m | tests/property/scoped-roles-processing-efficiency.test.ts[2m > [22m[2mProperty 10: Scoped Roles Processing Efficiency[2m > [22m[2mProperty 10.5: Role hierarchy cache should invalidate on role changes
[22m[39mGoTrueClient@sb-bgxknceshxxifwytalex-auth-token:0 (2.93.3) 2026-02-02T15:19:59.578Z #getSession() session from storage [1mnull[22m
GoTrueClient@sb-bgxknceshxxifwytalex-auth-token:0 (2.93.3) 2026-02-02T15:19:59.578Z #__loadSession() end

[90mstdout[2m | tests/property/scoped-roles-processing-efficiency.test.ts[2m > [22m[2mProperty 10: Scoped Roles Processing Efficiency[2m > [22m[2mProperty 10.5: Role hierarchy cache should invalidate on role changes
[22m[39mGoTrueClient@sb-bgxknceshxxifwytalex-auth-token:0 (2.93.3) 2026-02-02T15:19:59.578Z #_useSession end

[90mstdout[2m | tests/property/scoped-roles-processing-efficiency.test.ts[2m > [22m[2mProperty 10: Scoped Roles Processing Efficiency[2m > [22m[2mProperty 10.5: Role hierarchy cache should invalidate on role changes
[22m[39mGoTrueClient@sb-bgxknceshxxifwytalex-auth-token:0 (2.93.3) 2026-02-02T15:19:59.578Z #_acquireLock lock released for storage key sb-bgxknceshxxifwytalex-auth-token

[90mstdout[2m | tests/property/scoped-roles-processing-efficiency.test.ts[2m > [22m[2mProperty 10: Scoped Roles Processing Efficiency[2m > [22m[2mProperty 10.5: Role hierarchy cache should invalidate on role changes
[22m[39mGoTrueClient@sb-bgxknceshxxifwytalex-auth-token:0 (2.93.3) 2026-02-02T15:19:59.578Z #_acquireLock end

[90mstdout[2m | tests/property/scoped-roles-processing-efficiency.test.ts[2m > [22m[2mProperty 10: Scoped Roles Processing Efficiency[2m > [22m[2mProperty 10.5: Role hierarchy cache should invalidate on role changes
[22m[39mGoTrueClient@sb-bgxknceshxxifwytalex-auth-token:0 (2.93.3) 2026-02-02T15:19:59.607Z #_acquireLock begin [33m10000[39m
GoTrueClient@sb-bgxknceshxxifwytalex-auth-token:0 (2.93.3) 2026-02-02T15:19:59.607Z #_acquireLock lock acquired for storage key sb-bgxknceshxxifwytalex-auth-token
GoTrueClient@sb-bgxknceshxxifwytalex-auth-token:0 (2.93.3) 2026-02-02T15:19:59.607Z #_useSession begin
GoTrueClient@sb-bgxknceshxxifwytalex-auth-token:0 (2.93.3) 2026-02-02T15:19:59.607Z #__loadSession() begin

[90mstdout[2m | tests/property/scoped-roles-processing-efficiency.test.ts[2m > [22m[2mProperty 10: Scoped Roles Processing Efficiency[2m > [22m[2mProperty 10.5: Role hierarchy cache should invalidate on role changes
[22m[39mGoTrueClient@sb-bgxknceshxxifwytalex-auth-token:0 (2.93.3) 2026-02-02T15:19:59.608Z #getSession() session from storage [1mnull[22m
GoTrueClient@sb-bgxknceshxxifwytalex-auth-token:0 (2.93.3) 2026-02-02T15:19:59.608Z #__loadSession() end

[90mstdout[2m | tests/property/scoped-roles-processing-efficiency.test.ts[2m > [22m[2mProperty 10: Scoped Roles Processing Efficiency[2m > [22m[2mProperty 10.5: Role hierarchy cache should invalidate on role changes
[22m[39mGoTrueClient@sb-bgxknceshxxifwytalex-auth-token:0 (2.93.3) 2026-02-02T15:19:59.608Z #_useSession end

[90mstdout[2m | tests/property/scoped-roles-processing-efficiency.test.ts[2m > [22m[2mProperty 10: Scoped Roles Processing Efficiency[2m > [22m[2mProperty 10.5: Role hierarchy cache should invalidate on role changes
[22m[39mGoTrueClient@sb-bgxknceshxxifwytalex-auth-token:0 (2.93.3) 2026-02-02T15:19:59.608Z #_acquireLock lock released for storage key sb-bgxknceshxxifwytalex-auth-token

[90mstdout[2m | tests/property/scoped-roles-processing-efficiency.test.ts[2m > [22m[2mProperty 10: Scoped Roles Processing Efficiency[2m > [22m[2mProperty 10.5: Role hierarchy cache should invalidate on role changes
[22m[39mGoTrueClient@sb-bgxknceshxxifwytalex-auth-token:0 (2.93.3) 2026-02-02T15:19:59.608Z #_acquireLock end

stderr | tests/property/scoped-roles-processing-efficiency.test.ts > Property 10: Scoped Roles Processing Efficiency > Property 10.5: Role hierarchy cache should invalidate on role changes
Error fetching project roles: {
  code: 'PGRST200',
  details: "Searched for a foreign key relationship between 'project_roles' and 'user_profiles' in the schema 'public', but no matches were found.",
  hint: null,
  message: "Could not find a relationship between 'project_roles' and 'user_profiles' in the schema cache"
}

[90mstdout[2m | tests/property/scoped-roles-processing-efficiency.test.ts[2m > [22m[2mProperty 10: Scoped Roles Processing Efficiency[2m > [22m[2mProperty 10.5: Role hierarchy cache should invalidate on role changes
[22m[39mGoTrueClient@sb-bgxknceshxxifwytalex-auth-token:0 (2.93.3) 2026-02-02T15:19:59.613Z #_acquireLock begin [33m10000[39m
GoTrueClient@sb-bgxknceshxxifwytalex-auth-token:0 (2.93.3) 2026-02-02T15:19:59.613Z #_acquireLock lock acquired for storage key sb-bgxknceshxxifwytalex-auth-token
GoTrueClient@sb-bgxknceshxxifwytalex-auth-token:0 (2.93.3) 2026-02-02T15:19:59.613Z #_useSession begin
GoTrueClient@sb-bgxknceshxxifwytalex-auth-token:0 (2.93.3) 2026-02-02T15:19:59.613Z #__loadSession() begin

[90mstdout[2m | tests/property/scoped-roles-processing-efficiency.test.ts[2m > [22m[2mProperty 10: Scoped Roles Processing Efficiency[2m > [22m[2mProperty 10.5: Role hierarchy cache should invalidate on role changes
[22m[39mGoTrueClient@sb-bgxknceshxxifwytalex-auth-token:0 (2.93.3) 2026-02-02T15:19:59.613Z #getSession() session from storage [1mnull[22m
GoTrueClient@sb-bgxknceshxxifwytalex-auth-token:0 (2.93.3) 2026-02-02T15:19:59.613Z #__loadSession() end

[90mstdout[2m | tests/property/scoped-roles-processing-efficiency.test.ts[2m > [22m[2mProperty 10: Scoped Roles Processing Efficiency[2m > [22m[2mProperty 10.5: Role hierarchy cache should invalidate on role changes
[22m[39mGoTrueClient@sb-bgxknceshxxifwytalex-auth-token:0 (2.93.3) 2026-02-02T15:19:59.613Z #_useSession end

[90mstdout[2m | tests/property/scoped-roles-processing-efficiency.test.ts[2m > [22m[2mProperty 10: Scoped Roles Processing Efficiency[2m > [22m[2mProperty 10.5: Role hierarchy cache should invalidate on role changes
[22m[39mGoTrueClient@sb-bgxknceshxxifwytalex-auth-token:0 (2.93.3) 2026-02-02T15:19:59.613Z #_acquireLock lock released for storage key sb-bgxknceshxxifwytalex-auth-token

[90mstdout[2m | tests/property/scoped-roles-processing-efficiency.test.ts[2m > [22m[2mProperty 10: Scoped Roles Processing Efficiency[2m > [22m[2mProperty 10.5: Role hierarchy cache should invalidate on role changes
[22m[39mGoTrueClient@sb-bgxknceshxxifwytalex-auth-token:0 (2.93.3) 2026-02-02T15:19:59.614Z #_acquireLock end

stderr | tests/property/scoped-roles-processing-efficiency.test.ts > Property 10: Scoped Roles Processing Efficiency > Property 10.5: Role hierarchy cache should invalidate on role changes
Error fetching org roles: {
  code: 'PGRST200',
  details: "Searched for a foreign key relationship between 'org_roles' and 'user_profiles' in the schema 'public', but no matches were found.",
  hint: null,
  message: "Could not find a relationship between 'org_roles' and 'user_profiles' in the schema cache"
}

[90mstdout[2m | tests/property/scoped-roles-processing-efficiency.test.ts[2m > [22m[2mProperty 10: Scoped Roles Processing Efficiency[2m > [22m[2mProperty 10.5: Role hierarchy cache should invalidate on role changes
[22m[39mGoTrueClient@sb-bgxknceshxxifwytalex-auth-token:0 (2.93.3) 2026-02-02T15:19:59.617Z #_acquireLock begin [33m10000[39m
GoTrueClient@sb-bgxknceshxxifwytalex-auth-token:0 (2.93.3) 2026-02-02T15:19:59.617Z #_acquireLock lock acquired for storage key sb-bgxknceshxxifwytalex-auth-token
GoTrueClient@sb-bgxknceshxxifwytalex-auth-token:0 (2.93.3) 2026-02-02T15:19:59.617Z #_useSession begin
GoTrueClient@sb-bgxknceshxxifwytalex-auth-token:0 (2.93.3) 2026-02-02T15:19:59.617Z #__loadSession() begin

[90mstdout[2m | tests/property/scoped-roles-processing-efficiency.test.ts[2m > [22m[2mProperty 10: Scoped Roles Processing Efficiency[2m > [22m[2mProperty 10.5: Role hierarchy cache should invalidate on role changes
[22m[39mGoTrueClient@sb-bgxknceshxxifwytalex-auth-token:0 (2.93.3) 2026-02-02T15:19:59.617Z #getSession() session from storage [1mnull[22m
GoTrueClient@sb-bgxknceshxxifwytalex-auth-token:0 (2.93.3) 2026-02-02T15:19:59.617Z #__loadSession() end

[90mstdout[2m | tests/property/scoped-roles-processing-efficiency.test.ts[2m > [22m[2mProperty 10: Scoped Roles Processing Efficiency[2m > [22m[2mProperty 10.5: Role hierarchy cache should invalidate on role changes
[22m[39mGoTrueClient@sb-bgxknceshxxifwytalex-auth-token:0 (2.93.3) 2026-02-02T15:19:59.618Z #_useSession end

[90mstdout[2m | tests/property/scoped-roles-processing-efficiency.test.ts[2m > [22m[2mProperty 10: Scoped Roles Processing Efficiency[2m > [22m[2mProperty 10.5: Role hierarchy cache should invalidate on role changes
[22m[39mGoTrueClient@sb-bgxknceshxxifwytalex-auth-token:0 (2.93.3) 2026-02-02T15:19:59.618Z #_acquireLock lock released for storage key sb-bgxknceshxxifwytalex-auth-token

[90mstdout[2m | tests/property/scoped-roles-processing-efficiency.test.ts[2m > [22m[2mProperty 10: Scoped Roles Processing Efficiency[2m > [22m[2mProperty 10.5: Role hierarchy cache should invalidate on role changes
[22m[39mGoTrueClient@sb-bgxknceshxxifwytalex-auth-token:0 (2.93.3) 2026-02-02T15:19:59.618Z #_acquireLock end

stderr | tests/property/scoped-roles-processing-efficiency.test.ts > Property 10: Scoped Roles Processing Efficiency > Property 10.5: Role hierarchy cache should invalidate on role changes
Error fetching project roles: {
  code: 'PGRST200',
  details: "Searched for a foreign key relationship between 'project_roles' and 'user_profiles' in the schema 'public', but no matches were found.",
  hint: null,
  message: "Could not find a relationship between 'project_roles' and 'user_profiles' in the schema cache"
}

[90mstdout[2m | tests/property/scoped-roles-processing-efficiency.test.ts[2m > [22m[2mProperty 10: Scoped Roles Processing Efficiency[2m > [22m[2mProperty 10.5: Role hierarchy cache should invalidate on role changes
[22m[39mGoTrueClient@sb-bgxknceshxxifwytalex-auth-token:0 (2.93.3) 2026-02-02T15:19:59.698Z #_acquireLock begin [33m10000[39m
GoTrueClient@sb-bgxknceshxxifwytalex-auth-token:0 (2.93.3) 2026-02-02T15:19:59.698Z #_acquireLock lock acquired for storage key sb-bgxknceshxxifwytalex-auth-token
GoTrueClient@sb-bgxknceshxxifwytalex-auth-token:0 (2.93.3) 2026-02-02T15:19:59.698Z #_useSession begin
GoTrueClient@sb-bgxknceshxxifwytalex-auth-token:0 (2.93.3) 2026-02-02T15:19:59.698Z #__loadSession() begin

[90mstdout[2m | tests/property/scoped-roles-processing-efficiency.test.ts[2m > [22m[2mProperty 10: Scoped Roles Processing Efficiency[2m > [22m[2mProperty 10.5: Role hierarchy cache should invalidate on role changes
[22m[39mGoTrueClient@sb-bgxknceshxxifwytalex-auth-token:0 (2.93.3) 2026-02-02T15:19:59.698Z #getSession() session from storage [1mnull[22m
GoTrueClient@sb-bgxknceshxxifwytalex-auth-token:0 (2.93.3) 2026-02-02T15:19:59.698Z #__loadSession() end

[90mstdout[2m | tests/property/scoped-roles-processing-efficiency.test.ts[2m > [22m[2mProperty 10: Scoped Roles Processing Efficiency[2m > [22m[2mProperty 10.5: Role hierarchy cache should invalidate on role changes
[22m[39mGoTrueClient@sb-bgxknceshxxifwytalex-auth-token:0 (2.93.3) 2026-02-02T15:19:59.698Z #_useSession end

[90mstdout[2m | tests/property/scoped-roles-processing-efficiency.test.ts[2m > [22m[2mProperty 10: Scoped Roles Processing Efficiency[2m > [22m[2mProperty 10.5: Role hierarchy cache should invalidate on role changes
[22m[39mGoTrueClient@sb-bgxknceshxxifwytalex-auth-token:0 (2.93.3) 2026-02-02T15:19:59.698Z #_acquireLock lock released for storage key sb-bgxknceshxxifwytalex-auth-token

[90mstdout[2m | tests/property/scoped-roles-processing-efficiency.test.ts[2m > [22m[2mProperty 10: Scoped Roles Processing Efficiency[2m > [22m[2mProperty 10.5: Role hierarchy cache should invalidate on role changes
[22m[39mGoTrueClient@sb-bgxknceshxxifwytalex-auth-token:0 (2.93.3) 2026-02-02T15:19:59.698Z #_acquireLock end

[90mstdout[2m | tests/property/scoped-roles-processing-efficiency.test.ts[2m > [22m[2mProperty 10: Scoped Roles Processing Efficiency[2m > [22m[2mProperty 10.5: Role hierarchy cache should invalidate on role changes
[22m[39mGoTrueClient@sb-bgxknceshxxifwytalex-auth-token:0 (2.93.3) 2026-02-02T15:19:59.782Z #_acquireLock begin [33m10000[39m
GoTrueClient@sb-bgxknceshxxifwytalex-auth-token:0 (2.93.3) 2026-02-02T15:19:59.782Z #_acquireLock lock acquired for storage key sb-bgxknceshxxifwytalex-auth-token
GoTrueClient@sb-bgxknceshxxifwytalex-auth-token:0 (2.93.3) 2026-02-02T15:19:59.782Z #_useSession begin
GoTrueClient@sb-bgxknceshxxifwytalex-auth-token:0 (2.93.3) 2026-02-02T15:19:59.782Z #__loadSession() begin

[90mstdout[2m | tests/property/scoped-roles-processing-efficiency.test.ts[2m > [22m[2mProperty 10: Scoped Roles Processing Efficiency[2m > [22m[2mProperty 10.5: Role hierarchy cache should invalidate on role changes
[22m[39mGoTrueClient@sb-bgxknceshxxifwytalex-auth-token:0 (2.93.3) 2026-02-02T15:19:59.782Z #getSession() session from storage [1mnull[22m
GoTrueClient@sb-bgxknceshxxifwytalex-auth-token:0 (2.93.3) 2026-02-02T15:19:59.782Z #__loadSession() end

[90mstdout[2m | tests/property/scoped-roles-processing-efficiency.test.ts[2m > [22m[2mProperty 10: Scoped Roles Processing Efficiency[2m > [22m[2mProperty 10.5: Role hierarchy cache should invalidate on role changes
[22m[39mGoTrueClient@sb-bgxknceshxxifwytalex-auth-token:0 (2.93.3) 2026-02-02T15:19:59.783Z #_useSession end

[90mstdout[2m | tests/property/scoped-roles-processing-efficiency.test.ts[2m > [22m[2mProperty 10: Scoped Roles Processing Efficiency[2m > [22m[2mProperty 10.5: Role hierarchy cache should invalidate on role changes
[22m[39mGoTrueClient@sb-bgxknceshxxifwytalex-auth-token:0 (2.93.3) 2026-02-02T15:19:59.783Z #_acquireLock lock released for storage key sb-bgxknceshxxifwytalex-auth-token

[90mstdout[2m | tests/property/scoped-roles-processing-efficiency.test.ts[2m > [22m[2mProperty 10: Scoped Roles Processing Efficiency[2m > [22m[2mProperty 10.5: Role hierarchy cache should invalidate on role changes
[22m[39mGoTrueClient@sb-bgxknceshxxifwytalex-auth-token:0 (2.93.3) 2026-02-02T15:19:59.783Z #_acquireLock end

[90mstdout[2m | tests/property/scoped-roles-processing-efficiency.test.ts[2m > [22m[2mProperty 10: Scoped Roles Processing Efficiency[2m > [22m[2mProperty 10.5: Role hierarchy cache should invalidate on role changes
[22m[39mGoTrueClient@sb-bgxknceshxxifwytalex-auth-token:0 (2.93.3) 2026-02-02T15:19:59.825Z #_acquireLock begin [33m10000[39m
GoTrueClient@sb-bgxknceshxxifwytalex-auth-token:0 (2.93.3) 2026-02-02T15:19:59.825Z #_acquireLock lock acquired for storage key sb-bgxknceshxxifwytalex-auth-token
GoTrueClient@sb-bgxknceshxxifwytalex-auth-token:0 (2.93.3) 2026-02-02T15:19:59.825Z #_useSession begin
GoTrueClient@sb-bgxknceshxxifwytalex-auth-token:0 (2.93.3) 2026-02-02T15:19:59.825Z #__loadSession() begin

[90mstdout[2m | tests/property/scoped-roles-processing-efficiency.test.ts[2m > [22m[2mProperty 10: Scoped Roles Processing Efficiency[2m > [22m[2mProperty 10.5: Role hierarchy cache should invalidate on role changes
[22m[39mGoTrueClient@sb-bgxknceshxxifwytalex-auth-token:0 (2.93.3) 2026-02-02T15:19:59.826Z #getSession() session from storage [1mnull[22m
GoTrueClient@sb-bgxknceshxxifwytalex-auth-token:0 (2.93.3) 2026-02-02T15:19:59.826Z #__loadSession() end

[90mstdout[2m | tests/property/scoped-roles-processing-efficiency.test.ts[2m > [22m[2mProperty 10: Scoped Roles Processing Efficiency[2m > [22m[2mProperty 10.5: Role hierarchy cache should invalidate on role changes
[22m[39mGoTrueClient@sb-bgxknceshxxifwytalex-auth-token:0 (2.93.3) 2026-02-02T15:19:59.826Z #_useSession end

[90mstdout[2m | tests/property/scoped-roles-processing-efficiency.test.ts[2m > [22m[2mProperty 10: Scoped Roles Processing Efficiency[2m > [22m[2mProperty 10.5: Role hierarchy cache should invalidate on role changes
[22m[39mGoTrueClient@sb-bgxknceshxxifwytalex-auth-token:0 (2.93.3) 2026-02-02T15:19:59.826Z #_acquireLock lock released for storage key sb-bgxknceshxxifwytalex-auth-token

[90mstdout[2m | tests/property/scoped-roles-processing-efficiency.test.ts[2m > [22m[2mProperty 10: Scoped Roles Processing Efficiency[2m > [22m[2mProperty 10.5: Role hierarchy cache should invalidate on role changes
[22m[39mGoTrueClient@sb-bgxknceshxxifwytalex-auth-token:0 (2.93.3) 2026-02-02T15:19:59.826Z #_acquireLock end

stderr | tests/property/scoped-roles-processing-efficiency.test.ts > Property 10: Scoped Roles Processing Efficiency > Property 10.5: Role hierarchy cache should invalidate on role changes
Error fetching project roles: {
  code: 'PGRST200',
  details: "Searched for a foreign key relationship between 'project_roles' and 'user_profiles' in the schema 'public', but no matches were found.",
  hint: null,
  message: "Could not find a relationship between 'project_roles' and 'user_profiles' in the schema cache"
}

[90mstdout[2m | tests/property/scoped-roles-processing-efficiency.test.ts[2m > [22m[2mProperty 10: Scoped Roles Processing Efficiency[2m > [22m[2mProperty 10.5: Role hierarchy cache should invalidate on role changes
[22m[39mGoTrueClient@sb-bgxknceshxxifwytalex-auth-token:0 (2.93.3) 2026-02-02T15:19:59.831Z #_acquireLock begin [33m10000[39m
GoTrueClient@sb-bgxknceshxxifwytalex-auth-token:0 (2.93.3) 2026-02-02T15:19:59.831Z #_acquireLock lock acquired for storage key sb-bgxknceshxxifwytalex-auth-token
GoTrueClient@sb-bgxknceshxxifwytalex-auth-token:0 (2.93.3) 2026-02-02T15:19:59.831Z #_useSession begin
GoTrueClient@sb-bgxknceshxxifwytalex-auth-token:0 (2.93.3) 2026-02-02T15:19:59.831Z #__loadSession() begin

[90mstdout[2m | tests/property/scoped-roles-processing-efficiency.test.ts[2m > [22m[2mProperty 10: Scoped Roles Processing Efficiency[2m > [22m[2mProperty 10.5: Role hierarchy cache should invalidate on role changes
[22m[39mGoTrueClient@sb-bgxknceshxxifwytalex-auth-token:0 (2.93.3) 2026-02-02T15:19:59.831Z #getSession() session from storage [1mnull[22m
GoTrueClient@sb-bgxknceshxxifwytalex-auth-token:0 (2.93.3) 2026-02-02T15:19:59.831Z #__loadSession() end

[90mstdout[2m | tests/property/scoped-roles-processing-efficiency.test.ts[2m > [22m[2mProperty 10: Scoped Roles Processing Efficiency[2m > [22m[2mProperty 10.5: Role hierarchy cache should invalidate on role changes
[22m[39mGoTrueClient@sb-bgxknceshxxifwytalex-auth-token:0 (2.93.3) 2026-02-02T15:19:59.831Z #_useSession end

[90mstdout[2m | tests/property/scoped-roles-processing-efficiency.test.ts[2m > [22m[2mProperty 10: Scoped Roles Processing Efficiency[2m > [22m[2mProperty 10.5: Role hierarchy cache should invalidate on role changes
[22m[39mGoTrueClient@sb-bgxknceshxxifwytalex-auth-token:0 (2.93.3) 2026-02-02T15:19:59.831Z #_acquireLock lock released for storage key sb-bgxknceshxxifwytalex-auth-token

[90mstdout[2m | tests/property/scoped-roles-processing-efficiency.test.ts[2m > [22m[2mProperty 10: Scoped Roles Processing Efficiency[2m > [22m[2mProperty 10.5: Role hierarchy cache should invalidate on role changes
[22m[39mGoTrueClient@sb-bgxknceshxxifwytalex-auth-token:0 (2.93.3) 2026-02-02T15:19:59.831Z #_acquireLock end

stderr | tests/property/scoped-roles-processing-efficiency.test.ts > Property 10: Scoped Roles Processing Efficiency > Property 10.5: Role hierarchy cache should invalidate on role changes
Error fetching org roles: {
  code: 'PGRST200',
  details: "Searched for a foreign key relationship between 'org_roles' and 'user_profiles' in the schema 'public', but no matches were found.",
  hint: null,
  message: "Could not find a relationship between 'org_roles' and 'user_profiles' in the schema cache"
}

[90mstdout[2m | tests/property/scoped-roles-processing-efficiency.test.ts[2m > [22m[2mProperty 10: Scoped Roles Processing Efficiency[2m > [22m[2mProperty 10.5: Role hierarchy cache should invalidate on role changes
[22m[39mGoTrueClient@sb-bgxknceshxxifwytalex-auth-token:0 (2.93.3) 2026-02-02T15:19:59.833Z #_acquireLock begin [33m10000[39m
GoTrueClient@sb-bgxknceshxxifwytalex-auth-token:0 (2.93.3) 2026-02-02T15:19:59.833Z #_acquireLock lock acquired for storage key sb-bgxknceshxxifwytalex-auth-token
GoTrueClient@sb-bgxknceshxxifwytalex-auth-token:0 (2.93.3) 2026-02-02T15:19:59.833Z #_useSession begin
GoTrueClient@sb-bgxknceshxxifwytalex-auth-token:0 (2.93.3) 2026-02-02T15:19:59.833Z #__loadSession() begin

[90mstdout[2m | tests/property/scoped-roles-processing-efficiency.test.ts[2m > [22m[2mProperty 10: Scoped Roles Processing Efficiency[2m > [22m[2mProperty 10.5: Role hierarchy cache should invalidate on role changes
[22m[39mGoTrueClient@sb-bgxknceshxxifwytalex-auth-token:0 (2.93.3) 2026-02-02T15:19:59.833Z #getSession() session from storage [1mnull[22m
GoTrueClient@sb-bgxknceshxxifwytalex-auth-token:0 (2.93.3) 2026-02-02T15:19:59.833Z #__loadSession() end

[90mstdout[2m | tests/property/scoped-roles-processing-efficiency.test.ts[2m > [22m[2mProperty 10: Scoped Roles Processing Efficiency[2m > [22m[2mProperty 10.5: Role hierarchy cache should invalidate on role changes
[22m[39mGoTrueClient@sb-bgxknceshxxifwytalex-auth-token:0 (2.93.3) 2026-02-02T15:19:59.833Z #_useSession end

[90mstdout[2m | tests/property/scoped-roles-processing-efficiency.test.ts[2m > [22m[2mProperty 10: Scoped Roles Processing Efficiency[2m > [22m[2mProperty 10.5: Role hierarchy cache should invalidate on role changes
[22m[39mGoTrueClient@sb-bgxknceshxxifwytalex-auth-token:0 (2.93.3) 2026-02-02T15:19:59.833Z #_acquireLock lock released for storage key sb-bgxknceshxxifwytalex-auth-token

[90mstdout[2m | tests/property/scoped-roles-processing-efficiency.test.ts[2m > [22m[2mProperty 10: Scoped Roles Processing Efficiency[2m > [22m[2mProperty 10.5: Role hierarchy cache should invalidate on role changes
[22m[39mGoTrueClient@sb-bgxknceshxxifwytalex-auth-token:0 (2.93.3) 2026-02-02T15:19:59.834Z #_acquireLock end

[90mstdout[2m | tests/property/scoped-roles-processing-efficiency.test.ts[2m > [22m[2mProperty 10: Scoped Roles Processing Efficiency[2m > [22m[2mProperty 10.5: Role hierarchy cache should invalidate on role changes
[22m[39mGoTrueClient@sb-bgxknceshxxifwytalex-auth-token:0 (2.93.3) 2026-02-02T15:19:59.897Z #_acquireLock begin [33m10000[39m
GoTrueClient@sb-bgxknceshxxifwytalex-auth-token:0 (2.93.3) 2026-02-02T15:19:59.897Z #_acquireLock lock acquired for storage key sb-bgxknceshxxifwytalex-auth-token
GoTrueClient@sb-bgxknceshxxifwytalex-auth-token:0 (2.93.3) 2026-02-02T15:19:59.897Z #_useSession begin
GoTrueClient@sb-bgxknceshxxifwytalex-auth-token:0 (2.93.3) 2026-02-02T15:19:59.897Z #__loadSession() begin

[90mstdout[2m | tests/property/scoped-roles-processing-efficiency.test.ts[2m > [22m[2mProperty 10: Scoped Roles Processing Efficiency[2m > [22m[2mProperty 10.5: Role hierarchy cache should invalidate on role changes
[22m[39mGoTrueClient@sb-bgxknceshxxifwytalex-auth-token:0 (2.93.3) 2026-02-02T15:19:59.897Z #getSession() session from storage [1mnull[22m
GoTrueClient@sb-bgxknceshxxifwytalex-auth-token:0 (2.93.3) 2026-02-02T15:19:59.897Z #__loadSession() end

[90mstdout[2m | tests/property/scoped-roles-processing-efficiency.test.ts[2m > [22m[2mProperty 10: Scoped Roles Processing Efficiency[2m > [22m[2mProperty 10.5: Role hierarchy cache should invalidate on role changes
[22m[39mGoTrueClient@sb-bgxknceshxxifwytalex-auth-token:0 (2.93.3) 2026-02-02T15:19:59.897Z #_useSession end

[90mstdout[2m | tests/property/scoped-roles-processing-efficiency.test.ts[2m > [22m[2mProperty 10: Scoped Roles Processing Efficiency[2m > [22m[2mProperty 10.5: Role hierarchy cache should invalidate on role changes
[22m[39mGoTrueClient@sb-bgxknceshxxifwytalex-auth-token:0 (2.93.3) 2026-02-02T15:19:59.897Z #_acquireLock lock released for storage key sb-bgxknceshxxifwytalex-auth-token

[90mstdout[2m | tests/property/scoped-roles-processing-efficiency.test.ts[2m > [22m[2mProperty 10: Scoped Roles Processing Efficiency[2m > [22m[2mProperty 10.5: Role hierarchy cache should invalidate on role changes
[22m[39mGoTrueClient@sb-bgxknceshxxifwytalex-auth-token:0 (2.93.3) 2026-02-02T15:19:59.898Z #_acquireLock end

[90mstdout[2m | tests/property/scoped-roles-processing-efficiency.test.ts[2m > [22m[2mProperty 10: Scoped Roles Processing Efficiency[2m > [22m[2mProperty 10.5: Role hierarchy cache should invalidate on role changes
[22m[39mGoTrueClient@sb-bgxknceshxxifwytalex-auth-token:0 (2.93.3) 2026-02-02T15:20:00.000Z #_acquireLock begin [33m10000[39m
GoTrueClient@sb-bgxknceshxxifwytalex-auth-token:0 (2.93.3) 2026-02-02T15:20:00.001Z #_acquireLock lock acquired for storage key sb-bgxknceshxxifwytalex-auth-token
GoTrueClient@sb-bgxknceshxxifwytalex-auth-token:0 (2.93.3) 2026-02-02T15:20:00.001Z #_useSession begin
GoTrueClient@sb-bgxknceshxxifwytalex-auth-token:0 (2.93.3) 2026-02-02T15:20:00.001Z #__loadSession() begin

[90mstdout[2m | tests/property/scoped-roles-processing-efficiency.test.ts[2m > [22m[2mProperty 10: Scoped Roles Processing Efficiency[2m > [22m[2mProperty 10.5: Role hierarchy cache should invalidate on role changes
[22m[39mGoTrueClient@sb-bgxknceshxxifwytalex-auth-token:0 (2.93.3) 2026-02-02T15:20:00.001Z #getSession() session from storage [1mnull[22m
GoTrueClient@sb-bgxknceshxxifwytalex-auth-token:0 (2.93.3) 2026-02-02T15:20:00.001Z #__loadSession() end

[90mstdout[2m | tests/property/scoped-roles-processing-efficiency.test.ts[2m > [22m[2mProperty 10: Scoped Roles Processing Efficiency[2m > [22m[2mProperty 10.5: Role hierarchy cache should invalidate on role changes
[22m[39mGoTrueClient@sb-bgxknceshxxifwytalex-auth-token:0 (2.93.3) 2026-02-02T15:20:00.001Z #_useSession end

[90mstdout[2m | tests/property/scoped-roles-processing-efficiency.test.ts[2m > [22m[2mProperty 10: Scoped Roles Processing Efficiency[2m > [22m[2mProperty 10.5: Role hierarchy cache should invalidate on role changes
[22m[39mGoTrueClient@sb-bgxknceshxxifwytalex-auth-token:0 (2.93.3) 2026-02-02T15:20:00.001Z #_acquireLock lock released for storage key sb-bgxknceshxxifwytalex-auth-token

[90mstdout[2m | tests/property/scoped-roles-processing-efficiency.test.ts[2m > [22m[2mProperty 10: Scoped Roles Processing Efficiency[2m > [22m[2mProperty 10.5: Role hierarchy cache should invalidate on role changes
[22m[39mGoTrueClient@sb-bgxknceshxxifwytalex-auth-token:0 (2.93.3) 2026-02-02T15:20:00.001Z #_acquireLock end

[90mstdout[2m | tests/property/scoped-roles-processing-efficiency.test.ts[2m > [22m[2mProperty 10: Scoped Roles Processing Efficiency[2m > [22m[2mProperty 10.5: Role hierarchy cache should invalidate on role changes
[22m[39mGoTrueClient@sb-bgxknceshxxifwytalex-auth-token:0 (2.93.3) 2026-02-02T15:20:00.028Z #_acquireLock begin [33m10000[39m
GoTrueClient@sb-bgxknceshxxifwytalex-auth-token:0 (2.93.3) 2026-02-02T15:20:00.028Z #_acquireLock lock acquired for storage key sb-bgxknceshxxifwytalex-auth-token
GoTrueClient@sb-bgxknceshxxifwytalex-auth-token:0 (2.93.3) 2026-02-02T15:20:00.028Z #_useSession begin
GoTrueClient@sb-bgxknceshxxifwytalex-auth-token:0 (2.93.3) 2026-02-02T15:20:00.028Z #__loadSession() begin

[90mstdout[2m | tests/property/scoped-roles-processing-efficiency.test.ts[2m > [22m[2mProperty 10: Scoped Roles Processing Efficiency[2m > [22m[2mProperty 10.5: Role hierarchy cache should invalidate on role changes
[22m[39mGoTrueClient@sb-bgxknceshxxifwytalex-auth-token:0 (2.93.3) 2026-02-02T15:20:00.028Z #getSession() session from storage [1mnull[22m
GoTrueClient@sb-bgxknceshxxifwytalex-auth-token:0 (2.93.3) 2026-02-02T15:20:00.028Z #__loadSession() end

[90mstdout[2m | tests/property/scoped-roles-processing-efficiency.test.ts[2m > [22m[2mProperty 10: Scoped Roles Processing Efficiency[2m > [22m[2mProperty 10.5: Role hierarchy cache should invalidate on role changes
[22m[39mGoTrueClient@sb-bgxknceshxxifwytalex-auth-token:0 (2.93.3) 2026-02-02T15:20:00.029Z #_useSession end

[90mstdout[2m | tests/property/scoped-roles-processing-efficiency.test.ts[2m > [22m[2mProperty 10: Scoped Roles Processing Efficiency[2m > [22m[2mProperty 10.5: Role hierarchy cache should invalidate on role changes
[22m[39mGoTrueClient@sb-bgxknceshxxifwytalex-auth-token:0 (2.93.3) 2026-02-02T15:20:00.029Z #_acquireLock lock released for storage key sb-bgxknceshxxifwytalex-auth-token

[90mstdout[2m | tests/property/scoped-roles-processing-efficiency.test.ts[2m > [22m[2mProperty 10: Scoped Roles Processing Efficiency[2m > [22m[2mProperty 10.5: Role hierarchy cache should invalidate on role changes
[22m[39mGoTrueClient@sb-bgxknceshxxifwytalex-auth-token:0 (2.93.3) 2026-02-02T15:20:00.029Z #_acquireLock end

stderr | tests/property/scoped-roles-processing-efficiency.test.ts > Property 10: Scoped Roles Processing Efficiency > Property 10.5: Role hierarchy cache should invalidate on role changes
Error fetching project roles: {
  code: 'PGRST200',
  details: "Searched for a foreign key relationship between 'project_roles' and 'user_profiles' in the schema 'public', but no matches were found.",
  hint: null,
  message: "Could not find a relationship between 'project_roles' and 'user_profiles' in the schema cache"
}

[90mstdout[2m | tests/property/scoped-roles-processing-efficiency.test.ts[2m > [22m[2mProperty 10: Scoped Roles Processing Efficiency[2m > [22m[2mProperty 10.5: Role hierarchy cache should invalidate on role changes
[22m[39mGoTrueClient@sb-bgxknceshxxifwytalex-auth-token:0 (2.93.3) 2026-02-02T15:20:00.039Z #_acquireLock begin [33m10000[39m
GoTrueClient@sb-bgxknceshxxifwytalex-auth-token:0 (2.93.3) 2026-02-02T15:20:00.039Z #_acquireLock lock acquired for storage key sb-bgxknceshxxifwytalex-auth-token
GoTrueClient@sb-bgxknceshxxifwytalex-auth-token:0 (2.93.3) 2026-02-02T15:20:00.040Z #_useSession begin
GoTrueClient@sb-bgxknceshxxifwytalex-auth-token:0 (2.93.3) 2026-02-02T15:20:00.040Z #__loadSession() begin

[90mstdout[2m | tests/property/scoped-roles-processing-efficiency.test.ts[2m > [22m[2mProperty 10: Scoped Roles Processing Efficiency[2m > [22m[2mProperty 10.5: Role hierarchy cache should invalidate on role changes
[22m[39mGoTrueClient@sb-bgxknceshxxifwytalex-auth-token:0 (2.93.3) 2026-02-02T15:20:00.040Z #getSession() session from storage [1mnull[22m
GoTrueClient@sb-bgxknceshxxifwytalex-auth-token:0 (2.93.3) 2026-02-02T15:20:00.040Z #__loadSession() end

[90mstdout[2m | tests/property/scoped-roles-processing-efficiency.test.ts[2m > [22m[2mProperty 10: Scoped Roles Processing Efficiency[2m > [22m[2mProperty 10.5: Role hierarchy cache should invalidate on role changes
[22m[39mGoTrueClient@sb-bgxknceshxxifwytalex-auth-token:0 (2.93.3) 2026-02-02T15:20:00.040Z #_useSession end

[90mstdout[2m | tests/property/scoped-roles-processing-efficiency.test.ts[2m > [22m[2mProperty 10: Scoped Roles Processing Efficiency[2m > [22m[2mProperty 10.5: Role hierarchy cache should invalidate on role changes
[22m[39mGoTrueClient@sb-bgxknceshxxifwytalex-auth-token:0 (2.93.3) 2026-02-02T15:20:00.040Z #_acquireLock lock released for storage key sb-bgxknceshxxifwytalex-auth-token

[90mstdout[2m | tests/property/scoped-roles-processing-efficiency.test.ts[2m > [22m[2mProperty 10: Scoped Roles Processing Efficiency[2m > [22m[2mProperty 10.5: Role hierarchy cache should invalidate on role changes
[22m[39mGoTrueClient@sb-bgxknceshxxifwytalex-auth-token:0 (2.93.3) 2026-02-02T15:20:00.040Z #_acquireLock end

stderr | tests/property/scoped-roles-processing-efficiency.test.ts > Property 10: Scoped Roles Processing Efficiency > Property 10.5: Role hierarchy cache should invalidate on role changes
Error fetching org roles: {
  code: 'PGRST200',
  details: "Searched for a foreign key relationship between 'org_roles' and 'user_profiles' in the schema 'public', but no matches were found.",
  hint: null,
  message: "Could not find a relationship between 'org_roles' and 'user_profiles' in the schema cache"
}

[90mstdout[2m | tests/property/scoped-roles-processing-efficiency.test.ts[2m > [22m[2mProperty 10: Scoped Roles Processing Efficiency[2m > [22m[2mProperty 10.5: Role hierarchy cache should invalidate on role changes
[22m[39mGoTrueClient@sb-bgxknceshxxifwytalex-auth-token:0 (2.93.3) 2026-02-02T15:20:00.045Z #_acquireLock begin [33m10000[39m
GoTrueClient@sb-bgxknceshxxifwytalex-auth-token:0 (2.93.3) 2026-02-02T15:20:00.045Z #_acquireLock lock acquired for storage key sb-bgxknceshxxifwytalex-auth-token
GoTrueClient@sb-bgxknceshxxifwytalex-auth-token:0 (2.93.3) 2026-02-02T15:20:00.045Z #_useSession begin
GoTrueClient@sb-bgxknceshxxifwytalex-auth-token:0 (2.93.3) 2026-02-02T15:20:00.045Z #__loadSession() begin

[90mstdout[2m | tests/property/scoped-roles-processing-efficiency.test.ts[2m > [22m[2mProperty 10: Scoped Roles Processing Efficiency[2m > [22m[2mProperty 10.5: Role hierarchy cache should invalidate on role changes
[22m[39mGoTrueClient@sb-bgxknceshxxifwytalex-auth-token:0 (2.93.3) 2026-02-02T15:20:00.046Z #getSession() session from storage [1mnull[22m
GoTrueClient@sb-bgxknceshxxifwytalex-auth-token:0 (2.93.3) 2026-02-02T15:20:00.046Z #__loadSession() end

[90mstdout[2m | tests/property/scoped-roles-processing-efficiency.test.ts[2m > [22m[2mProperty 10: Scoped Roles Processing Efficiency[2m > [22m[2mProperty 10.5: Role hierarchy cache should invalidate on role changes
[22m[39mGoTrueClient@sb-bgxknceshxxifwytalex-auth-token:0 (2.93.3) 2026-02-02T15:20:00.046Z #_useSession end

[90mstdout[2m | tests/property/scoped-roles-processing-efficiency.test.ts[2m > [22m[2mProperty 10: Scoped Roles Processing Efficiency[2m > [22m[2mProperty 10.5: Role hierarchy cache should invalidate on role changes
[22m[39mGoTrueClient@sb-bgxknceshxxifwytalex-auth-token:0 (2.93.3) 2026-02-02T15:20:00.046Z #_acquireLock lock released for storage key sb-bgxknceshxxifwytalex-auth-token

[90mstdout[2m | tests/property/scoped-roles-processing-efficiency.test.ts[2m > [22m[2mProperty 10: Scoped Roles Processing Efficiency[2m > [22m[2mProperty 10.5: Role hierarchy cache should invalidate on role changes
[22m[39mGoTrueClient@sb-bgxknceshxxifwytalex-auth-token:0 (2.93.3) 2026-02-02T15:20:00.046Z #_acquireLock end

stderr | tests/property/scoped-roles-processing-efficiency.test.ts > Property 10: Scoped Roles Processing Efficiency > Property 10.5: Role hierarchy cache should invalidate on role changes
Error fetching org roles: {
  code: 'PGRST200',
  details: "Searched for a foreign key relationship between 'org_roles' and 'user_profiles' in the schema 'public', but no matches were found.",
  hint: null,
  message: "Could not find a relationship between 'org_roles' and 'user_profiles' in the schema cache"
}

[90mstdout[2m | tests/property/scoped-roles-processing-efficiency.test.ts[2m > [22m[2mProperty 10: Scoped Roles Processing Efficiency[2m > [22m[2mProperty 10.5: Role hierarchy cache should invalidate on role changes
[22m[39mGoTrueClient@sb-bgxknceshxxifwytalex-auth-token:0 (2.93.3) 2026-02-02T15:20:00.111Z #_acquireLock begin [33m10000[39m
GoTrueClient@sb-bgxknceshxxifwytalex-auth-token:0 (2.93.3) 2026-02-02T15:20:00.111Z #_acquireLock lock acquired for storage key sb-bgxknceshxxifwytalex-auth-token
GoTrueClient@sb-bgxknceshxxifwytalex-auth-token:0 (2.93.3) 2026-02-02T15:20:00.111Z #_useSession begin
GoTrueClient@sb-bgxknceshxxifwytalex-auth-token:0 (2.93.3) 2026-02-02T15:20:00.111Z #__loadSession() begin

[90mstdout[2m | tests/property/scoped-roles-processing-efficiency.test.ts[2m > [22m[2mProperty 10: Scoped Roles Processing Efficiency[2m > [22m[2mProperty 10.5: Role hierarchy cache should invalidate on role changes
[22m[39mGoTrueClient@sb-bgxknceshxxifwytalex-auth-token:0 (2.93.3) 2026-02-02T15:20:00.111Z #getSession() session from storage [1mnull[22m
GoTrueClient@sb-bgxknceshxxifwytalex-auth-token:0 (2.93.3) 2026-02-02T15:20:00.111Z #__loadSession() end

[90mstdout[2m | tests/property/scoped-roles-processing-efficiency.test.ts[2m > [22m[2mProperty 10: Scoped Roles Processing Efficiency[2m > [22m[2mProperty 10.5: Role hierarchy cache should invalidate on role changes
[22m[39mGoTrueClient@sb-bgxknceshxxifwytalex-auth-token:0 (2.93.3) 2026-02-02T15:20:00.111Z #_useSession end

[90mstdout[2m | tests/property/scoped-roles-processing-efficiency.test.ts[2m > [22m[2mProperty 10: Scoped Roles Processing Efficiency[2m > [22m[2mProperty 10.5: Role hierarchy cache should invalidate on role changes
[22m[39mGoTrueClient@sb-bgxknceshxxifwytalex-auth-token:0 (2.93.3) 2026-02-02T15:20:00.111Z #_acquireLock lock released for storage key sb-bgxknceshxxifwytalex-auth-token

[90mstdout[2m | tests/property/scoped-roles-processing-efficiency.test.ts[2m > [22m[2mProperty 10: Scoped Roles Processing Efficiency[2m > [22m[2mProperty 10.5: Role hierarchy cache should invalidate on role changes
[22m[39mGoTrueClient@sb-bgxknceshxxifwytalex-auth-token:0 (2.93.3) 2026-02-02T15:20:00.112Z #_acquireLock end

[90mstdout[2m | tests/property/scoped-roles-processing-efficiency.test.ts[2m > [22m[2mProperty 10: Scoped Roles Processing Efficiency[2m > [22m[2mProperty 10.5: Role hierarchy cache should invalidate on role changes
[22m[39mGoTrueClient@sb-bgxknceshxxifwytalex-auth-token:0 (2.93.3) 2026-02-02T15:20:00.198Z #_acquireLock begin [33m10000[39m
GoTrueClient@sb-bgxknceshxxifwytalex-auth-token:0 (2.93.3) 2026-02-02T15:20:00.198Z #_acquireLock lock acquired for storage key sb-bgxknceshxxifwytalex-auth-token
GoTrueClient@sb-bgxknceshxxifwytalex-auth-token:0 (2.93.3) 2026-02-02T15:20:00.198Z #_useSession begin
GoTrueClient@sb-bgxknceshxxifwytalex-auth-token:0 (2.93.3) 2026-02-02T15:20:00.198Z #__loadSession() begin

[90mstdout[2m | tests/property/scoped-roles-processing-efficiency.test.ts[2m > [22m[2mProperty 10: Scoped Roles Processing Efficiency[2m > [22m[2mProperty 10.5: Role hierarchy cache should invalidate on role changes
[22m[39mGoTrueClient@sb-bgxknceshxxifwytalex-auth-token:0 (2.93.3) 2026-02-02T15:20:00.198Z #getSession() session from storage [1mnull[22m
GoTrueClient@sb-bgxknceshxxifwytalex-auth-token:0 (2.93.3) 2026-02-02T15:20:00.198Z #__loadSession() end

[90mstdout[2m | tests/property/scoped-roles-processing-efficiency.test.ts[2m > [22m[2mProperty 10: Scoped Roles Processing Efficiency[2m > [22m[2mProperty 10.5: Role hierarchy cache should invalidate on role changes
[22m[39mGoTrueClient@sb-bgxknceshxxifwytalex-auth-token:0 (2.93.3) 2026-02-02T15:20:00.198Z #_useSession end

[90mstdout[2m | tests/property/scoped-roles-processing-efficiency.test.ts[2m > [22m[2mProperty 10: Scoped Roles Processing Efficiency[2m > [22m[2mProperty 10.5: Role hierarchy cache should invalidate on role changes
[22m[39mGoTrueClient@sb-bgxknceshxxifwytalex-auth-token:0 (2.93.3) 2026-02-02T15:20:00.198Z #_acquireLock lock released for storage key sb-bgxknceshxxifwytalex-auth-token

[90mstdout[2m | tests/property/scoped-roles-processing-efficiency.test.ts[2m > [22m[2mProperty 10: Scoped Roles Processing Efficiency[2m > [22m[2mProperty 10.5: Role hierarchy cache should invalidate on role changes
[22m[39mGoTrueClient@sb-bgxknceshxxifwytalex-auth-token:0 (2.93.3) 2026-02-02T15:20:00.198Z #_acquireLock end

[90mstdout[2m | tests/property/scoped-roles-processing-efficiency.test.ts[2m > [22m[2mProperty 10: Scoped Roles Processing Efficiency[2m > [22m[2mProperty 10.5: Role hierarchy cache should invalidate on role changes
[22m[39mGoTrueClient@sb-bgxknceshxxifwytalex-auth-token:0 (2.93.3) 2026-02-02T15:20:00.250Z #_acquireLock begin [33m10000[39m
GoTrueClient@sb-bgxknceshxxifwytalex-auth-token:0 (2.93.3) 2026-02-02T15:20:00.250Z #_acquireLock lock acquired for storage key sb-bgxknceshxxifwytalex-auth-token
GoTrueClient@sb-bgxknceshxxifwytalex-auth-token:0 (2.93.3) 2026-02-02T15:20:00.250Z #_useSession begin
GoTrueClient@sb-bgxknceshxxifwytalex-auth-token:0 (2.93.3) 2026-02-02T15:20:00.250Z #__loadSession() begin

[90mstdout[2m | tests/property/scoped-roles-processing-efficiency.test.ts[2m > [22m[2mProperty 10: Scoped Roles Processing Efficiency[2m > [22m[2mProperty 10.5: Role hierarchy cache should invalidate on role changes
[22m[39mGoTrueClient@sb-bgxknceshxxifwytalex-auth-token:0 (2.93.3) 2026-02-02T15:20:00.250Z #getSession() session from storage [1mnull[22m
GoTrueClient@sb-bgxknceshxxifwytalex-auth-token:0 (2.93.3) 2026-02-02T15:20:00.250Z #__loadSession() end

[90mstdout[2m | tests/property/scoped-roles-processing-efficiency.test.ts[2m > [22m[2mProperty 10: Scoped Roles Processing Efficiency[2m > [22m[2mProperty 10.5: Role hierarchy cache should invalidate on role changes
[22m[39mGoTrueClient@sb-bgxknceshxxifwytalex-auth-token:0 (2.93.3) 2026-02-02T15:20:00.250Z #_useSession end

[90mstdout[2m | tests/property/scoped-roles-processing-efficiency.test.ts[2m > [22m[2mProperty 10: Scoped Roles Processing Efficiency[2m > [22m[2mProperty 10.5: Role hierarchy cache should invalidate on role changes
[22m[39mGoTrueClient@sb-bgxknceshxxifwytalex-auth-token:0 (2.93.3) 2026-02-02T15:20:00.250Z #_acquireLock lock released for storage key sb-bgxknceshxxifwytalex-auth-token

[90mstdout[2m | tests/property/scoped-roles-processing-efficiency.test.ts[2m > [22m[2mProperty 10: Scoped Roles Processing Efficiency[2m > [22m[2mProperty 10.5: Role hierarchy cache should invalidate on role changes
[22m[39mGoTrueClient@sb-bgxknceshxxifwytalex-auth-token:0 (2.93.3) 2026-02-02T15:20:00.250Z #_acquireLock end

stderr | tests/property/scoped-roles-processing-efficiency.test.ts > Property 10: Scoped Roles Processing Efficiency > Property 10.5: Role hierarchy cache should invalidate on role changes
Error fetching org roles: {
  code: 'PGRST200',
  details: "Searched for a foreign key relationship between 'org_roles' and 'user_profiles' in the schema 'public', but no matches were found.",
  hint: null,
  message: "Could not find a relationship between 'org_roles' and 'user_profiles' in the schema cache"
}

[90mstdout[2m | tests/property/scoped-roles-processing-efficiency.test.ts[2m > [22m[2mProperty 10: Scoped Roles Processing Efficiency[2m > [22m[2mProperty 10.5: Role hierarchy cache should invalidate on role changes
[22m[39mGoTrueClient@sb-bgxknceshxxifwytalex-auth-token:0 (2.93.3) 2026-02-02T15:20:00.273Z #_acquireLock begin [33m10000[39m
GoTrueClient@sb-bgxknceshxxifwytalex-auth-token:0 (2.93.3) 2026-02-02T15:20:00.273Z #_acquireLock lock acquired for storage key sb-bgxknceshxxifwytalex-auth-token
GoTrueClient@sb-bgxknceshxxifwytalex-auth-token:0 (2.93.3) 2026-02-02T15:20:00.273Z #_useSession begin
GoTrueClient@sb-bgxknceshxxifwytalex-auth-token:0 (2.93.3) 2026-02-02T15:20:00.273Z #__loadSession() begin

[90mstdout[2m | tests/property/scoped-roles-processing-efficiency.test.ts[2m > [22m[2mProperty 10: Scoped Roles Processing Efficiency[2m > [22m[2mProperty 10.5: Role hierarchy cache should invalidate on role changes
[22m[39mGoTrueClient@sb-bgxknceshxxifwytalex-auth-token:0 (2.93.3) 2026-02-02T15:20:00.273Z #getSession() session from storage [1mnull[22m
GoTrueClient@sb-bgxknceshxxifwytalex-auth-token:0 (2.93.3) 2026-02-02T15:20:00.273Z #__loadSession() end

[90mstdout[2m | tests/property/scoped-roles-processing-efficiency.test.ts[2m > [22m[2mProperty 10: Scoped Roles Processing Efficiency[2m > [22m[2mProperty 10.5: Role hierarchy cache should invalidate on role changes
[22m[39mGoTrueClient@sb-bgxknceshxxifwytalex-auth-token:0 (2.93.3) 2026-02-02T15:20:00.274Z #_useSession end

[90mstdout[2m | tests/property/scoped-roles-processing-efficiency.test.ts[2m > [22m[2mProperty 10: Scoped Roles Processing Efficiency[2m > [22m[2mProperty 10.5: Role hierarchy cache should invalidate on role changes
[22m[39mGoTrueClient@sb-bgxknceshxxifwytalex-auth-token:0 (2.93.3) 2026-02-02T15:20:00.274Z #_acquireLock lock released for storage key sb-bgxknceshxxifwytalex-auth-token

[90mstdout[2m | tests/property/scoped-roles-processing-efficiency.test.ts[2m > [22m[2mProperty 10: Scoped Roles Processing Efficiency[2m > [22m[2mProperty 10.5: Role hierarchy cache should invalidate on role changes
[22m[39mGoTrueClient@sb-bgxknceshxxifwytalex-auth-token:0 (2.93.3) 2026-02-02T15:20:00.274Z #_acquireLock end

stderr | tests/property/scoped-roles-processing-efficiency.test.ts > Property 10: Scoped Roles Processing Efficiency > Property 10.5: Role hierarchy cache should invalidate on role changes
Error fetching project roles: {
  code: 'PGRST200',
  details: "Searched for a foreign key relationship between 'project_roles' and 'user_profiles' in the schema 'public', but no matches were found.",
  hint: null,
  message: "Could not find a relationship between 'project_roles' and 'user_profiles' in the schema cache"
}

[90mstdout[2m | tests/property/scoped-roles-processing-efficiency.test.ts[2m > [22m[2mProperty 10: Scoped Roles Processing Efficiency[2m > [22m[2mProperty 10.5: Role hierarchy cache should invalidate on role changes
[22m[39mGoTrueClient@sb-bgxknceshxxifwytalex-auth-token:0 (2.93.3) 2026-02-02T15:20:00.280Z #_acquireLock begin [33m10000[39m
GoTrueClient@sb-bgxknceshxxifwytalex-auth-token:0 (2.93.3) 2026-02-02T15:20:00.280Z #_acquireLock lock acquired for storage key sb-bgxknceshxxifwytalex-auth-token
GoTrueClient@sb-bgxknceshxxifwytalex-auth-token:0 (2.93.3) 2026-02-02T15:20:00.280Z #_useSession begin
GoTrueClient@sb-bgxknceshxxifwytalex-auth-token:0 (2.93.3) 2026-02-02T15:20:00.280Z #__loadSession() begin

[90mstdout[2m | tests/property/scoped-roles-processing-efficiency.test.ts[2m > [22m[2mProperty 10: Scoped Roles Processing Efficiency[2m > [22m[2mProperty 10.5: Role hierarchy cache should invalidate on role changes
[22m[39mGoTrueClient@sb-bgxknceshxxifwytalex-auth-token:0 (2.93.3) 2026-02-02T15:20:00.280Z #getSession() session from storage [1mnull[22m
GoTrueClient@sb-bgxknceshxxifwytalex-auth-token:0 (2.93.3) 2026-02-02T15:20:00.280Z #__loadSession() end

[90mstdout[2m | tests/property/scoped-roles-processing-efficiency.test.ts[2m > [22m[2mProperty 10: Scoped Roles Processing Efficiency[2m > [22m[2mProperty 10.5: Role hierarchy cache should invalidate on role changes
[22m[39mGoTrueClient@sb-bgxknceshxxifwytalex-auth-token:0 (2.93.3) 2026-02-02T15:20:00.280Z #_useSession end

[90mstdout[2m | tests/property/scoped-roles-processing-efficiency.test.ts[2m > [22m[2mProperty 10: Scoped Roles Processing Efficiency[2m > [22m[2mProperty 10.5: Role hierarchy cache should invalidate on role changes
[22m[39mGoTrueClient@sb-bgxknceshxxifwytalex-auth-token:0 (2.93.3) 2026-02-02T15:20:00.280Z #_acquireLock lock released for storage key sb-bgxknceshxxifwytalex-auth-token

[90mstdout[2m | tests/property/scoped-roles-processing-efficiency.test.ts[2m > [22m[2mProperty 10: Scoped Roles Processing Efficiency[2m > [22m[2mProperty 10.5: Role hierarchy cache should invalidate on role changes
[22m[39mGoTrueClient@sb-bgxknceshxxifwytalex-auth-token:0 (2.93.3) 2026-02-02T15:20:00.280Z #_acquireLock end

stderr | tests/property/scoped-roles-processing-efficiency.test.ts > Property 10: Scoped Roles Processing Efficiency > Property 10.5: Role hierarchy cache should invalidate on role changes
Error fetching project roles: {
  code: 'PGRST200',
  details: "Searched for a foreign key relationship between 'project_roles' and 'user_profiles' in the schema 'public', but no matches were found.",
  hint: null,
  message: "Could not find a relationship between 'project_roles' and 'user_profiles' in the schema cache"
}

[90mstdout[2m | tests/property/scoped-roles-processing-efficiency.test.ts[2m > [22m[2mProperty 10: Scoped Roles Processing Efficiency[2m > [22m[2mProperty 10.5: Role hierarchy cache should invalidate on role changes
[22m[39mGoTrueClient@sb-bgxknceshxxifwytalex-auth-token:0 (2.93.3) 2026-02-02T15:20:00.311Z #_acquireLock begin [33m10000[39m
GoTrueClient@sb-bgxknceshxxifwytalex-auth-token:0 (2.93.3) 2026-02-02T15:20:00.311Z #_acquireLock lock acquired for storage key sb-bgxknceshxxifwytalex-auth-token
GoTrueClient@sb-bgxknceshxxifwytalex-auth-token:0 (2.93.3) 2026-02-02T15:20:00.311Z #_useSession begin
GoTrueClient@sb-bgxknceshxxifwytalex-auth-token:0 (2.93.3) 2026-02-02T15:20:00.311Z #__loadSession() begin

[90mstdout[2m | tests/property/scoped-roles-processing-efficiency.test.ts[2m > [22m[2mProperty 10: Scoped Roles Processing Efficiency[2m > [22m[2mProperty 10.5: Role hierarchy cache should invalidate on role changes
[22m[39mGoTrueClient@sb-bgxknceshxxifwytalex-auth-token:0 (2.93.3) 2026-02-02T15:20:00.312Z #getSession() session from storage [1mnull[22m
GoTrueClient@sb-bgxknceshxxifwytalex-auth-token:0 (2.93.3) 2026-02-02T15:20:00.312Z #__loadSession() end

[90mstdout[2m | tests/property/scoped-roles-processing-efficiency.test.ts[2m > [22m[2mProperty 10: Scoped Roles Processing Efficiency[2m > [22m[2mProperty 10.5: Role hierarchy cache should invalidate on role changes
[22m[39mGoTrueClient@sb-bgxknceshxxifwytalex-auth-token:0 (2.93.3) 2026-02-02T15:20:00.312Z #_useSession end

[90mstdout[2m | tests/property/scoped-roles-processing-efficiency.test.ts[2m > [22m[2mProperty 10: Scoped Roles Processing Efficiency[2m > [22m[2mProperty 10.5: Role hierarchy cache should invalidate on role changes
[22m[39mGoTrueClient@sb-bgxknceshxxifwytalex-auth-token:0 (2.93.3) 2026-02-02T15:20:00.312Z #_acquireLock lock released for storage key sb-bgxknceshxxifwytalex-auth-token

[90mstdout[2m | tests/property/scoped-roles-processing-efficiency.test.ts[2m > [22m[2mProperty 10: Scoped Roles Processing Efficiency[2m > [22m[2mProperty 10.5: Role hierarchy cache should invalidate on role changes
[22m[39mGoTrueClient@sb-bgxknceshxxifwytalex-auth-token:0 (2.93.3) 2026-02-02T15:20:00.312Z #_acquireLock end

stderr | tests/property/scoped-roles-processing-efficiency.test.ts > Property 10: Scoped Roles Processing Efficiency > Property 10.5: Role hierarchy cache should invalidate on role changes
Error fetching project roles: {
  code: 'PGRST200',
  details: "Searched for a foreign key relationship between 'project_roles' and 'user_profiles' in the schema 'public', but no matches were found.",
  hint: null,
  message: "Could not find a relationship between 'project_roles' and 'user_profiles' in the schema cache"
}

[90mstdout[2m | tests/property/scoped-roles-processing-efficiency.test.ts[2m > [22m[2mProperty 10: Scoped Roles Processing Efficiency[2m > [22m[2mProperty 10.5: Role hierarchy cache should invalidate on role changes
[22m[39mGoTrueClient@sb-bgxknceshxxifwytalex-auth-token:0 (2.93.3) 2026-02-02T15:20:00.402Z #_acquireLock begin [33m10000[39m
GoTrueClient@sb-bgxknceshxxifwytalex-auth-token:0 (2.93.3) 2026-02-02T15:20:00.402Z #_acquireLock lock acquired for storage key sb-bgxknceshxxifwytalex-auth-token
GoTrueClient@sb-bgxknceshxxifwytalex-auth-token:0 (2.93.3) 2026-02-02T15:20:00.402Z #_useSession begin
GoTrueClient@sb-bgxknceshxxifwytalex-auth-token:0 (2.93.3) 2026-02-02T15:20:00.402Z #__loadSession() begin

[90mstdout[2m | tests/property/scoped-roles-processing-efficiency.test.ts[2m > [22m[2mProperty 10: Scoped Roles Processing Efficiency[2m > [22m[2mProperty 10.5: Role hierarchy cache should invalidate on role changes
[22m[39mGoTrueClient@sb-bgxknceshxxifwytalex-auth-token:0 (2.93.3) 2026-02-02T15:20:00.402Z #getSession() session from storage [1mnull[22m
GoTrueClient@sb-bgxknceshxxifwytalex-auth-token:0 (2.93.3) 2026-02-02T15:20:00.402Z #__loadSession() end

[90mstdout[2m | tests/property/scoped-roles-processing-efficiency.test.ts[2m > [22m[2mProperty 10: Scoped Roles Processing Efficiency[2m > [22m[2mProperty 10.5: Role hierarchy cache should invalidate on role changes
[22m[39mGoTrueClient@sb-bgxknceshxxifwytalex-auth-token:0 (2.93.3) 2026-02-02T15:20:00.402Z #_useSession end

[90mstdout[2m | tests/property/scoped-roles-processing-efficiency.test.ts[2m > [22m[2mProperty 10: Scoped Roles Processing Efficiency[2m > [22m[2mProperty 10.5: Role hierarchy cache should invalidate on role changes
[22m[39mGoTrueClient@sb-bgxknceshxxifwytalex-auth-token:0 (2.93.3) 2026-02-02T15:20:00.402Z #_acquireLock lock released for storage key sb-bgxknceshxxifwytalex-auth-token

[90mstdout[2m | tests/property/scoped-roles-processing-efficiency.test.ts[2m > [22m[2mProperty 10: Scoped Roles Processing Efficiency[2m > [22m[2mProperty 10.5: Role hierarchy cache should invalidate on role changes
[22m[39mGoTrueClient@sb-bgxknceshxxifwytalex-auth-token:0 (2.93.3) 2026-02-02T15:20:00.402Z #_acquireLock end

[90mstdout[2m | tests/property/scoped-roles-processing-efficiency.test.ts[2m > [22m[2mProperty 10: Scoped Roles Processing Efficiency[2m > [22m[2mProperty 10.5: Role hierarchy cache should invalidate on role changes
[22m[39mGoTrueClient@sb-bgxknceshxxifwytalex-auth-token:0 (2.93.3) 2026-02-02T15:20:00.458Z #_acquireLock begin [33m10000[39m
GoTrueClient@sb-bgxknceshxxifwytalex-auth-token:0 (2.93.3) 2026-02-02T15:20:00.458Z #_acquireLock lock acquired for storage key sb-bgxknceshxxifwytalex-auth-token
GoTrueClient@sb-bgxknceshxxifwytalex-auth-token:0 (2.93.3) 2026-02-02T15:20:00.458Z #_useSession begin
GoTrueClient@sb-bgxknceshxxifwytalex-auth-token:0 (2.93.3) 2026-02-02T15:20:00.458Z #__loadSession() begin

[90mstdout[2m | tests/property/scoped-roles-processing-efficiency.test.ts[2m > [22m[2mProperty 10: Scoped Roles Processing Efficiency[2m > [22m[2mProperty 10.5: Role hierarchy cache should invalidate on role changes
[22m[39mGoTrueClient@sb-bgxknceshxxifwytalex-auth-token:0 (2.93.3) 2026-02-02T15:20:00.458Z #getSession() session from storage [1mnull[22m
GoTrueClient@sb-bgxknceshxxifwytalex-auth-token:0 (2.93.3) 2026-02-02T15:20:00.458Z #__loadSession() end

[90mstdout[2m | tests/property/scoped-roles-processing-efficiency.test.ts[2m > [22m[2mProperty 10: Scoped Roles Processing Efficiency[2m > [22m[2mProperty 10.5: Role hierarchy cache should invalidate on role changes
[22m[39mGoTrueClient@sb-bgxknceshxxifwytalex-auth-token:0 (2.93.3) 2026-02-02T15:20:00.459Z #_useSession end

[90mstdout[2m | tests/property/scoped-roles-processing-efficiency.test.ts[2m > [22m[2mProperty 10: Scoped Roles Processing Efficiency[2m > [22m[2mProperty 10.5: Role hierarchy cache should invalidate on role changes
[22m[39mGoTrueClient@sb-bgxknceshxxifwytalex-auth-token:0 (2.93.3) 2026-02-02T15:20:00.459Z #_acquireLock lock released for storage key sb-bgxknceshxxifwytalex-auth-token

[90mstdout[2m | tests/property/scoped-roles-processing-efficiency.test.ts[2m > [22m[2mProperty 10: Scoped Roles Processing Efficiency[2m > [22m[2mProperty 10.5: Role hierarchy cache should invalidate on role changes
[22m[39mGoTrueClient@sb-bgxknceshxxifwytalex-auth-token:0 (2.93.3) 2026-02-02T15:20:00.459Z #_acquireLock end

stderr | tests/property/scoped-roles-processing-efficiency.test.ts > Property 10: Scoped Roles Processing Efficiency > Property 10.5: Role hierarchy cache should invalidate on role changes
Error fetching org roles: {
  code: 'PGRST200',
  details: "Searched for a foreign key relationship between 'org_roles' and 'user_profiles' in the schema 'public', but no matches were found.",
  hint: null,
  message: "Could not find a relationship between 'org_roles' and 'user_profiles' in the schema cache"
}

[90mstdout[2m | tests/property/scoped-roles-processing-efficiency.test.ts[2m > [22m[2mProperty 10: Scoped Roles Processing Efficiency[2m > [22m[2mProperty 10.5: Role hierarchy cache should invalidate on role changes
[22m[39mGoTrueClient@sb-bgxknceshxxifwytalex-auth-token:0 (2.93.3) 2026-02-02T15:20:00.490Z #_acquireLock begin [33m10000[39m
GoTrueClient@sb-bgxknceshxxifwytalex-auth-token:0 (2.93.3) 2026-02-02T15:20:00.490Z #_acquireLock lock acquired for storage key sb-bgxknceshxxifwytalex-auth-token
GoTrueClient@sb-bgxknceshxxifwytalex-auth-token:0 (2.93.3) 2026-02-02T15:20:00.490Z #_useSession begin
GoTrueClient@sb-bgxknceshxxifwytalex-auth-token:0 (2.93.3) 2026-02-02T15:20:00.490Z #__loadSession() begin

[90mstdout[2m | tests/property/scoped-roles-processing-efficiency.test.ts[2m > [22m[2mProperty 10: Scoped Roles Processing Efficiency[2m > [22m[2mProperty 10.5: Role hierarchy cache should invalidate on role changes
[22m[39mGoTrueClient@sb-bgxknceshxxifwytalex-auth-token:0 (2.93.3) 2026-02-02T15:20:00.490Z #getSession() session from storage [1mnull[22m
GoTrueClient@sb-bgxknceshxxifwytalex-auth-token:0 (2.93.3) 2026-02-02T15:20:00.491Z #__loadSession() end

[90mstdout[2m | tests/property/scoped-roles-processing-efficiency.test.ts[2m > [22m[2mProperty 10: Scoped Roles Processing Efficiency[2m > [22m[2mProperty 10.5: Role hierarchy cache should invalidate on role changes
[22m[39mGoTrueClient@sb-bgxknceshxxifwytalex-auth-token:0 (2.93.3) 2026-02-02T15:20:00.491Z #_useSession end

[90mstdout[2m | tests/property/scoped-roles-processing-efficiency.test.ts[2m > [22m[2mProperty 10: Scoped Roles Processing Efficiency[2m > [22m[2mProperty 10.5: Role hierarchy cache should invalidate on role changes
[22m[39mGoTrueClient@sb-bgxknceshxxifwytalex-auth-token:0 (2.93.3) 2026-02-02T15:20:00.491Z #_acquireLock lock released for storage key sb-bgxknceshxxifwytalex-auth-token

[90mstdout[2m | tests/property/scoped-roles-processing-efficiency.test.ts[2m > [22m[2mProperty 10: Scoped Roles Processing Efficiency[2m > [22m[2mProperty 10.5: Role hierarchy cache should invalidate on role changes
[22m[39mGoTrueClient@sb-bgxknceshxxifwytalex-auth-token:0 (2.93.3) 2026-02-02T15:20:00.491Z #_acquireLock end

stderr | tests/property/scoped-roles-processing-efficiency.test.ts > Property 10: Scoped Roles Processing Efficiency > Property 10.5: Role hierarchy cache should invalidate on role changes
Error fetching project roles: {
  code: 'PGRST200',
  details: "Searched for a foreign key relationship between 'project_roles' and 'user_profiles' in the schema 'public', but no matches were found.",
  hint: null,
  message: "Could not find a relationship between 'project_roles' and 'user_profiles' in the schema cache"
}

[90mstdout[2m | tests/property/scoped-roles-processing-efficiency.test.ts[2m > [22m[2mProperty 10: Scoped Roles Processing Efficiency[2m > [22m[2mProperty 10.5: Role hierarchy cache should invalidate on role changes
[22m[39mGoTrueClient@sb-bgxknceshxxifwytalex-auth-token:0 (2.93.3) 2026-02-02T15:20:00.509Z #_acquireLock begin [33m10000[39m
GoTrueClient@sb-bgxknceshxxifwytalex-auth-token:0 (2.93.3) 2026-02-02T15:20:00.509Z #_acquireLock lock acquired for storage key sb-bgxknceshxxifwytalex-auth-token
GoTrueClient@sb-bgxknceshxxifwytalex-auth-token:0 (2.93.3) 2026-02-02T15:20:00.509Z #_useSession begin
GoTrueClient@sb-bgxknceshxxifwytalex-auth-token:0 (2.93.3) 2026-02-02T15:20:00.509Z #__loadSession() begin

[90mstdout[2m | tests/property/scoped-roles-processing-efficiency.test.ts[2m > [22m[2mProperty 10: Scoped Roles Processing Efficiency[2m > [22m[2mProperty 10.5: Role hierarchy cache should invalidate on role changes
[22m[39mGoTrueClient@sb-bgxknceshxxifwytalex-auth-token:0 (2.93.3) 2026-02-02T15:20:00.509Z #getSession() session from storage [1mnull[22m
GoTrueClient@sb-bgxknceshxxifwytalex-auth-token:0 (2.93.3) 2026-02-02T15:20:00.509Z #__loadSession() end

[90mstdout[2m | tests/property/scoped-roles-processing-efficiency.test.ts[2m > [22m[2mProperty 10: Scoped Roles Processing Efficiency[2m > [22m[2mProperty 10.5: Role hierarchy cache should invalidate on role changes
[22m[39mGoTrueClient@sb-bgxknceshxxifwytalex-auth-token:0 (2.93.3) 2026-02-02T15:20:00.509Z #_useSession end

[90mstdout[2m | tests/property/scoped-roles-processing-efficiency.test.ts[2m > [22m[2mProperty 10: Scoped Roles Processing Efficiency[2m > [22m[2mProperty 10.5: Role hierarchy cache should invalidate on role changes
[22m[39mGoTrueClient@sb-bgxknceshxxifwytalex-auth-token:0 (2.93.3) 2026-02-02T15:20:00.509Z #_acquireLock lock released for storage key sb-bgxknceshxxifwytalex-auth-token

[90mstdout[2m | tests/property/scoped-roles-processing-efficiency.test.ts[2m > [22m[2mProperty 10: Scoped Roles Processing Efficiency[2m > [22m[2mProperty 10.5: Role hierarchy cache should invalidate on role changes
[22m[39mGoTrueClient@sb-bgxknceshxxifwytalex-auth-token:0 (2.93.3) 2026-02-02T15:20:00.509Z #_acquireLock end

stderr | tests/property/scoped-roles-processing-efficiency.test.ts > Property 10: Scoped Roles Processing Efficiency > Property 10.5: Role hierarchy cache should invalidate on role changes
Error fetching org roles: {
  code: 'PGRST200',
  details: "Searched for a foreign key relationship between 'org_roles' and 'user_profiles' in the schema 'public', but no matches were found.",
  hint: null,
  message: "Could not find a relationship between 'org_roles' and 'user_profiles' in the schema cache"
}

[90mstdout[2m | tests/property/scoped-roles-processing-efficiency.test.ts[2m > [22m[2mProperty 10: Scoped Roles Processing Efficiency[2m > [22m[2mProperty 10.5: Role hierarchy cache should invalidate on role changes
[22m[39mGoTrueClient@sb-bgxknceshxxifwytalex-auth-token:0 (2.93.3) 2026-02-02T15:20:00.514Z #_acquireLock begin [33m10000[39m
GoTrueClient@sb-bgxknceshxxifwytalex-auth-token:0 (2.93.3) 2026-02-02T15:20:00.515Z #_acquireLock lock acquired for storage key sb-bgxknceshxxifwytalex-auth-token
GoTrueClient@sb-bgxknceshxxifwytalex-auth-token:0 (2.93.3) 2026-02-02T15:20:00.515Z #_useSession begin
GoTrueClient@sb-bgxknceshxxifwytalex-auth-token:0 (2.93.3) 2026-02-02T15:20:00.515Z #__loadSession() begin

[90mstdout[2m | tests/property/scoped-roles-processing-efficiency.test.ts[2m > [22m[2mProperty 10: Scoped Roles Processing Efficiency[2m > [22m[2mProperty 10.5: Role hierarchy cache should invalidate on role changes
[22m[39mGoTrueClient@sb-bgxknceshxxifwytalex-auth-token:0 (2.93.3) 2026-02-02T15:20:00.515Z #getSession() session from storage [1mnull[22m
GoTrueClient@sb-bgxknceshxxifwytalex-auth-token:0 (2.93.3) 2026-02-02T15:20:00.515Z #__loadSession() end

[90mstdout[2m | tests/property/scoped-roles-processing-efficiency.test.ts[2m > [22m[2mProperty 10: Scoped Roles Processing Efficiency[2m > [22m[2mProperty 10.5: Role hierarchy cache should invalidate on role changes
[22m[39mGoTrueClient@sb-bgxknceshxxifwytalex-auth-token:0 (2.93.3) 2026-02-02T15:20:00.515Z #_useSession end

[90mstdout[2m | tests/property/scoped-roles-processing-efficiency.test.ts[2m > [22m[2mProperty 10: Scoped Roles Processing Efficiency[2m > [22m[2mProperty 10.5: Role hierarchy cache should invalidate on role changes
[22m[39mGoTrueClient@sb-bgxknceshxxifwytalex-auth-token:0 (2.93.3) 2026-02-02T15:20:00.515Z #_acquireLock lock released for storage key sb-bgxknceshxxifwytalex-auth-token

[90mstdout[2m | tests/property/scoped-roles-processing-efficiency.test.ts[2m > [22m[2mProperty 10: Scoped Roles Processing Efficiency[2m > [22m[2mProperty 10.5: Role hierarchy cache should invalidate on role changes
[22m[39mGoTrueClient@sb-bgxknceshxxifwytalex-auth-token:0 (2.93.3) 2026-02-02T15:20:00.515Z #_acquireLock end

stderr | tests/property/scoped-roles-processing-efficiency.test.ts > Property 10: Scoped Roles Processing Efficiency > Property 10.5: Role hierarchy cache should invalidate on role changes
Error fetching project roles: {
  code: 'PGRST200',
  details: "Searched for a foreign key relationship between 'project_roles' and 'user_profiles' in the schema 'public', but no matches were found.",
  hint: null,
  message: "Could not find a relationship between 'project_roles' and 'user_profiles' in the schema cache"
}

[90mstdout[2m | tests/property/scoped-roles-processing-efficiency.test.ts[2m > [22m[2mProperty 10: Scoped Roles Processing Efficiency[2m > [22m[2mProperty 10.5: Role hierarchy cache should invalidate on role changes
[22m[39mGoTrueClient@sb-bgxknceshxxifwytalex-auth-token:0 (2.93.3) 2026-02-02T15:20:00.614Z #_acquireLock begin [33m10000[39m
GoTrueClient@sb-bgxknceshxxifwytalex-auth-token:0 (2.93.3) 2026-02-02T15:20:00.614Z #_acquireLock lock acquired for storage key sb-bgxknceshxxifwytalex-auth-token
GoTrueClient@sb-bgxknceshxxifwytalex-auth-token:0 (2.93.3) 2026-02-02T15:20:00.614Z #_useSession begin
GoTrueClient@sb-bgxknceshxxifwytalex-auth-token:0 (2.93.3) 2026-02-02T15:20:00.614Z #__loadSession() begin

[90mstdout[2m | tests/property/scoped-roles-processing-efficiency.test.ts[2m > [22m[2mProperty 10: Scoped Roles Processing Efficiency[2m > [22m[2mProperty 10.5: Role hierarchy cache should invalidate on role changes
[22m[39mGoTrueClient@sb-bgxknceshxxifwytalex-auth-token:0 (2.93.3) 2026-02-02T15:20:00.614Z #getSession() session from storage [1mnull[22m
GoTrueClient@sb-bgxknceshxxifwytalex-auth-token:0 (2.93.3) 2026-02-02T15:20:00.614Z #__loadSession() end

[90mstdout[2m | tests/property/scoped-roles-processing-efficiency.test.ts[2m > [22m[2mProperty 10: Scoped Roles Processing Efficiency[2m > [22m[2mProperty 10.5: Role hierarchy cache should invalidate on role changes
[22m[39mGoTrueClient@sb-bgxknceshxxifwytalex-auth-token:0 (2.93.3) 2026-02-02T15:20:00.614Z #_useSession end

[90mstdout[2m | tests/property/scoped-roles-processing-efficiency.test.ts[2m > [22m[2mProperty 10: Scoped Roles Processing Efficiency[2m > [22m[2mProperty 10.5: Role hierarchy cache should invalidate on role changes
[22m[39mGoTrueClient@sb-bgxknceshxxifwytalex-auth-token:0 (2.93.3) 2026-02-02T15:20:00.614Z #_acquireLock lock released for storage key sb-bgxknceshxxifwytalex-auth-token

[90mstdout[2m | tests/property/scoped-roles-processing-efficiency.test.ts[2m > [22m[2mProperty 10: Scoped Roles Processing Efficiency[2m > [22m[2mProperty 10.5: Role hierarchy cache should invalidate on role changes
[22m[39mGoTrueClient@sb-bgxknceshxxifwytalex-auth-token:0 (2.93.3) 2026-02-02T15:20:00.614Z #_acquireLock end

[90mstdout[2m | tests/property/scoped-roles-processing-efficiency.test.ts[2m > [22m[2mProperty 10: Scoped Roles Processing Efficiency[2m > [22m[2mProperty 10.5: Role hierarchy cache should invalidate on role changes
[22m[39mGoTrueClient@sb-bgxknceshxxifwytalex-auth-token:0 (2.93.3) 2026-02-02T15:20:00.665Z #_acquireLock begin [33m10000[39m
GoTrueClient@sb-bgxknceshxxifwytalex-auth-token:0 (2.93.3) 2026-02-02T15:20:00.665Z #_acquireLock lock acquired for storage key sb-bgxknceshxxifwytalex-auth-token
GoTrueClient@sb-bgxknceshxxifwytalex-auth-token:0 (2.93.3) 2026-02-02T15:20:00.665Z #_useSession begin
GoTrueClient@sb-bgxknceshxxifwytalex-auth-token:0 (2.93.3) 2026-02-02T15:20:00.665Z #__loadSession() begin

[90mstdout[2m | tests/property/scoped-roles-processing-efficiency.test.ts[2m > [22m[2mProperty 10: Scoped Roles Processing Efficiency[2m > [22m[2mProperty 10.5: Role hierarchy cache should invalidate on role changes
[22m[39mGoTrueClient@sb-bgxknceshxxifwytalex-auth-token:0 (2.93.3) 2026-02-02T15:20:00.665Z #getSession() session from storage [1mnull[22m
GoTrueClient@sb-bgxknceshxxifwytalex-auth-token:0 (2.93.3) 2026-02-02T15:20:00.665Z #__loadSession() end

[90mstdout[2m | tests/property/scoped-roles-processing-efficiency.test.ts[2m > [22m[2mProperty 10: Scoped Roles Processing Efficiency[2m > [22m[2mProperty 10.5: Role hierarchy cache should invalidate on role changes
[22m[39mGoTrueClient@sb-bgxknceshxxifwytalex-auth-token:0 (2.93.3) 2026-02-02T15:20:00.665Z #_useSession end

[90mstdout[2m | tests/property/scoped-roles-processing-efficiency.test.ts[2m > [22m[2mProperty 10: Scoped Roles Processing Efficiency[2m > [22m[2mProperty 10.5: Role hierarchy cache should invalidate on role changes
[22m[39mGoTrueClient@sb-bgxknceshxxifwytalex-auth-token:0 (2.93.3) 2026-02-02T15:20:00.665Z #_acquireLock lock released for storage key sb-bgxknceshxxifwytalex-auth-token

[90mstdout[2m | tests/property/scoped-roles-processing-efficiency.test.ts[2m > [22m[2mProperty 10: Scoped Roles Processing Efficiency[2m > [22m[2mProperty 10.5: Role hierarchy cache should invalidate on role changes
[22m[39mGoTrueClient@sb-bgxknceshxxifwytalex-auth-token:0 (2.93.3) 2026-02-02T15:20:00.665Z #_acquireLock end

stderr | tests/property/scoped-roles-processing-efficiency.test.ts > Property 10: Scoped Roles Processing Efficiency > Property 10.5: Role hierarchy cache should invalidate on role changes
Error fetching org roles: {
  code: 'PGRST200',
  details: "Searched for a foreign key relationship between 'org_roles' and 'user_profiles' in the schema 'public', but no matches were found.",
  hint: null,
  message: "Could not find a relationship between 'org_roles' and 'user_profiles' in the schema cache"
}

[90mstdout[2m | tests/property/scoped-roles-processing-efficiency.test.ts[2m > [22m[2mProperty 10: Scoped Roles Processing Efficiency[2m > [22m[2mProperty 10.5: Role hierarchy cache should invalidate on role changes
[22m[39mGoTrueClient@sb-bgxknceshxxifwytalex-auth-token:0 (2.93.3) 2026-02-02T15:20:00.706Z #_acquireLock begin [33m10000[39m
GoTrueClient@sb-bgxknceshxxifwytalex-auth-token:0 (2.93.3) 2026-02-02T15:20:00.706Z #_acquireLock lock acquired for storage key sb-bgxknceshxxifwytalex-auth-token
GoTrueClient@sb-bgxknceshxxifwytalex-auth-token:0 (2.93.3) 2026-02-02T15:20:00.706Z #_useSession begin
GoTrueClient@sb-bgxknceshxxifwytalex-auth-token:0 (2.93.3) 2026-02-02T15:20:00.706Z #__loadSession() begin

[90mstdout[2m | tests/property/scoped-roles-processing-efficiency.test.ts[2m > [22m[2mProperty 10: Scoped Roles Processing Efficiency[2m > [22m[2mProperty 10.5: Role hierarchy cache should invalidate on role changes
[22m[39mGoTrueClient@sb-bgxknceshxxifwytalex-auth-token:0 (2.93.3) 2026-02-02T15:20:00.707Z #getSession() session from storage [1mnull[22m
GoTrueClient@sb-bgxknceshxxifwytalex-auth-token:0 (2.93.3) 2026-02-02T15:20:00.707Z #__loadSession() end

[90mstdout[2m | tests/property/scoped-roles-processing-efficiency.test.ts[2m > [22m[2mProperty 10: Scoped Roles Processing Efficiency[2m > [22m[2mProperty 10.5: Role hierarchy cache should invalidate on role changes
[22m[39mGoTrueClient@sb-bgxknceshxxifwytalex-auth-token:0 (2.93.3) 2026-02-02T15:20:00.707Z #_useSession end

[90mstdout[2m | tests/property/scoped-roles-processing-efficiency.test.ts[2m > [22m[2mProperty 10: Scoped Roles Processing Efficiency[2m > [22m[2mProperty 10.5: Role hierarchy cache should invalidate on role changes
[22m[39mGoTrueClient@sb-bgxknceshxxifwytalex-auth-token:0 (2.93.3) 2026-02-02T15:20:00.707Z #_acquireLock lock released for storage key sb-bgxknceshxxifwytalex-auth-token

[90mstdout[2m | tests/property/scoped-roles-processing-efficiency.test.ts[2m > [22m[2mProperty 10: Scoped Roles Processing Efficiency[2m > [22m[2mProperty 10.5: Role hierarchy cache should invalidate on role changes
[22m[39mGoTrueClient@sb-bgxknceshxxifwytalex-auth-token:0 (2.93.3) 2026-02-02T15:20:00.707Z #_acquireLock end

stderr | tests/property/scoped-roles-processing-efficiency.test.ts > Property 10: Scoped Roles Processing Efficiency > Property 10.5: Role hierarchy cache should invalidate on role changes
Error fetching project roles: {
  code: 'PGRST200',
  details: "Searched for a foreign key relationship between 'project_roles' and 'user_profiles' in the schema 'public', but no matches were found.",
  hint: null,
  message: "Could not find a relationship between 'project_roles' and 'user_profiles' in the schema cache"
}

[90mstdout[2m | tests/property/scoped-roles-processing-efficiency.test.ts[2m > [22m[2mProperty 10: Scoped Roles Processing Efficiency[2m > [22m[2mProperty 10.5: Role hierarchy cache should invalidate on role changes
[22m[39mGoTrueClient@sb-bgxknceshxxifwytalex-auth-token:0 (2.93.3) 2026-02-02T15:20:00.710Z #_acquireLock begin [33m10000[39m
GoTrueClient@sb-bgxknceshxxifwytalex-auth-token:0 (2.93.3) 2026-02-02T15:20:00.710Z #_acquireLock lock acquired for storage key sb-bgxknceshxxifwytalex-auth-token
GoTrueClient@sb-bgxknceshxxifwytalex-auth-token:0 (2.93.3) 2026-02-02T15:20:00.710Z #_useSession begin
GoTrueClient@sb-bgxknceshxxifwytalex-auth-token:0 (2.93.3) 2026-02-02T15:20:00.710Z #__loadSession() begin

[90mstdout[2m | tests/property/scoped-roles-processing-efficiency.test.ts[2m > [22m[2mProperty 10: Scoped Roles Processing Efficiency[2m > [22m[2mProperty 10.5: Role hierarchy cache should invalidate on role changes
[22m[39mGoTrueClient@sb-bgxknceshxxifwytalex-auth-token:0 (2.93.3) 2026-02-02T15:20:00.710Z #getSession() session from storage [1mnull[22m
GoTrueClient@sb-bgxknceshxxifwytalex-auth-token:0 (2.93.3) 2026-02-02T15:20:00.710Z #__loadSession() end

[90mstdout[2m | tests/property/scoped-roles-processing-efficiency.test.ts[2m > [22m[2mProperty 10: Scoped Roles Processing Efficiency[2m > [22m[2mProperty 10.5: Role hierarchy cache should invalidate on role changes
[22m[39mGoTrueClient@sb-bgxknceshxxifwytalex-auth-token:0 (2.93.3) 2026-02-02T15:20:00.710Z #_useSession end

[90mstdout[2m | tests/property/scoped-roles-processing-efficiency.test.ts[2m > [22m[2mProperty 10: Scoped Roles Processing Efficiency[2m > [22m[2mProperty 10.5: Role hierarchy cache should invalidate on role changes
[22m[39mGoTrueClient@sb-bgxknceshxxifwytalex-auth-token:0 (2.93.3) 2026-02-02T15:20:00.710Z #_acquireLock lock released for storage key sb-bgxknceshxxifwytalex-auth-token

[90mstdout[2m | tests/property/scoped-roles-processing-efficiency.test.ts[2m > [22m[2mProperty 10: Scoped Roles Processing Efficiency[2m > [22m[2mProperty 10.5: Role hierarchy cache should invalidate on role changes
[22m[39mGoTrueClient@sb-bgxknceshxxifwytalex-auth-token:0 (2.93.3) 2026-02-02T15:20:00.710Z #_acquireLock end

[90mstdout[2m | tests/property/scoped-roles-processing-efficiency.test.ts[2m > [22m[2mProperty 10: Scoped Roles Processing Efficiency[2m > [22m[2mProperty 10.5: Role hierarchy cache should invalidate on role changes
[22m[39mGoTrueClient@sb-bgxknceshxxifwytalex-auth-token:0 (2.93.3) 2026-02-02T15:20:00.738Z #_acquireLock begin [33m10000[39m
GoTrueClient@sb-bgxknceshxxifwytalex-auth-token:0 (2.93.3) 2026-02-02T15:20:00.739Z #_acquireLock lock acquired for storage key sb-bgxknceshxxifwytalex-auth-token
GoTrueClient@sb-bgxknceshxxifwytalex-auth-token:0 (2.93.3) 2026-02-02T15:20:00.739Z #_useSession begin
GoTrueClient@sb-bgxknceshxxifwytalex-auth-token:0 (2.93.3) 2026-02-02T15:20:00.739Z #__loadSession() begin

[90mstdout[2m | tests/property/scoped-roles-processing-efficiency.test.ts[2m > [22m[2mProperty 10: Scoped Roles Processing Efficiency[2m > [22m[2mProperty 10.5: Role hierarchy cache should invalidate on role changes
[22m[39mGoTrueClient@sb-bgxknceshxxifwytalex-auth-token:0 (2.93.3) 2026-02-02T15:20:00.739Z #getSession() session from storage [1mnull[22m
GoTrueClient@sb-bgxknceshxxifwytalex-auth-token:0 (2.93.3) 2026-02-02T15:20:00.739Z #__loadSession() end

[90mstdout[2m | tests/property/scoped-roles-processing-efficiency.test.ts[2m > [22m[2mProperty 10: Scoped Roles Processing Efficiency[2m > [22m[2mProperty 10.5: Role hierarchy cache should invalidate on role changes
[22m[39mGoTrueClient@sb-bgxknceshxxifwytalex-auth-token:0 (2.93.3) 2026-02-02T15:20:00.739Z #_useSession end

[90mstdout[2m | tests/property/scoped-roles-processing-efficiency.test.ts[2m > [22m[2mProperty 10: Scoped Roles Processing Efficiency[2m > [22m[2mProperty 10.5: Role hierarchy cache should invalidate on role changes
[22m[39mGoTrueClient@sb-bgxknceshxxifwytalex-auth-token:0 (2.93.3) 2026-02-02T15:20:00.739Z #_acquireLock lock released for storage key sb-bgxknceshxxifwytalex-auth-token

[90mstdout[2m | tests/property/scoped-roles-processing-efficiency.test.ts[2m > [22m[2mProperty 10: Scoped Roles Processing Efficiency[2m > [22m[2mProperty 10.5: Role hierarchy cache should invalidate on role changes
[22m[39mGoTrueClient@sb-bgxknceshxxifwytalex-auth-token:0 (2.93.3) 2026-02-02T15:20:00.739Z #_acquireLock end

stderr | tests/property/scoped-roles-processing-efficiency.test.ts > Property 10: Scoped Roles Processing Efficiency > Property 10.5: Role hierarchy cache should invalidate on role changes
Error fetching project roles: {
  code: 'PGRST200',
  details: "Searched for a foreign key relationship between 'project_roles' and 'user_profiles' in the schema 'public', but no matches were found.",
  hint: null,
  message: "Could not find a relationship between 'project_roles' and 'user_profiles' in the schema cache"
}

[90mstdout[2m | tests/property/scoped-roles-processing-efficiency.test.ts[2m > [22m[2mProperty 10: Scoped Roles Processing Efficiency[2m > [22m[2mProperty 10.5: Role hierarchy cache should invalidate on role changes
[22m[39mGoTrueClient@sb-bgxknceshxxifwytalex-auth-token:0 (2.93.3) 2026-02-02T15:20:00.811Z #_acquireLock begin [33m10000[39m
GoTrueClient@sb-bgxknceshxxifwytalex-auth-token:0 (2.93.3) 2026-02-02T15:20:00.811Z #_acquireLock lock acquired for storage key sb-bgxknceshxxifwytalex-auth-token
GoTrueClient@sb-bgxknceshxxifwytalex-auth-token:0 (2.93.3) 2026-02-02T15:20:00.811Z #_useSession begin
GoTrueClient@sb-bgxknceshxxifwytalex-auth-token:0 (2.93.3) 2026-02-02T15:20:00.811Z #__loadSession() begin

[90mstdout[2m | tests/property/scoped-roles-processing-efficiency.test.ts[2m > [22m[2mProperty 10: Scoped Roles Processing Efficiency[2m > [22m[2mProperty 10.5: Role hierarchy cache should invalidate on role changes
[22m[39mGoTrueClient@sb-bgxknceshxxifwytalex-auth-token:0 (2.93.3) 2026-02-02T15:20:00.811Z #getSession() session from storage [1mnull[22m
GoTrueClient@sb-bgxknceshxxifwytalex-auth-token:0 (2.93.3) 2026-02-02T15:20:00.811Z #__loadSession() end

[90mstdout[2m | tests/property/scoped-roles-processing-efficiency.test.ts[2m > [22m[2mProperty 10: Scoped Roles Processing Efficiency[2m > [22m[2mProperty 10.5: Role hierarchy cache should invalidate on role changes
[22m[39mGoTrueClient@sb-bgxknceshxxifwytalex-auth-token:0 (2.93.3) 2026-02-02T15:20:00.811Z #_useSession end

[90mstdout[2m | tests/property/scoped-roles-processing-efficiency.test.ts[2m > [22m[2mProperty 10: Scoped Roles Processing Efficiency[2m > [22m[2mProperty 10.5: Role hierarchy cache should invalidate on role changes
[22m[39mGoTrueClient@sb-bgxknceshxxifwytalex-auth-token:0 (2.93.3) 2026-02-02T15:20:00.811Z #_acquireLock lock released for storage key sb-bgxknceshxxifwytalex-auth-token

[90mstdout[2m | tests/property/scoped-roles-processing-efficiency.test.ts[2m > [22m[2mProperty 10: Scoped Roles Processing Efficiency[2m > [22m[2mProperty 10.5: Role hierarchy cache should invalidate on role changes
[22m[39mGoTrueClient@sb-bgxknceshxxifwytalex-auth-token:0 (2.93.3) 2026-02-02T15:20:00.812Z #_acquireLock end

[90mstdout[2m | tests/property/scoped-roles-processing-efficiency.test.ts[2m > [22m[2mProperty 10: Scoped Roles Processing Efficiency[2m > [22m[2mProperty 10.5: Role hierarchy cache should invalidate on role changes
[22m[39mGoTrueClient@sb-bgxknceshxxifwytalex-auth-token:0 (2.93.3) 2026-02-02T15:20:00.881Z #_acquireLock begin [33m10000[39m
GoTrueClient@sb-bgxknceshxxifwytalex-auth-token:0 (2.93.3) 2026-02-02T15:20:00.881Z #_acquireLock lock acquired for storage key sb-bgxknceshxxifwytalex-auth-token
GoTrueClient@sb-bgxknceshxxifwytalex-auth-token:0 (2.93.3) 2026-02-02T15:20:00.881Z #_useSession begin
GoTrueClient@sb-bgxknceshxxifwytalex-auth-token:0 (2.93.3) 2026-02-02T15:20:00.881Z #__loadSession() begin

[90mstdout[2m | tests/property/scoped-roles-processing-efficiency.test.ts[2m > [22m[2mProperty 10: Scoped Roles Processing Efficiency[2m > [22m[2mProperty 10.5: Role hierarchy cache should invalidate on role changes
[22m[39mGoTrueClient@sb-bgxknceshxxifwytalex-auth-token:0 (2.93.3) 2026-02-02T15:20:00.881Z #getSession() session from storage [1mnull[22m
GoTrueClient@sb-bgxknceshxxifwytalex-auth-token:0 (2.93.3) 2026-02-02T15:20:00.881Z #__loadSession() end

[90mstdout[2m | tests/property/scoped-roles-processing-efficiency.test.ts[2m > [22m[2mProperty 10: Scoped Roles Processing Efficiency[2m > [22m[2mProperty 10.5: Role hierarchy cache should invalidate on role changes
[22m[39mGoTrueClient@sb-bgxknceshxxifwytalex-auth-token:0 (2.93.3) 2026-02-02T15:20:00.881Z #_useSession end

[90mstdout[2m | tests/property/scoped-roles-processing-efficiency.test.ts[2m > [22m[2mProperty 10: Scoped Roles Processing Efficiency[2m > [22m[2mProperty 10.5: Role hierarchy cache should invalidate on role changes
[22m[39mGoTrueClient@sb-bgxknceshxxifwytalex-auth-token:0 (2.93.3) 2026-02-02T15:20:00.882Z #_acquireLock lock released for storage key sb-bgxknceshxxifwytalex-auth-token

[90mstdout[2m | tests/property/scoped-roles-processing-efficiency.test.ts[2m > [22m[2mProperty 10: Scoped Roles Processing Efficiency[2m > [22m[2mProperty 10.5: Role hierarchy cache should invalidate on role changes
[22m[39mGoTrueClient@sb-bgxknceshxxifwytalex-auth-token:0 (2.93.3) 2026-02-02T15:20:00.882Z #_acquireLock end

stderr | tests/property/scoped-roles-processing-efficiency.test.ts > Property 10: Scoped Roles Processing Efficiency > Property 10.5: Role hierarchy cache should invalidate on role changes
Error fetching project roles: {
  code: 'PGRST200',
  details: "Searched for a foreign key relationship between 'project_roles' and 'user_profiles' in the schema 'public', but no matches were found.",
  hint: null,
  message: "Could not find a relationship between 'project_roles' and 'user_profiles' in the schema cache"
}

[90mstdout[2m | tests/property/scoped-roles-processing-efficiency.test.ts[2m > [22m[2mProperty 10: Scoped Roles Processing Efficiency[2m > [22m[2mProperty 10.5: Role hierarchy cache should invalidate on role changes
[22m[39mGoTrueClient@sb-bgxknceshxxifwytalex-auth-token:0 (2.93.3) 2026-02-02T15:20:00.912Z #_acquireLock begin [33m10000[39m
GoTrueClient@sb-bgxknceshxxifwytalex-auth-token:0 (2.93.3) 2026-02-02T15:20:00.912Z #_acquireLock lock acquired for storage key sb-bgxknceshxxifwytalex-auth-token
GoTrueClient@sb-bgxknceshxxifwytalex-auth-token:0 (2.93.3) 2026-02-02T15:20:00.912Z #_useSession begin
GoTrueClient@sb-bgxknceshxxifwytalex-auth-token:0 (2.93.3) 2026-02-02T15:20:00.912Z #__loadSession() begin

[90mstdout[2m | tests/property/scoped-roles-processing-efficiency.test.ts[2m > [22m[2mProperty 10: Scoped Roles Processing Efficiency[2m > [22m[2mProperty 10.5: Role hierarchy cache should invalidate on role changes
[22m[39mGoTrueClient@sb-bgxknceshxxifwytalex-auth-token:0 (2.93.3) 2026-02-02T15:20:00.913Z #getSession() session from storage [1mnull[22m
GoTrueClient@sb-bgxknceshxxifwytalex-auth-token:0 (2.93.3) 2026-02-02T15:20:00.913Z #__loadSession() end

[90mstdout[2m | tests/property/scoped-roles-processing-efficiency.test.ts[2m > [22m[2mProperty 10: Scoped Roles Processing Efficiency[2m > [22m[2mProperty 10.5: Role hierarchy cache should invalidate on role changes
[22m[39mGoTrueClient@sb-bgxknceshxxifwytalex-auth-token:0 (2.93.3) 2026-02-02T15:20:00.913Z #_useSession end

[90mstdout[2m | tests/property/scoped-roles-processing-efficiency.test.ts[2m > [22m[2mProperty 10: Scoped Roles Processing Efficiency[2m > [22m[2mProperty 10.5: Role hierarchy cache should invalidate on role changes
[22m[39mGoTrueClient@sb-bgxknceshxxifwytalex-auth-token:0 (2.93.3) 2026-02-02T15:20:00.913Z #_acquireLock lock released for storage key sb-bgxknceshxxifwytalex-auth-token

[90mstdout[2m | tests/property/scoped-roles-processing-efficiency.test.ts[2m > [22m[2mProperty 10: Scoped Roles Processing Efficiency[2m > [22m[2mProperty 10.5: Role hierarchy cache should invalidate on role changes
[22m[39mGoTrueClient@sb-bgxknceshxxifwytalex-auth-token:0 (2.93.3) 2026-02-02T15:20:00.913Z #_acquireLock end

stderr | tests/property/scoped-roles-processing-efficiency.test.ts > Property 10: Scoped Roles Processing Efficiency > Property 10.5: Role hierarchy cache should invalidate on role changes
Error fetching org roles: {
  code: 'PGRST200',
  details: "Searched for a foreign key relationship between 'org_roles' and 'user_profiles' in the schema 'public', but no matches were found.",
  hint: null,
  message: "Could not find a relationship between 'org_roles' and 'user_profiles' in the schema cache"
}

[90mstdout[2m | tests/property/scoped-roles-processing-efficiency.test.ts[2m > [22m[2mProperty 10: Scoped Roles Processing Efficiency[2m > [22m[2mProperty 10.5: Role hierarchy cache should invalidate on role changes
[22m[39mGoTrueClient@sb-bgxknceshxxifwytalex-auth-token:0 (2.93.3) 2026-02-02T15:20:00.916Z #_acquireLock begin [33m10000[39m
GoTrueClient@sb-bgxknceshxxifwytalex-auth-token:0 (2.93.3) 2026-02-02T15:20:00.916Z #_acquireLock lock acquired for storage key sb-bgxknceshxxifwytalex-auth-token
GoTrueClient@sb-bgxknceshxxifwytalex-auth-token:0 (2.93.3) 2026-02-02T15:20:00.916Z #_useSession begin
GoTrueClient@sb-bgxknceshxxifwytalex-auth-token:0 (2.93.3) 2026-02-02T15:20:00.916Z #__loadSession() begin

[90mstdout[2m | tests/property/scoped-roles-processing-efficiency.test.ts[2m > [22m[2mProperty 10: Scoped Roles Processing Efficiency[2m > [22m[2mProperty 10.5: Role hierarchy cache should invalidate on role changes
[22m[39mGoTrueClient@sb-bgxknceshxxifwytalex-auth-token:0 (2.93.3) 2026-02-02T15:20:00.916Z #getSession() session from storage [1mnull[22m
GoTrueClient@sb-bgxknceshxxifwytalex-auth-token:0 (2.93.3) 2026-02-02T15:20:00.916Z #__loadSession() end

[90mstdout[2m | tests/property/scoped-roles-processing-efficiency.test.ts[2m > [22m[2mProperty 10: Scoped Roles Processing Efficiency[2m > [22m[2mProperty 10.5: Role hierarchy cache should invalidate on role changes
[22m[39mGoTrueClient@sb-bgxknceshxxifwytalex-auth-token:0 (2.93.3) 2026-02-02T15:20:00.917Z #_useSession end

[90mstdout[2m | tests/property/scoped-roles-processing-efficiency.test.ts[2m > [22m[2mProperty 10: Scoped Roles Processing Efficiency[2m > [22m[2mProperty 10.5: Role hierarchy cache should invalidate on role changes
[22m[39mGoTrueClient@sb-bgxknceshxxifwytalex-auth-token:0 (2.93.3) 2026-02-02T15:20:00.917Z #_acquireLock lock released for storage key sb-bgxknceshxxifwytalex-auth-token

[90mstdout[2m | tests/property/scoped-roles-processing-efficiency.test.ts[2m > [22m[2mProperty 10: Scoped Roles Processing Efficiency[2m > [22m[2mProperty 10.5: Role hierarchy cache should invalidate on role changes
[22m[39mGoTrueClient@sb-bgxknceshxxifwytalex-auth-token:0 (2.93.3) 2026-02-02T15:20:00.917Z #_acquireLock end

[90mstdout[2m | tests/property/scoped-roles-processing-efficiency.test.ts[2m > [22m[2mProperty 10: Scoped Roles Processing Efficiency[2m > [22m[2mProperty 10.5: Role hierarchy cache should invalidate on role changes
[22m[39mGoTrueClient@sb-bgxknceshxxifwytalex-auth-token:0 (2.93.3) 2026-02-02T15:20:00.940Z #_acquireLock begin [33m10000[39m
GoTrueClient@sb-bgxknceshxxifwytalex-auth-token:0 (2.93.3) 2026-02-02T15:20:00.940Z #_acquireLock lock acquired for storage key sb-bgxknceshxxifwytalex-auth-token
GoTrueClient@sb-bgxknceshxxifwytalex-auth-token:0 (2.93.3) 2026-02-02T15:20:00.940Z #_useSession begin
GoTrueClient@sb-bgxknceshxxifwytalex-auth-token:0 (2.93.3) 2026-02-02T15:20:00.940Z #__loadSession() begin

[90mstdout[2m | tests/property/scoped-roles-processing-efficiency.test.ts[2m > [22m[2mProperty 10: Scoped Roles Processing Efficiency[2m > [22m[2mProperty 10.5: Role hierarchy cache should invalidate on role changes
[22m[39mGoTrueClient@sb-bgxknceshxxifwytalex-auth-token:0 (2.93.3) 2026-02-02T15:20:00.940Z #getSession() session from storage [1mnull[22m
GoTrueClient@sb-bgxknceshxxifwytalex-auth-token:0 (2.93.3) 2026-02-02T15:20:00.941Z #__loadSession() end

[90mstdout[2m | tests/property/scoped-roles-processing-efficiency.test.ts[2m > [22m[2mProperty 10: Scoped Roles Processing Efficiency[2m > [22m[2mProperty 10.5: Role hierarchy cache should invalidate on role changes
[22m[39mGoTrueClient@sb-bgxknceshxxifwytalex-auth-token:0 (2.93.3) 2026-02-02T15:20:00.941Z #_useSession end

[90mstdout[2m | tests/property/scoped-roles-processing-efficiency.test.ts[2m > [22m[2mProperty 10: Scoped Roles Processing Efficiency[2m > [22m[2mProperty 10.5: Role hierarchy cache should invalidate on role changes
[22m[39mGoTrueClient@sb-bgxknceshxxifwytalex-auth-token:0 (2.93.3) 2026-02-02T15:20:00.941Z #_acquireLock lock released for storage key sb-bgxknceshxxifwytalex-auth-token

[90mstdout[2m | tests/property/scoped-roles-processing-efficiency.test.ts[2m > [22m[2mProperty 10: Scoped Roles Processing Efficiency[2m > [22m[2mProperty 10.5: Role hierarchy cache should invalidate on role changes
[22m[39mGoTrueClient@sb-bgxknceshxxifwytalex-auth-token:0 (2.93.3) 2026-02-02T15:20:00.941Z #_acquireLock end

[90mstdout[2m | tests/property/scoped-roles-processing-efficiency.test.ts[2m > [22m[2mProperty 10: Scoped Roles Processing Efficiency[2m > [22m[2mProperty 10.5: Role hierarchy cache should invalidate on role changes
[22m[39mGoTrueClient@sb-bgxknceshxxifwytalex-auth-token:0 (2.93.3) 2026-02-02T15:20:01.033Z #_acquireLock begin [33m10000[39m
GoTrueClient@sb-bgxknceshxxifwytalex-auth-token:0 (2.93.3) 2026-02-02T15:20:01.033Z #_acquireLock lock acquired for storage key sb-bgxknceshxxifwytalex-auth-token
GoTrueClient@sb-bgxknceshxxifwytalex-auth-token:0 (2.93.3) 2026-02-02T15:20:01.033Z #_useSession begin
GoTrueClient@sb-bgxknceshxxifwytalex-auth-token:0 (2.93.3) 2026-02-02T15:20:01.033Z #__loadSession() begin

[90mstdout[2m | tests/property/scoped-roles-processing-efficiency.test.ts[2m > [22m[2mProperty 10: Scoped Roles Processing Efficiency[2m > [22m[2mProperty 10.5: Role hierarchy cache should invalidate on role changes
[22m[39mGoTrueClient@sb-bgxknceshxxifwytalex-auth-token:0 (2.93.3) 2026-02-02T15:20:01.034Z #getSession() session from storage [1mnull[22m
GoTrueClient@sb-bgxknceshxxifwytalex-auth-token:0 (2.93.3) 2026-02-02T15:20:01.034Z #__loadSession() end

[90mstdout[2m | tests/property/scoped-roles-processing-efficiency.test.ts[2m > [22m[2mProperty 10: Scoped Roles Processing Efficiency[2m > [22m[2mProperty 10.5: Role hierarchy cache should invalidate on role changes
[22m[39mGoTrueClient@sb-bgxknceshxxifwytalex-auth-token:0 (2.93.3) 2026-02-02T15:20:01.034Z #_useSession end

[90mstdout[2m | tests/property/scoped-roles-processing-efficiency.test.ts[2m > [22m[2mProperty 10: Scoped Roles Processing Efficiency[2m > [22m[2mProperty 10.5: Role hierarchy cache should invalidate on role changes
[22m[39mGoTrueClient@sb-bgxknceshxxifwytalex-auth-token:0 (2.93.3) 2026-02-02T15:20:01.034Z #_acquireLock lock released for storage key sb-bgxknceshxxifwytalex-auth-token

[90mstdout[2m | tests/property/scoped-roles-processing-efficiency.test.ts[2m > [22m[2mProperty 10: Scoped Roles Processing Efficiency[2m > [22m[2mProperty 10.5: Role hierarchy cache should invalidate on role changes
[22m[39mGoTrueClient@sb-bgxknceshxxifwytalex-auth-token:0 (2.93.3) 2026-02-02T15:20:01.034Z #_acquireLock end

[90mstdout[2m | tests/property/scoped-roles-processing-efficiency.test.ts[2m > [22m[2mProperty 10: Scoped Roles Processing Efficiency[2m > [22m[2mProperty 10.5: Role hierarchy cache should invalidate on role changes
[22m[39mGoTrueClient@sb-bgxknceshxxifwytalex-auth-token:0 (2.93.3) 2026-02-02T15:20:01.091Z #_acquireLock begin [33m10000[39m
GoTrueClient@sb-bgxknceshxxifwytalex-auth-token:0 (2.93.3) 2026-02-02T15:20:01.092Z #_acquireLock lock acquired for storage key sb-bgxknceshxxifwytalex-auth-token
GoTrueClient@sb-bgxknceshxxifwytalex-auth-token:0 (2.93.3) 2026-02-02T15:20:01.092Z #_useSession begin
GoTrueClient@sb-bgxknceshxxifwytalex-auth-token:0 (2.93.3) 2026-02-02T15:20:01.092Z #__loadSession() begin

[90mstdout[2m | tests/property/scoped-roles-processing-efficiency.test.ts[2m > [22m[2mProperty 10: Scoped Roles Processing Efficiency[2m > [22m[2mProperty 10.5: Role hierarchy cache should invalidate on role changes
[22m[39mGoTrueClient@sb-bgxknceshxxifwytalex-auth-token:0 (2.93.3) 2026-02-02T15:20:01.092Z #getSession() session from storage [1mnull[22m
GoTrueClient@sb-bgxknceshxxifwytalex-auth-token:0 (2.93.3) 2026-02-02T15:20:01.092Z #__loadSession() end

[90mstdout[2m | tests/property/scoped-roles-processing-efficiency.test.ts[2m > [22m[2mProperty 10: Scoped Roles Processing Efficiency[2m > [22m[2mProperty 10.5: Role hierarchy cache should invalidate on role changes
[22m[39mGoTrueClient@sb-bgxknceshxxifwytalex-auth-token:0 (2.93.3) 2026-02-02T15:20:01.092Z #_useSession end

[90mstdout[2m | tests/property/scoped-roles-processing-efficiency.test.ts[2m > [22m[2mProperty 10: Scoped Roles Processing Efficiency[2m > [22m[2mProperty 10.5: Role hierarchy cache should invalidate on role changes
[22m[39mGoTrueClient@sb-bgxknceshxxifwytalex-auth-token:0 (2.93.3) 2026-02-02T15:20:01.093Z #_acquireLock lock released for storage key sb-bgxknceshxxifwytalex-auth-token

[90mstdout[2m | tests/property/scoped-roles-processing-efficiency.test.ts[2m > [22m[2mProperty 10: Scoped Roles Processing Efficiency[2m > [22m[2mProperty 10.5: Role hierarchy cache should invalidate on role changes
[22m[39mGoTrueClient@sb-bgxknceshxxifwytalex-auth-token:0 (2.93.3) 2026-02-02T15:20:01.093Z #_acquireLock end

stderr | tests/property/scoped-roles-processing-efficiency.test.ts > Property 10: Scoped Roles Processing Efficiency > Property 10.5: Role hierarchy cache should invalidate on role changes
Error fetching project roles: {
  code: 'PGRST200',
  details: "Searched for a foreign key relationship between 'project_roles' and 'user_profiles' in the schema 'public', but no matches were found.",
  hint: null,
  message: "Could not find a relationship between 'project_roles' and 'user_profiles' in the schema cache"
}

[90mstdout[2m | tests/property/scoped-roles-processing-efficiency.test.ts[2m > [22m[2mProperty 10: Scoped Roles Processing Efficiency[2m > [22m[2mProperty 10.5: Role hierarchy cache should invalidate on role changes
[22m[39mGoTrueClient@sb-bgxknceshxxifwytalex-auth-token:0 (2.93.3) 2026-02-02T15:20:01.126Z #_acquireLock begin [33m10000[39m
GoTrueClient@sb-bgxknceshxxifwytalex-auth-token:0 (2.93.3) 2026-02-02T15:20:01.126Z #_acquireLock lock acquired for storage key sb-bgxknceshxxifwytalex-auth-token
GoTrueClient@sb-bgxknceshxxifwytalex-auth-token:0 (2.93.3) 2026-02-02T15:20:01.126Z #_useSession begin
GoTrueClient@sb-bgxknceshxxifwytalex-auth-token:0 (2.93.3) 2026-02-02T15:20:01.126Z #__loadSession() begin

[90mstdout[2m | tests/property/scoped-roles-processing-efficiency.test.ts[2m > [22m[2mProperty 10: Scoped Roles Processing Efficiency[2m > [22m[2mProperty 10.5: Role hierarchy cache should invalidate on role changes
[22m[39mGoTrueClient@sb-bgxknceshxxifwytalex-auth-token:0 (2.93.3) 2026-02-02T15:20:01.126Z #getSession() session from storage [1mnull[22m
GoTrueClient@sb-bgxknceshxxifwytalex-auth-token:0 (2.93.3) 2026-02-02T15:20:01.126Z #__loadSession() end

[90mstdout[2m | tests/property/scoped-roles-processing-efficiency.test.ts[2m > [22m[2mProperty 10: Scoped Roles Processing Efficiency[2m > [22m[2mProperty 10.5: Role hierarchy cache should invalidate on role changes
[22m[39mGoTrueClient@sb-bgxknceshxxifwytalex-auth-token:0 (2.93.3) 2026-02-02T15:20:01.126Z #_useSession end

[90mstdout[2m | tests/property/scoped-roles-processing-efficiency.test.ts[2m > [22m[2mProperty 10: Scoped Roles Processing Efficiency[2m > [22m[2mProperty 10.5: Role hierarchy cache should invalidate on role changes
[22m[39mGoTrueClient@sb-bgxknceshxxifwytalex-auth-token:0 (2.93.3) 2026-02-02T15:20:01.126Z #_acquireLock lock released for storage key sb-bgxknceshxxifwytalex-auth-token

[90mstdout[2m | tests/property/scoped-roles-processing-efficiency.test.ts[2m > [22m[2mProperty 10: Scoped Roles Processing Efficiency[2m > [22m[2mProperty 10.5: Role hierarchy cache should invalidate on role changes
[22m[39mGoTrueClient@sb-bgxknceshxxifwytalex-auth-token:0 (2.93.3) 2026-02-02T15:20:01.126Z #_acquireLock end

stderr | tests/property/scoped-roles-processing-efficiency.test.ts > Property 10: Scoped Roles Processing Efficiency > Property 10.5: Role hierarchy cache should invalidate on role changes
Error fetching org roles: {
  code: 'PGRST200',
  details: "Searched for a foreign key relationship between 'org_roles' and 'user_profiles' in the schema 'public', but no matches were found.",
  hint: null,
  message: "Could not find a relationship between 'org_roles' and 'user_profiles' in the schema cache"
}

[90mstdout[2m | tests/property/scoped-roles-processing-efficiency.test.ts[2m > [22m[2mProperty 10: Scoped Roles Processing Efficiency[2m > [22m[2mProperty 10.5: Role hierarchy cache should invalidate on role changes
[22m[39mGoTrueClient@sb-bgxknceshxxifwytalex-auth-token:0 (2.93.3) 2026-02-02T15:20:01.130Z #_acquireLock begin [33m10000[39m
GoTrueClient@sb-bgxknceshxxifwytalex-auth-token:0 (2.93.3) 2026-02-02T15:20:01.130Z #_acquireLock lock acquired for storage key sb-bgxknceshxxifwytalex-auth-token
GoTrueClient@sb-bgxknceshxxifwytalex-auth-token:0 (2.93.3) 2026-02-02T15:20:01.130Z #_useSession begin
GoTrueClient@sb-bgxknceshxxifwytalex-auth-token:0 (2.93.3) 2026-02-02T15:20:01.130Z #__loadSession() begin

[90mstdout[2m | tests/property/scoped-roles-processing-efficiency.test.ts[2m > [22m[2mProperty 10: Scoped Roles Processing Efficiency[2m > [22m[2mProperty 10.5: Role hierarchy cache should invalidate on role changes
[22m[39mGoTrueClient@sb-bgxknceshxxifwytalex-auth-token:0 (2.93.3) 2026-02-02T15:20:01.130Z #getSession() session from storage [1mnull[22m
GoTrueClient@sb-bgxknceshxxifwytalex-auth-token:0 (2.93.3) 2026-02-02T15:20:01.130Z #__loadSession() end

[90mstdout[2m | tests/property/scoped-roles-processing-efficiency.test.ts[2m > [22m[2mProperty 10: Scoped Roles Processing Efficiency[2m > [22m[2mProperty 10.5: Role hierarchy cache should invalidate on role changes
[22m[39mGoTrueClient@sb-bgxknceshxxifwytalex-auth-token:0 (2.93.3) 2026-02-02T15:20:01.130Z #_useSession end

[90mstdout[2m | tests/property/scoped-roles-processing-efficiency.test.ts[2m > [22m[2mProperty 10: Scoped Roles Processing Efficiency[2m > [22m[2mProperty 10.5: Role hierarchy cache should invalidate on role changes
[22m[39mGoTrueClient@sb-bgxknceshxxifwytalex-auth-token:0 (2.93.3) 2026-02-02T15:20:01.130Z #_acquireLock lock released for storage key sb-bgxknceshxxifwytalex-auth-token

[90mstdout[2m | tests/property/scoped-roles-processing-efficiency.test.ts[2m > [22m[2mProperty 10: Scoped Roles Processing Efficiency[2m > [22m[2mProperty 10.5: Role hierarchy cache should invalidate on role changes
[22m[39mGoTrueClient@sb-bgxknceshxxifwytalex-auth-token:0 (2.93.3) 2026-02-02T15:20:01.130Z #_acquireLock end

[90mstdout[2m | tests/property/scoped-roles-processing-efficiency.test.ts[2m > [22m[2mProperty 10: Scoped Roles Processing Efficiency[2m > [22m[2mProperty 10.5: Role hierarchy cache should invalidate on role changes
[22m[39mGoTrueClient@sb-bgxknceshxxifwytalex-auth-token:0 (2.93.3) 2026-02-02T15:20:01.149Z #_acquireLock begin [33m10000[39m
GoTrueClient@sb-bgxknceshxxifwytalex-auth-token:0 (2.93.3) 2026-02-02T15:20:01.149Z #_acquireLock lock acquired for storage key sb-bgxknceshxxifwytalex-auth-token
GoTrueClient@sb-bgxknceshxxifwytalex-auth-token:0 (2.93.3) 2026-02-02T15:20:01.149Z #_useSession begin
GoTrueClient@sb-bgxknceshxxifwytalex-auth-token:0 (2.93.3) 2026-02-02T15:20:01.149Z #__loadSession() begin

[90mstdout[2m | tests/property/scoped-roles-processing-efficiency.test.ts[2m > [22m[2mProperty 10: Scoped Roles Processing Efficiency[2m > [22m[2mProperty 10.5: Role hierarchy cache should invalidate on role changes
[22m[39mGoTrueClient@sb-bgxknceshxxifwytalex-auth-token:0 (2.93.3) 2026-02-02T15:20:01.149Z #getSession() session from storage [1mnull[22m
GoTrueClient@sb-bgxknceshxxifwytalex-auth-token:0 (2.93.3) 2026-02-02T15:20:01.149Z #__loadSession() end

[90mstdout[2m | tests/property/scoped-roles-processing-efficiency.test.ts[2m > [22m[2mProperty 10: Scoped Roles Processing Efficiency[2m > [22m[2mProperty 10.5: Role hierarchy cache should invalidate on role changes
[22m[39mGoTrueClient@sb-bgxknceshxxifwytalex-auth-token:0 (2.93.3) 2026-02-02T15:20:01.149Z #_useSession end

[90mstdout[2m | tests/property/scoped-roles-processing-efficiency.test.ts[2m > [22m[2mProperty 10: Scoped Roles Processing Efficiency[2m > [22m[2mProperty 10.5: Role hierarchy cache should invalidate on role changes
[22m[39mGoTrueClient@sb-bgxknceshxxifwytalex-auth-token:0 (2.93.3) 2026-02-02T15:20:01.149Z #_acquireLock lock released for storage key sb-bgxknceshxxifwytalex-auth-token

[90mstdout[2m | tests/property/scoped-roles-processing-efficiency.test.ts[2m > [22m[2mProperty 10: Scoped Roles Processing Efficiency[2m > [22m[2mProperty 10.5: Role hierarchy cache should invalidate on role changes
[22m[39mGoTrueClient@sb-bgxknceshxxifwytalex-auth-token:0 (2.93.3) 2026-02-02T15:20:01.150Z #_acquireLock end

stderr | tests/property/scoped-roles-processing-efficiency.test.ts > Property 10: Scoped Roles Processing Efficiency > Property 10.5: Role hierarchy cache should invalidate on role changes
Error fetching project roles: {
  code: 'PGRST200',
  details: "Searched for a foreign key relationship between 'project_roles' and 'user_profiles' in the schema 'public', but no matches were found.",
  hint: null,
  message: "Could not find a relationship between 'project_roles' and 'user_profiles' in the schema cache"
}

[90mstdout[2m | tests/property/scoped-roles-processing-efficiency.test.ts[2m > [22m[2mProperty 10: Scoped Roles Processing Efficiency[2m > [22m[2mProperty 10.5: Role hierarchy cache should invalidate on role changes
[22m[39mGoTrueClient@sb-bgxknceshxxifwytalex-auth-token:0 (2.93.3) 2026-02-02T15:20:01.238Z #_acquireLock begin [33m10000[39m
GoTrueClient@sb-bgxknceshxxifwytalex-auth-token:0 (2.93.3) 2026-02-02T15:20:01.238Z #_acquireLock lock acquired for storage key sb-bgxknceshxxifwytalex-auth-token
GoTrueClient@sb-bgxknceshxxifwytalex-auth-token:0 (2.93.3) 2026-02-02T15:20:01.238Z #_useSession begin
GoTrueClient@sb-bgxknceshxxifwytalex-auth-token:0 (2.93.3) 2026-02-02T15:20:01.238Z #__loadSession() begin

[90mstdout[2m | tests/property/scoped-roles-processing-efficiency.test.ts[2m > [22m[2mProperty 10: Scoped Roles Processing Efficiency[2m > [22m[2mProperty 10.5: Role hierarchy cache should invalidate on role changes
[22m[39mGoTrueClient@sb-bgxknceshxxifwytalex-auth-token:0 (2.93.3) 2026-02-02T15:20:01.239Z #getSession() session from storage [1mnull[22m
GoTrueClient@sb-bgxknceshxxifwytalex-auth-token:0 (2.93.3) 2026-02-02T15:20:01.239Z #__loadSession() end

[90mstdout[2m | tests/property/scoped-roles-processing-efficiency.test.ts[2m > [22m[2mProperty 10: Scoped Roles Processing Efficiency[2m > [22m[2mProperty 10.5: Role hierarchy cache should invalidate on role changes
[22m[39mGoTrueClient@sb-bgxknceshxxifwytalex-auth-token:0 (2.93.3) 2026-02-02T15:20:01.239Z #_useSession end

[90mstdout[2m | tests/property/scoped-roles-processing-efficiency.test.ts[2m > [22m[2mProperty 10: Scoped Roles Processing Efficiency[2m > [22m[2mProperty 10.5: Role hierarchy cache should invalidate on role changes
[22m[39mGoTrueClient@sb-bgxknceshxxifwytalex-auth-token:0 (2.93.3) 2026-02-02T15:20:01.239Z #_acquireLock lock released for storage key sb-bgxknceshxxifwytalex-auth-token

[90mstdout[2m | tests/property/scoped-roles-processing-efficiency.test.ts[2m > [22m[2mProperty 10: Scoped Roles Processing Efficiency[2m > [22m[2mProperty 10.5: Role hierarchy cache should invalidate on role changes
[22m[39mGoTrueClient@sb-bgxknceshxxifwytalex-auth-token:0 (2.93.3) 2026-02-02T15:20:01.239Z #_acquireLock end

[90mstdout[2m | tests/property/scoped-roles-processing-efficiency.test.ts[2m > [22m[2mProperty 10: Scoped Roles Processing Efficiency[2m > [22m[2mProperty 10.5: Role hierarchy cache should invalidate on role changes
[22m[39mGoTrueClient@sb-bgxknceshxxifwytalex-auth-token:0 (2.93.3) 2026-02-02T15:20:01.309Z #_acquireLock begin [33m10000[39m
GoTrueClient@sb-bgxknceshxxifwytalex-auth-token:0 (2.93.3) 2026-02-02T15:20:01.309Z #_acquireLock lock acquired for storage key sb-bgxknceshxxifwytalex-auth-token
GoTrueClient@sb-bgxknceshxxifwytalex-auth-token:0 (2.93.3) 2026-02-02T15:20:01.309Z #_useSession begin
GoTrueClient@sb-bgxknceshxxifwytalex-auth-token:0 (2.93.3) 2026-02-02T15:20:01.309Z #__loadSession() begin

[90mstdout[2m | tests/property/scoped-roles-processing-efficiency.test.ts[2m > [22m[2mProperty 10: Scoped Roles Processing Efficiency[2m > [22m[2mProperty 10.5: Role hierarchy cache should invalidate on role changes
[22m[39mGoTrueClient@sb-bgxknceshxxifwytalex-auth-token:0 (2.93.3) 2026-02-02T15:20:01.309Z #getSession() session from storage [1mnull[22m
GoTrueClient@sb-bgxknceshxxifwytalex-auth-token:0 (2.93.3) 2026-02-02T15:20:01.309Z #__loadSession() end

[90mstdout[2m | tests/property/scoped-roles-processing-efficiency.test.ts[2m > [22m[2mProperty 10: Scoped Roles Processing Efficiency[2m > [22m[2mProperty 10.5: Role hierarchy cache should invalidate on role changes
[22m[39mGoTrueClient@sb-bgxknceshxxifwytalex-auth-token:0 (2.93.3) 2026-02-02T15:20:01.310Z #_useSession end

[90mstdout[2m | tests/property/scoped-roles-processing-efficiency.test.ts[2m > [22m[2mProperty 10: Scoped Roles Processing Efficiency[2m > [22m[2mProperty 10.5: Role hierarchy cache should invalidate on role changes
[22m[39mGoTrueClient@sb-bgxknceshxxifwytalex-auth-token:0 (2.93.3) 2026-02-02T15:20:01.310Z #_acquireLock lock released for storage key sb-bgxknceshxxifwytalex-auth-token

[90mstdout[2m | tests/property/scoped-roles-processing-efficiency.test.ts[2m > [22m[2mProperty 10: Scoped Roles Processing Efficiency[2m > [22m[2mProperty 10.5: Role hierarchy cache should invalidate on role changes
[22m[39mGoTrueClient@sb-bgxknceshxxifwytalex-auth-token:0 (2.93.3) 2026-02-02T15:20:01.310Z #_acquireLock end

stderr | tests/property/scoped-roles-processing-efficiency.test.ts > Property 10: Scoped Roles Processing Efficiency > Property 10.5: Role hierarchy cache should invalidate on role changes
Error fetching project roles: {
  code: 'PGRST200',
  details: "Searched for a foreign key relationship between 'project_roles' and 'user_profiles' in the schema 'public', but no matches were found.",
  hint: null,
  message: "Could not find a relationship between 'project_roles' and 'user_profiles' in the schema cache"
}

[90mstdout[2m | tests/property/scoped-roles-processing-efficiency.test.ts[2m > [22m[2mProperty 10: Scoped Roles Processing Efficiency[2m > [22m[2mProperty 10.5: Role hierarchy cache should invalidate on role changes
[22m[39mGoTrueClient@sb-bgxknceshxxifwytalex-auth-token:0 (2.93.3) 2026-02-02T15:20:01.335Z #_acquireLock begin [33m10000[39m
GoTrueClient@sb-bgxknceshxxifwytalex-auth-token:0 (2.93.3) 2026-02-02T15:20:01.335Z #_acquireLock lock acquired for storage key sb-bgxknceshxxifwytalex-auth-token
GoTrueClient@sb-bgxknceshxxifwytalex-auth-token:0 (2.93.3) 2026-02-02T15:20:01.335Z #_useSession begin
GoTrueClient@sb-bgxknceshxxifwytalex-auth-token:0 (2.93.3) 2026-02-02T15:20:01.336Z #__loadSession() begin

[90mstdout[2m | tests/property/scoped-roles-processing-efficiency.test.ts[2m > [22m[2mProperty 10: Scoped Roles Processing Efficiency[2m > [22m[2mProperty 10.5: Role hierarchy cache should invalidate on role changes
[22m[39mGoTrueClient@sb-bgxknceshxxifwytalex-auth-token:0 (2.93.3) 2026-02-02T15:20:01.336Z #getSession() session from storage [1mnull[22m
GoTrueClient@sb-bgxknceshxxifwytalex-auth-token:0 (2.93.3) 2026-02-02T15:20:01.336Z #__loadSession() end

[90mstdout[2m | tests/property/scoped-roles-processing-efficiency.test.ts[2m > [22m[2mProperty 10: Scoped Roles Processing Efficiency[2m > [22m[2mProperty 10.5: Role hierarchy cache should invalidate on role changes
[22m[39mGoTrueClient@sb-bgxknceshxxifwytalex-auth-token:0 (2.93.3) 2026-02-02T15:20:01.336Z #_useSession end

[90mstdout[2m | tests/property/scoped-roles-processing-efficiency.test.ts[2m > [22m[2mProperty 10: Scoped Roles Processing Efficiency[2m > [22m[2mProperty 10.5: Role hierarchy cache should invalidate on role changes
[22m[39mGoTrueClient@sb-bgxknceshxxifwytalex-auth-token:0 (2.93.3) 2026-02-02T15:20:01.336Z #_acquireLock lock released for storage key sb-bgxknceshxxifwytalex-auth-token

[90mstdout[2m | tests/property/scoped-roles-processing-efficiency.test.ts[2m > [22m[2mProperty 10: Scoped Roles Processing Efficiency[2m > [22m[2mProperty 10.5: Role hierarchy cache should invalidate on role changes
[22m[39mGoTrueClient@sb-bgxknceshxxifwytalex-auth-token:0 (2.93.3) 2026-02-02T15:20:01.336Z #_acquireLock end

stderr | tests/property/scoped-roles-processing-efficiency.test.ts > Property 10: Scoped Roles Processing Efficiency > Property 10.5: Role hierarchy cache should invalidate on role changes
Error fetching org roles: {
  code: 'PGRST200',
  details: "Searched for a foreign key relationship between 'org_roles' and 'user_profiles' in the schema 'public', but no matches were found.",
  hint: null,
  message: "Could not find a relationship between 'org_roles' and 'user_profiles' in the schema cache"
}

[90mstdout[2m | tests/property/scoped-roles-processing-efficiency.test.ts[2m > [22m[2mProperty 10: Scoped Roles Processing Efficiency[2m > [22m[2mProperty 10.5: Role hierarchy cache should invalidate on role changes
[22m[39mGoTrueClient@sb-bgxknceshxxifwytalex-auth-token:0 (2.93.3) 2026-02-02T15:20:01.347Z #_acquireLock begin [33m10000[39m
GoTrueClient@sb-bgxknceshxxifwytalex-auth-token:0 (2.93.3) 2026-02-02T15:20:01.348Z #_acquireLock lock acquired for storage key sb-bgxknceshxxifwytalex-auth-token
GoTrueClient@sb-bgxknceshxxifwytalex-auth-token:0 (2.93.3) 2026-02-02T15:20:01.348Z #_useSession begin
GoTrueClient@sb-bgxknceshxxifwytalex-auth-token:0 (2.93.3) 2026-02-02T15:20:01.348Z #__loadSession() begin

[90mstdout[2m | tests/property/scoped-roles-processing-efficiency.test.ts[2m > [22m[2mProperty 10: Scoped Roles Processing Efficiency[2m > [22m[2mProperty 10.5: Role hierarchy cache should invalidate on role changes
[22m[39mGoTrueClient@sb-bgxknceshxxifwytalex-auth-token:0 (2.93.3) 2026-02-02T15:20:01.348Z #getSession() session from storage [1mnull[22m
GoTrueClient@sb-bgxknceshxxifwytalex-auth-token:0 (2.93.3) 2026-02-02T15:20:01.348Z #__loadSession() end

[90mstdout[2m | tests/property/scoped-roles-processing-efficiency.test.ts[2m > [22m[2mProperty 10: Scoped Roles Processing Efficiency[2m > [22m[2mProperty 10.5: Role hierarchy cache should invalidate on role changes
[22m[39mGoTrueClient@sb-bgxknceshxxifwytalex-auth-token:0 (2.93.3) 2026-02-02T15:20:01.348Z #_useSession end

[90mstdout[2m | tests/property/scoped-roles-processing-efficiency.test.ts[2m > [22m[2mProperty 10: Scoped Roles Processing Efficiency[2m > [22m[2mProperty 10.5: Role hierarchy cache should invalidate on role changes
[22m[39mGoTrueClient@sb-bgxknceshxxifwytalex-auth-token:0 (2.93.3) 2026-02-02T15:20:01.348Z #_acquireLock lock released for storage key sb-bgxknceshxxifwytalex-auth-token

[90mstdout[2m | tests/property/scoped-roles-processing-efficiency.test.ts[2m > [22m[2mProperty 10: Scoped Roles Processing Efficiency[2m > [22m[2mProperty 10.5: Role hierarchy cache should invalidate on role changes
[22m[39mGoTrueClient@sb-bgxknceshxxifwytalex-auth-token:0 (2.93.3) 2026-02-02T15:20:01.348Z #_acquireLock end

stderr | tests/property/scoped-roles-processing-efficiency.test.ts > Property 10: Scoped Roles Processing Efficiency > Property 10.5: Role hierarchy cache should invalidate on role changes
Error fetching org roles: {
  code: 'PGRST200',
  details: "Searched for a foreign key relationship between 'org_roles' and 'user_profiles' in the schema 'public', but no matches were found.",
  hint: null,
  message: "Could not find a relationship between 'org_roles' and 'user_profiles' in the schema cache"
}

[90mstdout[2m | tests/property/scoped-roles-processing-efficiency.test.ts[2m > [22m[2mProperty 10: Scoped Roles Processing Efficiency[2m > [22m[2mProperty 10.5: Role hierarchy cache should invalidate on role changes
[22m[39mGoTrueClient@sb-bgxknceshxxifwytalex-auth-token:0 (2.93.3) 2026-02-02T15:20:01.350Z #_acquireLock begin [33m10000[39m
GoTrueClient@sb-bgxknceshxxifwytalex-auth-token:0 (2.93.3) 2026-02-02T15:20:01.350Z #_acquireLock lock acquired for storage key sb-bgxknceshxxifwytalex-auth-token
GoTrueClient@sb-bgxknceshxxifwytalex-auth-token:0 (2.93.3) 2026-02-02T15:20:01.350Z #_useSession begin
GoTrueClient@sb-bgxknceshxxifwytalex-auth-token:0 (2.93.3) 2026-02-02T15:20:01.350Z #__loadSession() begin

[90mstdout[2m | tests/property/scoped-roles-processing-efficiency.test.ts[2m > [22m[2mProperty 10: Scoped Roles Processing Efficiency[2m > [22m[2mProperty 10.5: Role hierarchy cache should invalidate on role changes
[22m[39mGoTrueClient@sb-bgxknceshxxifwytalex-auth-token:0 (2.93.3) 2026-02-02T15:20:01.350Z #getSession() session from storage [1mnull[22m
GoTrueClient@sb-bgxknceshxxifwytalex-auth-token:0 (2.93.3) 2026-02-02T15:20:01.350Z #__loadSession() end

[90mstdout[2m | tests/property/scoped-roles-processing-efficiency.test.ts[2m > [22m[2mProperty 10: Scoped Roles Processing Efficiency[2m > [22m[2mProperty 10.5: Role hierarchy cache should invalidate on role changes
[22m[39mGoTrueClient@sb-bgxknceshxxifwytalex-auth-token:0 (2.93.3) 2026-02-02T15:20:01.350Z #_useSession end

[90mstdout[2m | tests/property/scoped-roles-processing-efficiency.test.ts[2m > [22m[2mProperty 10: Scoped Roles Processing Efficiency[2m > [22m[2mProperty 10.5: Role hierarchy cache should invalidate on role changes
[22m[39mGoTrueClient@sb-bgxknceshxxifwytalex-auth-token:0 (2.93.3) 2026-02-02T15:20:01.350Z #_acquireLock lock released for storage key sb-bgxknceshxxifwytalex-auth-token

[90mstdout[2m | tests/property/scoped-roles-processing-efficiency.test.ts[2m > [22m[2mProperty 10: Scoped Roles Processing Efficiency[2m > [22m[2mProperty 10.5: Role hierarchy cache should invalidate on role changes
[22m[39mGoTrueClient@sb-bgxknceshxxifwytalex-auth-token:0 (2.93.3) 2026-02-02T15:20:01.350Z #_acquireLock end

stderr | tests/property/scoped-roles-processing-efficiency.test.ts > Property 10: Scoped Roles Processing Efficiency > Property 10.5: Role hierarchy cache should invalidate on role changes
Error fetching org roles: {
  code: 'PGRST200',
  details: "Searched for a foreign key relationship between 'org_roles' and 'user_profiles' in the schema 'public', but no matches were found.",
  hint: null,
  message: "Could not find a relationship between 'org_roles' and 'user_profiles' in the schema cache"
}

[90mstdout[2m | tests/property/scoped-roles-processing-efficiency.test.ts[2m > [22m[2mProperty 10: Scoped Roles Processing Efficiency[2m > [22m[2mProperty 10.5: Role hierarchy cache should invalidate on role changes
[22m[39mGoTrueClient@sb-bgxknceshxxifwytalex-auth-token:0 (2.93.3) 2026-02-02T15:20:01.444Z #_acquireLock begin [33m10000[39m
GoTrueClient@sb-bgxknceshxxifwytalex-auth-token:0 (2.93.3) 2026-02-02T15:20:01.444Z #_acquireLock lock acquired for storage key sb-bgxknceshxxifwytalex-auth-token
GoTrueClient@sb-bgxknceshxxifwytalex-auth-token:0 (2.93.3) 2026-02-02T15:20:01.444Z #_useSession begin
GoTrueClient@sb-bgxknceshxxifwytalex-auth-token:0 (2.93.3) 2026-02-02T15:20:01.444Z #__loadSession() begin

[90mstdout[2m | tests/property/scoped-roles-processing-efficiency.test.ts[2m > [22m[2mProperty 10: Scoped Roles Processing Efficiency[2m > [22m[2mProperty 10.5: Role hierarchy cache should invalidate on role changes
[22m[39mGoTrueClient@sb-bgxknceshxxifwytalex-auth-token:0 (2.93.3) 2026-02-02T15:20:01.444Z #getSession() session from storage [1mnull[22m
GoTrueClient@sb-bgxknceshxxifwytalex-auth-token:0 (2.93.3) 2026-02-02T15:20:01.444Z #__loadSession() end

[90mstdout[2m | tests/property/scoped-roles-processing-efficiency.test.ts[2m > [22m[2mProperty 10: Scoped Roles Processing Efficiency[2m > [22m[2mProperty 10.5: Role hierarchy cache should invalidate on role changes
[22m[39mGoTrueClient@sb-bgxknceshxxifwytalex-auth-token:0 (2.93.3) 2026-02-02T15:20:01.444Z #_useSession end

[90mstdout[2m | tests/property/scoped-roles-processing-efficiency.test.ts[2m > [22m[2mProperty 10: Scoped Roles Processing Efficiency[2m > [22m[2mProperty 10.5: Role hierarchy cache should invalidate on role changes
[22m[39mGoTrueClient@sb-bgxknceshxxifwytalex-auth-token:0 (2.93.3) 2026-02-02T15:20:01.444Z #_acquireLock lock released for storage key sb-bgxknceshxxifwytalex-auth-token

[90mstdout[2m | tests/property/scoped-roles-processing-efficiency.test.ts[2m > [22m[2mProperty 10: Scoped Roles Processing Efficiency[2m > [22m[2mProperty 10.5: Role hierarchy cache should invalidate on role changes
[22m[39mGoTrueClient@sb-bgxknceshxxifwytalex-auth-token:0 (2.93.3) 2026-02-02T15:20:01.444Z #_acquireLock end

[90mstdout[2m | tests/property/scoped-roles-processing-efficiency.test.ts[2m > [22m[2mProperty 10: Scoped Roles Processing Efficiency[2m > [22m[2mProperty 10.5: Role hierarchy cache should invalidate on role changes
[22m[39mGoTrueClient@sb-bgxknceshxxifwytalex-auth-token:0 (2.93.3) 2026-02-02T15:20:01.508Z #_acquireLock begin [33m10000[39m
GoTrueClient@sb-bgxknceshxxifwytalex-auth-token:0 (2.93.3) 2026-02-02T15:20:01.508Z #_acquireLock lock acquired for storage key sb-bgxknceshxxifwytalex-auth-token
GoTrueClient@sb-bgxknceshxxifwytalex-auth-token:0 (2.93.3) 2026-02-02T15:20:01.508Z #_useSession begin
GoTrueClient@sb-bgxknceshxxifwytalex-auth-token:0 (2.93.3) 2026-02-02T15:20:01.508Z #__loadSession() begin

[90mstdout[2m | tests/property/scoped-roles-processing-efficiency.test.ts[2m > [22m[2mProperty 10: Scoped Roles Processing Efficiency[2m > [22m[2mProperty 10.5: Role hierarchy cache should invalidate on role changes
[22m[39mGoTrueClient@sb-bgxknceshxxifwytalex-auth-token:0 (2.93.3) 2026-02-02T15:20:01.509Z #getSession() session from storage [1mnull[22m
GoTrueClient@sb-bgxknceshxxifwytalex-auth-token:0 (2.93.3) 2026-02-02T15:20:01.509Z #__loadSession() end

[90mstdout[2m | tests/property/scoped-roles-processing-efficiency.test.ts[2m > [22m[2mProperty 10: Scoped Roles Processing Efficiency[2m > [22m[2mProperty 10.5: Role hierarchy cache should invalidate on role changes
[22m[39mGoTrueClient@sb-bgxknceshxxifwytalex-auth-token:0 (2.93.3) 2026-02-02T15:20:01.509Z #_useSession end

[90mstdout[2m | tests/property/scoped-roles-processing-efficiency.test.ts[2m > [22m[2mProperty 10: Scoped Roles Processing Efficiency[2m > [22m[2mProperty 10.5: Role hierarchy cache should invalidate on role changes
[22m[39mGoTrueClient@sb-bgxknceshxxifwytalex-auth-token:0 (2.93.3) 2026-02-02T15:20:01.509Z #_acquireLock lock released for storage key sb-bgxknceshxxifwytalex-auth-token

[90mstdout[2m | tests/property/scoped-roles-processing-efficiency.test.ts[2m > [22m[2mProperty 10: Scoped Roles Processing Efficiency[2m > [22m[2mProperty 10.5: Role hierarchy cache should invalidate on role changes
[22m[39mGoTrueClient@sb-bgxknceshxxifwytalex-auth-token:0 (2.93.3) 2026-02-02T15:20:01.509Z #_acquireLock end

stderr | tests/property/scoped-roles-processing-efficiency.test.ts > Property 10: Scoped Roles Processing Efficiency > Property 10.5: Role hierarchy cache should invalidate on role changes
Error fetching project roles: {
  code: 'PGRST200',
  details: "Searched for a foreign key relationship between 'project_roles' and 'user_profiles' in the schema 'public', but no matches were found.",
  hint: null,
  message: "Could not find a relationship between 'project_roles' and 'user_profiles' in the schema cache"
}

[90mstdout[2m | tests/property/scoped-roles-processing-efficiency.test.ts[2m > [22m[2mProperty 10: Scoped Roles Processing Efficiency[2m > [22m[2mProperty 10.5: Role hierarchy cache should invalidate on role changes
[22m[39mGoTrueClient@sb-bgxknceshxxifwytalex-auth-token:0 (2.93.3) 2026-02-02T15:20:01.561Z #_acquireLock begin [33m10000[39m
GoTrueClient@sb-bgxknceshxxifwytalex-auth-token:0 (2.93.3) 2026-02-02T15:20:01.561Z #_acquireLock lock acquired for storage key sb-bgxknceshxxifwytalex-auth-token
GoTrueClient@sb-bgxknceshxxifwytalex-auth-token:0 (2.93.3) 2026-02-02T15:20:01.562Z #_useSession begin
GoTrueClient@sb-bgxknceshxxifwytalex-auth-token:0 (2.93.3) 2026-02-02T15:20:01.562Z #__loadSession() begin

[90mstdout[2m | tests/property/scoped-roles-processing-efficiency.test.ts[2m > [22m[2mProperty 10: Scoped Roles Processing Efficiency[2m > [22m[2mProperty 10.5: Role hierarchy cache should invalidate on role changes
[22m[39mGoTrueClient@sb-bgxknceshxxifwytalex-auth-token:0 (2.93.3) 2026-02-02T15:20:01.562Z #getSession() session from storage [1mnull[22m
GoTrueClient@sb-bgxknceshxxifwytalex-auth-token:0 (2.93.3) 2026-02-02T15:20:01.562Z #__loadSession() end

[90mstdout[2m | tests/property/scoped-roles-processing-efficiency.test.ts[2m > [22m[2mProperty 10: Scoped Roles Processing Efficiency[2m > [22m[2mProperty 10.5: Role hierarchy cache should invalidate on role changes
[22m[39mGoTrueClient@sb-bgxknceshxxifwytalex-auth-token:0 (2.93.3) 2026-02-02T15:20:01.562Z #_useSession end

[90mstdout[2m | tests/property/scoped-roles-processing-efficiency.test.ts[2m > [22m[2mProperty 10: Scoped Roles Processing Efficiency[2m > [22m[2mProperty 10.5: Role hierarchy cache should invalidate on role changes
[22m[39mGoTrueClient@sb-bgxknceshxxifwytalex-auth-token:0 (2.93.3) 2026-02-02T15:20:01.562Z #_acquireLock lock released for storage key sb-bgxknceshxxifwytalex-auth-token

[90mstdout[2m | tests/property/scoped-roles-processing-efficiency.test.ts[2m > [22m[2mProperty 10: Scoped Roles Processing Efficiency[2m > [22m[2mProperty 10.5: Role hierarchy cache should invalidate on role changes
[22m[39mGoTrueClient@sb-bgxknceshxxifwytalex-auth-token:0 (2.93.3) 2026-02-02T15:20:01.562Z #_acquireLock end

stderr | tests/property/scoped-roles-processing-efficiency.test.ts > Property 10: Scoped Roles Processing Efficiency > Property 10.5: Role hierarchy cache should invalidate on role changes
Error fetching org roles: {
  code: 'PGRST200',
  details: "Searched for a foreign key relationship between 'org_roles' and 'user_profiles' in the schema 'public', but no matches were found.",
  hint: null,
  message: "Could not find a relationship between 'org_roles' and 'user_profiles' in the schema cache"
}

[90mstdout[2m | tests/property/scoped-roles-processing-efficiency.test.ts[2m > [22m[2mProperty 10: Scoped Roles Processing Efficiency[2m > [22m[2mProperty 10.5: Role hierarchy cache should invalidate on role changes
[22m[39mGoTrueClient@sb-bgxknceshxxifwytalex-auth-token:0 (2.93.3) 2026-02-02T15:20:01.565Z #_acquireLock begin [33m10000[39m
GoTrueClient@sb-bgxknceshxxifwytalex-auth-token:0 (2.93.3) 2026-02-02T15:20:01.566Z #_acquireLock lock acquired for storage key sb-bgxknceshxxifwytalex-auth-token
GoTrueClient@sb-bgxknceshxxifwytalex-auth-token:0 (2.93.3) 2026-02-02T15:20:01.566Z #_useSession begin
GoTrueClient@sb-bgxknceshxxifwytalex-auth-token:0 (2.93.3) 2026-02-02T15:20:01.566Z #__loadSession() begin

[90mstdout[2m | tests/property/scoped-roles-processing-efficiency.test.ts[2m > [22m[2mProperty 10: Scoped Roles Processing Efficiency[2m > [22m[2mProperty 10.5: Role hierarchy cache should invalidate on role changes
[22m[39mGoTrueClient@sb-bgxknceshxxifwytalex-auth-token:0 (2.93.3) 2026-02-02T15:20:01.566Z #getSession() session from storage [1mnull[22m
GoTrueClient@sb-bgxknceshxxifwytalex-auth-token:0 (2.93.3) 2026-02-02T15:20:01.566Z #__loadSession() end

[90mstdout[2m | tests/property/scoped-roles-processing-efficiency.test.ts[2m > [22m[2mProperty 10: Scoped Roles Processing Efficiency[2m > [22m[2mProperty 10.5: Role hierarchy cache should invalidate on role changes
[22m[39mGoTrueClient@sb-bgxknceshxxifwytalex-auth-token:0 (2.93.3) 2026-02-02T15:20:01.566Z #_useSession end

[90mstdout[2m | tests/property/scoped-roles-processing-efficiency.test.ts[2m > [22m[2mProperty 10: Scoped Roles Processing Efficiency[2m > [22m[2mProperty 10.5: Role hierarchy cache should invalidate on role changes
[22m[39mGoTrueClient@sb-bgxknceshxxifwytalex-auth-token:0 (2.93.3) 2026-02-02T15:20:01.566Z #_acquireLock lock released for storage key sb-bgxknceshxxifwytalex-auth-token

[90mstdout[2m | tests/property/scoped-roles-processing-efficiency.test.ts[2m > [22m[2mProperty 10: Scoped Roles Processing Efficiency[2m > [22m[2mProperty 10.5: Role hierarchy cache should invalidate on role changes
[22m[39mGoTrueClient@sb-bgxknceshxxifwytalex-auth-token:0 (2.93.3) 2026-02-02T15:20:01.566Z #_acquireLock end

stderr | tests/property/scoped-roles-processing-efficiency.test.ts > Property 10: Scoped Roles Processing Efficiency > Property 10.5: Role hierarchy cache should invalidate on role changes
Error fetching project roles: {
  code: 'PGRST200',
  details: "Searched for a foreign key relationship between 'project_roles' and 'user_profiles' in the schema 'public', but no matches were found.",
  hint: null,
  message: "Could not find a relationship between 'project_roles' and 'user_profiles' in the schema cache"
}

[90mstdout[2m | tests/property/scoped-roles-processing-efficiency.test.ts[2m > [22m[2mProperty 10: Scoped Roles Processing Efficiency[2m > [22m[2mProperty 10.5: Role hierarchy cache should invalidate on role changes
[22m[39mGoTrueClient@sb-bgxknceshxxifwytalex-auth-token:0 (2.93.3) 2026-02-02T15:20:01.580Z #_acquireLock begin [33m10000[39m
GoTrueClient@sb-bgxknceshxxifwytalex-auth-token:0 (2.93.3) 2026-02-02T15:20:01.580Z #_acquireLock lock acquired for storage key sb-bgxknceshxxifwytalex-auth-token
GoTrueClient@sb-bgxknceshxxifwytalex-auth-token:0 (2.93.3) 2026-02-02T15:20:01.580Z #_useSession begin
GoTrueClient@sb-bgxknceshxxifwytalex-auth-token:0 (2.93.3) 2026-02-02T15:20:01.580Z #__loadSession() begin

[90mstdout[2m | tests/property/scoped-roles-processing-efficiency.test.ts[2m > [22m[2mProperty 10: Scoped Roles Processing Efficiency[2m > [22m[2mProperty 10.5: Role hierarchy cache should invalidate on role changes
[22m[39mGoTrueClient@sb-bgxknceshxxifwytalex-auth-token:0 (2.93.3) 2026-02-02T15:20:01.581Z #getSession() session from storage [1mnull[22m
GoTrueClient@sb-bgxknceshxxifwytalex-auth-token:0 (2.93.3) 2026-02-02T15:20:01.581Z #__loadSession() end

[90mstdout[2m | tests/property/scoped-roles-processing-efficiency.test.ts[2m > [22m[2mProperty 10: Scoped Roles Processing Efficiency[2m > [22m[2mProperty 10.5: Role hierarchy cache should invalidate on role changes
[22m[39mGoTrueClient@sb-bgxknceshxxifwytalex-auth-token:0 (2.93.3) 2026-02-02T15:20:01.581Z #_useSession end

[90mstdout[2m | tests/property/scoped-roles-processing-efficiency.test.ts[2m > [22m[2mProperty 10: Scoped Roles Processing Efficiency[2m > [22m[2mProperty 10.5: Role hierarchy cache should invalidate on role changes
[22m[39mGoTrueClient@sb-bgxknceshxxifwytalex-auth-token:0 (2.93.3) 2026-02-02T15:20:01.581Z #_acquireLock lock released for storage key sb-bgxknceshxxifwytalex-auth-token

[90mstdout[2m | tests/property/scoped-roles-processing-efficiency.test.ts[2m > [22m[2mProperty 10: Scoped Roles Processing Efficiency[2m > [22m[2mProperty 10.5: Role hierarchy cache should invalidate on role changes
[22m[39mGoTrueClient@sb-bgxknceshxxifwytalex-auth-token:0 (2.93.3) 2026-02-02T15:20:01.581Z #_acquireLock end

[90mstdout[2m | tests/property/scoped-roles-processing-efficiency.test.ts[2m > [22m[2mProperty 10: Scoped Roles Processing Efficiency[2m > [22m[2mProperty 10.5: Role hierarchy cache should invalidate on role changes
[22m[39mGoTrueClient@sb-bgxknceshxxifwytalex-auth-token:0 (2.93.3) 2026-02-02T15:20:01.647Z #_acquireLock begin [33m10000[39m
GoTrueClient@sb-bgxknceshxxifwytalex-auth-token:0 (2.93.3) 2026-02-02T15:20:01.647Z #_acquireLock lock acquired for storage key sb-bgxknceshxxifwytalex-auth-token
GoTrueClient@sb-bgxknceshxxifwytalex-auth-token:0 (2.93.3) 2026-02-02T15:20:01.647Z #_useSession begin
GoTrueClient@sb-bgxknceshxxifwytalex-auth-token:0 (2.93.3) 2026-02-02T15:20:01.647Z #__loadSession() begin

[90mstdout[2m | tests/property/scoped-roles-processing-efficiency.test.ts[2m > [22m[2mProperty 10: Scoped Roles Processing Efficiency[2m > [22m[2mProperty 10.5: Role hierarchy cache should invalidate on role changes
[22m[39mGoTrueClient@sb-bgxknceshxxifwytalex-auth-token:0 (2.93.3) 2026-02-02T15:20:01.648Z #getSession() session from storage [1mnull[22m
GoTrueClient@sb-bgxknceshxxifwytalex-auth-token:0 (2.93.3) 2026-02-02T15:20:01.648Z #__loadSession() end

[90mstdout[2m | tests/property/scoped-roles-processing-efficiency.test.ts[2m > [22m[2mProperty 10: Scoped Roles Processing Efficiency[2m > [22m[2mProperty 10.5: Role hierarchy cache should invalidate on role changes
[22m[39mGoTrueClient@sb-bgxknceshxxifwytalex-auth-token:0 (2.93.3) 2026-02-02T15:20:01.648Z #_useSession end

[90mstdout[2m | tests/property/scoped-roles-processing-efficiency.test.ts[2m > [22m[2mProperty 10: Scoped Roles Processing Efficiency[2m > [22m[2mProperty 10.5: Role hierarchy cache should invalidate on role changes
[22m[39mGoTrueClient@sb-bgxknceshxxifwytalex-auth-token:0 (2.93.3) 2026-02-02T15:20:01.648Z #_acquireLock lock released for storage key sb-bgxknceshxxifwytalex-auth-token

[90mstdout[2m | tests/property/scoped-roles-processing-efficiency.test.ts[2m > [22m[2mProperty 10: Scoped Roles Processing Efficiency[2m > [22m[2mProperty 10.5: Role hierarchy cache should invalidate on role changes
[22m[39mGoTrueClient@sb-bgxknceshxxifwytalex-auth-token:0 (2.93.3) 2026-02-02T15:20:01.648Z #_acquireLock end

[90mstdout[2m | tests/property/scoped-roles-processing-efficiency.test.ts[2m > [22m[2mProperty 10: Scoped Roles Processing Efficiency[2m > [22m[2mProperty 10.5: Role hierarchy cache should invalidate on role changes
[22m[39mGoTrueClient@sb-bgxknceshxxifwytalex-auth-token:0 (2.93.3) 2026-02-02T15:20:01.719Z #_acquireLock begin [33m10000[39m
GoTrueClient@sb-bgxknceshxxifwytalex-auth-token:0 (2.93.3) 2026-02-02T15:20:01.719Z #_acquireLock lock acquired for storage key sb-bgxknceshxxifwytalex-auth-token
GoTrueClient@sb-bgxknceshxxifwytalex-auth-token:0 (2.93.3) 2026-02-02T15:20:01.719Z #_useSession begin
GoTrueClient@sb-bgxknceshxxifwytalex-auth-token:0 (2.93.3) 2026-02-02T15:20:01.719Z #__loadSession() begin

[90mstdout[2m | tests/property/scoped-roles-processing-efficiency.test.ts[2m > [22m[2mProperty 10: Scoped Roles Processing Efficiency[2m > [22m[2mProperty 10.5: Role hierarchy cache should invalidate on role changes
[22m[39mGoTrueClient@sb-bgxknceshxxifwytalex-auth-token:0 (2.93.3) 2026-02-02T15:20:01.719Z #getSession() session from storage [1mnull[22m
GoTrueClient@sb-bgxknceshxxifwytalex-auth-token:0 (2.93.3) 2026-02-02T15:20:01.719Z #__loadSession() end

[90mstdout[2m | tests/property/scoped-roles-processing-efficiency.test.ts[2m > [22m[2mProperty 10: Scoped Roles Processing Efficiency[2m > [22m[2mProperty 10.5: Role hierarchy cache should invalidate on role changes
[22m[39mGoTrueClient@sb-bgxknceshxxifwytalex-auth-token:0 (2.93.3) 2026-02-02T15:20:01.719Z #_useSession end

[90mstdout[2m | tests/property/scoped-roles-processing-efficiency.test.ts[2m > [22m[2mProperty 10: Scoped Roles Processing Efficiency[2m > [22m[2mProperty 10.5: Role hierarchy cache should invalidate on role changes
[22m[39mGoTrueClient@sb-bgxknceshxxifwytalex-auth-token:0 (2.93.3) 2026-02-02T15:20:01.719Z #_acquireLock lock released for storage key sb-bgxknceshxxifwytalex-auth-token

[90mstdout[2m | tests/property/scoped-roles-processing-efficiency.test.ts[2m > [22m[2mProperty 10: Scoped Roles Processing Efficiency[2m > [22m[2mProperty 10.5: Role hierarchy cache should invalidate on role changes
[22m[39mGoTrueClient@sb-bgxknceshxxifwytalex-auth-token:0 (2.93.3) 2026-02-02T15:20:01.719Z #_acquireLock end

[90mstdout[2m | tests/property/scoped-roles-processing-efficiency.test.ts[2m > [22m[2mProperty 10: Scoped Roles Processing Efficiency[2m > [22m[2mProperty 10.5: Role hierarchy cache should invalidate on role changes
[22m[39mGoTrueClient@sb-bgxknceshxxifwytalex-auth-token:0 (2.93.3) 2026-02-02T15:20:01.759Z #_acquireLock begin [33m10000[39m
GoTrueClient@sb-bgxknceshxxifwytalex-auth-token:0 (2.93.3) 2026-02-02T15:20:01.759Z #_acquireLock lock acquired for storage key sb-bgxknceshxxifwytalex-auth-token
GoTrueClient@sb-bgxknceshxxifwytalex-auth-token:0 (2.93.3) 2026-02-02T15:20:01.759Z #_useSession begin
GoTrueClient@sb-bgxknceshxxifwytalex-auth-token:0 (2.93.3) 2026-02-02T15:20:01.759Z #__loadSession() begin

[90mstdout[2m | tests/property/scoped-roles-processing-efficiency.test.ts[2m > [22m[2mProperty 10: Scoped Roles Processing Efficiency[2m > [22m[2mProperty 10.5: Role hierarchy cache should invalidate on role changes
[22m[39mGoTrueClient@sb-bgxknceshxxifwytalex-auth-token:0 (2.93.3) 2026-02-02T15:20:01.759Z #getSession() session from storage [1mnull[22m
GoTrueClient@sb-bgxknceshxxifwytalex-auth-token:0 (2.93.3) 2026-02-02T15:20:01.759Z #__loadSession() end

[90mstdout[2m | tests/property/scoped-roles-processing-efficiency.test.ts[2m > [22m[2mProperty 10: Scoped Roles Processing Efficiency[2m > [22m[2mProperty 10.5: Role hierarchy cache should invalidate on role changes
[22m[39mGoTrueClient@sb-bgxknceshxxifwytalex-auth-token:0 (2.93.3) 2026-02-02T15:20:01.759Z #_useSession end

[90mstdout[2m | tests/property/scoped-roles-processing-efficiency.test.ts[2m > [22m[2mProperty 10: Scoped Roles Processing Efficiency[2m > [22m[2mProperty 10.5: Role hierarchy cache should invalidate on role changes
[22m[39mGoTrueClient@sb-bgxknceshxxifwytalex-auth-token:0 (2.93.3) 2026-02-02T15:20:01.759Z #_acquireLock lock released for storage key sb-bgxknceshxxifwytalex-auth-token

[90mstdout[2m | tests/property/scoped-roles-processing-efficiency.test.ts[2m > [22m[2mProperty 10: Scoped Roles Processing Efficiency[2m > [22m[2mProperty 10.5: Role hierarchy cache should invalidate on role changes
[22m[39mGoTrueClient@sb-bgxknceshxxifwytalex-auth-token:0 (2.93.3) 2026-02-02T15:20:01.760Z #_acquireLock end

stderr | tests/property/scoped-roles-processing-efficiency.test.ts > Property 10: Scoped Roles Processing Efficiency > Property 10.5: Role hierarchy cache should invalidate on role changes
Error fetching org roles: {
  code: 'PGRST200',
  details: "Searched for a foreign key relationship between 'org_roles' and 'user_profiles' in the schema 'public', but no matches were found.",
  hint: null,
  message: "Could not find a relationship between 'org_roles' and 'user_profiles' in the schema cache"
}

[90mstdout[2m | tests/property/scoped-roles-processing-efficiency.test.ts[2m > [22m[2mProperty 10: Scoped Roles Processing Efficiency[2m > [22m[2mProperty 10.5: Role hierarchy cache should invalidate on role changes
[22m[39mGoTrueClient@sb-bgxknceshxxifwytalex-auth-token:0 (2.93.3) 2026-02-02T15:20:01.774Z #_acquireLock begin [33m10000[39m
GoTrueClient@sb-bgxknceshxxifwytalex-auth-token:0 (2.93.3) 2026-02-02T15:20:01.774Z #_acquireLock lock acquired for storage key sb-bgxknceshxxifwytalex-auth-token
GoTrueClient@sb-bgxknceshxxifwytalex-auth-token:0 (2.93.3) 2026-02-02T15:20:01.774Z #_useSession begin
GoTrueClient@sb-bgxknceshxxifwytalex-auth-token:0 (2.93.3) 2026-02-02T15:20:01.774Z #__loadSession() begin

[90mstdout[2m | tests/property/scoped-roles-processing-efficiency.test.ts[2m > [22m[2mProperty 10: Scoped Roles Processing Efficiency[2m > [22m[2mProperty 10.5: Role hierarchy cache should invalidate on role changes
[22m[39mGoTrueClient@sb-bgxknceshxxifwytalex-auth-token:0 (2.93.3) 2026-02-02T15:20:01.774Z #getSession() session from storage [1mnull[22m
GoTrueClient@sb-bgxknceshxxifwytalex-auth-token:0 (2.93.3) 2026-02-02T15:20:01.775Z #__loadSession() end

[90mstdout[2m | tests/property/scoped-roles-processing-efficiency.test.ts[2m > [22m[2mProperty 10: Scoped Roles Processing Efficiency[2m > [22m[2mProperty 10.5: Role hierarchy cache should invalidate on role changes
[22m[39mGoTrueClient@sb-bgxknceshxxifwytalex-auth-token:0 (2.93.3) 2026-02-02T15:20:01.775Z #_useSession end

[90mstdout[2m | tests/property/scoped-roles-processing-efficiency.test.ts[2m > [22m[2mProperty 10: Scoped Roles Processing Efficiency[2m > [22m[2mProperty 10.5: Role hierarchy cache should invalidate on role changes
[22m[39mGoTrueClient@sb-bgxknceshxxifwytalex-auth-token:0 (2.93.3) 2026-02-02T15:20:01.775Z #_acquireLock lock released for storage key sb-bgxknceshxxifwytalex-auth-token

[90mstdout[2m | tests/property/scoped-roles-processing-efficiency.test.ts[2m > [22m[2mProperty 10: Scoped Roles Processing Efficiency[2m > [22m[2mProperty 10.5: Role hierarchy cache should invalidate on role changes
[22m[39mGoTrueClient@sb-bgxknceshxxifwytalex-auth-token:0 (2.93.3) 2026-02-02T15:20:01.775Z #_acquireLock end

stderr | tests/property/scoped-roles-processing-efficiency.test.ts > Property 10: Scoped Roles Processing Efficiency > Property 10.5: Role hierarchy cache should invalidate on role changes
Error fetching project roles: {
  code: 'PGRST200',
  details: "Searched for a foreign key relationship between 'project_roles' and 'user_profiles' in the schema 'public', but no matches were found.",
  hint: null,
  message: "Could not find a relationship between 'project_roles' and 'user_profiles' in the schema cache"
}

[90mstdout[2m | tests/property/scoped-roles-processing-efficiency.test.ts[2m > [22m[2mProperty 10: Scoped Roles Processing Efficiency[2m > [22m[2mProperty 10.5: Role hierarchy cache should invalidate on role changes
[22m[39mGoTrueClient@sb-bgxknceshxxifwytalex-auth-token:0 (2.93.3) 2026-02-02T15:20:01.800Z #_acquireLock begin [33m10000[39m
GoTrueClient@sb-bgxknceshxxifwytalex-auth-token:0 (2.93.3) 2026-02-02T15:20:01.800Z #_acquireLock lock acquired for storage key sb-bgxknceshxxifwytalex-auth-token
GoTrueClient@sb-bgxknceshxxifwytalex-auth-token:0 (2.93.3) 2026-02-02T15:20:01.800Z #_useSession begin
GoTrueClient@sb-bgxknceshxxifwytalex-auth-token:0 (2.93.3) 2026-02-02T15:20:01.800Z #__loadSession() begin

[90mstdout[2m | tests/property/scoped-roles-processing-efficiency.test.ts[2m > [22m[2mProperty 10: Scoped Roles Processing Efficiency[2m > [22m[2mProperty 10.5: Role hierarchy cache should invalidate on role changes
[22m[39mGoTrueClient@sb-bgxknceshxxifwytalex-auth-token:0 (2.93.3) 2026-02-02T15:20:01.800Z #getSession() session from storage [1mnull[22m
GoTrueClient@sb-bgxknceshxxifwytalex-auth-token:0 (2.93.3) 2026-02-02T15:20:01.800Z #__loadSession() end

[90mstdout[2m | tests/property/scoped-roles-processing-efficiency.test.ts[2m > [22m[2mProperty 10: Scoped Roles Processing Efficiency[2m > [22m[2mProperty 10.5: Role hierarchy cache should invalidate on role changes
[22m[39mGoTrueClient@sb-bgxknceshxxifwytalex-auth-token:0 (2.93.3) 2026-02-02T15:20:01.800Z #_useSession end

[90mstdout[2m | tests/property/scoped-roles-processing-efficiency.test.ts[2m > [22m[2mProperty 10: Scoped Roles Processing Efficiency[2m > [22m[2mProperty 10.5: Role hierarchy cache should invalidate on role changes
[22m[39mGoTrueClient@sb-bgxknceshxxifwytalex-auth-token:0 (2.93.3) 2026-02-02T15:20:01.800Z #_acquireLock lock released for storage key sb-bgxknceshxxifwytalex-auth-token

[90mstdout[2m | tests/property/scoped-roles-processing-efficiency.test.ts[2m > [22m[2mProperty 10: Scoped Roles Processing Efficiency[2m > [22m[2mProperty 10.5: Role hierarchy cache should invalidate on role changes
[22m[39mGoTrueClient@sb-bgxknceshxxifwytalex-auth-token:0 (2.93.3) 2026-02-02T15:20:01.800Z #_acquireLock end

[90mstdout[2m | tests/property/scoped-roles-processing-efficiency.test.ts[2m > [22m[2mProperty 10: Scoped Roles Processing Efficiency[2m > [22m[2mProperty 10.5: Role hierarchy cache should invalidate on role changes
[22m[39mGoTrueClient@sb-bgxknceshxxifwytalex-auth-token:0 (2.93.3) 2026-02-02T15:20:01.868Z #_acquireLock begin [33m10000[39m
GoTrueClient@sb-bgxknceshxxifwytalex-auth-token:0 (2.93.3) 2026-02-02T15:20:01.868Z #_acquireLock lock acquired for storage key sb-bgxknceshxxifwytalex-auth-token
GoTrueClient@sb-bgxknceshxxifwytalex-auth-token:0 (2.93.3) 2026-02-02T15:20:01.868Z #_useSession begin
GoTrueClient@sb-bgxknceshxxifwytalex-auth-token:0 (2.93.3) 2026-02-02T15:20:01.868Z #__loadSession() begin

[90mstdout[2m | tests/property/scoped-roles-processing-efficiency.test.ts[2m > [22m[2mProperty 10: Scoped Roles Processing Efficiency[2m > [22m[2mProperty 10.5: Role hierarchy cache should invalidate on role changes
[22m[39mGoTrueClient@sb-bgxknceshxxifwytalex-auth-token:0 (2.93.3) 2026-02-02T15:20:01.868Z #getSession() session from storage [1mnull[22m
GoTrueClient@sb-bgxknceshxxifwytalex-auth-token:0 (2.93.3) 2026-02-02T15:20:01.868Z #__loadSession() end

[90mstdout[2m | tests/property/scoped-roles-processing-efficiency.test.ts[2m > [22m[2mProperty 10: Scoped Roles Processing Efficiency[2m > [22m[2mProperty 10.5: Role hierarchy cache should invalidate on role changes
[22m[39mGoTrueClient@sb-bgxknceshxxifwytalex-auth-token:0 (2.93.3) 2026-02-02T15:20:01.868Z #_useSession end

[90mstdout[2m | tests/property/scoped-roles-processing-efficiency.test.ts[2m > [22m[2mProperty 10: Scoped Roles Processing Efficiency[2m > [22m[2mProperty 10.5: Role hierarchy cache should invalidate on role changes
[22m[39mGoTrueClient@sb-bgxknceshxxifwytalex-auth-token:0 (2.93.3) 2026-02-02T15:20:01.868Z #_acquireLock lock released for storage key sb-bgxknceshxxifwytalex-auth-token

[90mstdout[2m | tests/property/scoped-roles-processing-efficiency.test.ts[2m > [22m[2mProperty 10: Scoped Roles Processing Efficiency[2m > [22m[2mProperty 10.5: Role hierarchy cache should invalidate on role changes
[22m[39mGoTrueClient@sb-bgxknceshxxifwytalex-auth-token:0 (2.93.3) 2026-02-02T15:20:01.868Z #_acquireLock end

[90mstdout[2m | tests/property/scoped-roles-processing-efficiency.test.ts[2m > [22m[2mProperty 10: Scoped Roles Processing Efficiency[2m > [22m[2mProperty 10.5: Role hierarchy cache should invalidate on role changes
[22m[39mGoTrueClient@sb-bgxknceshxxifwytalex-auth-token:0 (2.93.3) 2026-02-02T15:20:01.917Z #_acquireLock begin [33m10000[39m
GoTrueClient@sb-bgxknceshxxifwytalex-auth-token:0 (2.93.3) 2026-02-02T15:20:01.917Z #_acquireLock lock acquired for storage key sb-bgxknceshxxifwytalex-auth-token
GoTrueClient@sb-bgxknceshxxifwytalex-auth-token:0 (2.93.3) 2026-02-02T15:20:01.917Z #_useSession begin
GoTrueClient@sb-bgxknceshxxifwytalex-auth-token:0 (2.93.3) 2026-02-02T15:20:01.918Z #__loadSession() begin

[90mstdout[2m | tests/property/scoped-roles-processing-efficiency.test.ts[2m > [22m[2mProperty 10: Scoped Roles Processing Efficiency[2m > [22m[2mProperty 10.5: Role hierarchy cache should invalidate on role changes
[22m[39mGoTrueClient@sb-bgxknceshxxifwytalex-auth-token:0 (2.93.3) 2026-02-02T15:20:01.918Z #getSession() session from storage [1mnull[22m
GoTrueClient@sb-bgxknceshxxifwytalex-auth-token:0 (2.93.3) 2026-02-02T15:20:01.918Z #__loadSession() end

[90mstdout[2m | tests/property/scoped-roles-processing-efficiency.test.ts[2m > [22m[2mProperty 10: Scoped Roles Processing Efficiency[2m > [22m[2mProperty 10.5: Role hierarchy cache should invalidate on role changes
[22m[39mGoTrueClient@sb-bgxknceshxxifwytalex-auth-token:0 (2.93.3) 2026-02-02T15:20:01.918Z #_useSession end

[90mstdout[2m | tests/property/scoped-roles-processing-efficiency.test.ts[2m > [22m[2mProperty 10: Scoped Roles Processing Efficiency[2m > [22m[2mProperty 10.5: Role hierarchy cache should invalidate on role changes
[22m[39mGoTrueClient@sb-bgxknceshxxifwytalex-auth-token:0 (2.93.3) 2026-02-02T15:20:01.918Z #_acquireLock lock released for storage key sb-bgxknceshxxifwytalex-auth-token

[90mstdout[2m | tests/property/scoped-roles-processing-efficiency.test.ts[2m > [22m[2mProperty 10: Scoped Roles Processing Efficiency[2m > [22m[2mProperty 10.5: Role hierarchy cache should invalidate on role changes
[22m[39mGoTrueClient@sb-bgxknceshxxifwytalex-auth-token:0 (2.93.3) 2026-02-02T15:20:01.918Z #_acquireLock end

stderr | tests/property/scoped-roles-processing-efficiency.test.ts > Property 10: Scoped Roles Processing Efficiency > Property 10.5: Role hierarchy cache should invalidate on role changes
Error fetching project roles: {
  code: 'PGRST200',
  details: "Searched for a foreign key relationship between 'project_roles' and 'user_profiles' in the schema 'public', but no matches were found.",
  hint: null,
  message: "Could not find a relationship between 'project_roles' and 'user_profiles' in the schema cache"
}

[90mstdout[2m | tests/property/scoped-roles-processing-efficiency.test.ts[2m > [22m[2mProperty 10: Scoped Roles Processing Efficiency[2m > [22m[2mProperty 10.5: Role hierarchy cache should invalidate on role changes
[22m[39mGoTrueClient@sb-bgxknceshxxifwytalex-auth-token:0 (2.93.3) 2026-02-02T15:20:01.976Z #_acquireLock begin [33m10000[39m
GoTrueClient@sb-bgxknceshxxifwytalex-auth-token:0 (2.93.3) 2026-02-02T15:20:01.976Z #_acquireLock lock acquired for storage key sb-bgxknceshxxifwytalex-auth-token
GoTrueClient@sb-bgxknceshxxifwytalex-auth-token:0 (2.93.3) 2026-02-02T15:20:01.976Z #_useSession begin
GoTrueClient@sb-bgxknceshxxifwytalex-auth-token:0 (2.93.3) 2026-02-02T15:20:01.976Z #__loadSession() begin

[90mstdout[2m | tests/property/scoped-roles-processing-efficiency.test.ts[2m > [22m[2mProperty 10: Scoped Roles Processing Efficiency[2m > [22m[2mProperty 10.5: Role hierarchy cache should invalidate on role changes
[22m[39mGoTrueClient@sb-bgxknceshxxifwytalex-auth-token:0 (2.93.3) 2026-02-02T15:20:01.976Z #getSession() session from storage [1mnull[22m
GoTrueClient@sb-bgxknceshxxifwytalex-auth-token:0 (2.93.3) 2026-02-02T15:20:01.976Z #__loadSession() end

[90mstdout[2m | tests/property/scoped-roles-processing-efficiency.test.ts[2m > [22m[2mProperty 10: Scoped Roles Processing Efficiency[2m > [22m[2mProperty 10.5: Role hierarchy cache should invalidate on role changes
[22m[39mGoTrueClient@sb-bgxknceshxxifwytalex-auth-token:0 (2.93.3) 2026-02-02T15:20:01.976Z #_useSession end

[90mstdout[2m | tests/property/scoped-roles-processing-efficiency.test.ts[2m > [22m[2mProperty 10: Scoped Roles Processing Efficiency[2m > [22m[2mProperty 10.5: Role hierarchy cache should invalidate on role changes
[22m[39mGoTrueClient@sb-bgxknceshxxifwytalex-auth-token:0 (2.93.3) 2026-02-02T15:20:01.976Z #_acquireLock lock released for storage key sb-bgxknceshxxifwytalex-auth-token

[90mstdout[2m | tests/property/scoped-roles-processing-efficiency.test.ts[2m > [22m[2mProperty 10: Scoped Roles Processing Efficiency[2m > [22m[2mProperty 10.5: Role hierarchy cache should invalidate on role changes
[22m[39mGoTrueClient@sb-bgxknceshxxifwytalex-auth-token:0 (2.93.3) 2026-02-02T15:20:01.976Z #_acquireLock end

stderr | tests/property/scoped-roles-processing-efficiency.test.ts > Property 10: Scoped Roles Processing Efficiency > Property 10.5: Role hierarchy cache should invalidate on role changes
Error fetching org roles: {
  code: 'PGRST200',
  details: "Searched for a foreign key relationship between 'org_roles' and 'user_profiles' in the schema 'public', but no matches were found.",
  hint: null,
  message: "Could not find a relationship between 'org_roles' and 'user_profiles' in the schema cache"
}

[90mstdout[2m | tests/property/scoped-roles-processing-efficiency.test.ts[2m > [22m[2mProperty 10: Scoped Roles Processing Efficiency[2m > [22m[2mProperty 10.5: Role hierarchy cache should invalidate on role changes
[22m[39mGoTrueClient@sb-bgxknceshxxifwytalex-auth-token:0 (2.93.3) 2026-02-02T15:20:01.981Z #_acquireLock begin [33m10000[39m
GoTrueClient@sb-bgxknceshxxifwytalex-auth-token:0 (2.93.3) 2026-02-02T15:20:01.981Z #_acquireLock lock acquired for storage key sb-bgxknceshxxifwytalex-auth-token
GoTrueClient@sb-bgxknceshxxifwytalex-auth-token:0 (2.93.3) 2026-02-02T15:20:01.981Z #_useSession begin
GoTrueClient@sb-bgxknceshxxifwytalex-auth-token:0 (2.93.3) 2026-02-02T15:20:01.981Z #__loadSession() begin

[90mstdout[2m | tests/property/scoped-roles-processing-efficiency.test.ts[2m > [22m[2mProperty 10: Scoped Roles Processing Efficiency[2m > [22m[2mProperty 10.5: Role hierarchy cache should invalidate on role changes
[22m[39mGoTrueClient@sb-bgxknceshxxifwytalex-auth-token:0 (2.93.3) 2026-02-02T15:20:01.982Z #getSession() session from storage [1mnull[22m
GoTrueClient@sb-bgxknceshxxifwytalex-auth-token:0 (2.93.3) 2026-02-02T15:20:01.982Z #__loadSession() end

[90mstdout[2m | tests/property/scoped-roles-processing-efficiency.test.ts[2m > [22m[2mProperty 10: Scoped Roles Processing Efficiency[2m > [22m[2mProperty 10.5: Role hierarchy cache should invalidate on role changes
[22m[39mGoTrueClient@sb-bgxknceshxxifwytalex-auth-token:0 (2.93.3) 2026-02-02T15:20:01.982Z #_useSession end

[90mstdout[2m | tests/property/scoped-roles-processing-efficiency.test.ts[2m > [22m[2mProperty 10: Scoped Roles Processing Efficiency[2m > [22m[2mProperty 10.5: Role hierarchy cache should invalidate on role changes
[22m[39mGoTrueClient@sb-bgxknceshxxifwytalex-auth-token:0 (2.93.3) 2026-02-02T15:20:01.982Z #_acquireLock lock released for storage key sb-bgxknceshxxifwytalex-auth-token

[90mstdout[2m | tests/property/scoped-roles-processing-efficiency.test.ts[2m > [22m[2mProperty 10: Scoped Roles Processing Efficiency[2m > [22m[2mProperty 10.5: Role hierarchy cache should invalidate on role changes
[22m[39mGoTrueClient@sb-bgxknceshxxifwytalex-auth-token:0 (2.93.3) 2026-02-02T15:20:01.982Z #_acquireLock end

stderr | tests/property/scoped-roles-processing-efficiency.test.ts > Property 10: Scoped Roles Processing Efficiency > Property 10.5: Role hierarchy cache should invalidate on role changes
Error fetching project roles: {
  code: 'PGRST200',
  details: "Searched for a foreign key relationship between 'project_roles' and 'user_profiles' in the schema 'public', but no matches were found.",
  hint: null,
  message: "Could not find a relationship between 'project_roles' and 'user_profiles' in the schema cache"
}

[90mstdout[2m | tests/property/scoped-roles-processing-efficiency.test.ts[2m > [22m[2mProperty 10: Scoped Roles Processing Efficiency[2m > [22m[2mProperty 10.5: Role hierarchy cache should invalidate on role changes
[22m[39mGoTrueClient@sb-bgxknceshxxifwytalex-auth-token:0 (2.93.3) 2026-02-02T15:20:01.991Z #_acquireLock begin [33m10000[39m
GoTrueClient@sb-bgxknceshxxifwytalex-auth-token:0 (2.93.3) 2026-02-02T15:20:01.991Z #_acquireLock lock acquired for storage key sb-bgxknceshxxifwytalex-auth-token
GoTrueClient@sb-bgxknceshxxifwytalex-auth-token:0 (2.93.3) 2026-02-02T15:20:01.991Z #_useSession begin
GoTrueClient@sb-bgxknceshxxifwytalex-auth-token:0 (2.93.3) 2026-02-02T15:20:01.991Z #__loadSession() begin

[90mstdout[2m | tests/property/scoped-roles-processing-efficiency.test.ts[2m > [22m[2mProperty 10: Scoped Roles Processing Efficiency[2m > [22m[2mProperty 10.5: Role hierarchy cache should invalidate on role changes
[22m[39mGoTrueClient@sb-bgxknceshxxifwytalex-auth-token:0 (2.93.3) 2026-02-02T15:20:01.992Z #getSession() session from storage [1mnull[22m
GoTrueClient@sb-bgxknceshxxifwytalex-auth-token:0 (2.93.3) 2026-02-02T15:20:01.992Z #__loadSession() end

[90mstdout[2m | tests/property/scoped-roles-processing-efficiency.test.ts[2m > [22m[2mProperty 10: Scoped Roles Processing Efficiency[2m > [22m[2mProperty 10.5: Role hierarchy cache should invalidate on role changes
[22m[39mGoTrueClient@sb-bgxknceshxxifwytalex-auth-token:0 (2.93.3) 2026-02-02T15:20:01.992Z #_useSession end

[90mstdout[2m | tests/property/scoped-roles-processing-efficiency.test.ts[2m > [22m[2mProperty 10: Scoped Roles Processing Efficiency[2m > [22m[2mProperty 10.5: Role hierarchy cache should invalidate on role changes
[22m[39mGoTrueClient@sb-bgxknceshxxifwytalex-auth-token:0 (2.93.3) 2026-02-02T15:20:01.992Z #_acquireLock lock released for storage key sb-bgxknceshxxifwytalex-auth-token

[90mstdout[2m | tests/property/scoped-roles-processing-efficiency.test.ts[2m > [22m[2mProperty 10: Scoped Roles Processing Efficiency[2m > [22m[2mProperty 10.5: Role hierarchy cache should invalidate on role changes
[22m[39mGoTrueClient@sb-bgxknceshxxifwytalex-auth-token:0 (2.93.3) 2026-02-02T15:20:01.992Z #_acquireLock end

stderr | tests/property/scoped-roles-processing-efficiency.test.ts > Property 10: Scoped Roles Processing Efficiency > Property 10.5: Role hierarchy cache should invalidate on role changes
Error fetching org roles: {
  code: 'PGRST200',
  details: "Searched for a foreign key relationship between 'org_roles' and 'user_profiles' in the schema 'public', but no matches were found.",
  hint: null,
  message: "Could not find a relationship between 'org_roles' and 'user_profiles' in the schema cache"
}

[90mstdout[2m | tests/property/scoped-roles-processing-efficiency.test.ts[2m > [22m[2mProperty 10: Scoped Roles Processing Efficiency[2m > [22m[2mProperty 10.5: Role hierarchy cache should invalidate on role changes
[22m[39mGoTrueClient@sb-bgxknceshxxifwytalex-auth-token:0 (2.93.3) 2026-02-02T15:20:02.091Z #_acquireLock begin [33m10000[39m
GoTrueClient@sb-bgxknceshxxifwytalex-auth-token:0 (2.93.3) 2026-02-02T15:20:02.091Z #_acquireLock lock acquired for storage key sb-bgxknceshxxifwytalex-auth-token
GoTrueClient@sb-bgxknceshxxifwytalex-auth-token:0 (2.93.3) 2026-02-02T15:20:02.091Z #_useSession begin
GoTrueClient@sb-bgxknceshxxifwytalex-auth-token:0 (2.93.3) 2026-02-02T15:20:02.091Z #__loadSession() begin

[90mstdout[2m | tests/property/scoped-roles-processing-efficiency.test.ts[2m > [22m[2mProperty 10: Scoped Roles Processing Efficiency[2m > [22m[2mProperty 10.5: Role hierarchy cache should invalidate on role changes
[22m[39mGoTrueClient@sb-bgxknceshxxifwytalex-auth-token:0 (2.93.3) 2026-02-02T15:20:02.092Z #getSession() session from storage [1mnull[22m
GoTrueClient@sb-bgxknceshxxifwytalex-auth-token:0 (2.93.3) 2026-02-02T15:20:02.092Z #__loadSession() end

[90mstdout[2m | tests/property/scoped-roles-processing-efficiency.test.ts[2m > [22m[2mProperty 10: Scoped Roles Processing Efficiency[2m > [22m[2mProperty 10.5: Role hierarchy cache should invalidate on role changes
[22m[39mGoTrueClient@sb-bgxknceshxxifwytalex-auth-token:0 (2.93.3) 2026-02-02T15:20:02.092Z #_useSession end

[90mstdout[2m | tests/property/scoped-roles-processing-efficiency.test.ts[2m > [22m[2mProperty 10: Scoped Roles Processing Efficiency[2m > [22m[2mProperty 10.5: Role hierarchy cache should invalidate on role changes
[22m[39mGoTrueClient@sb-bgxknceshxxifwytalex-auth-token:0 (2.93.3) 2026-02-02T15:20:02.092Z #_acquireLock lock released for storage key sb-bgxknceshxxifwytalex-auth-token

[90mstdout[2m | tests/property/scoped-roles-processing-efficiency.test.ts[2m > [22m[2mProperty 10: Scoped Roles Processing Efficiency[2m > [22m[2mProperty 10.5: Role hierarchy cache should invalidate on role changes
[22m[39mGoTrueClient@sb-bgxknceshxxifwytalex-auth-token:0 (2.93.3) 2026-02-02T15:20:02.092Z #_acquireLock end

[90mstdout[2m | tests/property/scoped-roles-processing-efficiency.test.ts[2m > [22m[2mProperty 10: Scoped Roles Processing Efficiency[2m > [22m[2mProperty 10.5: Role hierarchy cache should invalidate on role changes
[22m[39mGoTrueClient@sb-bgxknceshxxifwytalex-auth-token:0 (2.93.3) 2026-02-02T15:20:02.128Z #_acquireLock begin [33m10000[39m
GoTrueClient@sb-bgxknceshxxifwytalex-auth-token:0 (2.93.3) 2026-02-02T15:20:02.128Z #_acquireLock lock acquired for storage key sb-bgxknceshxxifwytalex-auth-token
GoTrueClient@sb-bgxknceshxxifwytalex-auth-token:0 (2.93.3) 2026-02-02T15:20:02.128Z #_useSession begin
GoTrueClient@sb-bgxknceshxxifwytalex-auth-token:0 (2.93.3) 2026-02-02T15:20:02.128Z #__loadSession() begin

[90mstdout[2m | tests/property/scoped-roles-processing-efficiency.test.ts[2m > [22m[2mProperty 10: Scoped Roles Processing Efficiency[2m > [22m[2mProperty 10.5: Role hierarchy cache should invalidate on role changes
[22m[39mGoTrueClient@sb-bgxknceshxxifwytalex-auth-token:0 (2.93.3) 2026-02-02T15:20:02.129Z #getSession() session from storage [1mnull[22m
GoTrueClient@sb-bgxknceshxxifwytalex-auth-token:0 (2.93.3) 2026-02-02T15:20:02.129Z #__loadSession() end

[90mstdout[2m | tests/property/scoped-roles-processing-efficiency.test.ts[2m > [22m[2mProperty 10: Scoped Roles Processing Efficiency[2m > [22m[2mProperty 10.5: Role hierarchy cache should invalidate on role changes
[22m[39mGoTrueClient@sb-bgxknceshxxifwytalex-auth-token:0 (2.93.3) 2026-02-02T15:20:02.129Z #_useSession end

[90mstdout[2m | tests/property/scoped-roles-processing-efficiency.test.ts[2m > [22m[2mProperty 10: Scoped Roles Processing Efficiency[2m > [22m[2mProperty 10.5: Role hierarchy cache should invalidate on role changes
[22m[39mGoTrueClient@sb-bgxknceshxxifwytalex-auth-token:0 (2.93.3) 2026-02-02T15:20:02.129Z #_acquireLock lock released for storage key sb-bgxknceshxxifwytalex-auth-token

[90mstdout[2m | tests/property/scoped-roles-processing-efficiency.test.ts[2m > [22m[2mProperty 10: Scoped Roles Processing Efficiency[2m > [22m[2mProperty 10.5: Role hierarchy cache should invalidate on role changes
[22m[39mGoTrueClient@sb-bgxknceshxxifwytalex-auth-token:0 (2.93.3) 2026-02-02T15:20:02.129Z #_acquireLock end

stderr | tests/property/scoped-roles-processing-efficiency.test.ts > Property 10: Scoped Roles Processing Efficiency > Property 10.5: Role hierarchy cache should invalidate on role changes
Error fetching org roles: {
  code: 'PGRST200',
  details: "Searched for a foreign key relationship between 'org_roles' and 'user_profiles' in the schema 'public', but no matches were found.",
  hint: null,
  message: "Could not find a relationship between 'org_roles' and 'user_profiles' in the schema cache"
}

[90mstdout[2m | tests/property/scoped-roles-processing-efficiency.test.ts[2m > [22m[2mProperty 10: Scoped Roles Processing Efficiency[2m > [22m[2mProperty 10.5: Role hierarchy cache should invalidate on role changes
[22m[39mGoTrueClient@sb-bgxknceshxxifwytalex-auth-token:0 (2.93.3) 2026-02-02T15:20:02.177Z #_acquireLock begin [33m10000[39m
GoTrueClient@sb-bgxknceshxxifwytalex-auth-token:0 (2.93.3) 2026-02-02T15:20:02.177Z #_acquireLock lock acquired for storage key sb-bgxknceshxxifwytalex-auth-token
GoTrueClient@sb-bgxknceshxxifwytalex-auth-token:0 (2.93.3) 2026-02-02T15:20:02.177Z #_useSession begin
GoTrueClient@sb-bgxknceshxxifwytalex-auth-token:0 (2.93.3) 2026-02-02T15:20:02.177Z #__loadSession() begin

[90mstdout[2m | tests/property/scoped-roles-processing-efficiency.test.ts[2m > [22m[2mProperty 10: Scoped Roles Processing Efficiency[2m > [22m[2mProperty 10.5: Role hierarchy cache should invalidate on role changes
[22m[39mGoTrueClient@sb-bgxknceshxxifwytalex-auth-token:0 (2.93.3) 2026-02-02T15:20:02.177Z #getSession() session from storage [1mnull[22m
GoTrueClient@sb-bgxknceshxxifwytalex-auth-token:0 (2.93.3) 2026-02-02T15:20:02.177Z #__loadSession() end

[90mstdout[2m | tests/property/scoped-roles-processing-efficiency.test.ts[2m > [22m[2mProperty 10: Scoped Roles Processing Efficiency[2m > [22m[2mProperty 10.5: Role hierarchy cache should invalidate on role changes
[22m[39mGoTrueClient@sb-bgxknceshxxifwytalex-auth-token:0 (2.93.3) 2026-02-02T15:20:02.177Z #_useSession end

[90mstdout[2m | tests/property/scoped-roles-processing-efficiency.test.ts[2m > [22m[2mProperty 10: Scoped Roles Processing Efficiency[2m > [22m[2mProperty 10.5: Role hierarchy cache should invalidate on role changes
[22m[39mGoTrueClient@sb-bgxknceshxxifwytalex-auth-token:0 (2.93.3) 2026-02-02T15:20:02.177Z #_acquireLock lock released for storage key sb-bgxknceshxxifwytalex-auth-token

[90mstdout[2m | tests/property/scoped-roles-processing-efficiency.test.ts[2m > [22m[2mProperty 10: Scoped Roles Processing Efficiency[2m > [22m[2mProperty 10.5: Role hierarchy cache should invalidate on role changes
[22m[39mGoTrueClient@sb-bgxknceshxxifwytalex-auth-token:0 (2.93.3) 2026-02-02T15:20:02.177Z #_acquireLock end

stderr | tests/property/scoped-roles-processing-efficiency.test.ts > Property 10: Scoped Roles Processing Efficiency > Property 10.5: Role hierarchy cache should invalidate on role changes
Error fetching project roles: {
  code: 'PGRST200',
  details: "Searched for a foreign key relationship between 'project_roles' and 'user_profiles' in the schema 'public', but no matches were found.",
  hint: null,
  message: "Could not find a relationship between 'project_roles' and 'user_profiles' in the schema cache"
}

[90mstdout[2m | tests/property/scoped-roles-processing-efficiency.test.ts[2m > [22m[2mProperty 10: Scoped Roles Processing Efficiency[2m > [22m[2mProperty 10.5: Role hierarchy cache should invalidate on role changes
[22m[39mGoTrueClient@sb-bgxknceshxxifwytalex-auth-token:0 (2.93.3) 2026-02-02T15:20:02.206Z #_acquireLock begin [33m10000[39m
GoTrueClient@sb-bgxknceshxxifwytalex-auth-token:0 (2.93.3) 2026-02-02T15:20:02.206Z #_acquireLock lock acquired for storage key sb-bgxknceshxxifwytalex-auth-token
GoTrueClient@sb-bgxknceshxxifwytalex-auth-token:0 (2.93.3) 2026-02-02T15:20:02.206Z #_useSession begin
GoTrueClient@sb-bgxknceshxxifwytalex-auth-token:0 (2.93.3) 2026-02-02T15:20:02.206Z #__loadSession() begin

[90mstdout[2m | tests/property/scoped-roles-processing-efficiency.test.ts[2m > [22m[2mProperty 10: Scoped Roles Processing Efficiency[2m > [22m[2mProperty 10.5: Role hierarchy cache should invalidate on role changes
[22m[39mGoTrueClient@sb-bgxknceshxxifwytalex-auth-token:0 (2.93.3) 2026-02-02T15:20:02.206Z #getSession() session from storage [1mnull[22m
GoTrueClient@sb-bgxknceshxxifwytalex-auth-token:0 (2.93.3) 2026-02-02T15:20:02.206Z #__loadSession() end

[90mstdout[2m | tests/property/scoped-roles-processing-efficiency.test.ts[2m > [22m[2mProperty 10: Scoped Roles Processing Efficiency[2m > [22m[2mProperty 10.5: Role hierarchy cache should invalidate on role changes
[22m[39mGoTrueClient@sb-bgxknceshxxifwytalex-auth-token:0 (2.93.3) 2026-02-02T15:20:02.206Z #_useSession end

[90mstdout[2m | tests/property/scoped-roles-processing-efficiency.test.ts[2m > [22m[2mProperty 10: Scoped Roles Processing Efficiency[2m > [22m[2mProperty 10.5: Role hierarchy cache should invalidate on role changes
[22m[39mGoTrueClient@sb-bgxknceshxxifwytalex-auth-token:0 (2.93.3) 2026-02-02T15:20:02.206Z #_acquireLock lock released for storage key sb-bgxknceshxxifwytalex-auth-token

[90mstdout[2m | tests/property/scoped-roles-processing-efficiency.test.ts[2m > [22m[2mProperty 10: Scoped Roles Processing Efficiency[2m > [22m[2mProperty 10.5: Role hierarchy cache should invalidate on role changes
[22m[39mGoTrueClient@sb-bgxknceshxxifwytalex-auth-token:0 (2.93.3) 2026-02-02T15:20:02.206Z #_acquireLock end

stderr | tests/property/scoped-roles-processing-efficiency.test.ts > Property 10: Scoped Roles Processing Efficiency > Property 10.5: Role hierarchy cache should invalidate on role changes
Error fetching org roles: {
  code: 'PGRST200',
  details: "Searched for a foreign key relationship between 'org_roles' and 'user_profiles' in the schema 'public', but no matches were found.",
  hint: null,
  message: "Could not find a relationship between 'org_roles' and 'user_profiles' in the schema cache"
}

[90mstdout[2m | tests/property/scoped-roles-processing-efficiency.test.ts[2m > [22m[2mProperty 10: Scoped Roles Processing Efficiency[2m > [22m[2mProperty 10.5: Role hierarchy cache should invalidate on role changes
[22m[39mGoTrueClient@sb-bgxknceshxxifwytalex-auth-token:0 (2.93.3) 2026-02-02T15:20:02.210Z #_acquireLock begin [33m10000[39m
GoTrueClient@sb-bgxknceshxxifwytalex-auth-token:0 (2.93.3) 2026-02-02T15:20:02.210Z #_acquireLock lock acquired for storage key sb-bgxknceshxxifwytalex-auth-token
GoTrueClient@sb-bgxknceshxxifwytalex-auth-token:0 (2.93.3) 2026-02-02T15:20:02.210Z #_useSession begin
GoTrueClient@sb-bgxknceshxxifwytalex-auth-token:0 (2.93.3) 2026-02-02T15:20:02.210Z #__loadSession() begin

[90mstdout[2m | tests/property/scoped-roles-processing-efficiency.test.ts[2m > [22m[2mProperty 10: Scoped Roles Processing Efficiency[2m > [22m[2mProperty 10.5: Role hierarchy cache should invalidate on role changes
[22m[39mGoTrueClient@sb-bgxknceshxxifwytalex-auth-token:0 (2.93.3) 2026-02-02T15:20:02.210Z #getSession() session from storage [1mnull[22m
GoTrueClient@sb-bgxknceshxxifwytalex-auth-token:0 (2.93.3) 2026-02-02T15:20:02.210Z #__loadSession() end

[90mstdout[2m | tests/property/scoped-roles-processing-efficiency.test.ts[2m > [22m[2mProperty 10: Scoped Roles Processing Efficiency[2m > [22m[2mProperty 10.5: Role hierarchy cache should invalidate on role changes
[22m[39mGoTrueClient@sb-bgxknceshxxifwytalex-auth-token:0 (2.93.3) 2026-02-02T15:20:02.210Z #_useSession end

[90mstdout[2m | tests/property/scoped-roles-processing-efficiency.test.ts[2m > [22m[2mProperty 10: Scoped Roles Processing Efficiency[2m > [22m[2mProperty 10.5: Role hierarchy cache should invalidate on role changes
[22m[39mGoTrueClient@sb-bgxknceshxxifwytalex-auth-token:0 (2.93.3) 2026-02-02T15:20:02.210Z #_acquireLock lock released for storage key sb-bgxknceshxxifwytalex-auth-token

[90mstdout[2m | tests/property/scoped-roles-processing-efficiency.test.ts[2m > [22m[2mProperty 10: Scoped Roles Processing Efficiency[2m > [22m[2mProperty 10.5: Role hierarchy cache should invalidate on role changes
[22m[39mGoTrueClient@sb-bgxknceshxxifwytalex-auth-token:0 (2.93.3) 2026-02-02T15:20:02.210Z #_acquireLock end

stderr | tests/property/scoped-roles-processing-efficiency.test.ts > Property 10: Scoped Roles Processing Efficiency > Property 10.5: Role hierarchy cache should invalidate on role changes
Error fetching org roles: {
  code: 'PGRST200',
  details: "Searched for a foreign key relationship between 'org_roles' and 'user_profiles' in the schema 'public', but no matches were found.",
  hint: null,
  message: "Could not find a relationship between 'org_roles' and 'user_profiles' in the schema cache"
}

[90mstdout[2m | tests/property/scoped-roles-processing-efficiency.test.ts[2m > [22m[2mProperty 10: Scoped Roles Processing Efficiency[2m > [22m[2mProperty 10.5: Role hierarchy cache should invalidate on role changes
[22m[39mGoTrueClient@sb-bgxknceshxxifwytalex-auth-token:0 (2.93.3) 2026-02-02T15:20:02.285Z #_acquireLock begin [33m10000[39m
GoTrueClient@sb-bgxknceshxxifwytalex-auth-token:0 (2.93.3) 2026-02-02T15:20:02.286Z #_acquireLock lock acquired for storage key sb-bgxknceshxxifwytalex-auth-token
GoTrueClient@sb-bgxknceshxxifwytalex-auth-token:0 (2.93.3) 2026-02-02T15:20:02.286Z #_useSession begin
GoTrueClient@sb-bgxknceshxxifwytalex-auth-token:0 (2.93.3) 2026-02-02T15:20:02.286Z #__loadSession() begin

[90mstdout[2m | tests/property/scoped-roles-processing-efficiency.test.ts[2m > [22m[2mProperty 10: Scoped Roles Processing Efficiency[2m > [22m[2mProperty 10.5: Role hierarchy cache should invalidate on role changes
[22m[39mGoTrueClient@sb-bgxknceshxxifwytalex-auth-token:0 (2.93.3) 2026-02-02T15:20:02.286Z #getSession() session from storage [1mnull[22m
GoTrueClient@sb-bgxknceshxxifwytalex-auth-token:0 (2.93.3) 2026-02-02T15:20:02.286Z #__loadSession() end

[90mstdout[2m | tests/property/scoped-roles-processing-efficiency.test.ts[2m > [22m[2mProperty 10: Scoped Roles Processing Efficiency[2m > [22m[2mProperty 10.5: Role hierarchy cache should invalidate on role changes
[22m[39mGoTrueClient@sb-bgxknceshxxifwytalex-auth-token:0 (2.93.3) 2026-02-02T15:20:02.286Z #_useSession end

[90mstdout[2m | tests/property/scoped-roles-processing-efficiency.test.ts[2m > [22m[2mProperty 10: Scoped Roles Processing Efficiency[2m > [22m[2mProperty 10.5: Role hierarchy cache should invalidate on role changes
[22m[39mGoTrueClient@sb-bgxknceshxxifwytalex-auth-token:0 (2.93.3) 2026-02-02T15:20:02.286Z #_acquireLock lock released for storage key sb-bgxknceshxxifwytalex-auth-token

[90mstdout[2m | tests/property/scoped-roles-processing-efficiency.test.ts[2m > [22m[2mProperty 10: Scoped Roles Processing Efficiency[2m > [22m[2mProperty 10.5: Role hierarchy cache should invalidate on role changes
[22m[39mGoTrueClient@sb-bgxknceshxxifwytalex-auth-token:0 (2.93.3) 2026-02-02T15:20:02.286Z #_acquireLock end

[90mstdout[2m | tests/property/scoped-roles-processing-efficiency.test.ts[2m > [22m[2mProperty 10: Scoped Roles Processing Efficiency[2m > [22m[2mProperty 10.5: Role hierarchy cache should invalidate on role changes
[22m[39mGoTrueClient@sb-bgxknceshxxifwytalex-auth-token:0 (2.93.3) 2026-02-02T15:20:02.348Z #_acquireLock begin [33m10000[39m
GoTrueClient@sb-bgxknceshxxifwytalex-auth-token:0 (2.93.3) 2026-02-02T15:20:02.348Z #_acquireLock lock acquired for storage key sb-bgxknceshxxifwytalex-auth-token
GoTrueClient@sb-bgxknceshxxifwytalex-auth-token:0 (2.93.3) 2026-02-02T15:20:02.348Z #_useSession begin
GoTrueClient@sb-bgxknceshxxifwytalex-auth-token:0 (2.93.3) 2026-02-02T15:20:02.348Z #__loadSession() begin

[90mstdout[2m | tests/property/scoped-roles-processing-efficiency.test.ts[2m > [22m[2mProperty 10: Scoped Roles Processing Efficiency[2m > [22m[2mProperty 10.5: Role hierarchy cache should invalidate on role changes
[22m[39mGoTrueClient@sb-bgxknceshxxifwytalex-auth-token:0 (2.93.3) 2026-02-02T15:20:02.348Z #getSession() session from storage [1mnull[22m
GoTrueClient@sb-bgxknceshxxifwytalex-auth-token:0 (2.93.3) 2026-02-02T15:20:02.348Z #__loadSession() end

[90mstdout[2m | tests/property/scoped-roles-processing-efficiency.test.ts[2m > [22m[2mProperty 10: Scoped Roles Processing Efficiency[2m > [22m[2mProperty 10.5: Role hierarchy cache should invalidate on role changes
[22m[39mGoTrueClient@sb-bgxknceshxxifwytalex-auth-token:0 (2.93.3) 2026-02-02T15:20:02.349Z #_useSession end

[90mstdout[2m | tests/property/scoped-roles-processing-efficiency.test.ts[2m > [22m[2mProperty 10: Scoped Roles Processing Efficiency[2m > [22m[2mProperty 10.5: Role hierarchy cache should invalidate on role changes
[22m[39mGoTrueClient@sb-bgxknceshxxifwytalex-auth-token:0 (2.93.3) 2026-02-02T15:20:02.349Z #_acquireLock lock released for storage key sb-bgxknceshxxifwytalex-auth-token

[90mstdout[2m | tests/property/scoped-roles-processing-efficiency.test.ts[2m > [22m[2mProperty 10: Scoped Roles Processing Efficiency[2m > [22m[2mProperty 10.5: Role hierarchy cache should invalidate on role changes
[22m[39mGoTrueClient@sb-bgxknceshxxifwytalex-auth-token:0 (2.93.3) 2026-02-02T15:20:02.349Z #_acquireLock end

stderr | tests/property/scoped-roles-processing-efficiency.test.ts > Property 10: Scoped Roles Processing Efficiency > Property 10.5: Role hierarchy cache should invalidate on role changes
Error fetching project roles: {
  code: 'PGRST200',
  details: "Searched for a foreign key relationship between 'project_roles' and 'user_profiles' in the schema 'public', but no matches were found.",
  hint: null,
  message: "Could not find a relationship between 'project_roles' and 'user_profiles' in the schema cache"
}

[90mstdout[2m | tests/property/scoped-roles-processing-efficiency.test.ts[2m > [22m[2mProperty 10: Scoped Roles Processing Efficiency[2m > [22m[2mProperty 10.5: Role hierarchy cache should invalidate on role changes
[22m[39mGoTrueClient@sb-bgxknceshxxifwytalex-auth-token:0 (2.93.3) 2026-02-02T15:20:02.377Z #_acquireLock begin [33m10000[39m
GoTrueClient@sb-bgxknceshxxifwytalex-auth-token:0 (2.93.3) 2026-02-02T15:20:02.377Z #_acquireLock lock acquired for storage key sb-bgxknceshxxifwytalex-auth-token
GoTrueClient@sb-bgxknceshxxifwytalex-auth-token:0 (2.93.3) 2026-02-02T15:20:02.377Z #_useSession begin
GoTrueClient@sb-bgxknceshxxifwytalex-auth-token:0 (2.93.3) 2026-02-02T15:20:02.377Z #__loadSession() begin

[90mstdout[2m | tests/property/scoped-roles-processing-efficiency.test.ts[2m > [22m[2mProperty 10: Scoped Roles Processing Efficiency[2m > [22m[2mProperty 10.5: Role hierarchy cache should invalidate on role changes
[22m[39mGoTrueClient@sb-bgxknceshxxifwytalex-auth-token:0 (2.93.3) 2026-02-02T15:20:02.377Z #getSession() session from storage [1mnull[22m
GoTrueClient@sb-bgxknceshxxifwytalex-auth-token:0 (2.93.3) 2026-02-02T15:20:02.377Z #__loadSession() end

[90mstdout[2m | tests/property/scoped-roles-processing-efficiency.test.ts[2m > [22m[2mProperty 10: Scoped Roles Processing Efficiency[2m > [22m[2mProperty 10.5: Role hierarchy cache should invalidate on role changes
[22m[39mGoTrueClient@sb-bgxknceshxxifwytalex-auth-token:0 (2.93.3) 2026-02-02T15:20:02.377Z #_useSession end

[90mstdout[2m | tests/property/scoped-roles-processing-efficiency.test.ts[2m > [22m[2mProperty 10: Scoped Roles Processing Efficiency[2m > [22m[2mProperty 10.5: Role hierarchy cache should invalidate on role changes
[22m[39mGoTrueClient@sb-bgxknceshxxifwytalex-auth-token:0 (2.93.3) 2026-02-02T15:20:02.377Z #_acquireLock lock released for storage key sb-bgxknceshxxifwytalex-auth-token

[90mstdout[2m | tests/property/scoped-roles-processing-efficiency.test.ts[2m > [22m[2mProperty 10: Scoped Roles Processing Efficiency[2m > [22m[2mProperty 10.5: Role hierarchy cache should invalidate on role changes
[22m[39mGoTrueClient@sb-bgxknceshxxifwytalex-auth-token:0 (2.93.3) 2026-02-02T15:20:02.378Z #_acquireLock end

stderr | tests/property/scoped-roles-processing-efficiency.test.ts > Property 10: Scoped Roles Processing Efficiency > Property 10.5: Role hierarchy cache should invalidate on role changes
Error fetching project roles: {
  code: 'PGRST200',
  details: "Searched for a foreign key relationship between 'project_roles' and 'user_profiles' in the schema 'public', but no matches were found.",
  hint: null,
  message: "Could not find a relationship between 'project_roles' and 'user_profiles' in the schema cache"
}

[90mstdout[2m | tests/property/scoped-roles-processing-efficiency.test.ts[2m > [22m[2mProperty 10: Scoped Roles Processing Efficiency[2m > [22m[2mProperty 10.5: Role hierarchy cache should invalidate on role changes
[22m[39mGoTrueClient@sb-bgxknceshxxifwytalex-auth-token:0 (2.93.3) 2026-02-02T15:20:02.416Z #_acquireLock begin [33m10000[39m
GoTrueClient@sb-bgxknceshxxifwytalex-auth-token:0 (2.93.3) 2026-02-02T15:20:02.417Z #_acquireLock lock acquired for storage key sb-bgxknceshxxifwytalex-auth-token
GoTrueClient@sb-bgxknceshxxifwytalex-auth-token:0 (2.93.3) 2026-02-02T15:20:02.417Z #_useSession begin
GoTrueClient@sb-bgxknceshxxifwytalex-auth-token:0 (2.93.3) 2026-02-02T15:20:02.417Z #__loadSession() begin

[90mstdout[2m | tests/property/scoped-roles-processing-efficiency.test.ts[2m > [22m[2mProperty 10: Scoped Roles Processing Efficiency[2m > [22m[2mProperty 10.5: Role hierarchy cache should invalidate on role changes
[22m[39mGoTrueClient@sb-bgxknceshxxifwytalex-auth-token:0 (2.93.3) 2026-02-02T15:20:02.417Z #getSession() session from storage [1mnull[22m
GoTrueClient@sb-bgxknceshxxifwytalex-auth-token:0 (2.93.3) 2026-02-02T15:20:02.417Z #__loadSession() end

[90mstdout[2m | tests/property/scoped-roles-processing-efficiency.test.ts[2m > [22m[2mProperty 10: Scoped Roles Processing Efficiency[2m > [22m[2mProperty 10.5: Role hierarchy cache should invalidate on role changes
[22m[39mGoTrueClient@sb-bgxknceshxxifwytalex-auth-token:0 (2.93.3) 2026-02-02T15:20:02.417Z #_useSession end

[90mstdout[2m | tests/property/scoped-roles-processing-efficiency.test.ts[2m > [22m[2mProperty 10: Scoped Roles Processing Efficiency[2m > [22m[2mProperty 10.5: Role hierarchy cache should invalidate on role changes
[22m[39mGoTrueClient@sb-bgxknceshxxifwytalex-auth-token:0 (2.93.3) 2026-02-02T15:20:02.417Z #_acquireLock lock released for storage key sb-bgxknceshxxifwytalex-auth-token

[90mstdout[2m | tests/property/scoped-roles-processing-efficiency.test.ts[2m > [22m[2mProperty 10: Scoped Roles Processing Efficiency[2m > [22m[2mProperty 10.5: Role hierarchy cache should invalidate on role changes
[22m[39mGoTrueClient@sb-bgxknceshxxifwytalex-auth-token:0 (2.93.3) 2026-02-02T15:20:02.417Z #_acquireLock end

stderr | tests/property/scoped-roles-processing-efficiency.test.ts > Property 10: Scoped Roles Processing Efficiency > Property 10.5: Role hierarchy cache should invalidate on role changes
Error fetching org roles: {
  code: 'PGRST200',
  details: "Searched for a foreign key relationship between 'org_roles' and 'user_profiles' in the schema 'public', but no matches were found.",
  hint: null,
  message: "Could not find a relationship between 'org_roles' and 'user_profiles' in the schema cache"
}

[90mstdout[2m | tests/property/scoped-roles-processing-efficiency.test.ts[2m > [22m[2mProperty 10: Scoped Roles Processing Efficiency[2m > [22m[2mProperty 10.5: Role hierarchy cache should invalidate on role changes
[22m[39mGoTrueClient@sb-bgxknceshxxifwytalex-auth-token:0 (2.93.3) 2026-02-02T15:20:02.422Z #_acquireLock begin [33m10000[39m
GoTrueClient@sb-bgxknceshxxifwytalex-auth-token:0 (2.93.3) 2026-02-02T15:20:02.422Z #_acquireLock lock acquired for storage key sb-bgxknceshxxifwytalex-auth-token
GoTrueClient@sb-bgxknceshxxifwytalex-auth-token:0 (2.93.3) 2026-02-02T15:20:02.422Z #_useSession begin
GoTrueClient@sb-bgxknceshxxifwytalex-auth-token:0 (2.93.3) 2026-02-02T15:20:02.422Z #__loadSession() begin

[90mstdout[2m | tests/property/scoped-roles-processing-efficiency.test.ts[2m > [22m[2mProperty 10: Scoped Roles Processing Efficiency[2m > [22m[2mProperty 10.5: Role hierarchy cache should invalidate on role changes
[22m[39mGoTrueClient@sb-bgxknceshxxifwytalex-auth-token:0 (2.93.3) 2026-02-02T15:20:02.422Z #getSession() session from storage [1mnull[22m
GoTrueClient@sb-bgxknceshxxifwytalex-auth-token:0 (2.93.3) 2026-02-02T15:20:02.422Z #__loadSession() end

[90mstdout[2m | tests/property/scoped-roles-processing-efficiency.test.ts[2m > [22m[2mProperty 10: Scoped Roles Processing Efficiency[2m > [22m[2mProperty 10.5: Role hierarchy cache should invalidate on role changes
[22m[39mGoTrueClient@sb-bgxknceshxxifwytalex-auth-token:0 (2.93.3) 2026-02-02T15:20:02.422Z #_useSession end

[90mstdout[2m | tests/property/scoped-roles-processing-efficiency.test.ts[2m > [22m[2mProperty 10: Scoped Roles Processing Efficiency[2m > [22m[2mProperty 10.5: Role hierarchy cache should invalidate on role changes
[22m[39mGoTrueClient@sb-bgxknceshxxifwytalex-auth-token:0 (2.93.3) 2026-02-02T15:20:02.422Z #_acquireLock lock released for storage key sb-bgxknceshxxifwytalex-auth-token

[90mstdout[2m | tests/property/scoped-roles-processing-efficiency.test.ts[2m > [22m[2mProperty 10: Scoped Roles Processing Efficiency[2m > [22m[2mProperty 10.5: Role hierarchy cache should invalidate on role changes
[22m[39mGoTrueClient@sb-bgxknceshxxifwytalex-auth-token:0 (2.93.3) 2026-02-02T15:20:02.423Z #_acquireLock end

stderr | tests/property/scoped-roles-processing-efficiency.test.ts > Property 10: Scoped Roles Processing Efficiency > Property 10.5: Role hierarchy cache should invalidate on role changes
Error fetching org roles: {
  code: 'PGRST200',
  details: "Searched for a foreign key relationship between 'org_roles' and 'user_profiles' in the schema 'public', but no matches were found.",
  hint: null,
  message: "Could not find a relationship between 'org_roles' and 'user_profiles' in the schema cache"
}

[90mstdout[2m | tests/property/scoped-roles-processing-efficiency.test.ts[2m > [22m[2mProperty 10: Scoped Roles Processing Efficiency[2m > [22m[2mProperty 10.5: Role hierarchy cache should invalidate on role changes
[22m[39mGoTrueClient@sb-bgxknceshxxifwytalex-auth-token:0 (2.93.3) 2026-02-02T15:20:02.490Z #_acquireLock begin [33m10000[39m
GoTrueClient@sb-bgxknceshxxifwytalex-auth-token:0 (2.93.3) 2026-02-02T15:20:02.490Z #_acquireLock lock acquired for storage key sb-bgxknceshxxifwytalex-auth-token
GoTrueClient@sb-bgxknceshxxifwytalex-auth-token:0 (2.93.3) 2026-02-02T15:20:02.490Z #_useSession begin
GoTrueClient@sb-bgxknceshxxifwytalex-auth-token:0 (2.93.3) 2026-02-02T15:20:02.490Z #__loadSession() begin

[90mstdout[2m | tests/property/scoped-roles-processing-efficiency.test.ts[2m > [22m[2mProperty 10: Scoped Roles Processing Efficiency[2m > [22m[2mProperty 10.5: Role hierarchy cache should invalidate on role changes
[22m[39mGoTrueClient@sb-bgxknceshxxifwytalex-auth-token:0 (2.93.3) 2026-02-02T15:20:02.490Z #getSession() session from storage [1mnull[22m
GoTrueClient@sb-bgxknceshxxifwytalex-auth-token:0 (2.93.3) 2026-02-02T15:20:02.490Z #__loadSession() end

[90mstdout[2m | tests/property/scoped-roles-processing-efficiency.test.ts[2m > [22m[2mProperty 10: Scoped Roles Processing Efficiency[2m > [22m[2mProperty 10.5: Role hierarchy cache should invalidate on role changes
[22m[39mGoTrueClient@sb-bgxknceshxxifwytalex-auth-token:0 (2.93.3) 2026-02-02T15:20:02.491Z #_useSession end

[90mstdout[2m | tests/property/scoped-roles-processing-efficiency.test.ts[2m > [22m[2mProperty 10: Scoped Roles Processing Efficiency[2m > [22m[2mProperty 10.5: Role hierarchy cache should invalidate on role changes
[22m[39mGoTrueClient@sb-bgxknceshxxifwytalex-auth-token:0 (2.93.3) 2026-02-02T15:20:02.491Z #_acquireLock lock released for storage key sb-bgxknceshxxifwytalex-auth-token

[90mstdout[2m | tests/property/scoped-roles-processing-efficiency.test.ts[2m > [22m[2mProperty 10: Scoped Roles Processing Efficiency[2m > [22m[2mProperty 10.5: Role hierarchy cache should invalidate on role changes
[22m[39mGoTrueClient@sb-bgxknceshxxifwytalex-auth-token:0 (2.93.3) 2026-02-02T15:20:02.491Z #_acquireLock end

[90mstdout[2m | tests/property/scoped-roles-processing-efficiency.test.ts[2m > [22m[2mProperty 10: Scoped Roles Processing Efficiency[2m > [22m[2mProperty 10.5: Role hierarchy cache should invalidate on role changes
[22m[39mGoTrueClient@sb-bgxknceshxxifwytalex-auth-token:0 (2.93.3) 2026-02-02T15:20:02.541Z #_acquireLock begin [33m10000[39m
GoTrueClient@sb-bgxknceshxxifwytalex-auth-token:0 (2.93.3) 2026-02-02T15:20:02.541Z #_acquireLock lock acquired for storage key sb-bgxknceshxxifwytalex-auth-token
GoTrueClient@sb-bgxknceshxxifwytalex-auth-token:0 (2.93.3) 2026-02-02T15:20:02.541Z #_useSession begin
GoTrueClient@sb-bgxknceshxxifwytalex-auth-token:0 (2.93.3) 2026-02-02T15:20:02.541Z #__loadSession() begin

[90mstdout[2m | tests/property/scoped-roles-processing-efficiency.test.ts[2m > [22m[2mProperty 10: Scoped Roles Processing Efficiency[2m > [22m[2mProperty 10.5: Role hierarchy cache should invalidate on role changes
[22m[39mGoTrueClient@sb-bgxknceshxxifwytalex-auth-token:0 (2.93.3) 2026-02-02T15:20:02.541Z #getSession() session from storage [1mnull[22m
GoTrueClient@sb-bgxknceshxxifwytalex-auth-token:0 (2.93.3) 2026-02-02T15:20:02.541Z #__loadSession() end

[90mstdout[2m | tests/property/scoped-roles-processing-efficiency.test.ts[2m > [22m[2mProperty 10: Scoped Roles Processing Efficiency[2m > [22m[2mProperty 10.5: Role hierarchy cache should invalidate on role changes
[22m[39mGoTrueClient@sb-bgxknceshxxifwytalex-auth-token:0 (2.93.3) 2026-02-02T15:20:02.542Z #_useSession end

[90mstdout[2m | tests/property/scoped-roles-processing-efficiency.test.ts[2m > [22m[2mProperty 10: Scoped Roles Processing Efficiency[2m > [22m[2mProperty 10.5: Role hierarchy cache should invalidate on role changes
[22m[39mGoTrueClient@sb-bgxknceshxxifwytalex-auth-token:0 (2.93.3) 2026-02-02T15:20:02.542Z #_acquireLock lock released for storage key sb-bgxknceshxxifwytalex-auth-token

[90mstdout[2m | tests/property/scoped-roles-processing-efficiency.test.ts[2m > [22m[2mProperty 10: Scoped Roles Processing Efficiency[2m > [22m[2mProperty 10.5: Role hierarchy cache should invalidate on role changes
[22m[39mGoTrueClient@sb-bgxknceshxxifwytalex-auth-token:0 (2.93.3) 2026-02-02T15:20:02.542Z #_acquireLock end

stderr | tests/property/scoped-roles-processing-efficiency.test.ts > Property 10: Scoped Roles Processing Efficiency > Property 10.5: Role hierarchy cache should invalidate on role changes
Error fetching org roles: {
  code: 'PGRST200',
  details: "Searched for a foreign key relationship between 'org_roles' and 'user_profiles' in the schema 'public', but no matches were found.",
  hint: null,
  message: "Could not find a relationship between 'org_roles' and 'user_profiles' in the schema cache"
}

[90mstdout[2m | tests/property/scoped-roles-processing-efficiency.test.ts[2m > [22m[2mProperty 10: Scoped Roles Processing Efficiency[2m > [22m[2mProperty 10.5: Role hierarchy cache should invalidate on role changes
[22m[39mGoTrueClient@sb-bgxknceshxxifwytalex-auth-token:0 (2.93.3) 2026-02-02T15:20:02.582Z #_acquireLock begin [33m10000[39m
GoTrueClient@sb-bgxknceshxxifwytalex-auth-token:0 (2.93.3) 2026-02-02T15:20:02.582Z #_acquireLock lock acquired for storage key sb-bgxknceshxxifwytalex-auth-token
GoTrueClient@sb-bgxknceshxxifwytalex-auth-token:0 (2.93.3) 2026-02-02T15:20:02.582Z #_useSession begin
GoTrueClient@sb-bgxknceshxxifwytalex-auth-token:0 (2.93.3) 2026-02-02T15:20:02.582Z #__loadSession() begin

[90mstdout[2m | tests/property/scoped-roles-processing-efficiency.test.ts[2m > [22m[2mProperty 10: Scoped Roles Processing Efficiency[2m > [22m[2mProperty 10.5: Role hierarchy cache should invalidate on role changes
[22m[39mGoTrueClient@sb-bgxknceshxxifwytalex-auth-token:0 (2.93.3) 2026-02-02T15:20:02.582Z #getSession() session from storage [1mnull[22m
GoTrueClient@sb-bgxknceshxxifwytalex-auth-token:0 (2.93.3) 2026-02-02T15:20:02.582Z #__loadSession() end

[90mstdout[2m | tests/property/scoped-roles-processing-efficiency.test.ts[2m > [22m[2mProperty 10: Scoped Roles Processing Efficiency[2m > [22m[2mProperty 10.5: Role hierarchy cache should invalidate on role changes
[22m[39mGoTrueClient@sb-bgxknceshxxifwytalex-auth-token:0 (2.93.3) 2026-02-02T15:20:02.582Z #_useSession end

[90mstdout[2m | tests/property/scoped-roles-processing-efficiency.test.ts[2m > [22m[2mProperty 10: Scoped Roles Processing Efficiency[2m > [22m[2mProperty 10.5: Role hierarchy cache should invalidate on role changes
[22m[39mGoTrueClient@sb-bgxknceshxxifwytalex-auth-token:0 (2.93.3) 2026-02-02T15:20:02.582Z #_acquireLock lock released for storage key sb-bgxknceshxxifwytalex-auth-token

[90mstdout[2m | tests/property/scoped-roles-processing-efficiency.test.ts[2m > [22m[2mProperty 10: Scoped Roles Processing Efficiency[2m > [22m[2mProperty 10.5: Role hierarchy cache should invalidate on role changes
[22m[39mGoTrueClient@sb-bgxknceshxxifwytalex-auth-token:0 (2.93.3) 2026-02-02T15:20:02.582Z #_acquireLock end

stderr | tests/property/scoped-roles-processing-efficiency.test.ts > Property 10: Scoped Roles Processing Efficiency > Property 10.5: Role hierarchy cache should invalidate on role changes
Error fetching org roles: {
  code: 'PGRST200',
  details: "Searched for a foreign key relationship between 'org_roles' and 'user_profiles' in the schema 'public', but no matches were found.",
  hint: null,
  message: "Could not find a relationship between 'org_roles' and 'user_profiles' in the schema cache"
}

[90mstdout[2m | tests/property/scoped-roles-processing-efficiency.test.ts[2m > [22m[2mProperty 10: Scoped Roles Processing Efficiency[2m > [22m[2mProperty 10.5: Role hierarchy cache should invalidate on role changes
[22m[39mGoTrueClient@sb-bgxknceshxxifwytalex-auth-token:0 (2.93.3) 2026-02-02T15:20:02.639Z #_acquireLock begin [33m10000[39m
GoTrueClient@sb-bgxknceshxxifwytalex-auth-token:0 (2.93.3) 2026-02-02T15:20:02.639Z #_acquireLock lock acquired for storage key sb-bgxknceshxxifwytalex-auth-token
GoTrueClient@sb-bgxknceshxxifwytalex-auth-token:0 (2.93.3) 2026-02-02T15:20:02.639Z #_useSession begin
GoTrueClient@sb-bgxknceshxxifwytalex-auth-token:0 (2.93.3) 2026-02-02T15:20:02.639Z #__loadSession() begin

[90mstdout[2m | tests/property/scoped-roles-processing-efficiency.test.ts[2m > [22m[2mProperty 10: Scoped Roles Processing Efficiency[2m > [22m[2mProperty 10.5: Role hierarchy cache should invalidate on role changes
[22m[39mGoTrueClient@sb-bgxknceshxxifwytalex-auth-token:0 (2.93.3) 2026-02-02T15:20:02.639Z #getSession() session from storage [1mnull[22m
GoTrueClient@sb-bgxknceshxxifwytalex-auth-token:0 (2.93.3) 2026-02-02T15:20:02.639Z #__loadSession() end

[90mstdout[2m | tests/property/scoped-roles-processing-efficiency.test.ts[2m > [22m[2mProperty 10: Scoped Roles Processing Efficiency[2m > [22m[2mProperty 10.5: Role hierarchy cache should invalidate on role changes
[22m[39mGoTrueClient@sb-bgxknceshxxifwytalex-auth-token:0 (2.93.3) 2026-02-02T15:20:02.639Z #_useSession end

[90mstdout[2m | tests/property/scoped-roles-processing-efficiency.test.ts[2m > [22m[2mProperty 10: Scoped Roles Processing Efficiency[2m > [22m[2mProperty 10.5: Role hierarchy cache should invalidate on role changes
[22m[39mGoTrueClient@sb-bgxknceshxxifwytalex-auth-token:0 (2.93.3) 2026-02-02T15:20:02.640Z #_acquireLock lock released for storage key sb-bgxknceshxxifwytalex-auth-token

[90mstdout[2m | tests/property/scoped-roles-processing-efficiency.test.ts[2m > [22m[2mProperty 10: Scoped Roles Processing Efficiency[2m > [22m[2mProperty 10.5: Role hierarchy cache should invalidate on role changes
[22m[39mGoTrueClient@sb-bgxknceshxxifwytalex-auth-token:0 (2.93.3) 2026-02-02T15:20:02.640Z #_acquireLock end

stderr | tests/property/scoped-roles-processing-efficiency.test.ts > Property 10: Scoped Roles Processing Efficiency > Property 10.5: Role hierarchy cache should invalidate on role changes
Error fetching project roles: {
  code: 'PGRST200',
  details: "Searched for a foreign key relationship between 'project_roles' and 'user_profiles' in the schema 'public', but no matches were found.",
  hint: null,
  message: "Could not find a relationship between 'project_roles' and 'user_profiles' in the schema cache"
}

[90mstdout[2m | tests/property/scoped-roles-processing-efficiency.test.ts[2m > [22m[2mProperty 10: Scoped Roles Processing Efficiency[2m > [22m[2mProperty 10.5: Role hierarchy cache should invalidate on role changes
[22m[39mGoTrueClient@sb-bgxknceshxxifwytalex-auth-token:0 (2.93.3) 2026-02-02T15:20:02.644Z #_acquireLock begin [33m10000[39m
GoTrueClient@sb-bgxknceshxxifwytalex-auth-token:0 (2.93.3) 2026-02-02T15:20:02.644Z #_acquireLock lock acquired for storage key sb-bgxknceshxxifwytalex-auth-token
GoTrueClient@sb-bgxknceshxxifwytalex-auth-token:0 (2.93.3) 2026-02-02T15:20:02.644Z #_useSession begin
GoTrueClient@sb-bgxknceshxxifwytalex-auth-token:0 (2.93.3) 2026-02-02T15:20:02.644Z #__loadSession() begin

[90mstdout[2m | tests/property/scoped-roles-processing-efficiency.test.ts[2m > [22m[2mProperty 10: Scoped Roles Processing Efficiency[2m > [22m[2mProperty 10.5: Role hierarchy cache should invalidate on role changes
[22m[39mGoTrueClient@sb-bgxknceshxxifwytalex-auth-token:0 (2.93.3) 2026-02-02T15:20:02.644Z #getSession() session from storage [1mnull[22m
GoTrueClient@sb-bgxknceshxxifwytalex-auth-token:0 (2.93.3) 2026-02-02T15:20:02.644Z #__loadSession() end

[90mstdout[2m | tests/property/scoped-roles-processing-efficiency.test.ts[2m > [22m[2mProperty 10: Scoped Roles Processing Efficiency[2m > [22m[2mProperty 10.5: Role hierarchy cache should invalidate on role changes
[22m[39mGoTrueClient@sb-bgxknceshxxifwytalex-auth-token:0 (2.93.3) 2026-02-02T15:20:02.644Z #_useSession end

[90mstdout[2m | tests/property/scoped-roles-processing-efficiency.test.ts[2m > [22m[2mProperty 10: Scoped Roles Processing Efficiency[2m > [22m[2mProperty 10.5: Role hierarchy cache should invalidate on role changes
[22m[39mGoTrueClient@sb-bgxknceshxxifwytalex-auth-token:0 (2.93.3) 2026-02-02T15:20:02.644Z #_acquireLock lock released for storage key sb-bgxknceshxxifwytalex-auth-token

[90mstdout[2m | tests/property/scoped-roles-processing-efficiency.test.ts[2m > [22m[2mProperty 10: Scoped Roles Processing Efficiency[2m > [22m[2mProperty 10.5: Role hierarchy cache should invalidate on role changes
[22m[39mGoTrueClient@sb-bgxknceshxxifwytalex-auth-token:0 (2.93.3) 2026-02-02T15:20:02.645Z #_acquireLock end

[90mstdout[2m | tests/property/scoped-roles-processing-efficiency.test.ts[2m > [22m[2mProperty 10: Scoped Roles Processing Efficiency[2m > [22m[2mProperty 10.6: Org role operations should not affect project/system role caches
[22m[39mGoTrueClient@sb-bgxknceshxxifwytalex-auth-token:0 (2.93.3) 2026-02-02T15:20:02.649Z #_acquireLock begin [33m10000[39m
GoTrueClient@sb-bgxknceshxxifwytalex-auth-token:0 (2.93.3) 2026-02-02T15:20:02.649Z #_acquireLock lock acquired for storage key sb-bgxknceshxxifwytalex-auth-token
GoTrueClient@sb-bgxknceshxxifwytalex-auth-token:0 (2.93.3) 2026-02-02T15:20:02.649Z #_useSession begin
GoTrueClient@sb-bgxknceshxxifwytalex-auth-token:0 (2.93.3) 2026-02-02T15:20:02.649Z #__loadSession() begin

[90mstdout[2m | tests/property/scoped-roles-processing-efficiency.test.ts[2m > [22m[2mProperty 10: Scoped Roles Processing Efficiency[2m > [22m[2mProperty 10.6: Org role operations should not affect project/system role caches
[22m[39mGoTrueClient@sb-bgxknceshxxifwytalex-auth-token:0 (2.93.3) 2026-02-02T15:20:02.649Z #getSession() session from storage [1mnull[22m
GoTrueClient@sb-bgxknceshxxifwytalex-auth-token:0 (2.93.3) 2026-02-02T15:20:02.649Z #__loadSession() end

[90mstdout[2m | tests/property/scoped-roles-processing-efficiency.test.ts[2m > [22m[2mProperty 10: Scoped Roles Processing Efficiency[2m > [22m[2mProperty 10.6: Org role operations should not affect project/system role caches
[22m[39mGoTrueClient@sb-bgxknceshxxifwytalex-auth-token:0 (2.93.3) 2026-02-02T15:20:02.649Z #_useSession end

[90mstdout[2m | tests/property/scoped-roles-processing-efficiency.test.ts[2m > [22m[2mProperty 10: Scoped Roles Processing Efficiency[2m > [22m[2mProperty 10.6: Org role operations should not affect project/system role caches
[22m[39mGoTrueClient@sb-bgxknceshxxifwytalex-auth-token:0 (2.93.3) 2026-02-02T15:20:02.649Z #_acquireLock lock released for storage key sb-bgxknceshxxifwytalex-auth-token

[90mstdout[2m | tests/property/scoped-roles-processing-efficiency.test.ts[2m > [22m[2mProperty 10: Scoped Roles Processing Efficiency[2m > [22m[2mProperty 10.6: Org role operations should not affect project/system role caches
[22m[39mGoTrueClient@sb-bgxknceshxxifwytalex-auth-token:0 (2.93.3) 2026-02-02T15:20:02.649Z #_acquireLock end

stderr | tests/property/scoped-roles-processing-efficiency.test.ts > Property 10: Scoped Roles Processing Efficiency > Property 10.6: Org role operations should not affect project/system role caches
Error fetching org roles: {
  code: 'PGRST200',
  details: "Searched for a foreign key relationship between 'org_roles' and 'user_profiles' in the schema 'public', but no matches were found.",
  hint: null,
  message: "Could not find a relationship between 'org_roles' and 'user_profiles' in the schema cache"
}

[90mstdout[2m | tests/property/scoped-roles-processing-efficiency.test.ts[2m > [22m[2mProperty 10: Scoped Roles Processing Efficiency[2m > [22m[2mProperty 10.6: Org role operations should not affect project/system role caches
[22m[39mGoTrueClient@sb-bgxknceshxxifwytalex-auth-token:0 (2.93.3) 2026-02-02T15:20:02.706Z #_acquireLock begin [33m10000[39m
GoTrueClient@sb-bgxknceshxxifwytalex-auth-token:0 (2.93.3) 2026-02-02T15:20:02.706Z #_acquireLock lock acquired for storage key sb-bgxknceshxxifwytalex-auth-token
GoTrueClient@sb-bgxknceshxxifwytalex-auth-token:0 (2.93.3) 2026-02-02T15:20:02.706Z #_useSession begin
GoTrueClient@sb-bgxknceshxxifwytalex-auth-token:0 (2.93.3) 2026-02-02T15:20:02.706Z #__loadSession() begin

[90mstdout[2m | tests/property/scoped-roles-processing-efficiency.test.ts[2m > [22m[2mProperty 10: Scoped Roles Processing Efficiency[2m > [22m[2mProperty 10.6: Org role operations should not affect project/system role caches
[22m[39mGoTrueClient@sb-bgxknceshxxifwytalex-auth-token:0 (2.93.3) 2026-02-02T15:20:02.707Z #getSession() session from storage [1mnull[22m
GoTrueClient@sb-bgxknceshxxifwytalex-auth-token:0 (2.93.3) 2026-02-02T15:20:02.707Z #__loadSession() end

[90mstdout[2m | tests/property/scoped-roles-processing-efficiency.test.ts[2m > [22m[2mProperty 10: Scoped Roles Processing Efficiency[2m > [22m[2mProperty 10.6: Org role operations should not affect project/system role caches
[22m[39mGoTrueClient@sb-bgxknceshxxifwytalex-auth-token:0 (2.93.3) 2026-02-02T15:20:02.707Z #_useSession end

[90mstdout[2m | tests/property/scoped-roles-processing-efficiency.test.ts[2m > [22m[2mProperty 10: Scoped Roles Processing Efficiency[2m > [22m[2mProperty 10.6: Org role operations should not affect project/system role caches
[22m[39mGoTrueClient@sb-bgxknceshxxifwytalex-auth-token:0 (2.93.3) 2026-02-02T15:20:02.707Z #_acquireLock lock released for storage key sb-bgxknceshxxifwytalex-auth-token

[90mstdout[2m | tests/property/scoped-roles-processing-efficiency.test.ts[2m > [22m[2mProperty 10: Scoped Roles Processing Efficiency[2m > [22m[2mProperty 10.6: Org role operations should not affect project/system role caches
[22m[39mGoTrueClient@sb-bgxknceshxxifwytalex-auth-token:0 (2.93.3) 2026-02-02T15:20:02.707Z #_acquireLock end

[90mstdout[2m | tests/property/scoped-roles-processing-efficiency.test.ts[2m > [22m[2mProperty 10: Scoped Roles Processing Efficiency[2m > [22m[2mProperty 10.6: Org role operations should not affect project/system role caches
[22m[39mGoTrueClient@sb-bgxknceshxxifwytalex-auth-token:0 (2.93.3) 2026-02-02T15:20:02.758Z #_acquireLock begin [33m10000[39m
GoTrueClient@sb-bgxknceshxxifwytalex-auth-token:0 (2.93.3) 2026-02-02T15:20:02.758Z #_acquireLock lock acquired for storage key sb-bgxknceshxxifwytalex-auth-token
GoTrueClient@sb-bgxknceshxxifwytalex-auth-token:0 (2.93.3) 2026-02-02T15:20:02.758Z #_useSession begin
GoTrueClient@sb-bgxknceshxxifwytalex-auth-token:0 (2.93.3) 2026-02-02T15:20:02.758Z #__loadSession() begin

[90mstdout[2m | tests/property/scoped-roles-processing-efficiency.test.ts[2m > [22m[2mProperty 10: Scoped Roles Processing Efficiency[2m > [22m[2mProperty 10.6: Org role operations should not affect project/system role caches
[22m[39mGoTrueClient@sb-bgxknceshxxifwytalex-auth-token:0 (2.93.3) 2026-02-02T15:20:02.758Z #getSession() session from storage [1mnull[22m
GoTrueClient@sb-bgxknceshxxifwytalex-auth-token:0 (2.93.3) 2026-02-02T15:20:02.759Z #__loadSession() end

[90mstdout[2m | tests/property/scoped-roles-processing-efficiency.test.ts[2m > [22m[2mProperty 10: Scoped Roles Processing Efficiency[2m > [22m[2mProperty 10.6: Org role operations should not affect project/system role caches
[22m[39mGoTrueClient@sb-bgxknceshxxifwytalex-auth-token:0 (2.93.3) 2026-02-02T15:20:02.759Z #_useSession end

[90mstdout[2m | tests/property/scoped-roles-processing-efficiency.test.ts[2m > [22m[2mProperty 10: Scoped Roles Processing Efficiency[2m > [22m[2mProperty 10.6: Org role operations should not affect project/system role caches
[22m[39mGoTrueClient@sb-bgxknceshxxifwytalex-auth-token:0 (2.93.3) 2026-02-02T15:20:02.759Z #_acquireLock lock released for storage key sb-bgxknceshxxifwytalex-auth-token

[90mstdout[2m | tests/property/scoped-roles-processing-efficiency.test.ts[2m > [22m[2mProperty 10: Scoped Roles Processing Efficiency[2m > [22m[2mProperty 10.6: Org role operations should not affect project/system role caches
[22m[39mGoTrueClient@sb-bgxknceshxxifwytalex-auth-token:0 (2.93.3) 2026-02-02T15:20:02.759Z #_acquireLock end

stderr | tests/property/scoped-roles-processing-efficiency.test.ts > Property 10: Scoped Roles Processing Efficiency > Property 10.6: Org role operations should not affect project/system role caches
Error fetching project roles: {
  code: 'PGRST200',
  details: "Searched for a foreign key relationship between 'project_roles' and 'user_profiles' in the schema 'public', but no matches were found.",
  hint: null,
  message: "Could not find a relationship between 'project_roles' and 'user_profiles' in the schema cache"
}

[90mstdout[2m | tests/property/scoped-roles-processing-efficiency.test.ts[2m > [22m[2mProperty 10: Scoped Roles Processing Efficiency[2m > [22m[2mProperty 10.6: Org role operations should not affect project/system role caches
[22m[39mGoTrueClient@sb-bgxknceshxxifwytalex-auth-token:0 (2.93.3) 2026-02-02T15:20:02.781Z #_acquireLock begin [33m10000[39m
GoTrueClient@sb-bgxknceshxxifwytalex-auth-token:0 (2.93.3) 2026-02-02T15:20:02.781Z #_acquireLock lock acquired for storage key sb-bgxknceshxxifwytalex-auth-token
GoTrueClient@sb-bgxknceshxxifwytalex-auth-token:0 (2.93.3) 2026-02-02T15:20:02.781Z #_useSession begin
GoTrueClient@sb-bgxknceshxxifwytalex-auth-token:0 (2.93.3) 2026-02-02T15:20:02.781Z #__loadSession() begin

[90mstdout[2m | tests/property/scoped-roles-processing-efficiency.test.ts[2m > [22m[2mProperty 10: Scoped Roles Processing Efficiency[2m > [22m[2mProperty 10.6: Org role operations should not affect project/system role caches
[22m[39mGoTrueClient@sb-bgxknceshxxifwytalex-auth-token:0 (2.93.3) 2026-02-02T15:20:02.781Z #getSession() session from storage [1mnull[22m
GoTrueClient@sb-bgxknceshxxifwytalex-auth-token:0 (2.93.3) 2026-02-02T15:20:02.781Z #__loadSession() end

[90mstdout[2m | tests/property/scoped-roles-processing-efficiency.test.ts[2m > [22m[2mProperty 10: Scoped Roles Processing Efficiency[2m > [22m[2mProperty 10.6: Org role operations should not affect project/system role caches
[22m[39mGoTrueClient@sb-bgxknceshxxifwytalex-auth-token:0 (2.93.3) 2026-02-02T15:20:02.781Z #_useSession end

[90mstdout[2m | tests/property/scoped-roles-processing-efficiency.test.ts[2m > [22m[2mProperty 10: Scoped Roles Processing Efficiency[2m > [22m[2mProperty 10.6: Org role operations should not affect project/system role caches
[22m[39mGoTrueClient@sb-bgxknceshxxifwytalex-auth-token:0 (2.93.3) 2026-02-02T15:20:02.781Z #_acquireLock lock released for storage key sb-bgxknceshxxifwytalex-auth-token

[90mstdout[2m | tests/property/scoped-roles-processing-efficiency.test.ts[2m > [22m[2mProperty 10: Scoped Roles Processing Efficiency[2m > [22m[2mProperty 10.6: Org role operations should not affect project/system role caches
[22m[39mGoTrueClient@sb-bgxknceshxxifwytalex-auth-token:0 (2.93.3) 2026-02-02T15:20:02.782Z #_acquireLock end

stderr | tests/property/scoped-roles-processing-efficiency.test.ts > Property 10: Scoped Roles Processing Efficiency > Property 10.6: Org role operations should not affect project/system role caches
Error fetching org roles: {
  code: 'PGRST200',
  details: "Searched for a foreign key relationship between 'org_roles' and 'user_profiles' in the schema 'public', but no matches were found.",
  hint: null,
  message: "Could not find a relationship between 'org_roles' and 'user_profiles' in the schema cache"
}

[90mstdout[2m | tests/property/scoped-roles-processing-efficiency.test.ts[2m > [22m[2mProperty 10: Scoped Roles Processing Efficiency[2m > [22m[2mProperty 10.6: Org role operations should not affect project/system role caches
[22m[39mGoTrueClient@sb-bgxknceshxxifwytalex-auth-token:0 (2.93.3) 2026-02-02T15:20:02.842Z #_acquireLock begin [33m10000[39m
GoTrueClient@sb-bgxknceshxxifwytalex-auth-token:0 (2.93.3) 2026-02-02T15:20:02.842Z #_acquireLock lock acquired for storage key sb-bgxknceshxxifwytalex-auth-token
GoTrueClient@sb-bgxknceshxxifwytalex-auth-token:0 (2.93.3) 2026-02-02T15:20:02.842Z #_useSession begin
GoTrueClient@sb-bgxknceshxxifwytalex-auth-token:0 (2.93.3) 2026-02-02T15:20:02.842Z #__loadSession() begin

[90mstdout[2m | tests/property/scoped-roles-processing-efficiency.test.ts[2m > [22m[2mProperty 10: Scoped Roles Processing Efficiency[2m > [22m[2mProperty 10.6: Org role operations should not affect project/system role caches
[22m[39mGoTrueClient@sb-bgxknceshxxifwytalex-auth-token:0 (2.93.3) 2026-02-02T15:20:02.842Z #getSession() session from storage [1mnull[22m
GoTrueClient@sb-bgxknceshxxifwytalex-auth-token:0 (2.93.3) 2026-02-02T15:20:02.842Z #__loadSession() end

[90mstdout[2m | tests/property/scoped-roles-processing-efficiency.test.ts[2m > [22m[2mProperty 10: Scoped Roles Processing Efficiency[2m > [22m[2mProperty 10.6: Org role operations should not affect project/system role caches
[22m[39mGoTrueClient@sb-bgxknceshxxifwytalex-auth-token:0 (2.93.3) 2026-02-02T15:20:02.842Z #_useSession end

[90mstdout[2m | tests/property/scoped-roles-processing-efficiency.test.ts[2m > [22m[2mProperty 10: Scoped Roles Processing Efficiency[2m > [22m[2mProperty 10.6: Org role operations should not affect project/system role caches
[22m[39mGoTrueClient@sb-bgxknceshxxifwytalex-auth-token:0 (2.93.3) 2026-02-02T15:20:02.842Z #_acquireLock lock released for storage key sb-bgxknceshxxifwytalex-auth-token

[90mstdout[2m | tests/property/scoped-roles-processing-efficiency.test.ts[2m > [22m[2mProperty 10: Scoped Roles Processing Efficiency[2m > [22m[2mProperty 10.6: Org role operations should not affect project/system role caches
[22m[39mGoTrueClient@sb-bgxknceshxxifwytalex-auth-token:0 (2.93.3) 2026-02-02T15:20:02.842Z #_acquireLock end

stderr | tests/property/scoped-roles-processing-efficiency.test.ts > Property 10: Scoped Roles Processing Efficiency > Property 10.6: Org role operations should not affect project/system role caches
Error fetching org roles: {
  code: 'PGRST200',
  details: "Searched for a foreign key relationship between 'org_roles' and 'user_profiles' in the schema 'public', but no matches were found.",
  hint: null,
  message: "Could not find a relationship between 'org_roles' and 'user_profiles' in the schema cache"
}

[90mstdout[2m | tests/property/scoped-roles-processing-efficiency.test.ts[2m > [22m[2mProperty 10: Scoped Roles Processing Efficiency[2m > [22m[2mProperty 10.6: Org role operations should not affect project/system role caches
[22m[39mGoTrueClient@sb-bgxknceshxxifwytalex-auth-token:0 (2.93.3) 2026-02-02T15:20:02.846Z #_acquireLock begin [33m10000[39m
GoTrueClient@sb-bgxknceshxxifwytalex-auth-token:0 (2.93.3) 2026-02-02T15:20:02.846Z #_acquireLock lock acquired for storage key sb-bgxknceshxxifwytalex-auth-token
GoTrueClient@sb-bgxknceshxxifwytalex-auth-token:0 (2.93.3) 2026-02-02T15:20:02.846Z #_useSession begin
GoTrueClient@sb-bgxknceshxxifwytalex-auth-token:0 (2.93.3) 2026-02-02T15:20:02.846Z #__loadSession() begin

[90mstdout[2m | tests/property/scoped-roles-processing-efficiency.test.ts[2m > [22m[2mProperty 10: Scoped Roles Processing Efficiency[2m > [22m[2mProperty 10.6: Org role operations should not affect project/system role caches
[22m[39mGoTrueClient@sb-bgxknceshxxifwytalex-auth-token:0 (2.93.3) 2026-02-02T15:20:02.846Z #getSession() session from storage [1mnull[22m
GoTrueClient@sb-bgxknceshxxifwytalex-auth-token:0 (2.93.3) 2026-02-02T15:20:02.846Z #__loadSession() end

[90mstdout[2m | tests/property/scoped-roles-processing-efficiency.test.ts[2m > [22m[2mProperty 10: Scoped Roles Processing Efficiency[2m > [22m[2mProperty 10.6: Org role operations should not affect project/system role caches
[22m[39mGoTrueClient@sb-bgxknceshxxifwytalex-auth-token:0 (2.93.3) 2026-02-02T15:20:02.846Z #_useSession end

[90mstdout[2m | tests/property/scoped-roles-processing-efficiency.test.ts[2m > [22m[2mProperty 10: Scoped Roles Processing Efficiency[2m > [22m[2mProperty 10.6: Org role operations should not affect project/system role caches
[22m[39mGoTrueClient@sb-bgxknceshxxifwytalex-auth-token:0 (2.93.3) 2026-02-02T15:20:02.846Z #_acquireLock lock released for storage key sb-bgxknceshxxifwytalex-auth-token

[90mstdout[2m | tests/property/scoped-roles-processing-efficiency.test.ts[2m > [22m[2mProperty 10: Scoped Roles Processing Efficiency[2m > [22m[2mProperty 10.6: Org role operations should not affect project/system role caches
[22m[39mGoTrueClient@sb-bgxknceshxxifwytalex-auth-token:0 (2.93.3) 2026-02-02T15:20:02.846Z #_acquireLock end

stderr | tests/property/scoped-roles-processing-efficiency.test.ts > Property 10: Scoped Roles Processing Efficiency > Property 10.6: Org role operations should not affect project/system role caches
Error fetching project roles: {
  code: 'PGRST200',
  details: "Searched for a foreign key relationship between 'project_roles' and 'user_profiles' in the schema 'public', but no matches were found.",
  hint: null,
  message: "Could not find a relationship between 'project_roles' and 'user_profiles' in the schema cache"
}

[90mstdout[2m | tests/property/scoped-roles-processing-efficiency.test.ts[2m > [22m[2mProperty 10: Scoped Roles Processing Efficiency[2m > [22m[2mProperty 10.6: Org role operations should not affect project/system role caches
[22m[39mGoTrueClient@sb-bgxknceshxxifwytalex-auth-token:0 (2.93.3) 2026-02-02T15:20:02.874Z #_acquireLock begin [33m10000[39m
GoTrueClient@sb-bgxknceshxxifwytalex-auth-token:0 (2.93.3) 2026-02-02T15:20:02.875Z #_acquireLock lock acquired for storage key sb-bgxknceshxxifwytalex-auth-token
GoTrueClient@sb-bgxknceshxxifwytalex-auth-token:0 (2.93.3) 2026-02-02T15:20:02.875Z #_useSession begin
GoTrueClient@sb-bgxknceshxxifwytalex-auth-token:0 (2.93.3) 2026-02-02T15:20:02.875Z #__loadSession() begin

[90mstdout[2m | tests/property/scoped-roles-processing-efficiency.test.ts[2m > [22m[2mProperty 10: Scoped Roles Processing Efficiency[2m > [22m[2mProperty 10.6: Org role operations should not affect project/system role caches
[22m[39mGoTrueClient@sb-bgxknceshxxifwytalex-auth-token:0 (2.93.3) 2026-02-02T15:20:02.875Z #getSession() session from storage [1mnull[22m
GoTrueClient@sb-bgxknceshxxifwytalex-auth-token:0 (2.93.3) 2026-02-02T15:20:02.875Z #__loadSession() end

[90mstdout[2m | tests/property/scoped-roles-processing-efficiency.test.ts[2m > [22m[2mProperty 10: Scoped Roles Processing Efficiency[2m > [22m[2mProperty 10.6: Org role operations should not affect project/system role caches
[22m[39mGoTrueClient@sb-bgxknceshxxifwytalex-auth-token:0 (2.93.3) 2026-02-02T15:20:02.875Z #_useSession end

[90mstdout[2m | tests/property/scoped-roles-processing-efficiency.test.ts[2m > [22m[2mProperty 10: Scoped Roles Processing Efficiency[2m > [22m[2mProperty 10.6: Org role operations should not affect project/system role caches
[22m[39mGoTrueClient@sb-bgxknceshxxifwytalex-auth-token:0 (2.93.3) 2026-02-02T15:20:02.875Z #_acquireLock lock released for storage key sb-bgxknceshxxifwytalex-auth-token

[90mstdout[2m | tests/property/scoped-roles-processing-efficiency.test.ts[2m > [22m[2mProperty 10: Scoped Roles Processing Efficiency[2m > [22m[2mProperty 10.6: Org role operations should not affect project/system role caches
[22m[39mGoTrueClient@sb-bgxknceshxxifwytalex-auth-token:0 (2.93.3) 2026-02-02T15:20:02.875Z #_acquireLock end

stderr | tests/property/scoped-roles-processing-efficiency.test.ts > Property 10: Scoped Roles Processing Efficiency > Property 10.6: Org role operations should not affect project/system role caches
Error fetching project roles: {
  code: 'PGRST200',
  details: "Searched for a foreign key relationship between 'project_roles' and 'user_profiles' in the schema 'public', but no matches were found.",
  hint: null,
  message: "Could not find a relationship between 'project_roles' and 'user_profiles' in the schema cache"
}

[90mstdout[2m | tests/property/scoped-roles-processing-efficiency.test.ts[2m > [22m[2mProperty 10: Scoped Roles Processing Efficiency[2m > [22m[2mProperty 10.6: Org role operations should not affect project/system role caches
[22m[39mGoTrueClient@sb-bgxknceshxxifwytalex-auth-token:0 (2.93.3) 2026-02-02T15:20:02.914Z #_acquireLock begin [33m10000[39m
GoTrueClient@sb-bgxknceshxxifwytalex-auth-token:0 (2.93.3) 2026-02-02T15:20:02.914Z #_acquireLock lock acquired for storage key sb-bgxknceshxxifwytalex-auth-token
GoTrueClient@sb-bgxknceshxxifwytalex-auth-token:0 (2.93.3) 2026-02-02T15:20:02.914Z #_useSession begin
GoTrueClient@sb-bgxknceshxxifwytalex-auth-token:0 (2.93.3) 2026-02-02T15:20:02.914Z #__loadSession() begin

[90mstdout[2m | tests/property/scoped-roles-processing-efficiency.test.ts[2m > [22m[2mProperty 10: Scoped Roles Processing Efficiency[2m > [22m[2mProperty 10.6: Org role operations should not affect project/system role caches
[22m[39mGoTrueClient@sb-bgxknceshxxifwytalex-auth-token:0 (2.93.3) 2026-02-02T15:20:02.914Z #getSession() session from storage [1mnull[22m
GoTrueClient@sb-bgxknceshxxifwytalex-auth-token:0 (2.93.3) 2026-02-02T15:20:02.914Z #__loadSession() end

[90mstdout[2m | tests/property/scoped-roles-processing-efficiency.test.ts[2m > [22m[2mProperty 10: Scoped Roles Processing Efficiency[2m > [22m[2mProperty 10.6: Org role operations should not affect project/system role caches
[22m[39mGoTrueClient@sb-bgxknceshxxifwytalex-auth-token:0 (2.93.3) 2026-02-02T15:20:02.914Z #_useSession end

[90mstdout[2m | tests/property/scoped-roles-processing-efficiency.test.ts[2m > [22m[2mProperty 10: Scoped Roles Processing Efficiency[2m > [22m[2mProperty 10.6: Org role operations should not affect project/system role caches
[22m[39mGoTrueClient@sb-bgxknceshxxifwytalex-auth-token:0 (2.93.3) 2026-02-02T15:20:02.914Z #_acquireLock lock released for storage key sb-bgxknceshxxifwytalex-auth-token

[90mstdout[2m | tests/property/scoped-roles-processing-efficiency.test.ts[2m > [22m[2mProperty 10: Scoped Roles Processing Efficiency[2m > [22m[2mProperty 10.6: Org role operations should not affect project/system role caches
[22m[39mGoTrueClient@sb-bgxknceshxxifwytalex-auth-token:0 (2.93.3) 2026-02-02T15:20:02.914Z #_acquireLock end

stderr | tests/property/scoped-roles-processing-efficiency.test.ts > Property 10: Scoped Roles Processing Efficiency > Property 10.6: Org role operations should not affect project/system role caches
Error fetching project roles: {
  code: 'PGRST200',
  details: "Searched for a foreign key relationship between 'project_roles' and 'user_profiles' in the schema 'public', but no matches were found.",
  hint: null,
  message: "Could not find a relationship between 'project_roles' and 'user_profiles' in the schema cache"
}

[90mstdout[2m | tests/property/scoped-roles-processing-efficiency.test.ts[2m > [22m[2mProperty 10: Scoped Roles Processing Efficiency[2m > [22m[2mProperty 10.6: Org role operations should not affect project/system role caches
[22m[39mGoTrueClient@sb-bgxknceshxxifwytalex-auth-token:0 (2.93.3) 2026-02-02T15:20:02.982Z #_acquireLock begin [33m10000[39m
GoTrueClient@sb-bgxknceshxxifwytalex-auth-token:0 (2.93.3) 2026-02-02T15:20:02.982Z #_acquireLock lock acquired for storage key sb-bgxknceshxxifwytalex-auth-token
GoTrueClient@sb-bgxknceshxxifwytalex-auth-token:0 (2.93.3) 2026-02-02T15:20:02.982Z #_useSession begin
GoTrueClient@sb-bgxknceshxxifwytalex-auth-token:0 (2.93.3) 2026-02-02T15:20:02.982Z #__loadSession() begin

[90mstdout[2m | tests/property/scoped-roles-processing-efficiency.test.ts[2m > [22m[2mProperty 10: Scoped Roles Processing Efficiency[2m > [22m[2mProperty 10.6: Org role operations should not affect project/system role caches
[22m[39mGoTrueClient@sb-bgxknceshxxifwytalex-auth-token:0 (2.93.3) 2026-02-02T15:20:02.982Z #getSession() session from storage [1mnull[22m
GoTrueClient@sb-bgxknceshxxifwytalex-auth-token:0 (2.93.3) 2026-02-02T15:20:02.982Z #__loadSession() end

[90mstdout[2m | tests/property/scoped-roles-processing-efficiency.test.ts[2m > [22m[2mProperty 10: Scoped Roles Processing Efficiency[2m > [22m[2mProperty 10.6: Org role operations should not affect project/system role caches
[22m[39mGoTrueClient@sb-bgxknceshxxifwytalex-auth-token:0 (2.93.3) 2026-02-02T15:20:02.982Z #_useSession end

[90mstdout[2m | tests/property/scoped-roles-processing-efficiency.test.ts[2m > [22m[2mProperty 10: Scoped Roles Processing Efficiency[2m > [22m[2mProperty 10.6: Org role operations should not affect project/system role caches
[22m[39mGoTrueClient@sb-bgxknceshxxifwytalex-auth-token:0 (2.93.3) 2026-02-02T15:20:02.982Z #_acquireLock lock released for storage key sb-bgxknceshxxifwytalex-auth-token

[90mstdout[2m | tests/property/scoped-roles-processing-efficiency.test.ts[2m > [22m[2mProperty 10: Scoped Roles Processing Efficiency[2m > [22m[2mProperty 10.6: Org role operations should not affect project/system role caches
[22m[39mGoTrueClient@sb-bgxknceshxxifwytalex-auth-token:0 (2.93.3) 2026-02-02T15:20:02.983Z #_acquireLock end

stderr | tests/property/scoped-roles-processing-efficiency.test.ts > Property 10: Scoped Roles Processing Efficiency > Property 10.6: Org role operations should not affect project/system role caches
Error fetching project roles: {
  code: 'PGRST200',
  details: "Searched for a foreign key relationship between 'project_roles' and 'user_profiles' in the schema 'public', but no matches were found.",
  hint: null,
  message: "Could not find a relationship between 'project_roles' and 'user_profiles' in the schema cache"
}

[90mstdout[2m | tests/property/scoped-roles-processing-efficiency.test.ts[2m > [22m[2mProperty 10: Scoped Roles Processing Efficiency[2m > [22m[2mProperty 10.6: Org role operations should not affect project/system role caches
[22m[39mGoTrueClient@sb-bgxknceshxxifwytalex-auth-token:0 (2.93.3) 2026-02-02T15:20:03.040Z #_acquireLock begin [33m10000[39m
GoTrueClient@sb-bgxknceshxxifwytalex-auth-token:0 (2.93.3) 2026-02-02T15:20:03.040Z #_acquireLock lock acquired for storage key sb-bgxknceshxxifwytalex-auth-token
GoTrueClient@sb-bgxknceshxxifwytalex-auth-token:0 (2.93.3) 2026-02-02T15:20:03.040Z #_useSession begin
GoTrueClient@sb-bgxknceshxxifwytalex-auth-token:0 (2.93.3) 2026-02-02T15:20:03.040Z #__loadSession() begin

[90mstdout[2m | tests/property/scoped-roles-processing-efficiency.test.ts[2m > [22m[2mProperty 10: Scoped Roles Processing Efficiency[2m > [22m[2mProperty 10.6: Org role operations should not affect project/system role caches
[22m[39mGoTrueClient@sb-bgxknceshxxifwytalex-auth-token:0 (2.93.3) 2026-02-02T15:20:03.040Z #getSession() session from storage [1mnull[22m
GoTrueClient@sb-bgxknceshxxifwytalex-auth-token:0 (2.93.3) 2026-02-02T15:20:03.040Z #__loadSession() end

[90mstdout[2m | tests/property/scoped-roles-processing-efficiency.test.ts[2m > [22m[2mProperty 10: Scoped Roles Processing Efficiency[2m > [22m[2mProperty 10.6: Org role operations should not affect project/system role caches
[22m[39mGoTrueClient@sb-bgxknceshxxifwytalex-auth-token:0 (2.93.3) 2026-02-02T15:20:03.040Z #_useSession end

[90mstdout[2m | tests/property/scoped-roles-processing-efficiency.test.ts[2m > [22m[2mProperty 10: Scoped Roles Processing Efficiency[2m > [22m[2mProperty 10.6: Org role operations should not affect project/system role caches
[22m[39mGoTrueClient@sb-bgxknceshxxifwytalex-auth-token:0 (2.93.3) 2026-02-02T15:20:03.040Z #_acquireLock lock released for storage key sb-bgxknceshxxifwytalex-auth-token

[90mstdout[2m | tests/property/scoped-roles-processing-efficiency.test.ts[2m > [22m[2mProperty 10: Scoped Roles Processing Efficiency[2m > [22m[2mProperty 10.6: Org role operations should not affect project/system role caches
[22m[39mGoTrueClient@sb-bgxknceshxxifwytalex-auth-token:0 (2.93.3) 2026-02-02T15:20:03.040Z #_acquireLock end

stderr | tests/property/scoped-roles-processing-efficiency.test.ts > Property 10: Scoped Roles Processing Efficiency > Property 10.6: Org role operations should not affect project/system role caches
Error fetching org roles: {
  code: 'PGRST200',
  details: "Searched for a foreign key relationship between 'org_roles' and 'user_profiles' in the schema 'public', but no matches were found.",
  hint: null,
  message: "Could not find a relationship between 'org_roles' and 'user_profiles' in the schema cache"
}

[90mstdout[2m | tests/property/scoped-roles-processing-efficiency.test.ts[2m > [22m[2mProperty 10: Scoped Roles Processing Efficiency[2m > [22m[2mProperty 10.6: Org role operations should not affect project/system role caches
[22m[39mGoTrueClient@sb-bgxknceshxxifwytalex-auth-token:0 (2.93.3) 2026-02-02T15:20:03.046Z #_acquireLock begin [33m10000[39m
GoTrueClient@sb-bgxknceshxxifwytalex-auth-token:0 (2.93.3) 2026-02-02T15:20:03.046Z #_acquireLock lock acquired for storage key sb-bgxknceshxxifwytalex-auth-token
GoTrueClient@sb-bgxknceshxxifwytalex-auth-token:0 (2.93.3) 2026-02-02T15:20:03.046Z #_useSession begin
GoTrueClient@sb-bgxknceshxxifwytalex-auth-token:0 (2.93.3) 2026-02-02T15:20:03.046Z #__loadSession() begin

[90mstdout[2m | tests/property/scoped-roles-processing-efficiency.test.ts[2m > [22m[2mProperty 10: Scoped Roles Processing Efficiency[2m > [22m[2mProperty 10.6: Org role operations should not affect project/system role caches
[22m[39mGoTrueClient@sb-bgxknceshxxifwytalex-auth-token:0 (2.93.3) 2026-02-02T15:20:03.046Z #getSession() session from storage [1mnull[22m
GoTrueClient@sb-bgxknceshxxifwytalex-auth-token:0 (2.93.3) 2026-02-02T15:20:03.046Z #__loadSession() end

[90mstdout[2m | tests/property/scoped-roles-processing-efficiency.test.ts[2m > [22m[2mProperty 10: Scoped Roles Processing Efficiency[2m > [22m[2mProperty 10.6: Org role operations should not affect project/system role caches
[22m[39mGoTrueClient@sb-bgxknceshxxifwytalex-auth-token:0 (2.93.3) 2026-02-02T15:20:03.046Z #_useSession end

[90mstdout[2m | tests/property/scoped-roles-processing-efficiency.test.ts[2m > [22m[2mProperty 10: Scoped Roles Processing Efficiency[2m > [22m[2mProperty 10.6: Org role operations should not affect project/system role caches
[22m[39mGoTrueClient@sb-bgxknceshxxifwytalex-auth-token:0 (2.93.3) 2026-02-02T15:20:03.046Z #_acquireLock lock released for storage key sb-bgxknceshxxifwytalex-auth-token

[90mstdout[2m | tests/property/scoped-roles-processing-efficiency.test.ts[2m > [22m[2mProperty 10: Scoped Roles Processing Efficiency[2m > [22m[2mProperty 10.6: Org role operations should not affect project/system role caches
[22m[39mGoTrueClient@sb-bgxknceshxxifwytalex-auth-token:0 (2.93.3) 2026-02-02T15:20:03.046Z #_acquireLock end

stderr | tests/property/scoped-roles-processing-efficiency.test.ts > Property 10: Scoped Roles Processing Efficiency > Property 10.6: Org role operations should not affect project/system role caches
Error fetching project roles: {
  code: 'PGRST200',
  details: "Searched for a foreign key relationship between 'project_roles' and 'user_profiles' in the schema 'public', but no matches were found.",
  hint: null,
  message: "Could not find a relationship between 'project_roles' and 'user_profiles' in the schema cache"
}

[90mstdout[2m | tests/property/scoped-roles-processing-efficiency.test.ts[2m > [22m[2mProperty 10: Scoped Roles Processing Efficiency[2m > [22m[2mProperty 10.6: Org role operations should not affect project/system role caches
[22m[39mGoTrueClient@sb-bgxknceshxxifwytalex-auth-token:0 (2.93.3) 2026-02-02T15:20:03.071Z #_acquireLock begin [33m10000[39m
GoTrueClient@sb-bgxknceshxxifwytalex-auth-token:0 (2.93.3) 2026-02-02T15:20:03.071Z #_acquireLock lock acquired for storage key sb-bgxknceshxxifwytalex-auth-token
GoTrueClient@sb-bgxknceshxxifwytalex-auth-token:0 (2.93.3) 2026-02-02T15:20:03.071Z #_useSession begin
GoTrueClient@sb-bgxknceshxxifwytalex-auth-token:0 (2.93.3) 2026-02-02T15:20:03.071Z #__loadSession() begin

[90mstdout[2m | tests/property/scoped-roles-processing-efficiency.test.ts[2m > [22m[2mProperty 10: Scoped Roles Processing Efficiency[2m > [22m[2mProperty 10.6: Org role operations should not affect project/system role caches
[22m[39mGoTrueClient@sb-bgxknceshxxifwytalex-auth-token:0 (2.93.3) 2026-02-02T15:20:03.072Z #getSession() session from storage [1mnull[22m
GoTrueClient@sb-bgxknceshxxifwytalex-auth-token:0 (2.93.3) 2026-02-02T15:20:03.072Z #__loadSession() end

[90mstdout[2m | tests/property/scoped-roles-processing-efficiency.test.ts[2m > [22m[2mProperty 10: Scoped Roles Processing Efficiency[2m > [22m[2mProperty 10.6: Org role operations should not affect project/system role caches
[22m[39mGoTrueClient@sb-bgxknceshxxifwytalex-auth-token:0 (2.93.3) 2026-02-02T15:20:03.072Z #_useSession end

[90mstdout[2m | tests/property/scoped-roles-processing-efficiency.test.ts[2m > [22m[2mProperty 10: Scoped Roles Processing Efficiency[2m > [22m[2mProperty 10.6: Org role operations should not affect project/system role caches
[22m[39mGoTrueClient@sb-bgxknceshxxifwytalex-auth-token:0 (2.93.3) 2026-02-02T15:20:03.072Z #_acquireLock lock released for storage key sb-bgxknceshxxifwytalex-auth-token

[90mstdout[2m | tests/property/scoped-roles-processing-efficiency.test.ts[2m > [22m[2mProperty 10: Scoped Roles Processing Efficiency[2m > [22m[2mProperty 10.6: Org role operations should not affect project/system role caches
[22m[39mGoTrueClient@sb-bgxknceshxxifwytalex-auth-token:0 (2.93.3) 2026-02-02T15:20:03.072Z #_acquireLock end

[90mstdout[2m | tests/property/scoped-roles-processing-efficiency.test.ts[2m > [22m[2mProperty 10: Scoped Roles Processing Efficiency[2m > [22m[2mProperty 10.6: Org role operations should not affect project/system role caches
[22m[39mGoTrueClient@sb-bgxknceshxxifwytalex-auth-token:0 (2.93.3) 2026-02-02T15:20:03.112Z #_acquireLock begin [33m10000[39m
GoTrueClient@sb-bgxknceshxxifwytalex-auth-token:0 (2.93.3) 2026-02-02T15:20:03.112Z #_acquireLock lock acquired for storage key sb-bgxknceshxxifwytalex-auth-token
GoTrueClient@sb-bgxknceshxxifwytalex-auth-token:0 (2.93.3) 2026-02-02T15:20:03.112Z #_useSession begin
GoTrueClient@sb-bgxknceshxxifwytalex-auth-token:0 (2.93.3) 2026-02-02T15:20:03.112Z #__loadSession() begin

[90mstdout[2m | tests/property/scoped-roles-processing-efficiency.test.ts[2m > [22m[2mProperty 10: Scoped Roles Processing Efficiency[2m > [22m[2mProperty 10.6: Org role operations should not affect project/system role caches
[22m[39mGoTrueClient@sb-bgxknceshxxifwytalex-auth-token:0 (2.93.3) 2026-02-02T15:20:03.112Z #getSession() session from storage [1mnull[22m
GoTrueClient@sb-bgxknceshxxifwytalex-auth-token:0 (2.93.3) 2026-02-02T15:20:03.112Z #__loadSession() end

[90mstdout[2m | tests/property/scoped-roles-processing-efficiency.test.ts[2m > [22m[2mProperty 10: Scoped Roles Processing Efficiency[2m > [22m[2mProperty 10.6: Org role operations should not affect project/system role caches
[22m[39mGoTrueClient@sb-bgxknceshxxifwytalex-auth-token:0 (2.93.3) 2026-02-02T15:20:03.112Z #_useSession end

[90mstdout[2m | tests/property/scoped-roles-processing-efficiency.test.ts[2m > [22m[2mProperty 10: Scoped Roles Processing Efficiency[2m > [22m[2mProperty 10.6: Org role operations should not affect project/system role caches
[22m[39mGoTrueClient@sb-bgxknceshxxifwytalex-auth-token:0 (2.93.3) 2026-02-02T15:20:03.113Z #_acquireLock lock released for storage key sb-bgxknceshxxifwytalex-auth-token

[90mstdout[2m | tests/property/scoped-roles-processing-efficiency.test.ts[2m > [22m[2mProperty 10: Scoped Roles Processing Efficiency[2m > [22m[2mProperty 10.6: Org role operations should not affect project/system role caches
[22m[39mGoTrueClient@sb-bgxknceshxxifwytalex-auth-token:0 (2.93.3) 2026-02-02T15:20:03.113Z #_acquireLock end

stderr | tests/property/scoped-roles-processing-efficiency.test.ts > Property 10: Scoped Roles Processing Efficiency > Property 10.6: Org role operations should not affect project/system role caches
Error fetching org roles: {
  code: 'PGRST200',
  details: "Searched for a foreign key relationship between 'org_roles' and 'user_profiles' in the schema 'public', but no matches were found.",
  hint: null,
  message: "Could not find a relationship between 'org_roles' and 'user_profiles' in the schema cache"
}

[90mstdout[2m | tests/property/scoped-roles-processing-efficiency.test.ts[2m > [22m[2mProperty 10: Scoped Roles Processing Efficiency[2m > [22m[2mProperty 10.6: Org role operations should not affect project/system role caches
[22m[39mGoTrueClient@sb-bgxknceshxxifwytalex-auth-token:0 (2.93.3) 2026-02-02T15:20:03.175Z #_acquireLock begin [33m10000[39m
GoTrueClient@sb-bgxknceshxxifwytalex-auth-token:0 (2.93.3) 2026-02-02T15:20:03.175Z #_acquireLock lock acquired for storage key sb-bgxknceshxxifwytalex-auth-token
GoTrueClient@sb-bgxknceshxxifwytalex-auth-token:0 (2.93.3) 2026-02-02T15:20:03.175Z #_useSession begin
GoTrueClient@sb-bgxknceshxxifwytalex-auth-token:0 (2.93.3) 2026-02-02T15:20:03.175Z #__loadSession() begin

[90mstdout[2m | tests/property/scoped-roles-processing-efficiency.test.ts[2m > [22m[2mProperty 10: Scoped Roles Processing Efficiency[2m > [22m[2mProperty 10.6: Org role operations should not affect project/system role caches
[22m[39mGoTrueClient@sb-bgxknceshxxifwytalex-auth-token:0 (2.93.3) 2026-02-02T15:20:03.176Z #getSession() session from storage [1mnull[22m
GoTrueClient@sb-bgxknceshxxifwytalex-auth-token:0 (2.93.3) 2026-02-02T15:20:03.176Z #__loadSession() end

[90mstdout[2m | tests/property/scoped-roles-processing-efficiency.test.ts[2m > [22m[2mProperty 10: Scoped Roles Processing Efficiency[2m > [22m[2mProperty 10.6: Org role operations should not affect project/system role caches
[22m[39mGoTrueClient@sb-bgxknceshxxifwytalex-auth-token:0 (2.93.3) 2026-02-02T15:20:03.176Z #_useSession end

[90mstdout[2m | tests/property/scoped-roles-processing-efficiency.test.ts[2m > [22m[2mProperty 10: Scoped Roles Processing Efficiency[2m > [22m[2mProperty 10.6: Org role operations should not affect project/system role caches
[22m[39mGoTrueClient@sb-bgxknceshxxifwytalex-auth-token:0 (2.93.3) 2026-02-02T15:20:03.176Z #_acquireLock lock released for storage key sb-bgxknceshxxifwytalex-auth-token

[90mstdout[2m | tests/property/scoped-roles-processing-efficiency.test.ts[2m > [22m[2mProperty 10: Scoped Roles Processing Efficiency[2m > [22m[2mProperty 10.6: Org role operations should not affect project/system role caches
[22m[39mGoTrueClient@sb-bgxknceshxxifwytalex-auth-token:0 (2.93.3) 2026-02-02T15:20:03.176Z #_acquireLock end

stderr | tests/property/scoped-roles-processing-efficiency.test.ts > Property 10: Scoped Roles Processing Efficiency > Property 10.6: Org role operations should not affect project/system role caches
Error fetching org roles: {
  code: 'PGRST200',
  details: "Searched for a foreign key relationship between 'org_roles' and 'user_profiles' in the schema 'public', but no matches were found.",
  hint: null,
  message: "Could not find a relationship between 'org_roles' and 'user_profiles' in the schema cache"
}

[90mstdout[2m | tests/property/scoped-roles-processing-efficiency.test.ts[2m > [22m[2mProperty 10: Scoped Roles Processing Efficiency[2m > [22m[2mProperty 10.6: Org role operations should not affect project/system role caches
[22m[39mGoTrueClient@sb-bgxknceshxxifwytalex-auth-token:0 (2.93.3) 2026-02-02T15:20:03.250Z #_acquireLock begin [33m10000[39m
GoTrueClient@sb-bgxknceshxxifwytalex-auth-token:0 (2.93.3) 2026-02-02T15:20:03.250Z #_acquireLock lock acquired for storage key sb-bgxknceshxxifwytalex-auth-token
GoTrueClient@sb-bgxknceshxxifwytalex-auth-token:0 (2.93.3) 2026-02-02T15:20:03.250Z #_useSession begin
GoTrueClient@sb-bgxknceshxxifwytalex-auth-token:0 (2.93.3) 2026-02-02T15:20:03.250Z #__loadSession() begin

[90mstdout[2m | tests/property/scoped-roles-processing-efficiency.test.ts[2m > [22m[2mProperty 10: Scoped Roles Processing Efficiency[2m > [22m[2mProperty 10.6: Org role operations should not affect project/system role caches
[22m[39mGoTrueClient@sb-bgxknceshxxifwytalex-auth-token:0 (2.93.3) 2026-02-02T15:20:03.251Z #getSession() session from storage [1mnull[22m
GoTrueClient@sb-bgxknceshxxifwytalex-auth-token:0 (2.93.3) 2026-02-02T15:20:03.251Z #__loadSession() end

[90mstdout[2m | tests/property/scoped-roles-processing-efficiency.test.ts[2m > [22m[2mProperty 10: Scoped Roles Processing Efficiency[2m > [22m[2mProperty 10.6: Org role operations should not affect project/system role caches
[22m[39mGoTrueClient@sb-bgxknceshxxifwytalex-auth-token:0 (2.93.3) 2026-02-02T15:20:03.251Z #_useSession end

[90mstdout[2m | tests/property/scoped-roles-processing-efficiency.test.ts[2m > [22m[2mProperty 10: Scoped Roles Processing Efficiency[2m > [22m[2mProperty 10.6: Org role operations should not affect project/system role caches
[22m[39mGoTrueClient@sb-bgxknceshxxifwytalex-auth-token:0 (2.93.3) 2026-02-02T15:20:03.251Z #_acquireLock lock released for storage key sb-bgxknceshxxifwytalex-auth-token

[90mstdout[2m | tests/property/scoped-roles-processing-efficiency.test.ts[2m > [22m[2mProperty 10: Scoped Roles Processing Efficiency[2m > [22m[2mProperty 10.6: Org role operations should not affect project/system role caches
[22m[39mGoTrueClient@sb-bgxknceshxxifwytalex-auth-token:0 (2.93.3) 2026-02-02T15:20:03.251Z #_acquireLock end

[90mstdout[2m | tests/property/scoped-roles-processing-efficiency.test.ts[2m > [22m[2mProperty 10: Scoped Roles Processing Efficiency[2m > [22m[2mProperty 10.6: Org role operations should not affect project/system role caches
[22m[39mGoTrueClient@sb-bgxknceshxxifwytalex-auth-token:0 (2.93.3) 2026-02-02T15:20:03.255Z #_acquireLock begin [33m10000[39m
GoTrueClient@sb-bgxknceshxxifwytalex-auth-token:0 (2.93.3) 2026-02-02T15:20:03.255Z #_acquireLock lock acquired for storage key sb-bgxknceshxxifwytalex-auth-token
GoTrueClient@sb-bgxknceshxxifwytalex-auth-token:0 (2.93.3) 2026-02-02T15:20:03.255Z #_useSession begin
GoTrueClient@sb-bgxknceshxxifwytalex-auth-token:0 (2.93.3) 2026-02-02T15:20:03.255Z #__loadSession() begin

[90mstdout[2m | tests/property/scoped-roles-processing-efficiency.test.ts[2m > [22m[2mProperty 10: Scoped Roles Processing Efficiency[2m > [22m[2mProperty 10.6: Org role operations should not affect project/system role caches
[22m[39mGoTrueClient@sb-bgxknceshxxifwytalex-auth-token:0 (2.93.3) 2026-02-02T15:20:03.255Z #getSession() session from storage [1mnull[22m
GoTrueClient@sb-bgxknceshxxifwytalex-auth-token:0 (2.93.3) 2026-02-02T15:20:03.255Z #__loadSession() end

[90mstdout[2m | tests/property/scoped-roles-processing-efficiency.test.ts[2m > [22m[2mProperty 10: Scoped Roles Processing Efficiency[2m > [22m[2mProperty 10.6: Org role operations should not affect project/system role caches
[22m[39mGoTrueClient@sb-bgxknceshxxifwytalex-auth-token:0 (2.93.3) 2026-02-02T15:20:03.255Z #_useSession end

[90mstdout[2m | tests/property/scoped-roles-processing-efficiency.test.ts[2m > [22m[2mProperty 10: Scoped Roles Processing Efficiency[2m > [22m[2mProperty 10.6: Org role operations should not affect project/system role caches
[22m[39mGoTrueClient@sb-bgxknceshxxifwytalex-auth-token:0 (2.93.3) 2026-02-02T15:20:03.255Z #_acquireLock lock released for storage key sb-bgxknceshxxifwytalex-auth-token

[90mstdout[2m | tests/property/scoped-roles-processing-efficiency.test.ts[2m > [22m[2mProperty 10: Scoped Roles Processing Efficiency[2m > [22m[2mProperty 10.6: Org role operations should not affect project/system role caches
[22m[39mGoTrueClient@sb-bgxknceshxxifwytalex-auth-token:0 (2.93.3) 2026-02-02T15:20:03.255Z #_acquireLock end

stderr | tests/property/scoped-roles-processing-efficiency.test.ts > Property 10: Scoped Roles Processing Efficiency > Property 10.6: Org role operations should not affect project/system role caches
Error fetching project roles: {
  code: 'PGRST200',
  details: "Searched for a foreign key relationship between 'project_roles' and 'user_profiles' in the schema 'public', but no matches were found.",
  hint: null,
  message: "Could not find a relationship between 'project_roles' and 'user_profiles' in the schema cache"
}

[90mstdout[2m | tests/property/scoped-roles-processing-efficiency.test.ts[2m > [22m[2mProperty 10: Scoped Roles Processing Efficiency[2m > [22m[2mProperty 10.6: Org role operations should not affect project/system role caches
[22m[39mGoTrueClient@sb-bgxknceshxxifwytalex-auth-token:0 (2.93.3) 2026-02-02T15:20:03.277Z #_acquireLock begin [33m10000[39m
GoTrueClient@sb-bgxknceshxxifwytalex-auth-token:0 (2.93.3) 2026-02-02T15:20:03.277Z #_acquireLock lock acquired for storage key sb-bgxknceshxxifwytalex-auth-token
GoTrueClient@sb-bgxknceshxxifwytalex-auth-token:0 (2.93.3) 2026-02-02T15:20:03.277Z #_useSession begin
GoTrueClient@sb-bgxknceshxxifwytalex-auth-token:0 (2.93.3) 2026-02-02T15:20:03.277Z #__loadSession() begin

[90mstdout[2m | tests/property/scoped-roles-processing-efficiency.test.ts[2m > [22m[2mProperty 10: Scoped Roles Processing Efficiency[2m > [22m[2mProperty 10.6: Org role operations should not affect project/system role caches
[22m[39mGoTrueClient@sb-bgxknceshxxifwytalex-auth-token:0 (2.93.3) 2026-02-02T15:20:03.277Z #getSession() session from storage [1mnull[22m
GoTrueClient@sb-bgxknceshxxifwytalex-auth-token:0 (2.93.3) 2026-02-02T15:20:03.277Z #__loadSession() end

[90mstdout[2m | tests/property/scoped-roles-processing-efficiency.test.ts[2m > [22m[2mProperty 10: Scoped Roles Processing Efficiency[2m > [22m[2mProperty 10.6: Org role operations should not affect project/system role caches
[22m[39mGoTrueClient@sb-bgxknceshxxifwytalex-auth-token:0 (2.93.3) 2026-02-02T15:20:03.278Z #_useSession end

[90mstdout[2m | tests/property/scoped-roles-processing-efficiency.test.ts[2m > [22m[2mProperty 10: Scoped Roles Processing Efficiency[2m > [22m[2mProperty 10.6: Org role operations should not affect project/system role caches
[22m[39mGoTrueClient@sb-bgxknceshxxifwytalex-auth-token:0 (2.93.3) 2026-02-02T15:20:03.278Z #_acquireLock lock released for storage key sb-bgxknceshxxifwytalex-auth-token

[90mstdout[2m | tests/property/scoped-roles-processing-efficiency.test.ts[2m > [22m[2mProperty 10: Scoped Roles Processing Efficiency[2m > [22m[2mProperty 10.6: Org role operations should not affect project/system role caches
[22m[39mGoTrueClient@sb-bgxknceshxxifwytalex-auth-token:0 (2.93.3) 2026-02-02T15:20:03.278Z #_acquireLock end

[90mstdout[2m | tests/property/scoped-roles-processing-efficiency.test.ts[2m > [22m[2mProperty 10: Scoped Roles Processing Efficiency[2m > [22m[2mProperty 10.6: Org role operations should not affect project/system role caches
[22m[39mGoTrueClient@sb-bgxknceshxxifwytalex-auth-token:0 (2.93.3) 2026-02-02T15:20:03.313Z #_acquireLock begin [33m10000[39m
GoTrueClient@sb-bgxknceshxxifwytalex-auth-token:0 (2.93.3) 2026-02-02T15:20:03.313Z #_acquireLock lock acquired for storage key sb-bgxknceshxxifwytalex-auth-token
GoTrueClient@sb-bgxknceshxxifwytalex-auth-token:0 (2.93.3) 2026-02-02T15:20:03.313Z #_useSession begin
GoTrueClient@sb-bgxknceshxxifwytalex-auth-token:0 (2.93.3) 2026-02-02T15:20:03.314Z #__loadSession() begin

[90mstdout[2m | tests/property/scoped-roles-processing-efficiency.test.ts[2m > [22m[2mProperty 10: Scoped Roles Processing Efficiency[2m > [22m[2mProperty 10.6: Org role operations should not affect project/system role caches
[22m[39mGoTrueClient@sb-bgxknceshxxifwytalex-auth-token:0 (2.93.3) 2026-02-02T15:20:03.314Z #getSession() session from storage [1mnull[22m
GoTrueClient@sb-bgxknceshxxifwytalex-auth-token:0 (2.93.3) 2026-02-02T15:20:03.314Z #__loadSession() end

[90mstdout[2m | tests/property/scoped-roles-processing-efficiency.test.ts[2m > [22m[2mProperty 10: Scoped Roles Processing Efficiency[2m > [22m[2mProperty 10.6: Org role operations should not affect project/system role caches
[22m[39mGoTrueClient@sb-bgxknceshxxifwytalex-auth-token:0 (2.93.3) 2026-02-02T15:20:03.314Z #_useSession end

[90mstdout[2m | tests/property/scoped-roles-processing-efficiency.test.ts[2m > [22m[2mProperty 10: Scoped Roles Processing Efficiency[2m > [22m[2mProperty 10.6: Org role operations should not affect project/system role caches
[22m[39mGoTrueClient@sb-bgxknceshxxifwytalex-auth-token:0 (2.93.3) 2026-02-02T15:20:03.314Z #_acquireLock lock released for storage key sb-bgxknceshxxifwytalex-auth-token

[90mstdout[2m | tests/property/scoped-roles-processing-efficiency.test.ts[2m > [22m[2mProperty 10: Scoped Roles Processing Efficiency[2m > [22m[2mProperty 10.6: Org role operations should not affect project/system role caches
[22m[39mGoTrueClient@sb-bgxknceshxxifwytalex-auth-token:0 (2.93.3) 2026-02-02T15:20:03.314Z #_acquireLock end

stderr | tests/property/scoped-roles-processing-efficiency.test.ts > Property 10: Scoped Roles Processing Efficiency > Property 10.6: Org role operations should not affect project/system role caches
Error fetching project roles: {
  code: 'PGRST200',
  details: "Searched for a foreign key relationship between 'project_roles' and 'user_profiles' in the schema 'public', but no matches were found.",
  hint: null,
  message: "Could not find a relationship between 'project_roles' and 'user_profiles' in the schema cache"
}

[90mstdout[2m | tests/property/scoped-roles-processing-efficiency.test.ts[2m > [22m[2mProperty 10: Scoped Roles Processing Efficiency[2m > [22m[2mProperty 10.6: Org role operations should not affect project/system role caches
[22m[39mGoTrueClient@sb-bgxknceshxxifwytalex-auth-token:0 (2.93.3) 2026-02-02T15:20:03.390Z #_acquireLock begin [33m10000[39m
GoTrueClient@sb-bgxknceshxxifwytalex-auth-token:0 (2.93.3) 2026-02-02T15:20:03.390Z #_acquireLock lock acquired for storage key sb-bgxknceshxxifwytalex-auth-token
GoTrueClient@sb-bgxknceshxxifwytalex-auth-token:0 (2.93.3) 2026-02-02T15:20:03.390Z #_useSession begin
GoTrueClient@sb-bgxknceshxxifwytalex-auth-token:0 (2.93.3) 2026-02-02T15:20:03.390Z #__loadSession() begin

[90mstdout[2m | tests/property/scoped-roles-processing-efficiency.test.ts[2m > [22m[2mProperty 10: Scoped Roles Processing Efficiency[2m > [22m[2mProperty 10.6: Org role operations should not affect project/system role caches
[22m[39mGoTrueClient@sb-bgxknceshxxifwytalex-auth-token:0 (2.93.3) 2026-02-02T15:20:03.390Z #getSession() session from storage [1mnull[22m
GoTrueClient@sb-bgxknceshxxifwytalex-auth-token:0 (2.93.3) 2026-02-02T15:20:03.390Z #__loadSession() end

[90mstdout[2m | tests/property/scoped-roles-processing-efficiency.test.ts[2m > [22m[2mProperty 10: Scoped Roles Processing Efficiency[2m > [22m[2mProperty 10.6: Org role operations should not affect project/system role caches
[22m[39mGoTrueClient@sb-bgxknceshxxifwytalex-auth-token:0 (2.93.3) 2026-02-02T15:20:03.391Z #_useSession end

[90mstdout[2m | tests/property/scoped-roles-processing-efficiency.test.ts[2m > [22m[2mProperty 10: Scoped Roles Processing Efficiency[2m > [22m[2mProperty 10.6: Org role operations should not affect project/system role caches
[22m[39mGoTrueClient@sb-bgxknceshxxifwytalex-auth-token:0 (2.93.3) 2026-02-02T15:20:03.391Z #_acquireLock lock released for storage key sb-bgxknceshxxifwytalex-auth-token

[90mstdout[2m | tests/property/scoped-roles-processing-efficiency.test.ts[2m > [22m[2mProperty 10: Scoped Roles Processing Efficiency[2m > [22m[2mProperty 10.6: Org role operations should not affect project/system role caches
[22m[39mGoTrueClient@sb-bgxknceshxxifwytalex-auth-token:0 (2.93.3) 2026-02-02T15:20:03.391Z #_acquireLock end

[90mstdout[2m | tests/property/scoped-roles-processing-efficiency.test.ts[2m > [22m[2mProperty 10: Scoped Roles Processing Efficiency[2m > [22m[2mProperty 10.6: Org role operations should not affect project/system role caches
[22m[39mGoTrueClient@sb-bgxknceshxxifwytalex-auth-token:0 (2.93.3) 2026-02-02T15:20:03.395Z #_acquireLock begin [33m10000[39m
GoTrueClient@sb-bgxknceshxxifwytalex-auth-token:0 (2.93.3) 2026-02-02T15:20:03.395Z #_acquireLock lock acquired for storage key sb-bgxknceshxxifwytalex-auth-token
GoTrueClient@sb-bgxknceshxxifwytalex-auth-token:0 (2.93.3) 2026-02-02T15:20:03.395Z #_useSession begin
GoTrueClient@sb-bgxknceshxxifwytalex-auth-token:0 (2.93.3) 2026-02-02T15:20:03.395Z #__loadSession() begin

[90mstdout[2m | tests/property/scoped-roles-processing-efficiency.test.ts[2m > [22m[2mProperty 10: Scoped Roles Processing Efficiency[2m > [22m[2mProperty 10.6: Org role operations should not affect project/system role caches
[22m[39mGoTrueClient@sb-bgxknceshxxifwytalex-auth-token:0 (2.93.3) 2026-02-02T15:20:03.395Z #getSession() session from storage [1mnull[22m
GoTrueClient@sb-bgxknceshxxifwytalex-auth-token:0 (2.93.3) 2026-02-02T15:20:03.395Z #__loadSession() end

[90mstdout[2m | tests/property/scoped-roles-processing-efficiency.test.ts[2m > [22m[2mProperty 10: Scoped Roles Processing Efficiency[2m > [22m[2mProperty 10.6: Org role operations should not affect project/system role caches
[22m[39mGoTrueClient@sb-bgxknceshxxifwytalex-auth-token:0 (2.93.3) 2026-02-02T15:20:03.395Z #_useSession end

[90mstdout[2m | tests/property/scoped-roles-processing-efficiency.test.ts[2m > [22m[2mProperty 10: Scoped Roles Processing Efficiency[2m > [22m[2mProperty 10.6: Org role operations should not affect project/system role caches
[22m[39mGoTrueClient@sb-bgxknceshxxifwytalex-auth-token:0 (2.93.3) 2026-02-02T15:20:03.395Z #_acquireLock lock released for storage key sb-bgxknceshxxifwytalex-auth-token

[90mstdout[2m | tests/property/scoped-roles-processing-efficiency.test.ts[2m > [22m[2mProperty 10: Scoped Roles Processing Efficiency[2m > [22m[2mProperty 10.6: Org role operations should not affect project/system role caches
[22m[39mGoTrueClient@sb-bgxknceshxxifwytalex-auth-token:0 (2.93.3) 2026-02-02T15:20:03.395Z #_acquireLock end

stderr | tests/property/scoped-roles-processing-efficiency.test.ts > Property 10: Scoped Roles Processing Efficiency > Property 10.6: Org role operations should not affect project/system role caches
Error fetching org roles: {
  code: 'PGRST200',
  details: "Searched for a foreign key relationship between 'org_roles' and 'user_profiles' in the schema 'public', but no matches were found.",
  hint: null,
  message: "Could not find a relationship between 'org_roles' and 'user_profiles' in the schema cache"
}

[90mstdout[2m | tests/property/scoped-roles-processing-efficiency.test.ts[2m > [22m[2mProperty 10: Scoped Roles Processing Efficiency[2m > [22m[2mProperty 10.6: Org role operations should not affect project/system role caches
[22m[39mGoTrueClient@sb-bgxknceshxxifwytalex-auth-token:0 (2.93.3) 2026-02-02T15:20:03.457Z #_acquireLock begin [33m10000[39m
GoTrueClient@sb-bgxknceshxxifwytalex-auth-token:0 (2.93.3) 2026-02-02T15:20:03.457Z #_acquireLock lock acquired for storage key sb-bgxknceshxxifwytalex-auth-token
GoTrueClient@sb-bgxknceshxxifwytalex-auth-token:0 (2.93.3) 2026-02-02T15:20:03.457Z #_useSession begin
GoTrueClient@sb-bgxknceshxxifwytalex-auth-token:0 (2.93.3) 2026-02-02T15:20:03.457Z #__loadSession() begin

[90mstdout[2m | tests/property/scoped-roles-processing-efficiency.test.ts[2m > [22m[2mProperty 10: Scoped Roles Processing Efficiency[2m > [22m[2mProperty 10.6: Org role operations should not affect project/system role caches
[22m[39mGoTrueClient@sb-bgxknceshxxifwytalex-auth-token:0 (2.93.3) 2026-02-02T15:20:03.457Z #getSession() session from storage [1mnull[22m
GoTrueClient@sb-bgxknceshxxifwytalex-auth-token:0 (2.93.3) 2026-02-02T15:20:03.457Z #__loadSession() end

[90mstdout[2m | tests/property/scoped-roles-processing-efficiency.test.ts[2m > [22m[2mProperty 10: Scoped Roles Processing Efficiency[2m > [22m[2mProperty 10.6: Org role operations should not affect project/system role caches
[22m[39mGoTrueClient@sb-bgxknceshxxifwytalex-auth-token:0 (2.93.3) 2026-02-02T15:20:03.457Z #_useSession end

[90mstdout[2m | tests/property/scoped-roles-processing-efficiency.test.ts[2m > [22m[2mProperty 10: Scoped Roles Processing Efficiency[2m > [22m[2mProperty 10.6: Org role operations should not affect project/system role caches
[22m[39mGoTrueClient@sb-bgxknceshxxifwytalex-auth-token:0 (2.93.3) 2026-02-02T15:20:03.457Z #_acquireLock lock released for storage key sb-bgxknceshxxifwytalex-auth-token

[90mstdout[2m | tests/property/scoped-roles-processing-efficiency.test.ts[2m > [22m[2mProperty 10: Scoped Roles Processing Efficiency[2m > [22m[2mProperty 10.6: Org role operations should not affect project/system role caches
[22m[39mGoTrueClient@sb-bgxknceshxxifwytalex-auth-token:0 (2.93.3) 2026-02-02T15:20:03.457Z #_acquireLock end

stderr | tests/property/scoped-roles-processing-efficiency.test.ts > Property 10: Scoped Roles Processing Efficiency > Property 10.6: Org role operations should not affect project/system role caches
Error fetching org roles: {
  code: 'PGRST200',
  details: "Searched for a foreign key relationship between 'org_roles' and 'user_profiles' in the schema 'public', but no matches were found.",
  hint: null,
  message: "Could not find a relationship between 'org_roles' and 'user_profiles' in the schema cache"
}

[90mstdout[2m | tests/property/scoped-roles-processing-efficiency.test.ts[2m > [22m[2mProperty 10: Scoped Roles Processing Efficiency[2m > [22m[2mProperty 10.6: Org role operations should not affect project/system role caches
[22m[39mGoTrueClient@sb-bgxknceshxxifwytalex-auth-token:0 (2.93.3) 2026-02-02T15:20:03.462Z #_acquireLock begin [33m10000[39m
GoTrueClient@sb-bgxknceshxxifwytalex-auth-token:0 (2.93.3) 2026-02-02T15:20:03.462Z #_acquireLock lock acquired for storage key sb-bgxknceshxxifwytalex-auth-token
GoTrueClient@sb-bgxknceshxxifwytalex-auth-token:0 (2.93.3) 2026-02-02T15:20:03.462Z #_useSession begin
GoTrueClient@sb-bgxknceshxxifwytalex-auth-token:0 (2.93.3) 2026-02-02T15:20:03.462Z #__loadSession() begin

[90mstdout[2m | tests/property/scoped-roles-processing-efficiency.test.ts[2m > [22m[2mProperty 10: Scoped Roles Processing Efficiency[2m > [22m[2mProperty 10.6: Org role operations should not affect project/system role caches
[22m[39mGoTrueClient@sb-bgxknceshxxifwytalex-auth-token:0 (2.93.3) 2026-02-02T15:20:03.462Z #getSession() session from storage [1mnull[22m
GoTrueClient@sb-bgxknceshxxifwytalex-auth-token:0 (2.93.3) 2026-02-02T15:20:03.462Z #__loadSession() end

[90mstdout[2m | tests/property/scoped-roles-processing-efficiency.test.ts[2m > [22m[2mProperty 10: Scoped Roles Processing Efficiency[2m > [22m[2mProperty 10.6: Org role operations should not affect project/system role caches
[22m[39mGoTrueClient@sb-bgxknceshxxifwytalex-auth-token:0 (2.93.3) 2026-02-02T15:20:03.462Z #_useSession end

[90mstdout[2m | tests/property/scoped-roles-processing-efficiency.test.ts[2m > [22m[2mProperty 10: Scoped Roles Processing Efficiency[2m > [22m[2mProperty 10.6: Org role operations should not affect project/system role caches
[22m[39mGoTrueClient@sb-bgxknceshxxifwytalex-auth-token:0 (2.93.3) 2026-02-02T15:20:03.462Z #_acquireLock lock released for storage key sb-bgxknceshxxifwytalex-auth-token

[90mstdout[2m | tests/property/scoped-roles-processing-efficiency.test.ts[2m > [22m[2mProperty 10: Scoped Roles Processing Efficiency[2m > [22m[2mProperty 10.6: Org role operations should not affect project/system role caches
[22m[39mGoTrueClient@sb-bgxknceshxxifwytalex-auth-token:0 (2.93.3) 2026-02-02T15:20:03.462Z #_acquireLock end

stderr | tests/property/scoped-roles-processing-efficiency.test.ts > Property 10: Scoped Roles Processing Efficiency > Property 10.6: Org role operations should not affect project/system role caches
Error fetching project roles: {
  code: 'PGRST200',
  details: "Searched for a foreign key relationship between 'project_roles' and 'user_profiles' in the schema 'public', but no matches were found.",
  hint: null,
  message: "Could not find a relationship between 'project_roles' and 'user_profiles' in the schema cache"
}

[90mstdout[2m | tests/property/scoped-roles-processing-efficiency.test.ts[2m > [22m[2mProperty 10: Scoped Roles Processing Efficiency[2m > [22m[2mProperty 10.6: Org role operations should not affect project/system role caches
[22m[39mGoTrueClient@sb-bgxknceshxxifwytalex-auth-token:0 (2.93.3) 2026-02-02T15:20:03.490Z #_acquireLock begin [33m10000[39m
GoTrueClient@sb-bgxknceshxxifwytalex-auth-token:0 (2.93.3) 2026-02-02T15:20:03.490Z #_acquireLock lock acquired for storage key sb-bgxknceshxxifwytalex-auth-token
GoTrueClient@sb-bgxknceshxxifwytalex-auth-token:0 (2.93.3) 2026-02-02T15:20:03.490Z #_useSession begin
GoTrueClient@sb-bgxknceshxxifwytalex-auth-token:0 (2.93.3) 2026-02-02T15:20:03.490Z #__loadSession() begin

[90mstdout[2m | tests/property/scoped-roles-processing-efficiency.test.ts[2m > [22m[2mProperty 10: Scoped Roles Processing Efficiency[2m > [22m[2mProperty 10.6: Org role operations should not affect project/system role caches
[22m[39mGoTrueClient@sb-bgxknceshxxifwytalex-auth-token:0 (2.93.3) 2026-02-02T15:20:03.490Z #getSession() session from storage [1mnull[22m
GoTrueClient@sb-bgxknceshxxifwytalex-auth-token:0 (2.93.3) 2026-02-02T15:20:03.490Z #__loadSession() end

[90mstdout[2m | tests/property/scoped-roles-processing-efficiency.test.ts[2m > [22m[2mProperty 10: Scoped Roles Processing Efficiency[2m > [22m[2mProperty 10.6: Org role operations should not affect project/system role caches
[22m[39mGoTrueClient@sb-bgxknceshxxifwytalex-auth-token:0 (2.93.3) 2026-02-02T15:20:03.490Z #_useSession end

[90mstdout[2m | tests/property/scoped-roles-processing-efficiency.test.ts[2m > [22m[2mProperty 10: Scoped Roles Processing Efficiency[2m > [22m[2mProperty 10.6: Org role operations should not affect project/system role caches
[22m[39mGoTrueClient@sb-bgxknceshxxifwytalex-auth-token:0 (2.93.3) 2026-02-02T15:20:03.491Z #_acquireLock lock released for storage key sb-bgxknceshxxifwytalex-auth-token

[90mstdout[2m | tests/property/scoped-roles-processing-efficiency.test.ts[2m > [22m[2mProperty 10: Scoped Roles Processing Efficiency[2m > [22m[2mProperty 10.6: Org role operations should not affect project/system role caches
[22m[39mGoTrueClient@sb-bgxknceshxxifwytalex-auth-token:0 (2.93.3) 2026-02-02T15:20:03.491Z #_acquireLock end

[90mstdout[2m | tests/property/scoped-roles-processing-efficiency.test.ts[2m > [22m[2mProperty 10: Scoped Roles Processing Efficiency[2m > [22m[2mProperty 10.6: Org role operations should not affect project/system role caches
[22m[39mGoTrueClient@sb-bgxknceshxxifwytalex-auth-token:0 (2.93.3) 2026-02-02T15:20:03.523Z #_acquireLock begin [33m10000[39m
GoTrueClient@sb-bgxknceshxxifwytalex-auth-token:0 (2.93.3) 2026-02-02T15:20:03.524Z #_acquireLock lock acquired for storage key sb-bgxknceshxxifwytalex-auth-token
GoTrueClient@sb-bgxknceshxxifwytalex-auth-token:0 (2.93.3) 2026-02-02T15:20:03.524Z #_useSession begin
GoTrueClient@sb-bgxknceshxxifwytalex-auth-token:0 (2.93.3) 2026-02-02T15:20:03.524Z #__loadSession() begin

[90mstdout[2m | tests/property/scoped-roles-processing-efficiency.test.ts[2m > [22m[2mProperty 10: Scoped Roles Processing Efficiency[2m > [22m[2mProperty 10.6: Org role operations should not affect project/system role caches
[22m[39mGoTrueClient@sb-bgxknceshxxifwytalex-auth-token:0 (2.93.3) 2026-02-02T15:20:03.524Z #getSession() session from storage [1mnull[22m
GoTrueClient@sb-bgxknceshxxifwytalex-auth-token:0 (2.93.3) 2026-02-02T15:20:03.524Z #__loadSession() end

[90mstdout[2m | tests/property/scoped-roles-processing-efficiency.test.ts[2m > [22m[2mProperty 10: Scoped Roles Processing Efficiency[2m > [22m[2mProperty 10.6: Org role operations should not affect project/system role caches
[22m[39mGoTrueClient@sb-bgxknceshxxifwytalex-auth-token:0 (2.93.3) 2026-02-02T15:20:03.524Z #_useSession end

[90mstdout[2m | tests/property/scoped-roles-processing-efficiency.test.ts[2m > [22m[2mProperty 10: Scoped Roles Processing Efficiency[2m > [22m[2mProperty 10.6: Org role operations should not affect project/system role caches
[22m[39mGoTrueClient@sb-bgxknceshxxifwytalex-auth-token:0 (2.93.3) 2026-02-02T15:20:03.524Z #_acquireLock lock released for storage key sb-bgxknceshxxifwytalex-auth-token

[90mstdout[2m | tests/property/scoped-roles-processing-efficiency.test.ts[2m > [22m[2mProperty 10: Scoped Roles Processing Efficiency[2m > [22m[2mProperty 10.6: Org role operations should not affect project/system role caches
[22m[39mGoTrueClient@sb-bgxknceshxxifwytalex-auth-token:0 (2.93.3) 2026-02-02T15:20:03.524Z #_acquireLock end

[90mstdout[2m | tests/property/scoped-roles-processing-efficiency.test.ts[2m > [22m[2mProperty 10: Scoped Roles Processing Efficiency[2m > [22m[2mProperty 10.6: Org role operations should not affect project/system role caches
[22m[39mGoTrueClient@sb-bgxknceshxxifwytalex-auth-token:0 (2.93.3) 2026-02-02T15:20:03.586Z #_acquireLock begin [33m10000[39m
GoTrueClient@sb-bgxknceshxxifwytalex-auth-token:0 (2.93.3) 2026-02-02T15:20:03.586Z #_acquireLock lock acquired for storage key sb-bgxknceshxxifwytalex-auth-token
GoTrueClient@sb-bgxknceshxxifwytalex-auth-token:0 (2.93.3) 2026-02-02T15:20:03.586Z #_useSession begin
GoTrueClient@sb-bgxknceshxxifwytalex-auth-token:0 (2.93.3) 2026-02-02T15:20:03.586Z #__loadSession() begin

[90mstdout[2m | tests/property/scoped-roles-processing-efficiency.test.ts[2m > [22m[2mProperty 10: Scoped Roles Processing Efficiency[2m > [22m[2mProperty 10.6: Org role operations should not affect project/system role caches
[22m[39mGoTrueClient@sb-bgxknceshxxifwytalex-auth-token:0 (2.93.3) 2026-02-02T15:20:03.586Z #getSession() session from storage [1mnull[22m
GoTrueClient@sb-bgxknceshxxifwytalex-auth-token:0 (2.93.3) 2026-02-02T15:20:03.586Z #__loadSession() end

[90mstdout[2m | tests/property/scoped-roles-processing-efficiency.test.ts[2m > [22m[2mProperty 10: Scoped Roles Processing Efficiency[2m > [22m[2mProperty 10.6: Org role operations should not affect project/system role caches
[22m[39mGoTrueClient@sb-bgxknceshxxifwytalex-auth-token:0 (2.93.3) 2026-02-02T15:20:03.586Z #_useSession end

[90mstdout[2m | tests/property/scoped-roles-processing-efficiency.test.ts[2m > [22m[2mProperty 10: Scoped Roles Processing Efficiency[2m > [22m[2mProperty 10.6: Org role operations should not affect project/system role caches
[22m[39mGoTrueClient@sb-bgxknceshxxifwytalex-auth-token:0 (2.93.3) 2026-02-02T15:20:03.587Z #_acquireLock lock released for storage key sb-bgxknceshxxifwytalex-auth-token

[90mstdout[2m | tests/property/scoped-roles-processing-efficiency.test.ts[2m > [22m[2mProperty 10: Scoped Roles Processing Efficiency[2m > [22m[2mProperty 10.6: Org role operations should not affect project/system role caches
[22m[39mGoTrueClient@sb-bgxknceshxxifwytalex-auth-token:0 (2.93.3) 2026-02-02T15:20:03.587Z #_acquireLock end

[90mstdout[2m | tests/property/scoped-roles-processing-efficiency.test.ts[2m > [22m[2mProperty 10: Scoped Roles Processing Efficiency[2m > [22m[2mProperty 10.6: Org role operations should not affect project/system role caches
[22m[39mGoTrueClient@sb-bgxknceshxxifwytalex-auth-token:0 (2.93.3) 2026-02-02T15:20:03.596Z #_acquireLock begin [33m10000[39m
GoTrueClient@sb-bgxknceshxxifwytalex-auth-token:0 (2.93.3) 2026-02-02T15:20:03.596Z #_acquireLock lock acquired for storage key sb-bgxknceshxxifwytalex-auth-token
GoTrueClient@sb-bgxknceshxxifwytalex-auth-token:0 (2.93.3) 2026-02-02T15:20:03.596Z #_useSession begin
GoTrueClient@sb-bgxknceshxxifwytalex-auth-token:0 (2.93.3) 2026-02-02T15:20:03.596Z #__loadSession() begin

[90mstdout[2m | tests/property/scoped-roles-processing-efficiency.test.ts[2m > [22m[2mProperty 10: Scoped Roles Processing Efficiency[2m > [22m[2mProperty 10.6: Org role operations should not affect project/system role caches
[22m[39mGoTrueClient@sb-bgxknceshxxifwytalex-auth-token:0 (2.93.3) 2026-02-02T15:20:03.596Z #getSession() session from storage [1mnull[22m
GoTrueClient@sb-bgxknceshxxifwytalex-auth-token:0 (2.93.3) 2026-02-02T15:20:03.596Z #__loadSession() end

[90mstdout[2m | tests/property/scoped-roles-processing-efficiency.test.ts[2m > [22m[2mProperty 10: Scoped Roles Processing Efficiency[2m > [22m[2mProperty 10.6: Org role operations should not affect project/system role caches
[22m[39mGoTrueClient@sb-bgxknceshxxifwytalex-auth-token:0 (2.93.3) 2026-02-02T15:20:03.596Z #_useSession end

[90mstdout[2m | tests/property/scoped-roles-processing-efficiency.test.ts[2m > [22m[2mProperty 10: Scoped Roles Processing Efficiency[2m > [22m[2mProperty 10.6: Org role operations should not affect project/system role caches
[22m[39mGoTrueClient@sb-bgxknceshxxifwytalex-auth-token:0 (2.93.3) 2026-02-02T15:20:03.596Z #_acquireLock lock released for storage key sb-bgxknceshxxifwytalex-auth-token

[90mstdout[2m | tests/property/scoped-roles-processing-efficiency.test.ts[2m > [22m[2mProperty 10: Scoped Roles Processing Efficiency[2m > [22m[2mProperty 10.6: Org role operations should not affect project/system role caches
[22m[39mGoTrueClient@sb-bgxknceshxxifwytalex-auth-token:0 (2.93.3) 2026-02-02T15:20:03.596Z #_acquireLock end

stderr | tests/property/scoped-roles-processing-efficiency.test.ts > Property 10: Scoped Roles Processing Efficiency > Property 10.6: Org role operations should not affect project/system role caches
Error fetching org roles: {
  code: 'PGRST200',
  details: "Searched for a foreign key relationship between 'org_roles' and 'user_profiles' in the schema 'public', but no matches were found.",
  hint: null,
  message: "Could not find a relationship between 'org_roles' and 'user_profiles' in the schema cache"
}

[90mstdout[2m | tests/property/scoped-roles-processing-efficiency.test.ts[2m > [22m[2mProperty 10: Scoped Roles Processing Efficiency[2m > [22m[2mProperty 10.6: Org role operations should not affect project/system role caches
[22m[39mGoTrueClient@sb-bgxknceshxxifwytalex-auth-token:0 (2.93.3) 2026-02-02T15:20:03.685Z #_acquireLock begin [33m10000[39m
GoTrueClient@sb-bgxknceshxxifwytalex-auth-token:0 (2.93.3) 2026-02-02T15:20:03.685Z #_acquireLock lock acquired for storage key sb-bgxknceshxxifwytalex-auth-token
GoTrueClient@sb-bgxknceshxxifwytalex-auth-token:0 (2.93.3) 2026-02-02T15:20:03.685Z #_useSession begin
GoTrueClient@sb-bgxknceshxxifwytalex-auth-token:0 (2.93.3) 2026-02-02T15:20:03.685Z #__loadSession() begin

[90mstdout[2m | tests/property/scoped-roles-processing-efficiency.test.ts[2m > [22m[2mProperty 10: Scoped Roles Processing Efficiency[2m > [22m[2mProperty 10.6: Org role operations should not affect project/system role caches
[22m[39mGoTrueClient@sb-bgxknceshxxifwytalex-auth-token:0 (2.93.3) 2026-02-02T15:20:03.685Z #getSession() session from storage [1mnull[22m
GoTrueClient@sb-bgxknceshxxifwytalex-auth-token:0 (2.93.3) 2026-02-02T15:20:03.685Z #__loadSession() end

[90mstdout[2m | tests/property/scoped-roles-processing-efficiency.test.ts[2m > [22m[2mProperty 10: Scoped Roles Processing Efficiency[2m > [22m[2mProperty 10.6: Org role operations should not affect project/system role caches
[22m[39mGoTrueClient@sb-bgxknceshxxifwytalex-auth-token:0 (2.93.3) 2026-02-02T15:20:03.685Z #_useSession end

[90mstdout[2m | tests/property/scoped-roles-processing-efficiency.test.ts[2m > [22m[2mProperty 10: Scoped Roles Processing Efficiency[2m > [22m[2mProperty 10.6: Org role operations should not affect project/system role caches
[22m[39mGoTrueClient@sb-bgxknceshxxifwytalex-auth-token:0 (2.93.3) 2026-02-02T15:20:03.685Z #_acquireLock lock released for storage key sb-bgxknceshxxifwytalex-auth-token

[90mstdout[2m | tests/property/scoped-roles-processing-efficiency.test.ts[2m > [22m[2mProperty 10: Scoped Roles Processing Efficiency[2m > [22m[2mProperty 10.6: Org role operations should not affect project/system role caches
[22m[39mGoTrueClient@sb-bgxknceshxxifwytalex-auth-token:0 (2.93.3) 2026-02-02T15:20:03.686Z #_acquireLock end

stderr | tests/property/scoped-roles-processing-efficiency.test.ts > Property 10: Scoped Roles Processing Efficiency > Property 10.6: Org role operations should not affect project/system role caches
Error fetching project roles: {
  code: 'PGRST200',
  details: "Searched for a foreign key relationship between 'project_roles' and 'user_profiles' in the schema 'public', but no matches were found.",
  hint: null,
  message: "Could not find a relationship between 'project_roles' and 'user_profiles' in the schema cache"
}

[90mstdout[2m | tests/property/scoped-roles-processing-efficiency.test.ts[2m > [22m[2mProperty 10: Scoped Roles Processing Efficiency[2m > [22m[2mProperty 10.6: Org role operations should not affect project/system role caches
[22m[39mGoTrueClient@sb-bgxknceshxxifwytalex-auth-token:0 (2.93.3) 2026-02-02T15:20:03.690Z #_acquireLock begin [33m10000[39m
GoTrueClient@sb-bgxknceshxxifwytalex-auth-token:0 (2.93.3) 2026-02-02T15:20:03.690Z #_acquireLock lock acquired for storage key sb-bgxknceshxxifwytalex-auth-token
GoTrueClient@sb-bgxknceshxxifwytalex-auth-token:0 (2.93.3) 2026-02-02T15:20:03.690Z #_useSession begin
GoTrueClient@sb-bgxknceshxxifwytalex-auth-token:0 (2.93.3) 2026-02-02T15:20:03.690Z #__loadSession() begin

[90mstdout[2m | tests/property/scoped-roles-processing-efficiency.test.ts[2m > [22m[2mProperty 10: Scoped Roles Processing Efficiency[2m > [22m[2mProperty 10.6: Org role operations should not affect project/system role caches
[22m[39mGoTrueClient@sb-bgxknceshxxifwytalex-auth-token:0 (2.93.3) 2026-02-02T15:20:03.690Z #getSession() session from storage [1mnull[22m
GoTrueClient@sb-bgxknceshxxifwytalex-auth-token:0 (2.93.3) 2026-02-02T15:20:03.690Z #__loadSession() end

[90mstdout[2m | tests/property/scoped-roles-processing-efficiency.test.ts[2m > [22m[2mProperty 10: Scoped Roles Processing Efficiency[2m > [22m[2mProperty 10.6: Org role operations should not affect project/system role caches
[22m[39mGoTrueClient@sb-bgxknceshxxifwytalex-auth-token:0 (2.93.3) 2026-02-02T15:20:03.690Z #_useSession end

[90mstdout[2m | tests/property/scoped-roles-processing-efficiency.test.ts[2m > [22m[2mProperty 10: Scoped Roles Processing Efficiency[2m > [22m[2mProperty 10.6: Org role operations should not affect project/system role caches
[22m[39mGoTrueClient@sb-bgxknceshxxifwytalex-auth-token:0 (2.93.3) 2026-02-02T15:20:03.690Z #_acquireLock lock released for storage key sb-bgxknceshxxifwytalex-auth-token

[90mstdout[2m | tests/property/scoped-roles-processing-efficiency.test.ts[2m > [22m[2mProperty 10: Scoped Roles Processing Efficiency[2m > [22m[2mProperty 10.6: Org role operations should not affect project/system role caches
[22m[39mGoTrueClient@sb-bgxknceshxxifwytalex-auth-token:0 (2.93.3) 2026-02-02T15:20:03.690Z #_acquireLock end

stderr | tests/property/scoped-roles-processing-efficiency.test.ts > Property 10: Scoped Roles Processing Efficiency > Property 10.6: Org role operations should not affect project/system role caches
Error fetching project roles: {
  code: 'PGRST200',
  details: "Searched for a foreign key relationship between 'project_roles' and 'user_profiles' in the schema 'public', but no matches were found.",
  hint: null,
  message: "Could not find a relationship between 'project_roles' and 'user_profiles' in the schema cache"
}

[90mstdout[2m | tests/property/scoped-roles-processing-efficiency.test.ts[2m > [22m[2mProperty 10: Scoped Roles Processing Efficiency[2m > [22m[2mProperty 10.6: Org role operations should not affect project/system role caches
[22m[39mGoTrueClient@sb-bgxknceshxxifwytalex-auth-token:0 (2.93.3) 2026-02-02T15:20:03.694Z #_acquireLock begin [33m10000[39m
GoTrueClient@sb-bgxknceshxxifwytalex-auth-token:0 (2.93.3) 2026-02-02T15:20:03.694Z #_acquireLock lock acquired for storage key sb-bgxknceshxxifwytalex-auth-token
GoTrueClient@sb-bgxknceshxxifwytalex-auth-token:0 (2.93.3) 2026-02-02T15:20:03.694Z #_useSession begin
GoTrueClient@sb-bgxknceshxxifwytalex-auth-token:0 (2.93.3) 2026-02-02T15:20:03.694Z #__loadSession() begin

[90mstdout[2m | tests/property/scoped-roles-processing-efficiency.test.ts[2m > [22m[2mProperty 10: Scoped Roles Processing Efficiency[2m > [22m[2mProperty 10.6: Org role operations should not affect project/system role caches
[22m[39mGoTrueClient@sb-bgxknceshxxifwytalex-auth-token:0 (2.93.3) 2026-02-02T15:20:03.695Z #getSession() session from storage [1mnull[22m
GoTrueClient@sb-bgxknceshxxifwytalex-auth-token:0 (2.93.3) 2026-02-02T15:20:03.695Z #__loadSession() end

[90mstdout[2m | tests/property/scoped-roles-processing-efficiency.test.ts[2m > [22m[2mProperty 10: Scoped Roles Processing Efficiency[2m > [22m[2mProperty 10.6: Org role operations should not affect project/system role caches
[22m[39mGoTrueClient@sb-bgxknceshxxifwytalex-auth-token:0 (2.93.3) 2026-02-02T15:20:03.695Z #_useSession end

[90mstdout[2m | tests/property/scoped-roles-processing-efficiency.test.ts[2m > [22m[2mProperty 10: Scoped Roles Processing Efficiency[2m > [22m[2mProperty 10.6: Org role operations should not affect project/system role caches
[22m[39mGoTrueClient@sb-bgxknceshxxifwytalex-auth-token:0 (2.93.3) 2026-02-02T15:20:03.695Z #_acquireLock lock released for storage key sb-bgxknceshxxifwytalex-auth-token

[90mstdout[2m | tests/property/scoped-roles-processing-efficiency.test.ts[2m > [22m[2mProperty 10: Scoped Roles Processing Efficiency[2m > [22m[2mProperty 10.6: Org role operations should not affect project/system role caches
[22m[39mGoTrueClient@sb-bgxknceshxxifwytalex-auth-token:0 (2.93.3) 2026-02-02T15:20:03.695Z #_acquireLock end

[90mstdout[2m | tests/property/scoped-roles-processing-efficiency.test.ts[2m > [22m[2mProperty 10: Scoped Roles Processing Efficiency[2m > [22m[2mProperty 10.6: Org role operations should not affect project/system role caches
[22m[39mGoTrueClient@sb-bgxknceshxxifwytalex-auth-token:0 (2.93.3) 2026-02-02T15:20:03.725Z #_acquireLock begin [33m10000[39m
GoTrueClient@sb-bgxknceshxxifwytalex-auth-token:0 (2.93.3) 2026-02-02T15:20:03.725Z #_acquireLock lock acquired for storage key sb-bgxknceshxxifwytalex-auth-token
GoTrueClient@sb-bgxknceshxxifwytalex-auth-token:0 (2.93.3) 2026-02-02T15:20:03.725Z #_useSession begin
GoTrueClient@sb-bgxknceshxxifwytalex-auth-token:0 (2.93.3) 2026-02-02T15:20:03.725Z #__loadSession() begin

[90mstdout[2m | tests/property/scoped-roles-processing-efficiency.test.ts[2m > [22m[2mProperty 10: Scoped Roles Processing Efficiency[2m > [22m[2mProperty 10.6: Org role operations should not affect project/system role caches
[22m[39mGoTrueClient@sb-bgxknceshxxifwytalex-auth-token:0 (2.93.3) 2026-02-02T15:20:03.725Z #getSession() session from storage [1mnull[22m
GoTrueClient@sb-bgxknceshxxifwytalex-auth-token:0 (2.93.3) 2026-02-02T15:20:03.725Z #__loadSession() end

[90mstdout[2m | tests/property/scoped-roles-processing-efficiency.test.ts[2m > [22m[2mProperty 10: Scoped Roles Processing Efficiency[2m > [22m[2mProperty 10.6: Org role operations should not affect project/system role caches
[22m[39mGoTrueClient@sb-bgxknceshxxifwytalex-auth-token:0 (2.93.3) 2026-02-02T15:20:03.725Z #_useSession end

[90mstdout[2m | tests/property/scoped-roles-processing-efficiency.test.ts[2m > [22m[2mProperty 10: Scoped Roles Processing Efficiency[2m > [22m[2mProperty 10.6: Org role operations should not affect project/system role caches
[22m[39mGoTrueClient@sb-bgxknceshxxifwytalex-auth-token:0 (2.93.3) 2026-02-02T15:20:03.725Z #_acquireLock lock released for storage key sb-bgxknceshxxifwytalex-auth-token

[90mstdout[2m | tests/property/scoped-roles-processing-efficiency.test.ts[2m > [22m[2mProperty 10: Scoped Roles Processing Efficiency[2m > [22m[2mProperty 10.6: Org role operations should not affect project/system role caches
[22m[39mGoTrueClient@sb-bgxknceshxxifwytalex-auth-token:0 (2.93.3) 2026-02-02T15:20:03.725Z #_acquireLock end

stderr | tests/property/scoped-roles-processing-efficiency.test.ts > Property 10: Scoped Roles Processing Efficiency > Property 10.6: Org role operations should not affect project/system role caches
Error fetching org roles: {
  code: 'PGRST200',
  details: "Searched for a foreign key relationship between 'org_roles' and 'user_profiles' in the schema 'public', but no matches were found.",
  hint: null,
  message: "Could not find a relationship between 'org_roles' and 'user_profiles' in the schema cache"
}

[90mstdout[2m | tests/property/scoped-roles-processing-efficiency.test.ts[2m > [22m[2mProperty 10: Scoped Roles Processing Efficiency[2m > [22m[2mProperty 10.6: Org role operations should not affect project/system role caches
[22m[39mGoTrueClient@sb-bgxknceshxxifwytalex-auth-token:0 (2.93.3) 2026-02-02T15:20:03.798Z #_acquireLock begin [33m10000[39m
GoTrueClient@sb-bgxknceshxxifwytalex-auth-token:0 (2.93.3) 2026-02-02T15:20:03.798Z #_acquireLock lock acquired for storage key sb-bgxknceshxxifwytalex-auth-token
GoTrueClient@sb-bgxknceshxxifwytalex-auth-token:0 (2.93.3) 2026-02-02T15:20:03.798Z #_useSession begin
GoTrueClient@sb-bgxknceshxxifwytalex-auth-token:0 (2.93.3) 2026-02-02T15:20:03.798Z #__loadSession() begin

[90mstdout[2m | tests/property/scoped-roles-processing-efficiency.test.ts[2m > [22m[2mProperty 10: Scoped Roles Processing Efficiency[2m > [22m[2mProperty 10.6: Org role operations should not affect project/system role caches
[22m[39mGoTrueClient@sb-bgxknceshxxifwytalex-auth-token:0 (2.93.3) 2026-02-02T15:20:03.799Z #getSession() session from storage [1mnull[22m
GoTrueClient@sb-bgxknceshxxifwytalex-auth-token:0 (2.93.3) 2026-02-02T15:20:03.799Z #__loadSession() end

[90mstdout[2m | tests/property/scoped-roles-processing-efficiency.test.ts[2m > [22m[2mProperty 10: Scoped Roles Processing Efficiency[2m > [22m[2mProperty 10.6: Org role operations should not affect project/system role caches
[22m[39mGoTrueClient@sb-bgxknceshxxifwytalex-auth-token:0 (2.93.3) 2026-02-02T15:20:03.799Z #_useSession end

[90mstdout[2m | tests/property/scoped-roles-processing-efficiency.test.ts[2m > [22m[2mProperty 10: Scoped Roles Processing Efficiency[2m > [22m[2mProperty 10.6: Org role operations should not affect project/system role caches
[22m[39mGoTrueClient@sb-bgxknceshxxifwytalex-auth-token:0 (2.93.3) 2026-02-02T15:20:03.799Z #_acquireLock lock released for storage key sb-bgxknceshxxifwytalex-auth-token

[90mstdout[2m | tests/property/scoped-roles-processing-efficiency.test.ts[2m > [22m[2mProperty 10: Scoped Roles Processing Efficiency[2m > [22m[2mProperty 10.6: Org role operations should not affect project/system role caches
[22m[39mGoTrueClient@sb-bgxknceshxxifwytalex-auth-token:0 (2.93.3) 2026-02-02T15:20:03.799Z #_acquireLock end

stderr | tests/property/scoped-roles-processing-efficiency.test.ts > Property 10: Scoped Roles Processing Efficiency > Property 10.6: Org role operations should not affect project/system role caches
[90mstdout[2m | tests/property/scoped-roles-processing-efficiency.test.ts[2m > [22m[2mProperty 10: Scoped Roles Processing Efficiency[2m > [22m[2mProperty 10.6: Org role operations should not affect project/system role caches
[22m[39mGoTrueClient@sb-bgxknceshxxifwytalex-auth-token:0 (2.93.3) 2026-02-02T15:20:03.807Z #_acquireLock begin [33m10000[39m
Error fetching org roles: {
GoTrueClient@sb-bgxknceshxxifwytalex-auth-token:0 (2.93.3) 2026-02-02T15:20:03.807Z #_acquireLock lock acquired for storage key sb-bgxknceshxxifwytalex-auth-token
GoTrueClient@sb-bgxknceshxxifwytalex-auth-token:0 (2.93.3) 2026-02-02T15:20:03.807Z #_useSession begin
GoTrueClient@sb-bgxknceshxxifwytalex-auth-token:0 (2.93.3) 2026-02-02T15:20:03.807Z #__loadSession() begin
  code: 'PGRST200',
  details: "Searched for a foreign key relationship between 'org_roles' and 'user_profiles' in the schema 'public', but no matches were found.",
  hint: null,
  message: "Could not find a relationship between 'org_roles' and 'user_profiles' in the schema cache"
}


[90mstdout[2m | tests/property/scoped-roles-processing-efficiency.test.ts[2m > [22m[2mProperty 10: Scoped Roles Processing Efficiency[2m > [22m[2mProperty 10.6: Org role operations should not affect project/system role caches
[22m[39mGoTrueClient@sb-bgxknceshxxifwytalex-auth-token:0 (2.93.3) 2026-02-02T15:20:03.808Z #getSession() session from storage [1mnull[22m
GoTrueClient@sb-bgxknceshxxifwytalex-auth-token:0 (2.93.3) 2026-02-02T15:20:03.808Z #__loadSession() end

[90mstdout[2m | tests/property/scoped-roles-processing-efficiency.test.ts[2m > [22m[2mProperty 10: Scoped Roles Processing Efficiency[2m > [22m[2mProperty 10.6: Org role operations should not affect project/system role caches
[22m[39mGoTrueClient@sb-bgxknceshxxifwytalex-auth-token:0 (2.93.3) 2026-02-02T15:20:03.808Z #_useSession end

[90mstdout[2m | tests/property/scoped-roles-processing-efficiency.test.ts[2m > [22m[2mProperty 10: Scoped Roles Processing Efficiency[2m > [22m[2mProperty 10.6: Org role operations should not affect project/system role caches
[22m[39mGoTrueClient@sb-bgxknceshxxifwytalex-auth-token:0 (2.93.3) 2026-02-02T15:20:03.808Z #_acquireLock lock released for storage key sb-bgxknceshxxifwytalex-auth-token

[90mstdout[2m | tests/property/scoped-roles-processing-efficiency.test.ts[2m > [22m[2mProperty 10: Scoped Roles Processing Efficiency[2m > [22m[2mProperty 10.6: Org role operations should not affect project/system role caches
[22m[39mGoTrueClient@sb-bgxknceshxxifwytalex-auth-token:0 (2.93.3) 2026-02-02T15:20:03.808Z #_acquireLock end

stderr | tests/property/scoped-roles-processing-efficiency.test.ts > Property 10: Scoped Roles Processing Efficiency > Property 10.6: Org role operations should not affect project/system role caches
Error fetching project roles: {
  code: 'PGRST200',
  details: "Searched for a foreign key relationship between 'project_roles' and 'user_profiles' in the schema 'public', but no matches were found.",
  hint: null,
  message: "Could not find a relationship between 'project_roles' and 'user_profiles' in the schema cache"
}

[90mstdout[2m | tests/property/scoped-roles-processing-efficiency.test.ts[2m > [22m[2mProperty 10: Scoped Roles Processing Efficiency[2m > [22m[2mProperty 10.6: Org role operations should not affect project/system role caches
[22m[39mGoTrueClient@sb-bgxknceshxxifwytalex-auth-token:0 (2.93.3) 2026-02-02T15:20:03.895Z #_acquireLock begin [33m10000[39m
GoTrueClient@sb-bgxknceshxxifwytalex-auth-token:0 (2.93.3) 2026-02-02T15:20:03.895Z #_acquireLock lock acquired for storage key sb-bgxknceshxxifwytalex-auth-token
GoTrueClient@sb-bgxknceshxxifwytalex-auth-token:0 (2.93.3) 2026-02-02T15:20:03.895Z #_useSession begin
GoTrueClient@sb-bgxknceshxxifwytalex-auth-token:0 (2.93.3) 2026-02-02T15:20:03.895Z #__loadSession() begin

[90mstdout[2m | tests/property/scoped-roles-processing-efficiency.test.ts[2m > [22m[2mProperty 10: Scoped Roles Processing Efficiency[2m > [22m[2mProperty 10.6: Org role operations should not affect project/system role caches
[22m[39mGoTrueClient@sb-bgxknceshxxifwytalex-auth-token:0 (2.93.3) 2026-02-02T15:20:03.896Z #getSession() session from storage [1mnull[22m
GoTrueClient@sb-bgxknceshxxifwytalex-auth-token:0 (2.93.3) 2026-02-02T15:20:03.896Z #__loadSession() end

[90mstdout[2m | tests/property/scoped-roles-processing-efficiency.test.ts[2m > [22m[2mProperty 10: Scoped Roles Processing Efficiency[2m > [22m[2mProperty 10.6: Org role operations should not affect project/system role caches
[22m[39mGoTrueClient@sb-bgxknceshxxifwytalex-auth-token:0 (2.93.3) 2026-02-02T15:20:03.896Z #_useSession end

[90mstdout[2m | tests/property/scoped-roles-processing-efficiency.test.ts[2m > [22m[2mProperty 10: Scoped Roles Processing Efficiency[2m > [22m[2mProperty 10.6: Org role operations should not affect project/system role caches
[22m[39mGoTrueClient@sb-bgxknceshxxifwytalex-auth-token:0 (2.93.3) 2026-02-02T15:20:03.896Z #_acquireLock lock released for storage key sb-bgxknceshxxifwytalex-auth-token

[90mstdout[2m | tests/property/scoped-roles-processing-efficiency.test.ts[2m > [22m[2mProperty 10: Scoped Roles Processing Efficiency[2m > [22m[2mProperty 10.6: Org role operations should not affect project/system role caches
[22m[39mGoTrueClient@sb-bgxknceshxxifwytalex-auth-token:0 (2.93.3) 2026-02-02T15:20:03.896Z #_acquireLock end

stderr | tests/property/scoped-roles-processing-efficiency.test.ts > Property 10: Scoped Roles Processing Efficiency > Property 10.6: Org role operations should not affect project/system role caches
Error fetching org roles: {
  code: 'PGRST200',
  details: "Searched for a foreign key relationship between 'org_roles' and 'user_profiles' in the schema 'public', but no matches were found.",
  hint: null,
  message: "Could not find a relationship between 'org_roles' and 'user_profiles' in the schema cache"
}

[90mstdout[2m | tests/property/scoped-roles-processing-efficiency.test.ts[2m > [22m[2mProperty 10: Scoped Roles Processing Efficiency[2m > [22m[2mProperty 10.6: Org role operations should not affect project/system role caches
[22m[39mGoTrueClient@sb-bgxknceshxxifwytalex-auth-token:0 (2.93.3) 2026-02-02T15:20:03.897Z #_acquireLock begin [33m10000[39m
GoTrueClient@sb-bgxknceshxxifwytalex-auth-token:0 (2.93.3) 2026-02-02T15:20:03.897Z #_acquireLock lock acquired for storage key sb-bgxknceshxxifwytalex-auth-token
GoTrueClient@sb-bgxknceshxxifwytalex-auth-token:0 (2.93.3) 2026-02-02T15:20:03.897Z #_useSession begin
GoTrueClient@sb-bgxknceshxxifwytalex-auth-token:0 (2.93.3) 2026-02-02T15:20:03.897Z #__loadSession() begin

[90mstdout[2m | tests/property/scoped-roles-processing-efficiency.test.ts[2m > [22m[2mProperty 10: Scoped Roles Processing Efficiency[2m > [22m[2mProperty 10.6: Org role operations should not affect project/system role caches
[22m[39mGoTrueClient@sb-bgxknceshxxifwytalex-auth-token:0 (2.93.3) 2026-02-02T15:20:03.898Z #getSession() session from storage [1mnull[22m
GoTrueClient@sb-bgxknceshxxifwytalex-auth-token:0 (2.93.3) 2026-02-02T15:20:03.898Z #__loadSession() end

[90mstdout[2m | tests/property/scoped-roles-processing-efficiency.test.ts[2m > [22m[2mProperty 10: Scoped Roles Processing Efficiency[2m > [22m[2mProperty 10.6: Org role operations should not affect project/system role caches
[22m[39mGoTrueClient@sb-bgxknceshxxifwytalex-auth-token:0 (2.93.3) 2026-02-02T15:20:03.898Z #_useSession end

[90mstdout[2m | tests/property/scoped-roles-processing-efficiency.test.ts[2m > [22m[2mProperty 10: Scoped Roles Processing Efficiency[2m > [22m[2mProperty 10.6: Org role operations should not affect project/system role caches
[22m[39mGoTrueClient@sb-bgxknceshxxifwytalex-auth-token:0 (2.93.3) 2026-02-02T15:20:03.898Z #_acquireLock lock released for storage key sb-bgxknceshxxifwytalex-auth-token

[90mstdout[2m | tests/property/scoped-roles-processing-efficiency.test.ts[2m > [22m[2mProperty 10: Scoped Roles Processing Efficiency[2m > [22m[2mProperty 10.6: Org role operations should not affect project/system role caches
[22m[39mGoTrueClient@sb-bgxknceshxxifwytalex-auth-token:0 (2.93.3) 2026-02-02T15:20:03.898Z #_acquireLock end

[90mstdout[2m | tests/property/scoped-roles-processing-efficiency.test.ts[2m > [22m[2mProperty 10: Scoped Roles Processing Efficiency[2m > [22m[2mProperty 10.6: Org role operations should not affect project/system role caches
[22m[39mGoTrueClient@sb-bgxknceshxxifwytalex-auth-token:0 (2.93.3) 2026-02-02T15:20:03.925Z #_acquireLock begin [33m10000[39m
GoTrueClient@sb-bgxknceshxxifwytalex-auth-token:0 (2.93.3) 2026-02-02T15:20:03.925Z #_acquireLock lock acquired for storage key sb-bgxknceshxxifwytalex-auth-token
GoTrueClient@sb-bgxknceshxxifwytalex-auth-token:0 (2.93.3) 2026-02-02T15:20:03.925Z #_useSession begin
GoTrueClient@sb-bgxknceshxxifwytalex-auth-token:0 (2.93.3) 2026-02-02T15:20:03.925Z #__loadSession() begin

[90mstdout[2m | tests/property/scoped-roles-processing-efficiency.test.ts[2m > [22m[2mProperty 10: Scoped Roles Processing Efficiency[2m > [22m[2mProperty 10.6: Org role operations should not affect project/system role caches
[22m[39mGoTrueClient@sb-bgxknceshxxifwytalex-auth-token:0 (2.93.3) 2026-02-02T15:20:03.925Z #getSession() session from storage [1mnull[22m
GoTrueClient@sb-bgxknceshxxifwytalex-auth-token:0 (2.93.3) 2026-02-02T15:20:03.925Z #__loadSession() end

[90mstdout[2m | tests/property/scoped-roles-processing-efficiency.test.ts[2m > [22m[2mProperty 10: Scoped Roles Processing Efficiency[2m > [22m[2mProperty 10.6: Org role operations should not affect project/system role caches
[22m[39mGoTrueClient@sb-bgxknceshxxifwytalex-auth-token:0 (2.93.3) 2026-02-02T15:20:03.925Z #_useSession end

[90mstdout[2m | tests/property/scoped-roles-processing-efficiency.test.ts[2m > [22m[2mProperty 10: Scoped Roles Processing Efficiency[2m > [22m[2mProperty 10.6: Org role operations should not affect project/system role caches
[22m[39mGoTrueClient@sb-bgxknceshxxifwytalex-auth-token:0 (2.93.3) 2026-02-02T15:20:03.925Z #_acquireLock lock released for storage key sb-bgxknceshxxifwytalex-auth-token

[90mstdout[2m | tests/property/scoped-roles-processing-efficiency.test.ts[2m > [22m[2mProperty 10: Scoped Roles Processing Efficiency[2m > [22m[2mProperty 10.6: Org role operations should not affect project/system role caches
[22m[39mGoTrueClient@sb-bgxknceshxxifwytalex-auth-token:0 (2.93.3) 2026-02-02T15:20:03.925Z #_acquireLock end

[90mstdout[2m | tests/property/scoped-roles-processing-efficiency.test.ts[2m > [22m[2mProperty 10: Scoped Roles Processing Efficiency[2m > [22m[2mProperty 10.6: Org role operations should not affect project/system role caches
[22m[39mGoTrueClient@sb-bgxknceshxxifwytalex-auth-token:0 (2.93.3) 2026-02-02T15:20:03.931Z #_acquireLock begin [33m10000[39m
GoTrueClient@sb-bgxknceshxxifwytalex-auth-token:0 (2.93.3) 2026-02-02T15:20:03.931Z #_acquireLock lock acquired for storage key sb-bgxknceshxxifwytalex-auth-token
GoTrueClient@sb-bgxknceshxxifwytalex-auth-token:0 (2.93.3) 2026-02-02T15:20:03.931Z #_useSession begin
GoTrueClient@sb-bgxknceshxxifwytalex-auth-token:0 (2.93.3) 2026-02-02T15:20:03.931Z #__loadSession() begin

[90mstdout[2m | tests/property/scoped-roles-processing-efficiency.test.ts[2m > [22m[2mProperty 10: Scoped Roles Processing Efficiency[2m > [22m[2mProperty 10.6: Org role operations should not affect project/system role caches
[22m[39mGoTrueClient@sb-bgxknceshxxifwytalex-auth-token:0 (2.93.3) 2026-02-02T15:20:03.931Z #getSession() session from storage [1mnull[22m
GoTrueClient@sb-bgxknceshxxifwytalex-auth-token:0 (2.93.3) 2026-02-02T15:20:03.931Z #__loadSession() end

[90mstdout[2m | tests/property/scoped-roles-processing-efficiency.test.ts[2m > [22m[2mProperty 10: Scoped Roles Processing Efficiency[2m > [22m[2mProperty 10.6: Org role operations should not affect project/system role caches
[22m[39mGoTrueClient@sb-bgxknceshxxifwytalex-auth-token:0 (2.93.3) 2026-02-02T15:20:03.932Z #_useSession end

[90mstdout[2m | tests/property/scoped-roles-processing-efficiency.test.ts[2m > [22m[2mProperty 10: Scoped Roles Processing Efficiency[2m > [22m[2mProperty 10.6: Org role operations should not affect project/system role caches
[22m[39mGoTrueClient@sb-bgxknceshxxifwytalex-auth-token:0 (2.93.3) 2026-02-02T15:20:03.932Z #_acquireLock lock released for storage key sb-bgxknceshxxifwytalex-auth-token

[90mstdout[2m | tests/property/scoped-roles-processing-efficiency.test.ts[2m > [22m[2mProperty 10: Scoped Roles Processing Efficiency[2m > [22m[2mProperty 10.6: Org role operations should not affect project/system role caches
[22m[39mGoTrueClient@sb-bgxknceshxxifwytalex-auth-token:0 (2.93.3) 2026-02-02T15:20:03.932Z #_acquireLock end

stderr | tests/property/scoped-roles-processing-efficiency.test.ts > Property 10: Scoped Roles Processing Efficiency > Property 10.6: Org role operations should not affect project/system role caches
Error fetching project roles: {
  code: 'PGRST200',
  details: "Searched for a foreign key relationship between 'project_roles' and 'user_profiles' in the schema 'public', but no matches were found.",
  hint: null,
  message: "Could not find a relationship between 'project_roles' and 'user_profiles' in the schema cache"
}

[90mstdout[2m | tests/property/scoped-roles-processing-efficiency.test.ts[2m > [22m[2mProperty 10: Scoped Roles Processing Efficiency[2m > [22m[2mProperty 10.6: Org role operations should not affect project/system role caches
[22m[39mGoTrueClient@sb-bgxknceshxxifwytalex-auth-token:0 (2.93.3) 2026-02-02T15:20:04.001Z #_acquireLock begin [33m10000[39m
GoTrueClient@sb-bgxknceshxxifwytalex-auth-token:0 (2.93.3) 2026-02-02T15:20:04.001Z #_acquireLock lock acquired for storage key sb-bgxknceshxxifwytalex-auth-token
GoTrueClient@sb-bgxknceshxxifwytalex-auth-token:0 (2.93.3) 2026-02-02T15:20:04.001Z #_useSession begin
GoTrueClient@sb-bgxknceshxxifwytalex-auth-token:0 (2.93.3) 2026-02-02T15:20:04.001Z #__loadSession() begin

[90mstdout[2m | tests/property/scoped-roles-processing-efficiency.test.ts[2m > [22m[2mProperty 10: Scoped Roles Processing Efficiency[2m > [22m[2mProperty 10.6: Org role operations should not affect project/system role caches
[22m[39mGoTrueClient@sb-bgxknceshxxifwytalex-auth-token:0 (2.93.3) 2026-02-02T15:20:04.001Z #getSession() session from storage [1mnull[22m
GoTrueClient@sb-bgxknceshxxifwytalex-auth-token:0 (2.93.3) 2026-02-02T15:20:04.001Z #__loadSession() end

[90mstdout[2m | tests/property/scoped-roles-processing-efficiency.test.ts[2m > [22m[2mProperty 10: Scoped Roles Processing Efficiency[2m > [22m[2mProperty 10.6: Org role operations should not affect project/system role caches
[22m[39mGoTrueClient@sb-bgxknceshxxifwytalex-auth-token:0 (2.93.3) 2026-02-02T15:20:04.001Z #_useSession end

[90mstdout[2m | tests/property/scoped-roles-processing-efficiency.test.ts[2m > [22m[2mProperty 10: Scoped Roles Processing Efficiency[2m > [22m[2mProperty 10.6: Org role operations should not affect project/system role caches
[22m[39mGoTrueClient@sb-bgxknceshxxifwytalex-auth-token:0 (2.93.3) 2026-02-02T15:20:04.002Z #_acquireLock lock released for storage key sb-bgxknceshxxifwytalex-auth-token

[90mstdout[2m | tests/property/scoped-roles-processing-efficiency.test.ts[2m > [22m[2mProperty 10: Scoped Roles Processing Efficiency[2m > [22m[2mProperty 10.6: Org role operations should not affect project/system role caches
[22m[39mGoTrueClient@sb-bgxknceshxxifwytalex-auth-token:0 (2.93.3) 2026-02-02T15:20:04.002Z #_acquireLock end

stderr | tests/property/scoped-roles-processing-efficiency.test.ts > Property 10: Scoped Roles Processing Efficiency > Property 10.6: Org role operations should not affect project/system role caches
Error fetching org roles: {
  code: 'PGRST200',
  details: "Searched for a foreign key relationship between 'org_roles' and 'user_profiles' in the schema 'public', but no matches were found.",
  hint: null,
  message: "Could not find a relationship between 'org_roles' and 'user_profiles' in the schema cache"
}

[90mstdout[2m | tests/property/scoped-roles-processing-efficiency.test.ts[2m > [22m[2mProperty 10: Scoped Roles Processing Efficiency[2m > [22m[2mProperty 10.6: Org role operations should not affect project/system role caches
[22m[39mGoTrueClient@sb-bgxknceshxxifwytalex-auth-token:0 (2.93.3) 2026-02-02T15:20:04.007Z #_acquireLock begin [33m10000[39m
GoTrueClient@sb-bgxknceshxxifwytalex-auth-token:0 (2.93.3) 2026-02-02T15:20:04.007Z #_acquireLock lock acquired for storage key sb-bgxknceshxxifwytalex-auth-token
GoTrueClient@sb-bgxknceshxxifwytalex-auth-token:0 (2.93.3) 2026-02-02T15:20:04.007Z #_useSession begin
GoTrueClient@sb-bgxknceshxxifwytalex-auth-token:0 (2.93.3) 2026-02-02T15:20:04.007Z #__loadSession() begin

[90mstdout[2m | tests/property/scoped-roles-processing-efficiency.test.ts[2m > [22m[2mProperty 10: Scoped Roles Processing Efficiency[2m > [22m[2mProperty 10.6: Org role operations should not affect project/system role caches
[22m[39mGoTrueClient@sb-bgxknceshxxifwytalex-auth-token:0 (2.93.3) 2026-02-02T15:20:04.007Z #getSession() session from storage [1mnull[22m
GoTrueClient@sb-bgxknceshxxifwytalex-auth-token:0 (2.93.3) 2026-02-02T15:20:04.007Z #__loadSession() end

[90mstdout[2m | tests/property/scoped-roles-processing-efficiency.test.ts[2m > [22m[2mProperty 10: Scoped Roles Processing Efficiency[2m > [22m[2mProperty 10.6: Org role operations should not affect project/system role caches
[22m[39mGoTrueClient@sb-bgxknceshxxifwytalex-auth-token:0 (2.93.3) 2026-02-02T15:20:04.007Z #_useSession end

[90mstdout[2m | tests/property/scoped-roles-processing-efficiency.test.ts[2m > [22m[2mProperty 10: Scoped Roles Processing Efficiency[2m > [22m[2mProperty 10.6: Org role operations should not affect project/system role caches
[22m[39mGoTrueClient@sb-bgxknceshxxifwytalex-auth-token:0 (2.93.3) 2026-02-02T15:20:04.007Z #_acquireLock lock released for storage key sb-bgxknceshxxifwytalex-auth-token

[90mstdout[2m | tests/property/scoped-roles-processing-efficiency.test.ts[2m > [22m[2mProperty 10: Scoped Roles Processing Efficiency[2m > [22m[2mProperty 10.6: Org role operations should not affect project/system role caches
[22m[39mGoTrueClient@sb-bgxknceshxxifwytalex-auth-token:0 (2.93.3) 2026-02-02T15:20:04.007Z #_acquireLock end

stderr | tests/property/scoped-roles-processing-efficiency.test.ts > Property 10: Scoped Roles Processing Efficiency > Property 10.6: Org role operations should not affect project/system role caches
Error fetching project roles: {
  code: 'PGRST200',
  details: "Searched for a foreign key relationship between 'project_roles' and 'user_profiles' in the schema 'public', but no matches were found.",
  hint: null,
  message: "Could not find a relationship between 'project_roles' and 'user_profiles' in the schema cache"
}

[90mstdout[2m | tests/property/scoped-roles-processing-efficiency.test.ts[2m > [22m[2mProperty 10: Scoped Roles Processing Efficiency[2m > [22m[2mProperty 10.6: Org role operations should not affect project/system role caches
[22m[39mGoTrueClient@sb-bgxknceshxxifwytalex-auth-token:0 (2.93.3) 2026-02-02T15:20:04.092Z #_acquireLock begin [33m10000[39m
GoTrueClient@sb-bgxknceshxxifwytalex-auth-token:0 (2.93.3) 2026-02-02T15:20:04.092Z #_acquireLock lock acquired for storage key sb-bgxknceshxxifwytalex-auth-token
GoTrueClient@sb-bgxknceshxxifwytalex-auth-token:0 (2.93.3) 2026-02-02T15:20:04.092Z #_useSession begin
GoTrueClient@sb-bgxknceshxxifwytalex-auth-token:0 (2.93.3) 2026-02-02T15:20:04.092Z #__loadSession() begin

[90mstdout[2m | tests/property/scoped-roles-processing-efficiency.test.ts[2m > [22m[2mProperty 10: Scoped Roles Processing Efficiency[2m > [22m[2mProperty 10.6: Org role operations should not affect project/system role caches
[22m[39mGoTrueClient@sb-bgxknceshxxifwytalex-auth-token:0 (2.93.3) 2026-02-02T15:20:04.092Z #getSession() session from storage [1mnull[22m
GoTrueClient@sb-bgxknceshxxifwytalex-auth-token:0 (2.93.3) 2026-02-02T15:20:04.092Z #__loadSession() end

[90mstdout[2m | tests/property/scoped-roles-processing-efficiency.test.ts[2m > [22m[2mProperty 10: Scoped Roles Processing Efficiency[2m > [22m[2mProperty 10.6: Org role operations should not affect project/system role caches
[22m[39mGoTrueClient@sb-bgxknceshxxifwytalex-auth-token:0 (2.93.3) 2026-02-02T15:20:04.092Z #_useSession end

[90mstdout[2m | tests/property/scoped-roles-processing-efficiency.test.ts[2m > [22m[2mProperty 10: Scoped Roles Processing Efficiency[2m > [22m[2mProperty 10.6: Org role operations should not affect project/system role caches
[22m[39mGoTrueClient@sb-bgxknceshxxifwytalex-auth-token:0 (2.93.3) 2026-02-02T15:20:04.093Z #_acquireLock lock released for storage key sb-bgxknceshxxifwytalex-auth-token

[90mstdout[2m | tests/property/scoped-roles-processing-efficiency.test.ts[2m > [22m[2mProperty 10: Scoped Roles Processing Efficiency[2m > [22m[2mProperty 10.6: Org role operations should not affect project/system role caches
[22m[39mGoTrueClient@sb-bgxknceshxxifwytalex-auth-token:0 (2.93.3) 2026-02-02T15:20:04.093Z #_acquireLock end

stderr | tests/property/scoped-roles-processing-efficiency.test.ts > Property 10: Scoped Roles Processing Efficiency > Property 10.6: Org role operations should not affect project/system role caches
Error fetching org roles: {
  code: 'PGRST200',
  details: "Searched for a foreign key relationship between 'org_roles' and 'user_profiles' in the schema 'public', but no matches were found.",
  hint: null,
  message: "Could not find a relationship between 'org_roles' and 'user_profiles' in the schema cache"
}

[90mstdout[2m | tests/property/scoped-roles-processing-efficiency.test.ts[2m > [22m[2mProperty 10: Scoped Roles Processing Efficiency[2m > [22m[2mProperty 10.6: Org role operations should not affect project/system role caches
[22m[39mGoTrueClient@sb-bgxknceshxxifwytalex-auth-token:0 (2.93.3) 2026-02-02T15:20:04.104Z #_acquireLock begin [33m10000[39m
GoTrueClient@sb-bgxknceshxxifwytalex-auth-token:0 (2.93.3) 2026-02-02T15:20:04.104Z #_acquireLock lock acquired for storage key sb-bgxknceshxxifwytalex-auth-token
GoTrueClient@sb-bgxknceshxxifwytalex-auth-token:0 (2.93.3) 2026-02-02T15:20:04.104Z #_useSession begin
GoTrueClient@sb-bgxknceshxxifwytalex-auth-token:0 (2.93.3) 2026-02-02T15:20:04.104Z #__loadSession() begin

[90mstdout[2m | tests/property/scoped-roles-processing-efficiency.test.ts[2m > [22m[2mProperty 10: Scoped Roles Processing Efficiency[2m > [22m[2mProperty 10.6: Org role operations should not affect project/system role caches
[22m[39mGoTrueClient@sb-bgxknceshxxifwytalex-auth-token:0 (2.93.3) 2026-02-02T15:20:04.104Z #getSession() session from storage [1mnull[22m
GoTrueClient@sb-bgxknceshxxifwytalex-auth-token:0 (2.93.3) 2026-02-02T15:20:04.104Z #__loadSession() end

[90mstdout[2m | tests/property/scoped-roles-processing-efficiency.test.ts[2m > [22m[2mProperty 10: Scoped Roles Processing Efficiency[2m > [22m[2mProperty 10.6: Org role operations should not affect project/system role caches
[22m[39mGoTrueClient@sb-bgxknceshxxifwytalex-auth-token:0 (2.93.3) 2026-02-02T15:20:04.104Z #_useSession end

[90mstdout[2m | tests/property/scoped-roles-processing-efficiency.test.ts[2m > [22m[2mProperty 10: Scoped Roles Processing Efficiency[2m > [22m[2mProperty 10.6: Org role operations should not affect project/system role caches
[22m[39mGoTrueClient@sb-bgxknceshxxifwytalex-auth-token:0 (2.93.3) 2026-02-02T15:20:04.105Z #_acquireLock lock released for storage key sb-bgxknceshxxifwytalex-auth-token

[90mstdout[2m | tests/property/scoped-roles-processing-efficiency.test.ts[2m > [22m[2mProperty 10: Scoped Roles Processing Efficiency[2m > [22m[2mProperty 10.6: Org role operations should not affect project/system role caches
[22m[39mGoTrueClient@sb-bgxknceshxxifwytalex-auth-token:0 (2.93.3) 2026-02-02T15:20:04.105Z #_acquireLock end

[90mstdout[2m | tests/property/scoped-roles-processing-efficiency.test.ts[2m > [22m[2mProperty 10: Scoped Roles Processing Efficiency[2m > [22m[2mProperty 10.6: Org role operations should not affect project/system role caches
[22m[39mGoTrueClient@sb-bgxknceshxxifwytalex-auth-token:0 (2.93.3) 2026-02-02T15:20:04.135Z #_acquireLock begin [33m10000[39m
GoTrueClient@sb-bgxknceshxxifwytalex-auth-token:0 (2.93.3) 2026-02-02T15:20:04.135Z #_acquireLock lock acquired for storage key sb-bgxknceshxxifwytalex-auth-token
GoTrueClient@sb-bgxknceshxxifwytalex-auth-token:0 (2.93.3) 2026-02-02T15:20:04.135Z #_useSession begin
GoTrueClient@sb-bgxknceshxxifwytalex-auth-token:0 (2.93.3) 2026-02-02T15:20:04.135Z #__loadSession() begin

[90mstdout[2m | tests/property/scoped-roles-processing-efficiency.test.ts[2m > [22m[2mProperty 10: Scoped Roles Processing Efficiency[2m > [22m[2mProperty 10.6: Org role operations should not affect project/system role caches
[22m[39mGoTrueClient@sb-bgxknceshxxifwytalex-auth-token:0 (2.93.3) 2026-02-02T15:20:04.135Z #getSession() session from storage [1mnull[22m
GoTrueClient@sb-bgxknceshxxifwytalex-auth-token:0 (2.93.3) 2026-02-02T15:20:04.135Z #__loadSession() end

[90mstdout[2m | tests/property/scoped-roles-processing-efficiency.test.ts[2m > [22m[2mProperty 10: Scoped Roles Processing Efficiency[2m > [22m[2mProperty 10.6: Org role operations should not affect project/system role caches
[22m[39mGoTrueClient@sb-bgxknceshxxifwytalex-auth-token:0 (2.93.3) 2026-02-02T15:20:04.135Z #_useSession end

[90mstdout[2m | tests/property/scoped-roles-processing-efficiency.test.ts[2m > [22m[2mProperty 10: Scoped Roles Processing Efficiency[2m > [22m[2mProperty 10.6: Org role operations should not affect project/system role caches
[22m[39mGoTrueClient@sb-bgxknceshxxifwytalex-auth-token:0 (2.93.3) 2026-02-02T15:20:04.136Z #_acquireLock lock released for storage key sb-bgxknceshxxifwytalex-auth-token

[90mstdout[2m | tests/property/scoped-roles-processing-efficiency.test.ts[2m > [22m[2mProperty 10: Scoped Roles Processing Efficiency[2m > [22m[2mProperty 10.6: Org role operations should not affect project/system role caches
[22m[39mGoTrueClient@sb-bgxknceshxxifwytalex-auth-token:0 (2.93.3) 2026-02-02T15:20:04.136Z #_acquireLock end

stderr | tests/property/scoped-roles-processing-efficiency.test.ts > Property 10: Scoped Roles Processing Efficiency > Property 10.6: Org role operations should not affect project/system role caches
Error fetching org roles: {
  code: 'PGRST200',
  details: "Searched for a foreign key relationship between 'org_roles' and 'user_profiles' in the schema 'public', but no matches were found.",
  hint: null,
  message: "Could not find a relationship between 'org_roles' and 'user_profiles' in the schema cache"
}

[90mstdout[2m | tests/property/scoped-roles-processing-efficiency.test.ts[2m > [22m[2mProperty 10: Scoped Roles Processing Efficiency[2m > [22m[2mProperty 10.6: Org role operations should not affect project/system role caches
[22m[39mGoTrueClient@sb-bgxknceshxxifwytalex-auth-token:0 (2.93.3) 2026-02-02T15:20:04.144Z #_acquireLock begin [33m10000[39m
GoTrueClient@sb-bgxknceshxxifwytalex-auth-token:0 (2.93.3) 2026-02-02T15:20:04.144Z #_acquireLock lock acquired for storage key sb-bgxknceshxxifwytalex-auth-token
GoTrueClient@sb-bgxknceshxxifwytalex-auth-token:0 (2.93.3) 2026-02-02T15:20:04.144Z #_useSession begin
GoTrueClient@sb-bgxknceshxxifwytalex-auth-token:0 (2.93.3) 2026-02-02T15:20:04.144Z #__loadSession() begin

[90mstdout[2m | tests/property/scoped-roles-processing-efficiency.test.ts[2m > [22m[2mProperty 10: Scoped Roles Processing Efficiency[2m > [22m[2mProperty 10.6: Org role operations should not affect project/system role caches
[22m[39mGoTrueClient@sb-bgxknceshxxifwytalex-auth-token:0 (2.93.3) 2026-02-02T15:20:04.144Z #getSession() session from storage [1mnull[22m
GoTrueClient@sb-bgxknceshxxifwytalex-auth-token:0 (2.93.3) 2026-02-02T15:20:04.144Z #__loadSession() end

[90mstdout[2m | tests/property/scoped-roles-processing-efficiency.test.ts[2m > [22m[2mProperty 10: Scoped Roles Processing Efficiency[2m > [22m[2mProperty 10.6: Org role operations should not affect project/system role caches
[22m[39mGoTrueClient@sb-bgxknceshxxifwytalex-auth-token:0 (2.93.3) 2026-02-02T15:20:04.144Z #_useSession end

[90mstdout[2m | tests/property/scoped-roles-processing-efficiency.test.ts[2m > [22m[2mProperty 10: Scoped Roles Processing Efficiency[2m > [22m[2mProperty 10.6: Org role operations should not affect project/system role caches
[22m[39mGoTrueClient@sb-bgxknceshxxifwytalex-auth-token:0 (2.93.3) 2026-02-02T15:20:04.144Z #_acquireLock lock released for storage key sb-bgxknceshxxifwytalex-auth-token

[90mstdout[2m | tests/property/scoped-roles-processing-efficiency.test.ts[2m > [22m[2mProperty 10: Scoped Roles Processing Efficiency[2m > [22m[2mProperty 10.6: Org role operations should not affect project/system role caches
[22m[39mGoTrueClient@sb-bgxknceshxxifwytalex-auth-token:0 (2.93.3) 2026-02-02T15:20:04.144Z #_acquireLock end

[90mstdout[2m | tests/property/scoped-roles-processing-efficiency.test.ts[2m > [22m[2mProperty 10: Scoped Roles Processing Efficiency[2m > [22m[2mProperty 10.6: Org role operations should not affect project/system role caches
[22m[39mGoTrueClient@sb-bgxknceshxxifwytalex-auth-token:0 (2.93.3) 2026-02-02T15:20:04.210Z #_acquireLock begin [33m10000[39m
GoTrueClient@sb-bgxknceshxxifwytalex-auth-token:0 (2.93.3) 2026-02-02T15:20:04.210Z #_acquireLock lock acquired for storage key sb-bgxknceshxxifwytalex-auth-token
GoTrueClient@sb-bgxknceshxxifwytalex-auth-token:0 (2.93.3) 2026-02-02T15:20:04.210Z #_useSession begin
GoTrueClient@sb-bgxknceshxxifwytalex-auth-token:0 (2.93.3) 2026-02-02T15:20:04.210Z #__loadSession() begin

[90mstdout[2m | tests/property/scoped-roles-processing-efficiency.test.ts[2m > [22m[2mProperty 10: Scoped Roles Processing Efficiency[2m > [22m[2mProperty 10.6: Org role operations should not affect project/system role caches
[22m[39mGoTrueClient@sb-bgxknceshxxifwytalex-auth-token:0 (2.93.3) 2026-02-02T15:20:04.210Z #getSession() session from storage [1mnull[22m
GoTrueClient@sb-bgxknceshxxifwytalex-auth-token:0 (2.93.3) 2026-02-02T15:20:04.210Z #__loadSession() end

[90mstdout[2m | tests/property/scoped-roles-processing-efficiency.test.ts[2m > [22m[2mProperty 10: Scoped Roles Processing Efficiency[2m > [22m[2mProperty 10.6: Org role operations should not affect project/system role caches
[22m[39mGoTrueClient@sb-bgxknceshxxifwytalex-auth-token:0 (2.93.3) 2026-02-02T15:20:04.211Z #_useSession end

[90mstdout[2m | tests/property/scoped-roles-processing-efficiency.test.ts[2m > [22m[2mProperty 10: Scoped Roles Processing Efficiency[2m > [22m[2mProperty 10.6: Org role operations should not affect project/system role caches
[22m[39mGoTrueClient@sb-bgxknceshxxifwytalex-auth-token:0 (2.93.3) 2026-02-02T15:20:04.211Z #_acquireLock lock released for storage key sb-bgxknceshxxifwytalex-auth-token

[90mstdout[2m | tests/property/scoped-roles-processing-efficiency.test.ts[2m > [22m[2mProperty 10: Scoped Roles Processing Efficiency[2m > [22m[2mProperty 10.6: Org role operations should not affect project/system role caches
[22m[39mGoTrueClient@sb-bgxknceshxxifwytalex-auth-token:0 (2.93.3) 2026-02-02T15:20:04.211Z #_acquireLock end

stderr | tests/property/scoped-roles-processing-efficiency.test.ts > Property 10: Scoped Roles Processing Efficiency > Property 10.6: Org role operations should not affect project/system role caches
Error fetching project roles: {
  code: 'PGRST200',
  details: "Searched for a foreign key relationship between 'project_roles' and 'user_profiles' in the schema 'public', but no matches were found.",
  hint: null,
  message: "Could not find a relationship between 'project_roles' and 'user_profiles' in the schema cache"
}

[90mstdout[2m | tests/property/scoped-roles-processing-efficiency.test.ts[2m > [22m[2mProperty 10: Scoped Roles Processing Efficiency[2m > [22m[2mProperty 10.6: Org role operations should not affect project/system role caches
[22m[39mGoTrueClient@sb-bgxknceshxxifwytalex-auth-token:0 (2.93.3) 2026-02-02T15:20:04.221Z #_acquireLock begin [33m10000[39m
GoTrueClient@sb-bgxknceshxxifwytalex-auth-token:0 (2.93.3) 2026-02-02T15:20:04.221Z #_acquireLock lock acquired for storage key sb-bgxknceshxxifwytalex-auth-token
GoTrueClient@sb-bgxknceshxxifwytalex-auth-token:0 (2.93.3) 2026-02-02T15:20:04.221Z #_useSession begin
GoTrueClient@sb-bgxknceshxxifwytalex-auth-token:0 (2.93.3) 2026-02-02T15:20:04.221Z #__loadSession() begin

[90mstdout[2m | tests/property/scoped-roles-processing-efficiency.test.ts[2m > [22m[2mProperty 10: Scoped Roles Processing Efficiency[2m > [22m[2mProperty 10.6: Org role operations should not affect project/system role caches
[22m[39mGoTrueClient@sb-bgxknceshxxifwytalex-auth-token:0 (2.93.3) 2026-02-02T15:20:04.221Z #getSession() session from storage [1mnull[22m
GoTrueClient@sb-bgxknceshxxifwytalex-auth-token:0 (2.93.3) 2026-02-02T15:20:04.222Z #__loadSession() end

[90mstdout[2m | tests/property/scoped-roles-processing-efficiency.test.ts[2m > [22m[2mProperty 10: Scoped Roles Processing Efficiency[2m > [22m[2mProperty 10.6: Org role operations should not affect project/system role caches
[22m[39mGoTrueClient@sb-bgxknceshxxifwytalex-auth-token:0 (2.93.3) 2026-02-02T15:20:04.222Z #_useSession end

[90mstdout[2m | tests/property/scoped-roles-processing-efficiency.test.ts[2m > [22m[2mProperty 10: Scoped Roles Processing Efficiency[2m > [22m[2mProperty 10.6: Org role operations should not affect project/system role caches
[22m[39mGoTrueClient@sb-bgxknceshxxifwytalex-auth-token:0 (2.93.3) 2026-02-02T15:20:04.222Z #_acquireLock lock released for storage key sb-bgxknceshxxifwytalex-auth-token

[90mstdout[2m | tests/property/scoped-roles-processing-efficiency.test.ts[2m > [22m[2mProperty 10: Scoped Roles Processing Efficiency[2m > [22m[2mProperty 10.6: Org role operations should not affect project/system role caches
[22m[39mGoTrueClient@sb-bgxknceshxxifwytalex-auth-token:0 (2.93.3) 2026-02-02T15:20:04.222Z #_acquireLock end

stderr | tests/property/scoped-roles-processing-efficiency.test.ts > Property 10: Scoped Roles Processing Efficiency > Property 10.6: Org role operations should not affect project/system role caches
Error fetching project roles: {
  code: 'PGRST200',
  details: "Searched for a foreign key relationship between 'project_roles' and 'user_profiles' in the schema 'public', but no matches were found.",
  hint: null,
  message: "Could not find a relationship between 'project_roles' and 'user_profiles' in the schema cache"
}

[90mstdout[2m | tests/property/scoped-roles-processing-efficiency.test.ts[2m > [22m[2mProperty 10: Scoped Roles Processing Efficiency[2m > [22m[2mProperty 10.6: Org role operations should not affect project/system role caches
[22m[39mGoTrueClient@sb-bgxknceshxxifwytalex-auth-token:0 (2.93.3) 2026-02-02T15:20:04.311Z #_acquireLock begin [33m10000[39m
GoTrueClient@sb-bgxknceshxxifwytalex-auth-token:0 (2.93.3) 2026-02-02T15:20:04.311Z #_acquireLock lock acquired for storage key sb-bgxknceshxxifwytalex-auth-token
GoTrueClient@sb-bgxknceshxxifwytalex-auth-token:0 (2.93.3) 2026-02-02T15:20:04.311Z #_useSession begin
GoTrueClient@sb-bgxknceshxxifwytalex-auth-token:0 (2.93.3) 2026-02-02T15:20:04.311Z #__loadSession() begin

[90mstdout[2m | tests/property/scoped-roles-processing-efficiency.test.ts[2m > [22m[2mProperty 10: Scoped Roles Processing Efficiency[2m > [22m[2mProperty 10.6: Org role operations should not affect project/system role caches
[22m[39mGoTrueClient@sb-bgxknceshxxifwytalex-auth-token:0 (2.93.3) 2026-02-02T15:20:04.311Z #getSession() session from storage [1mnull[22m
GoTrueClient@sb-bgxknceshxxifwytalex-auth-token:0 (2.93.3) 2026-02-02T15:20:04.311Z #__loadSession() end

[90mstdout[2m | tests/property/scoped-roles-processing-efficiency.test.ts[2m > [22m[2mProperty 10: Scoped Roles Processing Efficiency[2m > [22m[2mProperty 10.6: Org role operations should not affect project/system role caches
[22m[39mGoTrueClient@sb-bgxknceshxxifwytalex-auth-token:0 (2.93.3) 2026-02-02T15:20:04.311Z #_useSession end

[90mstdout[2m | tests/property/scoped-roles-processing-efficiency.test.ts[2m > [22m[2mProperty 10: Scoped Roles Processing Efficiency[2m > [22m[2mProperty 10.6: Org role operations should not affect project/system role caches
[22m[39mGoTrueClient@sb-bgxknceshxxifwytalex-auth-token:0 (2.93.3) 2026-02-02T15:20:04.311Z #_acquireLock lock released for storage key sb-bgxknceshxxifwytalex-auth-token

[90mstdout[2m | tests/property/scoped-roles-processing-efficiency.test.ts[2m > [22m[2mProperty 10: Scoped Roles Processing Efficiency[2m > [22m[2mProperty 10.6: Org role operations should not affect project/system role caches
[22m[39mGoTrueClient@sb-bgxknceshxxifwytalex-auth-token:0 (2.93.3) 2026-02-02T15:20:04.311Z #_acquireLock end

stderr | tests/property/scoped-roles-processing-efficiency.test.ts > Property 10: Scoped Roles Processing Efficiency > Property 10.6: Org role operations should not affect project/system role caches
Error fetching org roles: {
  code: 'PGRST200',
  details: "Searched for a foreign key relationship between 'org_roles' and 'user_profiles' in the schema 'public', but no matches were found.",
  hint: null,
  message: "Could not find a relationship between 'org_roles' and 'user_profiles' in the schema cache"
}

[90mstdout[2m | tests/property/scoped-roles-processing-efficiency.test.ts[2m > [22m[2mProperty 10: Scoped Roles Processing Efficiency[2m > [22m[2mProperty 10.6: Org role operations should not affect project/system role caches
[22m[39mGoTrueClient@sb-bgxknceshxxifwytalex-auth-token:0 (2.93.3) 2026-02-02T15:20:04.339Z #_acquireLock begin [33m10000[39m
GoTrueClient@sb-bgxknceshxxifwytalex-auth-token:0 (2.93.3) 2026-02-02T15:20:04.339Z #_acquireLock lock acquired for storage key sb-bgxknceshxxifwytalex-auth-token
GoTrueClient@sb-bgxknceshxxifwytalex-auth-token:0 (2.93.3) 2026-02-02T15:20:04.339Z #_useSession begin
GoTrueClient@sb-bgxknceshxxifwytalex-auth-token:0 (2.93.3) 2026-02-02T15:20:04.339Z #__loadSession() begin

[90mstdout[2m | tests/property/scoped-roles-processing-efficiency.test.ts[2m > [22m[2mProperty 10: Scoped Roles Processing Efficiency[2m > [22m[2mProperty 10.6: Org role operations should not affect project/system role caches
[22m[39mGoTrueClient@sb-bgxknceshxxifwytalex-auth-token:0 (2.93.3) 2026-02-02T15:20:04.339Z #getSession() session from storage [1mnull[22m
GoTrueClient@sb-bgxknceshxxifwytalex-auth-token:0 (2.93.3) 2026-02-02T15:20:04.339Z #__loadSession() end

[90mstdout[2m | tests/property/scoped-roles-processing-efficiency.test.ts[2m > [22m[2mProperty 10: Scoped Roles Processing Efficiency[2m > [22m[2mProperty 10.6: Org role operations should not affect project/system role caches
[22m[39mGoTrueClient@sb-bgxknceshxxifwytalex-auth-token:0 (2.93.3) 2026-02-02T15:20:04.339Z #_useSession end

[90mstdout[2m | tests/property/scoped-roles-processing-efficiency.test.ts[2m > [22m[2mProperty 10: Scoped Roles Processing Efficiency[2m > [22m[2mProperty 10.6: Org role operations should not affect project/system role caches
[22m[39mGoTrueClient@sb-bgxknceshxxifwytalex-auth-token:0 (2.93.3) 2026-02-02T15:20:04.339Z #_acquireLock lock released for storage key sb-bgxknceshxxifwytalex-auth-token

[90mstdout[2m | tests/property/scoped-roles-processing-efficiency.test.ts[2m > [22m[2mProperty 10: Scoped Roles Processing Efficiency[2m > [22m[2mProperty 10.6: Org role operations should not affect project/system role caches
[22m[39mGoTrueClient@sb-bgxknceshxxifwytalex-auth-token:0 (2.93.3) 2026-02-02T15:20:04.339Z #_acquireLock end

[90mstdout[2m | tests/property/scoped-roles-processing-efficiency.test.ts[2m > [22m[2mProperty 10: Scoped Roles Processing Efficiency[2m > [22m[2mProperty 10.6: Org role operations should not affect project/system role caches
[22m[39mGoTrueClient@sb-bgxknceshxxifwytalex-auth-token:0 (2.93.3) 2026-02-02T15:20:04.375Z #_acquireLock begin [33m10000[39m
GoTrueClient@sb-bgxknceshxxifwytalex-auth-token:0 (2.93.3) 2026-02-02T15:20:04.375Z #_acquireLock lock acquired for storage key sb-bgxknceshxxifwytalex-auth-token
GoTrueClient@sb-bgxknceshxxifwytalex-auth-token:0 (2.93.3) 2026-02-02T15:20:04.375Z #_useSession begin
GoTrueClient@sb-bgxknceshxxifwytalex-auth-token:0 (2.93.3) 2026-02-02T15:20:04.375Z #__loadSession() begin

[90mstdout[2m | tests/property/scoped-roles-processing-efficiency.test.ts[2m > [22m[2mProperty 10: Scoped Roles Processing Efficiency[2m > [22m[2mProperty 10.6: Org role operations should not affect project/system role caches
[22m[39mGoTrueClient@sb-bgxknceshxxifwytalex-auth-token:0 (2.93.3) 2026-02-02T15:20:04.375Z #getSession() session from storage [1mnull[22m
GoTrueClient@sb-bgxknceshxxifwytalex-auth-token:0 (2.93.3) 2026-02-02T15:20:04.375Z #__loadSession() end

[90mstdout[2m | tests/property/scoped-roles-processing-efficiency.test.ts[2m > [22m[2mProperty 10: Scoped Roles Processing Efficiency[2m > [22m[2mProperty 10.6: Org role operations should not affect project/system role caches
[22m[39mGoTrueClient@sb-bgxknceshxxifwytalex-auth-token:0 (2.93.3) 2026-02-02T15:20:04.375Z #_useSession end

[90mstdout[2m | tests/property/scoped-roles-processing-efficiency.test.ts[2m > [22m[2mProperty 10: Scoped Roles Processing Efficiency[2m > [22m[2mProperty 10.6: Org role operations should not affect project/system role caches
[22m[39mGoTrueClient@sb-bgxknceshxxifwytalex-auth-token:0 (2.93.3) 2026-02-02T15:20:04.376Z #_acquireLock lock released for storage key sb-bgxknceshxxifwytalex-auth-token

[90mstdout[2m | tests/property/scoped-roles-processing-efficiency.test.ts[2m > [22m[2mProperty 10: Scoped Roles Processing Efficiency[2m > [22m[2mProperty 10.6: Org role operations should not affect project/system role caches
[22m[39mGoTrueClient@sb-bgxknceshxxifwytalex-auth-token:0 (2.93.3) 2026-02-02T15:20:04.376Z #_acquireLock end

stderr | tests/property/scoped-roles-processing-efficiency.test.ts > Property 10: Scoped Roles Processing Efficiency > Property 10.6: Org role operations should not affect project/system role caches
Error fetching project roles: {
  code: 'PGRST200',
  details: "Searched for a foreign key relationship between 'project_roles' and 'user_profiles' in the schema 'public', but no matches were found.",
  hint: null,
  message: "Could not find a relationship between 'project_roles' and 'user_profiles' in the schema cache"
}

[90mstdout[2m | tests/property/scoped-roles-processing-efficiency.test.ts[2m > [22m[2mProperty 10: Scoped Roles Processing Efficiency[2m > [22m[2mProperty 10.6: Org role operations should not affect project/system role caches
[22m[39mGoTrueClient@sb-bgxknceshxxifwytalex-auth-token:0 (2.93.3) 2026-02-02T15:20:04.378Z #_acquireLock begin [33m10000[39m
GoTrueClient@sb-bgxknceshxxifwytalex-auth-token:0 (2.93.3) 2026-02-02T15:20:04.378Z #_acquireLock lock acquired for storage key sb-bgxknceshxxifwytalex-auth-token
GoTrueClient@sb-bgxknceshxxifwytalex-auth-token:0 (2.93.3) 2026-02-02T15:20:04.378Z #_useSession begin
GoTrueClient@sb-bgxknceshxxifwytalex-auth-token:0 (2.93.3) 2026-02-02T15:20:04.378Z #__loadSession() begin

[90mstdout[2m | tests/property/scoped-roles-processing-efficiency.test.ts[2m > [22m[2mProperty 10: Scoped Roles Processing Efficiency[2m > [22m[2mProperty 10.6: Org role operations should not affect project/system role caches
[22m[39mGoTrueClient@sb-bgxknceshxxifwytalex-auth-token:0 (2.93.3) 2026-02-02T15:20:04.378Z #getSession() session from storage [1mnull[22m
GoTrueClient@sb-bgxknceshxxifwytalex-auth-token:0 (2.93.3) 2026-02-02T15:20:04.378Z #__loadSession() end

[90mstdout[2m | tests/property/scoped-roles-processing-efficiency.test.ts[2m > [22m[2mProperty 10: Scoped Roles Processing Efficiency[2m > [22m[2mProperty 10.6: Org role operations should not affect project/system role caches
[22m[39mGoTrueClient@sb-bgxknceshxxifwytalex-auth-token:0 (2.93.3) 2026-02-02T15:20:04.378Z #_useSession end

[90mstdout[2m | tests/property/scoped-roles-processing-efficiency.test.ts[2m > [22m[2mProperty 10: Scoped Roles Processing Efficiency[2m > [22m[2mProperty 10.6: Org role operations should not affect project/system role caches
[22m[39mGoTrueClient@sb-bgxknceshxxifwytalex-auth-token:0 (2.93.3) 2026-02-02T15:20:04.378Z #_acquireLock lock released for storage key sb-bgxknceshxxifwytalex-auth-token

[90mstdout[2m | tests/property/scoped-roles-processing-efficiency.test.ts[2m > [22m[2mProperty 10: Scoped Roles Processing Efficiency[2m > [22m[2mProperty 10.6: Org role operations should not affect project/system role caches
[22m[39mGoTrueClient@sb-bgxknceshxxifwytalex-auth-token:0 (2.93.3) 2026-02-02T15:20:04.378Z #_acquireLock end

[90mstdout[2m | tests/property/scoped-roles-processing-efficiency.test.ts[2m > [22m[2mProperty 10: Scoped Roles Processing Efficiency[2m > [22m[2mProperty 10.6: Org role operations should not affect project/system role caches
[22m[39mGoTrueClient@sb-bgxknceshxxifwytalex-auth-token:0 (2.93.3) 2026-02-02T15:20:04.430Z #_acquireLock begin [33m10000[39m
GoTrueClient@sb-bgxknceshxxifwytalex-auth-token:0 (2.93.3) 2026-02-02T15:20:04.430Z #_acquireLock lock acquired for storage key sb-bgxknceshxxifwytalex-auth-token
GoTrueClient@sb-bgxknceshxxifwytalex-auth-token:0 (2.93.3) 2026-02-02T15:20:04.430Z #_useSession begin
GoTrueClient@sb-bgxknceshxxifwytalex-auth-token:0 (2.93.3) 2026-02-02T15:20:04.430Z #__loadSession() begin

[90mstdout[2m | tests/property/scoped-roles-processing-efficiency.test.ts[2m > [22m[2mProperty 10: Scoped Roles Processing Efficiency[2m > [22m[2mProperty 10.6: Org role operations should not affect project/system role caches
[22m[39mGoTrueClient@sb-bgxknceshxxifwytalex-auth-token:0 (2.93.3) 2026-02-02T15:20:04.431Z #getSession() session from storage [1mnull[22m
GoTrueClient@sb-bgxknceshxxifwytalex-auth-token:0 (2.93.3) 2026-02-02T15:20:04.431Z #__loadSession() end

[90mstdout[2m | tests/property/scoped-roles-processing-efficiency.test.ts[2m > [22m[2mProperty 10: Scoped Roles Processing Efficiency[2m > [22m[2mProperty 10.6: Org role operations should not affect project/system role caches
[22m[39mGoTrueClient@sb-bgxknceshxxifwytalex-auth-token:0 (2.93.3) 2026-02-02T15:20:04.431Z #_useSession end

[90mstdout[2m | tests/property/scoped-roles-processing-efficiency.test.ts[2m > [22m[2mProperty 10: Scoped Roles Processing Efficiency[2m > [22m[2mProperty 10.6: Org role operations should not affect project/system role caches
[22m[39mGoTrueClient@sb-bgxknceshxxifwytalex-auth-token:0 (2.93.3) 2026-02-02T15:20:04.431Z #_acquireLock lock released for storage key sb-bgxknceshxxifwytalex-auth-token

[90mstdout[2m | tests/property/scoped-roles-processing-efficiency.test.ts[2m > [22m[2mProperty 10: Scoped Roles Processing Efficiency[2m > [22m[2mProperty 10.6: Org role operations should not affect project/system role caches
[22m[39mGoTrueClient@sb-bgxknceshxxifwytalex-auth-token:0 (2.93.3) 2026-02-02T15:20:04.431Z #_acquireLock end

[90mstdout[2m | tests/property/scoped-roles-processing-efficiency.test.ts[2m > [22m[2mProperty 10: Scoped Roles Processing Efficiency[2m > [22m[2mProperty 10.6: Org role operations should not affect project/system role caches
[22m[39mGoTrueClient@sb-bgxknceshxxifwytalex-auth-token:0 (2.93.3) 2026-02-02T15:20:04.435Z #_acquireLock begin [33m10000[39m
GoTrueClient@sb-bgxknceshxxifwytalex-auth-token:0 (2.93.3) 2026-02-02T15:20:04.435Z #_acquireLock lock acquired for storage key sb-bgxknceshxxifwytalex-auth-token
GoTrueClient@sb-bgxknceshxxifwytalex-auth-token:0 (2.93.3) 2026-02-02T15:20:04.435Z #_useSession begin
GoTrueClient@sb-bgxknceshxxifwytalex-auth-token:0 (2.93.3) 2026-02-02T15:20:04.435Z #__loadSession() begin

[90mstdout[2m | tests/property/scoped-roles-processing-efficiency.test.ts[2m > [22m[2mProperty 10: Scoped Roles Processing Efficiency[2m > [22m[2mProperty 10.6: Org role operations should not affect project/system role caches
[22m[39mGoTrueClient@sb-bgxknceshxxifwytalex-auth-token:0 (2.93.3) 2026-02-02T15:20:04.435Z #getSession() session from storage [1mnull[22m
GoTrueClient@sb-bgxknceshxxifwytalex-auth-token:0 (2.93.3) 2026-02-02T15:20:04.435Z #__loadSession() end

[90mstdout[2m | tests/property/scoped-roles-processing-efficiency.test.ts[2m > [22m[2mProperty 10: Scoped Roles Processing Efficiency[2m > [22m[2mProperty 10.6: Org role operations should not affect project/system role caches
[22m[39mGoTrueClient@sb-bgxknceshxxifwytalex-auth-token:0 (2.93.3) 2026-02-02T15:20:04.435Z #_useSession end

[90mstdout[2m | tests/property/scoped-roles-processing-efficiency.test.ts[2m > [22m[2mProperty 10: Scoped Roles Processing Efficiency[2m > [22m[2mProperty 10.6: Org role operations should not affect project/system role caches
[22m[39mGoTrueClient@sb-bgxknceshxxifwytalex-auth-token:0 (2.93.3) 2026-02-02T15:20:04.435Z #_acquireLock lock released for storage key sb-bgxknceshxxifwytalex-auth-token

[90mstdout[2m | tests/property/scoped-roles-processing-efficiency.test.ts[2m > [22m[2mProperty 10: Scoped Roles Processing Efficiency[2m > [22m[2mProperty 10.6: Org role operations should not affect project/system role caches
[22m[39mGoTrueClient@sb-bgxknceshxxifwytalex-auth-token:0 (2.93.3) 2026-02-02T15:20:04.436Z #_acquireLock end

stderr | tests/property/scoped-roles-processing-efficiency.test.ts > Property 10: Scoped Roles Processing Efficiency > Property 10.6: Org role operations should not affect project/system role caches
Error fetching project roles: {
  code: 'PGRST200',
  details: "Searched for a foreign key relationship between 'project_roles' and 'user_profiles' in the schema 'public', but no matches were found.",
  hint: null,
  message: "Could not find a relationship between 'project_roles' and 'user_profiles' in the schema cache"
}

[90mstdout[2m | tests/property/scoped-roles-processing-efficiency.test.ts[2m > [22m[2mProperty 10: Scoped Roles Processing Efficiency[2m > [22m[2mProperty 10.6: Org role operations should not affect project/system role caches
[22m[39mGoTrueClient@sb-bgxknceshxxifwytalex-auth-token:0 (2.93.3) 2026-02-02T15:20:04.514Z #_acquireLock begin [33m10000[39m
GoTrueClient@sb-bgxknceshxxifwytalex-auth-token:0 (2.93.3) 2026-02-02T15:20:04.514Z #_acquireLock lock acquired for storage key sb-bgxknceshxxifwytalex-auth-token
GoTrueClient@sb-bgxknceshxxifwytalex-auth-token:0 (2.93.3) 2026-02-02T15:20:04.514Z #_useSession begin
GoTrueClient@sb-bgxknceshxxifwytalex-auth-token:0 (2.93.3) 2026-02-02T15:20:04.514Z #__loadSession() begin

[90mstdout[2m | tests/property/scoped-roles-processing-efficiency.test.ts[2m > [22m[2mProperty 10: Scoped Roles Processing Efficiency[2m > [22m[2mProperty 10.6: Org role operations should not affect project/system role caches
[22m[39mGoTrueClient@sb-bgxknceshxxifwytalex-auth-token:0 (2.93.3) 2026-02-02T15:20:04.514Z #getSession() session from storage [1mnull[22m
GoTrueClient@sb-bgxknceshxxifwytalex-auth-token:0 (2.93.3) 2026-02-02T15:20:04.514Z #__loadSession() end

[90mstdout[2m | tests/property/scoped-roles-processing-efficiency.test.ts[2m > [22m[2mProperty 10: Scoped Roles Processing Efficiency[2m > [22m[2mProperty 10.6: Org role operations should not affect project/system role caches
[22m[39mGoTrueClient@sb-bgxknceshxxifwytalex-auth-token:0 (2.93.3) 2026-02-02T15:20:04.514Z #_useSession end

[90mstdout[2m | tests/property/scoped-roles-processing-efficiency.test.ts[2m > [22m[2mProperty 10: Scoped Roles Processing Efficiency[2m > [22m[2mProperty 10.6: Org role operations should not affect project/system role caches
[22m[39mGoTrueClient@sb-bgxknceshxxifwytalex-auth-token:0 (2.93.3) 2026-02-02T15:20:04.514Z #_acquireLock lock released for storage key sb-bgxknceshxxifwytalex-auth-token

[90mstdout[2m | tests/property/scoped-roles-processing-efficiency.test.ts[2m > [22m[2mProperty 10: Scoped Roles Processing Efficiency[2m > [22m[2mProperty 10.6: Org role operations should not affect project/system role caches
[22m[39mGoTrueClient@sb-bgxknceshxxifwytalex-auth-token:0 (2.93.3) 2026-02-02T15:20:04.514Z #_acquireLock end

stderr | tests/property/scoped-roles-processing-efficiency.test.ts > Property 10: Scoped Roles Processing Efficiency > Property 10.6: Org role operations should not affect project/system role caches
Error fetching org roles: {
  code: 'PGRST200',
  details: "Searched for a foreign key relationship between 'org_roles' and 'user_profiles' in the schema 'public', but no matches were found.",
  hint: null,
  message: "Could not find a relationship between 'org_roles' and 'user_profiles' in the schema cache"
}

[90mstdout[2m | tests/property/scoped-roles-processing-efficiency.test.ts[2m > [22m[2mProperty 10: Scoped Roles Processing Efficiency[2m > [22m[2mProperty 10.6: Org role operations should not affect project/system role caches
[22m[39mGoTrueClient@sb-bgxknceshxxifwytalex-auth-token:0 (2.93.3) 2026-02-02T15:20:04.553Z #_acquireLock begin [33m10000[39m
GoTrueClient@sb-bgxknceshxxifwytalex-auth-token:0 (2.93.3) 2026-02-02T15:20:04.553Z #_acquireLock lock acquired for storage key sb-bgxknceshxxifwytalex-auth-token
GoTrueClient@sb-bgxknceshxxifwytalex-auth-token:0 (2.93.3) 2026-02-02T15:20:04.553Z #_useSession begin
GoTrueClient@sb-bgxknceshxxifwytalex-auth-token:0 (2.93.3) 2026-02-02T15:20:04.554Z #__loadSession() begin

[90mstdout[2m | tests/property/scoped-roles-processing-efficiency.test.ts[2m > [22m[2mProperty 10: Scoped Roles Processing Efficiency[2m > [22m[2mProperty 10.6: Org role operations should not affect project/system role caches
[22m[39mGoTrueClient@sb-bgxknceshxxifwytalex-auth-token:0 (2.93.3) 2026-02-02T15:20:04.554Z #getSession() session from storage [1mnull[22m
GoTrueClient@sb-bgxknceshxxifwytalex-auth-token:0 (2.93.3) 2026-02-02T15:20:04.554Z #__loadSession() end

[90mstdout[2m | tests/property/scoped-roles-processing-efficiency.test.ts[2m > [22m[2mProperty 10: Scoped Roles Processing Efficiency[2m > [22m[2mProperty 10.6: Org role operations should not affect project/system role caches
[22m[39mGoTrueClient@sb-bgxknceshxxifwytalex-auth-token:0 (2.93.3) 2026-02-02T15:20:04.554Z #_useSession end

[90mstdout[2m | tests/property/scoped-roles-processing-efficiency.test.ts[2m > [22m[2mProperty 10: Scoped Roles Processing Efficiency[2m > [22m[2mProperty 10.6: Org role operations should not affect project/system role caches
[22m[39mGoTrueClient@sb-bgxknceshxxifwytalex-auth-token:0 (2.93.3) 2026-02-02T15:20:04.554Z #_acquireLock lock released for storage key sb-bgxknceshxxifwytalex-auth-token

[90mstdout[2m | tests/property/scoped-roles-processing-efficiency.test.ts[2m > [22m[2mProperty 10: Scoped Roles Processing Efficiency[2m > [22m[2mProperty 10.6: Org role operations should not affect project/system role caches
[22m[39mGoTrueClient@sb-bgxknceshxxifwytalex-auth-token:0 (2.93.3) 2026-02-02T15:20:04.555Z #_acquireLock end

[90mstdout[2m | tests/property/scoped-roles-processing-efficiency.test.ts[2m > [22m[2mProperty 10: Scoped Roles Processing Efficiency[2m > [22m[2mProperty 10.6: Org role operations should not affect project/system role caches
[22m[39mGoTrueClient@sb-bgxknceshxxifwytalex-auth-token:0 (2.93.3) 2026-02-02T15:20:04.573Z #_acquireLock begin [33m10000[39m
GoTrueClient@sb-bgxknceshxxifwytalex-auth-token:0 (2.93.3) 2026-02-02T15:20:04.573Z #_acquireLock lock acquired for storage key sb-bgxknceshxxifwytalex-auth-token
GoTrueClient@sb-bgxknceshxxifwytalex-auth-token:0 (2.93.3) 2026-02-02T15:20:04.573Z #_useSession begin
GoTrueClient@sb-bgxknceshxxifwytalex-auth-token:0 (2.93.3) 2026-02-02T15:20:04.573Z #__loadSession() begin

[90mstdout[2m | tests/property/scoped-roles-processing-efficiency.test.ts[2m > [22m[2mProperty 10: Scoped Roles Processing Efficiency[2m > [22m[2mProperty 10.6: Org role operations should not affect project/system role caches
[22m[39mGoTrueClient@sb-bgxknceshxxifwytalex-auth-token:0 (2.93.3) 2026-02-02T15:20:04.573Z #getSession() session from storage [1mnull[22m
GoTrueClient@sb-bgxknceshxxifwytalex-auth-token:0 (2.93.3) 2026-02-02T15:20:04.573Z #__loadSession() end

[90mstdout[2m | tests/property/scoped-roles-processing-efficiency.test.ts[2m > [22m[2mProperty 10: Scoped Roles Processing Efficiency[2m > [22m[2mProperty 10.6: Org role operations should not affect project/system role caches
[22m[39mGoTrueClient@sb-bgxknceshxxifwytalex-auth-token:0 (2.93.3) 2026-02-02T15:20:04.574Z #_useSession end

[90mstdout[2m | tests/property/scoped-roles-processing-efficiency.test.ts[2m > [22m[2mProperty 10: Scoped Roles Processing Efficiency[2m > [22m[2mProperty 10.6: Org role operations should not affect project/system role caches
[22m[39mGoTrueClient@sb-bgxknceshxxifwytalex-auth-token:0 (2.93.3) 2026-02-02T15:20:04.574Z #_acquireLock lock released for storage key sb-bgxknceshxxifwytalex-auth-token

[90mstdout[2m | tests/property/scoped-roles-processing-efficiency.test.ts[2m > [22m[2mProperty 10: Scoped Roles Processing Efficiency[2m > [22m[2mProperty 10.6: Org role operations should not affect project/system role caches
[22m[39mGoTrueClient@sb-bgxknceshxxifwytalex-auth-token:0 (2.93.3) 2026-02-02T15:20:04.574Z #_acquireLock end

[90mstdout[2m | tests/property/scoped-roles-processing-efficiency.test.ts[2m > [22m[2mProperty 10: Scoped Roles Processing Efficiency[2m > [22m[2mProperty 10.6: Org role operations should not affect project/system role caches
[22m[39mGoTrueClient@sb-bgxknceshxxifwytalex-auth-token:0 (2.93.3) 2026-02-02T15:20:04.585Z #_acquireLock begin [33m10000[39m
GoTrueClient@sb-bgxknceshxxifwytalex-auth-token:0 (2.93.3) 2026-02-02T15:20:04.586Z #_acquireLock lock acquired for storage key sb-bgxknceshxxifwytalex-auth-token
GoTrueClient@sb-bgxknceshxxifwytalex-auth-token:0 (2.93.3) 2026-02-02T15:20:04.586Z #_useSession begin
GoTrueClient@sb-bgxknceshxxifwytalex-auth-token:0 (2.93.3) 2026-02-02T15:20:04.586Z #__loadSession() begin

[90mstdout[2m | tests/property/scoped-roles-processing-efficiency.test.ts[2m > [22m[2mProperty 10: Scoped Roles Processing Efficiency[2m > [22m[2mProperty 10.6: Org role operations should not affect project/system role caches
[22m[39mGoTrueClient@sb-bgxknceshxxifwytalex-auth-token:0 (2.93.3) 2026-02-02T15:20:04.586Z #getSession() session from storage [1mnull[22m
GoTrueClient@sb-bgxknceshxxifwytalex-auth-token:0 (2.93.3) 2026-02-02T15:20:04.586Z #__loadSession() end

[90mstdout[2m | tests/property/scoped-roles-processing-efficiency.test.ts[2m > [22m[2mProperty 10: Scoped Roles Processing Efficiency[2m > [22m[2mProperty 10.6: Org role operations should not affect project/system role caches
[22m[39mGoTrueClient@sb-bgxknceshxxifwytalex-auth-token:0 (2.93.3) 2026-02-02T15:20:04.586Z #_useSession end

[90mstdout[2m | tests/property/scoped-roles-processing-efficiency.test.ts[2m > [22m[2mProperty 10: Scoped Roles Processing Efficiency[2m > [22m[2mProperty 10.6: Org role operations should not affect project/system role caches
[22m[39mGoTrueClient@sb-bgxknceshxxifwytalex-auth-token:0 (2.93.3) 2026-02-02T15:20:04.586Z #_acquireLock lock released for storage key sb-bgxknceshxxifwytalex-auth-token

[90mstdout[2m | tests/property/scoped-roles-processing-efficiency.test.ts[2m > [22m[2mProperty 10: Scoped Roles Processing Efficiency[2m > [22m[2mProperty 10.6: Org role operations should not affect project/system role caches
[22m[39mGoTrueClient@sb-bgxknceshxxifwytalex-auth-token:0 (2.93.3) 2026-02-02T15:20:04.586Z #_acquireLock end

stderr | tests/property/scoped-roles-processing-efficiency.test.ts > Property 10: Scoped Roles Processing Efficiency > Property 10.6: Org role operations should not affect project/system role caches
Error fetching project roles: {
  code: 'PGRST200',
  details: "Searched for a foreign key relationship between 'project_roles' and 'user_profiles' in the schema 'public', but no matches were found.",
  hint: null,
  message: "Could not find a relationship between 'project_roles' and 'user_profiles' in the schema cache"
}

[90mstdout[2m | tests/property/scoped-roles-processing-efficiency.test.ts[2m > [22m[2mProperty 10: Scoped Roles Processing Efficiency[2m > [22m[2mProperty 10.6: Org role operations should not affect project/system role caches
[22m[39mGoTrueClient@sb-bgxknceshxxifwytalex-auth-token:0 (2.93.3) 2026-02-02T15:20:04.640Z #_acquireLock begin [33m10000[39m
GoTrueClient@sb-bgxknceshxxifwytalex-auth-token:0 (2.93.3) 2026-02-02T15:20:04.640Z #_acquireLock lock acquired for storage key sb-bgxknceshxxifwytalex-auth-token
GoTrueClient@sb-bgxknceshxxifwytalex-auth-token:0 (2.93.3) 2026-02-02T15:20:04.640Z #_useSession begin
GoTrueClient@sb-bgxknceshxxifwytalex-auth-token:0 (2.93.3) 2026-02-02T15:20:04.640Z #__loadSession() begin

[90mstdout[2m | tests/property/scoped-roles-processing-efficiency.test.ts[2m > [22m[2mProperty 10: Scoped Roles Processing Efficiency[2m > [22m[2mProperty 10.6: Org role operations should not affect project/system role caches
[22m[39mGoTrueClient@sb-bgxknceshxxifwytalex-auth-token:0 (2.93.3) 2026-02-02T15:20:04.640Z #getSession() session from storage [1mnull[22m
GoTrueClient@sb-bgxknceshxxifwytalex-auth-token:0 (2.93.3) 2026-02-02T15:20:04.640Z #__loadSession() end

[90mstdout[2m | tests/property/scoped-roles-processing-efficiency.test.ts[2m > [22m[2mProperty 10: Scoped Roles Processing Efficiency[2m > [22m[2mProperty 10.6: Org role operations should not affect project/system role caches
[22m[39mGoTrueClient@sb-bgxknceshxxifwytalex-auth-token:0 (2.93.3) 2026-02-02T15:20:04.640Z #_useSession end

[90mstdout[2m | tests/property/scoped-roles-processing-efficiency.test.ts[2m > [22m[2mProperty 10: Scoped Roles Processing Efficiency[2m > [22m[2mProperty 10.6: Org role operations should not affect project/system role caches
[22m[39mGoTrueClient@sb-bgxknceshxxifwytalex-auth-token:0 (2.93.3) 2026-02-02T15:20:04.640Z #_acquireLock lock released for storage key sb-bgxknceshxxifwytalex-auth-token

[90mstdout[2m | tests/property/scoped-roles-processing-efficiency.test.ts[2m > [22m[2mProperty 10: Scoped Roles Processing Efficiency[2m > [22m[2mProperty 10.6: Org role operations should not affect project/system role caches
[22m[39mGoTrueClient@sb-bgxknceshxxifwytalex-auth-token:0 (2.93.3) 2026-02-02T15:20:04.640Z #_acquireLock end

stderr | tests/property/scoped-roles-processing-efficiency.test.ts > Property 10: Scoped Roles Processing Efficiency > Property 10.6: Org role operations should not affect project/system role caches
Error fetching project roles: {
  code: 'PGRST200',
  details: "Searched for a foreign key relationship between 'project_roles' and 'user_profiles' in the schema 'public', but no matches were found.",
  hint: null,
  message: "Could not find a relationship between 'project_roles' and 'user_profiles' in the schema cache"
}

[90mstdout[2m | tests/property/scoped-roles-processing-efficiency.test.ts[2m > [22m[2mProperty 10: Scoped Roles Processing Efficiency[2m > [22m[2mProperty 10.6: Org role operations should not affect project/system role caches
[22m[39mGoTrueClient@sb-bgxknceshxxifwytalex-auth-token:0 (2.93.3) 2026-02-02T15:20:04.654Z #_acquireLock begin [33m10000[39m
GoTrueClient@sb-bgxknceshxxifwytalex-auth-token:0 (2.93.3) 2026-02-02T15:20:04.654Z #_acquireLock lock acquired for storage key sb-bgxknceshxxifwytalex-auth-token
GoTrueClient@sb-bgxknceshxxifwytalex-auth-token:0 (2.93.3) 2026-02-02T15:20:04.654Z #_useSession begin
GoTrueClient@sb-bgxknceshxxifwytalex-auth-token:0 (2.93.3) 2026-02-02T15:20:04.654Z #__loadSession() begin

[90mstdout[2m | tests/property/scoped-roles-processing-efficiency.test.ts[2m > [22m[2mProperty 10: Scoped Roles Processing Efficiency[2m > [22m[2mProperty 10.6: Org role operations should not affect project/system role caches
[22m[39mGoTrueClient@sb-bgxknceshxxifwytalex-auth-token:0 (2.93.3) 2026-02-02T15:20:04.654Z #getSession() session from storage [1mnull[22m
GoTrueClient@sb-bgxknceshxxifwytalex-auth-token:0 (2.93.3) 2026-02-02T15:20:04.655Z #__loadSession() end

[90mstdout[2m | tests/property/scoped-roles-processing-efficiency.test.ts[2m > [22m[2mProperty 10: Scoped Roles Processing Efficiency[2m > [22m[2mProperty 10.6: Org role operations should not affect project/system role caches
[22m[39mGoTrueClient@sb-bgxknceshxxifwytalex-auth-token:0 (2.93.3) 2026-02-02T15:20:04.655Z #_useSession end

[90mstdout[2m | tests/property/scoped-roles-processing-efficiency.test.ts[2m > [22m[2mProperty 10: Scoped Roles Processing Efficiency[2m > [22m[2mProperty 10.6: Org role operations should not affect project/system role caches
[22m[39mGoTrueClient@sb-bgxknceshxxifwytalex-auth-token:0 (2.93.3) 2026-02-02T15:20:04.655Z #_acquireLock lock released for storage key sb-bgxknceshxxifwytalex-auth-token

[90mstdout[2m | tests/property/scoped-roles-processing-efficiency.test.ts[2m > [22m[2mProperty 10: Scoped Roles Processing Efficiency[2m > [22m[2mProperty 10.6: Org role operations should not affect project/system role caches
[22m[39mGoTrueClient@sb-bgxknceshxxifwytalex-auth-token:0 (2.93.3) 2026-02-02T15:20:04.655Z #_acquireLock end

stderr | tests/property/scoped-roles-processing-efficiency.test.ts > Property 10: Scoped Roles Processing Efficiency > Property 10.6: Org role operations should not affect project/system role caches
Error fetching project roles: {
  code: 'PGRST200',
  details: "Searched for a foreign key relationship between 'project_roles' and 'user_profiles' in the schema 'public', but no matches were found.",
  hint: null,
  message: "Could not find a relationship between 'project_roles' and 'user_profiles' in the schema cache"
}

[90mstdout[2m | tests/property/scoped-roles-processing-efficiency.test.ts[2m > [22m[2mProperty 10: Scoped Roles Processing Efficiency[2m > [22m[2mProperty 10.6: Org role operations should not affect project/system role caches
[22m[39mGoTrueClient@sb-bgxknceshxxifwytalex-auth-token:0 (2.93.3) 2026-02-02T15:20:04.741Z #_acquireLock begin [33m10000[39m
GoTrueClient@sb-bgxknceshxxifwytalex-auth-token:0 (2.93.3) 2026-02-02T15:20:04.741Z #_acquireLock lock acquired for storage key sb-bgxknceshxxifwytalex-auth-token
GoTrueClient@sb-bgxknceshxxifwytalex-auth-token:0 (2.93.3) 2026-02-02T15:20:04.741Z #_useSession begin
GoTrueClient@sb-bgxknceshxxifwytalex-auth-token:0 (2.93.3) 2026-02-02T15:20:04.741Z #__loadSession() begin

[90mstdout[2m | tests/property/scoped-roles-processing-efficiency.test.ts[2m > [22m[2mProperty 10: Scoped Roles Processing Efficiency[2m > [22m[2mProperty 10.6: Org role operations should not affect project/system role caches
[22m[39mGoTrueClient@sb-bgxknceshxxifwytalex-auth-token:0 (2.93.3) 2026-02-02T15:20:04.741Z #getSession() session from storage [1mnull[22m
GoTrueClient@sb-bgxknceshxxifwytalex-auth-token:0 (2.93.3) 2026-02-02T15:20:04.741Z #__loadSession() end

[90mstdout[2m | tests/property/scoped-roles-processing-efficiency.test.ts[2m > [22m[2mProperty 10: Scoped Roles Processing Efficiency[2m > [22m[2mProperty 10.6: Org role operations should not affect project/system role caches
[22m[39mGoTrueClient@sb-bgxknceshxxifwytalex-auth-token:0 (2.93.3) 2026-02-02T15:20:04.741Z #_useSession end

[90mstdout[2m | tests/property/scoped-roles-processing-efficiency.test.ts[2m > [22m[2mProperty 10: Scoped Roles Processing Efficiency[2m > [22m[2mProperty 10.6: Org role operations should not affect project/system role caches
[22m[39mGoTrueClient@sb-bgxknceshxxifwytalex-auth-token:0 (2.93.3) 2026-02-02T15:20:04.741Z #_acquireLock lock released for storage key sb-bgxknceshxxifwytalex-auth-token

[90mstdout[2m | tests/property/scoped-roles-processing-efficiency.test.ts[2m > [22m[2mProperty 10: Scoped Roles Processing Efficiency[2m > [22m[2mProperty 10.6: Org role operations should not affect project/system role caches
[22m[39mGoTrueClient@sb-bgxknceshxxifwytalex-auth-token:0 (2.93.3) 2026-02-02T15:20:04.741Z #_acquireLock end

stderr | tests/property/scoped-roles-processing-efficiency.test.ts > Property 10: Scoped Roles Processing Efficiency > Property 10.6: Org role operations should not affect project/system role caches
Error fetching org roles: {
  code: 'PGRST200',
  details: "Searched for a foreign key relationship between 'org_roles' and 'user_profiles' in the schema 'public', but no matches were found.",
  hint: null,
  message: "Could not find a relationship between 'org_roles' and 'user_profiles' in the schema cache"
}

[90mstdout[2m | tests/property/scoped-roles-processing-efficiency.test.ts[2m > [22m[2mProperty 10: Scoped Roles Processing Efficiency[2m > [22m[2mProperty 10.6: Org role operations should not affect project/system role caches
[22m[39mGoTrueClient@sb-bgxknceshxxifwytalex-auth-token:0 (2.93.3) 2026-02-02T15:20:04.764Z #_acquireLock begin [33m10000[39m
GoTrueClient@sb-bgxknceshxxifwytalex-auth-token:0 (2.93.3) 2026-02-02T15:20:04.764Z #_acquireLock lock acquired for storage key sb-bgxknceshxxifwytalex-auth-token
GoTrueClient@sb-bgxknceshxxifwytalex-auth-token:0 (2.93.3) 2026-02-02T15:20:04.764Z #_useSession begin
GoTrueClient@sb-bgxknceshxxifwytalex-auth-token:0 (2.93.3) 2026-02-02T15:20:04.764Z #__loadSession() begin

[90mstdout[2m | tests/property/scoped-roles-processing-efficiency.test.ts[2m > [22m[2mProperty 10: Scoped Roles Processing Efficiency[2m > [22m[2mProperty 10.6: Org role operations should not affect project/system role caches
[22m[39mGoTrueClient@sb-bgxknceshxxifwytalex-auth-token:0 (2.93.3) 2026-02-02T15:20:04.764Z #getSession() session from storage [1mnull[22m
GoTrueClient@sb-bgxknceshxxifwytalex-auth-token:0 (2.93.3) 2026-02-02T15:20:04.764Z #__loadSession() end

[90mstdout[2m | tests/property/scoped-roles-processing-efficiency.test.ts[2m > [22m[2mProperty 10: Scoped Roles Processing Efficiency[2m > [22m[2mProperty 10.6: Org role operations should not affect project/system role caches
[22m[39mGoTrueClient@sb-bgxknceshxxifwytalex-auth-token:0 (2.93.3) 2026-02-02T15:20:04.764Z #_useSession end

[90mstdout[2m | tests/property/scoped-roles-processing-efficiency.test.ts[2m > [22m[2mProperty 10: Scoped Roles Processing Efficiency[2m > [22m[2mProperty 10.6: Org role operations should not affect project/system role caches
[22m[39mGoTrueClient@sb-bgxknceshxxifwytalex-auth-token:0 (2.93.3) 2026-02-02T15:20:04.764Z #_acquireLock lock released for storage key sb-bgxknceshxxifwytalex-auth-token

[90mstdout[2m | tests/property/scoped-roles-processing-efficiency.test.ts[2m > [22m[2mProperty 10: Scoped Roles Processing Efficiency[2m > [22m[2mProperty 10.6: Org role operations should not affect project/system role caches
[22m[39mGoTrueClient@sb-bgxknceshxxifwytalex-auth-token:0 (2.93.3) 2026-02-02T15:20:04.764Z #_acquireLock end

stderr | tests/property/scoped-roles-processing-efficiency.test.ts > Property 10: Scoped Roles Processing Efficiency > Property 10.6: Org role operations should not affect project/system role caches
Error fetching org roles: {
  code: 'PGRST200',
  details: "Searched for a foreign key relationship between 'org_roles' and 'user_profiles' in the schema 'public', but no matches were found.",
  hint: null,
  message: "Could not find a relationship between 'org_roles' and 'user_profiles' in the schema cache"
}

[90mstdout[2m | tests/property/scoped-roles-processing-efficiency.test.ts[2m > [22m[2mProperty 10: Scoped Roles Processing Efficiency[2m > [22m[2mProperty 10.6: Org role operations should not affect project/system role caches
[22m[39mGoTrueClient@sb-bgxknceshxxifwytalex-auth-token:0 (2.93.3) 2026-02-02T15:20:04.786Z #_acquireLock begin [33m10000[39m
GoTrueClient@sb-bgxknceshxxifwytalex-auth-token:0 (2.93.3) 2026-02-02T15:20:04.786Z #_acquireLock lock acquired for storage key sb-bgxknceshxxifwytalex-auth-token
GoTrueClient@sb-bgxknceshxxifwytalex-auth-token:0 (2.93.3) 2026-02-02T15:20:04.786Z #_useSession begin
GoTrueClient@sb-bgxknceshxxifwytalex-auth-token:0 (2.93.3) 2026-02-02T15:20:04.786Z #__loadSession() begin

[90mstdout[2m | tests/property/scoped-roles-processing-efficiency.test.ts[2m > [22m[2mProperty 10: Scoped Roles Processing Efficiency[2m > [22m[2mProperty 10.6: Org role operations should not affect project/system role caches
[22m[39mGoTrueClient@sb-bgxknceshxxifwytalex-auth-token:0 (2.93.3) 2026-02-02T15:20:04.786Z #getSession() session from storage [1mnull[22m
GoTrueClient@sb-bgxknceshxxifwytalex-auth-token:0 (2.93.3) 2026-02-02T15:20:04.786Z #__loadSession() end

[90mstdout[2m | tests/property/scoped-roles-processing-efficiency.test.ts[2m > [22m[2mProperty 10: Scoped Roles Processing Efficiency[2m > [22m[2mProperty 10.6: Org role operations should not affect project/system role caches
[22m[39mGoTrueClient@sb-bgxknceshxxifwytalex-auth-token:0 (2.93.3) 2026-02-02T15:20:04.786Z #_useSession end

[90mstdout[2m | tests/property/scoped-roles-processing-efficiency.test.ts[2m > [22m[2mProperty 10: Scoped Roles Processing Efficiency[2m > [22m[2mProperty 10.6: Org role operations should not affect project/system role caches
[22m[39mGoTrueClient@sb-bgxknceshxxifwytalex-auth-token:0 (2.93.3) 2026-02-02T15:20:04.786Z #_acquireLock lock released for storage key sb-bgxknceshxxifwytalex-auth-token

[90mstdout[2m | tests/property/scoped-roles-processing-efficiency.test.ts[2m > [22m[2mProperty 10: Scoped Roles Processing Efficiency[2m > [22m[2mProperty 10.6: Org role operations should not affect project/system role caches
[22m[39mGoTrueClient@sb-bgxknceshxxifwytalex-auth-token:0 (2.93.3) 2026-02-02T15:20:04.786Z #_acquireLock end

[90mstdout[2m | tests/property/scoped-roles-processing-efficiency.test.ts[2m > [22m[2mProperty 10: Scoped Roles Processing Efficiency[2m > [22m[2mProperty 10.6: Org role operations should not affect project/system role caches
[22m[39mGoTrueClient@sb-bgxknceshxxifwytalex-auth-token:0 (2.93.3) 2026-02-02T15:20:04.793Z #_acquireLock begin [33m10000[39m
GoTrueClient@sb-bgxknceshxxifwytalex-auth-token:0 (2.93.3) 2026-02-02T15:20:04.793Z #_acquireLock lock acquired for storage key sb-bgxknceshxxifwytalex-auth-token
GoTrueClient@sb-bgxknceshxxifwytalex-auth-token:0 (2.93.3) 2026-02-02T15:20:04.793Z #_useSession begin
GoTrueClient@sb-bgxknceshxxifwytalex-auth-token:0 (2.93.3) 2026-02-02T15:20:04.793Z #__loadSession() begin

[90mstdout[2m | tests/property/scoped-roles-processing-efficiency.test.ts[2m > [22m[2mProperty 10: Scoped Roles Processing Efficiency[2m > [22m[2mProperty 10.6: Org role operations should not affect project/system role caches
[22m[39mGoTrueClient@sb-bgxknceshxxifwytalex-auth-token:0 (2.93.3) 2026-02-02T15:20:04.793Z #getSession() session from storage [1mnull[22m
GoTrueClient@sb-bgxknceshxxifwytalex-auth-token:0 (2.93.3) 2026-02-02T15:20:04.793Z #__loadSession() end

[90mstdout[2m | tests/property/scoped-roles-processing-efficiency.test.ts[2m > [22m[2mProperty 10: Scoped Roles Processing Efficiency[2m > [22m[2mProperty 10.6: Org role operations should not affect project/system role caches
[22m[39mGoTrueClient@sb-bgxknceshxxifwytalex-auth-token:0 (2.93.3) 2026-02-02T15:20:04.793Z #_useSession end

[90mstdout[2m | tests/property/scoped-roles-processing-efficiency.test.ts[2m > [22m[2mProperty 10: Scoped Roles Processing Efficiency[2m > [22m[2mProperty 10.6: Org role operations should not affect project/system role caches
[22m[39mGoTrueClient@sb-bgxknceshxxifwytalex-auth-token:0 (2.93.3) 2026-02-02T15:20:04.793Z #_acquireLock lock released for storage key sb-bgxknceshxxifwytalex-auth-token

[90mstdout[2m | tests/property/scoped-roles-processing-efficiency.test.ts[2m > [22m[2mProperty 10: Scoped Roles Processing Efficiency[2m > [22m[2mProperty 10.6: Org role operations should not affect project/system role caches
[22m[39mGoTrueClient@sb-bgxknceshxxifwytalex-auth-token:0 (2.93.3) 2026-02-02T15:20:04.794Z #_acquireLock end

stderr | tests/property/scoped-roles-processing-efficiency.test.ts > Property 10: Scoped Roles Processing Efficiency > Property 10.6: Org role operations should not affect project/system role caches
Error fetching org roles: {
  code: 'PGRST200',
  details: "Searched for a foreign key relationship between 'org_roles' and 'user_profiles' in the schema 'public', but no matches were found.",
  hint: null,
  message: "Could not find a relationship between 'org_roles' and 'user_profiles' in the schema cache"
}

[90mstdout[2m | tests/property/scoped-roles-processing-efficiency.test.ts[2m > [22m[2mProperty 10: Scoped Roles Processing Efficiency[2m > [22m[2mProperty 10.6: Org role operations should not affect project/system role caches
[22m[39mGoTrueClient@sb-bgxknceshxxifwytalex-auth-token:0 (2.93.3) 2026-02-02T15:20:04.843Z #_acquireLock begin [33m10000[39m
GoTrueClient@sb-bgxknceshxxifwytalex-auth-token:0 (2.93.3) 2026-02-02T15:20:04.844Z #_acquireLock lock acquired for storage key sb-bgxknceshxxifwytalex-auth-token
GoTrueClient@sb-bgxknceshxxifwytalex-auth-token:0 (2.93.3) 2026-02-02T15:20:04.844Z #_useSession begin
GoTrueClient@sb-bgxknceshxxifwytalex-auth-token:0 (2.93.3) 2026-02-02T15:20:04.844Z #__loadSession() begin

[90mstdout[2m | tests/property/scoped-roles-processing-efficiency.test.ts[2m > [22m[2mProperty 10: Scoped Roles Processing Efficiency[2m > [22m[2mProperty 10.6: Org role operations should not affect project/system role caches
[22m[39mGoTrueClient@sb-bgxknceshxxifwytalex-auth-token:0 (2.93.3) 2026-02-02T15:20:04.844Z #getSession() session from storage [1mnull[22m
GoTrueClient@sb-bgxknceshxxifwytalex-auth-token:0 (2.93.3) 2026-02-02T15:20:04.844Z #__loadSession() end

[90mstdout[2m | tests/property/scoped-roles-processing-efficiency.test.ts[2m > [22m[2mProperty 10: Scoped Roles Processing Efficiency[2m > [22m[2mProperty 10.6: Org role operations should not affect project/system role caches
[22m[39mGoTrueClient@sb-bgxknceshxxifwytalex-auth-token:0 (2.93.3) 2026-02-02T15:20:04.844Z #_useSession end

[90mstdout[2m | tests/property/scoped-roles-processing-efficiency.test.ts[2m > [22m[2mProperty 10: Scoped Roles Processing Efficiency[2m > [22m[2mProperty 10.6: Org role operations should not affect project/system role caches
[22m[39mGoTrueClient@sb-bgxknceshxxifwytalex-auth-token:0 (2.93.3) 2026-02-02T15:20:04.844Z #_acquireLock lock released for storage key sb-bgxknceshxxifwytalex-auth-token

[90mstdout[2m | tests/property/scoped-roles-processing-efficiency.test.ts[2m > [22m[2mProperty 10: Scoped Roles Processing Efficiency[2m > [22m[2mProperty 10.6: Org role operations should not affect project/system role caches
[22m[39mGoTrueClient@sb-bgxknceshxxifwytalex-auth-token:0 (2.93.3) 2026-02-02T15:20:04.844Z #_acquireLock end

stderr | tests/property/scoped-roles-processing-efficiency.test.ts > Property 10: Scoped Roles Processing Efficiency > Property 10.6: Org role operations should not affect project/system role caches
Error fetching org roles: {
  code: 'PGRST200',
  details: "Searched for a foreign key relationship between 'org_roles' and 'user_profiles' in the schema 'public', but no matches were found.",
  hint: null,
  message: "Could not find a relationship between 'org_roles' and 'user_profiles' in the schema cache"
}

[90mstdout[2m | tests/property/scoped-roles-processing-efficiency.test.ts[2m > [22m[2mProperty 10: Scoped Roles Processing Efficiency[2m > [22m[2mProperty 10.6: Org role operations should not affect project/system role caches
[22m[39mGoTrueClient@sb-bgxknceshxxifwytalex-auth-token:0 (2.93.3) 2026-02-02T15:20:04.946Z #_acquireLock begin [33m10000[39m
GoTrueClient@sb-bgxknceshxxifwytalex-auth-token:0 (2.93.3) 2026-02-02T15:20:04.946Z #_acquireLock lock acquired for storage key sb-bgxknceshxxifwytalex-auth-token
GoTrueClient@sb-bgxknceshxxifwytalex-auth-token:0 (2.93.3) 2026-02-02T15:20:04.946Z #_useSession begin
GoTrueClient@sb-bgxknceshxxifwytalex-auth-token:0 (2.93.3) 2026-02-02T15:20:04.946Z #__loadSession() begin

[90mstdout[2m | tests/property/scoped-roles-processing-efficiency.test.ts[2m > [22m[2mProperty 10: Scoped Roles Processing Efficiency[2m > [22m[2mProperty 10.6: Org role operations should not affect project/system role caches
[22m[39mGoTrueClient@sb-bgxknceshxxifwytalex-auth-token:0 (2.93.3) 2026-02-02T15:20:04.946Z #getSession() session from storage [1mnull[22m
GoTrueClient@sb-bgxknceshxxifwytalex-auth-token:0 (2.93.3) 2026-02-02T15:20:04.946Z #__loadSession() end

[90mstdout[2m | tests/property/scoped-roles-processing-efficiency.test.ts[2m > [22m[2mProperty 10: Scoped Roles Processing Efficiency[2m > [22m[2mProperty 10.6: Org role operations should not affect project/system role caches
[22m[39mGoTrueClient@sb-bgxknceshxxifwytalex-auth-token:0 (2.93.3) 2026-02-02T15:20:04.946Z #_useSession end

[90mstdout[2m | tests/property/scoped-roles-processing-efficiency.test.ts[2m > [22m[2mProperty 10: Scoped Roles Processing Efficiency[2m > [22m[2mProperty 10.6: Org role operations should not affect project/system role caches
[22m[39mGoTrueClient@sb-bgxknceshxxifwytalex-auth-token:0 (2.93.3) 2026-02-02T15:20:04.946Z #_acquireLock lock released for storage key sb-bgxknceshxxifwytalex-auth-token

[90mstdout[2m | tests/property/scoped-roles-processing-efficiency.test.ts[2m > [22m[2mProperty 10: Scoped Roles Processing Efficiency[2m > [22m[2mProperty 10.6: Org role operations should not affect project/system role caches
[22m[39mGoTrueClient@sb-bgxknceshxxifwytalex-auth-token:0 (2.93.3) 2026-02-02T15:20:04.947Z #_acquireLock end

stderr | tests/property/scoped-roles-processing-efficiency.test.ts > Property 10: Scoped Roles Processing Efficiency > Property 10.6: Org role operations should not affect project/system role caches
Error fetching project roles: {
  code: 'PGRST200',
  details: "Searched for a foreign key relationship between 'project_roles' and 'user_profiles' in the schema 'public', but no matches were found.",
  hint: null,
  message: "Could not find a relationship between 'project_roles' and 'user_profiles' in the schema cache"
}

[90mstdout[2m | tests/property/scoped-roles-processing-efficiency.test.ts[2m > [22m[2mProperty 10: Scoped Roles Processing Efficiency[2m > [22m[2mProperty 10.6: Org role operations should not affect project/system role caches
[22m[39mGoTrueClient@sb-bgxknceshxxifwytalex-auth-token:0 (2.93.3) 2026-02-02T15:20:04.957Z #_acquireLock begin [33m10000[39m
GoTrueClient@sb-bgxknceshxxifwytalex-auth-token:0 (2.93.3) 2026-02-02T15:20:04.957Z #_acquireLock lock acquired for storage key sb-bgxknceshxxifwytalex-auth-token
GoTrueClient@sb-bgxknceshxxifwytalex-auth-token:0 (2.93.3) 2026-02-02T15:20:04.957Z #_useSession begin
GoTrueClient@sb-bgxknceshxxifwytalex-auth-token:0 (2.93.3) 2026-02-02T15:20:04.957Z #__loadSession() begin

[90mstdout[2m | tests/property/scoped-roles-processing-efficiency.test.ts[2m > [22m[2mProperty 10: Scoped Roles Processing Efficiency[2m > [22m[2mProperty 10.6: Org role operations should not affect project/system role caches
[22m[39mGoTrueClient@sb-bgxknceshxxifwytalex-auth-token:0 (2.93.3) 2026-02-02T15:20:04.957Z #getSession() session from storage [1mnull[22m
GoTrueClient@sb-bgxknceshxxifwytalex-auth-token:0 (2.93.3) 2026-02-02T15:20:04.957Z #__loadSession() end

[90mstdout[2m | tests/property/scoped-roles-processing-efficiency.test.ts[2m > [22m[2mProperty 10: Scoped Roles Processing Efficiency[2m > [22m[2mProperty 10.6: Org role operations should not affect project/system role caches
[22m[39mGoTrueClient@sb-bgxknceshxxifwytalex-auth-token:0 (2.93.3) 2026-02-02T15:20:04.957Z #_useSession end

[90mstdout[2m | tests/property/scoped-roles-processing-efficiency.test.ts[2m > [22m[2mProperty 10: Scoped Roles Processing Efficiency[2m > [22m[2mProperty 10.6: Org role operations should not affect project/system role caches
[22m[39mGoTrueClient@sb-bgxknceshxxifwytalex-auth-token:0 (2.93.3) 2026-02-02T15:20:04.957Z #_acquireLock lock released for storage key sb-bgxknceshxxifwytalex-auth-token

[90mstdout[2m | tests/property/scoped-roles-processing-efficiency.test.ts[2m > [22m[2mProperty 10: Scoped Roles Processing Efficiency[2m > [22m[2mProperty 10.6: Org role operations should not affect project/system role caches
[22m[39mGoTrueClient@sb-bgxknceshxxifwytalex-auth-token:0 (2.93.3) 2026-02-02T15:20:04.958Z #_acquireLock end

stderr | tests/property/scoped-roles-processing-efficiency.test.ts > Property 10: Scoped Roles Processing Efficiency > Property 10.6: Org role operations should not affect project/system role caches
Error fetching org roles: {
  code: 'PGRST200',
  details: "Searched for a foreign key relationship between 'org_roles' and 'user_profiles' in the schema 'public', but no matches were found.",
  hint: null,
  message: "Could not find a relationship between 'org_roles' and 'user_profiles' in the schema cache"
}

[90mstdout[2m | tests/property/scoped-roles-processing-efficiency.test.ts[2m > [22m[2mProperty 10: Scoped Roles Processing Efficiency[2m > [22m[2mProperty 10.6: Org role operations should not affect project/system role caches
[22m[39mGoTrueClient@sb-bgxknceshxxifwytalex-auth-token:0 (2.93.3) 2026-02-02T15:20:04.978Z #_acquireLock begin [33m10000[39m
GoTrueClient@sb-bgxknceshxxifwytalex-auth-token:0 (2.93.3) 2026-02-02T15:20:04.978Z #_acquireLock lock acquired for storage key sb-bgxknceshxxifwytalex-auth-token
GoTrueClient@sb-bgxknceshxxifwytalex-auth-token:0 (2.93.3) 2026-02-02T15:20:04.978Z #_useSession begin
GoTrueClient@sb-bgxknceshxxifwytalex-auth-token:0 (2.93.3) 2026-02-02T15:20:04.978Z #__loadSession() begin

[90mstdout[2m | tests/property/scoped-roles-processing-efficiency.test.ts[2m > [22m[2mProperty 10: Scoped Roles Processing Efficiency[2m > [22m[2mProperty 10.6: Org role operations should not affect project/system role caches
[22m[39mGoTrueClient@sb-bgxknceshxxifwytalex-auth-token:0 (2.93.3) 2026-02-02T15:20:04.978Z #getSession() session from storage [1mnull[22m
GoTrueClient@sb-bgxknceshxxifwytalex-auth-token:0 (2.93.3) 2026-02-02T15:20:04.978Z #__loadSession() end

[90mstdout[2m | tests/property/scoped-roles-processing-efficiency.test.ts[2m > [22m[2mProperty 10: Scoped Roles Processing Efficiency[2m > [22m[2mProperty 10.6: Org role operations should not affect project/system role caches
[22m[39mGoTrueClient@sb-bgxknceshxxifwytalex-auth-token:0 (2.93.3) 2026-02-02T15:20:04.979Z #_useSession end

[90mstdout[2m | tests/property/scoped-roles-processing-efficiency.test.ts[2m > [22m[2mProperty 10: Scoped Roles Processing Efficiency[2m > [22m[2mProperty 10.6: Org role operations should not affect project/system role caches
[22m[39mGoTrueClient@sb-bgxknceshxxifwytalex-auth-token:0 (2.93.3) 2026-02-02T15:20:04.979Z #_acquireLock lock released for storage key sb-bgxknceshxxifwytalex-auth-token

[90mstdout[2m | tests/property/scoped-roles-processing-efficiency.test.ts[2m > [22m[2mProperty 10: Scoped Roles Processing Efficiency[2m > [22m[2mProperty 10.6: Org role operations should not affect project/system role caches
[22m[39mGoTrueClient@sb-bgxknceshxxifwytalex-auth-token:0 (2.93.3) 2026-02-02T15:20:04.979Z #_acquireLock end

stderr | tests/property/scoped-roles-processing-efficiency.test.ts > Property 10: Scoped Roles Processing Efficiency > Property 10.6: Org role operations should not affect project/system role caches
Error fetching project roles: {
  code: 'PGRST200',
  details: "Searched for a foreign key relationship between 'project_roles' and 'user_profiles' in the schema 'public', but no matches were found.",
  hint: null,
  message: "Could not find a relationship between 'project_roles' and 'user_profiles' in the schema cache"
}

[90mstdout[2m | tests/property/scoped-roles-processing-efficiency.test.ts[2m > [22m[2mProperty 10: Scoped Roles Processing Efficiency[2m > [22m[2mProperty 10.6: Org role operations should not affect project/system role caches
[22m[39mGoTrueClient@sb-bgxknceshxxifwytalex-auth-token:0 (2.93.3) 2026-02-02T15:20:04.984Z #_acquireLock begin [33m10000[39m
GoTrueClient@sb-bgxknceshxxifwytalex-auth-token:0 (2.93.3) 2026-02-02T15:20:04.985Z #_acquireLock lock acquired for storage key sb-bgxknceshxxifwytalex-auth-token
GoTrueClient@sb-bgxknceshxxifwytalex-auth-token:0 (2.93.3) 2026-02-02T15:20:04.985Z #_useSession begin
GoTrueClient@sb-bgxknceshxxifwytalex-auth-token:0 (2.93.3) 2026-02-02T15:20:04.985Z #__loadSession() begin

[90mstdout[2m | tests/property/scoped-roles-processing-efficiency.test.ts[2m > [22m[2mProperty 10: Scoped Roles Processing Efficiency[2m > [22m[2mProperty 10.6: Org role operations should not affect project/system role caches
[22m[39mGoTrueClient@sb-bgxknceshxxifwytalex-auth-token:0 (2.93.3) 2026-02-02T15:20:04.985Z #getSession() session from storage [1mnull[22m
GoTrueClient@sb-bgxknceshxxifwytalex-auth-token:0 (2.93.3) 2026-02-02T15:20:04.985Z #__loadSession() end

[90mstdout[2m | tests/property/scoped-roles-processing-efficiency.test.ts[2m > [22m[2mProperty 10: Scoped Roles Processing Efficiency[2m > [22m[2mProperty 10.6: Org role operations should not affect project/system role caches
[22m[39mGoTrueClient@sb-bgxknceshxxifwytalex-auth-token:0 (2.93.3) 2026-02-02T15:20:04.985Z #_useSession end

[90mstdout[2m | tests/property/scoped-roles-processing-efficiency.test.ts[2m > [22m[2mProperty 10: Scoped Roles Processing Efficiency[2m > [22m[2mProperty 10.6: Org role operations should not affect project/system role caches
[22m[39mGoTrueClient@sb-bgxknceshxxifwytalex-auth-token:0 (2.93.3) 2026-02-02T15:20:04.985Z #_acquireLock lock released for storage key sb-bgxknceshxxifwytalex-auth-token

[90mstdout[2m | tests/property/scoped-roles-processing-efficiency.test.ts[2m > [22m[2mProperty 10: Scoped Roles Processing Efficiency[2m > [22m[2mProperty 10.6: Org role operations should not affect project/system role caches
[22m[39mGoTrueClient@sb-bgxknceshxxifwytalex-auth-token:0 (2.93.3) 2026-02-02T15:20:04.985Z #_acquireLock end

[90mstdout[2m | tests/property/scoped-roles-processing-efficiency.test.ts[2m > [22m[2mProperty 10: Scoped Roles Processing Efficiency[2m > [22m[2mProperty 10.6: Org role operations should not affect project/system role caches
[22m[39mGoTrueClient@sb-bgxknceshxxifwytalex-auth-token:0 (2.93.3) 2026-02-02T15:20:05.008Z #_acquireLock begin [33m10000[39m
GoTrueClient@sb-bgxknceshxxifwytalex-auth-token:0 (2.93.3) 2026-02-02T15:20:05.008Z #_acquireLock lock acquired for storage key sb-bgxknceshxxifwytalex-auth-token
GoTrueClient@sb-bgxknceshxxifwytalex-auth-token:0 (2.93.3) 2026-02-02T15:20:05.008Z #_useSession begin
GoTrueClient@sb-bgxknceshxxifwytalex-auth-token:0 (2.93.3) 2026-02-02T15:20:05.008Z #__loadSession() begin

[90mstdout[2m | tests/property/scoped-roles-processing-efficiency.test.ts[2m > [22m[2mProperty 10: Scoped Roles Processing Efficiency[2m > [22m[2mProperty 10.6: Org role operations should not affect project/system role caches
[22m[39mGoTrueClient@sb-bgxknceshxxifwytalex-auth-token:0 (2.93.3) 2026-02-02T15:20:05.008Z #getSession() session from storage [1mnull[22m
GoTrueClient@sb-bgxknceshxxifwytalex-auth-token:0 (2.93.3) 2026-02-02T15:20:05.008Z #__loadSession() end

[90mstdout[2m | tests/property/scoped-roles-processing-efficiency.test.ts[2m > [22m[2mProperty 10: Scoped Roles Processing Efficiency[2m > [22m[2mProperty 10.6: Org role operations should not affect project/system role caches
[22m[39mGoTrueClient@sb-bgxknceshxxifwytalex-auth-token:0 (2.93.3) 2026-02-02T15:20:05.008Z #_useSession end

[90mstdout[2m | tests/property/scoped-roles-processing-efficiency.test.ts[2m > [22m[2mProperty 10: Scoped Roles Processing Efficiency[2m > [22m[2mProperty 10.6: Org role operations should not affect project/system role caches
[22m[39mGoTrueClient@sb-bgxknceshxxifwytalex-auth-token:0 (2.93.3) 2026-02-02T15:20:05.008Z #_acquireLock lock released for storage key sb-bgxknceshxxifwytalex-auth-token

[90mstdout[2m | tests/property/scoped-roles-processing-efficiency.test.ts[2m > [22m[2mProperty 10: Scoped Roles Processing Efficiency[2m > [22m[2mProperty 10.6: Org role operations should not affect project/system role caches
[22m[39mGoTrueClient@sb-bgxknceshxxifwytalex-auth-token:0 (2.93.3) 2026-02-02T15:20:05.008Z #_acquireLock end

stderr | tests/property/scoped-roles-processing-efficiency.test.ts > Property 10: Scoped Roles Processing Efficiency > Property 10.6: Org role operations should not affect project/system role caches
Error fetching project roles: {
  code: 'PGRST200',
  details: "Searched for a foreign key relationship between 'project_roles' and 'user_profiles' in the schema 'public', but no matches were found.",
  hint: null,
  message: "Could not find a relationship between 'project_roles' and 'user_profiles' in the schema cache"
}

[90mstdout[2m | tests/property/scoped-roles-processing-efficiency.test.ts[2m > [22m[2mProperty 10: Scoped Roles Processing Efficiency[2m > [22m[2mProperty 10.6: Org role operations should not affect project/system role caches
[22m[39mGoTrueClient@sb-bgxknceshxxifwytalex-auth-token:0 (2.93.3) 2026-02-02T15:20:05.042Z #_acquireLock begin [33m10000[39m
GoTrueClient@sb-bgxknceshxxifwytalex-auth-token:0 (2.93.3) 2026-02-02T15:20:05.042Z #_acquireLock lock acquired for storage key sb-bgxknceshxxifwytalex-auth-token
GoTrueClient@sb-bgxknceshxxifwytalex-auth-token:0 (2.93.3) 2026-02-02T15:20:05.042Z #_useSession begin
GoTrueClient@sb-bgxknceshxxifwytalex-auth-token:0 (2.93.3) 2026-02-02T15:20:05.042Z #__loadSession() begin

[90mstdout[2m | tests/property/scoped-roles-processing-efficiency.test.ts[2m > [22m[2mProperty 10: Scoped Roles Processing Efficiency[2m > [22m[2mProperty 10.6: Org role operations should not affect project/system role caches
[22m[39mGoTrueClient@sb-bgxknceshxxifwytalex-auth-token:0 (2.93.3) 2026-02-02T15:20:05.042Z #getSession() session from storage [1mnull[22m
GoTrueClient@sb-bgxknceshxxifwytalex-auth-token:0 (2.93.3) 2026-02-02T15:20:05.042Z #__loadSession() end

[90mstdout[2m | tests/property/scoped-roles-processing-efficiency.test.ts[2m > [22m[2mProperty 10: Scoped Roles Processing Efficiency[2m > [22m[2mProperty 10.6: Org role operations should not affect project/system role caches
[22m[39mGoTrueClient@sb-bgxknceshxxifwytalex-auth-token:0 (2.93.3) 2026-02-02T15:20:05.042Z #_useSession end

[90mstdout[2m | tests/property/scoped-roles-processing-efficiency.test.ts[2m > [22m[2mProperty 10: Scoped Roles Processing Efficiency[2m > [22m[2mProperty 10.6: Org role operations should not affect project/system role caches
[22m[39mGoTrueClient@sb-bgxknceshxxifwytalex-auth-token:0 (2.93.3) 2026-02-02T15:20:05.042Z #_acquireLock lock released for storage key sb-bgxknceshxxifwytalex-auth-token

[90mstdout[2m | tests/property/scoped-roles-processing-efficiency.test.ts[2m > [22m[2mProperty 10: Scoped Roles Processing Efficiency[2m > [22m[2mProperty 10.6: Org role operations should not affect project/system role caches
[22m[39mGoTrueClient@sb-bgxknceshxxifwytalex-auth-token:0 (2.93.3) 2026-02-02T15:20:05.043Z #_acquireLock end

stderr | tests/property/scoped-roles-processing-efficiency.test.ts > Property 10: Scoped Roles Processing Efficiency > Property 10.6: Org role operations should not affect project/system role caches
Error fetching org roles: {
  code: 'PGRST200',
  details: "Searched for a foreign key relationship between 'org_roles' and 'user_profiles' in the schema 'public', but no matches were found.",
  hint: null,
  message: "Could not find a relationship between 'org_roles' and 'user_profiles' in the schema cache"
}

[90mstdout[2m | tests/property/scoped-roles-processing-efficiency.test.ts[2m > [22m[2mProperty 10: Scoped Roles Processing Efficiency[2m > [22m[2mProperty 10.6: Org role operations should not affect project/system role caches
[22m[39mGoTrueClient@sb-bgxknceshxxifwytalex-auth-token:0 (2.93.3) 2026-02-02T15:20:05.142Z #_acquireLock begin [33m10000[39m
GoTrueClient@sb-bgxknceshxxifwytalex-auth-token:0 (2.93.3) 2026-02-02T15:20:05.142Z #_acquireLock lock acquired for storage key sb-bgxknceshxxifwytalex-auth-token
GoTrueClient@sb-bgxknceshxxifwytalex-auth-token:0 (2.93.3) 2026-02-02T15:20:05.142Z #_useSession begin
GoTrueClient@sb-bgxknceshxxifwytalex-auth-token:0 (2.93.3) 2026-02-02T15:20:05.142Z #__loadSession() begin

[90mstdout[2m | tests/property/scoped-roles-processing-efficiency.test.ts[2m > [22m[2mProperty 10: Scoped Roles Processing Efficiency[2m > [22m[2mProperty 10.6: Org role operations should not affect project/system role caches
[22m[39mGoTrueClient@sb-bgxknceshxxifwytalex-auth-token:0 (2.93.3) 2026-02-02T15:20:05.143Z #getSession() session from storage [1mnull[22m
GoTrueClient@sb-bgxknceshxxifwytalex-auth-token:0 (2.93.3) 2026-02-02T15:20:05.143Z #__loadSession() end

[90mstdout[2m | tests/property/scoped-roles-processing-efficiency.test.ts[2m > [22m[2mProperty 10: Scoped Roles Processing Efficiency[2m > [22m[2mProperty 10.6: Org role operations should not affect project/system role caches
[22m[39mGoTrueClient@sb-bgxknceshxxifwytalex-auth-token:0 (2.93.3) 2026-02-02T15:20:05.143Z #_useSession end

[90mstdout[2m | tests/property/scoped-roles-processing-efficiency.test.ts[2m > [22m[2mProperty 10: Scoped Roles Processing Efficiency[2m > [22m[2mProperty 10.6: Org role operations should not affect project/system role caches
[22m[39mGoTrueClient@sb-bgxknceshxxifwytalex-auth-token:0 (2.93.3) 2026-02-02T15:20:05.143Z #_acquireLock lock released for storage key sb-bgxknceshxxifwytalex-auth-token

[90mstdout[2m | tests/property/scoped-roles-processing-efficiency.test.ts[2m > [22m[2mProperty 10: Scoped Roles Processing Efficiency[2m > [22m[2mProperty 10.6: Org role operations should not affect project/system role caches
[22m[39mGoTrueClient@sb-bgxknceshxxifwytalex-auth-token:0 (2.93.3) 2026-02-02T15:20:05.143Z #_acquireLock end

stderr | tests/property/scoped-roles-processing-efficiency.test.ts > Property 10: Scoped Roles Processing Efficiency > Property 10.6: Org role operations should not affect project/system role caches
Error fetching project roles: {
  code: 'PGRST200',
  details: "Searched for a foreign key relationship between 'project_roles' and 'user_profiles' in the schema 'public', but no matches were found.",
  hint: null,
  message: "Could not find a relationship between 'project_roles' and 'user_profiles' in the schema cache"
}

[90mstdout[2m | tests/property/scoped-roles-processing-efficiency.test.ts[2m > [22m[2mProperty 10: Scoped Roles Processing Efficiency[2m > [22m[2mProperty 10.6: Org role operations should not affect project/system role caches
[22m[39mGoTrueClient@sb-bgxknceshxxifwytalex-auth-token:0 (2.93.3) 2026-02-02T15:20:05.208Z #_acquireLock begin [33m10000[39m
GoTrueClient@sb-bgxknceshxxifwytalex-auth-token:0 (2.93.3) 2026-02-02T15:20:05.208Z #_acquireLock lock acquired for storage key sb-bgxknceshxxifwytalex-auth-token
GoTrueClient@sb-bgxknceshxxifwytalex-auth-token:0 (2.93.3) 2026-02-02T15:20:05.208Z #_useSession begin
GoTrueClient@sb-bgxknceshxxifwytalex-auth-token:0 (2.93.3) 2026-02-02T15:20:05.208Z #__loadSession() begin

[90mstdout[2m | tests/property/scoped-roles-processing-efficiency.test.ts[2m > [22m[2mProperty 10: Scoped Roles Processing Efficiency[2m > [22m[2mProperty 10.6: Org role operations should not affect project/system role caches
[22m[39mGoTrueClient@sb-bgxknceshxxifwytalex-auth-token:0 (2.93.3) 2026-02-02T15:20:05.208Z #getSession() session from storage [1mnull[22m
GoTrueClient@sb-bgxknceshxxifwytalex-auth-token:0 (2.93.3) 2026-02-02T15:20:05.208Z #__loadSession() end

[90mstdout[2m | tests/property/scoped-roles-processing-efficiency.test.ts[2m > [22m[2mProperty 10: Scoped Roles Processing Efficiency[2m > [22m[2mProperty 10.6: Org role operations should not affect project/system role caches
[22m[39mGoTrueClient@sb-bgxknceshxxifwytalex-auth-token:0 (2.93.3) 2026-02-02T15:20:05.208Z #_useSession end

[90mstdout[2m | tests/property/scoped-roles-processing-efficiency.test.ts[2m > [22m[2mProperty 10: Scoped Roles Processing Efficiency[2m > [22m[2mProperty 10.6: Org role operations should not affect project/system role caches
[22m[39mGoTrueClient@sb-bgxknceshxxifwytalex-auth-token:0 (2.93.3) 2026-02-02T15:20:05.208Z #_acquireLock lock released for storage key sb-bgxknceshxxifwytalex-auth-token

[90mstdout[2m | tests/property/scoped-roles-processing-efficiency.test.ts[2m > [22m[2mProperty 10: Scoped Roles Processing Efficiency[2m > [22m[2mProperty 10.6: Org role operations should not affect project/system role caches
[22m[39mGoTrueClient@sb-bgxknceshxxifwytalex-auth-token:0 (2.93.3) 2026-02-02T15:20:05.208Z #_acquireLock end

stderr | tests/property/scoped-roles-processing-efficiency.test.ts > Property 10: Scoped Roles Processing Efficiency > Property 10.6: Org role operations should not affect project/system role caches
Error fetching org roles: {
  code: 'PGRST200',
  details: "Searched for a foreign key relationship between 'org_roles' and 'user_profiles' in the schema 'public', but no matches were found.",
  hint: null,
  message: "Could not find a relationship between 'org_roles' and 'user_profiles' in the schema cache"
}

[90mstdout[2m | tests/property/scoped-roles-processing-efficiency.test.ts[2m > [22m[2mProperty 10: Scoped Roles Processing Efficiency[2m > [22m[2mProperty 10.6: Org role operations should not affect project/system role caches
[22m[39mGoTrueClient@sb-bgxknceshxxifwytalex-auth-token:0 (2.93.3) 2026-02-02T15:20:05.223Z #_acquireLock begin [33m10000[39m
GoTrueClient@sb-bgxknceshxxifwytalex-auth-token:0 (2.93.3) 2026-02-02T15:20:05.223Z #_acquireLock lock acquired for storage key sb-bgxknceshxxifwytalex-auth-token
GoTrueClient@sb-bgxknceshxxifwytalex-auth-token:0 (2.93.3) 2026-02-02T15:20:05.223Z #_useSession begin
GoTrueClient@sb-bgxknceshxxifwytalex-auth-token:0 (2.93.3) 2026-02-02T15:20:05.223Z #__loadSession() begin

[90mstdout[2m | tests/property/scoped-roles-processing-efficiency.test.ts[2m > [22m[2mProperty 10: Scoped Roles Processing Efficiency[2m > [22m[2mProperty 10.6: Org role operations should not affect project/system role caches
[22m[39mGoTrueClient@sb-bgxknceshxxifwytalex-auth-token:0 (2.93.3) 2026-02-02T15:20:05.223Z #getSession() session from storage [1mnull[22m
GoTrueClient@sb-bgxknceshxxifwytalex-auth-token:0 (2.93.3) 2026-02-02T15:20:05.223Z #__loadSession() end

[90mstdout[2m | tests/property/scoped-roles-processing-efficiency.test.ts[2m > [22m[2mProperty 10: Scoped Roles Processing Efficiency[2m > [22m[2mProperty 10.6: Org role operations should not affect project/system role caches
[22m[39mGoTrueClient@sb-bgxknceshxxifwytalex-auth-token:0 (2.93.3) 2026-02-02T15:20:05.223Z #_useSession end

[90mstdout[2m | tests/property/scoped-roles-processing-efficiency.test.ts[2m > [22m[2mProperty 10: Scoped Roles Processing Efficiency[2m > [22m[2mProperty 10.6: Org role operations should not affect project/system role caches
[22m[39mGoTrueClient@sb-bgxknceshxxifwytalex-auth-token:0 (2.93.3) 2026-02-02T15:20:05.223Z #_acquireLock lock released for storage key sb-bgxknceshxxifwytalex-auth-token

[90mstdout[2m | tests/property/scoped-roles-processing-efficiency.test.ts[2m > [22m[2mProperty 10: Scoped Roles Processing Efficiency[2m > [22m[2mProperty 10.6: Org role operations should not affect project/system role caches
[22m[39mGoTrueClient@sb-bgxknceshxxifwytalex-auth-token:0 (2.93.3) 2026-02-02T15:20:05.224Z #_acquireLock end

[90mstdout[2m | tests/property/scoped-roles-processing-efficiency.test.ts[2m > [22m[2mProperty 10: Scoped Roles Processing Efficiency[2m > [22m[2mProperty 10.6: Org role operations should not affect project/system role caches
[22m[39mGoTrueClient@sb-bgxknceshxxifwytalex-auth-token:0 (2.93.3) 2026-02-02T15:20:05.225Z #_acquireLock begin [33m10000[39m
GoTrueClient@sb-bgxknceshxxifwytalex-auth-token:0 (2.93.3) 2026-02-02T15:20:05.225Z #_acquireLock lock acquired for storage key sb-bgxknceshxxifwytalex-auth-token
GoTrueClient@sb-bgxknceshxxifwytalex-auth-token:0 (2.93.3) 2026-02-02T15:20:05.225Z #_useSession begin
GoTrueClient@sb-bgxknceshxxifwytalex-auth-token:0 (2.93.3) 2026-02-02T15:20:05.225Z #__loadSession() begin

[90mstdout[2m | tests/property/scoped-roles-processing-efficiency.test.ts[2m > [22m[2mProperty 10: Scoped Roles Processing Efficiency[2m > [22m[2mProperty 10.6: Org role operations should not affect project/system role caches
[22m[39mGoTrueClient@sb-bgxknceshxxifwytalex-auth-token:0 (2.93.3) 2026-02-02T15:20:05.225Z #getSession() session from storage [1mnull[22m
GoTrueClient@sb-bgxknceshxxifwytalex-auth-token:0 (2.93.3) 2026-02-02T15:20:05.225Z #__loadSession() end

[90mstdout[2m | tests/property/scoped-roles-processing-efficiency.test.ts[2m > [22m[2mProperty 10: Scoped Roles Processing Efficiency[2m > [22m[2mProperty 10.6: Org role operations should not affect project/system role caches
[22m[39mGoTrueClient@sb-bgxknceshxxifwytalex-auth-token:0 (2.93.3) 2026-02-02T15:20:05.225Z #_useSession end

[90mstdout[2m | tests/property/scoped-roles-processing-efficiency.test.ts[2m > [22m[2mProperty 10: Scoped Roles Processing Efficiency[2m > [22m[2mProperty 10.6: Org role operations should not affect project/system role caches
[22m[39mGoTrueClient@sb-bgxknceshxxifwytalex-auth-token:0 (2.93.3) 2026-02-02T15:20:05.225Z #_acquireLock lock released for storage key sb-bgxknceshxxifwytalex-auth-token

[90mstdout[2m | tests/property/scoped-roles-processing-efficiency.test.ts[2m > [22m[2mProperty 10: Scoped Roles Processing Efficiency[2m > [22m[2mProperty 10.6: Org role operations should not affect project/system role caches
[22m[39mGoTrueClient@sb-bgxknceshxxifwytalex-auth-token:0 (2.93.3) 2026-02-02T15:20:05.225Z #_acquireLock end

[90mstdout[2m | tests/property/scoped-roles-processing-efficiency.test.ts[2m > [22m[2mProperty 10: Scoped Roles Processing Efficiency[2m > [22m[2mProperty 10.6: Org role operations should not affect project/system role caches
[22m[39mGoTrueClient@sb-bgxknceshxxifwytalex-auth-token:0 (2.93.3) 2026-02-02T15:20:05.235Z #_acquireLock begin [33m10000[39m
GoTrueClient@sb-bgxknceshxxifwytalex-auth-token:0 (2.93.3) 2026-02-02T15:20:05.235Z #_acquireLock lock acquired for storage key sb-bgxknceshxxifwytalex-auth-token
GoTrueClient@sb-bgxknceshxxifwytalex-auth-token:0 (2.93.3) 2026-02-02T15:20:05.235Z #_useSession begin
GoTrueClient@sb-bgxknceshxxifwytalex-auth-token:0 (2.93.3) 2026-02-02T15:20:05.235Z #__loadSession() begin

[90mstdout[2m | tests/property/scoped-roles-processing-efficiency.test.ts[2m > [22m[2mProperty 10: Scoped Roles Processing Efficiency[2m > [22m[2mProperty 10.6: Org role operations should not affect project/system role caches
[22m[39mGoTrueClient@sb-bgxknceshxxifwytalex-auth-token:0 (2.93.3) 2026-02-02T15:20:05.235Z #getSession() session from storage [1mnull[22m
GoTrueClient@sb-bgxknceshxxifwytalex-auth-token:0 (2.93.3) 2026-02-02T15:20:05.235Z #__loadSession() end

[90mstdout[2m | tests/property/scoped-roles-processing-efficiency.test.ts[2m > [22m[2mProperty 10: Scoped Roles Processing Efficiency[2m > [22m[2mProperty 10.6: Org role operations should not affect project/system role caches
[22m[39mGoTrueClient@sb-bgxknceshxxifwytalex-auth-token:0 (2.93.3) 2026-02-02T15:20:05.235Z #_useSession end

[90mstdout[2m | tests/property/scoped-roles-processing-efficiency.test.ts[2m > [22m[2mProperty 10: Scoped Roles Processing Efficiency[2m > [22m[2mProperty 10.6: Org role operations should not affect project/system role caches
[22m[39mGoTrueClient@sb-bgxknceshxxifwytalex-auth-token:0 (2.93.3) 2026-02-02T15:20:05.235Z #_acquireLock lock released for storage key sb-bgxknceshxxifwytalex-auth-token

[90mstdout[2m | tests/property/scoped-roles-processing-efficiency.test.ts[2m > [22m[2mProperty 10: Scoped Roles Processing Efficiency[2m > [22m[2mProperty 10.6: Org role operations should not affect project/system role caches
[22m[39mGoTrueClient@sb-bgxknceshxxifwytalex-auth-token:0 (2.93.3) 2026-02-02T15:20:05.235Z #_acquireLock end

[90mstdout[2m | tests/property/scoped-roles-processing-efficiency.test.ts[2m > [22m[2mProperty 10: Scoped Roles Processing Efficiency[2m > [22m[2mProperty 10.6: Org role operations should not affect project/system role caches
[22m[39mGoTrueClient@sb-bgxknceshxxifwytalex-auth-token:0 (2.93.3) 2026-02-02T15:20:05.247Z #_acquireLock begin [33m10000[39m
GoTrueClient@sb-bgxknceshxxifwytalex-auth-token:0 (2.93.3) 2026-02-02T15:20:05.247Z #_acquireLock lock acquired for storage key sb-bgxknceshxxifwytalex-auth-token
GoTrueClient@sb-bgxknceshxxifwytalex-auth-token:0 (2.93.3) 2026-02-02T15:20:05.247Z #_useSession begin
GoTrueClient@sb-bgxknceshxxifwytalex-auth-token:0 (2.93.3) 2026-02-02T15:20:05.247Z #__loadSession() begin

[90mstdout[2m | tests/property/scoped-roles-processing-efficiency.test.ts[2m > [22m[2mProperty 10: Scoped Roles Processing Efficiency[2m > [22m[2mProperty 10.6: Org role operations should not affect project/system role caches
[22m[39mGoTrueClient@sb-bgxknceshxxifwytalex-auth-token:0 (2.93.3) 2026-02-02T15:20:05.247Z #getSession() session from storage [1mnull[22m
GoTrueClient@sb-bgxknceshxxifwytalex-auth-token:0 (2.93.3) 2026-02-02T15:20:05.247Z #__loadSession() end

[90mstdout[2m | tests/property/scoped-roles-processing-efficiency.test.ts[2m > [22m[2mProperty 10: Scoped Roles Processing Efficiency[2m > [22m[2mProperty 10.6: Org role operations should not affect project/system role caches
[22m[39mGoTrueClient@sb-bgxknceshxxifwytalex-auth-token:0 (2.93.3) 2026-02-02T15:20:05.247Z #_useSession end

[90mstdout[2m | tests/property/scoped-roles-processing-efficiency.test.ts[2m > [22m[2mProperty 10: Scoped Roles Processing Efficiency[2m > [22m[2mProperty 10.6: Org role operations should not affect project/system role caches
[22m[39mGoTrueClient@sb-bgxknceshxxifwytalex-auth-token:0 (2.93.3) 2026-02-02T15:20:05.247Z #_acquireLock lock released for storage key sb-bgxknceshxxifwytalex-auth-token

[90mstdout[2m | tests/property/scoped-roles-processing-efficiency.test.ts[2m > [22m[2mProperty 10: Scoped Roles Processing Efficiency[2m > [22m[2mProperty 10.6: Org role operations should not affect project/system role caches
[22m[39mGoTrueClient@sb-bgxknceshxxifwytalex-auth-token:0 (2.93.3) 2026-02-02T15:20:05.247Z #_acquireLock end

[90mstdout[2m | tests/property/scoped-roles-processing-efficiency.test.ts[2m > [22m[2mProperty 10: Scoped Roles Processing Efficiency[2m > [22m[2mProperty 10.6: Org role operations should not affect project/system role caches
[22m[39mGoTrueClient@sb-bgxknceshxxifwytalex-auth-token:0 (2.93.3) 2026-02-02T15:20:05.373Z #_acquireLock begin [33m10000[39m
GoTrueClient@sb-bgxknceshxxifwytalex-auth-token:0 (2.93.3) 2026-02-02T15:20:05.373Z #_acquireLock lock acquired for storage key sb-bgxknceshxxifwytalex-auth-token
GoTrueClient@sb-bgxknceshxxifwytalex-auth-token:0 (2.93.3) 2026-02-02T15:20:05.373Z #_useSession begin
GoTrueClient@sb-bgxknceshxxifwytalex-auth-token:0 (2.93.3) 2026-02-02T15:20:05.373Z #__loadSession() begin

[90mstdout[2m | tests/property/scoped-roles-processing-efficiency.test.ts[2m > [22m[2mProperty 10: Scoped Roles Processing Efficiency[2m > [22m[2mProperty 10.6: Org role operations should not affect project/system role caches
[22m[39mGoTrueClient@sb-bgxknceshxxifwytalex-auth-token:0 (2.93.3) 2026-02-02T15:20:05.373Z #getSession() session from storage [1mnull[22m
GoTrueClient@sb-bgxknceshxxifwytalex-auth-token:0 (2.93.3) 2026-02-02T15:20:05.373Z #__loadSession() end

[90mstdout[2m | tests/property/scoped-roles-processing-efficiency.test.ts[2m > [22m[2mProperty 10: Scoped Roles Processing Efficiency[2m > [22m[2mProperty 10.6: Org role operations should not affect project/system role caches
[22m[39mGoTrueClient@sb-bgxknceshxxifwytalex-auth-token:0 (2.93.3) 2026-02-02T15:20:05.373Z #_useSession end

[90mstdout[2m | tests/property/scoped-roles-processing-efficiency.test.ts[2m > [22m[2mProperty 10: Scoped Roles Processing Efficiency[2m > [22m[2mProperty 10.6: Org role operations should not affect project/system role caches
[22m[39mGoTrueClient@sb-bgxknceshxxifwytalex-auth-token:0 (2.93.3) 2026-02-02T15:20:05.373Z #_acquireLock lock released for storage key sb-bgxknceshxxifwytalex-auth-token

[90mstdout[2m | tests/property/scoped-roles-processing-efficiency.test.ts[2m > [22m[2mProperty 10: Scoped Roles Processing Efficiency[2m > [22m[2mProperty 10.6: Org role operations should not affect project/system role caches
[22m[39mGoTrueClient@sb-bgxknceshxxifwytalex-auth-token:0 (2.93.3) 2026-02-02T15:20:05.373Z #_acquireLock end

stderr | tests/property/scoped-roles-processing-efficiency.test.ts > Property 10: Scoped Roles Processing Efficiency > Property 10.6: Org role operations should not affect project/system role caches
Error fetching org roles: {
  code: 'PGRST200',
  details: "Searched for a foreign key relationship between 'org_roles' and 'user_profiles' in the schema 'public', but no matches were found.",
  hint: null,
  message: "Could not find a relationship between 'org_roles' and 'user_profiles' in the schema cache"
}

[90mstdout[2m | tests/property/scoped-roles-processing-efficiency.test.ts[2m > [22m[2mProperty 10: Scoped Roles Processing Efficiency[2m > [22m[2mProperty 10.6: Org role operations should not affect project/system role caches
[22m[39mGoTrueClient@sb-bgxknceshxxifwytalex-auth-token:0 (2.93.3) 2026-02-02T15:20:05.430Z #_acquireLock begin [33m10000[39m
GoTrueClient@sb-bgxknceshxxifwytalex-auth-token:0 (2.93.3) 2026-02-02T15:20:05.430Z #_acquireLock lock acquired for storage key sb-bgxknceshxxifwytalex-auth-token
GoTrueClient@sb-bgxknceshxxifwytalex-auth-token:0 (2.93.3) 2026-02-02T15:20:05.430Z #_useSession begin
GoTrueClient@sb-bgxknceshxxifwytalex-auth-token:0 (2.93.3) 2026-02-02T15:20:05.430Z #__loadSession() begin

[90mstdout[2m | tests/property/scoped-roles-processing-efficiency.test.ts[2m > [22m[2mProperty 10: Scoped Roles Processing Efficiency[2m > [22m[2mProperty 10.6: Org role operations should not affect project/system role caches
[22m[39mGoTrueClient@sb-bgxknceshxxifwytalex-auth-token:0 (2.93.3) 2026-02-02T15:20:05.430Z #getSession() session from storage [1mnull[22m
GoTrueClient@sb-bgxknceshxxifwytalex-auth-token:0 (2.93.3) 2026-02-02T15:20:05.430Z #__loadSession() end

[90mstdout[2m | tests/property/scoped-roles-processing-efficiency.test.ts[2m > [22m[2mProperty 10: Scoped Roles Processing Efficiency[2m > [22m[2mProperty 10.6: Org role operations should not affect project/system role caches
[22m[39mGoTrueClient@sb-bgxknceshxxifwytalex-auth-token:0 (2.93.3) 2026-02-02T15:20:05.430Z #_useSession end

[90mstdout[2m | tests/property/scoped-roles-processing-efficiency.test.ts[2m > [22m[2mProperty 10: Scoped Roles Processing Efficiency[2m > [22m[2mProperty 10.6: Org role operations should not affect project/system role caches
[22m[39mGoTrueClient@sb-bgxknceshxxifwytalex-auth-token:0 (2.93.3) 2026-02-02T15:20:05.430Z #_acquireLock lock released for storage key sb-bgxknceshxxifwytalex-auth-token

[90mstdout[2m | tests/property/scoped-roles-processing-efficiency.test.ts[2m > [22m[2mProperty 10: Scoped Roles Processing Efficiency[2m > [22m[2mProperty 10.6: Org role operations should not affect project/system role caches
[22m[39mGoTrueClient@sb-bgxknceshxxifwytalex-auth-token:0 (2.93.3) 2026-02-02T15:20:05.430Z #_acquireLock end

stderr | tests/property/scoped-roles-processing-efficiency.test.ts > Property 10: Scoped Roles Processing Efficiency > Property 10.6: Org role operations should not affect project/system role caches
Error fetching project roles: {
  code: 'PGRST200',
  details: "Searched for a foreign key relationship between 'project_roles' and 'user_profiles' in the schema 'public', but no matches were found.",
  hint: null,
  message: "Could not find a relationship between 'project_roles' and 'user_profiles' in the schema cache"
}

[90mstdout[2m | tests/property/scoped-roles-processing-efficiency.test.ts[2m > [22m[2mProperty 10: Scoped Roles Processing Efficiency[2m > [22m[2mProperty 10.6: Org role operations should not affect project/system role caches
[22m[39mGoTrueClient@sb-bgxknceshxxifwytalex-auth-token:0 (2.93.3) 2026-02-02T15:20:05.431Z #_acquireLock begin [33m10000[39m
GoTrueClient@sb-bgxknceshxxifwytalex-auth-token:0 (2.93.3) 2026-02-02T15:20:05.431Z #_acquireLock lock acquired for storage key sb-bgxknceshxxifwytalex-auth-token
GoTrueClient@sb-bgxknceshxxifwytalex-auth-token:0 (2.93.3) 2026-02-02T15:20:05.431Z #_useSession begin
GoTrueClient@sb-bgxknceshxxifwytalex-auth-token:0 (2.93.3) 2026-02-02T15:20:05.431Z #__loadSession() begin

[90mstdout[2m | tests/property/scoped-roles-processing-efficiency.test.ts[2m > [22m[2mProperty 10: Scoped Roles Processing Efficiency[2m > [22m[2mProperty 10.6: Org role operations should not affect project/system role caches
[22m[39mGoTrueClient@sb-bgxknceshxxifwytalex-auth-token:0 (2.93.3) 2026-02-02T15:20:05.431Z #getSession() session from storage [1mnull[22m
GoTrueClient@sb-bgxknceshxxifwytalex-auth-token:0 (2.93.3) 2026-02-02T15:20:05.431Z #__loadSession() end

[90mstdout[2m | tests/property/scoped-roles-processing-efficiency.test.ts[2m > [22m[2mProperty 10: Scoped Roles Processing Efficiency[2m > [22m[2mProperty 10.6: Org role operations should not affect project/system role caches
[22m[39mGoTrueClient@sb-bgxknceshxxifwytalex-auth-token:0 (2.93.3) 2026-02-02T15:20:05.431Z #_useSession end

[90mstdout[2m | tests/property/scoped-roles-processing-efficiency.test.ts[2m > [22m[2mProperty 10: Scoped Roles Processing Efficiency[2m > [22m[2mProperty 10.6: Org role operations should not affect project/system role caches
[22m[39mGoTrueClient@sb-bgxknceshxxifwytalex-auth-token:0 (2.93.3) 2026-02-02T15:20:05.431Z #_acquireLock lock released for storage key sb-bgxknceshxxifwytalex-auth-token

[90mstdout[2m | tests/property/scoped-roles-processing-efficiency.test.ts[2m > [22m[2mProperty 10: Scoped Roles Processing Efficiency[2m > [22m[2mProperty 10.6: Org role operations should not affect project/system role caches
[22m[39mGoTrueClient@sb-bgxknceshxxifwytalex-auth-token:0 (2.93.3) 2026-02-02T15:20:05.431Z #_acquireLock end

stderr | tests/property/scoped-roles-processing-efficiency.test.ts > Property 10: Scoped Roles Processing Efficiency > Property 10.6: Org role operations should not affect project/system role caches
Error fetching org roles: {
  code: 'PGRST200',
  details: "Searched for a foreign key relationship between 'org_roles' and 'user_profiles' in the schema 'public', but no matches were found.",
  hint: null,
  message: "Could not find a relationship between 'org_roles' and 'user_profiles' in the schema cache"
}

[90mstdout[2m | tests/property/scoped-roles-processing-efficiency.test.ts[2m > [22m[2mProperty 10: Scoped Roles Processing Efficiency[2m > [22m[2mProperty 10.6: Org role operations should not affect project/system role caches
[22m[39mGoTrueClient@sb-bgxknceshxxifwytalex-auth-token:0 (2.93.3) 2026-02-02T15:20:05.434Z #_acquireLock begin [33m10000[39m
GoTrueClient@sb-bgxknceshxxifwytalex-auth-token:0 (2.93.3) 2026-02-02T15:20:05.434Z #_acquireLock lock acquired for storage key sb-bgxknceshxxifwytalex-auth-token
GoTrueClient@sb-bgxknceshxxifwytalex-auth-token:0 (2.93.3) 2026-02-02T15:20:05.434Z #_useSession begin
GoTrueClient@sb-bgxknceshxxifwytalex-auth-token:0 (2.93.3) 2026-02-02T15:20:05.434Z #__loadSession() begin

[90mstdout[2m | tests/property/scoped-roles-processing-efficiency.test.ts[2m > [22m[2mProperty 10: Scoped Roles Processing Efficiency[2m > [22m[2mProperty 10.6: Org role operations should not affect project/system role caches
[22m[39mGoTrueClient@sb-bgxknceshxxifwytalex-auth-token:0 (2.93.3) 2026-02-02T15:20:05.434Z #getSession() session from storage [1mnull[22m
GoTrueClient@sb-bgxknceshxxifwytalex-auth-token:0 (2.93.3) 2026-02-02T15:20:05.434Z #__loadSession() end

[90mstdout[2m | tests/property/scoped-roles-processing-efficiency.test.ts[2m > [22m[2mProperty 10: Scoped Roles Processing Efficiency[2m > [22m[2mProperty 10.6: Org role operations should not affect project/system role caches
[22m[39mGoTrueClient@sb-bgxknceshxxifwytalex-auth-token:0 (2.93.3) 2026-02-02T15:20:05.434Z #_useSession end

[90mstdout[2m | tests/property/scoped-roles-processing-efficiency.test.ts[2m > [22m[2mProperty 10: Scoped Roles Processing Efficiency[2m > [22m[2mProperty 10.6: Org role operations should not affect project/system role caches
[22m[39mGoTrueClient@sb-bgxknceshxxifwytalex-auth-token:0 (2.93.3) 2026-02-02T15:20:05.434Z #_acquireLock lock released for storage key sb-bgxknceshxxifwytalex-auth-token

[90mstdout[2m | tests/property/scoped-roles-processing-efficiency.test.ts[2m > [22m[2mProperty 10: Scoped Roles Processing Efficiency[2m > [22m[2mProperty 10.6: Org role operations should not affect project/system role caches
[22m[39mGoTrueClient@sb-bgxknceshxxifwytalex-auth-token:0 (2.93.3) 2026-02-02T15:20:05.434Z #_acquireLock end

[90mstdout[2m | tests/property/scoped-roles-processing-efficiency.test.ts[2m > [22m[2mProperty 10: Scoped Roles Processing Efficiency[2m > [22m[2mProperty 10.6: Org role operations should not affect project/system role caches
[22m[39mGoTrueClient@sb-bgxknceshxxifwytalex-auth-token:0 (2.93.3) 2026-02-02T15:20:05.440Z #_acquireLock begin [33m10000[39m
GoTrueClient@sb-bgxknceshxxifwytalex-auth-token:0 (2.93.3) 2026-02-02T15:20:05.440Z #_acquireLock lock acquired for storage key sb-bgxknceshxxifwytalex-auth-token
GoTrueClient@sb-bgxknceshxxifwytalex-auth-token:0 (2.93.3) 2026-02-02T15:20:05.440Z #_useSession begin
GoTrueClient@sb-bgxknceshxxifwytalex-auth-token:0 (2.93.3) 2026-02-02T15:20:05.440Z #__loadSession() begin

[90mstdout[2m | tests/property/scoped-roles-processing-efficiency.test.ts[2m > [22m[2mProperty 10: Scoped Roles Processing Efficiency[2m > [22m[2mProperty 10.6: Org role operations should not affect project/system role caches
[22m[39mGoTrueClient@sb-bgxknceshxxifwytalex-auth-token:0 (2.93.3) 2026-02-02T15:20:05.441Z #getSession() session from storage [1mnull[22m
GoTrueClient@sb-bgxknceshxxifwytalex-auth-token:0 (2.93.3) 2026-02-02T15:20:05.441Z #__loadSession() end

[90mstdout[2m | tests/property/scoped-roles-processing-efficiency.test.ts[2m > [22m[2mProperty 10: Scoped Roles Processing Efficiency[2m > [22m[2mProperty 10.6: Org role operations should not affect project/system role caches
[22m[39mGoTrueClient@sb-bgxknceshxxifwytalex-auth-token:0 (2.93.3) 2026-02-02T15:20:05.441Z #_useSession end

[90mstdout[2m | tests/property/scoped-roles-processing-efficiency.test.ts[2m > [22m[2mProperty 10: Scoped Roles Processing Efficiency[2m > [22m[2mProperty 10.6: Org role operations should not affect project/system role caches
[22m[39mGoTrueClient@sb-bgxknceshxxifwytalex-auth-token:0 (2.93.3) 2026-02-02T15:20:05.441Z #_acquireLock lock released for storage key sb-bgxknceshxxifwytalex-auth-token

[90mstdout[2m | tests/property/scoped-roles-processing-efficiency.test.ts[2m > [22m[2mProperty 10: Scoped Roles Processing Efficiency[2m > [22m[2mProperty 10.6: Org role operations should not affect project/system role caches
[22m[39mGoTrueClient@sb-bgxknceshxxifwytalex-auth-token:0 (2.93.3) 2026-02-02T15:20:05.441Z #_acquireLock end

stderr | tests/property/scoped-roles-processing-efficiency.test.ts > Property 10: Scoped Roles Processing Efficiency > Property 10.6: Org role operations should not affect project/system role caches
Error fetching project roles: {
  code: 'PGRST200',
  details: "Searched for a foreign key relationship between 'project_roles' and 'user_profiles' in the schema 'public', but no matches were found.",
  hint: null,
  message: "Could not find a relationship between 'project_roles' and 'user_profiles' in the schema cache"
}

[90mstdout[2m | tests/property/scoped-roles-processing-efficiency.test.ts[2m > [22m[2mProperty 10: Scoped Roles Processing Efficiency[2m > [22m[2mProperty 10.6: Org role operations should not affect project/system role caches
[22m[39mGoTrueClient@sb-bgxknceshxxifwytalex-auth-token:0 (2.93.3) 2026-02-02T15:20:05.471Z #_acquireLock begin [33m10000[39m
GoTrueClient@sb-bgxknceshxxifwytalex-auth-token:0 (2.93.3) 2026-02-02T15:20:05.471Z #_acquireLock lock acquired for storage key sb-bgxknceshxxifwytalex-auth-token
GoTrueClient@sb-bgxknceshxxifwytalex-auth-token:0 (2.93.3) 2026-02-02T15:20:05.471Z #_useSession begin
GoTrueClient@sb-bgxknceshxxifwytalex-auth-token:0 (2.93.3) 2026-02-02T15:20:05.471Z #__loadSession() begin

[90mstdout[2m | tests/property/scoped-roles-processing-efficiency.test.ts[2m > [22m[2mProperty 10: Scoped Roles Processing Efficiency[2m > [22m[2mProperty 10.6: Org role operations should not affect project/system role caches
[22m[39mGoTrueClient@sb-bgxknceshxxifwytalex-auth-token:0 (2.93.3) 2026-02-02T15:20:05.471Z #getSession() session from storage [1mnull[22m
GoTrueClient@sb-bgxknceshxxifwytalex-auth-token:0 (2.93.3) 2026-02-02T15:20:05.471Z #__loadSession() end

[90mstdout[2m | tests/property/scoped-roles-processing-efficiency.test.ts[2m > [22m[2mProperty 10: Scoped Roles Processing Efficiency[2m > [22m[2mProperty 10.6: Org role operations should not affect project/system role caches
[22m[39mGoTrueClient@sb-bgxknceshxxifwytalex-auth-token:0 (2.93.3) 2026-02-02T15:20:05.471Z #_useSession end

[90mstdout[2m | tests/property/scoped-roles-processing-efficiency.test.ts[2m > [22m[2mProperty 10: Scoped Roles Processing Efficiency[2m > [22m[2mProperty 10.6: Org role operations should not affect project/system role caches
[22m[39mGoTrueClient@sb-bgxknceshxxifwytalex-auth-token:0 (2.93.3) 2026-02-02T15:20:05.472Z #_acquireLock lock released for storage key sb-bgxknceshxxifwytalex-auth-token

[90mstdout[2m | tests/property/scoped-roles-processing-efficiency.test.ts[2m > [22m[2mProperty 10: Scoped Roles Processing Efficiency[2m > [22m[2mProperty 10.6: Org role operations should not affect project/system role caches
[22m[39mGoTrueClient@sb-bgxknceshxxifwytalex-auth-token:0 (2.93.3) 2026-02-02T15:20:05.472Z #_acquireLock end

[90mstdout[2m | tests/property/scoped-roles-processing-efficiency.test.ts[2m > [22m[2mProperty 10: Scoped Roles Processing Efficiency[2m > [22m[2mProperty 10.6: Org role operations should not affect project/system role caches
[22m[39mGoTrueClient@sb-bgxknceshxxifwytalex-auth-token:0 (2.93.3) 2026-02-02T15:20:05.578Z #_acquireLock begin [33m10000[39m
GoTrueClient@sb-bgxknceshxxifwytalex-auth-token:0 (2.93.3) 2026-02-02T15:20:05.578Z #_acquireLock lock acquired for storage key sb-bgxknceshxxifwytalex-auth-token
GoTrueClient@sb-bgxknceshxxifwytalex-auth-token:0 (2.93.3) 2026-02-02T15:20:05.579Z #_useSession begin
GoTrueClient@sb-bgxknceshxxifwytalex-auth-token:0 (2.93.3) 2026-02-02T15:20:05.579Z #__loadSession() begin

[90mstdout[2m | tests/property/scoped-roles-processing-efficiency.test.ts[2m > [22m[2mProperty 10: Scoped Roles Processing Efficiency[2m > [22m[2mProperty 10.6: Org role operations should not affect project/system role caches
[22m[39mGoTrueClient@sb-bgxknceshxxifwytalex-auth-token:0 (2.93.3) 2026-02-02T15:20:05.579Z #getSession() session from storage [1mnull[22m
GoTrueClient@sb-bgxknceshxxifwytalex-auth-token:0 (2.93.3) 2026-02-02T15:20:05.579Z #__loadSession() end

[90mstdout[2m | tests/property/scoped-roles-processing-efficiency.test.ts[2m > [22m[2mProperty 10: Scoped Roles Processing Efficiency[2m > [22m[2mProperty 10.6: Org role operations should not affect project/system role caches
[22m[39mGoTrueClient@sb-bgxknceshxxifwytalex-auth-token:0 (2.93.3) 2026-02-02T15:20:05.579Z #_useSession end

[90mstdout[2m | tests/property/scoped-roles-processing-efficiency.test.ts[2m > [22m[2mProperty 10: Scoped Roles Processing Efficiency[2m > [22m[2mProperty 10.6: Org role operations should not affect project/system role caches
[22m[39mGoTrueClient@sb-bgxknceshxxifwytalex-auth-token:0 (2.93.3) 2026-02-02T15:20:05.579Z #_acquireLock lock released for storage key sb-bgxknceshxxifwytalex-auth-token

[90mstdout[2m | tests/property/scoped-roles-processing-efficiency.test.ts[2m > [22m[2mProperty 10: Scoped Roles Processing Efficiency[2m > [22m[2mProperty 10.6: Org role operations should not affect project/system role caches
[22m[39mGoTrueClient@sb-bgxknceshxxifwytalex-auth-token:0 (2.93.3) 2026-02-02T15:20:05.579Z #_acquireLock end

stderr | tests/property/scoped-roles-processing-efficiency.test.ts > Property 10: Scoped Roles Processing Efficiency > Property 10.6: Org role operations should not affect project/system role caches
Error fetching project roles: {
  code: 'PGRST200',
  details: "Searched for a foreign key relationship between 'project_roles' and 'user_profiles' in the schema 'public', but no matches were found.",
  hint: null,
  message: "Could not find a relationship between 'project_roles' and 'user_profiles' in the schema cache"
}

[90mstdout[2m | tests/property/scoped-roles-processing-efficiency.test.ts[2m > [22m[2mProperty 10: Scoped Roles Processing Efficiency[2m > [22m[2mProperty 10.6: Org role operations should not affect project/system role caches
[22m[39mGoTrueClient@sb-bgxknceshxxifwytalex-auth-token:0 (2.93.3) 2026-02-02T15:20:05.634Z #_acquireLock begin [33m10000[39m
GoTrueClient@sb-bgxknceshxxifwytalex-auth-token:0 (2.93.3) 2026-02-02T15:20:05.634Z #_acquireLock lock acquired for storage key sb-bgxknceshxxifwytalex-auth-token
GoTrueClient@sb-bgxknceshxxifwytalex-auth-token:0 (2.93.3) 2026-02-02T15:20:05.634Z #_useSession begin
GoTrueClient@sb-bgxknceshxxifwytalex-auth-token:0 (2.93.3) 2026-02-02T15:20:05.634Z #__loadSession() begin

[90mstdout[2m | tests/property/scoped-roles-processing-efficiency.test.ts[2m > [22m[2mProperty 10: Scoped Roles Processing Efficiency[2m > [22m[2mProperty 10.6: Org role operations should not affect project/system role caches
[22m[39mGoTrueClient@sb-bgxknceshxxifwytalex-auth-token:0 (2.93.3) 2026-02-02T15:20:05.634Z #getSession() session from storage [1mnull[22m
GoTrueClient@sb-bgxknceshxxifwytalex-auth-token:0 (2.93.3) 2026-02-02T15:20:05.634Z #__loadSession() end

[90mstdout[2m | tests/property/scoped-roles-processing-efficiency.test.ts[2m > [22m[2mProperty 10: Scoped Roles Processing Efficiency[2m > [22m[2mProperty 10.6: Org role operations should not affect project/system role caches
[22m[39mGoTrueClient@sb-bgxknceshxxifwytalex-auth-token:0 (2.93.3) 2026-02-02T15:20:05.634Z #_useSession end

[90mstdout[2m | tests/property/scoped-roles-processing-efficiency.test.ts[2m > [22m[2mProperty 10: Scoped Roles Processing Efficiency[2m > [22m[2mProperty 10.6: Org role operations should not affect project/system role caches
[22m[39mGoTrueClient@sb-bgxknceshxxifwytalex-auth-token:0 (2.93.3) 2026-02-02T15:20:05.634Z #_acquireLock lock released for storage key sb-bgxknceshxxifwytalex-auth-token

[90mstdout[2m | tests/property/scoped-roles-processing-efficiency.test.ts[2m > [22m[2mProperty 10: Scoped Roles Processing Efficiency[2m > [22m[2mProperty 10.6: Org role operations should not affect project/system role caches
[22m[39mGoTrueClient@sb-bgxknceshxxifwytalex-auth-token:0 (2.93.3) 2026-02-02T15:20:05.635Z #_acquireLock end

[90mstdout[2m | tests/property/scoped-roles-processing-efficiency.test.ts[2m > [22m[2mProperty 10: Scoped Roles Processing Efficiency[2m > [22m[2mProperty 10.6: Org role operations should not affect project/system role caches
[22m[39mGoTrueClient@sb-bgxknceshxxifwytalex-auth-token:0 (2.93.3) 2026-02-02T15:20:05.636Z #_acquireLock begin [33m10000[39m
GoTrueClient@sb-bgxknceshxxifwytalex-auth-token:0 (2.93.3) 2026-02-02T15:20:05.636Z #_acquireLock lock acquired for storage key sb-bgxknceshxxifwytalex-auth-token
GoTrueClient@sb-bgxknceshxxifwytalex-auth-token:0 (2.93.3) 2026-02-02T15:20:05.636Z #_useSession begin
GoTrueClient@sb-bgxknceshxxifwytalex-auth-token:0 (2.93.3) 2026-02-02T15:20:05.636Z #__loadSession() begin

[90mstdout[2m | tests/property/scoped-roles-processing-efficiency.test.ts[2m > [22m[2mProperty 10: Scoped Roles Processing Efficiency[2m > [22m[2mProperty 10.6: Org role operations should not affect project/system role caches
[22m[39mGoTrueClient@sb-bgxknceshxxifwytalex-auth-token:0 (2.93.3) 2026-02-02T15:20:05.637Z #getSession() session from storage [1mnull[22m
GoTrueClient@sb-bgxknceshxxifwytalex-auth-token:0 (2.93.3) 2026-02-02T15:20:05.637Z #__loadSession() end

[90mstdout[2m | tests/property/scoped-roles-processing-efficiency.test.ts[2m > [22m[2mProperty 10: Scoped Roles Processing Efficiency[2m > [22m[2mProperty 10.6: Org role operations should not affect project/system role caches
[22m[39mGoTrueClient@sb-bgxknceshxxifwytalex-auth-token:0 (2.93.3) 2026-02-02T15:20:05.637Z #_useSession end

[90mstdout[2m | tests/property/scoped-roles-processing-efficiency.test.ts[2m > [22m[2mProperty 10: Scoped Roles Processing Efficiency[2m > [22m[2mProperty 10.6: Org role operations should not affect project/system role caches
[22m[39mGoTrueClient@sb-bgxknceshxxifwytalex-auth-token:0 (2.93.3) 2026-02-02T15:20:05.637Z #_acquireLock lock released for storage key sb-bgxknceshxxifwytalex-auth-token

[90mstdout[2m | tests/property/scoped-roles-processing-efficiency.test.ts[2m > [22m[2mProperty 10: Scoped Roles Processing Efficiency[2m > [22m[2mProperty 10.6: Org role operations should not affect project/system role caches
[22m[39mGoTrueClient@sb-bgxknceshxxifwytalex-auth-token:0 (2.93.3) 2026-02-02T15:20:05.637Z #_acquireLock end

stderr | tests/property/scoped-roles-processing-efficiency.test.ts > Property 10: Scoped Roles Processing Efficiency > Property 10.6: Org role operations should not affect project/system role caches
Error fetching project roles: {
  code: 'PGRST200',
  details: "Searched for a foreign key relationship between 'project_roles' and 'user_profiles' in the schema 'public', but no matches were found.",
  hint: null,
  message: "Could not find a relationship between 'project_roles' and 'user_profiles' in the schema cache"
}

[90mstdout[2m | tests/property/scoped-roles-processing-efficiency.test.ts[2m > [22m[2mProperty 10: Scoped Roles Processing Efficiency[2m > [22m[2mProperty 10.6: Org role operations should not affect project/system role caches
[22m[39mGoTrueClient@sb-bgxknceshxxifwytalex-auth-token:0 (2.93.3) 2026-02-02T15:20:05.641Z #_acquireLock begin [33m10000[39m
GoTrueClient@sb-bgxknceshxxifwytalex-auth-token:0 (2.93.3) 2026-02-02T15:20:05.641Z #_acquireLock lock acquired for storage key sb-bgxknceshxxifwytalex-auth-token
GoTrueClient@sb-bgxknceshxxifwytalex-auth-token:0 (2.93.3) 2026-02-02T15:20:05.641Z #_useSession begin
GoTrueClient@sb-bgxknceshxxifwytalex-auth-token:0 (2.93.3) 2026-02-02T15:20:05.641Z #__loadSession() begin

[90mstdout[2m | tests/property/scoped-roles-processing-efficiency.test.ts[2m > [22m[2mProperty 10: Scoped Roles Processing Efficiency[2m > [22m[2mProperty 10.6: Org role operations should not affect project/system role caches
[22m[39mGoTrueClient@sb-bgxknceshxxifwytalex-auth-token:0 (2.93.3) 2026-02-02T15:20:05.641Z #getSession() session from storage [1mnull[22m
GoTrueClient@sb-bgxknceshxxifwytalex-auth-token:0 (2.93.3) 2026-02-02T15:20:05.641Z #__loadSession() end

[90mstdout[2m | tests/property/scoped-roles-processing-efficiency.test.ts[2m > [22m[2mProperty 10: Scoped Roles Processing Efficiency[2m > [22m[2mProperty 10.6: Org role operations should not affect project/system role caches
[22m[39mGoTrueClient@sb-bgxknceshxxifwytalex-auth-token:0 (2.93.3) 2026-02-02T15:20:05.641Z #_useSession end

[90mstdout[2m | tests/property/scoped-roles-processing-efficiency.test.ts[2m > [22m[2mProperty 10: Scoped Roles Processing Efficiency[2m > [22m[2mProperty 10.6: Org role operations should not affect project/system role caches
[22m[39mGoTrueClient@sb-bgxknceshxxifwytalex-auth-token:0 (2.93.3) 2026-02-02T15:20:05.641Z #_acquireLock lock released for storage key sb-bgxknceshxxifwytalex-auth-token

[90mstdout[2m | tests/property/scoped-roles-processing-efficiency.test.ts[2m > [22m[2mProperty 10: Scoped Roles Processing Efficiency[2m > [22m[2mProperty 10.6: Org role operations should not affect project/system role caches
[22m[39mGoTrueClient@sb-bgxknceshxxifwytalex-auth-token:0 (2.93.3) 2026-02-02T15:20:05.642Z #_acquireLock end

stderr | tests/property/scoped-roles-processing-efficiency.test.ts > Property 10: Scoped Roles Processing Efficiency > Property 10.6: Org role operations should not affect project/system role caches
Error fetching org roles: {
  code: 'PGRST200',
  details: "Searched for a foreign key relationship between 'org_roles' and 'user_profiles' in the schema 'public', but no matches were found.",
  hint: null,
  message: "Could not find a relationship between 'org_roles' and 'user_profiles' in the schema cache"
}

[90mstdout[2m | tests/property/scoped-roles-processing-efficiency.test.ts[2m > [22m[2mProperty 10: Scoped Roles Processing Efficiency[2m > [22m[2mProperty 10.6: Org role operations should not affect project/system role caches
[22m[39mGoTrueClient@sb-bgxknceshxxifwytalex-auth-token:0 (2.93.3) 2026-02-02T15:20:05.646Z #_acquireLock begin [33m10000[39m
GoTrueClient@sb-bgxknceshxxifwytalex-auth-token:0 (2.93.3) 2026-02-02T15:20:05.646Z #_acquireLock lock acquired for storage key sb-bgxknceshxxifwytalex-auth-token
GoTrueClient@sb-bgxknceshxxifwytalex-auth-token:0 (2.93.3) 2026-02-02T15:20:05.646Z #_useSession begin
GoTrueClient@sb-bgxknceshxxifwytalex-auth-token:0 (2.93.3) 2026-02-02T15:20:05.646Z #__loadSession() begin

[90mstdout[2m | tests/property/scoped-roles-processing-efficiency.test.ts[2m > [22m[2mProperty 10: Scoped Roles Processing Efficiency[2m > [22m[2mProperty 10.6: Org role operations should not affect project/system role caches
[22m[39mGoTrueClient@sb-bgxknceshxxifwytalex-auth-token:0 (2.93.3) 2026-02-02T15:20:05.646Z #getSession() session from storage [1mnull[22m
GoTrueClient@sb-bgxknceshxxifwytalex-auth-token:0 (2.93.3) 2026-02-02T15:20:05.646Z #__loadSession() end

[90mstdout[2m | tests/property/scoped-roles-processing-efficiency.test.ts[2m > [22m[2mProperty 10: Scoped Roles Processing Efficiency[2m > [22m[2mProperty 10.6: Org role operations should not affect project/system role caches
[22m[39mGoTrueClient@sb-bgxknceshxxifwytalex-auth-token:0 (2.93.3) 2026-02-02T15:20:05.646Z #_useSession end

[90mstdout[2m | tests/property/scoped-roles-processing-efficiency.test.ts[2m > [22m[2mProperty 10: Scoped Roles Processing Efficiency[2m > [22m[2mProperty 10.6: Org role operations should not affect project/system role caches
[22m[39mGoTrueClient@sb-bgxknceshxxifwytalex-auth-token:0 (2.93.3) 2026-02-02T15:20:05.646Z #_acquireLock lock released for storage key sb-bgxknceshxxifwytalex-auth-token

[90mstdout[2m | tests/property/scoped-roles-processing-efficiency.test.ts[2m > [22m[2mProperty 10: Scoped Roles Processing Efficiency[2m > [22m[2mProperty 10.6: Org role operations should not affect project/system role caches
[22m[39mGoTrueClient@sb-bgxknceshxxifwytalex-auth-token:0 (2.93.3) 2026-02-02T15:20:05.646Z #_acquireLock end

stderr | tests/property/scoped-roles-processing-efficiency.test.ts > Property 10: Scoped Roles Processing Efficiency > Property 10.6: Org role operations should not affect project/system role caches
Error fetching project roles: {
  code: 'PGRST200',
  details: "Searched for a foreign key relationship between 'project_roles' and 'user_profiles' in the schema 'public', but no matches were found.",
  hint: null,
  message: "Could not find a relationship between 'project_roles' and 'user_profiles' in the schema cache"
}

[90mstdout[2m | tests/property/scoped-roles-processing-efficiency.test.ts[2m > [22m[2mProperty 10: Scoped Roles Processing Efficiency[2m > [22m[2mProperty 10.6: Org role operations should not affect project/system role caches
[22m[39mGoTrueClient@sb-bgxknceshxxifwytalex-auth-token:0 (2.93.3) 2026-02-02T15:20:05.669Z #_acquireLock begin [33m10000[39m
GoTrueClient@sb-bgxknceshxxifwytalex-auth-token:0 (2.93.3) 2026-02-02T15:20:05.669Z #_acquireLock lock acquired for storage key sb-bgxknceshxxifwytalex-auth-token
GoTrueClient@sb-bgxknceshxxifwytalex-auth-token:0 (2.93.3) 2026-02-02T15:20:05.669Z #_useSession begin
GoTrueClient@sb-bgxknceshxxifwytalex-auth-token:0 (2.93.3) 2026-02-02T15:20:05.669Z #__loadSession() begin

[90mstdout[2m | tests/property/scoped-roles-processing-efficiency.test.ts[2m > [22m[2mProperty 10: Scoped Roles Processing Efficiency[2m > [22m[2mProperty 10.6: Org role operations should not affect project/system role caches
[22m[39mGoTrueClient@sb-bgxknceshxxifwytalex-auth-token:0 (2.93.3) 2026-02-02T15:20:05.669Z #getSession() session from storage [1mnull[22m
GoTrueClient@sb-bgxknceshxxifwytalex-auth-token:0 (2.93.3) 2026-02-02T15:20:05.669Z #__loadSession() end

[90mstdout[2m | tests/property/scoped-roles-processing-efficiency.test.ts[2m > [22m[2mProperty 10: Scoped Roles Processing Efficiency[2m > [22m[2mProperty 10.6: Org role operations should not affect project/system role caches
[22m[39mGoTrueClient@sb-bgxknceshxxifwytalex-auth-token:0 (2.93.3) 2026-02-02T15:20:05.669Z #_useSession end

[90mstdout[2m | tests/property/scoped-roles-processing-efficiency.test.ts[2m > [22m[2mProperty 10: Scoped Roles Processing Efficiency[2m > [22m[2mProperty 10.6: Org role operations should not affect project/system role caches
[22m[39mGoTrueClient@sb-bgxknceshxxifwytalex-auth-token:0 (2.93.3) 2026-02-02T15:20:05.669Z #_acquireLock lock released for storage key sb-bgxknceshxxifwytalex-auth-token

[90mstdout[2m | tests/property/scoped-roles-processing-efficiency.test.ts[2m > [22m[2mProperty 10: Scoped Roles Processing Efficiency[2m > [22m[2mProperty 10.6: Org role operations should not affect project/system role caches
[22m[39mGoTrueClient@sb-bgxknceshxxifwytalex-auth-token:0 (2.93.3) 2026-02-02T15:20:05.669Z #_acquireLock end

[90mstdout[2m | tests/property/scoped-roles-processing-efficiency.test.ts[2m > [22m[2mProperty 10: Scoped Roles Processing Efficiency[2m > [22m[2mProperty 10.6: Org role operations should not affect project/system role caches
[22m[39mGoTrueClient@sb-bgxknceshxxifwytalex-auth-token:0 (2.93.3) 2026-02-02T15:20:06.661Z #_acquireLock begin [33m10000[39m
GoTrueClient@sb-bgxknceshxxifwytalex-auth-token:0 (2.93.3) 2026-02-02T15:20:06.661Z #_acquireLock lock acquired for storage key sb-bgxknceshxxifwytalex-auth-token
GoTrueClient@sb-bgxknceshxxifwytalex-auth-token:0 (2.93.3) 2026-02-02T15:20:06.661Z #_useSession begin
GoTrueClient@sb-bgxknceshxxifwytalex-auth-token:0 (2.93.3) 2026-02-02T15:20:06.661Z #__loadSession() begin

[90mstdout[2m | tests/property/scoped-roles-processing-efficiency.test.ts[2m > [22m[2mProperty 10: Scoped Roles Processing Efficiency[2m > [22m[2mProperty 10.6: Org role operations should not affect project/system role caches
[22m[39mGoTrueClient@sb-bgxknceshxxifwytalex-auth-token:0 (2.93.3) 2026-02-02T15:20:06.661Z #getSession() session from storage [1mnull[22m
GoTrueClient@sb-bgxknceshxxifwytalex-auth-token:0 (2.93.3) 2026-02-02T15:20:06.661Z #__loadSession() end

[90mstdout[2m | tests/property/scoped-roles-processing-efficiency.test.ts[2m > [22m[2mProperty 10: Scoped Roles Processing Efficiency[2m > [22m[2mProperty 10.6: Org role operations should not affect project/system role caches
[22m[39mGoTrueClient@sb-bgxknceshxxifwytalex-auth-token:0 (2.93.3) 2026-02-02T15:20:06.662Z #_useSession end

[90mstdout[2m | tests/property/scoped-roles-processing-efficiency.test.ts[2m > [22m[2mProperty 10: Scoped Roles Processing Efficiency[2m > [22m[2mProperty 10.6: Org role operations should not affect project/system role caches
[22m[39mGoTrueClient@sb-bgxknceshxxifwytalex-auth-token:0 (2.93.3) 2026-02-02T15:20:06.662Z #_acquireLock lock released for storage key sb-bgxknceshxxifwytalex-auth-token

[90mstdout[2m | tests/property/scoped-roles-processing-efficiency.test.ts[2m > [22m[2mProperty 10: Scoped Roles Processing Efficiency[2m > [22m[2mProperty 10.6: Org role operations should not affect project/system role caches
[22m[39mGoTrueClient@sb-bgxknceshxxifwytalex-auth-token:0 (2.93.3) 2026-02-02T15:20:06.662Z #_acquireLock end

[90mstdout[2m | tests/property/scoped-roles-processing-efficiency.test.ts[2m > [22m[2mProperty 10: Scoped Roles Processing Efficiency[2m > [22m[2mProperty 10.6: Org role operations should not affect project/system role caches
[22m[39mGoTrueClient@sb-bgxknceshxxifwytalex-auth-token:0 (2.93.3) 2026-02-02T15:20:06.663Z #_acquireLock begin [33m10000[39m
GoTrueClient@sb-bgxknceshxxifwytalex-auth-token:0 (2.93.3) 2026-02-02T15:20:06.663Z #_acquireLock lock acquired for storage key sb-bgxknceshxxifwytalex-auth-token
GoTrueClient@sb-bgxknceshxxifwytalex-auth-token:0 (2.93.3) 2026-02-02T15:20:06.663Z #_useSession begin
GoTrueClient@sb-bgxknceshxxifwytalex-auth-token:0 (2.93.3) 2026-02-02T15:20:06.663Z #__loadSession() begin

[90mstdout[2m | tests/property/scoped-roles-processing-efficiency.test.ts[2m > [22m[2mProperty 10: Scoped Roles Processing Efficiency[2m > [22m[2mProperty 10.6: Org role operations should not affect project/system role caches
[22m[39mGoTrueClient@sb-bgxknceshxxifwytalex-auth-token:0 (2.93.3) 2026-02-02T15:20:06.663Z #getSession() session from storage [1mnull[22m
GoTrueClient@sb-bgxknceshxxifwytalex-auth-token:0 (2.93.3) 2026-02-02T15:20:06.663Z #__loadSession() end

[90mstdout[2m | tests/property/scoped-roles-processing-efficiency.test.ts[2m > [22m[2mProperty 10: Scoped Roles Processing Efficiency[2m > [22m[2mProperty 10.6: Org role operations should not affect project/system role caches
[22m[39mGoTrueClient@sb-bgxknceshxxifwytalex-auth-token:0 (2.93.3) 2026-02-02T15:20:06.663Z #_useSession end

[90mstdout[2m | tests/property/scoped-roles-processing-efficiency.test.ts[2m > [22m[2mProperty 10: Scoped Roles Processing Efficiency[2m > [22m[2mProperty 10.6: Org role operations should not affect project/system role caches
[22m[39mGoTrueClient@sb-bgxknceshxxifwytalex-auth-token:0 (2.93.3) 2026-02-02T15:20:06.663Z #_acquireLock lock released for storage key sb-bgxknceshxxifwytalex-auth-token

[90mstdout[2m | tests/property/scoped-roles-processing-efficiency.test.ts[2m > [22m[2mProperty 10: Scoped Roles Processing Efficiency[2m > [22m[2mProperty 10.6: Org role operations should not affect project/system role caches
[22m[39mGoTrueClient@sb-bgxknceshxxifwytalex-auth-token:0 (2.93.3) 2026-02-02T15:20:06.663Z #_acquireLock end

stderr | tests/property/scoped-roles-processing-efficiency.test.ts > Property 10: Scoped Roles Processing Efficiency > Property 10.6: Org role operations should not affect project/system role caches
Error fetching project roles: {
  code: 'PGRST200',
  details: "Searched for a foreign key relationship between 'project_roles' and 'user_profiles' in the schema 'public', but no matches were found.",
  hint: null,
  message: "Could not find a relationship between 'project_roles' and 'user_profiles' in the schema cache"
}

[90mstdout[2m | tests/property/scoped-roles-processing-efficiency.test.ts[2m > [22m[2mProperty 10: Scoped Roles Processing Efficiency[2m > [22m[2mProperty 10.6: Org role operations should not affect project/system role caches
[22m[39mGoTrueClient@sb-bgxknceshxxifwytalex-auth-token:0 (2.93.3) 2026-02-02T15:20:06.670Z #_acquireLock begin [33m10000[39m
GoTrueClient@sb-bgxknceshxxifwytalex-auth-token:0 (2.93.3) 2026-02-02T15:20:06.670Z #_acquireLock lock acquired for storage key sb-bgxknceshxxifwytalex-auth-token
GoTrueClient@sb-bgxknceshxxifwytalex-auth-token:0 (2.93.3) 2026-02-02T15:20:06.670Z #_useSession begin
GoTrueClient@sb-bgxknceshxxifwytalex-auth-token:0 (2.93.3) 2026-02-02T15:20:06.670Z #__loadSession() begin

stderr | tests/property/scoped-roles-processing-efficiency.test.ts > Property 10: Scoped Roles Processing Efficiency > Property 10.6: Org role operations should not affect project/system role caches
Error fetching project roles: {
  code: 'PGRST200',
  details: "Searched for a foreign key relationship between 'project_roles' and 'user_profiles' in the schema 'public', but no matches were found.",
  hint: null,
  message: "Could not find a relationship between 'project_roles' and 'user_profiles' in the schema cache"
}

[90mstdout[2m | tests/property/scoped-roles-processing-efficiency.test.ts[2m > [22m[2mProperty 10: Scoped Roles Processing Efficiency[2m > [22m[2mProperty 10.6: Org role operations should not affect project/system role caches
[22m[39mGoTrueClient@sb-bgxknceshxxifwytalex-auth-token:0 (2.93.3) 2026-02-02T15:20:06.670Z #getSession() session from storage [1mnull[22m
GoTrueClient@sb-bgxknceshxxifwytalex-auth-token:0 (2.93.3) 2026-02-02T15:20:06.670Z #__loadSession() end

[90mstdout[2m | tests/property/scoped-roles-processing-efficiency.test.ts[2m > [22m[2mProperty 10: Scoped Roles Processing Efficiency[2m > [22m[2mProperty 10.6: Org role operations should not affect project/system role caches
[22m[39mGoTrueClient@sb-bgxknceshxxifwytalex-auth-token:0 (2.93.3) 2026-02-02T15:20:06.670Z #_useSession end

[90mstdout[2m | tests/property/scoped-roles-processing-efficiency.test.ts[2m > [22m[2mProperty 10: Scoped Roles Processing Efficiency[2m > [22m[2mProperty 10.6: Org role operations should not affect project/system role caches
[22m[39mGoTrueClient@sb-bgxknceshxxifwytalex-auth-token:0 (2.93.3) 2026-02-02T15:20:06.670Z #_acquireLock lock released for storage key sb-bgxknceshxxifwytalex-auth-token

[90mstdout[2m | tests/property/scoped-roles-processing-efficiency.test.ts[2m > [22m[2mProperty 10: Scoped Roles Processing Efficiency[2m > [22m[2mProperty 10.6: Org role operations should not affect project/system role caches
[22m[39mGoTrueClient@sb-bgxknceshxxifwytalex-auth-token:0 (2.93.3) 2026-02-02T15:20:06.670Z #_acquireLock end

[90mstdout[2m | tests/property/scoped-roles-processing-efficiency.test.ts[2m > [22m[2mProperty 10: Scoped Roles Processing Efficiency[2m > [22m[2mProperty 10.6: Org role operations should not affect project/system role caches
[22m[39mGoTrueClient@sb-bgxknceshxxifwytalex-auth-token:0 (2.93.3) 2026-02-02T15:20:06.672Z #_acquireLock begin [33m10000[39m
GoTrueClient@sb-bgxknceshxxifwytalex-auth-token:0 (2.93.3) 2026-02-02T15:20:06.672Z #_acquireLock lock acquired for storage key sb-bgxknceshxxifwytalex-auth-token
GoTrueClient@sb-bgxknceshxxifwytalex-auth-token:0 (2.93.3) 2026-02-02T15:20:06.672Z #_useSession begin
GoTrueClient@sb-bgxknceshxxifwytalex-auth-token:0 (2.93.3) 2026-02-02T15:20:06.672Z #__loadSession() begin

[90mstdout[2m | tests/property/scoped-roles-processing-efficiency.test.ts[2m > [22m[2mProperty 10: Scoped Roles Processing Efficiency[2m > [22m[2mProperty 10.6: Org role operations should not affect project/system role caches
[22m[39mGoTrueClient@sb-bgxknceshxxifwytalex-auth-token:0 (2.93.3) 2026-02-02T15:20:06.672Z #getSession() session from storage [1mnull[22m
GoTrueClient@sb-bgxknceshxxifwytalex-auth-token:0 (2.93.3) 2026-02-02T15:20:06.672Z #__loadSession() end

[90mstdout[2m | tests/property/scoped-roles-processing-efficiency.test.ts[2m > [22m[2mProperty 10: Scoped Roles Processing Efficiency[2m > [22m[2mProperty 10.6: Org role operations should not affect project/system role caches
[22m[39mGoTrueClient@sb-bgxknceshxxifwytalex-auth-token:0 (2.93.3) 2026-02-02T15:20:06.672Z #_useSession end

[90mstdout[2m | tests/property/scoped-roles-processing-efficiency.test.ts[2m > [22m[2mProperty 10: Scoped Roles Processing Efficiency[2m > [22m[2mProperty 10.6: Org role operations should not affect project/system role caches
[22m[39mGoTrueClient@sb-bgxknceshxxifwytalex-auth-token:0 (2.93.3) 2026-02-02T15:20:06.672Z #_acquireLock lock released for storage key sb-bgxknceshxxifwytalex-auth-token

[90mstdout[2m | tests/property/scoped-roles-processing-efficiency.test.ts[2m > [22m[2mProperty 10: Scoped Roles Processing Efficiency[2m > [22m[2mProperty 10.6: Org role operations should not affect project/system role caches
[22m[39mGoTrueClient@sb-bgxknceshxxifwytalex-auth-token:0 (2.93.3) 2026-02-02T15:20:06.673Z #_acquireLock end

stderr | tests/property/scoped-roles-processing-efficiency.test.ts > Property 10: Scoped Roles Processing Efficiency > Property 10.6: Org role operations should not affect project/system role caches
Error fetching org roles: {
  code: 'PGRST200',
  details: "Searched for a foreign key relationship between 'org_roles' and 'user_profiles' in the schema 'public', but no matches were found.",
  hint: null,
  message: "Could not find a relationship between 'org_roles' and 'user_profiles' in the schema cache"
}

[90mstdout[2m | tests/property/scoped-roles-processing-efficiency.test.ts[2m > [22m[2mProperty 10: Scoped Roles Processing Efficiency[2m > [22m[2mProperty 10.6: Org role operations should not affect project/system role caches
[22m[39mGoTrueClient@sb-bgxknceshxxifwytalex-auth-token:0 (2.93.3) 2026-02-02T15:20:06.674Z #_acquireLock begin [33m10000[39m
GoTrueClient@sb-bgxknceshxxifwytalex-auth-token:0 (2.93.3) 2026-02-02T15:20:06.674Z #_acquireLock lock acquired for storage key sb-bgxknceshxxifwytalex-auth-token
GoTrueClient@sb-bgxknceshxxifwytalex-auth-token:0 (2.93.3) 2026-02-02T15:20:06.674Z #_useSession begin
GoTrueClient@sb-bgxknceshxxifwytalex-auth-token:0 (2.93.3) 2026-02-02T15:20:06.674Z #__loadSession() begin

[90mstdout[2m | tests/property/scoped-roles-processing-efficiency.test.ts[2m > [22m[2mProperty 10: Scoped Roles Processing Efficiency[2m > [22m[2mProperty 10.6: Org role operations should not affect project/system role caches
[22m[39mGoTrueClient@sb-bgxknceshxxifwytalex-auth-token:0 (2.93.3) 2026-02-02T15:20:06.674Z #getSession() session from storage [1mnull[22m
GoTrueClient@sb-bgxknceshxxifwytalex-auth-token:0 (2.93.3) 2026-02-02T15:20:06.674Z #__loadSession() end

[90mstdout[2m | tests/property/scoped-roles-processing-efficiency.test.ts[2m > [22m[2mProperty 10: Scoped Roles Processing Efficiency[2m > [22m[2mProperty 10.6: Org role operations should not affect project/system role caches
[22m[39mGoTrueClient@sb-bgxknceshxxifwytalex-auth-token:0 (2.93.3) 2026-02-02T15:20:06.674Z #_useSession end

[90mstdout[2m | tests/property/scoped-roles-processing-efficiency.test.ts[2m > [22m[2mProperty 10: Scoped Roles Processing Efficiency[2m > [22m[2mProperty 10.6: Org role operations should not affect project/system role caches
[22m[39mGoTrueClient@sb-bgxknceshxxifwytalex-auth-token:0 (2.93.3) 2026-02-02T15:20:06.674Z #_acquireLock lock released for storage key sb-bgxknceshxxifwytalex-auth-token

[90mstdout[2m | tests/property/scoped-roles-processing-efficiency.test.ts[2m > [22m[2mProperty 10: Scoped Roles Processing Efficiency[2m > [22m[2mProperty 10.6: Org role operations should not affect project/system role caches
[22m[39mGoTrueClient@sb-bgxknceshxxifwytalex-auth-token:0 (2.93.3) 2026-02-02T15:20:06.674Z #_acquireLock end

stderr | tests/property/scoped-roles-processing-efficiency.test.ts > Property 10: Scoped Roles Processing Efficiency > Property 10.6: Org role operations should not affect project/system role caches
Error fetching org roles: {
  code: 'PGRST200',
  details: "Searched for a foreign key relationship between 'org_roles' and 'user_profiles' in the schema 'public', but no matches were found.",
  hint: null,
  message: "Could not find a relationship between 'org_roles' and 'user_profiles' in the schema cache"
}

[90mstdout[2m | tests/property/scoped-roles-processing-efficiency.test.ts[2m > [22m[2mProperty 10: Scoped Roles Processing Efficiency[2m > [22m[2mProperty 10.6: Org role operations should not affect project/system role caches
[22m[39mGoTrueClient@sb-bgxknceshxxifwytalex-auth-token:0 (2.93.3) 2026-02-02T15:20:06.869Z #_acquireLock begin [33m10000[39m
GoTrueClient@sb-bgxknceshxxifwytalex-auth-token:0 (2.93.3) 2026-02-02T15:20:06.869Z #_acquireLock lock acquired for storage key sb-bgxknceshxxifwytalex-auth-token
GoTrueClient@sb-bgxknceshxxifwytalex-auth-token:0 (2.93.3) 2026-02-02T15:20:06.869Z #_useSession begin
GoTrueClient@sb-bgxknceshxxifwytalex-auth-token:0 (2.93.3) 2026-02-02T15:20:06.869Z #__loadSession() begin

[90mstdout[2m | tests/property/scoped-roles-processing-efficiency.test.ts[2m > [22m[2mProperty 10: Scoped Roles Processing Efficiency[2m > [22m[2mProperty 10.6: Org role operations should not affect project/system role caches
[22m[39mGoTrueClient@sb-bgxknceshxxifwytalex-auth-token:0 (2.93.3) 2026-02-02T15:20:06.869Z #getSession() session from storage [1mnull[22m
GoTrueClient@sb-bgxknceshxxifwytalex-auth-token:0 (2.93.3) 2026-02-02T15:20:06.869Z #__loadSession() end

[90mstdout[2m | tests/property/scoped-roles-processing-efficiency.test.ts[2m > [22m[2mProperty 10: Scoped Roles Processing Efficiency[2m > [22m[2mProperty 10.6: Org role operations should not affect project/system role caches
[22m[39mGoTrueClient@sb-bgxknceshxxifwytalex-auth-token:0 (2.93.3) 2026-02-02T15:20:06.869Z #_useSession end

[90mstdout[2m | tests/property/scoped-roles-processing-efficiency.test.ts[2m > [22m[2mProperty 10: Scoped Roles Processing Efficiency[2m > [22m[2mProperty 10.6: Org role operations should not affect project/system role caches
[22m[39mGoTrueClient@sb-bgxknceshxxifwytalex-auth-token:0 (2.93.3) 2026-02-02T15:20:06.869Z #_acquireLock lock released for storage key sb-bgxknceshxxifwytalex-auth-token

[90mstdout[2m | tests/property/scoped-roles-processing-efficiency.test.ts[2m > [22m[2mProperty 10: Scoped Roles Processing Efficiency[2m > [22m[2mProperty 10.6: Org role operations should not affect project/system role caches
[22m[39mGoTrueClient@sb-bgxknceshxxifwytalex-auth-token:0 (2.93.3) 2026-02-02T15:20:06.869Z #_acquireLock end

stderr | tests/property/scoped-roles-processing-efficiency.test.ts > Property 10: Scoped Roles Processing Efficiency > Property 10.6: Org role operations should not affect project/system role caches
Error fetching project roles: {
  code: 'PGRST200',
  details: "Searched for a foreign key relationship between 'project_roles' and 'user_profiles' in the schema 'public', but no matches were found.",
  hint: null,
  message: "Could not find a relationship between 'project_roles' and 'user_profiles' in the schema cache"
}

[90mstdout[2m | tests/property/scoped-roles-processing-efficiency.test.ts[2m > [22m[2mProperty 10: Scoped Roles Processing Efficiency[2m > [22m[2mProperty 10.6: Org role operations should not affect project/system role caches
[22m[39mGoTrueClient@sb-bgxknceshxxifwytalex-auth-token:0 (2.93.3) 2026-02-02T15:20:06.886Z #_acquireLock begin [33m10000[39m
GoTrueClient@sb-bgxknceshxxifwytalex-auth-token:0 (2.93.3) 2026-02-02T15:20:06.886Z #_acquireLock lock acquired for storage key sb-bgxknceshxxifwytalex-auth-token
GoTrueClient@sb-bgxknceshxxifwytalex-auth-token:0 (2.93.3) 2026-02-02T15:20:06.886Z #_useSession begin
GoTrueClient@sb-bgxknceshxxifwytalex-auth-token:0 (2.93.3) 2026-02-02T15:20:06.886Z #__loadSession() begin

[90mstdout[2m | tests/property/scoped-roles-processing-efficiency.test.ts[2m > [22m[2mProperty 10: Scoped Roles Processing Efficiency[2m > [22m[2mProperty 10.6: Org role operations should not affect project/system role caches
[22m[39mGoTrueClient@sb-bgxknceshxxifwytalex-auth-token:0 (2.93.3) 2026-02-02T15:20:06.886Z #getSession() session from storage [1mnull[22m
GoTrueClient@sb-bgxknceshxxifwytalex-auth-token:0 (2.93.3) 2026-02-02T15:20:06.886Z #__loadSession() end

[90mstdout[2m | tests/property/scoped-roles-processing-efficiency.test.ts[2m > [22m[2mProperty 10: Scoped Roles Processing Efficiency[2m > [22m[2mProperty 10.6: Org role operations should not affect project/system role caches
[22m[39mGoTrueClient@sb-bgxknceshxxifwytalex-auth-token:0 (2.93.3) 2026-02-02T15:20:06.886Z #_useSession end

[90mstdout[2m | tests/property/scoped-roles-processing-efficiency.test.ts[2m > [22m[2mProperty 10: Scoped Roles Processing Efficiency[2m > [22m[2mProperty 10.6: Org role operations should not affect project/system role caches
[22m[39mGoTrueClient@sb-bgxknceshxxifwytalex-auth-token:0 (2.93.3) 2026-02-02T15:20:06.886Z #_acquireLock lock released for storage key sb-bgxknceshxxifwytalex-auth-token

[90mstdout[2m | tests/property/scoped-roles-processing-efficiency.test.ts[2m > [22m[2mProperty 10: Scoped Roles Processing Efficiency[2m > [22m[2mProperty 10.6: Org role operations should not affect project/system role caches
[22m[39mGoTrueClient@sb-bgxknceshxxifwytalex-auth-token:0 (2.93.3) 2026-02-02T15:20:06.886Z #_acquireLock end

stderr | tests/property/scoped-roles-processing-efficiency.test.ts > Property 10: Scoped Roles Processing Efficiency > Property 10.6: Org role operations should not affect project/system role caches
Error fetching org roles: {
  code: 'PGRST200',
  details: "Searched for a foreign key relationship between 'org_roles' and 'user_profiles' in the schema 'public', but no matches were found.",
  hint: null,
  message: "Could not find a relationship between 'org_roles' and 'user_profiles' in the schema cache"
}

[90mstdout[2m | tests/property/scoped-roles-processing-efficiency.test.ts[2m > [22m[2mProperty 10: Scoped Roles Processing Efficiency[2m > [22m[2mProperty 10.6: Org role operations should not affect project/system role caches
[22m[39mGoTrueClient@sb-bgxknceshxxifwytalex-auth-token:0 (2.93.3) 2026-02-02T15:20:06.899Z #_acquireLock begin [33m10000[39m
GoTrueClient@sb-bgxknceshxxifwytalex-auth-token:0 (2.93.3) 2026-02-02T15:20:06.899Z #_acquireLock lock acquired for storage key sb-bgxknceshxxifwytalex-auth-token
GoTrueClient@sb-bgxknceshxxifwytalex-auth-token:0 (2.93.3) 2026-02-02T15:20:06.899Z #_useSession begin
GoTrueClient@sb-bgxknceshxxifwytalex-auth-token:0 (2.93.3) 2026-02-02T15:20:06.899Z #__loadSession() begin

[90mstdout[2m | tests/property/scoped-roles-processing-efficiency.test.ts[2m > [22m[2mProperty 10: Scoped Roles Processing Efficiency[2m > [22m[2mProperty 10.6: Org role operations should not affect project/system role caches
[22m[39mGoTrueClient@sb-bgxknceshxxifwytalex-auth-token:0 (2.93.3) 2026-02-02T15:20:06.899Z #getSession() session from storage [1mnull[22m
GoTrueClient@sb-bgxknceshxxifwytalex-auth-token:0 (2.93.3) 2026-02-02T15:20:06.899Z #__loadSession() end

[90mstdout[2m | tests/property/scoped-roles-processing-efficiency.test.ts[2m > [22m[2mProperty 10: Scoped Roles Processing Efficiency[2m > [22m[2mProperty 10.6: Org role operations should not affect project/system role caches
[22m[39mGoTrueClient@sb-bgxknceshxxifwytalex-auth-token:0 (2.93.3) 2026-02-02T15:20:06.899Z #_useSession end

[90mstdout[2m | tests/property/scoped-roles-processing-efficiency.test.ts[2m > [22m[2mProperty 10: Scoped Roles Processing Efficiency[2m > [22m[2mProperty 10.6: Org role operations should not affect project/system role caches
[22m[39mGoTrueClient@sb-bgxknceshxxifwytalex-auth-token:0 (2.93.3) 2026-02-02T15:20:06.900Z #_acquireLock lock released for storage key sb-bgxknceshxxifwytalex-auth-token

[90mstdout[2m | tests/property/scoped-roles-processing-efficiency.test.ts[2m > [22m[2mProperty 10: Scoped Roles Processing Efficiency[2m > [22m[2mProperty 10.6: Org role operations should not affect project/system role caches
[22m[39mGoTrueClient@sb-bgxknceshxxifwytalex-auth-token:0 (2.93.3) 2026-02-02T15:20:06.900Z #_acquireLock end

stderr | tests/property/scoped-roles-processing-efficiency.test.ts > Property 10: Scoped Roles Processing Efficiency > Property 10.6: Org role operations should not affect project/system role caches
Error fetching org roles: {
  code: 'PGRST200',
  details: "Searched for a foreign key relationship between 'org_roles' and 'user_profiles' in the schema 'public', but no matches were found.",
  hint: null,
  message: "Could not find a relationship between 'org_roles' and 'user_profiles' in the schema cache"
}

[90mstdout[2m | tests/property/scoped-roles-processing-efficiency.test.ts[2m > [22m[2mProperty 10: Scoped Roles Processing Efficiency[2m > [22m[2mProperty 10.6: Org role operations should not affect project/system role caches
[22m[39mGoTrueClient@sb-bgxknceshxxifwytalex-auth-token:0 (2.93.3) 2026-02-02T15:20:06.903Z #_acquireLock begin [33m10000[39m
GoTrueClient@sb-bgxknceshxxifwytalex-auth-token:0 (2.93.3) 2026-02-02T15:20:06.903Z #_acquireLock lock acquired for storage key sb-bgxknceshxxifwytalex-auth-token
GoTrueClient@sb-bgxknceshxxifwytalex-auth-token:0 (2.93.3) 2026-02-02T15:20:06.903Z #_useSession begin
GoTrueClient@sb-bgxknceshxxifwytalex-auth-token:0 (2.93.3) 2026-02-02T15:20:06.903Z #__loadSession() begin

[90mstdout[2m | tests/property/scoped-roles-processing-efficiency.test.ts[2m > [22m[2mProperty 10: Scoped Roles Processing Efficiency[2m > [22m[2mProperty 10.6: Org role operations should not affect project/system role caches
[22m[39mGoTrueClient@sb-bgxknceshxxifwytalex-auth-token:0 (2.93.3) 2026-02-02T15:20:06.904Z #getSession() session from storage [1mnull[22m
GoTrueClient@sb-bgxknceshxxifwytalex-auth-token:0 (2.93.3) 2026-02-02T15:20:06.904Z #__loadSession() end

[90mstdout[2m | tests/property/scoped-roles-processing-efficiency.test.ts[2m > [22m[2mProperty 10: Scoped Roles Processing Efficiency[2m > [22m[2mProperty 10.6: Org role operations should not affect project/system role caches
[22m[39mGoTrueClient@sb-bgxknceshxxifwytalex-auth-token:0 (2.93.3) 2026-02-02T15:20:06.904Z #_useSession end

[90mstdout[2m | tests/property/scoped-roles-processing-efficiency.test.ts[2m > [22m[2mProperty 10: Scoped Roles Processing Efficiency[2m > [22m[2mProperty 10.6: Org role operations should not affect project/system role caches
[22m[39mGoTrueClient@sb-bgxknceshxxifwytalex-auth-token:0 (2.93.3) 2026-02-02T15:20:06.904Z #_acquireLock lock released for storage key sb-bgxknceshxxifwytalex-auth-token

[90mstdout[2m | tests/property/scoped-roles-processing-efficiency.test.ts[2m > [22m[2mProperty 10: Scoped Roles Processing Efficiency[2m > [22m[2mProperty 10.6: Org role operations should not affect project/system role caches
[22m[39mGoTrueClient@sb-bgxknceshxxifwytalex-auth-token:0 (2.93.3) 2026-02-02T15:20:06.904Z #_acquireLock end

[90mstdout[2m | tests/property/scoped-roles-processing-efficiency.test.ts[2m > [22m[2mProperty 10: Scoped Roles Processing Efficiency[2m > [22m[2mProperty 10.6: Org role operations should not affect project/system role caches
[22m[39mGoTrueClient@sb-bgxknceshxxifwytalex-auth-token:0 (2.93.3) 2026-02-02T15:20:07.025Z #_acquireLock begin [33m10000[39m
GoTrueClient@sb-bgxknceshxxifwytalex-auth-token:0 (2.93.3) 2026-02-02T15:20:07.025Z #_acquireLock lock acquired for storage key sb-bgxknceshxxifwytalex-auth-token
GoTrueClient@sb-bgxknceshxxifwytalex-auth-token:0 (2.93.3) 2026-02-02T15:20:07.025Z #_useSession begin
GoTrueClient@sb-bgxknceshxxifwytalex-auth-token:0 (2.93.3) 2026-02-02T15:20:07.025Z #__loadSession() begin

[90mstdout[2m | tests/property/scoped-roles-processing-efficiency.test.ts[2m > [22m[2mProperty 10: Scoped Roles Processing Efficiency[2m > [22m[2mProperty 10.6: Org role operations should not affect project/system role caches
[22m[39mGoTrueClient@sb-bgxknceshxxifwytalex-auth-token:0 (2.93.3) 2026-02-02T15:20:07.026Z #getSession() session from storage [1mnull[22m
GoTrueClient@sb-bgxknceshxxifwytalex-auth-token:0 (2.93.3) 2026-02-02T15:20:07.026Z #__loadSession() end

[90mstdout[2m | tests/property/scoped-roles-processing-efficiency.test.ts[2m > [22m[2mProperty 10: Scoped Roles Processing Efficiency[2m > [22m[2mProperty 10.6: Org role operations should not affect project/system role caches
[22m[39mGoTrueClient@sb-bgxknceshxxifwytalex-auth-token:0 (2.93.3) 2026-02-02T15:20:07.026Z #_useSession end

[90mstdout[2m | tests/property/scoped-roles-processing-efficiency.test.ts[2m > [22m[2mProperty 10: Scoped Roles Processing Efficiency[2m > [22m[2mProperty 10.6: Org role operations should not affect project/system role caches
[22m[39mGoTrueClient@sb-bgxknceshxxifwytalex-auth-token:0 (2.93.3) 2026-02-02T15:20:07.026Z #_acquireLock lock released for storage key sb-bgxknceshxxifwytalex-auth-token

[90mstdout[2m | tests/property/scoped-roles-processing-efficiency.test.ts[2m > [22m[2mProperty 10: Scoped Roles Processing Efficiency[2m > [22m[2mProperty 10.6: Org role operations should not affect project/system role caches
[22m[39mGoTrueClient@sb-bgxknceshxxifwytalex-auth-token:0 (2.93.3) 2026-02-02T15:20:07.026Z #_acquireLock end

stderr | tests/property/scoped-roles-processing-efficiency.test.ts > Property 10: Scoped Roles Processing Efficiency > Property 10.6: Org role operations should not affect project/system role caches
Error fetching project roles: {
  code: 'PGRST200',
  details: "Searched for a foreign key relationship between 'project_roles' and 'user_profiles' in the schema 'public', but no matches were found.",
  hint: null,
  message: "Could not find a relationship between 'project_roles' and 'user_profiles' in the schema cache"
}

[90mstdout[2m | tests/property/scoped-roles-processing-efficiency.test.ts[2m > [22m[2mProperty 10: Scoped Roles Processing Efficiency[2m > [22m[2mProperty 10.6: Org role operations should not affect project/system role caches
[22m[39mGoTrueClient@sb-bgxknceshxxifwytalex-auth-token:0 (2.93.3) 2026-02-02T15:20:07.064Z #_acquireLock begin [33m10000[39m
GoTrueClient@sb-bgxknceshxxifwytalex-auth-token:0 (2.93.3) 2026-02-02T15:20:07.064Z #_acquireLock lock acquired for storage key sb-bgxknceshxxifwytalex-auth-token
GoTrueClient@sb-bgxknceshxxifwytalex-auth-token:0 (2.93.3) 2026-02-02T15:20:07.064Z #_useSession begin
GoTrueClient@sb-bgxknceshxxifwytalex-auth-token:0 (2.93.3) 2026-02-02T15:20:07.064Z #__loadSession() begin

[90mstdout[2m | tests/property/scoped-roles-processing-efficiency.test.ts[2m > [22m[2mProperty 10: Scoped Roles Processing Efficiency[2m > [22m[2mProperty 10.6: Org role operations should not affect project/system role caches
[22m[39mGoTrueClient@sb-bgxknceshxxifwytalex-auth-token:0 (2.93.3) 2026-02-02T15:20:07.064Z #getSession() session from storage [1mnull[22m
GoTrueClient@sb-bgxknceshxxifwytalex-auth-token:0 (2.93.3) 2026-02-02T15:20:07.064Z #__loadSession() end

[90mstdout[2m | tests/property/scoped-roles-processing-efficiency.test.ts[2m > [22m[2mProperty 10: Scoped Roles Processing Efficiency[2m > [22m[2mProperty 10.6: Org role operations should not affect project/system role caches
[22m[39mGoTrueClient@sb-bgxknceshxxifwytalex-auth-token:0 (2.93.3) 2026-02-02T15:20:07.064Z #_useSession end

[90mstdout[2m | tests/property/scoped-roles-processing-efficiency.test.ts[2m > [22m[2mProperty 10: Scoped Roles Processing Efficiency[2m > [22m[2mProperty 10.6: Org role operations should not affect project/system role caches
[22m[39mGoTrueClient@sb-bgxknceshxxifwytalex-auth-token:0 (2.93.3) 2026-02-02T15:20:07.064Z #_acquireLock lock released for storage key sb-bgxknceshxxifwytalex-auth-token

[90mstdout[2m | tests/property/scoped-roles-processing-efficiency.test.ts[2m > [22m[2mProperty 10: Scoped Roles Processing Efficiency[2m > [22m[2mProperty 10.6: Org role operations should not affect project/system role caches
[22m[39mGoTrueClient@sb-bgxknceshxxifwytalex-auth-token:0 (2.93.3) 2026-02-02T15:20:07.064Z #_acquireLock end

stderr | tests/property/scoped-roles-processing-efficiency.test.ts > Property 10: Scoped Roles Processing Efficiency > Property 10.6: Org role operations should not affect project/system role caches
Error fetching project roles: {
  code: 'PGRST200',
  details: "Searched for a foreign key relationship between 'project_roles' and 'user_profiles' in the schema 'public', but no matches were found.",
  hint: null,
  message: "Could not find a relationship between 'project_roles' and 'user_profiles' in the schema cache"
}

[90mstdout[2m | tests/property/scoped-roles-processing-efficiency.test.ts[2m > [22m[2mProperty 10: Scoped Roles Processing Efficiency[2m > [22m[2mProperty 10.6: Org role operations should not affect project/system role caches
[22m[39mGoTrueClient@sb-bgxknceshxxifwytalex-auth-token:0 (2.93.3) 2026-02-02T15:20:07.098Z #_acquireLock begin [33m10000[39m
GoTrueClient@sb-bgxknceshxxifwytalex-auth-token:0 (2.93.3) 2026-02-02T15:20:07.098Z #_acquireLock lock acquired for storage key sb-bgxknceshxxifwytalex-auth-token
GoTrueClient@sb-bgxknceshxxifwytalex-auth-token:0 (2.93.3) 2026-02-02T15:20:07.098Z #_useSession begin
GoTrueClient@sb-bgxknceshxxifwytalex-auth-token:0 (2.93.3) 2026-02-02T15:20:07.098Z #__loadSession() begin

[90mstdout[2m | tests/property/scoped-roles-processing-efficiency.test.ts[2m > [22m[2mProperty 10: Scoped Roles Processing Efficiency[2m > [22m[2mProperty 10.6: Org role operations should not affect project/system role caches
[22m[39mGoTrueClient@sb-bgxknceshxxifwytalex-auth-token:0 (2.93.3) 2026-02-02T15:20:07.098Z #getSession() session from storage [1mnull[22m
GoTrueClient@sb-bgxknceshxxifwytalex-auth-token:0 (2.93.3) 2026-02-02T15:20:07.098Z #__loadSession() end

[90mstdout[2m | tests/property/scoped-roles-processing-efficiency.test.ts[2m > [22m[2mProperty 10: Scoped Roles Processing Efficiency[2m > [22m[2mProperty 10.6: Org role operations should not affect project/system role caches
[22m[39mGoTrueClient@sb-bgxknceshxxifwytalex-auth-token:0 (2.93.3) 2026-02-02T15:20:07.098Z #_useSession end

[90mstdout[2m | tests/property/scoped-roles-processing-efficiency.test.ts[2m > [22m[2mProperty 10: Scoped Roles Processing Efficiency[2m > [22m[2mProperty 10.6: Org role operations should not affect project/system role caches
[22m[39mGoTrueClient@sb-bgxknceshxxifwytalex-auth-token:0 (2.93.3) 2026-02-02T15:20:07.098Z #_acquireLock lock released for storage key sb-bgxknceshxxifwytalex-auth-token

[90mstdout[2m | tests/property/scoped-roles-processing-efficiency.test.ts[2m > [22m[2mProperty 10: Scoped Roles Processing Efficiency[2m > [22m[2mProperty 10.6: Org role operations should not affect project/system role caches
[22m[39mGoTrueClient@sb-bgxknceshxxifwytalex-auth-token:0 (2.93.3) 2026-02-02T15:20:07.098Z #_acquireLock end

stderr | tests/property/scoped-roles-processing-efficiency.test.ts > Property 10: Scoped Roles Processing Efficiency > Property 10.6: Org role operations should not affect project/system role caches
Error fetching project roles: {
  code: 'PGRST200',
  details: "Searched for a foreign key relationship between 'project_roles' and 'user_profiles' in the schema 'public', but no matches were found.",
  hint: null,
  message: "Could not find a relationship between 'project_roles' and 'user_profiles' in the schema cache"
}

[90mstdout[2m | tests/property/scoped-roles-processing-efficiency.test.ts[2m > [22m[2mProperty 10: Scoped Roles Processing Efficiency[2m > [22m[2mProperty 10.6: Org role operations should not affect project/system role caches
[22m[39mGoTrueClient@sb-bgxknceshxxifwytalex-auth-token:0 (2.93.3) 2026-02-02T15:20:07.107Z #_acquireLock begin [33m10000[39m
GoTrueClient@sb-bgxknceshxxifwytalex-auth-token:0 (2.93.3) 2026-02-02T15:20:07.107Z #_acquireLock lock acquired for storage key sb-bgxknceshxxifwytalex-auth-token
GoTrueClient@sb-bgxknceshxxifwytalex-auth-token:0 (2.93.3) 2026-02-02T15:20:07.107Z #_useSession begin
GoTrueClient@sb-bgxknceshxxifwytalex-auth-token:0 (2.93.3) 2026-02-02T15:20:07.107Z #__loadSession() begin

[90mstdout[2m | tests/property/scoped-roles-processing-efficiency.test.ts[2m > [22m[2mProperty 10: Scoped Roles Processing Efficiency[2m > [22m[2mProperty 10.6: Org role operations should not affect project/system role caches
[22m[39mGoTrueClient@sb-bgxknceshxxifwytalex-auth-token:0 (2.93.3) 2026-02-02T15:20:07.107Z #getSession() session from storage [1mnull[22m
GoTrueClient@sb-bgxknceshxxifwytalex-auth-token:0 (2.93.3) 2026-02-02T15:20:07.107Z #__loadSession() end

[90mstdout[2m | tests/property/scoped-roles-processing-efficiency.test.ts[2m > [22m[2mProperty 10: Scoped Roles Processing Efficiency[2m > [22m[2mProperty 10.6: Org role operations should not affect project/system role caches
[22m[39mGoTrueClient@sb-bgxknceshxxifwytalex-auth-token:0 (2.93.3) 2026-02-02T15:20:07.107Z #_useSession end

[90mstdout[2m | tests/property/scoped-roles-processing-efficiency.test.ts[2m > [22m[2mProperty 10: Scoped Roles Processing Efficiency[2m > [22m[2mProperty 10.6: Org role operations should not affect project/system role caches
[22m[39mGoTrueClient@sb-bgxknceshxxifwytalex-auth-token:0 (2.93.3) 2026-02-02T15:20:07.107Z #_acquireLock lock released for storage key sb-bgxknceshxxifwytalex-auth-token

[90mstdout[2m | tests/property/scoped-roles-processing-efficiency.test.ts[2m > [22m[2mProperty 10: Scoped Roles Processing Efficiency[2m > [22m[2mProperty 10.6: Org role operations should not affect project/system role caches
[22m[39mGoTrueClient@sb-bgxknceshxxifwytalex-auth-token:0 (2.93.3) 2026-02-02T15:20:07.107Z #_acquireLock end

stderr | tests/property/scoped-roles-processing-efficiency.test.ts > Property 10: Scoped Roles Processing Efficiency > Property 10.6: Org role operations should not affect project/system role caches
Error fetching org roles: {
  code: 'PGRST200',
  details: "Searched for a foreign key relationship between 'org_roles' and 'user_profiles' in the schema 'public', but no matches were found.",
  hint: null,
  message: "Could not find a relationship between 'org_roles' and 'user_profiles' in the schema cache"
}

[90mstdout[2m | tests/property/scoped-roles-processing-efficiency.test.ts[2m > [22m[2mProperty 10: Scoped Roles Processing Efficiency[2m > [22m[2mProperty 10.6: Org role operations should not affect project/system role caches
[22m[39mGoTrueClient@sb-bgxknceshxxifwytalex-auth-token:0 (2.93.3) 2026-02-02T15:20:07.132Z #_acquireLock begin [33m10000[39m
GoTrueClient@sb-bgxknceshxxifwytalex-auth-token:0 (2.93.3) 2026-02-02T15:20:07.132Z #_acquireLock lock acquired for storage key sb-bgxknceshxxifwytalex-auth-token
GoTrueClient@sb-bgxknceshxxifwytalex-auth-token:0 (2.93.3) 2026-02-02T15:20:07.132Z #_useSession begin
GoTrueClient@sb-bgxknceshxxifwytalex-auth-token:0 (2.93.3) 2026-02-02T15:20:07.132Z #__loadSession() begin

[90mstdout[2m | tests/property/scoped-roles-processing-efficiency.test.ts[2m > [22m[2mProperty 10: Scoped Roles Processing Efficiency[2m > [22m[2mProperty 10.6: Org role operations should not affect project/system role caches
[22m[39mGoTrueClient@sb-bgxknceshxxifwytalex-auth-token:0 (2.93.3) 2026-02-02T15:20:07.132Z #getSession() session from storage [1mnull[22m
GoTrueClient@sb-bgxknceshxxifwytalex-auth-token:0 (2.93.3) 2026-02-02T15:20:07.132Z #__loadSession() end

[90mstdout[2m | tests/property/scoped-roles-processing-efficiency.test.ts[2m > [22m[2mProperty 10: Scoped Roles Processing Efficiency[2m > [22m[2mProperty 10.6: Org role operations should not affect project/system role caches
[22m[39mGoTrueClient@sb-bgxknceshxxifwytalex-auth-token:0 (2.93.3) 2026-02-02T15:20:07.132Z #_useSession end

[90mstdout[2m | tests/property/scoped-roles-processing-efficiency.test.ts[2m > [22m[2mProperty 10: Scoped Roles Processing Efficiency[2m > [22m[2mProperty 10.6: Org role operations should not affect project/system role caches
[22m[39mGoTrueClient@sb-bgxknceshxxifwytalex-auth-token:0 (2.93.3) 2026-02-02T15:20:07.132Z #_acquireLock lock released for storage key sb-bgxknceshxxifwytalex-auth-token

[90mstdout[2m | tests/property/scoped-roles-processing-efficiency.test.ts[2m > [22m[2mProperty 10: Scoped Roles Processing Efficiency[2m > [22m[2mProperty 10.6: Org role operations should not affect project/system role caches
[22m[39mGoTrueClient@sb-bgxknceshxxifwytalex-auth-token:0 (2.93.3) 2026-02-02T15:20:07.133Z #_acquireLock end

[90mstdout[2m | tests/property/scoped-roles-processing-efficiency.test.ts[2m > [22m[2mProperty 10: Scoped Roles Processing Efficiency[2m > [22m[2mProperty 10.6: Org role operations should not affect project/system role caches
[22m[39mGoTrueClient@sb-bgxknceshxxifwytalex-auth-token:0 (2.93.3) 2026-02-02T15:20:07.229Z #_acquireLock begin [33m10000[39m
GoTrueClient@sb-bgxknceshxxifwytalex-auth-token:0 (2.93.3) 2026-02-02T15:20:07.229Z #_acquireLock lock acquired for storage key sb-bgxknceshxxifwytalex-auth-token
GoTrueClient@sb-bgxknceshxxifwytalex-auth-token:0 (2.93.3) 2026-02-02T15:20:07.229Z #_useSession begin
GoTrueClient@sb-bgxknceshxxifwytalex-auth-token:0 (2.93.3) 2026-02-02T15:20:07.229Z #__loadSession() begin

[90mstdout[2m | tests/property/scoped-roles-processing-efficiency.test.ts[2m > [22m[2mProperty 10: Scoped Roles Processing Efficiency[2m > [22m[2mProperty 10.6: Org role operations should not affect project/system role caches
[22m[39mGoTrueClient@sb-bgxknceshxxifwytalex-auth-token:0 (2.93.3) 2026-02-02T15:20:07.230Z #getSession() session from storage [1mnull[22m
GoTrueClient@sb-bgxknceshxxifwytalex-auth-token:0 (2.93.3) 2026-02-02T15:20:07.230Z #__loadSession() end

[90mstdout[2m | tests/property/scoped-roles-processing-efficiency.test.ts[2m > [22m[2mProperty 10: Scoped Roles Processing Efficiency[2m > [22m[2mProperty 10.6: Org role operations should not affect project/system role caches
[22m[39mGoTrueClient@sb-bgxknceshxxifwytalex-auth-token:0 (2.93.3) 2026-02-02T15:20:07.230Z #_useSession end

[90mstdout[2m | tests/property/scoped-roles-processing-efficiency.test.ts[2m > [22m[2mProperty 10: Scoped Roles Processing Efficiency[2m > [22m[2mProperty 10.6: Org role operations should not affect project/system role caches
[22m[39mGoTrueClient@sb-bgxknceshxxifwytalex-auth-token:0 (2.93.3) 2026-02-02T15:20:07.230Z #_acquireLock lock released for storage key sb-bgxknceshxxifwytalex-auth-token

[90mstdout[2m | tests/property/scoped-roles-processing-efficiency.test.ts[2m > [22m[2mProperty 10: Scoped Roles Processing Efficiency[2m > [22m[2mProperty 10.6: Org role operations should not affect project/system role caches
[22m[39mGoTrueClient@sb-bgxknceshxxifwytalex-auth-token:0 (2.93.3) 2026-02-02T15:20:07.230Z #_acquireLock end

[90mstdout[2m | tests/property/scoped-roles-processing-efficiency.test.ts[2m > [22m[2mProperty 10: Scoped Roles Processing Efficiency[2m > [22m[2mProperty 10.6: Org role operations should not affect project/system role caches
[22m[39mGoTrueClient@sb-bgxknceshxxifwytalex-auth-token:0 (2.93.3) 2026-02-02T15:20:07.267Z #_acquireLock begin [33m10000[39m
GoTrueClient@sb-bgxknceshxxifwytalex-auth-token:0 (2.93.3) 2026-02-02T15:20:07.267Z #_acquireLock lock acquired for storage key sb-bgxknceshxxifwytalex-auth-token
GoTrueClient@sb-bgxknceshxxifwytalex-auth-token:0 (2.93.3) 2026-02-02T15:20:07.267Z #_useSession begin
GoTrueClient@sb-bgxknceshxxifwytalex-auth-token:0 (2.93.3) 2026-02-02T15:20:07.267Z #__loadSession() begin

[90mstdout[2m | tests/property/scoped-roles-processing-efficiency.test.ts[2m > [22m[2mProperty 10: Scoped Roles Processing Efficiency[2m > [22m[2mProperty 10.6: Org role operations should not affect project/system role caches
[22m[39mGoTrueClient@sb-bgxknceshxxifwytalex-auth-token:0 (2.93.3) 2026-02-02T15:20:07.268Z #getSession() session from storage [1mnull[22m
GoTrueClient@sb-bgxknceshxxifwytalex-auth-token:0 (2.93.3) 2026-02-02T15:20:07.268Z #__loadSession() end

[90mstdout[2m | tests/property/scoped-roles-processing-efficiency.test.ts[2m > [22m[2mProperty 10: Scoped Roles Processing Efficiency[2m > [22m[2mProperty 10.6: Org role operations should not affect project/system role caches
[22m[39mGoTrueClient@sb-bgxknceshxxifwytalex-auth-token:0 (2.93.3) 2026-02-02T15:20:07.268Z #_useSession end

[90mstdout[2m | tests/property/scoped-roles-processing-efficiency.test.ts[2m > [22m[2mProperty 10: Scoped Roles Processing Efficiency[2m > [22m[2mProperty 10.6: Org role operations should not affect project/system role caches
[22m[39mGoTrueClient@sb-bgxknceshxxifwytalex-auth-token:0 (2.93.3) 2026-02-02T15:20:07.268Z #_acquireLock lock released for storage key sb-bgxknceshxxifwytalex-auth-token

[90mstdout[2m | tests/property/scoped-roles-processing-efficiency.test.ts[2m > [22m[2mProperty 10: Scoped Roles Processing Efficiency[2m > [22m[2mProperty 10.6: Org role operations should not affect project/system role caches
[22m[39mGoTrueClient@sb-bgxknceshxxifwytalex-auth-token:0 (2.93.3) 2026-02-02T15:20:07.268Z #_acquireLock end

stderr | tests/property/scoped-roles-processing-efficiency.test.ts > Property 10: Scoped Roles Processing Efficiency > Property 10.6: Org role operations should not affect project/system role caches
Error fetching project roles: {
  code: 'PGRST200',
  details: "Searched for a foreign key relationship between 'project_roles' and 'user_profiles' in the schema 'public', but no matches were found.",
  hint: null,
  message: "Could not find a relationship between 'project_roles' and 'user_profiles' in the schema cache"
}
[90mstdout[2m | tests/property/scoped-roles-processing-efficiency.test.ts[2m > [22m[2mProperty 10: Scoped Roles Processing Efficiency[2m > [22m[2mProperty 10.6: Org role operations should not affect project/system role caches
[22m[39mGoTrueClient@sb-bgxknceshxxifwytalex-auth-token:0 (2.93.3) 2026-02-02T15:20:07.301Z #_acquireLock begin [33m10000[39m
GoTrueClient@sb-bgxknceshxxifwytalex-auth-token:0 (2.93.3) 2026-02-02T15:20:07.301Z #_acquireLock lock acquired for storage key sb-bgxknceshxxifwytalex-auth-token
GoTrueClient@sb-bgxknceshxxifwytalex-auth-token:0 (2.93.3) 2026-02-02T15:20:07.301Z #_useSession begin
GoTrueClient@sb-bgxknceshxxifwytalex-auth-token:0 (2.93.3) 2026-02-02T15:20:07.301Z #__loadSession() begin


[90mstdout[2m | tests/property/scoped-roles-processing-efficiency.test.ts[2m > [22m[2mProperty 10: Scoped Roles Processing Efficiency[2m > [22m[2mProperty 10.6: Org role operations should not affect project/system role caches
[22m[39mGoTrueClient@sb-bgxknceshxxifwytalex-auth-token:0 (2.93.3) 2026-02-02T15:20:07.301Z #getSession() session from storage [1mnull[22m
GoTrueClient@sb-bgxknceshxxifwytalex-auth-token:0 (2.93.3) 2026-02-02T15:20:07.301Z #__loadSession() end

[90mstdout[2m | tests/property/scoped-roles-processing-efficiency.test.ts[2m > [22m[2mProperty 10: Scoped Roles Processing Efficiency[2m > [22m[2mProperty 10.6: Org role operations should not affect project/system role caches
[22m[39mGoTrueClient@sb-bgxknceshxxifwytalex-auth-token:0 (2.93.3) 2026-02-02T15:20:07.301Z #_useSession end

[90mstdout[2m | tests/property/scoped-roles-processing-efficiency.test.ts[2m > [22m[2mProperty 10: Scoped Roles Processing Efficiency[2m > [22m[2mProperty 10.6: Org role operations should not affect project/system role caches
[22m[39mGoTrueClient@sb-bgxknceshxxifwytalex-auth-token:0 (2.93.3) 2026-02-02T15:20:07.302Z #_acquireLock lock released for storage key sb-bgxknceshxxifwytalex-auth-token

[90mstdout[2m | tests/property/scoped-roles-processing-efficiency.test.ts[2m > [22m[2mProperty 10: Scoped Roles Processing Efficiency[2m > [22m[2mProperty 10.6: Org role operations should not affect project/system role caches
[22m[39mGoTrueClient@sb-bgxknceshxxifwytalex-auth-token:0 (2.93.3) 2026-02-02T15:20:07.302Z #_acquireLock end

[90mstdout[2m | tests/property/scoped-roles-processing-efficiency.test.ts[2m > [22m[2mProperty 10: Scoped Roles Processing Efficiency[2m > [22m[2mProperty 10.6: Org role operations should not affect project/system role caches
[22m[39mGoTrueClient@sb-bgxknceshxxifwytalex-auth-token:0 (2.93.3) 2026-02-02T15:20:07.314Z #_acquireLock begin [33m10000[39m
GoTrueClient@sb-bgxknceshxxifwytalex-auth-token:0 (2.93.3) 2026-02-02T15:20:07.314Z #_acquireLock lock acquired for storage key sb-bgxknceshxxifwytalex-auth-token
GoTrueClient@sb-bgxknceshxxifwytalex-auth-token:0 (2.93.3) 2026-02-02T15:20:07.314Z #_useSession begin
GoTrueClient@sb-bgxknceshxxifwytalex-auth-token:0 (2.93.3) 2026-02-02T15:20:07.314Z #__loadSession() begin

[90mstdout[2m | tests/property/scoped-roles-processing-efficiency.test.ts[2m > [22m[2mProperty 10: Scoped Roles Processing Efficiency[2m > [22m[2mProperty 10.6: Org role operations should not affect project/system role caches
[22m[39mGoTrueClient@sb-bgxknceshxxifwytalex-auth-token:0 (2.93.3) 2026-02-02T15:20:07.315Z #getSession() session from storage [1mnull[22m
GoTrueClient@sb-bgxknceshxxifwytalex-auth-token:0 (2.93.3) 2026-02-02T15:20:07.315Z #__loadSession() end

[90mstdout[2m | tests/property/scoped-roles-processing-efficiency.test.ts[2m > [22m[2mProperty 10: Scoped Roles Processing Efficiency[2m > [22m[2mProperty 10.6: Org role operations should not affect project/system role caches
[22m[39mGoTrueClient@sb-bgxknceshxxifwytalex-auth-token:0 (2.93.3) 2026-02-02T15:20:07.315Z #_useSession end

[90mstdout[2m | tests/property/scoped-roles-processing-efficiency.test.ts[2m > [22m[2mProperty 10: Scoped Roles Processing Efficiency[2m > [22m[2mProperty 10.6: Org role operations should not affect project/system role caches
[22m[39mGoTrueClient@sb-bgxknceshxxifwytalex-auth-token:0 (2.93.3) 2026-02-02T15:20:07.315Z #_acquireLock lock released for storage key sb-bgxknceshxxifwytalex-auth-token

[90mstdout[2m | tests/property/scoped-roles-processing-efficiency.test.ts[2m > [22m[2mProperty 10: Scoped Roles Processing Efficiency[2m > [22m[2mProperty 10.6: Org role operations should not affect project/system role caches
[22m[39mGoTrueClient@sb-bgxknceshxxifwytalex-auth-token:0 (2.93.3) 2026-02-02T15:20:07.315Z #_acquireLock end

stderr | tests/property/scoped-roles-processing-efficiency.test.ts > Property 10: Scoped Roles Processing Efficiency > Property 10.6: Org role operations should not affect project/system role caches
Error fetching org roles: {
  code: 'PGRST200',
  details: "Searched for a foreign key relationship between 'org_roles' and 'user_profiles' in the schema 'public', but no matches were found.",
  hint: null,
  message: "Could not find a relationship between 'org_roles' and 'user_profiles' in the schema cache"
}

[90mstdout[2m | tests/property/scoped-roles-processing-efficiency.test.ts[2m > [22m[2mProperty 10: Scoped Roles Processing Efficiency[2m > [22m[2mProperty 10.6: Org role operations should not affect project/system role caches
[22m[39mGoTrueClient@sb-bgxknceshxxifwytalex-auth-token:0 (2.93.3) 2026-02-02T15:20:07.339Z #_acquireLock begin [33m10000[39m
GoTrueClient@sb-bgxknceshxxifwytalex-auth-token:0 (2.93.3) 2026-02-02T15:20:07.339Z #_acquireLock lock acquired for storage key sb-bgxknceshxxifwytalex-auth-token
GoTrueClient@sb-bgxknceshxxifwytalex-auth-token:0 (2.93.3) 2026-02-02T15:20:07.339Z #_useSession begin
GoTrueClient@sb-bgxknceshxxifwytalex-auth-token:0 (2.93.3) 2026-02-02T15:20:07.339Z #__loadSession() begin

[90mstdout[2m | tests/property/scoped-roles-processing-efficiency.test.ts[2m > [22m[2mProperty 10: Scoped Roles Processing Efficiency[2m > [22m[2mProperty 10.6: Org role operations should not affect project/system role caches
[22m[39mGoTrueClient@sb-bgxknceshxxifwytalex-auth-token:0 (2.93.3) 2026-02-02T15:20:07.339Z #getSession() session from storage [1mnull[22m
GoTrueClient@sb-bgxknceshxxifwytalex-auth-token:0 (2.93.3) 2026-02-02T15:20:07.339Z #__loadSession() end

[90mstdout[2m | tests/property/scoped-roles-processing-efficiency.test.ts[2m > [22m[2mProperty 10: Scoped Roles Processing Efficiency[2m > [22m[2mProperty 10.6: Org role operations should not affect project/system role caches
[22m[39mGoTrueClient@sb-bgxknceshxxifwytalex-auth-token:0 (2.93.3) 2026-02-02T15:20:07.339Z #_useSession end

[90mstdout[2m | tests/property/scoped-roles-processing-efficiency.test.ts[2m > [22m[2mProperty 10: Scoped Roles Processing Efficiency[2m > [22m[2mProperty 10.6: Org role operations should not affect project/system role caches
[22m[39mGoTrueClient@sb-bgxknceshxxifwytalex-auth-token:0 (2.93.3) 2026-02-02T15:20:07.340Z #_acquireLock lock released for storage key sb-bgxknceshxxifwytalex-auth-token

[90mstdout[2m | tests/property/scoped-roles-processing-efficiency.test.ts[2m > [22m[2mProperty 10: Scoped Roles Processing Efficiency[2m > [22m[2mProperty 10.6: Org role operations should not affect project/system role caches
[22m[39mGoTrueClient@sb-bgxknceshxxifwytalex-auth-token:0 (2.93.3) 2026-02-02T15:20:07.340Z #_acquireLock end

[90mstdout[2m | tests/property/scoped-roles-processing-efficiency.test.ts[2m > [22m[2mProperty 10: Scoped Roles Processing Efficiency[2m > [22m[2mProperty 10.6: Org role operations should not affect project/system role caches
[22m[39mGoTrueClient@sb-bgxknceshxxifwytalex-auth-token:0 (2.93.3) 2026-02-02T15:20:07.439Z #_acquireLock begin [33m10000[39m
GoTrueClient@sb-bgxknceshxxifwytalex-auth-token:0 (2.93.3) 2026-02-02T15:20:07.439Z #_acquireLock lock acquired for storage key sb-bgxknceshxxifwytalex-auth-token
GoTrueClient@sb-bgxknceshxxifwytalex-auth-token:0 (2.93.3) 2026-02-02T15:20:07.439Z #_useSession begin
GoTrueClient@sb-bgxknceshxxifwytalex-auth-token:0 (2.93.3) 2026-02-02T15:20:07.439Z #__loadSession() begin

[90mstdout[2m | tests/property/scoped-roles-processing-efficiency.test.ts[2m > [22m[2mProperty 10: Scoped Roles Processing Efficiency[2m > [22m[2mProperty 10.6: Org role operations should not affect project/system role caches
[22m[39mGoTrueClient@sb-bgxknceshxxifwytalex-auth-token:0 (2.93.3) 2026-02-02T15:20:07.440Z #getSession() session from storage [1mnull[22m
GoTrueClient@sb-bgxknceshxxifwytalex-auth-token:0 (2.93.3) 2026-02-02T15:20:07.440Z #__loadSession() end

[90mstdout[2m | tests/property/scoped-roles-processing-efficiency.test.ts[2m > [22m[2mProperty 10: Scoped Roles Processing Efficiency[2m > [22m[2mProperty 10.6: Org role operations should not affect project/system role caches
[22m[39mGoTrueClient@sb-bgxknceshxxifwytalex-auth-token:0 (2.93.3) 2026-02-02T15:20:07.440Z #_useSession end

[90mstdout[2m | tests/property/scoped-roles-processing-efficiency.test.ts[2m > [22m[2mProperty 10: Scoped Roles Processing Efficiency[2m > [22m[2mProperty 10.6: Org role operations should not affect project/system role caches
[22m[39mGoTrueClient@sb-bgxknceshxxifwytalex-auth-token:0 (2.93.3) 2026-02-02T15:20:07.440Z #_acquireLock lock released for storage key sb-bgxknceshxxifwytalex-auth-token

[90mstdout[2m | tests/property/scoped-roles-processing-efficiency.test.ts[2m > [22m[2mProperty 10: Scoped Roles Processing Efficiency[2m > [22m[2mProperty 10.6: Org role operations should not affect project/system role caches
[22m[39mGoTrueClient@sb-bgxknceshxxifwytalex-auth-token:0 (2.93.3) 2026-02-02T15:20:07.440Z #_acquireLock end

[90mstdout[2m | tests/property/scoped-roles-processing-efficiency.test.ts[2m > [22m[2mProperty 10: Scoped Roles Processing Efficiency[2m > [22m[2mProperty 10.6: Org role operations should not affect project/system role caches
[22m[39mGoTrueClient@sb-bgxknceshxxifwytalex-auth-token:0 (2.93.3) 2026-02-02T15:20:07.441Z #_autoRefreshTokenTick() begin
GoTrueClient@sb-bgxknceshxxifwytalex-auth-token:0 (2.93.3) 2026-02-02T15:20:07.441Z #_acquireLock begin [33m0[39m
GoTrueClient@sb-bgxknceshxxifwytalex-auth-token:0 (2.93.3) 2026-02-02T15:20:07.441Z #_acquireLock lock acquired for storage key sb-bgxknceshxxifwytalex-auth-token
GoTrueClient@sb-bgxknceshxxifwytalex-auth-token:0 (2.93.3) 2026-02-02T15:20:07.441Z #_useSession begin
GoTrueClient@sb-bgxknceshxxifwytalex-auth-token:0 (2.93.3) 2026-02-02T15:20:07.441Z #__loadSession() begin

[90mstdout[2m | tests/property/scoped-roles-processing-efficiency.test.ts[2m > [22m[2mProperty 10: Scoped Roles Processing Efficiency[2m > [22m[2mProperty 10.6: Org role operations should not affect project/system role caches
[22m[39mGoTrueClient@sb-bgxknceshxxifwytalex-auth-token:0 (2.93.3) 2026-02-02T15:20:07.441Z #getSession() session from storage [1mnull[22m
GoTrueClient@sb-bgxknceshxxifwytalex-auth-token:0 (2.93.3) 2026-02-02T15:20:07.441Z #__loadSession() end

[90mstdout[2m | tests/property/scoped-roles-processing-efficiency.test.ts[2m > [22m[2mProperty 10: Scoped Roles Processing Efficiency[2m > [22m[2mProperty 10.6: Org role operations should not affect project/system role caches
[22m[39mGoTrueClient@sb-bgxknceshxxifwytalex-auth-token:0 (2.93.3) 2026-02-02T15:20:07.441Z #_autoRefreshTokenTick() no session

[90mstdout[2m | tests/property/scoped-roles-processing-efficiency.test.ts[2m > [22m[2mProperty 10: Scoped Roles Processing Efficiency[2m > [22m[2mProperty 10.6: Org role operations should not affect project/system role caches
[22m[39mGoTrueClient@sb-bgxknceshxxifwytalex-auth-token:0 (2.93.3) 2026-02-02T15:20:07.441Z #_useSession end

[90mstdout[2m | tests/property/scoped-roles-processing-efficiency.test.ts[2m > [22m[2mProperty 10: Scoped Roles Processing Efficiency[2m > [22m[2mProperty 10.6: Org role operations should not affect project/system role caches
[22m[39mGoTrueClient@sb-bgxknceshxxifwytalex-auth-token:0 (2.93.3) 2026-02-02T15:20:07.441Z #_autoRefreshTokenTick() end

[90mstdout[2m | tests/property/scoped-roles-processing-efficiency.test.ts[2m > [22m[2mProperty 10: Scoped Roles Processing Efficiency[2m > [22m[2mProperty 10.6: Org role operations should not affect project/system role caches
[22m[39mGoTrueClient@sb-bgxknceshxxifwytalex-auth-token:0 (2.93.3) 2026-02-02T15:20:07.441Z #_acquireLock lock released for storage key sb-bgxknceshxxifwytalex-auth-token

[90mstdout[2m | tests/property/scoped-roles-processing-efficiency.test.ts[2m > [22m[2mProperty 10: Scoped Roles Processing Efficiency[2m > [22m[2mProperty 10.6: Org role operations should not affect project/system role caches
[22m[39mGoTrueClient@sb-bgxknceshxxifwytalex-auth-token:0 (2.93.3) 2026-02-02T15:20:07.442Z #_acquireLock end

stderr | tests/property/scoped-roles-processing-efficiency.test.ts > Property 10: Scoped Roles Processing Efficiency > Property 10.6: Org role operations should not affect project/system role caches
Error fetching org roles: {
  code: 'PGRST200',
  details: "Searched for a foreign key relationship between 'org_roles' and 'user_profiles' in the schema 'public', but no matches were found.",
  hint: null,
  message: "Could not find a relationship between 'org_roles' and 'user_profiles' in the schema cache"
}

[90mstdout[2m | tests/property/scoped-roles-processing-efficiency.test.ts[2m > [22m[2mProperty 10: Scoped Roles Processing Efficiency[2m > [22m[2mProperty 10.6: Org role operations should not affect project/system role caches
[22m[39mGoTrueClient@sb-bgxknceshxxifwytalex-auth-token:0 (2.93.3) 2026-02-02T15:20:07.485Z #_acquireLock begin [33m10000[39m
GoTrueClient@sb-bgxknceshxxifwytalex-auth-token:0 (2.93.3) 2026-02-02T15:20:07.485Z #_acquireLock lock acquired for storage key sb-bgxknceshxxifwytalex-auth-token
GoTrueClient@sb-bgxknceshxxifwytalex-auth-token:0 (2.93.3) 2026-02-02T15:20:07.485Z #_useSession begin
GoTrueClient@sb-bgxknceshxxifwytalex-auth-token:0 (2.93.3) 2026-02-02T15:20:07.485Z #__loadSession() begin

[90mstdout[2m | tests/property/scoped-roles-processing-efficiency.test.ts[2m > [22m[2mProperty 10: Scoped Roles Processing Efficiency[2m > [22m[2mProperty 10.6: Org role operations should not affect project/system role caches
[22m[39mGoTrueClient@sb-bgxknceshxxifwytalex-auth-token:0 (2.93.3) 2026-02-02T15:20:07.485Z #getSession() session from storage [1mnull[22m
GoTrueClient@sb-bgxknceshxxifwytalex-auth-token:0 (2.93.3) 2026-02-02T15:20:07.485Z #__loadSession() end

[90mstdout[2m | tests/property/scoped-roles-processing-efficiency.test.ts[2m > [22m[2mProperty 10: Scoped Roles Processing Efficiency[2m > [22m[2mProperty 10.6: Org role operations should not affect project/system role caches
[22m[39mGoTrueClient@sb-bgxknceshxxifwytalex-auth-token:0 (2.93.3) 2026-02-02T15:20:07.485Z #_useSession end

[90mstdout[2m | tests/property/scoped-roles-processing-efficiency.test.ts[2m > [22m[2mProperty 10: Scoped Roles Processing Efficiency[2m > [22m[2mProperty 10.6: Org role operations should not affect project/system role caches
[22m[39mGoTrueClient@sb-bgxknceshxxifwytalex-auth-token:0 (2.93.3) 2026-02-02T15:20:07.485Z #_acquireLock lock released for storage key sb-bgxknceshxxifwytalex-auth-token

[90mstdout[2m | tests/property/scoped-roles-processing-efficiency.test.ts[2m > [22m[2mProperty 10: Scoped Roles Processing Efficiency[2m > [22m[2mProperty 10.6: Org role operations should not affect project/system role caches
[22m[39mGoTrueClient@sb-bgxknceshxxifwytalex-auth-token:0 (2.93.3) 2026-02-02T15:20:07.485Z #_acquireLock end

stderr | tests/property/scoped-roles-processing-efficiency.test.ts > Property 10: Scoped Roles Processing Efficiency > Property 10.6: Org role operations should not affect project/system role caches
Error fetching project roles: {
  code: 'PGRST200',
  details: "Searched for a foreign key relationship between 'project_roles' and 'user_profiles' in the schema 'public', but no matches were found.",
  hint: null,
  message: "Could not find a relationship between 'project_roles' and 'user_profiles' in the schema cache"
}

[90mstdout[2m | tests/property/scoped-roles-processing-efficiency.test.ts[2m > [22m[2mProperty 10: Scoped Roles Processing Efficiency[2m > [22m[2mProperty 10.6: Org role operations should not affect project/system role caches
[22m[39mGoTrueClient@sb-bgxknceshxxifwytalex-auth-token:0 (2.93.3) 2026-02-02T15:20:07.508Z #_acquireLock begin [33m10000[39m
GoTrueClient@sb-bgxknceshxxifwytalex-auth-token:0 (2.93.3) 2026-02-02T15:20:07.508Z #_acquireLock lock acquired for storage key sb-bgxknceshxxifwytalex-auth-token
GoTrueClient@sb-bgxknceshxxifwytalex-auth-token:0 (2.93.3) 2026-02-02T15:20:07.508Z #_useSession begin
GoTrueClient@sb-bgxknceshxxifwytalex-auth-token:0 (2.93.3) 2026-02-02T15:20:07.508Z #__loadSession() begin

[90mstdout[2m | tests/property/scoped-roles-processing-efficiency.test.ts[2m > [22m[2mProperty 10: Scoped Roles Processing Efficiency[2m > [22m[2mProperty 10.6: Org role operations should not affect project/system role caches
[22m[39mGoTrueClient@sb-bgxknceshxxifwytalex-auth-token:0 (2.93.3) 2026-02-02T15:20:07.508Z #getSession() session from storage [1mnull[22m
GoTrueClient@sb-bgxknceshxxifwytalex-auth-token:0 (2.93.3) 2026-02-02T15:20:07.508Z #__loadSession() end

[90mstdout[2m | tests/property/scoped-roles-processing-efficiency.test.ts[2m > [22m[2mProperty 10: Scoped Roles Processing Efficiency[2m > [22m[2mProperty 10.6: Org role operations should not affect project/system role caches
[22m[39mGoTrueClient@sb-bgxknceshxxifwytalex-auth-token:0 (2.93.3) 2026-02-02T15:20:07.509Z #_useSession end

[90mstdout[2m | tests/property/scoped-roles-processing-efficiency.test.ts[2m > [22m[2mProperty 10: Scoped Roles Processing Efficiency[2m > [22m[2mProperty 10.6: Org role operations should not affect project/system role caches
[22m[39mGoTrueClient@sb-bgxknceshxxifwytalex-auth-token:0 (2.93.3) 2026-02-02T15:20:07.509Z #_acquireLock lock released for storage key sb-bgxknceshxxifwytalex-auth-token

[90mstdout[2m | tests/property/scoped-roles-processing-efficiency.test.ts[2m > [22m[2mProperty 10: Scoped Roles Processing Efficiency[2m > [22m[2mProperty 10.6: Org role operations should not affect project/system role caches
[22m[39mGoTrueClient@sb-bgxknceshxxifwytalex-auth-token:0 (2.93.3) 2026-02-02T15:20:07.509Z #_acquireLock end

[90mstdout[2m | tests/property/scoped-roles-processing-efficiency.test.ts[2m > [22m[2mProperty 10: Scoped Roles Processing Efficiency[2m > [22m[2mProperty 10.6: Org role operations should not affect project/system role caches
[22m[39mGoTrueClient@sb-bgxknceshxxifwytalex-auth-token:0 (2.93.3) 2026-02-02T15:20:07.525Z #_acquireLock begin [33m10000[39m
GoTrueClient@sb-bgxknceshxxifwytalex-auth-token:0 (2.93.3) 2026-02-02T15:20:07.525Z #_acquireLock lock acquired for storage key sb-bgxknceshxxifwytalex-auth-token
GoTrueClient@sb-bgxknceshxxifwytalex-auth-token:0 (2.93.3) 2026-02-02T15:20:07.526Z #_useSession begin
GoTrueClient@sb-bgxknceshxxifwytalex-auth-token:0 (2.93.3) 2026-02-02T15:20:07.526Z #__loadSession() begin

[90mstdout[2m | tests/property/scoped-roles-processing-efficiency.test.ts[2m > [22m[2mProperty 10: Scoped Roles Processing Efficiency[2m > [22m[2mProperty 10.6: Org role operations should not affect project/system role caches
[22m[39mGoTrueClient@sb-bgxknceshxxifwytalex-auth-token:0 (2.93.3) 2026-02-02T15:20:07.526Z #getSession() session from storage [1mnull[22m
GoTrueClient@sb-bgxknceshxxifwytalex-auth-token:0 (2.93.3) 2026-02-02T15:20:07.526Z #__loadSession() end

[90mstdout[2m | tests/property/scoped-roles-processing-efficiency.test.ts[2m > [22m[2mProperty 10: Scoped Roles Processing Efficiency[2m > [22m[2mProperty 10.6: Org role operations should not affect project/system role caches
[22m[39mGoTrueClient@sb-bgxknceshxxifwytalex-auth-token:0 (2.93.3) 2026-02-02T15:20:07.526Z #_useSession end

[90mstdout[2m | tests/property/scoped-roles-processing-efficiency.test.ts[2m > [22m[2mProperty 10: Scoped Roles Processing Efficiency[2m > [22m[2mProperty 10.6: Org role operations should not affect project/system role caches
[22m[39mGoTrueClient@sb-bgxknceshxxifwytalex-auth-token:0 (2.93.3) 2026-02-02T15:20:07.526Z #_acquireLock lock released for storage key sb-bgxknceshxxifwytalex-auth-token

[90mstdout[2m | tests/property/scoped-roles-processing-efficiency.test.ts[2m > [22m[2mProperty 10: Scoped Roles Processing Efficiency[2m > [22m[2mProperty 10.6: Org role operations should not affect project/system role caches
[22m[39mGoTrueClient@sb-bgxknceshxxifwytalex-auth-token:0 (2.93.3) 2026-02-02T15:20:07.526Z #_acquireLock end

stderr | tests/property/scoped-roles-processing-efficiency.test.ts > Property 10: Scoped Roles Processing Efficiency > Property 10.6: Org role operations should not affect project/system role caches
Error fetching org roles: {
  code: 'PGRST200',
  details: "Searched for a foreign key relationship between 'org_roles' and 'user_profiles' in the schema 'public', but no matches were found.",
  hint: null,
  message: "Could not find a relationship between 'org_roles' and 'user_profiles' in the schema cache"
}

[90mstdout[2m | tests/property/scoped-roles-processing-efficiency.test.ts[2m > [22m[2mProperty 10: Scoped Roles Processing Efficiency[2m > [22m[2mProperty 10.6: Org role operations should not affect project/system role caches
[22m[39mGoTrueClient@sb-bgxknceshxxifwytalex-auth-token:0 (2.93.3) 2026-02-02T15:20:07.548Z #_acquireLock begin [33m10000[39m
GoTrueClient@sb-bgxknceshxxifwytalex-auth-token:0 (2.93.3) 2026-02-02T15:20:07.548Z #_acquireLock lock acquired for storage key sb-bgxknceshxxifwytalex-auth-token
GoTrueClient@sb-bgxknceshxxifwytalex-auth-token:0 (2.93.3) 2026-02-02T15:20:07.548Z #_useSession begin
GoTrueClient@sb-bgxknceshxxifwytalex-auth-token:0 (2.93.3) 2026-02-02T15:20:07.548Z #__loadSession() begin

[90mstdout[2m | tests/property/scoped-roles-processing-efficiency.test.ts[2m > [22m[2mProperty 10: Scoped Roles Processing Efficiency[2m > [22m[2mProperty 10.6: Org role operations should not affect project/system role caches
[22m[39mGoTrueClient@sb-bgxknceshxxifwytalex-auth-token:0 (2.93.3) 2026-02-02T15:20:07.548Z #getSession() session from storage [1mnull[22m
GoTrueClient@sb-bgxknceshxxifwytalex-auth-token:0 (2.93.3) 2026-02-02T15:20:07.548Z #__loadSession() end

[90mstdout[2m | tests/property/scoped-roles-processing-efficiency.test.ts[2m > [22m[2mProperty 10: Scoped Roles Processing Efficiency[2m > [22m[2mProperty 10.6: Org role operations should not affect project/system role caches
[22m[39mGoTrueClient@sb-bgxknceshxxifwytalex-auth-token:0 (2.93.3) 2026-02-02T15:20:07.548Z #_useSession end

[90mstdout[2m | tests/property/scoped-roles-processing-efficiency.test.ts[2m > [22m[2mProperty 10: Scoped Roles Processing Efficiency[2m > [22m[2mProperty 10.6: Org role operations should not affect project/system role caches
[22m[39mGoTrueClient@sb-bgxknceshxxifwytalex-auth-token:0 (2.93.3) 2026-02-02T15:20:07.548Z #_acquireLock lock released for storage key sb-bgxknceshxxifwytalex-auth-token

[90mstdout[2m | tests/property/scoped-roles-processing-efficiency.test.ts[2m > [22m[2mProperty 10: Scoped Roles Processing Efficiency[2m > [22m[2mProperty 10.6: Org role operations should not affect project/system role caches
[22m[39mGoTrueClient@sb-bgxknceshxxifwytalex-auth-token:0 (2.93.3) 2026-02-02T15:20:07.548Z #_acquireLock end

[90mstdout[2m | tests/property/scoped-roles-processing-efficiency.test.ts[2m > [22m[2mProperty 10: Scoped Roles Processing Efficiency[2m > [22m[2mProperty 10.6: Org role operations should not affect project/system role caches
[22m[39mGoTrueClient@sb-bgxknceshxxifwytalex-auth-token:0 (2.93.3) 2026-02-02T15:20:07.629Z #_acquireLock begin [33m10000[39m
GoTrueClient@sb-bgxknceshxxifwytalex-auth-token:0 (2.93.3) 2026-02-02T15:20:07.629Z #_acquireLock lock acquired for storage key sb-bgxknceshxxifwytalex-auth-token
GoTrueClient@sb-bgxknceshxxifwytalex-auth-token:0 (2.93.3) 2026-02-02T15:20:07.629Z #_useSession begin
GoTrueClient@sb-bgxknceshxxifwytalex-auth-token:0 (2.93.3) 2026-02-02T15:20:07.629Z #__loadSession() begin

[90mstdout[2m | tests/property/scoped-roles-processing-efficiency.test.ts[2m > [22m[2mProperty 10: Scoped Roles Processing Efficiency[2m > [22m[2mProperty 10.6: Org role operations should not affect project/system role caches
[22m[39mGoTrueClient@sb-bgxknceshxxifwytalex-auth-token:0 (2.93.3) 2026-02-02T15:20:07.629Z #getSession() session from storage [1mnull[22m
GoTrueClient@sb-bgxknceshxxifwytalex-auth-token:0 (2.93.3) 2026-02-02T15:20:07.629Z #__loadSession() end

[90mstdout[2m | tests/property/scoped-roles-processing-efficiency.test.ts[2m > [22m[2mProperty 10: Scoped Roles Processing Efficiency[2m > [22m[2mProperty 10.6: Org role operations should not affect project/system role caches
[22m[39mGoTrueClient@sb-bgxknceshxxifwytalex-auth-token:0 (2.93.3) 2026-02-02T15:20:07.629Z #_useSession end

[90mstdout[2m | tests/property/scoped-roles-processing-efficiency.test.ts[2m > [22m[2mProperty 10: Scoped Roles Processing Efficiency[2m > [22m[2mProperty 10.6: Org role operations should not affect project/system role caches
[22m[39mGoTrueClient@sb-bgxknceshxxifwytalex-auth-token:0 (2.93.3) 2026-02-02T15:20:07.629Z #_acquireLock lock released for storage key sb-bgxknceshxxifwytalex-auth-token

[90mstdout[2m | tests/property/scoped-roles-processing-efficiency.test.ts[2m > [22m[2mProperty 10: Scoped Roles Processing Efficiency[2m > [22m[2mProperty 10.6: Org role operations should not affect project/system role caches
[22m[39mGoTrueClient@sb-bgxknceshxxifwytalex-auth-token:0 (2.93.3) 2026-02-02T15:20:07.629Z #_acquireLock end

[90mstdout[2m | tests/property/scoped-roles-processing-efficiency.test.ts[2m > [22m[2mProperty 10: Scoped Roles Processing Efficiency[2m > [22m[2mProperty 10.7: Project role operations should not affect org/system role caches
[22m[39mGoTrueClient@sb-bgxknceshxxifwytalex-auth-token:0 (2.93.3) 2026-02-02T15:20:07.654Z #_acquireLock begin [33m10000[39m
GoTrueClient@sb-bgxknceshxxifwytalex-auth-token:0 (2.93.3) 2026-02-02T15:20:07.654Z #_acquireLock lock acquired for storage key sb-bgxknceshxxifwytalex-auth-token
GoTrueClient@sb-bgxknceshxxifwytalex-auth-token:0 (2.93.3) 2026-02-02T15:20:07.654Z #_useSession begin
GoTrueClient@sb-bgxknceshxxifwytalex-auth-token:0 (2.93.3) 2026-02-02T15:20:07.654Z #__loadSession() begin

[90mstdout[2m | tests/property/scoped-roles-processing-efficiency.test.ts[2m > [22m[2mProperty 10: Scoped Roles Processing Efficiency[2m > [22m[2mProperty 10.7: Project role operations should not affect org/system role caches
[22m[39mGoTrueClient@sb-bgxknceshxxifwytalex-auth-token:0 (2.93.3) 2026-02-02T15:20:07.654Z #getSession() session from storage [1mnull[22m
GoTrueClient@sb-bgxknceshxxifwytalex-auth-token:0 (2.93.3) 2026-02-02T15:20:07.654Z #__loadSession() end

[90mstdout[2m | tests/property/scoped-roles-processing-efficiency.test.ts[2m > [22m[2mProperty 10: Scoped Roles Processing Efficiency[2m > [22m[2mProperty 10.7: Project role operations should not affect org/system role caches
[22m[39mGoTrueClient@sb-bgxknceshxxifwytalex-auth-token:0 (2.93.3) 2026-02-02T15:20:07.655Z #_useSession end

[90mstdout[2m | tests/property/scoped-roles-processing-efficiency.test.ts[2m > [22m[2mProperty 10: Scoped Roles Processing Efficiency[2m > [22m[2mProperty 10.7: Project role operations should not affect org/system role caches
[22m[39mGoTrueClient@sb-bgxknceshxxifwytalex-auth-token:0 (2.93.3) 2026-02-02T15:20:07.655Z #_acquireLock lock released for storage key sb-bgxknceshxxifwytalex-auth-token

[90mstdout[2m | tests/property/scoped-roles-processing-efficiency.test.ts[2m > [22m[2mProperty 10: Scoped Roles Processing Efficiency[2m > [22m[2mProperty 10.7: Project role operations should not affect org/system role caches
[22m[39mGoTrueClient@sb-bgxknceshxxifwytalex-auth-token:0 (2.93.3) 2026-02-02T15:20:07.655Z #_acquireLock end

stderr | tests/property/scoped-roles-processing-efficiency.test.ts > Property 10: Scoped Roles Processing Efficiency > Property 10.7: Project role operations should not affect org/system role caches
Error fetching project roles: {
  code: 'PGRST200',
  details: "Searched for a foreign key relationship between 'project_roles' and 'user_profiles' in the schema 'public', but no matches were found.",
  hint: null,
  message: "Could not find a relationship between 'project_roles' and 'user_profiles' in the schema cache"
}

[90mstdout[2m | tests/property/scoped-roles-processing-efficiency.test.ts[2m > [22m[2mProperty 10: Scoped Roles Processing Efficiency[2m > [22m[2mProperty 10.7: Project role operations should not affect org/system role caches
[22m[39mGoTrueClient@sb-bgxknceshxxifwytalex-auth-token:0 (2.93.3) 2026-02-02T15:20:07.695Z #_acquireLock begin [33m10000[39m
GoTrueClient@sb-bgxknceshxxifwytalex-auth-token:0 (2.93.3) 2026-02-02T15:20:07.695Z #_acquireLock lock acquired for storage key sb-bgxknceshxxifwytalex-auth-token
GoTrueClient@sb-bgxknceshxxifwytalex-auth-token:0 (2.93.3) 2026-02-02T15:20:07.695Z #_useSession begin
GoTrueClient@sb-bgxknceshxxifwytalex-auth-token:0 (2.93.3) 2026-02-02T15:20:07.695Z #__loadSession() begin

[90mstdout[2m | tests/property/scoped-roles-processing-efficiency.test.ts[2m > [22m[2mProperty 10: Scoped Roles Processing Efficiency[2m > [22m[2mProperty 10.7: Project role operations should not affect org/system role caches
[22m[39mGoTrueClient@sb-bgxknceshxxifwytalex-auth-token:0 (2.93.3) 2026-02-02T15:20:07.695Z #getSession() session from storage [1mnull[22m
GoTrueClient@sb-bgxknceshxxifwytalex-auth-token:0 (2.93.3) 2026-02-02T15:20:07.695Z #__loadSession() end

[90mstdout[2m | tests/property/scoped-roles-processing-efficiency.test.ts[2m > [22m[2mProperty 10: Scoped Roles Processing Efficiency[2m > [22m[2mProperty 10.7: Project role operations should not affect org/system role caches
[22m[39mGoTrueClient@sb-bgxknceshxxifwytalex-auth-token:0 (2.93.3) 2026-02-02T15:20:07.695Z #_useSession end

[90mstdout[2m | tests/property/scoped-roles-processing-efficiency.test.ts[2m > [22m[2mProperty 10: Scoped Roles Processing Efficiency[2m > [22m[2mProperty 10.7: Project role operations should not affect org/system role caches
[22m[39mGoTrueClient@sb-bgxknceshxxifwytalex-auth-token:0 (2.93.3) 2026-02-02T15:20:07.695Z #_acquireLock lock released for storage key sb-bgxknceshxxifwytalex-auth-token

[90mstdout[2m | tests/property/scoped-roles-processing-efficiency.test.ts[2m > [22m[2mProperty 10: Scoped Roles Processing Efficiency[2m > [22m[2mProperty 10.7: Project role operations should not affect org/system role caches
[22m[39mGoTrueClient@sb-bgxknceshxxifwytalex-auth-token:0 (2.93.3) 2026-02-02T15:20:07.695Z #_acquireLock end

stderr | tests/property/scoped-roles-processing-efficiency.test.ts > Property 10: Scoped Roles Processing Efficiency > Property 10.7: Project role operations should not affect org/system role caches
Error fetching org roles: {
  code: 'PGRST200',
  details: "Searched for a foreign key relationship between 'org_roles' and 'user_profiles' in the schema 'public', but no matches were found.",
  hint: null,
  message: "Could not find a relationship between 'org_roles' and 'user_profiles' in the schema cache"
}

[90mstdout[2m | tests/property/scoped-roles-processing-efficiency.test.ts[2m > [22m[2mProperty 10: Scoped Roles Processing Efficiency[2m > [22m[2mProperty 10.7: Project role operations should not affect org/system role caches
[22m[39mGoTrueClient@sb-bgxknceshxxifwytalex-auth-token:0 (2.93.3) 2026-02-02T15:20:07.723Z #_acquireLock begin [33m10000[39m
GoTrueClient@sb-bgxknceshxxifwytalex-auth-token:0 (2.93.3) 2026-02-02T15:20:07.723Z #_acquireLock lock acquired for storage key sb-bgxknceshxxifwytalex-auth-token
GoTrueClient@sb-bgxknceshxxifwytalex-auth-token:0 (2.93.3) 2026-02-02T15:20:07.723Z #_useSession begin
GoTrueClient@sb-bgxknceshxxifwytalex-auth-token:0 (2.93.3) 2026-02-02T15:20:07.723Z #__loadSession() begin

[90mstdout[2m | tests/property/scoped-roles-processing-efficiency.test.ts[2m > [22m[2mProperty 10: Scoped Roles Processing Efficiency[2m > [22m[2mProperty 10.7: Project role operations should not affect org/system role caches
[22m[39mGoTrueClient@sb-bgxknceshxxifwytalex-auth-token:0 (2.93.3) 2026-02-02T15:20:07.723Z #getSession() session from storage [1mnull[22m
GoTrueClient@sb-bgxknceshxxifwytalex-auth-token:0 (2.93.3) 2026-02-02T15:20:07.723Z #__loadSession() end

[90mstdout[2m | tests/property/scoped-roles-processing-efficiency.test.ts[2m > [22m[2mProperty 10: Scoped Roles Processing Efficiency[2m > [22m[2mProperty 10.7: Project role operations should not affect org/system role caches
[22m[39mGoTrueClient@sb-bgxknceshxxifwytalex-auth-token:0 (2.93.3) 2026-02-02T15:20:07.723Z #_useSession end

[90mstdout[2m | tests/property/scoped-roles-processing-efficiency.test.ts[2m > [22m[2mProperty 10: Scoped Roles Processing Efficiency[2m > [22m[2mProperty 10.7: Project role operations should not affect org/system role caches
[22m[39mGoTrueClient@sb-bgxknceshxxifwytalex-auth-token:0 (2.93.3) 2026-02-02T15:20:07.723Z #_acquireLock lock released for storage key sb-bgxknceshxxifwytalex-auth-token

[90mstdout[2m | tests/property/scoped-roles-processing-efficiency.test.ts[2m > [22m[2mProperty 10: Scoped Roles Processing Efficiency[2m > [22m[2mProperty 10.7: Project role operations should not affect org/system role caches
[22m[39mGoTrueClient@sb-bgxknceshxxifwytalex-auth-token:0 (2.93.3) 2026-02-02T15:20:07.724Z #_acquireLock end

stderr | tests/property/scoped-roles-processing-efficiency.test.ts > Property 10: Scoped Roles Processing Efficiency > Property 10.7: Project role operations should not affect org/system role caches
Error fetching project roles: {
  code: 'PGRST200',
  details: "Searched for a foreign key relationship between 'project_roles' and 'user_profiles' in the schema 'public', but no matches were found.",
  hint: null,
  message: "Could not find a relationship between 'project_roles' and 'user_profiles' in the schema cache"
}

[90mstdout[2m | tests/property/scoped-roles-processing-efficiency.test.ts[2m > [22m[2mProperty 10: Scoped Roles Processing Efficiency[2m > [22m[2mProperty 10.7: Project role operations should not affect org/system role caches
[22m[39mGoTrueClient@sb-bgxknceshxxifwytalex-auth-token:0 (2.93.3) 2026-02-02T15:20:07.726Z #_acquireLock begin [33m10000[39m
GoTrueClient@sb-bgxknceshxxifwytalex-auth-token:0 (2.93.3) 2026-02-02T15:20:07.726Z #_acquireLock lock acquired for storage key sb-bgxknceshxxifwytalex-auth-token
GoTrueClient@sb-bgxknceshxxifwytalex-auth-token:0 (2.93.3) 2026-02-02T15:20:07.726Z #_useSession begin
GoTrueClient@sb-bgxknceshxxifwytalex-auth-token:0 (2.93.3) 2026-02-02T15:20:07.726Z #__loadSession() begin

[90mstdout[2m | tests/property/scoped-roles-processing-efficiency.test.ts[2m > [22m[2mProperty 10: Scoped Roles Processing Efficiency[2m > [22m[2mProperty 10.7: Project role operations should not affect org/system role caches
[22m[39mGoTrueClient@sb-bgxknceshxxifwytalex-auth-token:0 (2.93.3) 2026-02-02T15:20:07.726Z #getSession() session from storage [1mnull[22m
GoTrueClient@sb-bgxknceshxxifwytalex-auth-token:0 (2.93.3) 2026-02-02T15:20:07.726Z #__loadSession() end

[90mstdout[2m | tests/property/scoped-roles-processing-efficiency.test.ts[2m > [22m[2mProperty 10: Scoped Roles Processing Efficiency[2m > [22m[2mProperty 10.7: Project role operations should not affect org/system role caches
[22m[39mGoTrueClient@sb-bgxknceshxxifwytalex-auth-token:0 (2.93.3) 2026-02-02T15:20:07.726Z #_useSession end

[90mstdout[2m | tests/property/scoped-roles-processing-efficiency.test.ts[2m > [22m[2mProperty 10: Scoped Roles Processing Efficiency[2m > [22m[2mProperty 10.7: Project role operations should not affect org/system role caches
[22m[39mGoTrueClient@sb-bgxknceshxxifwytalex-auth-token:0 (2.93.3) 2026-02-02T15:20:07.726Z #_acquireLock lock released for storage key sb-bgxknceshxxifwytalex-auth-token

[90mstdout[2m | tests/property/scoped-roles-processing-efficiency.test.ts[2m > [22m[2mProperty 10: Scoped Roles Processing Efficiency[2m > [22m[2mProperty 10.7: Project role operations should not affect org/system role caches
[22m[39mGoTrueClient@sb-bgxknceshxxifwytalex-auth-token:0 (2.93.3) 2026-02-02T15:20:07.726Z #_acquireLock end

stderr | tests/property/scoped-roles-processing-efficiency.test.ts > Property 10: Scoped Roles Processing Efficiency > Property 10.7: Project role operations should not affect org/system role caches
Error fetching org roles: {
  code: 'PGRST200',
  details: "Searched for a foreign key relationship between 'org_roles' and 'user_profiles' in the schema 'public', but no matches were found.",
  hint: null,
  message: "Could not find a relationship between 'org_roles' and 'user_profiles' in the schema cache"
}

[90mstdout[2m | tests/property/scoped-roles-processing-efficiency.test.ts[2m > [22m[2mProperty 10: Scoped Roles Processing Efficiency[2m > [22m[2mProperty 10.7: Project role operations should not affect org/system role caches
[22m[39mGoTrueClient@sb-bgxknceshxxifwytalex-auth-token:0 (2.93.3) 2026-02-02T15:20:07.764Z #_acquireLock begin [33m10000[39m
GoTrueClient@sb-bgxknceshxxifwytalex-auth-token:0 (2.93.3) 2026-02-02T15:20:07.764Z #_acquireLock lock acquired for storage key sb-bgxknceshxxifwytalex-auth-token
GoTrueClient@sb-bgxknceshxxifwytalex-auth-token:0 (2.93.3) 2026-02-02T15:20:07.764Z #_useSession begin
GoTrueClient@sb-bgxknceshxxifwytalex-auth-token:0 (2.93.3) 2026-02-02T15:20:07.764Z #__loadSession() begin

[90mstdout[2m | tests/property/scoped-roles-processing-efficiency.test.ts[2m > [22m[2mProperty 10: Scoped Roles Processing Efficiency[2m > [22m[2mProperty 10.7: Project role operations should not affect org/system role caches
[22m[39mGoTrueClient@sb-bgxknceshxxifwytalex-auth-token:0 (2.93.3) 2026-02-02T15:20:07.764Z #getSession() session from storage [1mnull[22m
GoTrueClient@sb-bgxknceshxxifwytalex-auth-token:0 (2.93.3) 2026-02-02T15:20:07.764Z #__loadSession() end

[90mstdout[2m | tests/property/scoped-roles-processing-efficiency.test.ts[2m > [22m[2mProperty 10: Scoped Roles Processing Efficiency[2m > [22m[2mProperty 10.7: Project role operations should not affect org/system role caches
[22m[39mGoTrueClient@sb-bgxknceshxxifwytalex-auth-token:0 (2.93.3) 2026-02-02T15:20:07.764Z #_useSession end

[90mstdout[2m | tests/property/scoped-roles-processing-efficiency.test.ts[2m > [22m[2mProperty 10: Scoped Roles Processing Efficiency[2m > [22m[2mProperty 10.7: Project role operations should not affect org/system role caches
[22m[39mGoTrueClient@sb-bgxknceshxxifwytalex-auth-token:0 (2.93.3) 2026-02-02T15:20:07.764Z #_acquireLock lock released for storage key sb-bgxknceshxxifwytalex-auth-token

[90mstdout[2m | tests/property/scoped-roles-processing-efficiency.test.ts[2m > [22m[2mProperty 10: Scoped Roles Processing Efficiency[2m > [22m[2mProperty 10.7: Project role operations should not affect org/system role caches
[22m[39mGoTrueClient@sb-bgxknceshxxifwytalex-auth-token:0 (2.93.3) 2026-02-02T15:20:07.764Z #_acquireLock end

[90mstdout[2m | tests/property/scoped-roles-processing-efficiency.test.ts[2m > [22m[2mProperty 10: Scoped Roles Processing Efficiency[2m > [22m[2mProperty 10.7: Project role operations should not affect org/system role caches
[22m[39mGoTrueClient@sb-bgxknceshxxifwytalex-auth-token:0 (2.93.3) 2026-02-02T15:20:07.835Z #_acquireLock begin [33m10000[39m
GoTrueClient@sb-bgxknceshxxifwytalex-auth-token:0 (2.93.3) 2026-02-02T15:20:07.835Z #_acquireLock lock acquired for storage key sb-bgxknceshxxifwytalex-auth-token
GoTrueClient@sb-bgxknceshxxifwytalex-auth-token:0 (2.93.3) 2026-02-02T15:20:07.835Z #_useSession begin
GoTrueClient@sb-bgxknceshxxifwytalex-auth-token:0 (2.93.3) 2026-02-02T15:20:07.835Z #__loadSession() begin

[90mstdout[2m | tests/property/scoped-roles-processing-efficiency.test.ts[2m > [22m[2mProperty 10: Scoped Roles Processing Efficiency[2m > [22m[2mProperty 10.7: Project role operations should not affect org/system role caches
[22m[39mGoTrueClient@sb-bgxknceshxxifwytalex-auth-token:0 (2.93.3) 2026-02-02T15:20:07.835Z #getSession() session from storage [1mnull[22m
GoTrueClient@sb-bgxknceshxxifwytalex-auth-token:0 (2.93.3) 2026-02-02T15:20:07.835Z #__loadSession() end

[90mstdout[2m | tests/property/scoped-roles-processing-efficiency.test.ts[2m > [22m[2mProperty 10: Scoped Roles Processing Efficiency[2m > [22m[2mProperty 10.7: Project role operations should not affect org/system role caches
[22m[39mGoTrueClient@sb-bgxknceshxxifwytalex-auth-token:0 (2.93.3) 2026-02-02T15:20:07.835Z #_useSession end

[90mstdout[2m | tests/property/scoped-roles-processing-efficiency.test.ts[2m > [22m[2mProperty 10: Scoped Roles Processing Efficiency[2m > [22m[2mProperty 10.7: Project role operations should not affect org/system role caches
[22m[39mGoTrueClient@sb-bgxknceshxxifwytalex-auth-token:0 (2.93.3) 2026-02-02T15:20:07.836Z #_acquireLock lock released for storage key sb-bgxknceshxxifwytalex-auth-token

[90mstdout[2m | tests/property/scoped-roles-processing-efficiency.test.ts[2m > [22m[2mProperty 10: Scoped Roles Processing Efficiency[2m > [22m[2mProperty 10.7: Project role operations should not affect org/system role caches
[22m[39mGoTrueClient@sb-bgxknceshxxifwytalex-auth-token:0 (2.93.3) 2026-02-02T15:20:07.836Z #_acquireLock end

stderr | tests/property/scoped-roles-processing-efficiency.test.ts > Property 10: Scoped Roles Processing Efficiency > Property 10.7: Project role operations should not affect org/system role caches
Error fetching org roles: {
  code: 'PGRST200',
  details: "Searched for a foreign key relationship between 'org_roles' and 'user_profiles' in the schema 'public', but no matches were found.",
  hint: null,
  message: "Could not find a relationship between 'org_roles' and 'user_profiles' in the schema cache"
}

[90mstdout[2m | tests/property/scoped-roles-processing-efficiency.test.ts[2m > [22m[2mProperty 10: Scoped Roles Processing Efficiency[2m > [22m[2mProperty 10.7: Project role operations should not affect org/system role caches
[22m[39mGoTrueClient@sb-bgxknceshxxifwytalex-auth-token:0 (2.93.3) 2026-02-02T15:20:07.865Z #_acquireLock begin [33m10000[39m
GoTrueClient@sb-bgxknceshxxifwytalex-auth-token:0 (2.93.3) 2026-02-02T15:20:07.866Z #_acquireLock lock acquired for storage key sb-bgxknceshxxifwytalex-auth-token
GoTrueClient@sb-bgxknceshxxifwytalex-auth-token:0 (2.93.3) 2026-02-02T15:20:07.866Z #_useSession begin
GoTrueClient@sb-bgxknceshxxifwytalex-auth-token:0 (2.93.3) 2026-02-02T15:20:07.866Z #__loadSession() begin

[90mstdout[2m | tests/property/scoped-roles-processing-efficiency.test.ts[2m > [22m[2mProperty 10: Scoped Roles Processing Efficiency[2m > [22m[2mProperty 10.7: Project role operations should not affect org/system role caches
[22m[39mGoTrueClient@sb-bgxknceshxxifwytalex-auth-token:0 (2.93.3) 2026-02-02T15:20:07.866Z #getSession() session from storage [1mnull[22m
GoTrueClient@sb-bgxknceshxxifwytalex-auth-token:0 (2.93.3) 2026-02-02T15:20:07.866Z #__loadSession() end

[90mstdout[2m | tests/property/scoped-roles-processing-efficiency.test.ts[2m > [22m[2mProperty 10: Scoped Roles Processing Efficiency[2m > [22m[2mProperty 10.7: Project role operations should not affect org/system role caches
[22m[39mGoTrueClient@sb-bgxknceshxxifwytalex-auth-token:0 (2.93.3) 2026-02-02T15:20:07.866Z #_useSession end

[90mstdout[2m | tests/property/scoped-roles-processing-efficiency.test.ts[2m > [22m[2mProperty 10: Scoped Roles Processing Efficiency[2m > [22m[2mProperty 10.7: Project role operations should not affect org/system role caches
[22m[39mGoTrueClient@sb-bgxknceshxxifwytalex-auth-token:0 (2.93.3) 2026-02-02T15:20:07.866Z #_acquireLock lock released for storage key sb-bgxknceshxxifwytalex-auth-token

[90mstdout[2m | tests/property/scoped-roles-processing-efficiency.test.ts[2m > [22m[2mProperty 10: Scoped Roles Processing Efficiency[2m > [22m[2mProperty 10.7: Project role operations should not affect org/system role caches
[22m[39mGoTrueClient@sb-bgxknceshxxifwytalex-auth-token:0 (2.93.3) 2026-02-02T15:20:07.866Z #_acquireLock end

[90mstdout[2m | tests/property/scoped-roles-processing-efficiency.test.ts[2m > [22m[2mProperty 10: Scoped Roles Processing Efficiency[2m > [22m[2mProperty 10.7: Project role operations should not affect org/system role caches
[22m[39mGoTrueClient@sb-bgxknceshxxifwytalex-auth-token:0 (2.93.3) 2026-02-02T15:20:07.900Z #_acquireLock begin [33m10000[39m
GoTrueClient@sb-bgxknceshxxifwytalex-auth-token:0 (2.93.3) 2026-02-02T15:20:07.900Z #_acquireLock lock acquired for storage key sb-bgxknceshxxifwytalex-auth-token
GoTrueClient@sb-bgxknceshxxifwytalex-auth-token:0 (2.93.3) 2026-02-02T15:20:07.900Z #_useSession begin
GoTrueClient@sb-bgxknceshxxifwytalex-auth-token:0 (2.93.3) 2026-02-02T15:20:07.900Z #__loadSession() begin

[90mstdout[2m | tests/property/scoped-roles-processing-efficiency.test.ts[2m > [22m[2mProperty 10: Scoped Roles Processing Efficiency[2m > [22m[2mProperty 10.7: Project role operations should not affect org/system role caches
[22m[39mGoTrueClient@sb-bgxknceshxxifwytalex-auth-token:0 (2.93.3) 2026-02-02T15:20:07.901Z #getSession() session from storage [1mnull[22m
GoTrueClient@sb-bgxknceshxxifwytalex-auth-token:0 (2.93.3) 2026-02-02T15:20:07.901Z #__loadSession() end

[90mstdout[2m | tests/property/scoped-roles-processing-efficiency.test.ts[2m > [22m[2mProperty 10: Scoped Roles Processing Efficiency[2m > [22m[2mProperty 10.7: Project role operations should not affect org/system role caches
[22m[39mGoTrueClient@sb-bgxknceshxxifwytalex-auth-token:0 (2.93.3) 2026-02-02T15:20:07.901Z #_useSession end

[90mstdout[2m | tests/property/scoped-roles-processing-efficiency.test.ts[2m > [22m[2mProperty 10: Scoped Roles Processing Efficiency[2m > [22m[2mProperty 10.7: Project role operations should not affect org/system role caches
[22m[39mGoTrueClient@sb-bgxknceshxxifwytalex-auth-token:0 (2.93.3) 2026-02-02T15:20:07.901Z #_acquireLock lock released for storage key sb-bgxknceshxxifwytalex-auth-token

[90mstdout[2m | tests/property/scoped-roles-processing-efficiency.test.ts[2m > [22m[2mProperty 10: Scoped Roles Processing Efficiency[2m > [22m[2mProperty 10.7: Project role operations should not affect org/system role caches
[22m[39mGoTrueClient@sb-bgxknceshxxifwytalex-auth-token:0 (2.93.3) 2026-02-02T15:20:07.901Z #_acquireLock end

[90mstdout[2m | tests/property/scoped-roles-processing-efficiency.test.ts[2m > [22m[2mProperty 10: Scoped Roles Processing Efficiency[2m > [22m[2mProperty 10.7: Project role operations should not affect org/system role caches
[22m[39mGoTrueClient@sb-bgxknceshxxifwytalex-auth-token:0 (2.93.3) 2026-02-02T15:20:07.919Z #_acquireLock begin [33m10000[39m
GoTrueClient@sb-bgxknceshxxifwytalex-auth-token:0 (2.93.3) 2026-02-02T15:20:07.919Z #_acquireLock lock acquired for storage key sb-bgxknceshxxifwytalex-auth-token
GoTrueClient@sb-bgxknceshxxifwytalex-auth-token:0 (2.93.3) 2026-02-02T15:20:07.919Z #_useSession begin
GoTrueClient@sb-bgxknceshxxifwytalex-auth-token:0 (2.93.3) 2026-02-02T15:20:07.919Z #__loadSession() begin

[90mstdout[2m | tests/property/scoped-roles-processing-efficiency.test.ts[2m > [22m[2mProperty 10: Scoped Roles Processing Efficiency[2m > [22m[2mProperty 10.7: Project role operations should not affect org/system role caches
[22m[39mGoTrueClient@sb-bgxknceshxxifwytalex-auth-token:0 (2.93.3) 2026-02-02T15:20:07.919Z #getSession() session from storage [1mnull[22m
GoTrueClient@sb-bgxknceshxxifwytalex-auth-token:0 (2.93.3) 2026-02-02T15:20:07.919Z #__loadSession() end

[90mstdout[2m | tests/property/scoped-roles-processing-efficiency.test.ts[2m > [22m[2mProperty 10: Scoped Roles Processing Efficiency[2m > [22m[2mProperty 10.7: Project role operations should not affect org/system role caches
[22m[39mGoTrueClient@sb-bgxknceshxxifwytalex-auth-token:0 (2.93.3) 2026-02-02T15:20:07.919Z #_useSession end

[90mstdout[2m | tests/property/scoped-roles-processing-efficiency.test.ts[2m > [22m[2mProperty 10: Scoped Roles Processing Efficiency[2m > [22m[2mProperty 10.7: Project role operations should not affect org/system role caches
[22m[39mGoTrueClient@sb-bgxknceshxxifwytalex-auth-token:0 (2.93.3) 2026-02-02T15:20:07.919Z #_acquireLock lock released for storage key sb-bgxknceshxxifwytalex-auth-token

[90mstdout[2m | tests/property/scoped-roles-processing-efficiency.test.ts[2m > [22m[2mProperty 10: Scoped Roles Processing Efficiency[2m > [22m[2mProperty 10.7: Project role operations should not affect org/system role caches
[22m[39mGoTrueClient@sb-bgxknceshxxifwytalex-auth-token:0 (2.93.3) 2026-02-02T15:20:07.919Z #_acquireLock end

stderr | tests/property/scoped-roles-processing-efficiency.test.ts > Property 10: Scoped Roles Processing Efficiency > Property 10.7: Project role operations should not affect org/system role caches
Error fetching project roles: {
  code: 'PGRST200',
  details: "Searched for a foreign key relationship between 'project_roles' and 'user_profiles' in the schema 'public', but no matches were found.",
  hint: null,
  message: "Could not find a relationship between 'project_roles' and 'user_profiles' in the schema cache"
}

[90mstdout[2m | tests/property/scoped-roles-processing-efficiency.test.ts[2m > [22m[2mProperty 10: Scoped Roles Processing Efficiency[2m > [22m[2mProperty 10.7: Project role operations should not affect org/system role caches
[22m[39mGoTrueClient@sb-bgxknceshxxifwytalex-auth-token:0 (2.93.3) 2026-02-02T15:20:07.942Z #_acquireLock begin [33m10000[39m
GoTrueClient@sb-bgxknceshxxifwytalex-auth-token:0 (2.93.3) 2026-02-02T15:20:07.942Z #_acquireLock lock acquired for storage key sb-bgxknceshxxifwytalex-auth-token
GoTrueClient@sb-bgxknceshxxifwytalex-auth-token:0 (2.93.3) 2026-02-02T15:20:07.942Z #_useSession begin
GoTrueClient@sb-bgxknceshxxifwytalex-auth-token:0 (2.93.3) 2026-02-02T15:20:07.942Z #__loadSession() begin

[90mstdout[2m | tests/property/scoped-roles-processing-efficiency.test.ts[2m > [22m[2mProperty 10: Scoped Roles Processing Efficiency[2m > [22m[2mProperty 10.7: Project role operations should not affect org/system role caches
[22m[39mGoTrueClient@sb-bgxknceshxxifwytalex-auth-token:0 (2.93.3) 2026-02-02T15:20:07.942Z #getSession() session from storage [1mnull[22m
GoTrueClient@sb-bgxknceshxxifwytalex-auth-token:0 (2.93.3) 2026-02-02T15:20:07.942Z #__loadSession() end

[90mstdout[2m | tests/property/scoped-roles-processing-efficiency.test.ts[2m > [22m[2mProperty 10: Scoped Roles Processing Efficiency[2m > [22m[2mProperty 10.7: Project role operations should not affect org/system role caches
[22m[39mGoTrueClient@sb-bgxknceshxxifwytalex-auth-token:0 (2.93.3) 2026-02-02T15:20:07.943Z #_useSession end

[90mstdout[2m | tests/property/scoped-roles-processing-efficiency.test.ts[2m > [22m[2mProperty 10: Scoped Roles Processing Efficiency[2m > [22m[2mProperty 10.7: Project role operations should not affect org/system role caches
[22m[39mGoTrueClient@sb-bgxknceshxxifwytalex-auth-token:0 (2.93.3) 2026-02-02T15:20:07.943Z #_acquireLock lock released for storage key sb-bgxknceshxxifwytalex-auth-token

[90mstdout[2m | tests/property/scoped-roles-processing-efficiency.test.ts[2m > [22m[2mProperty 10: Scoped Roles Processing Efficiency[2m > [22m[2mProperty 10.7: Project role operations should not affect org/system role caches
[22m[39mGoTrueClient@sb-bgxknceshxxifwytalex-auth-token:0 (2.93.3) 2026-02-02T15:20:07.943Z #_acquireLock end

stderr | tests/property/scoped-roles-processing-efficiency.test.ts > Property 10: Scoped Roles Processing Efficiency > Property 10.7: Project role operations should not affect org/system role caches
Error fetching org roles: {
  code: 'PGRST200',
  details: "Searched for a foreign key relationship between 'org_roles' and 'user_profiles' in the schema 'public', but no matches were found.",
  hint: null,
  message: "Could not find a relationship between 'org_roles' and 'user_profiles' in the schema cache"
}

[90mstdout[2m | tests/property/scoped-roles-processing-efficiency.test.ts[2m > [22m[2mProperty 10: Scoped Roles Processing Efficiency[2m > [22m[2mProperty 10.7: Project role operations should not affect org/system role caches
[22m[39mGoTrueClient@sb-bgxknceshxxifwytalex-auth-token:0 (2.93.3) 2026-02-02T15:20:07.968Z #_acquireLock begin [33m10000[39m
GoTrueClient@sb-bgxknceshxxifwytalex-auth-token:0 (2.93.3) 2026-02-02T15:20:07.968Z #_acquireLock lock acquired for storage key sb-bgxknceshxxifwytalex-auth-token
GoTrueClient@sb-bgxknceshxxifwytalex-auth-token:0 (2.93.3) 2026-02-02T15:20:07.968Z #_useSession begin
GoTrueClient@sb-bgxknceshxxifwytalex-auth-token:0 (2.93.3) 2026-02-02T15:20:07.968Z #__loadSession() begin

[90mstdout[2m | tests/property/scoped-roles-processing-efficiency.test.ts[2m > [22m[2mProperty 10: Scoped Roles Processing Efficiency[2m > [22m[2mProperty 10.7: Project role operations should not affect org/system role caches
[22m[39mGoTrueClient@sb-bgxknceshxxifwytalex-auth-token:0 (2.93.3) 2026-02-02T15:20:07.968Z #getSession() session from storage [1mnull[22m
GoTrueClient@sb-bgxknceshxxifwytalex-auth-token:0 (2.93.3) 2026-02-02T15:20:07.968Z #__loadSession() end

[90mstdout[2m | tests/property/scoped-roles-processing-efficiency.test.ts[2m > [22m[2mProperty 10: Scoped Roles Processing Efficiency[2m > [22m[2mProperty 10.7: Project role operations should not affect org/system role caches
[22m[39mGoTrueClient@sb-bgxknceshxxifwytalex-auth-token:0 (2.93.3) 2026-02-02T15:20:07.968Z #_useSession end

[90mstdout[2m | tests/property/scoped-roles-processing-efficiency.test.ts[2m > [22m[2mProperty 10: Scoped Roles Processing Efficiency[2m > [22m[2mProperty 10.7: Project role operations should not affect org/system role caches
[22m[39mGoTrueClient@sb-bgxknceshxxifwytalex-auth-token:0 (2.93.3) 2026-02-02T15:20:07.968Z #_acquireLock lock released for storage key sb-bgxknceshxxifwytalex-auth-token

[90mstdout[2m | tests/property/scoped-roles-processing-efficiency.test.ts[2m > [22m[2mProperty 10: Scoped Roles Processing Efficiency[2m > [22m[2mProperty 10.7: Project role operations should not affect org/system role caches
[22m[39mGoTrueClient@sb-bgxknceshxxifwytalex-auth-token:0 (2.93.3) 2026-02-02T15:20:07.968Z #_acquireLock end

[90mstdout[2m | tests/property/scoped-roles-processing-efficiency.test.ts[2m > [22m[2mProperty 10: Scoped Roles Processing Efficiency[2m > [22m[2mProperty 10.7: Project role operations should not affect org/system role caches
[22m[39mGoTrueClient@sb-bgxknceshxxifwytalex-auth-token:0 (2.93.3) 2026-02-02T15:20:08.060Z #_acquireLock begin [33m10000[39m
GoTrueClient@sb-bgxknceshxxifwytalex-auth-token:0 (2.93.3) 2026-02-02T15:20:08.060Z #_acquireLock lock acquired for storage key sb-bgxknceshxxifwytalex-auth-token
GoTrueClient@sb-bgxknceshxxifwytalex-auth-token:0 (2.93.3) 2026-02-02T15:20:08.060Z #_useSession begin
GoTrueClient@sb-bgxknceshxxifwytalex-auth-token:0 (2.93.3) 2026-02-02T15:20:08.060Z #__loadSession() begin

[90mstdout[2m | tests/property/scoped-roles-processing-efficiency.test.ts[2m > [22m[2mProperty 10: Scoped Roles Processing Efficiency[2m > [22m[2mProperty 10.7: Project role operations should not affect org/system role caches
[22m[39mGoTrueClient@sb-bgxknceshxxifwytalex-auth-token:0 (2.93.3) 2026-02-02T15:20:08.060Z #getSession() session from storage [1mnull[22m
GoTrueClient@sb-bgxknceshxxifwytalex-auth-token:0 (2.93.3) 2026-02-02T15:20:08.060Z #__loadSession() end

[90mstdout[2m | tests/property/scoped-roles-processing-efficiency.test.ts[2m > [22m[2mProperty 10: Scoped Roles Processing Efficiency[2m > [22m[2mProperty 10.7: Project role operations should not affect org/system role caches
[22m[39mGoTrueClient@sb-bgxknceshxxifwytalex-auth-token:0 (2.93.3) 2026-02-02T15:20:08.060Z #_useSession end

[90mstdout[2m | tests/property/scoped-roles-processing-efficiency.test.ts[2m > [22m[2mProperty 10: Scoped Roles Processing Efficiency[2m > [22m[2mProperty 10.7: Project role operations should not affect org/system role caches
[22m[39mGoTrueClient@sb-bgxknceshxxifwytalex-auth-token:0 (2.93.3) 2026-02-02T15:20:08.061Z #_acquireLock lock released for storage key sb-bgxknceshxxifwytalex-auth-token

[90mstdout[2m | tests/property/scoped-roles-processing-efficiency.test.ts[2m > [22m[2mProperty 10: Scoped Roles Processing Efficiency[2m > [22m[2mProperty 10.7: Project role operations should not affect org/system role caches
[22m[39mGoTrueClient@sb-bgxknceshxxifwytalex-auth-token:0 (2.93.3) 2026-02-02T15:20:08.061Z #_acquireLock end

stderr | tests/property/scoped-roles-processing-efficiency.test.ts > Property 10: Scoped Roles Processing Efficiency > Property 10.7: Project role operations should not affect org/system role caches
Error fetching project roles: {
  code: 'PGRST200',
  details: "Searched for a foreign key relationship between 'project_roles' and 'user_profiles' in the schema 'public', but no matches were found.",
  hint: null,
  message: "Could not find a relationship between 'project_roles' and 'user_profiles' in the schema cache"
}

[90mstdout[2m | tests/property/scoped-roles-processing-efficiency.test.ts[2m > [22m[2mProperty 10: Scoped Roles Processing Efficiency[2m > [22m[2mProperty 10.7: Project role operations should not affect org/system role caches
[22m[39mGoTrueClient@sb-bgxknceshxxifwytalex-auth-token:0 (2.93.3) 2026-02-02T15:20:08.077Z #_acquireLock begin [33m10000[39m
GoTrueClient@sb-bgxknceshxxifwytalex-auth-token:0 (2.93.3) 2026-02-02T15:20:08.077Z #_acquireLock lock acquired for storage key sb-bgxknceshxxifwytalex-auth-token
GoTrueClient@sb-bgxknceshxxifwytalex-auth-token:0 (2.93.3) 2026-02-02T15:20:08.077Z #_useSession begin
GoTrueClient@sb-bgxknceshxxifwytalex-auth-token:0 (2.93.3) 2026-02-02T15:20:08.077Z #__loadSession() begin

[90mstdout[2m | tests/property/scoped-roles-processing-efficiency.test.ts[2m > [22m[2mProperty 10: Scoped Roles Processing Efficiency[2m > [22m[2mProperty 10.7: Project role operations should not affect org/system role caches
[22m[39mGoTrueClient@sb-bgxknceshxxifwytalex-auth-token:0 (2.93.3) 2026-02-02T15:20:08.077Z #getSession() session from storage [1mnull[22m
GoTrueClient@sb-bgxknceshxxifwytalex-auth-token:0 (2.93.3) 2026-02-02T15:20:08.077Z #__loadSession() end

[90mstdout[2m | tests/property/scoped-roles-processing-efficiency.test.ts[2m > [22m[2mProperty 10: Scoped Roles Processing Efficiency[2m > [22m[2mProperty 10.7: Project role operations should not affect org/system role caches
[22m[39mGoTrueClient@sb-bgxknceshxxifwytalex-auth-token:0 (2.93.3) 2026-02-02T15:20:08.077Z #_useSession end

[90mstdout[2m | tests/property/scoped-roles-processing-efficiency.test.ts[2m > [22m[2mProperty 10: Scoped Roles Processing Efficiency[2m > [22m[2mProperty 10.7: Project role operations should not affect org/system role caches
[22m[39mGoTrueClient@sb-bgxknceshxxifwytalex-auth-token:0 (2.93.3) 2026-02-02T15:20:08.077Z #_acquireLock lock released for storage key sb-bgxknceshxxifwytalex-auth-token

[90mstdout[2m | tests/property/scoped-roles-processing-efficiency.test.ts[2m > [22m[2mProperty 10: Scoped Roles Processing Efficiency[2m > [22m[2mProperty 10.7: Project role operations should not affect org/system role caches
[22m[39mGoTrueClient@sb-bgxknceshxxifwytalex-auth-token:0 (2.93.3) 2026-02-02T15:20:08.077Z #_acquireLock end

stderr | tests/property/scoped-roles-processing-efficiency.test.ts > Property 10: Scoped Roles Processing Efficiency > Property 10.7: Project role operations should not affect org/system role caches
Error fetching org roles: {
  code: 'PGRST200',
  details: "Searched for a foreign key relationship between 'org_roles' and 'user_profiles' in the schema 'public', but no matches were found.",
  hint: null,
  message: "Could not find a relationship between 'org_roles' and 'user_profiles' in the schema cache"
}

[90mstdout[2m | tests/property/scoped-roles-processing-efficiency.test.ts[2m > [22m[2mProperty 10: Scoped Roles Processing Efficiency[2m > [22m[2mProperty 10.7: Project role operations should not affect org/system role caches
[22m[39mGoTrueClient@sb-bgxknceshxxifwytalex-auth-token:0 (2.93.3) 2026-02-02T15:20:08.098Z #_acquireLock begin [33m10000[39m
GoTrueClient@sb-bgxknceshxxifwytalex-auth-token:0 (2.93.3) 2026-02-02T15:20:08.098Z #_acquireLock lock acquired for storage key sb-bgxknceshxxifwytalex-auth-token
GoTrueClient@sb-bgxknceshxxifwytalex-auth-token:0 (2.93.3) 2026-02-02T15:20:08.098Z #_useSession begin
GoTrueClient@sb-bgxknceshxxifwytalex-auth-token:0 (2.93.3) 2026-02-02T15:20:08.098Z #__loadSession() begin

[90mstdout[2m | tests/property/scoped-roles-processing-efficiency.test.ts[2m > [22m[2mProperty 10: Scoped Roles Processing Efficiency[2m > [22m[2mProperty 10.7: Project role operations should not affect org/system role caches
[22m[39mGoTrueClient@sb-bgxknceshxxifwytalex-auth-token:0 (2.93.3) 2026-02-02T15:20:08.098Z #getSession() session from storage [1mnull[22m
GoTrueClient@sb-bgxknceshxxifwytalex-auth-token:0 (2.93.3) 2026-02-02T15:20:08.098Z #__loadSession() end

[90mstdout[2m | tests/property/scoped-roles-processing-efficiency.test.ts[2m > [22m[2mProperty 10: Scoped Roles Processing Efficiency[2m > [22m[2mProperty 10.7: Project role operations should not affect org/system role caches
[22m[39mGoTrueClient@sb-bgxknceshxxifwytalex-auth-token:0 (2.93.3) 2026-02-02T15:20:08.098Z #_useSession end

[90mstdout[2m | tests/property/scoped-roles-processing-efficiency.test.ts[2m > [22m[2mProperty 10: Scoped Roles Processing Efficiency[2m > [22m[2mProperty 10.7: Project role operations should not affect org/system role caches
[22m[39mGoTrueClient@sb-bgxknceshxxifwytalex-auth-token:0 (2.93.3) 2026-02-02T15:20:08.098Z #_acquireLock lock released for storage key sb-bgxknceshxxifwytalex-auth-token

[90mstdout[2m | tests/property/scoped-roles-processing-efficiency.test.ts[2m > [22m[2mProperty 10: Scoped Roles Processing Efficiency[2m > [22m[2mProperty 10.7: Project role operations should not affect org/system role caches
[22m[39mGoTrueClient@sb-bgxknceshxxifwytalex-auth-token:0 (2.93.3) 2026-02-02T15:20:08.098Z #_acquireLock end

stderr | tests/property/scoped-roles-processing-efficiency.test.ts > Property 10: Scoped Roles Processing Efficiency > Property 10.7: Project role operations should not affect org/system role caches
Error fetching project roles: {
  code: 'PGRST200',
  details: "Searched for a foreign key relationship between 'project_roles' and 'user_profiles' in the schema 'public', but no matches were found.",
  hint: null,
  message: "Could not find a relationship between 'project_roles' and 'user_profiles' in the schema cache"
}

[90mstdout[2m | tests/property/scoped-roles-processing-efficiency.test.ts[2m > [22m[2mProperty 10: Scoped Roles Processing Efficiency[2m > [22m[2mProperty 10.7: Project role operations should not affect org/system role caches
[22m[39mGoTrueClient@sb-bgxknceshxxifwytalex-auth-token:0 (2.93.3) 2026-02-02T15:20:08.116Z #_acquireLock begin [33m10000[39m
GoTrueClient@sb-bgxknceshxxifwytalex-auth-token:0 (2.93.3) 2026-02-02T15:20:08.116Z #_acquireLock lock acquired for storage key sb-bgxknceshxxifwytalex-auth-token
GoTrueClient@sb-bgxknceshxxifwytalex-auth-token:0 (2.93.3) 2026-02-02T15:20:08.116Z #_useSession begin
GoTrueClient@sb-bgxknceshxxifwytalex-auth-token:0 (2.93.3) 2026-02-02T15:20:08.116Z #__loadSession() begin

[90mstdout[2m | tests/property/scoped-roles-processing-efficiency.test.ts[2m > [22m[2mProperty 10: Scoped Roles Processing Efficiency[2m > [22m[2mProperty 10.7: Project role operations should not affect org/system role caches
[22m[39mGoTrueClient@sb-bgxknceshxxifwytalex-auth-token:0 (2.93.3) 2026-02-02T15:20:08.116Z #getSession() session from storage [1mnull[22m
GoTrueClient@sb-bgxknceshxxifwytalex-auth-token:0 (2.93.3) 2026-02-02T15:20:08.116Z #__loadSession() end

[90mstdout[2m | tests/property/scoped-roles-processing-efficiency.test.ts[2m > [22m[2mProperty 10: Scoped Roles Processing Efficiency[2m > [22m[2mProperty 10.7: Project role operations should not affect org/system role caches
[22m[39mGoTrueClient@sb-bgxknceshxxifwytalex-auth-token:0 (2.93.3) 2026-02-02T15:20:08.116Z #_useSession end

[90mstdout[2m | tests/property/scoped-roles-processing-efficiency.test.ts[2m > [22m[2mProperty 10: Scoped Roles Processing Efficiency[2m > [22m[2mProperty 10.7: Project role operations should not affect org/system role caches
[22m[39mGoTrueClient@sb-bgxknceshxxifwytalex-auth-token:0 (2.93.3) 2026-02-02T15:20:08.116Z #_acquireLock lock released for storage key sb-bgxknceshxxifwytalex-auth-token

[90mstdout[2m | tests/property/scoped-roles-processing-efficiency.test.ts[2m > [22m[2mProperty 10: Scoped Roles Processing Efficiency[2m > [22m[2mProperty 10.7: Project role operations should not affect org/system role caches
[22m[39mGoTrueClient@sb-bgxknceshxxifwytalex-auth-token:0 (2.93.3) 2026-02-02T15:20:08.116Z #_acquireLock end

stderr | tests/property/scoped-roles-processing-efficiency.test.ts > Property 10: Scoped Roles Processing Efficiency > Property 10.7: Project role operations should not affect org/system role caches
Error fetching project roles: {
  code: 'PGRST200',
  details: "Searched for a foreign key relationship between 'project_roles' and 'user_profiles' in the schema 'public', but no matches were found.",
  hint: null,
  message: "Could not find a relationship between 'project_roles' and 'user_profiles' in the schema cache"
}

[90mstdout[2m | tests/property/scoped-roles-processing-efficiency.test.ts[2m > [22m[2mProperty 10: Scoped Roles Processing Efficiency[2m > [22m[2mProperty 10.7: Project role operations should not affect org/system role caches
[22m[39mGoTrueClient@sb-bgxknceshxxifwytalex-auth-token:0 (2.93.3) 2026-02-02T15:20:08.158Z #_acquireLock begin [33m10000[39m
GoTrueClient@sb-bgxknceshxxifwytalex-auth-token:0 (2.93.3) 2026-02-02T15:20:08.158Z #_acquireLock lock acquired for storage key sb-bgxknceshxxifwytalex-auth-token
GoTrueClient@sb-bgxknceshxxifwytalex-auth-token:0 (2.93.3) 2026-02-02T15:20:08.158Z #_useSession begin
GoTrueClient@sb-bgxknceshxxifwytalex-auth-token:0 (2.93.3) 2026-02-02T15:20:08.158Z #__loadSession() begin

[90mstdout[2m | tests/property/scoped-roles-processing-efficiency.test.ts[2m > [22m[2mProperty 10: Scoped Roles Processing Efficiency[2m > [22m[2mProperty 10.7: Project role operations should not affect org/system role caches
[22m[39mGoTrueClient@sb-bgxknceshxxifwytalex-auth-token:0 (2.93.3) 2026-02-02T15:20:08.159Z #getSession() session from storage [1mnull[22m
GoTrueClient@sb-bgxknceshxxifwytalex-auth-token:0 (2.93.3) 2026-02-02T15:20:08.159Z #__loadSession() end

[90mstdout[2m | tests/property/scoped-roles-processing-efficiency.test.ts[2m > [22m[2mProperty 10: Scoped Roles Processing Efficiency[2m > [22m[2mProperty 10.7: Project role operations should not affect org/system role caches
[22m[39mGoTrueClient@sb-bgxknceshxxifwytalex-auth-token:0 (2.93.3) 2026-02-02T15:20:08.159Z #_useSession end

[90mstdout[2m | tests/property/scoped-roles-processing-efficiency.test.ts[2m > [22m[2mProperty 10: Scoped Roles Processing Efficiency[2m > [22m[2mProperty 10.7: Project role operations should not affect org/system role caches
[22m[39mGoTrueClient@sb-bgxknceshxxifwytalex-auth-token:0 (2.93.3) 2026-02-02T15:20:08.159Z #_acquireLock lock released for storage key sb-bgxknceshxxifwytalex-auth-token

[90mstdout[2m | tests/property/scoped-roles-processing-efficiency.test.ts[2m > [22m[2mProperty 10: Scoped Roles Processing Efficiency[2m > [22m[2mProperty 10.7: Project role operations should not affect org/system role caches
[22m[39mGoTrueClient@sb-bgxknceshxxifwytalex-auth-token:0 (2.93.3) 2026-02-02T15:20:08.159Z #_acquireLock end

stderr | tests/property/scoped-roles-processing-efficiency.test.ts > Property 10: Scoped Roles Processing Efficiency > Property 10.7: Project role operations should not affect org/system role caches
Error fetching org roles: {
  code: 'PGRST200',
  details: "Searched for a foreign key relationship between 'org_roles' and 'user_profiles' in the schema 'public', but no matches were found.",
  hint: null,
  message: "Could not find a relationship between 'org_roles' and 'user_profiles' in the schema cache"
}

[90mstdout[2m | tests/property/scoped-roles-processing-efficiency.test.ts[2m > [22m[2mProperty 10: Scoped Roles Processing Efficiency[2m > [22m[2mProperty 10.7: Project role operations should not affect org/system role caches
[22m[39mGoTrueClient@sb-bgxknceshxxifwytalex-auth-token:0 (2.93.3) 2026-02-02T15:20:08.190Z #_acquireLock begin [33m10000[39m
GoTrueClient@sb-bgxknceshxxifwytalex-auth-token:0 (2.93.3) 2026-02-02T15:20:08.190Z #_acquireLock lock acquired for storage key sb-bgxknceshxxifwytalex-auth-token
GoTrueClient@sb-bgxknceshxxifwytalex-auth-token:0 (2.93.3) 2026-02-02T15:20:08.190Z #_useSession begin
GoTrueClient@sb-bgxknceshxxifwytalex-auth-token:0 (2.93.3) 2026-02-02T15:20:08.190Z #__loadSession() begin

[90mstdout[2m | tests/property/scoped-roles-processing-efficiency.test.ts[2m > [22m[2mProperty 10: Scoped Roles Processing Efficiency[2m > [22m[2mProperty 10.7: Project role operations should not affect org/system role caches
[22m[39mGoTrueClient@sb-bgxknceshxxifwytalex-auth-token:0 (2.93.3) 2026-02-02T15:20:08.190Z #getSession() session from storage [1mnull[22m
GoTrueClient@sb-bgxknceshxxifwytalex-auth-token:0 (2.93.3) 2026-02-02T15:20:08.190Z #__loadSession() end

[90mstdout[2m | tests/property/scoped-roles-processing-efficiency.test.ts[2m > [22m[2mProperty 10: Scoped Roles Processing Efficiency[2m > [22m[2mProperty 10.7: Project role operations should not affect org/system role caches
[22m[39mGoTrueClient@sb-bgxknceshxxifwytalex-auth-token:0 (2.93.3) 2026-02-02T15:20:08.190Z #_useSession end

[90mstdout[2m | tests/property/scoped-roles-processing-efficiency.test.ts[2m > [22m[2mProperty 10: Scoped Roles Processing Efficiency[2m > [22m[2mProperty 10.7: Project role operations should not affect org/system role caches
[22m[39mGoTrueClient@sb-bgxknceshxxifwytalex-auth-token:0 (2.93.3) 2026-02-02T15:20:08.190Z #_acquireLock lock released for storage key sb-bgxknceshxxifwytalex-auth-token

[90mstdout[2m | tests/property/scoped-roles-processing-efficiency.test.ts[2m > [22m[2mProperty 10: Scoped Roles Processing Efficiency[2m > [22m[2mProperty 10.7: Project role operations should not affect org/system role caches
[22m[39mGoTrueClient@sb-bgxknceshxxifwytalex-auth-token:0 (2.93.3) 2026-02-02T15:20:08.190Z #_acquireLock end

[90mstdout[2m | tests/property/scoped-roles-processing-efficiency.test.ts[2m > [22m[2mProperty 10: Scoped Roles Processing Efficiency[2m > [22m[2mProperty 10.7: Project role operations should not affect org/system role caches
[22m[39mGoTrueClient@sb-bgxknceshxxifwytalex-auth-token:0 (2.93.3) 2026-02-02T15:20:08.261Z #_acquireLock begin [33m10000[39m
GoTrueClient@sb-bgxknceshxxifwytalex-auth-token:0 (2.93.3) 2026-02-02T15:20:08.261Z #_acquireLock lock acquired for storage key sb-bgxknceshxxifwytalex-auth-token
GoTrueClient@sb-bgxknceshxxifwytalex-auth-token:0 (2.93.3) 2026-02-02T15:20:08.261Z #_useSession begin
GoTrueClient@sb-bgxknceshxxifwytalex-auth-token:0 (2.93.3) 2026-02-02T15:20:08.261Z #__loadSession() begin

[90mstdout[2m | tests/property/scoped-roles-processing-efficiency.test.ts[2m > [22m[2mProperty 10: Scoped Roles Processing Efficiency[2m > [22m[2mProperty 10.7: Project role operations should not affect org/system role caches
[22m[39mGoTrueClient@sb-bgxknceshxxifwytalex-auth-token:0 (2.93.3) 2026-02-02T15:20:08.261Z #getSession() session from storage [1mnull[22m
GoTrueClient@sb-bgxknceshxxifwytalex-auth-token:0 (2.93.3) 2026-02-02T15:20:08.261Z #__loadSession() end

[90mstdout[2m | tests/property/scoped-roles-processing-efficiency.test.ts[2m > [22m[2mProperty 10: Scoped Roles Processing Efficiency[2m > [22m[2mProperty 10.7: Project role operations should not affect org/system role caches
[22m[39mGoTrueClient@sb-bgxknceshxxifwytalex-auth-token:0 (2.93.3) 2026-02-02T15:20:08.262Z #_useSession end

[90mstdout[2m | tests/property/scoped-roles-processing-efficiency.test.ts[2m > [22m[2mProperty 10: Scoped Roles Processing Efficiency[2m > [22m[2mProperty 10.7: Project role operations should not affect org/system role caches
[22m[39mGoTrueClient@sb-bgxknceshxxifwytalex-auth-token:0 (2.93.3) 2026-02-02T15:20:08.262Z #_acquireLock lock released for storage key sb-bgxknceshxxifwytalex-auth-token

[90mstdout[2m | tests/property/scoped-roles-processing-efficiency.test.ts[2m > [22m[2mProperty 10: Scoped Roles Processing Efficiency[2m > [22m[2mProperty 10.7: Project role operations should not affect org/system role caches
[22m[39mGoTrueClient@sb-bgxknceshxxifwytalex-auth-token:0 (2.93.3) 2026-02-02T15:20:08.262Z #_acquireLock end

stderr | tests/property/scoped-roles-processing-efficiency.test.ts > Property 10: Scoped Roles Processing Efficiency > Property 10.7: Project role operations should not affect org/system role caches
Error fetching project roles: {
  code: 'PGRST200',
  details: "Searched for a foreign key relationship between 'project_roles' and 'user_profiles' in the schema 'public', but no matches were found.",
  hint: null,
  message: "Could not find a relationship between 'project_roles' and 'user_profiles' in the schema cache"
}

[90mstdout[2m | tests/property/scoped-roles-processing-efficiency.test.ts[2m > [22m[2mProperty 10: Scoped Roles Processing Efficiency[2m > [22m[2mProperty 10.7: Project role operations should not affect org/system role caches
[22m[39mGoTrueClient@sb-bgxknceshxxifwytalex-auth-token:0 (2.93.3) 2026-02-02T15:20:08.297Z #_acquireLock begin [33m10000[39m
GoTrueClient@sb-bgxknceshxxifwytalex-auth-token:0 (2.93.3) 2026-02-02T15:20:08.297Z #_acquireLock lock acquired for storage key sb-bgxknceshxxifwytalex-auth-token
GoTrueClient@sb-bgxknceshxxifwytalex-auth-token:0 (2.93.3) 2026-02-02T15:20:08.297Z #_useSession begin
GoTrueClient@sb-bgxknceshxxifwytalex-auth-token:0 (2.93.3) 2026-02-02T15:20:08.297Z #__loadSession() begin

[90mstdout[2m | tests/property/scoped-roles-processing-efficiency.test.ts[2m > [22m[2mProperty 10: Scoped Roles Processing Efficiency[2m > [22m[2mProperty 10.7: Project role operations should not affect org/system role caches
[22m[39mGoTrueClient@sb-bgxknceshxxifwytalex-auth-token:0 (2.93.3) 2026-02-02T15:20:08.297Z #getSession() session from storage [1mnull[22m
GoTrueClient@sb-bgxknceshxxifwytalex-auth-token:0 (2.93.3) 2026-02-02T15:20:08.297Z #__loadSession() end

[90mstdout[2m | tests/property/scoped-roles-processing-efficiency.test.ts[2m > [22m[2mProperty 10: Scoped Roles Processing Efficiency[2m > [22m[2mProperty 10.7: Project role operations should not affect org/system role caches
[22m[39mGoTrueClient@sb-bgxknceshxxifwytalex-auth-token:0 (2.93.3) 2026-02-02T15:20:08.297Z #_useSession end

[90mstdout[2m | tests/property/scoped-roles-processing-efficiency.test.ts[2m > [22m[2mProperty 10: Scoped Roles Processing Efficiency[2m > [22m[2mProperty 10.7: Project role operations should not affect org/system role caches
[22m[39mGoTrueClient@sb-bgxknceshxxifwytalex-auth-token:0 (2.93.3) 2026-02-02T15:20:08.297Z #_acquireLock lock released for storage key sb-bgxknceshxxifwytalex-auth-token

[90mstdout[2m | tests/property/scoped-roles-processing-efficiency.test.ts[2m > [22m[2mProperty 10: Scoped Roles Processing Efficiency[2m > [22m[2mProperty 10.7: Project role operations should not affect org/system role caches
[22m[39mGoTrueClient@sb-bgxknceshxxifwytalex-auth-token:0 (2.93.3) 2026-02-02T15:20:08.297Z #_acquireLock end

[90mstdout[2m | tests/property/scoped-roles-processing-efficiency.test.ts[2m > [22m[2mProperty 10: Scoped Roles Processing Efficiency[2m > [22m[2mProperty 10.7: Project role operations should not affect org/system role caches
[22m[39mGoTrueClient@sb-bgxknceshxxifwytalex-auth-token:0 (2.93.3) 2026-02-02T15:20:08.301Z #_acquireLock begin [33m10000[39m
GoTrueClient@sb-bgxknceshxxifwytalex-auth-token:0 (2.93.3) 2026-02-02T15:20:08.301Z #_acquireLock lock acquired for storage key sb-bgxknceshxxifwytalex-auth-token
GoTrueClient@sb-bgxknceshxxifwytalex-auth-token:0 (2.93.3) 2026-02-02T15:20:08.301Z #_useSession begin
GoTrueClient@sb-bgxknceshxxifwytalex-auth-token:0 (2.93.3) 2026-02-02T15:20:08.301Z #__loadSession() begin

[90mstdout[2m | tests/property/scoped-roles-processing-efficiency.test.ts[2m > [22m[2mProperty 10: Scoped Roles Processing Efficiency[2m > [22m[2mProperty 10.7: Project role operations should not affect org/system role caches
[22m[39mGoTrueClient@sb-bgxknceshxxifwytalex-auth-token:0 (2.93.3) 2026-02-02T15:20:08.301Z #getSession() session from storage [1mnull[22m
GoTrueClient@sb-bgxknceshxxifwytalex-auth-token:0 (2.93.3) 2026-02-02T15:20:08.301Z #__loadSession() end

[90mstdout[2m | tests/property/scoped-roles-processing-efficiency.test.ts[2m > [22m[2mProperty 10: Scoped Roles Processing Efficiency[2m > [22m[2mProperty 10.7: Project role operations should not affect org/system role caches
[22m[39mGoTrueClient@sb-bgxknceshxxifwytalex-auth-token:0 (2.93.3) 2026-02-02T15:20:08.301Z #_useSession end

[90mstdout[2m | tests/property/scoped-roles-processing-efficiency.test.ts[2m > [22m[2mProperty 10: Scoped Roles Processing Efficiency[2m > [22m[2mProperty 10.7: Project role operations should not affect org/system role caches
[22m[39mGoTrueClient@sb-bgxknceshxxifwytalex-auth-token:0 (2.93.3) 2026-02-02T15:20:08.301Z #_acquireLock lock released for storage key sb-bgxknceshxxifwytalex-auth-token

[90mstdout[2m | tests/property/scoped-roles-processing-efficiency.test.ts[2m > [22m[2mProperty 10: Scoped Roles Processing Efficiency[2m > [22m[2mProperty 10.7: Project role operations should not affect org/system role caches
[22m[39mGoTrueClient@sb-bgxknceshxxifwytalex-auth-token:0 (2.93.3) 2026-02-02T15:20:08.301Z #_acquireLock end

[90mstdout[2m | tests/property/scoped-roles-processing-efficiency.test.ts[2m > [22m[2mProperty 10: Scoped Roles Processing Efficiency[2m > [22m[2mProperty 10.7: Project role operations should not affect org/system role caches
[22m[39mGoTrueClient@sb-bgxknceshxxifwytalex-auth-token:0 (2.93.3) 2026-02-02T15:20:08.334Z #_acquireLock begin [33m10000[39m
GoTrueClient@sb-bgxknceshxxifwytalex-auth-token:0 (2.93.3) 2026-02-02T15:20:08.334Z #_acquireLock lock acquired for storage key sb-bgxknceshxxifwytalex-auth-token
GoTrueClient@sb-bgxknceshxxifwytalex-auth-token:0 (2.93.3) 2026-02-02T15:20:08.334Z #_useSession begin
GoTrueClient@sb-bgxknceshxxifwytalex-auth-token:0 (2.93.3) 2026-02-02T15:20:08.334Z #__loadSession() begin

[90mstdout[2m | tests/property/scoped-roles-processing-efficiency.test.ts[2m > [22m[2mProperty 10: Scoped Roles Processing Efficiency[2m > [22m[2mProperty 10.7: Project role operations should not affect org/system role caches
[22m[39mGoTrueClient@sb-bgxknceshxxifwytalex-auth-token:0 (2.93.3) 2026-02-02T15:20:08.334Z #getSession() session from storage [1mnull[22m
GoTrueClient@sb-bgxknceshxxifwytalex-auth-token:0 (2.93.3) 2026-02-02T15:20:08.334Z #__loadSession() end

[90mstdout[2m | tests/property/scoped-roles-processing-efficiency.test.ts[2m > [22m[2mProperty 10: Scoped Roles Processing Efficiency[2m > [22m[2mProperty 10.7: Project role operations should not affect org/system role caches
[22m[39mGoTrueClient@sb-bgxknceshxxifwytalex-auth-token:0 (2.93.3) 2026-02-02T15:20:08.334Z #_useSession end

[90mstdout[2m | tests/property/scoped-roles-processing-efficiency.test.ts[2m > [22m[2mProperty 10: Scoped Roles Processing Efficiency[2m > [22m[2mProperty 10.7: Project role operations should not affect org/system role caches
[22m[39mGoTrueClient@sb-bgxknceshxxifwytalex-auth-token:0 (2.93.3) 2026-02-02T15:20:08.334Z #_acquireLock lock released for storage key sb-bgxknceshxxifwytalex-auth-token

[90mstdout[2m | tests/property/scoped-roles-processing-efficiency.test.ts[2m > [22m[2mProperty 10: Scoped Roles Processing Efficiency[2m > [22m[2mProperty 10.7: Project role operations should not affect org/system role caches
[22m[39mGoTrueClient@sb-bgxknceshxxifwytalex-auth-token:0 (2.93.3) 2026-02-02T15:20:08.334Z #_acquireLock end

stderr | tests/property/scoped-roles-processing-efficiency.test.ts > Property 10: Scoped Roles Processing Efficiency > Property 10.7: Project role operations should not affect org/system role caches
Error fetching project roles: {
  code: 'PGRST200',
  details: "Searched for a foreign key relationship between 'project_roles' and 'user_profiles' in the schema 'public', but no matches were found.",
  hint: null,
  message: "Could not find a relationship between 'project_roles' and 'user_profiles' in the schema cache"
}

[90mstdout[2m | tests/property/scoped-roles-processing-efficiency.test.ts[2m > [22m[2mProperty 10: Scoped Roles Processing Efficiency[2m > [22m[2mProperty 10.7: Project role operations should not affect org/system role caches
[22m[39mGoTrueClient@sb-bgxknceshxxifwytalex-auth-token:0 (2.93.3) 2026-02-02T15:20:08.355Z #_acquireLock begin [33m10000[39m
GoTrueClient@sb-bgxknceshxxifwytalex-auth-token:0 (2.93.3) 2026-02-02T15:20:08.355Z #_acquireLock lock acquired for storage key sb-bgxknceshxxifwytalex-auth-token
GoTrueClient@sb-bgxknceshxxifwytalex-auth-token:0 (2.93.3) 2026-02-02T15:20:08.355Z #_useSession begin
GoTrueClient@sb-bgxknceshxxifwytalex-auth-token:0 (2.93.3) 2026-02-02T15:20:08.355Z #__loadSession() begin

[90mstdout[2m | tests/property/scoped-roles-processing-efficiency.test.ts[2m > [22m[2mProperty 10: Scoped Roles Processing Efficiency[2m > [22m[2mProperty 10.7: Project role operations should not affect org/system role caches
[22m[39mGoTrueClient@sb-bgxknceshxxifwytalex-auth-token:0 (2.93.3) 2026-02-02T15:20:08.355Z #getSession() session from storage [1mnull[22m
GoTrueClient@sb-bgxknceshxxifwytalex-auth-token:0 (2.93.3) 2026-02-02T15:20:08.355Z #__loadSession() end

[90mstdout[2m | tests/property/scoped-roles-processing-efficiency.test.ts[2m > [22m[2mProperty 10: Scoped Roles Processing Efficiency[2m > [22m[2mProperty 10.7: Project role operations should not affect org/system role caches
[22m[39mGoTrueClient@sb-bgxknceshxxifwytalex-auth-token:0 (2.93.3) 2026-02-02T15:20:08.356Z #_useSession end

[90mstdout[2m | tests/property/scoped-roles-processing-efficiency.test.ts[2m > [22m[2mProperty 10: Scoped Roles Processing Efficiency[2m > [22m[2mProperty 10.7: Project role operations should not affect org/system role caches
[22m[39mGoTrueClient@sb-bgxknceshxxifwytalex-auth-token:0 (2.93.3) 2026-02-02T15:20:08.356Z #_acquireLock lock released for storage key sb-bgxknceshxxifwytalex-auth-token

[90mstdout[2m | tests/property/scoped-roles-processing-efficiency.test.ts[2m > [22m[2mProperty 10: Scoped Roles Processing Efficiency[2m > [22m[2mProperty 10.7: Project role operations should not affect org/system role caches
[22m[39mGoTrueClient@sb-bgxknceshxxifwytalex-auth-token:0 (2.93.3) 2026-02-02T15:20:08.356Z #_acquireLock end

stderr | tests/property/scoped-roles-processing-efficiency.test.ts > Property 10: Scoped Roles Processing Efficiency > Property 10.7: Project role operations should not affect org/system role caches
Error fetching org roles: {
  code: 'PGRST200',
  details: "Searched for a foreign key relationship between 'org_roles' and 'user_profiles' in the schema 'public', but no matches were found.",
  hint: null,
  message: "Could not find a relationship between 'org_roles' and 'user_profiles' in the schema cache"
}

[90mstdout[2m | tests/property/scoped-roles-processing-efficiency.test.ts[2m > [22m[2mProperty 10: Scoped Roles Processing Efficiency[2m > [22m[2mProperty 10.7: Project role operations should not affect org/system role caches
[22m[39mGoTrueClient@sb-bgxknceshxxifwytalex-auth-token:0 (2.93.3) 2026-02-02T15:20:08.399Z #_acquireLock begin [33m10000[39m
GoTrueClient@sb-bgxknceshxxifwytalex-auth-token:0 (2.93.3) 2026-02-02T15:20:08.400Z #_acquireLock lock acquired for storage key sb-bgxknceshxxifwytalex-auth-token
GoTrueClient@sb-bgxknceshxxifwytalex-auth-token:0 (2.93.3) 2026-02-02T15:20:08.400Z #_useSession begin
GoTrueClient@sb-bgxknceshxxifwytalex-auth-token:0 (2.93.3) 2026-02-02T15:20:08.400Z #__loadSession() begin

[90mstdout[2m | tests/property/scoped-roles-processing-efficiency.test.ts[2m > [22m[2mProperty 10: Scoped Roles Processing Efficiency[2m > [22m[2mProperty 10.7: Project role operations should not affect org/system role caches
[22m[39mGoTrueClient@sb-bgxknceshxxifwytalex-auth-token:0 (2.93.3) 2026-02-02T15:20:08.400Z #getSession() session from storage [1mnull[22m
GoTrueClient@sb-bgxknceshxxifwytalex-auth-token:0 (2.93.3) 2026-02-02T15:20:08.400Z #__loadSession() end

[90mstdout[2m | tests/property/scoped-roles-processing-efficiency.test.ts[2m > [22m[2mProperty 10: Scoped Roles Processing Efficiency[2m > [22m[2mProperty 10.7: Project role operations should not affect org/system role caches
[22m[39mGoTrueClient@sb-bgxknceshxxifwytalex-auth-token:0 (2.93.3) 2026-02-02T15:20:08.400Z #_useSession end

[90mstdout[2m | tests/property/scoped-roles-processing-efficiency.test.ts[2m > [22m[2mProperty 10: Scoped Roles Processing Efficiency[2m > [22m[2mProperty 10.7: Project role operations should not affect org/system role caches
[22m[39mGoTrueClient@sb-bgxknceshxxifwytalex-auth-token:0 (2.93.3) 2026-02-02T15:20:08.400Z #_acquireLock lock released for storage key sb-bgxknceshxxifwytalex-auth-token

[90mstdout[2m | tests/property/scoped-roles-processing-efficiency.test.ts[2m > [22m[2mProperty 10: Scoped Roles Processing Efficiency[2m > [22m[2mProperty 10.7: Project role operations should not affect org/system role caches
[22m[39mGoTrueClient@sb-bgxknceshxxifwytalex-auth-token:0 (2.93.3) 2026-02-02T15:20:08.400Z #_acquireLock end

[90mstdout[2m | tests/property/scoped-roles-processing-efficiency.test.ts[2m > [22m[2mProperty 10: Scoped Roles Processing Efficiency[2m > [22m[2mProperty 10.7: Project role operations should not affect org/system role caches
[22m[39mGoTrueClient@sb-bgxknceshxxifwytalex-auth-token:0 (2.93.3) 2026-02-02T15:20:08.476Z #_acquireLock begin [33m10000[39m
GoTrueClient@sb-bgxknceshxxifwytalex-auth-token:0 (2.93.3) 2026-02-02T15:20:08.476Z #_acquireLock lock acquired for storage key sb-bgxknceshxxifwytalex-auth-token
GoTrueClient@sb-bgxknceshxxifwytalex-auth-token:0 (2.93.3) 2026-02-02T15:20:08.476Z #_useSession begin
GoTrueClient@sb-bgxknceshxxifwytalex-auth-token:0 (2.93.3) 2026-02-02T15:20:08.476Z #__loadSession() begin

[90mstdout[2m | tests/property/scoped-roles-processing-efficiency.test.ts[2m > [22m[2mProperty 10: Scoped Roles Processing Efficiency[2m > [22m[2mProperty 10.7: Project role operations should not affect org/system role caches
[22m[39mGoTrueClient@sb-bgxknceshxxifwytalex-auth-token:0 (2.93.3) 2026-02-02T15:20:08.477Z #getSession() session from storage [1mnull[22m
GoTrueClient@sb-bgxknceshxxifwytalex-auth-token:0 (2.93.3) 2026-02-02T15:20:08.477Z #__loadSession() end

[90mstdout[2m | tests/property/scoped-roles-processing-efficiency.test.ts[2m > [22m[2mProperty 10: Scoped Roles Processing Efficiency[2m > [22m[2mProperty 10.7: Project role operations should not affect org/system role caches
[22m[39mGoTrueClient@sb-bgxknceshxxifwytalex-auth-token:0 (2.93.3) 2026-02-02T15:20:08.477Z #_useSession end

[90mstdout[2m | tests/property/scoped-roles-processing-efficiency.test.ts[2m > [22m[2mProperty 10: Scoped Roles Processing Efficiency[2m > [22m[2mProperty 10.7: Project role operations should not affect org/system role caches
[22m[39mGoTrueClient@sb-bgxknceshxxifwytalex-auth-token:0 (2.93.3) 2026-02-02T15:20:08.477Z #_acquireLock lock released for storage key sb-bgxknceshxxifwytalex-auth-token

[90mstdout[2m | tests/property/scoped-roles-processing-efficiency.test.ts[2m > [22m[2mProperty 10: Scoped Roles Processing Efficiency[2m > [22m[2mProperty 10.7: Project role operations should not affect org/system role caches
[22m[39mGoTrueClient@sb-bgxknceshxxifwytalex-auth-token:0 (2.93.3) 2026-02-02T15:20:08.477Z #_acquireLock end

[90mstdout[2m | tests/property/scoped-roles-processing-efficiency.test.ts[2m > [22m[2mProperty 10: Scoped Roles Processing Efficiency[2m > [22m[2mProperty 10.7: Project role operations should not affect org/system role caches
[22m[39mGoTrueClient@sb-bgxknceshxxifwytalex-auth-token:0 (2.93.3) 2026-02-02T15:20:08.493Z #_acquireLock begin [33m10000[39m
GoTrueClient@sb-bgxknceshxxifwytalex-auth-token:0 (2.93.3) 2026-02-02T15:20:08.493Z #_acquireLock lock acquired for storage key sb-bgxknceshxxifwytalex-auth-token
GoTrueClient@sb-bgxknceshxxifwytalex-auth-token:0 (2.93.3) 2026-02-02T15:20:08.493Z #_useSession begin
GoTrueClient@sb-bgxknceshxxifwytalex-auth-token:0 (2.93.3) 2026-02-02T15:20:08.493Z #__loadSession() begin

[90mstdout[2m | tests/property/scoped-roles-processing-efficiency.test.ts[2m > [22m[2mProperty 10: Scoped Roles Processing Efficiency[2m > [22m[2mProperty 10.7: Project role operations should not affect org/system role caches
[22m[39mGoTrueClient@sb-bgxknceshxxifwytalex-auth-token:0 (2.93.3) 2026-02-02T15:20:08.493Z #getSession() session from storage [1mnull[22m
GoTrueClient@sb-bgxknceshxxifwytalex-auth-token:0 (2.93.3) 2026-02-02T15:20:08.493Z #__loadSession() end

[90mstdout[2m | tests/property/scoped-roles-processing-efficiency.test.ts[2m > [22m[2mProperty 10: Scoped Roles Processing Efficiency[2m > [22m[2mProperty 10.7: Project role operations should not affect org/system role caches
[22m[39mGoTrueClient@sb-bgxknceshxxifwytalex-auth-token:0 (2.93.3) 2026-02-02T15:20:08.493Z #_useSession end

[90mstdout[2m | tests/property/scoped-roles-processing-efficiency.test.ts[2m > [22m[2mProperty 10: Scoped Roles Processing Efficiency[2m > [22m[2mProperty 10.7: Project role operations should not affect org/system role caches
[22m[39mGoTrueClient@sb-bgxknceshxxifwytalex-auth-token:0 (2.93.3) 2026-02-02T15:20:08.493Z #_acquireLock lock released for storage key sb-bgxknceshxxifwytalex-auth-token

[90mstdout[2m | tests/property/scoped-roles-processing-efficiency.test.ts[2m > [22m[2mProperty 10: Scoped Roles Processing Efficiency[2m > [22m[2mProperty 10.7: Project role operations should not affect org/system role caches
[22m[39mGoTrueClient@sb-bgxknceshxxifwytalex-auth-token:0 (2.93.3) 2026-02-02T15:20:08.493Z #_acquireLock end

stderr | tests/property/scoped-roles-processing-efficiency.test.ts > Property 10: Scoped Roles Processing Efficiency > Property 10.7: Project role operations should not affect org/system role caches
Error fetching org roles: {
  code: 'PGRST200',
  details: "Searched for a foreign key relationship between 'org_roles' and 'user_profiles' in the schema 'public', but no matches were found.",
  hint: null,
  message: "Could not find a relationship between 'org_roles' and 'user_profiles' in the schema cache"
}

[90mstdout[2m | tests/property/scoped-roles-processing-efficiency.test.ts[2m > [22m[2mProperty 10: Scoped Roles Processing Efficiency[2m > [22m[2mProperty 10.7: Project role operations should not affect org/system role caches
[22m[39mGoTrueClient@sb-bgxknceshxxifwytalex-auth-token:0 (2.93.3) 2026-02-02T15:20:08.507Z #_acquireLock begin [33m10000[39m
GoTrueClient@sb-bgxknceshxxifwytalex-auth-token:0 (2.93.3) 2026-02-02T15:20:08.507Z #_acquireLock lock acquired for storage key sb-bgxknceshxxifwytalex-auth-token
GoTrueClient@sb-bgxknceshxxifwytalex-auth-token:0 (2.93.3) 2026-02-02T15:20:08.508Z #_useSession begin
GoTrueClient@sb-bgxknceshxxifwytalex-auth-token:0 (2.93.3) 2026-02-02T15:20:08.508Z #__loadSession() begin

[90mstdout[2m | tests/property/scoped-roles-processing-efficiency.test.ts[2m > [22m[2mProperty 10: Scoped Roles Processing Efficiency[2m > [22m[2mProperty 10.7: Project role operations should not affect org/system role caches
[22m[39mGoTrueClient@sb-bgxknceshxxifwytalex-auth-token:0 (2.93.3) 2026-02-02T15:20:08.508Z #getSession() session from storage [1mnull[22m
GoTrueClient@sb-bgxknceshxxifwytalex-auth-token:0 (2.93.3) 2026-02-02T15:20:08.508Z #__loadSession() end

[90mstdout[2m | tests/property/scoped-roles-processing-efficiency.test.ts[2m > [22m[2mProperty 10: Scoped Roles Processing Efficiency[2m > [22m[2mProperty 10.7: Project role operations should not affect org/system role caches
[22m[39mGoTrueClient@sb-bgxknceshxxifwytalex-auth-token:0 (2.93.3) 2026-02-02T15:20:08.508Z #_useSession end

[90mstdout[2m | tests/property/scoped-roles-processing-efficiency.test.ts[2m > [22m[2mProperty 10: Scoped Roles Processing Efficiency[2m > [22m[2mProperty 10.7: Project role operations should not affect org/system role caches
[22m[39mGoTrueClient@sb-bgxknceshxxifwytalex-auth-token:0 (2.93.3) 2026-02-02T15:20:08.508Z #_acquireLock lock released for storage key sb-bgxknceshxxifwytalex-auth-token

[90mstdout[2m | tests/property/scoped-roles-processing-efficiency.test.ts[2m > [22m[2mProperty 10: Scoped Roles Processing Efficiency[2m > [22m[2mProperty 10.7: Project role operations should not affect org/system role caches
[22m[39mGoTrueClient@sb-bgxknceshxxifwytalex-auth-token:0 (2.93.3) 2026-02-02T15:20:08.508Z #_acquireLock end

stderr | tests/property/scoped-roles-processing-efficiency.test.ts > Property 10: Scoped Roles Processing Efficiency > Property 10.7: Project role operations should not affect org/system role caches
Error fetching project roles: {
  code: 'PGRST200',
  details: "Searched for a foreign key relationship between 'project_roles' and 'user_profiles' in the schema 'public', but no matches were found.",
  hint: null,
  message: "Could not find a relationship between 'project_roles' and 'user_profiles' in the schema cache"
}

[90mstdout[2m | tests/property/scoped-roles-processing-efficiency.test.ts[2m > [22m[2mProperty 10: Scoped Roles Processing Efficiency[2m > [22m[2mProperty 10.7: Project role operations should not affect org/system role caches
[22m[39mGoTrueClient@sb-bgxknceshxxifwytalex-auth-token:0 (2.93.3) 2026-02-02T15:20:08.552Z #_acquireLock begin [33m10000[39m
GoTrueClient@sb-bgxknceshxxifwytalex-auth-token:0 (2.93.3) 2026-02-02T15:20:08.552Z #_acquireLock lock acquired for storage key sb-bgxknceshxxifwytalex-auth-token
GoTrueClient@sb-bgxknceshxxifwytalex-auth-token:0 (2.93.3) 2026-02-02T15:20:08.552Z #_useSession begin
GoTrueClient@sb-bgxknceshxxifwytalex-auth-token:0 (2.93.3) 2026-02-02T15:20:08.552Z #__loadSession() begin

[90mstdout[2m | tests/property/scoped-roles-processing-efficiency.test.ts[2m > [22m[2mProperty 10: Scoped Roles Processing Efficiency[2m > [22m[2mProperty 10.7: Project role operations should not affect org/system role caches
[22m[39mGoTrueClient@sb-bgxknceshxxifwytalex-auth-token:0 (2.93.3) 2026-02-02T15:20:08.552Z #getSession() session from storage [1mnull[22m
GoTrueClient@sb-bgxknceshxxifwytalex-auth-token:0 (2.93.3) 2026-02-02T15:20:08.552Z #__loadSession() end

[90mstdout[2m | tests/property/scoped-roles-processing-efficiency.test.ts[2m > [22m[2mProperty 10: Scoped Roles Processing Efficiency[2m > [22m[2mProperty 10.7: Project role operations should not affect org/system role caches
[22m[39mGoTrueClient@sb-bgxknceshxxifwytalex-auth-token:0 (2.93.3) 2026-02-02T15:20:08.552Z #_useSession end

[90mstdout[2m | tests/property/scoped-roles-processing-efficiency.test.ts[2m > [22m[2mProperty 10: Scoped Roles Processing Efficiency[2m > [22m[2mProperty 10.7: Project role operations should not affect org/system role caches
[22m[39mGoTrueClient@sb-bgxknceshxxifwytalex-auth-token:0 (2.93.3) 2026-02-02T15:20:08.552Z #_acquireLock lock released for storage key sb-bgxknceshxxifwytalex-auth-token

[90mstdout[2m | tests/property/scoped-roles-processing-efficiency.test.ts[2m > [22m[2mProperty 10: Scoped Roles Processing Efficiency[2m > [22m[2mProperty 10.7: Project role operations should not affect org/system role caches
[22m[39mGoTrueClient@sb-bgxknceshxxifwytalex-auth-token:0 (2.93.3) 2026-02-02T15:20:08.552Z #_acquireLock end

stderr | tests/property/scoped-roles-processing-efficiency.test.ts > Property 10: Scoped Roles Processing Efficiency > Property 10.7: Project role operations should not affect org/system role caches
Error fetching project roles: {
  code: 'PGRST200',
  details: "Searched for a foreign key relationship between 'project_roles' and 'user_profiles' in the schema 'public', but no matches were found.",
  hint: null,
  message: "Could not find a relationship between 'project_roles' and 'user_profiles' in the schema cache"
}

[90mstdout[2m | tests/property/scoped-roles-processing-efficiency.test.ts[2m > [22m[2mProperty 10: Scoped Roles Processing Efficiency[2m > [22m[2mProperty 10.7: Project role operations should not affect org/system role caches
[22m[39mGoTrueClient@sb-bgxknceshxxifwytalex-auth-token:0 (2.93.3) 2026-02-02T15:20:08.583Z #_acquireLock begin [33m10000[39m
GoTrueClient@sb-bgxknceshxxifwytalex-auth-token:0 (2.93.3) 2026-02-02T15:20:08.583Z #_acquireLock lock acquired for storage key sb-bgxknceshxxifwytalex-auth-token
GoTrueClient@sb-bgxknceshxxifwytalex-auth-token:0 (2.93.3) 2026-02-02T15:20:08.583Z #_useSession begin
GoTrueClient@sb-bgxknceshxxifwytalex-auth-token:0 (2.93.3) 2026-02-02T15:20:08.583Z #__loadSession() begin

[90mstdout[2m | tests/property/scoped-roles-processing-efficiency.test.ts[2m > [22m[2mProperty 10: Scoped Roles Processing Efficiency[2m > [22m[2mProperty 10.7: Project role operations should not affect org/system role caches
[22m[39mGoTrueClient@sb-bgxknceshxxifwytalex-auth-token:0 (2.93.3) 2026-02-02T15:20:08.583Z #getSession() session from storage [1mnull[22m
GoTrueClient@sb-bgxknceshxxifwytalex-auth-token:0 (2.93.3) 2026-02-02T15:20:08.583Z #__loadSession() end

[90mstdout[2m | tests/property/scoped-roles-processing-efficiency.test.ts[2m > [22m[2mProperty 10: Scoped Roles Processing Efficiency[2m > [22m[2mProperty 10.7: Project role operations should not affect org/system role caches
[22m[39mGoTrueClient@sb-bgxknceshxxifwytalex-auth-token:0 (2.93.3) 2026-02-02T15:20:08.583Z #_useSession end

[90mstdout[2m | tests/property/scoped-roles-processing-efficiency.test.ts[2m > [22m[2mProperty 10: Scoped Roles Processing Efficiency[2m > [22m[2mProperty 10.7: Project role operations should not affect org/system role caches
[22m[39mGoTrueClient@sb-bgxknceshxxifwytalex-auth-token:0 (2.93.3) 2026-02-02T15:20:08.583Z #_acquireLock lock released for storage key sb-bgxknceshxxifwytalex-auth-token

[90mstdout[2m | tests/property/scoped-roles-processing-efficiency.test.ts[2m > [22m[2mProperty 10: Scoped Roles Processing Efficiency[2m > [22m[2mProperty 10.7: Project role operations should not affect org/system role caches
[22m[39mGoTrueClient@sb-bgxknceshxxifwytalex-auth-token:0 (2.93.3) 2026-02-02T15:20:08.583Z #_acquireLock end

stderr | tests/property/scoped-roles-processing-efficiency.test.ts > Property 10: Scoped Roles Processing Efficiency > Property 10.7: Project role operations should not affect org/system role caches
Error fetching org roles: {
  code: 'PGRST200',
  details: "Searched for a foreign key relationship between 'org_roles' and 'user_profiles' in the schema 'public', but no matches were found.",
  hint: null,
  message: "Could not find a relationship between 'org_roles' and 'user_profiles' in the schema cache"
}

[90mstdout[2m | tests/property/scoped-roles-processing-efficiency.test.ts[2m > [22m[2mProperty 10: Scoped Roles Processing Efficiency[2m > [22m[2mProperty 10.7: Project role operations should not affect org/system role caches
[22m[39mGoTrueClient@sb-bgxknceshxxifwytalex-auth-token:0 (2.93.3) 2026-02-02T15:20:08.615Z #_acquireLock begin [33m10000[39m
GoTrueClient@sb-bgxknceshxxifwytalex-auth-token:0 (2.93.3) 2026-02-02T15:20:08.615Z #_acquireLock lock acquired for storage key sb-bgxknceshxxifwytalex-auth-token
GoTrueClient@sb-bgxknceshxxifwytalex-auth-token:0 (2.93.3) 2026-02-02T15:20:08.615Z #_useSession begin
GoTrueClient@sb-bgxknceshxxifwytalex-auth-token:0 (2.93.3) 2026-02-02T15:20:08.615Z #__loadSession() begin

[90mstdout[2m | tests/property/scoped-roles-processing-efficiency.test.ts[2m > [22m[2mProperty 10: Scoped Roles Processing Efficiency[2m > [22m[2mProperty 10.7: Project role operations should not affect org/system role caches
[22m[39mGoTrueClient@sb-bgxknceshxxifwytalex-auth-token:0 (2.93.3) 2026-02-02T15:20:08.615Z #getSession() session from storage [1mnull[22m
GoTrueClient@sb-bgxknceshxxifwytalex-auth-token:0 (2.93.3) 2026-02-02T15:20:08.616Z #__loadSession() end

[90mstdout[2m | tests/property/scoped-roles-processing-efficiency.test.ts[2m > [22m[2mProperty 10: Scoped Roles Processing Efficiency[2m > [22m[2mProperty 10.7: Project role operations should not affect org/system role caches
[22m[39mGoTrueClient@sb-bgxknceshxxifwytalex-auth-token:0 (2.93.3) 2026-02-02T15:20:08.616Z #_useSession end

[90mstdout[2m | tests/property/scoped-roles-processing-efficiency.test.ts[2m > [22m[2mProperty 10: Scoped Roles Processing Efficiency[2m > [22m[2mProperty 10.7: Project role operations should not affect org/system role caches
[22m[39mGoTrueClient@sb-bgxknceshxxifwytalex-auth-token:0 (2.93.3) 2026-02-02T15:20:08.616Z #_acquireLock lock released for storage key sb-bgxknceshxxifwytalex-auth-token

[90mstdout[2m | tests/property/scoped-roles-processing-efficiency.test.ts[2m > [22m[2mProperty 10: Scoped Roles Processing Efficiency[2m > [22m[2mProperty 10.7: Project role operations should not affect org/system role caches
[22m[39mGoTrueClient@sb-bgxknceshxxifwytalex-auth-token:0 (2.93.3) 2026-02-02T15:20:08.616Z #_acquireLock end

[90mstdout[2m | tests/property/scoped-roles-processing-efficiency.test.ts[2m > [22m[2mProperty 10: Scoped Roles Processing Efficiency[2m > [22m[2mProperty 10.7: Project role operations should not affect org/system role caches
[22m[39mGoTrueClient@sb-bgxknceshxxifwytalex-auth-token:0 (2.93.3) 2026-02-02T15:20:08.686Z #_acquireLock begin [33m10000[39m
GoTrueClient@sb-bgxknceshxxifwytalex-auth-token:0 (2.93.3) 2026-02-02T15:20:08.686Z #_acquireLock lock acquired for storage key sb-bgxknceshxxifwytalex-auth-token
GoTrueClient@sb-bgxknceshxxifwytalex-auth-token:0 (2.93.3) 2026-02-02T15:20:08.686Z #_useSession begin
GoTrueClient@sb-bgxknceshxxifwytalex-auth-token:0 (2.93.3) 2026-02-02T15:20:08.686Z #__loadSession() begin

[90mstdout[2m | tests/property/scoped-roles-processing-efficiency.test.ts[2m > [22m[2mProperty 10: Scoped Roles Processing Efficiency[2m > [22m[2mProperty 10.7: Project role operations should not affect org/system role caches
[22m[39mGoTrueClient@sb-bgxknceshxxifwytalex-auth-token:0 (2.93.3) 2026-02-02T15:20:08.686Z #getSession() session from storage [1mnull[22m
GoTrueClient@sb-bgxknceshxxifwytalex-auth-token:0 (2.93.3) 2026-02-02T15:20:08.686Z #__loadSession() end

[90mstdout[2m | tests/property/scoped-roles-processing-efficiency.test.ts[2m > [22m[2mProperty 10: Scoped Roles Processing Efficiency[2m > [22m[2mProperty 10.7: Project role operations should not affect org/system role caches
[22m[39mGoTrueClient@sb-bgxknceshxxifwytalex-auth-token:0 (2.93.3) 2026-02-02T15:20:08.686Z #_useSession end

[90mstdout[2m | tests/property/scoped-roles-processing-efficiency.test.ts[2m > [22m[2mProperty 10: Scoped Roles Processing Efficiency[2m > [22m[2mProperty 10.7: Project role operations should not affect org/system role caches
[22m[39mGoTrueClient@sb-bgxknceshxxifwytalex-auth-token:0 (2.93.3) 2026-02-02T15:20:08.686Z #_acquireLock lock released for storage key sb-bgxknceshxxifwytalex-auth-token

[90mstdout[2m | tests/property/scoped-roles-processing-efficiency.test.ts[2m > [22m[2mProperty 10: Scoped Roles Processing Efficiency[2m > [22m[2mProperty 10.7: Project role operations should not affect org/system role caches
[22m[39mGoTrueClient@sb-bgxknceshxxifwytalex-auth-token:0 (2.93.3) 2026-02-02T15:20:08.686Z #_acquireLock end

stderr | tests/property/scoped-roles-processing-efficiency.test.ts > Property 10: Scoped Roles Processing Efficiency > Property 10.7: Project role operations should not affect org/system role caches
Error fetching org roles: {
  code: 'PGRST200',
  details: "Searched for a foreign key relationship between 'org_roles' and 'user_profiles' in the schema 'public', but no matches were found.",
  hint: null,
  message: "Could not find a relationship between 'org_roles' and 'user_profiles' in the schema cache"
}

[90mstdout[2m | tests/property/scoped-roles-processing-efficiency.test.ts[2m > [22m[2mProperty 10: Scoped Roles Processing Efficiency[2m > [22m[2mProperty 10.7: Project role operations should not affect org/system role caches
[22m[39mGoTrueClient@sb-bgxknceshxxifwytalex-auth-token:0 (2.93.3) 2026-02-02T15:20:08.706Z #_acquireLock begin [33m10000[39m
GoTrueClient@sb-bgxknceshxxifwytalex-auth-token:0 (2.93.3) 2026-02-02T15:20:08.706Z #_acquireLock lock acquired for storage key sb-bgxknceshxxifwytalex-auth-token
GoTrueClient@sb-bgxknceshxxifwytalex-auth-token:0 (2.93.3) 2026-02-02T15:20:08.706Z #_useSession begin
GoTrueClient@sb-bgxknceshxxifwytalex-auth-token:0 (2.93.3) 2026-02-02T15:20:08.706Z #__loadSession() begin

[90mstdout[2m | tests/property/scoped-roles-processing-efficiency.test.ts[2m > [22m[2mProperty 10: Scoped Roles Processing Efficiency[2m > [22m[2mProperty 10.7: Project role operations should not affect org/system role caches
[22m[39mGoTrueClient@sb-bgxknceshxxifwytalex-auth-token:0 (2.93.3) 2026-02-02T15:20:08.707Z #getSession() session from storage [1mnull[22m
GoTrueClient@sb-bgxknceshxxifwytalex-auth-token:0 (2.93.3) 2026-02-02T15:20:08.707Z #__loadSession() end

[90mstdout[2m | tests/property/scoped-roles-processing-efficiency.test.ts[2m > [22m[2mProperty 10: Scoped Roles Processing Efficiency[2m > [22m[2mProperty 10.7: Project role operations should not affect org/system role caches
[22m[39mGoTrueClient@sb-bgxknceshxxifwytalex-auth-token:0 (2.93.3) 2026-02-02T15:20:08.707Z #_useSession end

[90mstdout[2m | tests/property/scoped-roles-processing-efficiency.test.ts[2m > [22m[2mProperty 10: Scoped Roles Processing Efficiency[2m > [22m[2mProperty 10.7: Project role operations should not affect org/system role caches
[22m[39mGoTrueClient@sb-bgxknceshxxifwytalex-auth-token:0 (2.93.3) 2026-02-02T15:20:08.707Z #_acquireLock lock released for storage key sb-bgxknceshxxifwytalex-auth-token

[90mstdout[2m | tests/property/scoped-roles-processing-efficiency.test.ts[2m > [22m[2mProperty 10: Scoped Roles Processing Efficiency[2m > [22m[2mProperty 10.7: Project role operations should not affect org/system role caches
[22m[39mGoTrueClient@sb-bgxknceshxxifwytalex-auth-token:0 (2.93.3) 2026-02-02T15:20:08.707Z #_acquireLock end

stderr | tests/property/scoped-roles-processing-efficiency.test.ts > Property 10: Scoped Roles Processing Efficiency > Property 10.7: Project role operations should not affect org/system role caches
Error fetching project roles: {
  code: 'PGRST200',
  details: "Searched for a foreign key relationship between 'project_roles' and 'user_profiles' in the schema 'public', but no matches were found.",
  hint: null,
  message: "Could not find a relationship between 'project_roles' and 'user_profiles' in the schema cache"
}

[90mstdout[2m | tests/property/scoped-roles-processing-efficiency.test.ts[2m > [22m[2mProperty 10: Scoped Roles Processing Efficiency[2m > [22m[2mProperty 10.7: Project role operations should not affect org/system role caches
[22m[39mGoTrueClient@sb-bgxknceshxxifwytalex-auth-token:0 (2.93.3) 2026-02-02T15:20:08.718Z #_acquireLock begin [33m10000[39m
GoTrueClient@sb-bgxknceshxxifwytalex-auth-token:0 (2.93.3) 2026-02-02T15:20:08.718Z #_acquireLock lock acquired for storage key sb-bgxknceshxxifwytalex-auth-token
GoTrueClient@sb-bgxknceshxxifwytalex-auth-token:0 (2.93.3) 2026-02-02T15:20:08.718Z #_useSession begin
GoTrueClient@sb-bgxknceshxxifwytalex-auth-token:0 (2.93.3) 2026-02-02T15:20:08.718Z #__loadSession() begin

[90mstdout[2m | tests/property/scoped-roles-processing-efficiency.test.ts[2m > [22m[2mProperty 10: Scoped Roles Processing Efficiency[2m > [22m[2mProperty 10.7: Project role operations should not affect org/system role caches
[22m[39mGoTrueClient@sb-bgxknceshxxifwytalex-auth-token:0 (2.93.3) 2026-02-02T15:20:08.718Z #getSession() session from storage [1mnull[22m
GoTrueClient@sb-bgxknceshxxifwytalex-auth-token:0 (2.93.3) 2026-02-02T15:20:08.718Z #__loadSession() end

[90mstdout[2m | tests/property/scoped-roles-processing-efficiency.test.ts[2m > [22m[2mProperty 10: Scoped Roles Processing Efficiency[2m > [22m[2mProperty 10.7: Project role operations should not affect org/system role caches
[22m[39mGoTrueClient@sb-bgxknceshxxifwytalex-auth-token:0 (2.93.3) 2026-02-02T15:20:08.719Z #_useSession end

[90mstdout[2m | tests/property/scoped-roles-processing-efficiency.test.ts[2m > [22m[2mProperty 10: Scoped Roles Processing Efficiency[2m > [22m[2mProperty 10.7: Project role operations should not affect org/system role caches
[22m[39mGoTrueClient@sb-bgxknceshxxifwytalex-auth-token:0 (2.93.3) 2026-02-02T15:20:08.719Z #_acquireLock lock released for storage key sb-bgxknceshxxifwytalex-auth-token

[90mstdout[2m | tests/property/scoped-roles-processing-efficiency.test.ts[2m > [22m[2mProperty 10: Scoped Roles Processing Efficiency[2m > [22m[2mProperty 10.7: Project role operations should not affect org/system role caches
[22m[39mGoTrueClient@sb-bgxknceshxxifwytalex-auth-token:0 (2.93.3) 2026-02-02T15:20:08.719Z #_acquireLock end

[90mstdout[2m | tests/property/scoped-roles-processing-efficiency.test.ts[2m > [22m[2mProperty 10: Scoped Roles Processing Efficiency[2m > [22m[2mProperty 10.7: Project role operations should not affect org/system role caches
[22m[39mGoTrueClient@sb-bgxknceshxxifwytalex-auth-token:0 (2.93.3) 2026-02-02T15:20:08.774Z #_acquireLock begin [33m10000[39m
GoTrueClient@sb-bgxknceshxxifwytalex-auth-token:0 (2.93.3) 2026-02-02T15:20:08.774Z #_acquireLock lock acquired for storage key sb-bgxknceshxxifwytalex-auth-token
GoTrueClient@sb-bgxknceshxxifwytalex-auth-token:0 (2.93.3) 2026-02-02T15:20:08.774Z #_useSession begin
GoTrueClient@sb-bgxknceshxxifwytalex-auth-token:0 (2.93.3) 2026-02-02T15:20:08.774Z #__loadSession() begin

[90mstdout[2m | tests/property/scoped-roles-processing-efficiency.test.ts[2m > [22m[2mProperty 10: Scoped Roles Processing Efficiency[2m > [22m[2mProperty 10.7: Project role operations should not affect org/system role caches
[22m[39mGoTrueClient@sb-bgxknceshxxifwytalex-auth-token:0 (2.93.3) 2026-02-02T15:20:08.775Z #getSession() session from storage [1mnull[22m
GoTrueClient@sb-bgxknceshxxifwytalex-auth-token:0 (2.93.3) 2026-02-02T15:20:08.775Z #__loadSession() end

[90mstdout[2m | tests/property/scoped-roles-processing-efficiency.test.ts[2m > [22m[2mProperty 10: Scoped Roles Processing Efficiency[2m > [22m[2mProperty 10.7: Project role operations should not affect org/system role caches
[22m[39mGoTrueClient@sb-bgxknceshxxifwytalex-auth-token:0 (2.93.3) 2026-02-02T15:20:08.775Z #_useSession end

[90mstdout[2m | tests/property/scoped-roles-processing-efficiency.test.ts[2m > [22m[2mProperty 10: Scoped Roles Processing Efficiency[2m > [22m[2mProperty 10.7: Project role operations should not affect org/system role caches
[22m[39mGoTrueClient@sb-bgxknceshxxifwytalex-auth-token:0 (2.93.3) 2026-02-02T15:20:08.775Z #_acquireLock lock released for storage key sb-bgxknceshxxifwytalex-auth-token

[90mstdout[2m | tests/property/scoped-roles-processing-efficiency.test.ts[2m > [22m[2mProperty 10: Scoped Roles Processing Efficiency[2m > [22m[2mProperty 10.7: Project role operations should not affect org/system role caches
[22m[39mGoTrueClient@sb-bgxknceshxxifwytalex-auth-token:0 (2.93.3) 2026-02-02T15:20:08.775Z #_acquireLock end

stderr | tests/property/scoped-roles-processing-efficiency.test.ts > Property 10: Scoped Roles Processing Efficiency > Property 10.7: Project role operations should not affect org/system role caches
Error fetching project roles: {
  code: 'PGRST200',
  details: "Searched for a foreign key relationship between 'project_roles' and 'user_profiles' in the schema 'public', but no matches were found.",
  hint: null,
  message: "Could not find a relationship between 'project_roles' and 'user_profiles' in the schema cache"
}

[90mstdout[2m | tests/property/scoped-roles-processing-efficiency.test.ts[2m > [22m[2mProperty 10: Scoped Roles Processing Efficiency[2m > [22m[2mProperty 10.7: Project role operations should not affect org/system role caches
[22m[39mGoTrueClient@sb-bgxknceshxxifwytalex-auth-token:0 (2.93.3) 2026-02-02T15:20:08.787Z #_acquireLock begin [33m10000[39m
GoTrueClient@sb-bgxknceshxxifwytalex-auth-token:0 (2.93.3) 2026-02-02T15:20:08.787Z #_acquireLock lock acquired for storage key sb-bgxknceshxxifwytalex-auth-token
GoTrueClient@sb-bgxknceshxxifwytalex-auth-token:0 (2.93.3) 2026-02-02T15:20:08.787Z #_useSession begin
GoTrueClient@sb-bgxknceshxxifwytalex-auth-token:0 (2.93.3) 2026-02-02T15:20:08.787Z #__loadSession() begin

[90mstdout[2m | tests/property/scoped-roles-processing-efficiency.test.ts[2m > [22m[2mProperty 10: Scoped Roles Processing Efficiency[2m > [22m[2mProperty 10.7: Project role operations should not affect org/system role caches
[22m[39mGoTrueClient@sb-bgxknceshxxifwytalex-auth-token:0 (2.93.3) 2026-02-02T15:20:08.788Z #getSession() session from storage [1mnull[22m
GoTrueClient@sb-bgxknceshxxifwytalex-auth-token:0 (2.93.3) 2026-02-02T15:20:08.788Z #__loadSession() end

[90mstdout[2m | tests/property/scoped-roles-processing-efficiency.test.ts[2m > [22m[2mProperty 10: Scoped Roles Processing Efficiency[2m > [22m[2mProperty 10.7: Project role operations should not affect org/system role caches
[22m[39mGoTrueClient@sb-bgxknceshxxifwytalex-auth-token:0 (2.93.3) 2026-02-02T15:20:08.788Z #_useSession end

[90mstdout[2m | tests/property/scoped-roles-processing-efficiency.test.ts[2m > [22m[2mProperty 10: Scoped Roles Processing Efficiency[2m > [22m[2mProperty 10.7: Project role operations should not affect org/system role caches
[22m[39mGoTrueClient@sb-bgxknceshxxifwytalex-auth-token:0 (2.93.3) 2026-02-02T15:20:08.788Z #_acquireLock lock released for storage key sb-bgxknceshxxifwytalex-auth-token

[90mstdout[2m | tests/property/scoped-roles-processing-efficiency.test.ts[2m > [22m[2mProperty 10: Scoped Roles Processing Efficiency[2m > [22m[2mProperty 10.7: Project role operations should not affect org/system role caches
[22m[39mGoTrueClient@sb-bgxknceshxxifwytalex-auth-token:0 (2.93.3) 2026-02-02T15:20:08.789Z #_acquireLock end

stderr | tests/property/scoped-roles-processing-efficiency.test.ts > Property 10: Scoped Roles Processing Efficiency > Property 10.7: Project role operations should not affect org/system role caches
Error fetching org roles: {
  code: 'PGRST200',
  details: "Searched for a foreign key relationship between 'org_roles' and 'user_profiles' in the schema 'public', but no matches were found.",
  hint: null,
  message: "Could not find a relationship between 'org_roles' and 'user_profiles' in the schema cache"
}

[90mstdout[2m | tests/property/scoped-roles-processing-efficiency.test.ts[2m > [22m[2mProperty 10: Scoped Roles Processing Efficiency[2m > [22m[2mProperty 10.7: Project role operations should not affect org/system role caches
[22m[39mGoTrueClient@sb-bgxknceshxxifwytalex-auth-token:0 (2.93.3) 2026-02-02T15:20:08.824Z #_acquireLock begin [33m10000[39m
GoTrueClient@sb-bgxknceshxxifwytalex-auth-token:0 (2.93.3) 2026-02-02T15:20:08.824Z #_acquireLock lock acquired for storage key sb-bgxknceshxxifwytalex-auth-token
GoTrueClient@sb-bgxknceshxxifwytalex-auth-token:0 (2.93.3) 2026-02-02T15:20:08.825Z #_useSession begin
GoTrueClient@sb-bgxknceshxxifwytalex-auth-token:0 (2.93.3) 2026-02-02T15:20:08.825Z #__loadSession() begin

[90mstdout[2m | tests/property/scoped-roles-processing-efficiency.test.ts[2m > [22m[2mProperty 10: Scoped Roles Processing Efficiency[2m > [22m[2mProperty 10.7: Project role operations should not affect org/system role caches
[22m[39mGoTrueClient@sb-bgxknceshxxifwytalex-auth-token:0 (2.93.3) 2026-02-02T15:20:08.825Z #getSession() session from storage [1mnull[22m
GoTrueClient@sb-bgxknceshxxifwytalex-auth-token:0 (2.93.3) 2026-02-02T15:20:08.825Z #__loadSession() end

[90mstdout[2m | tests/property/scoped-roles-processing-efficiency.test.ts[2m > [22m[2mProperty 10: Scoped Roles Processing Efficiency[2m > [22m[2mProperty 10.7: Project role operations should not affect org/system role caches
[22m[39mGoTrueClient@sb-bgxknceshxxifwytalex-auth-token:0 (2.93.3) 2026-02-02T15:20:08.825Z #_useSession end

[90mstdout[2m | tests/property/scoped-roles-processing-efficiency.test.ts[2m > [22m[2mProperty 10: Scoped Roles Processing Efficiency[2m > [22m[2mProperty 10.7: Project role operations should not affect org/system role caches
[22m[39mGoTrueClient@sb-bgxknceshxxifwytalex-auth-token:0 (2.93.3) 2026-02-02T15:20:08.825Z #_acquireLock lock released for storage key sb-bgxknceshxxifwytalex-auth-token

[90mstdout[2m | tests/property/scoped-roles-processing-efficiency.test.ts[2m > [22m[2mProperty 10: Scoped Roles Processing Efficiency[2m > [22m[2mProperty 10.7: Project role operations should not affect org/system role caches
[22m[39mGoTrueClient@sb-bgxknceshxxifwytalex-auth-token:0 (2.93.3) 2026-02-02T15:20:08.825Z #_acquireLock end

[90mstdout[2m | tests/property/scoped-roles-processing-efficiency.test.ts[2m > [22m[2mProperty 10: Scoped Roles Processing Efficiency[2m > [22m[2mProperty 10.7: Project role operations should not affect org/system role caches
[22m[39mGoTrueClient@sb-bgxknceshxxifwytalex-auth-token:0 (2.93.3) 2026-02-02T15:20:08.880Z #_acquireLock begin [33m10000[39m
GoTrueClient@sb-bgxknceshxxifwytalex-auth-token:0 (2.93.3) 2026-02-02T15:20:08.880Z #_acquireLock lock acquired for storage key sb-bgxknceshxxifwytalex-auth-token
GoTrueClient@sb-bgxknceshxxifwytalex-auth-token:0 (2.93.3) 2026-02-02T15:20:08.880Z #_useSession begin
GoTrueClient@sb-bgxknceshxxifwytalex-auth-token:0 (2.93.3) 2026-02-02T15:20:08.880Z #__loadSession() begin

[90mstdout[2m | tests/property/scoped-roles-processing-efficiency.test.ts[2m > [22m[2mProperty 10: Scoped Roles Processing Efficiency[2m > [22m[2mProperty 10.7: Project role operations should not affect org/system role caches
[22m[39mGoTrueClient@sb-bgxknceshxxifwytalex-auth-token:0 (2.93.3) 2026-02-02T15:20:08.881Z #getSession() session from storage [1mnull[22m
GoTrueClient@sb-bgxknceshxxifwytalex-auth-token:0 (2.93.3) 2026-02-02T15:20:08.881Z #__loadSession() end

[90mstdout[2m | tests/property/scoped-roles-processing-efficiency.test.ts[2m > [22m[2mProperty 10: Scoped Roles Processing Efficiency[2m > [22m[2mProperty 10.7: Project role operations should not affect org/system role caches
[22m[39mGoTrueClient@sb-bgxknceshxxifwytalex-auth-token:0 (2.93.3) 2026-02-02T15:20:08.881Z #_useSession end

[90mstdout[2m | tests/property/scoped-roles-processing-efficiency.test.ts[2m > [22m[2mProperty 10: Scoped Roles Processing Efficiency[2m > [22m[2mProperty 10.7: Project role operations should not affect org/system role caches
[22m[39mGoTrueClient@sb-bgxknceshxxifwytalex-auth-token:0 (2.93.3) 2026-02-02T15:20:08.881Z #_acquireLock lock released for storage key sb-bgxknceshxxifwytalex-auth-token

[90mstdout[2m | tests/property/scoped-roles-processing-efficiency.test.ts[2m > [22m[2mProperty 10: Scoped Roles Processing Efficiency[2m > [22m[2mProperty 10.7: Project role operations should not affect org/system role caches
[22m[39mGoTrueClient@sb-bgxknceshxxifwytalex-auth-token:0 (2.93.3) 2026-02-02T15:20:08.881Z #_acquireLock end

[90mstdout[2m | tests/property/scoped-roles-processing-efficiency.test.ts[2m > [22m[2mProperty 10: Scoped Roles Processing Efficiency[2m > [22m[2mProperty 10.7: Project role operations should not affect org/system role caches
[22m[39mGoTrueClient@sb-bgxknceshxxifwytalex-auth-token:0 (2.93.3) 2026-02-02T15:20:08.917Z #_acquireLock begin [33m10000[39m
GoTrueClient@sb-bgxknceshxxifwytalex-auth-token:0 (2.93.3) 2026-02-02T15:20:08.918Z #_acquireLock lock acquired for storage key sb-bgxknceshxxifwytalex-auth-token
GoTrueClient@sb-bgxknceshxxifwytalex-auth-token:0 (2.93.3) 2026-02-02T15:20:08.918Z #_useSession begin
GoTrueClient@sb-bgxknceshxxifwytalex-auth-token:0 (2.93.3) 2026-02-02T15:20:08.918Z #__loadSession() begin

[90mstdout[2m | tests/property/scoped-roles-processing-efficiency.test.ts[2m > [22m[2mProperty 10: Scoped Roles Processing Efficiency[2m > [22m[2mProperty 10.7: Project role operations should not affect org/system role caches
[22m[39mGoTrueClient@sb-bgxknceshxxifwytalex-auth-token:0 (2.93.3) 2026-02-02T15:20:08.918Z #getSession() session from storage [1mnull[22m
GoTrueClient@sb-bgxknceshxxifwytalex-auth-token:0 (2.93.3) 2026-02-02T15:20:08.918Z #__loadSession() end

[90mstdout[2m | tests/property/scoped-roles-processing-efficiency.test.ts[2m > [22m[2mProperty 10: Scoped Roles Processing Efficiency[2m > [22m[2mProperty 10.7: Project role operations should not affect org/system role caches
[22m[39mGoTrueClient@sb-bgxknceshxxifwytalex-auth-token:0 (2.93.3) 2026-02-02T15:20:08.918Z #_useSession end

[90mstdout[2m | tests/property/scoped-roles-processing-efficiency.test.ts[2m > [22m[2mProperty 10: Scoped Roles Processing Efficiency[2m > [22m[2mProperty 10.7: Project role operations should not affect org/system role caches
[22m[39mGoTrueClient@sb-bgxknceshxxifwytalex-auth-token:0 (2.93.3) 2026-02-02T15:20:08.918Z #_acquireLock lock released for storage key sb-bgxknceshxxifwytalex-auth-token

[90mstdout[2m | tests/property/scoped-roles-processing-efficiency.test.ts[2m > [22m[2mProperty 10: Scoped Roles Processing Efficiency[2m > [22m[2mProperty 10.7: Project role operations should not affect org/system role caches
[22m[39mGoTrueClient@sb-bgxknceshxxifwytalex-auth-token:0 (2.93.3) 2026-02-02T15:20:08.918Z #_acquireLock end

stderr | tests/property/scoped-roles-processing-efficiency.test.ts > Property 10: Scoped Roles Processing Efficiency > Property 10.7: Project role operations should not affect org/system role caches
Error fetching project roles: {
  code: 'PGRST200',
  details: "Searched for a foreign key relationship between 'project_roles' and 'user_profiles' in the schema 'public', but no matches were found.",
  hint: null,
  message: "Could not find a relationship between 'project_roles' and 'user_profiles' in the schema cache"
}

[90mstdout[2m | tests/property/scoped-roles-processing-efficiency.test.ts[2m > [22m[2mProperty 10: Scoped Roles Processing Efficiency[2m > [22m[2mProperty 10.7: Project role operations should not affect org/system role caches
[22m[39mGoTrueClient@sb-bgxknceshxxifwytalex-auth-token:0 (2.93.3) 2026-02-02T15:20:08.933Z #_acquireLock begin [33m10000[39m
GoTrueClient@sb-bgxknceshxxifwytalex-auth-token:0 (2.93.3) 2026-02-02T15:20:08.933Z #_acquireLock lock acquired for storage key sb-bgxknceshxxifwytalex-auth-token
GoTrueClient@sb-bgxknceshxxifwytalex-auth-token:0 (2.93.3) 2026-02-02T15:20:08.933Z #_useSession begin
GoTrueClient@sb-bgxknceshxxifwytalex-auth-token:0 (2.93.3) 2026-02-02T15:20:08.933Z #__loadSession() begin

[90mstdout[2m | tests/property/scoped-roles-processing-efficiency.test.ts[2m > [22m[2mProperty 10: Scoped Roles Processing Efficiency[2m > [22m[2mProperty 10.7: Project role operations should not affect org/system role caches
[22m[39mGoTrueClient@sb-bgxknceshxxifwytalex-auth-token:0 (2.93.3) 2026-02-02T15:20:08.933Z #getSession() session from storage [1mnull[22m
GoTrueClient@sb-bgxknceshxxifwytalex-auth-token:0 (2.93.3) 2026-02-02T15:20:08.933Z #__loadSession() end

[90mstdout[2m | tests/property/scoped-roles-processing-efficiency.test.ts[2m > [22m[2mProperty 10: Scoped Roles Processing Efficiency[2m > [22m[2mProperty 10.7: Project role operations should not affect org/system role caches
[22m[39mGoTrueClient@sb-bgxknceshxxifwytalex-auth-token:0 (2.93.3) 2026-02-02T15:20:08.933Z #_useSession end

[90mstdout[2m | tests/property/scoped-roles-processing-efficiency.test.ts[2m > [22m[2mProperty 10: Scoped Roles Processing Efficiency[2m > [22m[2mProperty 10.7: Project role operations should not affect org/system role caches
[22m[39mGoTrueClient@sb-bgxknceshxxifwytalex-auth-token:0 (2.93.3) 2026-02-02T15:20:08.933Z #_acquireLock lock released for storage key sb-bgxknceshxxifwytalex-auth-token

[90mstdout[2m | tests/property/scoped-roles-processing-efficiency.test.ts[2m > [22m[2mProperty 10: Scoped Roles Processing Efficiency[2m > [22m[2mProperty 10.7: Project role operations should not affect org/system role caches
[22m[39mGoTrueClient@sb-bgxknceshxxifwytalex-auth-token:0 (2.93.3) 2026-02-02T15:20:08.934Z #_acquireLock end

[90mstdout[2m | tests/property/scoped-roles-processing-efficiency.test.ts[2m > [22m[2mProperty 10: Scoped Roles Processing Efficiency[2m > [22m[2mProperty 10.7: Project role operations should not affect org/system role caches
[22m[39mGoTrueClient@sb-bgxknceshxxifwytalex-auth-token:0 (2.93.3) 2026-02-02T15:20:08.990Z #_acquireLock begin [33m10000[39m
GoTrueClient@sb-bgxknceshxxifwytalex-auth-token:0 (2.93.3) 2026-02-02T15:20:08.990Z #_acquireLock lock acquired for storage key sb-bgxknceshxxifwytalex-auth-token
GoTrueClient@sb-bgxknceshxxifwytalex-auth-token:0 (2.93.3) 2026-02-02T15:20:08.990Z #_useSession begin
GoTrueClient@sb-bgxknceshxxifwytalex-auth-token:0 (2.93.3) 2026-02-02T15:20:08.990Z #__loadSession() begin

[90mstdout[2m | tests/property/scoped-roles-processing-efficiency.test.ts[2m > [22m[2mProperty 10: Scoped Roles Processing Efficiency[2m > [22m[2mProperty 10.7: Project role operations should not affect org/system role caches
[22m[39mGoTrueClient@sb-bgxknceshxxifwytalex-auth-token:0 (2.93.3) 2026-02-02T15:20:08.990Z #getSession() session from storage [1mnull[22m
GoTrueClient@sb-bgxknceshxxifwytalex-auth-token:0 (2.93.3) 2026-02-02T15:20:08.990Z #__loadSession() end

[90mstdout[2m | tests/property/scoped-roles-processing-efficiency.test.ts[2m > [22m[2mProperty 10: Scoped Roles Processing Efficiency[2m > [22m[2mProperty 10.7: Project role operations should not affect org/system role caches
[22m[39mGoTrueClient@sb-bgxknceshxxifwytalex-auth-token:0 (2.93.3) 2026-02-02T15:20:08.991Z #_useSession end

[90mstdout[2m | tests/property/scoped-roles-processing-efficiency.test.ts[2m > [22m[2mProperty 10: Scoped Roles Processing Efficiency[2m > [22m[2mProperty 10.7: Project role operations should not affect org/system role caches
[22m[39mGoTrueClient@sb-bgxknceshxxifwytalex-auth-token:0 (2.93.3) 2026-02-02T15:20:08.991Z #_acquireLock lock released for storage key sb-bgxknceshxxifwytalex-auth-token

[90mstdout[2m | tests/property/scoped-roles-processing-efficiency.test.ts[2m > [22m[2mProperty 10: Scoped Roles Processing Efficiency[2m > [22m[2mProperty 10.7: Project role operations should not affect org/system role caches
[22m[39mGoTrueClient@sb-bgxknceshxxifwytalex-auth-token:0 (2.93.3) 2026-02-02T15:20:08.991Z #_acquireLock end

stderr | tests/property/scoped-roles-processing-efficiency.test.ts > Property 10: Scoped Roles Processing Efficiency > Property 10.7: Project role operations should not affect org/system role caches
Error fetching project roles: {
  code: 'PGRST200',
  details: "Searched for a foreign key relationship between 'project_roles' and 'user_profiles' in the schema 'public', but no matches were found.",
  hint: null,
  message: "Could not find a relationship between 'project_roles' and 'user_profiles' in the schema cache"
}

[90mstdout[2m | tests/property/scoped-roles-processing-efficiency.test.ts[2m > [22m[2mProperty 10: Scoped Roles Processing Efficiency[2m > [22m[2mProperty 10.7: Project role operations should not affect org/system role caches
[22m[39mGoTrueClient@sb-bgxknceshxxifwytalex-auth-token:0 (2.93.3) 2026-02-02T15:20:09.000Z #_acquireLock begin [33m10000[39m
GoTrueClient@sb-bgxknceshxxifwytalex-auth-token:0 (2.93.3) 2026-02-02T15:20:09.000Z #_acquireLock lock acquired for storage key sb-bgxknceshxxifwytalex-auth-token
GoTrueClient@sb-bgxknceshxxifwytalex-auth-token:0 (2.93.3) 2026-02-02T15:20:09.000Z #_useSession begin
GoTrueClient@sb-bgxknceshxxifwytalex-auth-token:0 (2.93.3) 2026-02-02T15:20:09.000Z #__loadSession() begin

[90mstdout[2m | tests/property/scoped-roles-processing-efficiency.test.ts[2m > [22m[2mProperty 10: Scoped Roles Processing Efficiency[2m > [22m[2mProperty 10.7: Project role operations should not affect org/system role caches
[22m[39mGoTrueClient@sb-bgxknceshxxifwytalex-auth-token:0 (2.93.3) 2026-02-02T15:20:09.000Z #getSession() session from storage [1mnull[22m
GoTrueClient@sb-bgxknceshxxifwytalex-auth-token:0 (2.93.3) 2026-02-02T15:20:09.000Z #__loadSession() end

[90mstdout[2m | tests/property/scoped-roles-processing-efficiency.test.ts[2m > [22m[2mProperty 10: Scoped Roles Processing Efficiency[2m > [22m[2mProperty 10.7: Project role operations should not affect org/system role caches
[22m[39mGoTrueClient@sb-bgxknceshxxifwytalex-auth-token:0 (2.93.3) 2026-02-02T15:20:09.000Z #_useSession end

[90mstdout[2m | tests/property/scoped-roles-processing-efficiency.test.ts[2m > [22m[2mProperty 10: Scoped Roles Processing Efficiency[2m > [22m[2mProperty 10.7: Project role operations should not affect org/system role caches
[22m[39mGoTrueClient@sb-bgxknceshxxifwytalex-auth-token:0 (2.93.3) 2026-02-02T15:20:09.000Z #_acquireLock lock released for storage key sb-bgxknceshxxifwytalex-auth-token

[90mstdout[2m | tests/property/scoped-roles-processing-efficiency.test.ts[2m > [22m[2mProperty 10: Scoped Roles Processing Efficiency[2m > [22m[2mProperty 10.7: Project role operations should not affect org/system role caches
[22m[39mGoTrueClient@sb-bgxknceshxxifwytalex-auth-token:0 (2.93.3) 2026-02-02T15:20:09.000Z #_acquireLock end

stderr | tests/property/scoped-roles-processing-efficiency.test.ts > Property 10: Scoped Roles Processing Efficiency > Property 10.7: Project role operations should not affect org/system role caches
Error fetching org roles: {
  code: 'PGRST200',
  details: "Searched for a foreign key relationship between 'org_roles' and 'user_profiles' in the schema 'public', but no matches were found.",
  hint: null,
  message: "Could not find a relationship between 'org_roles' and 'user_profiles' in the schema cache"
}

[90mstdout[2m | tests/property/scoped-roles-processing-efficiency.test.ts[2m > [22m[2mProperty 10: Scoped Roles Processing Efficiency[2m > [22m[2mProperty 10.7: Project role operations should not affect org/system role caches
[22m[39mGoTrueClient@sb-bgxknceshxxifwytalex-auth-token:0 (2.93.3) 2026-02-02T15:20:09.035Z #_acquireLock begin [33m10000[39m
GoTrueClient@sb-bgxknceshxxifwytalex-auth-token:0 (2.93.3) 2026-02-02T15:20:09.035Z #_acquireLock lock acquired for storage key sb-bgxknceshxxifwytalex-auth-token
GoTrueClient@sb-bgxknceshxxifwytalex-auth-token:0 (2.93.3) 2026-02-02T15:20:09.035Z #_useSession begin
GoTrueClient@sb-bgxknceshxxifwytalex-auth-token:0 (2.93.3) 2026-02-02T15:20:09.035Z #__loadSession() begin

[90mstdout[2m | tests/property/scoped-roles-processing-efficiency.test.ts[2m > [22m[2mProperty 10: Scoped Roles Processing Efficiency[2m > [22m[2mProperty 10.7: Project role operations should not affect org/system role caches
[22m[39mGoTrueClient@sb-bgxknceshxxifwytalex-auth-token:0 (2.93.3) 2026-02-02T15:20:09.035Z #getSession() session from storage [1mnull[22m
GoTrueClient@sb-bgxknceshxxifwytalex-auth-token:0 (2.93.3) 2026-02-02T15:20:09.035Z #__loadSession() end

[90mstdout[2m | tests/property/scoped-roles-processing-efficiency.test.ts[2m > [22m[2mProperty 10: Scoped Roles Processing Efficiency[2m > [22m[2mProperty 10.7: Project role operations should not affect org/system role caches
[22m[39mGoTrueClient@sb-bgxknceshxxifwytalex-auth-token:0 (2.93.3) 2026-02-02T15:20:09.035Z #_useSession end

[90mstdout[2m | tests/property/scoped-roles-processing-efficiency.test.ts[2m > [22m[2mProperty 10: Scoped Roles Processing Efficiency[2m > [22m[2mProperty 10.7: Project role operations should not affect org/system role caches
[22m[39mGoTrueClient@sb-bgxknceshxxifwytalex-auth-token:0 (2.93.3) 2026-02-02T15:20:09.035Z #_acquireLock lock released for storage key sb-bgxknceshxxifwytalex-auth-token

[90mstdout[2m | tests/property/scoped-roles-processing-efficiency.test.ts[2m > [22m[2mProperty 10: Scoped Roles Processing Efficiency[2m > [22m[2mProperty 10.7: Project role operations should not affect org/system role caches
[22m[39mGoTrueClient@sb-bgxknceshxxifwytalex-auth-token:0 (2.93.3) 2026-02-02T15:20:09.035Z #_acquireLock end

[90mstdout[2m | tests/property/scoped-roles-processing-efficiency.test.ts[2m > [22m[2mProperty 10: Scoped Roles Processing Efficiency[2m > [22m[2mProperty 10.7: Project role operations should not affect org/system role caches
[22m[39mGoTrueClient@sb-bgxknceshxxifwytalex-auth-token:0 (2.93.3) 2026-02-02T15:20:09.086Z #_acquireLock begin [33m10000[39m
GoTrueClient@sb-bgxknceshxxifwytalex-auth-token:0 (2.93.3) 2026-02-02T15:20:09.086Z #_acquireLock lock acquired for storage key sb-bgxknceshxxifwytalex-auth-token
GoTrueClient@sb-bgxknceshxxifwytalex-auth-token:0 (2.93.3) 2026-02-02T15:20:09.086Z #_useSession begin
GoTrueClient@sb-bgxknceshxxifwytalex-auth-token:0 (2.93.3) 2026-02-02T15:20:09.086Z #__loadSession() begin

[90mstdout[2m | tests/property/scoped-roles-processing-efficiency.test.ts[2m > [22m[2mProperty 10: Scoped Roles Processing Efficiency[2m > [22m[2mProperty 10.7: Project role operations should not affect org/system role caches
[22m[39mGoTrueClient@sb-bgxknceshxxifwytalex-auth-token:0 (2.93.3) 2026-02-02T15:20:09.086Z #getSession() session from storage [1mnull[22m
GoTrueClient@sb-bgxknceshxxifwytalex-auth-token:0 (2.93.3) 2026-02-02T15:20:09.086Z #__loadSession() end

[90mstdout[2m | tests/property/scoped-roles-processing-efficiency.test.ts[2m > [22m[2mProperty 10: Scoped Roles Processing Efficiency[2m > [22m[2mProperty 10.7: Project role operations should not affect org/system role caches
[22m[39mGoTrueClient@sb-bgxknceshxxifwytalex-auth-token:0 (2.93.3) 2026-02-02T15:20:09.086Z #_useSession end

[90mstdout[2m | tests/property/scoped-roles-processing-efficiency.test.ts[2m > [22m[2mProperty 10: Scoped Roles Processing Efficiency[2m > [22m[2mProperty 10.7: Project role operations should not affect org/system role caches
[22m[39mGoTrueClient@sb-bgxknceshxxifwytalex-auth-token:0 (2.93.3) 2026-02-02T15:20:09.086Z #_acquireLock lock released for storage key sb-bgxknceshxxifwytalex-auth-token

[90mstdout[2m | tests/property/scoped-roles-processing-efficiency.test.ts[2m > [22m[2mProperty 10: Scoped Roles Processing Efficiency[2m > [22m[2mProperty 10.7: Project role operations should not affect org/system role caches
[22m[39mGoTrueClient@sb-bgxknceshxxifwytalex-auth-token:0 (2.93.3) 2026-02-02T15:20:09.087Z #_acquireLock end

stderr | tests/property/scoped-roles-processing-efficiency.test.ts > Property 10: Scoped Roles Processing Efficiency > Property 10.7: Project role operations should not affect org/system role caches
Error fetching org roles: {
  code: 'PGRST200',
  details: "Searched for a foreign key relationship between 'org_roles' and 'user_profiles' in the schema 'public', but no matches were found.",
  hint: null,
  message: "Could not find a relationship between 'org_roles' and 'user_profiles' in the schema cache"
}

[90mstdout[2m | tests/property/scoped-roles-processing-efficiency.test.ts[2m > [22m[2mProperty 10: Scoped Roles Processing Efficiency[2m > [22m[2mProperty 10.7: Project role operations should not affect org/system role caches
[22m[39mGoTrueClient@sb-bgxknceshxxifwytalex-auth-token:0 (2.93.3) 2026-02-02T15:20:09.132Z #_acquireLock begin [33m10000[39m
GoTrueClient@sb-bgxknceshxxifwytalex-auth-token:0 (2.93.3) 2026-02-02T15:20:09.132Z #_acquireLock lock acquired for storage key sb-bgxknceshxxifwytalex-auth-token
GoTrueClient@sb-bgxknceshxxifwytalex-auth-token:0 (2.93.3) 2026-02-02T15:20:09.132Z #_useSession begin
GoTrueClient@sb-bgxknceshxxifwytalex-auth-token:0 (2.93.3) 2026-02-02T15:20:09.132Z #__loadSession() begin

[90mstdout[2m | tests/property/scoped-roles-processing-efficiency.test.ts[2m > [22m[2mProperty 10: Scoped Roles Processing Efficiency[2m > [22m[2mProperty 10.7: Project role operations should not affect org/system role caches
[22m[39mGoTrueClient@sb-bgxknceshxxifwytalex-auth-token:0 (2.93.3) 2026-02-02T15:20:09.132Z #getSession() session from storage [1mnull[22m
GoTrueClient@sb-bgxknceshxxifwytalex-auth-token:0 (2.93.3) 2026-02-02T15:20:09.132Z #__loadSession() end

[90mstdout[2m | tests/property/scoped-roles-processing-efficiency.test.ts[2m > [22m[2mProperty 10: Scoped Roles Processing Efficiency[2m > [22m[2mProperty 10.7: Project role operations should not affect org/system role caches
[22m[39mGoTrueClient@sb-bgxknceshxxifwytalex-auth-token:0 (2.93.3) 2026-02-02T15:20:09.132Z #_useSession end

[90mstdout[2m | tests/property/scoped-roles-processing-efficiency.test.ts[2m > [22m[2mProperty 10: Scoped Roles Processing Efficiency[2m > [22m[2mProperty 10.7: Project role operations should not affect org/system role caches
[22m[39mGoTrueClient@sb-bgxknceshxxifwytalex-auth-token:0 (2.93.3) 2026-02-02T15:20:09.132Z #_acquireLock lock released for storage key sb-bgxknceshxxifwytalex-auth-token

[90mstdout[2m | tests/property/scoped-roles-processing-efficiency.test.ts[2m > [22m[2mProperty 10: Scoped Roles Processing Efficiency[2m > [22m[2mProperty 10.7: Project role operations should not affect org/system role caches
[22m[39mGoTrueClient@sb-bgxknceshxxifwytalex-auth-token:0 (2.93.3) 2026-02-02T15:20:09.132Z #_acquireLock end

[90mstdout[2m | tests/property/scoped-roles-processing-efficiency.test.ts[2m > [22m[2mProperty 10: Scoped Roles Processing Efficiency[2m > [22m[2mProperty 10.7: Project role operations should not affect org/system role caches
[22m[39mGoTrueClient@sb-bgxknceshxxifwytalex-auth-token:0 (2.93.3) 2026-02-02T15:20:09.169Z #_acquireLock begin [33m10000[39m
GoTrueClient@sb-bgxknceshxxifwytalex-auth-token:0 (2.93.3) 2026-02-02T15:20:09.170Z #_acquireLock lock acquired for storage key sb-bgxknceshxxifwytalex-auth-token
GoTrueClient@sb-bgxknceshxxifwytalex-auth-token:0 (2.93.3) 2026-02-02T15:20:09.170Z #_useSession begin
GoTrueClient@sb-bgxknceshxxifwytalex-auth-token:0 (2.93.3) 2026-02-02T15:20:09.170Z #__loadSession() begin

[90mstdout[2m | tests/property/scoped-roles-processing-efficiency.test.ts[2m > [22m[2mProperty 10: Scoped Roles Processing Efficiency[2m > [22m[2mProperty 10.7: Project role operations should not affect org/system role caches
[22m[39mGoTrueClient@sb-bgxknceshxxifwytalex-auth-token:0 (2.93.3) 2026-02-02T15:20:09.170Z #getSession() session from storage [1mnull[22m
GoTrueClient@sb-bgxknceshxxifwytalex-auth-token:0 (2.93.3) 2026-02-02T15:20:09.170Z #__loadSession() end

[90mstdout[2m | tests/property/scoped-roles-processing-efficiency.test.ts[2m > [22m[2mProperty 10: Scoped Roles Processing Efficiency[2m > [22m[2mProperty 10.7: Project role operations should not affect org/system role caches
[22m[39mGoTrueClient@sb-bgxknceshxxifwytalex-auth-token:0 (2.93.3) 2026-02-02T15:20:09.170Z #_useSession end

[90mstdout[2m | tests/property/scoped-roles-processing-efficiency.test.ts[2m > [22m[2mProperty 10: Scoped Roles Processing Efficiency[2m > [22m[2mProperty 10.7: Project role operations should not affect org/system role caches
[22m[39mGoTrueClient@sb-bgxknceshxxifwytalex-auth-token:0 (2.93.3) 2026-02-02T15:20:09.170Z #_acquireLock lock released for storage key sb-bgxknceshxxifwytalex-auth-token

[90mstdout[2m | tests/property/scoped-roles-processing-efficiency.test.ts[2m > [22m[2mProperty 10: Scoped Roles Processing Efficiency[2m > [22m[2mProperty 10.7: Project role operations should not affect org/system role caches
[22m[39mGoTrueClient@sb-bgxknceshxxifwytalex-auth-token:0 (2.93.3) 2026-02-02T15:20:09.170Z #_acquireLock end

stderr | tests/property/scoped-roles-processing-efficiency.test.ts > Property 10: Scoped Roles Processing Efficiency > Property 10.7: Project role operations should not affect org/system role caches
Error fetching project roles: {
  code: 'PGRST200',
  details: "Searched for a foreign key relationship between 'project_roles' and 'user_profiles' in the schema 'public', but no matches were found.",
  hint: null,
  message: "Could not find a relationship between 'project_roles' and 'user_profiles' in the schema cache"
}

[90mstdout[2m | tests/property/scoped-roles-processing-efficiency.test.ts[2m > [22m[2mProperty 10: Scoped Roles Processing Efficiency[2m > [22m[2mProperty 10.7: Project role operations should not affect org/system role caches
[22m[39mGoTrueClient@sb-bgxknceshxxifwytalex-auth-token:0 (2.93.3) 2026-02-02T15:20:09.192Z #_acquireLock begin [33m10000[39m
GoTrueClient@sb-bgxknceshxxifwytalex-auth-token:0 (2.93.3) 2026-02-02T15:20:09.192Z #_acquireLock lock acquired for storage key sb-bgxknceshxxifwytalex-auth-token
GoTrueClient@sb-bgxknceshxxifwytalex-auth-token:0 (2.93.3) 2026-02-02T15:20:09.192Z #_useSession begin
GoTrueClient@sb-bgxknceshxxifwytalex-auth-token:0 (2.93.3) 2026-02-02T15:20:09.192Z #__loadSession() begin

[90mstdout[2m | tests/property/scoped-roles-processing-efficiency.test.ts[2m > [22m[2mProperty 10: Scoped Roles Processing Efficiency[2m > [22m[2mProperty 10.7: Project role operations should not affect org/system role caches
[22m[39mGoTrueClient@sb-bgxknceshxxifwytalex-auth-token:0 (2.93.3) 2026-02-02T15:20:09.192Z #getSession() session from storage [1mnull[22m
GoTrueClient@sb-bgxknceshxxifwytalex-auth-token:0 (2.93.3) 2026-02-02T15:20:09.192Z #__loadSession() end

[90mstdout[2m | tests/property/scoped-roles-processing-efficiency.test.ts[2m > [22m[2mProperty 10: Scoped Roles Processing Efficiency[2m > [22m[2mProperty 10.7: Project role operations should not affect org/system role caches
[22m[39mGoTrueClient@sb-bgxknceshxxifwytalex-auth-token:0 (2.93.3) 2026-02-02T15:20:09.193Z #_useSession end

[90mstdout[2m | tests/property/scoped-roles-processing-efficiency.test.ts[2m > [22m[2mProperty 10: Scoped Roles Processing Efficiency[2m > [22m[2mProperty 10.7: Project role operations should not affect org/system role caches
[22m[39mGoTrueClient@sb-bgxknceshxxifwytalex-auth-token:0 (2.93.3) 2026-02-02T15:20:09.193Z #_acquireLock lock released for storage key sb-bgxknceshxxifwytalex-auth-token

[90mstdout[2m | tests/property/scoped-roles-processing-efficiency.test.ts[2m > [22m[2mProperty 10: Scoped Roles Processing Efficiency[2m > [22m[2mProperty 10.7: Project role operations should not affect org/system role caches
[22m[39mGoTrueClient@sb-bgxknceshxxifwytalex-auth-token:0 (2.93.3) 2026-02-02T15:20:09.193Z #_acquireLock end

stderr | tests/property/scoped-roles-processing-efficiency.test.ts > Property 10: Scoped Roles Processing Efficiency > Property 10.7: Project role operations should not affect org/system role caches
Error fetching project roles: {
  code: 'PGRST200',
  details: "Searched for a foreign key relationship between 'project_roles' and 'user_profiles' in the schema 'public', but no matches were found.",
  hint: null,
  message: "Could not find a relationship between 'project_roles' and 'user_profiles' in the schema cache"
}

[90mstdout[2m | tests/property/scoped-roles-processing-efficiency.test.ts[2m > [22m[2mProperty 10: Scoped Roles Processing Efficiency[2m > [22m[2mProperty 10.7: Project role operations should not affect org/system role caches
[22m[39mGoTrueClient@sb-bgxknceshxxifwytalex-auth-token:0 (2.93.3) 2026-02-02T15:20:09.209Z #_acquireLock begin [33m10000[39m
GoTrueClient@sb-bgxknceshxxifwytalex-auth-token:0 (2.93.3) 2026-02-02T15:20:09.210Z #_acquireLock lock acquired for storage key sb-bgxknceshxxifwytalex-auth-token
GoTrueClient@sb-bgxknceshxxifwytalex-auth-token:0 (2.93.3) 2026-02-02T15:20:09.210Z #_useSession begin
GoTrueClient@sb-bgxknceshxxifwytalex-auth-token:0 (2.93.3) 2026-02-02T15:20:09.210Z #__loadSession() begin

[90mstdout[2m | tests/property/scoped-roles-processing-efficiency.test.ts[2m > [22m[2mProperty 10: Scoped Roles Processing Efficiency[2m > [22m[2mProperty 10.7: Project role operations should not affect org/system role caches
[22m[39mGoTrueClient@sb-bgxknceshxxifwytalex-auth-token:0 (2.93.3) 2026-02-02T15:20:09.210Z #getSession() session from storage [1mnull[22m
GoTrueClient@sb-bgxknceshxxifwytalex-auth-token:0 (2.93.3) 2026-02-02T15:20:09.210Z #__loadSession() end

[90mstdout[2m | tests/property/scoped-roles-processing-efficiency.test.ts[2m > [22m[2mProperty 10: Scoped Roles Processing Efficiency[2m > [22m[2mProperty 10.7: Project role operations should not affect org/system role caches
[22m[39mGoTrueClient@sb-bgxknceshxxifwytalex-auth-token:0 (2.93.3) 2026-02-02T15:20:09.210Z #_useSession end

[90mstdout[2m | tests/property/scoped-roles-processing-efficiency.test.ts[2m > [22m[2mProperty 10: Scoped Roles Processing Efficiency[2m > [22m[2mProperty 10.7: Project role operations should not affect org/system role caches
[22m[39mGoTrueClient@sb-bgxknceshxxifwytalex-auth-token:0 (2.93.3) 2026-02-02T15:20:09.210Z #_acquireLock lock released for storage key sb-bgxknceshxxifwytalex-auth-token

[90mstdout[2m | tests/property/scoped-roles-processing-efficiency.test.ts[2m > [22m[2mProperty 10: Scoped Roles Processing Efficiency[2m > [22m[2mProperty 10.7: Project role operations should not affect org/system role caches
[22m[39mGoTrueClient@sb-bgxknceshxxifwytalex-auth-token:0 (2.93.3) 2026-02-02T15:20:09.210Z #_acquireLock end

stderr | tests/property/scoped-roles-processing-efficiency.test.ts > Property 10: Scoped Roles Processing Efficiency > Property 10.7: Project role operations should not affect org/system role caches
Error fetching org roles: {
  code: 'PGRST200',
  details: "Searched for a foreign key relationship between 'org_roles' and 'user_profiles' in the schema 'public', but no matches were found.",
  hint: null,
  message: "Could not find a relationship between 'org_roles' and 'user_profiles' in the schema cache"
}

[90mstdout[2m | tests/property/scoped-roles-processing-efficiency.test.ts[2m > [22m[2mProperty 10: Scoped Roles Processing Efficiency[2m > [22m[2mProperty 10.7: Project role operations should not affect org/system role caches
[22m[39mGoTrueClient@sb-bgxknceshxxifwytalex-auth-token:0 (2.93.3) 2026-02-02T15:20:09.255Z #_acquireLock begin [33m10000[39m
GoTrueClient@sb-bgxknceshxxifwytalex-auth-token:0 (2.93.3) 2026-02-02T15:20:09.255Z #_acquireLock lock acquired for storage key sb-bgxknceshxxifwytalex-auth-token
GoTrueClient@sb-bgxknceshxxifwytalex-auth-token:0 (2.93.3) 2026-02-02T15:20:09.255Z #_useSession begin
GoTrueClient@sb-bgxknceshxxifwytalex-auth-token:0 (2.93.3) 2026-02-02T15:20:09.255Z #__loadSession() begin

[90mstdout[2m | tests/property/scoped-roles-processing-efficiency.test.ts[2m > [22m[2mProperty 10: Scoped Roles Processing Efficiency[2m > [22m[2mProperty 10.7: Project role operations should not affect org/system role caches
[22m[39mGoTrueClient@sb-bgxknceshxxifwytalex-auth-token:0 (2.93.3) 2026-02-02T15:20:09.255Z #getSession() session from storage [1mnull[22m
GoTrueClient@sb-bgxknceshxxifwytalex-auth-token:0 (2.93.3) 2026-02-02T15:20:09.256Z #__loadSession() end

[90mstdout[2m | tests/property/scoped-roles-processing-efficiency.test.ts[2m > [22m[2mProperty 10: Scoped Roles Processing Efficiency[2m > [22m[2mProperty 10.7: Project role operations should not affect org/system role caches
[22m[39mGoTrueClient@sb-bgxknceshxxifwytalex-auth-token:0 (2.93.3) 2026-02-02T15:20:09.256Z #_useSession end

[90mstdout[2m | tests/property/scoped-roles-processing-efficiency.test.ts[2m > [22m[2mProperty 10: Scoped Roles Processing Efficiency[2m > [22m[2mProperty 10.7: Project role operations should not affect org/system role caches
[22m[39mGoTrueClient@sb-bgxknceshxxifwytalex-auth-token:0 (2.93.3) 2026-02-02T15:20:09.256Z #_acquireLock lock released for storage key sb-bgxknceshxxifwytalex-auth-token

[90mstdout[2m | tests/property/scoped-roles-processing-efficiency.test.ts[2m > [22m[2mProperty 10: Scoped Roles Processing Efficiency[2m > [22m[2mProperty 10.7: Project role operations should not affect org/system role caches
[22m[39mGoTrueClient@sb-bgxknceshxxifwytalex-auth-token:0 (2.93.3) 2026-02-02T15:20:09.256Z #_acquireLock end

[90mstdout[2m | tests/property/scoped-roles-processing-efficiency.test.ts[2m > [22m[2mProperty 10: Scoped Roles Processing Efficiency[2m > [22m[2mProperty 10.7: Project role operations should not affect org/system role caches
[22m[39mGoTrueClient@sb-bgxknceshxxifwytalex-auth-token:0 (2.93.3) 2026-02-02T15:20:09.306Z #_acquireLock begin [33m10000[39m
GoTrueClient@sb-bgxknceshxxifwytalex-auth-token:0 (2.93.3) 2026-02-02T15:20:09.306Z #_acquireLock lock acquired for storage key sb-bgxknceshxxifwytalex-auth-token
GoTrueClient@sb-bgxknceshxxifwytalex-auth-token:0 (2.93.3) 2026-02-02T15:20:09.306Z #_useSession begin
GoTrueClient@sb-bgxknceshxxifwytalex-auth-token:0 (2.93.3) 2026-02-02T15:20:09.306Z #__loadSession() begin

[90mstdout[2m | tests/property/scoped-roles-processing-efficiency.test.ts[2m > [22m[2mProperty 10: Scoped Roles Processing Efficiency[2m > [22m[2mProperty 10.7: Project role operations should not affect org/system role caches
[22m[39mGoTrueClient@sb-bgxknceshxxifwytalex-auth-token:0 (2.93.3) 2026-02-02T15:20:09.307Z #getSession() session from storage [1mnull[22m
GoTrueClient@sb-bgxknceshxxifwytalex-auth-token:0 (2.93.3) 2026-02-02T15:20:09.307Z #__loadSession() end

[90mstdout[2m | tests/property/scoped-roles-processing-efficiency.test.ts[2m > [22m[2mProperty 10: Scoped Roles Processing Efficiency[2m > [22m[2mProperty 10.7: Project role operations should not affect org/system role caches
[22m[39mGoTrueClient@sb-bgxknceshxxifwytalex-auth-token:0 (2.93.3) 2026-02-02T15:20:09.307Z #_useSession end

[90mstdout[2m | tests/property/scoped-roles-processing-efficiency.test.ts[2m > [22m[2mProperty 10: Scoped Roles Processing Efficiency[2m > [22m[2mProperty 10.7: Project role operations should not affect org/system role caches
[22m[39mGoTrueClient@sb-bgxknceshxxifwytalex-auth-token:0 (2.93.3) 2026-02-02T15:20:09.307Z #_acquireLock lock released for storage key sb-bgxknceshxxifwytalex-auth-token

[90mstdout[2m | tests/property/scoped-roles-processing-efficiency.test.ts[2m > [22m[2mProperty 10: Scoped Roles Processing Efficiency[2m > [22m[2mProperty 10.7: Project role operations should not affect org/system role caches
[22m[39mGoTrueClient@sb-bgxknceshxxifwytalex-auth-token:0 (2.93.3) 2026-02-02T15:20:09.307Z #_acquireLock end

stderr | tests/property/scoped-roles-processing-efficiency.test.ts > Property 10: Scoped Roles Processing Efficiency > Property 10.7: Project role operations should not affect org/system role caches
Error fetching project roles: {
  code: 'PGRST200',
  details: "Searched for a foreign key relationship between 'project_roles' and 'user_profiles' in the schema 'public', but no matches were found.",
  hint: null,
  message: "Could not find a relationship between 'project_roles' and 'user_profiles' in the schema cache"
}

[90mstdout[2m | tests/property/scoped-roles-processing-efficiency.test.ts[2m > [22m[2mProperty 10: Scoped Roles Processing Efficiency[2m > [22m[2mProperty 10.7: Project role operations should not affect org/system role caches
[22m[39mGoTrueClient@sb-bgxknceshxxifwytalex-auth-token:0 (2.93.3) 2026-02-02T15:20:09.345Z #_acquireLock begin [33m10000[39m
GoTrueClient@sb-bgxknceshxxifwytalex-auth-token:0 (2.93.3) 2026-02-02T15:20:09.345Z #_acquireLock lock acquired for storage key sb-bgxknceshxxifwytalex-auth-token
GoTrueClient@sb-bgxknceshxxifwytalex-auth-token:0 (2.93.3) 2026-02-02T15:20:09.345Z #_useSession begin
GoTrueClient@sb-bgxknceshxxifwytalex-auth-token:0 (2.93.3) 2026-02-02T15:20:09.345Z #__loadSession() begin

[90mstdout[2m | tests/property/scoped-roles-processing-efficiency.test.ts[2m > [22m[2mProperty 10: Scoped Roles Processing Efficiency[2m > [22m[2mProperty 10.7: Project role operations should not affect org/system role caches
[22m[39mGoTrueClient@sb-bgxknceshxxifwytalex-auth-token:0 (2.93.3) 2026-02-02T15:20:09.345Z #getSession() session from storage [1mnull[22m
GoTrueClient@sb-bgxknceshxxifwytalex-auth-token:0 (2.93.3) 2026-02-02T15:20:09.345Z #__loadSession() end

[90mstdout[2m | tests/property/scoped-roles-processing-efficiency.test.ts[2m > [22m[2mProperty 10: Scoped Roles Processing Efficiency[2m > [22m[2mProperty 10.7: Project role operations should not affect org/system role caches
[22m[39mGoTrueClient@sb-bgxknceshxxifwytalex-auth-token:0 (2.93.3) 2026-02-02T15:20:09.345Z #_useSession end

[90mstdout[2m | tests/property/scoped-roles-processing-efficiency.test.ts[2m > [22m[2mProperty 10: Scoped Roles Processing Efficiency[2m > [22m[2mProperty 10.7: Project role operations should not affect org/system role caches
[22m[39mGoTrueClient@sb-bgxknceshxxifwytalex-auth-token:0 (2.93.3) 2026-02-02T15:20:09.346Z #_acquireLock lock released for storage key sb-bgxknceshxxifwytalex-auth-token

[90mstdout[2m | tests/property/scoped-roles-processing-efficiency.test.ts[2m > [22m[2mProperty 10: Scoped Roles Processing Efficiency[2m > [22m[2mProperty 10.7: Project role operations should not affect org/system role caches
[22m[39mGoTrueClient@sb-bgxknceshxxifwytalex-auth-token:0 (2.93.3) 2026-02-02T15:20:09.346Z #_acquireLock end

stderr | tests/property/scoped-roles-processing-efficiency.test.ts > Property 10: Scoped Roles Processing Efficiency > Property 10.7: Project role operations should not affect org/system role caches
Error fetching org roles: {
  code: 'PGRST200',
  details: "Searched for a foreign key relationship between 'org_roles' and 'user_profiles' in the schema 'public', but no matches were found.",
  hint: null,
  message: "Could not find a relationship between 'org_roles' and 'user_profiles' in the schema cache"
}

[90mstdout[2m | tests/property/scoped-roles-processing-efficiency.test.ts[2m > [22m[2mProperty 10: Scoped Roles Processing Efficiency[2m > [22m[2mProperty 10.7: Project role operations should not affect org/system role caches
[22m[39mGoTrueClient@sb-bgxknceshxxifwytalex-auth-token:0 (2.93.3) 2026-02-02T15:20:09.371Z #_acquireLock begin [33m10000[39m
GoTrueClient@sb-bgxknceshxxifwytalex-auth-token:0 (2.93.3) 2026-02-02T15:20:09.371Z #_acquireLock lock acquired for storage key sb-bgxknceshxxifwytalex-auth-token
GoTrueClient@sb-bgxknceshxxifwytalex-auth-token:0 (2.93.3) 2026-02-02T15:20:09.371Z #_useSession begin
GoTrueClient@sb-bgxknceshxxifwytalex-auth-token:0 (2.93.3) 2026-02-02T15:20:09.371Z #__loadSession() begin

[90mstdout[2m | tests/property/scoped-roles-processing-efficiency.test.ts[2m > [22m[2mProperty 10: Scoped Roles Processing Efficiency[2m > [22m[2mProperty 10.7: Project role operations should not affect org/system role caches
[22m[39mGoTrueClient@sb-bgxknceshxxifwytalex-auth-token:0 (2.93.3) 2026-02-02T15:20:09.372Z #getSession() session from storage [1mnull[22m
GoTrueClient@sb-bgxknceshxxifwytalex-auth-token:0 (2.93.3) 2026-02-02T15:20:09.372Z #__loadSession() end

[90mstdout[2m | tests/property/scoped-roles-processing-efficiency.test.ts[2m > [22m[2mProperty 10: Scoped Roles Processing Efficiency[2m > [22m[2mProperty 10.7: Project role operations should not affect org/system role caches
[22m[39mGoTrueClient@sb-bgxknceshxxifwytalex-auth-token:0 (2.93.3) 2026-02-02T15:20:09.372Z #_useSession end

[90mstdout[2m | tests/property/scoped-roles-processing-efficiency.test.ts[2m > [22m[2mProperty 10: Scoped Roles Processing Efficiency[2m > [22m[2mProperty 10.7: Project role operations should not affect org/system role caches
[22m[39mGoTrueClient@sb-bgxknceshxxifwytalex-auth-token:0 (2.93.3) 2026-02-02T15:20:09.372Z #_acquireLock lock released for storage key sb-bgxknceshxxifwytalex-auth-token

[90mstdout[2m | tests/property/scoped-roles-processing-efficiency.test.ts[2m > [22m[2mProperty 10: Scoped Roles Processing Efficiency[2m > [22m[2mProperty 10.7: Project role operations should not affect org/system role caches
[22m[39mGoTrueClient@sb-bgxknceshxxifwytalex-auth-token:0 (2.93.3) 2026-02-02T15:20:09.372Z #_acquireLock end

stderr | tests/property/scoped-roles-processing-efficiency.test.ts > Property 10: Scoped Roles Processing Efficiency > Property 10.7: Project role operations should not affect org/system role caches
Error fetching org roles: {
  code: 'PGRST200',
  details: "Searched for a foreign key relationship between 'org_roles' and 'user_profiles' in the schema 'public', but no matches were found.",
  hint: null,
  message: "Could not find a relationship between 'org_roles' and 'user_profiles' in the schema cache"
}

[90mstdout[2m | tests/property/scoped-roles-processing-efficiency.test.ts[2m > [22m[2mProperty 10: Scoped Roles Processing Efficiency[2m > [22m[2mProperty 10.7: Project role operations should not affect org/system role caches
[22m[39mGoTrueClient@sb-bgxknceshxxifwytalex-auth-token:0 (2.93.3) 2026-02-02T15:20:09.394Z #_acquireLock begin [33m10000[39m
GoTrueClient@sb-bgxknceshxxifwytalex-auth-token:0 (2.93.3) 2026-02-02T15:20:09.394Z #_acquireLock lock acquired for storage key sb-bgxknceshxxifwytalex-auth-token
GoTrueClient@sb-bgxknceshxxifwytalex-auth-token:0 (2.93.3) 2026-02-02T15:20:09.394Z #_useSession begin
GoTrueClient@sb-bgxknceshxxifwytalex-auth-token:0 (2.93.3) 2026-02-02T15:20:09.394Z #__loadSession() begin

[90mstdout[2m | tests/property/scoped-roles-processing-efficiency.test.ts[2m > [22m[2mProperty 10: Scoped Roles Processing Efficiency[2m > [22m[2mProperty 10.7: Project role operations should not affect org/system role caches
[22m[39mGoTrueClient@sb-bgxknceshxxifwytalex-auth-token:0 (2.93.3) 2026-02-02T15:20:09.394Z #getSession() session from storage [1mnull[22m
GoTrueClient@sb-bgxknceshxxifwytalex-auth-token:0 (2.93.3) 2026-02-02T15:20:09.395Z #__loadSession() end

[90mstdout[2m | tests/property/scoped-roles-processing-efficiency.test.ts[2m > [22m[2mProperty 10: Scoped Roles Processing Efficiency[2m > [22m[2mProperty 10.7: Project role operations should not affect org/system role caches
[22m[39mGoTrueClient@sb-bgxknceshxxifwytalex-auth-token:0 (2.93.3) 2026-02-02T15:20:09.395Z #_useSession end

[90mstdout[2m | tests/property/scoped-roles-processing-efficiency.test.ts[2m > [22m[2mProperty 10: Scoped Roles Processing Efficiency[2m > [22m[2mProperty 10.7: Project role operations should not affect org/system role caches
[22m[39mGoTrueClient@sb-bgxknceshxxifwytalex-auth-token:0 (2.93.3) 2026-02-02T15:20:09.395Z #_acquireLock lock released for storage key sb-bgxknceshxxifwytalex-auth-token

[90mstdout[2m | tests/property/scoped-roles-processing-efficiency.test.ts[2m > [22m[2mProperty 10: Scoped Roles Processing Efficiency[2m > [22m[2mProperty 10.7: Project role operations should not affect org/system role caches
[22m[39mGoTrueClient@sb-bgxknceshxxifwytalex-auth-token:0 (2.93.3) 2026-02-02T15:20:09.395Z #_acquireLock end

stderr | tests/property/scoped-roles-processing-efficiency.test.ts > Property 10: Scoped Roles Processing Efficiency > Property 10.7: Project role operations should not affect org/system role caches
Error fetching project roles: {
  code: 'PGRST200',
  details: "Searched for a foreign key relationship between 'project_roles' and 'user_profiles' in the schema 'public', but no matches were found.",
  hint: null,
  message: "Could not find a relationship between 'project_roles' and 'user_profiles' in the schema cache"
}

[90mstdout[2m | tests/property/scoped-roles-processing-efficiency.test.ts[2m > [22m[2mProperty 10: Scoped Roles Processing Efficiency[2m > [22m[2mProperty 10.7: Project role operations should not affect org/system role caches
[22m[39mGoTrueClient@sb-bgxknceshxxifwytalex-auth-token:0 (2.93.3) 2026-02-02T15:20:09.410Z #_acquireLock begin [33m10000[39m
GoTrueClient@sb-bgxknceshxxifwytalex-auth-token:0 (2.93.3) 2026-02-02T15:20:09.410Z #_acquireLock lock acquired for storage key sb-bgxknceshxxifwytalex-auth-token
GoTrueClient@sb-bgxknceshxxifwytalex-auth-token:0 (2.93.3) 2026-02-02T15:20:09.410Z #_useSession begin
GoTrueClient@sb-bgxknceshxxifwytalex-auth-token:0 (2.93.3) 2026-02-02T15:20:09.410Z #__loadSession() begin

[90mstdout[2m | tests/property/scoped-roles-processing-efficiency.test.ts[2m > [22m[2mProperty 10: Scoped Roles Processing Efficiency[2m > [22m[2mProperty 10.7: Project role operations should not affect org/system role caches
[22m[39mGoTrueClient@sb-bgxknceshxxifwytalex-auth-token:0 (2.93.3) 2026-02-02T15:20:09.410Z #getSession() session from storage [1mnull[22m
GoTrueClient@sb-bgxknceshxxifwytalex-auth-token:0 (2.93.3) 2026-02-02T15:20:09.410Z #__loadSession() end

[90mstdout[2m | tests/property/scoped-roles-processing-efficiency.test.ts[2m > [22m[2mProperty 10: Scoped Roles Processing Efficiency[2m > [22m[2mProperty 10.7: Project role operations should not affect org/system role caches
[22m[39mGoTrueClient@sb-bgxknceshxxifwytalex-auth-token:0 (2.93.3) 2026-02-02T15:20:09.411Z #_useSession end

[90mstdout[2m | tests/property/scoped-roles-processing-efficiency.test.ts[2m > [22m[2mProperty 10: Scoped Roles Processing Efficiency[2m > [22m[2mProperty 10.7: Project role operations should not affect org/system role caches
[22m[39mGoTrueClient@sb-bgxknceshxxifwytalex-auth-token:0 (2.93.3) 2026-02-02T15:20:09.411Z #_acquireLock lock released for storage key sb-bgxknceshxxifwytalex-auth-token

[90mstdout[2m | tests/property/scoped-roles-processing-efficiency.test.ts[2m > [22m[2mProperty 10: Scoped Roles Processing Efficiency[2m > [22m[2mProperty 10.7: Project role operations should not affect org/system role caches
[22m[39mGoTrueClient@sb-bgxknceshxxifwytalex-auth-token:0 (2.93.3) 2026-02-02T15:20:09.411Z #_acquireLock end

stderr | tests/property/scoped-roles-processing-efficiency.test.ts > Property 10: Scoped Roles Processing Efficiency > Property 10.7: Project role operations should not affect org/system role caches
Error fetching org roles: {
  code: 'PGRST200',
  details: "Searched for a foreign key relationship between 'org_roles' and 'user_profiles' in the schema 'public', but no matches were found.",
  hint: null,
  message: "Could not find a relationship between 'org_roles' and 'user_profiles' in the schema cache"
}

[90mstdout[2m | tests/property/scoped-roles-processing-efficiency.test.ts[2m > [22m[2mProperty 10: Scoped Roles Processing Efficiency[2m > [22m[2mProperty 10.7: Project role operations should not affect org/system role caches
[22m[39mGoTrueClient@sb-bgxknceshxxifwytalex-auth-token:0 (2.93.3) 2026-02-02T15:20:09.463Z #_acquireLock begin [33m10000[39m
GoTrueClient@sb-bgxknceshxxifwytalex-auth-token:0 (2.93.3) 2026-02-02T15:20:09.464Z #_acquireLock lock acquired for storage key sb-bgxknceshxxifwytalex-auth-token
GoTrueClient@sb-bgxknceshxxifwytalex-auth-token:0 (2.93.3) 2026-02-02T15:20:09.464Z #_useSession begin
GoTrueClient@sb-bgxknceshxxifwytalex-auth-token:0 (2.93.3) 2026-02-02T15:20:09.464Z #__loadSession() begin

[90mstdout[2m | tests/property/scoped-roles-processing-efficiency.test.ts[2m > [22m[2mProperty 10: Scoped Roles Processing Efficiency[2m > [22m[2mProperty 10.7: Project role operations should not affect org/system role caches
[22m[39mGoTrueClient@sb-bgxknceshxxifwytalex-auth-token:0 (2.93.3) 2026-02-02T15:20:09.464Z #getSession() session from storage [1mnull[22m
GoTrueClient@sb-bgxknceshxxifwytalex-auth-token:0 (2.93.3) 2026-02-02T15:20:09.464Z #__loadSession() end

[90mstdout[2m | tests/property/scoped-roles-processing-efficiency.test.ts[2m > [22m[2mProperty 10: Scoped Roles Processing Efficiency[2m > [22m[2mProperty 10.7: Project role operations should not affect org/system role caches
[22m[39mGoTrueClient@sb-bgxknceshxxifwytalex-auth-token:0 (2.93.3) 2026-02-02T15:20:09.464Z #_useSession end

[90mstdout[2m | tests/property/scoped-roles-processing-efficiency.test.ts[2m > [22m[2mProperty 10: Scoped Roles Processing Efficiency[2m > [22m[2mProperty 10.7: Project role operations should not affect org/system role caches
[22m[39mGoTrueClient@sb-bgxknceshxxifwytalex-auth-token:0 (2.93.3) 2026-02-02T15:20:09.464Z #_acquireLock lock released for storage key sb-bgxknceshxxifwytalex-auth-token

[90mstdout[2m | tests/property/scoped-roles-processing-efficiency.test.ts[2m > [22m[2mProperty 10: Scoped Roles Processing Efficiency[2m > [22m[2mProperty 10.7: Project role operations should not affect org/system role caches
[22m[39mGoTrueClient@sb-bgxknceshxxifwytalex-auth-token:0 (2.93.3) 2026-02-02T15:20:09.464Z #_acquireLock end

[90mstdout[2m | tests/property/scoped-roles-processing-efficiency.test.ts[2m > [22m[2mProperty 10: Scoped Roles Processing Efficiency[2m > [22m[2mProperty 10.7: Project role operations should not affect org/system role caches
[22m[39mGoTrueClient@sb-bgxknceshxxifwytalex-auth-token:0 (2.93.3) 2026-02-02T15:20:09.525Z #_acquireLock begin [33m10000[39m
GoTrueClient@sb-bgxknceshxxifwytalex-auth-token:0 (2.93.3) 2026-02-02T15:20:09.525Z #_acquireLock lock acquired for storage key sb-bgxknceshxxifwytalex-auth-token
GoTrueClient@sb-bgxknceshxxifwytalex-auth-token:0 (2.93.3) 2026-02-02T15:20:09.525Z #_useSession begin
GoTrueClient@sb-bgxknceshxxifwytalex-auth-token:0 (2.93.3) 2026-02-02T15:20:09.525Z #__loadSession() begin

[90mstdout[2m | tests/property/scoped-roles-processing-efficiency.test.ts[2m > [22m[2mProperty 10: Scoped Roles Processing Efficiency[2m > [22m[2mProperty 10.7: Project role operations should not affect org/system role caches
[22m[39mGoTrueClient@sb-bgxknceshxxifwytalex-auth-token:0 (2.93.3) 2026-02-02T15:20:09.525Z #getSession() session from storage [1mnull[22m
GoTrueClient@sb-bgxknceshxxifwytalex-auth-token:0 (2.93.3) 2026-02-02T15:20:09.525Z #__loadSession() end

[90mstdout[2m | tests/property/scoped-roles-processing-efficiency.test.ts[2m > [22m[2mProperty 10: Scoped Roles Processing Efficiency[2m > [22m[2mProperty 10.7: Project role operations should not affect org/system role caches
[22m[39mGoTrueClient@sb-bgxknceshxxifwytalex-auth-token:0 (2.93.3) 2026-02-02T15:20:09.525Z #_useSession end

[90mstdout[2m | tests/property/scoped-roles-processing-efficiency.test.ts[2m > [22m[2mProperty 10: Scoped Roles Processing Efficiency[2m > [22m[2mProperty 10.7: Project role operations should not affect org/system role caches
[22m[39mGoTrueClient@sb-bgxknceshxxifwytalex-auth-token:0 (2.93.3) 2026-02-02T15:20:09.525Z #_acquireLock lock released for storage key sb-bgxknceshxxifwytalex-auth-token

[90mstdout[2m | tests/property/scoped-roles-processing-efficiency.test.ts[2m > [22m[2mProperty 10: Scoped Roles Processing Efficiency[2m > [22m[2mProperty 10.7: Project role operations should not affect org/system role caches
[22m[39mGoTrueClient@sb-bgxknceshxxifwytalex-auth-token:0 (2.93.3) 2026-02-02T15:20:09.526Z #_acquireLock end

[90mstdout[2m | tests/property/scoped-roles-processing-efficiency.test.ts[2m > [22m[2mProperty 10: Scoped Roles Processing Efficiency[2m > [22m[2mProperty 10.7: Project role operations should not affect org/system role caches
[22m[39mGoTrueClient@sb-bgxknceshxxifwytalex-auth-token:0 (2.93.3) 2026-02-02T15:20:09.564Z #_acquireLock begin [33m10000[39m
GoTrueClient@sb-bgxknceshxxifwytalex-auth-token:0 (2.93.3) 2026-02-02T15:20:09.564Z #_acquireLock lock acquired for storage key sb-bgxknceshxxifwytalex-auth-token
GoTrueClient@sb-bgxknceshxxifwytalex-auth-token:0 (2.93.3) 2026-02-02T15:20:09.564Z #_useSession begin
GoTrueClient@sb-bgxknceshxxifwytalex-auth-token:0 (2.93.3) 2026-02-02T15:20:09.564Z #__loadSession() begin

[90mstdout[2m | tests/property/scoped-roles-processing-efficiency.test.ts[2m > [22m[2mProperty 10: Scoped Roles Processing Efficiency[2m > [22m[2mProperty 10.7: Project role operations should not affect org/system role caches
[22m[39mGoTrueClient@sb-bgxknceshxxifwytalex-auth-token:0 (2.93.3) 2026-02-02T15:20:09.564Z #getSession() session from storage [1mnull[22m
GoTrueClient@sb-bgxknceshxxifwytalex-auth-token:0 (2.93.3) 2026-02-02T15:20:09.564Z #__loadSession() end

[90mstdout[2m | tests/property/scoped-roles-processing-efficiency.test.ts[2m > [22m[2mProperty 10: Scoped Roles Processing Efficiency[2m > [22m[2mProperty 10.7: Project role operations should not affect org/system role caches
[22m[39mGoTrueClient@sb-bgxknceshxxifwytalex-auth-token:0 (2.93.3) 2026-02-02T15:20:09.564Z #_useSession end

[90mstdout[2m | tests/property/scoped-roles-processing-efficiency.test.ts[2m > [22m[2mProperty 10: Scoped Roles Processing Efficiency[2m > [22m[2mProperty 10.7: Project role operations should not affect org/system role caches
[22m[39mGoTrueClient@sb-bgxknceshxxifwytalex-auth-token:0 (2.93.3) 2026-02-02T15:20:09.564Z #_acquireLock lock released for storage key sb-bgxknceshxxifwytalex-auth-token

[90mstdout[2m | tests/property/scoped-roles-processing-efficiency.test.ts[2m > [22m[2mProperty 10: Scoped Roles Processing Efficiency[2m > [22m[2mProperty 10.7: Project role operations should not affect org/system role caches
[22m[39mGoTrueClient@sb-bgxknceshxxifwytalex-auth-token:0 (2.93.3) 2026-02-02T15:20:09.564Z #_acquireLock end

stderr | tests/property/scoped-roles-processing-efficiency.test.ts > Property 10: Scoped Roles Processing Efficiency > Property 10.7: Project role operations should not affect org/system role caches
Error fetching project roles: {
  code: 'PGRST200',
  details: "Searched for a foreign key relationship between 'project_roles' and 'user_profiles' in the schema 'public', but no matches were found.",
  hint: null,
  message: "Could not find a relationship between 'project_roles' and 'user_profiles' in the schema cache"
}

[90mstdout[2m | tests/property/scoped-roles-processing-efficiency.test.ts[2m > [22m[2mProperty 10: Scoped Roles Processing Efficiency[2m > [22m[2mProperty 10.7: Project role operations should not affect org/system role caches
[22m[39mGoTrueClient@sb-bgxknceshxxifwytalex-auth-token:0 (2.93.3) 2026-02-02T15:20:09.575Z #_acquireLock begin [33m10000[39m
GoTrueClient@sb-bgxknceshxxifwytalex-auth-token:0 (2.93.3) 2026-02-02T15:20:09.576Z #_acquireLock lock acquired for storage key sb-bgxknceshxxifwytalex-auth-token
GoTrueClient@sb-bgxknceshxxifwytalex-auth-token:0 (2.93.3) 2026-02-02T15:20:09.576Z #_useSession begin
GoTrueClient@sb-bgxknceshxxifwytalex-auth-token:0 (2.93.3) 2026-02-02T15:20:09.576Z #__loadSession() begin

[90mstdout[2m | tests/property/scoped-roles-processing-efficiency.test.ts[2m > [22m[2mProperty 10: Scoped Roles Processing Efficiency[2m > [22m[2mProperty 10.7: Project role operations should not affect org/system role caches
[22m[39mGoTrueClient@sb-bgxknceshxxifwytalex-auth-token:0 (2.93.3) 2026-02-02T15:20:09.576Z #getSession() session from storage [1mnull[22m
GoTrueClient@sb-bgxknceshxxifwytalex-auth-token:0 (2.93.3) 2026-02-02T15:20:09.576Z #__loadSession() end

[90mstdout[2m | tests/property/scoped-roles-processing-efficiency.test.ts[2m > [22m[2mProperty 10: Scoped Roles Processing Efficiency[2m > [22m[2mProperty 10.7: Project role operations should not affect org/system role caches
[22m[39mGoTrueClient@sb-bgxknceshxxifwytalex-auth-token:0 (2.93.3) 2026-02-02T15:20:09.576Z #_useSession end

[90mstdout[2m | tests/property/scoped-roles-processing-efficiency.test.ts[2m > [22m[2mProperty 10: Scoped Roles Processing Efficiency[2m > [22m[2mProperty 10.7: Project role operations should not affect org/system role caches
[22m[39mGoTrueClient@sb-bgxknceshxxifwytalex-auth-token:0 (2.93.3) 2026-02-02T15:20:09.576Z #_acquireLock lock released for storage key sb-bgxknceshxxifwytalex-auth-token

[90mstdout[2m | tests/property/scoped-roles-processing-efficiency.test.ts[2m > [22m[2mProperty 10: Scoped Roles Processing Efficiency[2m > [22m[2mProperty 10.7: Project role operations should not affect org/system role caches
[22m[39mGoTrueClient@sb-bgxknceshxxifwytalex-auth-token:0 (2.93.3) 2026-02-02T15:20:09.576Z #_acquireLock end

[90mstdout[2m | tests/property/scoped-roles-processing-efficiency.test.ts[2m > [22m[2mProperty 10: Scoped Roles Processing Efficiency[2m > [22m[2mProperty 10.7: Project role operations should not affect org/system role caches
[22m[39mGoTrueClient@sb-bgxknceshxxifwytalex-auth-token:0 (2.93.3) 2026-02-02T15:20:09.597Z #_acquireLock begin [33m10000[39m
GoTrueClient@sb-bgxknceshxxifwytalex-auth-token:0 (2.93.3) 2026-02-02T15:20:09.597Z #_acquireLock lock acquired for storage key sb-bgxknceshxxifwytalex-auth-token
GoTrueClient@sb-bgxknceshxxifwytalex-auth-token:0 (2.93.3) 2026-02-02T15:20:09.597Z #_useSession begin
GoTrueClient@sb-bgxknceshxxifwytalex-auth-token:0 (2.93.3) 2026-02-02T15:20:09.597Z #__loadSession() begin

[90mstdout[2m | tests/property/scoped-roles-processing-efficiency.test.ts[2m > [22m[2mProperty 10: Scoped Roles Processing Efficiency[2m > [22m[2mProperty 10.7: Project role operations should not affect org/system role caches
[22m[39mGoTrueClient@sb-bgxknceshxxifwytalex-auth-token:0 (2.93.3) 2026-02-02T15:20:09.597Z #getSession() session from storage [1mnull[22m
GoTrueClient@sb-bgxknceshxxifwytalex-auth-token:0 (2.93.3) 2026-02-02T15:20:09.597Z #__loadSession() end

[90mstdout[2m | tests/property/scoped-roles-processing-efficiency.test.ts[2m > [22m[2mProperty 10: Scoped Roles Processing Efficiency[2m > [22m[2mProperty 10.7: Project role operations should not affect org/system role caches
[22m[39mGoTrueClient@sb-bgxknceshxxifwytalex-auth-token:0 (2.93.3) 2026-02-02T15:20:09.597Z #_useSession end

[90mstdout[2m | tests/property/scoped-roles-processing-efficiency.test.ts[2m > [22m[2mProperty 10: Scoped Roles Processing Efficiency[2m > [22m[2mProperty 10.7: Project role operations should not affect org/system role caches
[22m[39mGoTrueClient@sb-bgxknceshxxifwytalex-auth-token:0 (2.93.3) 2026-02-02T15:20:09.597Z #_acquireLock lock released for storage key sb-bgxknceshxxifwytalex-auth-token

[90mstdout[2m | tests/property/scoped-roles-processing-efficiency.test.ts[2m > [22m[2mProperty 10: Scoped Roles Processing Efficiency[2m > [22m[2mProperty 10.7: Project role operations should not affect org/system role caches
[22m[39mGoTrueClient@sb-bgxknceshxxifwytalex-auth-token:0 (2.93.3) 2026-02-02T15:20:09.598Z #_acquireLock end

stderr | tests/property/scoped-roles-processing-efficiency.test.ts > Property 10: Scoped Roles Processing Efficiency > Property 10.7: Project role operations should not affect org/system role caches
Error fetching project roles: {
  code: 'PGRST200',
  details: "Searched for a foreign key relationship between 'project_roles' and 'user_profiles' in the schema 'public', but no matches were found.",
  hint: null,
  message: "Could not find a relationship between 'project_roles' and 'user_profiles' in the schema cache"
}

[90mstdout[2m | tests/property/scoped-roles-processing-efficiency.test.ts[2m > [22m[2mProperty 10: Scoped Roles Processing Efficiency[2m > [22m[2mProperty 10.7: Project role operations should not affect org/system role caches
[22m[39mGoTrueClient@sb-bgxknceshxxifwytalex-auth-token:0 (2.93.3) 2026-02-02T15:20:09.616Z #_acquireLock begin [33m10000[39m
GoTrueClient@sb-bgxknceshxxifwytalex-auth-token:0 (2.93.3) 2026-02-02T15:20:09.616Z #_acquireLock lock acquired for storage key sb-bgxknceshxxifwytalex-auth-token
GoTrueClient@sb-bgxknceshxxifwytalex-auth-token:0 (2.93.3) 2026-02-02T15:20:09.616Z #_useSession begin
GoTrueClient@sb-bgxknceshxxifwytalex-auth-token:0 (2.93.3) 2026-02-02T15:20:09.616Z #__loadSession() begin

[90mstdout[2m | tests/property/scoped-roles-processing-efficiency.test.ts[2m > [22m[2mProperty 10: Scoped Roles Processing Efficiency[2m > [22m[2mProperty 10.7: Project role operations should not affect org/system role caches
[22m[39mGoTrueClient@sb-bgxknceshxxifwytalex-auth-token:0 (2.93.3) 2026-02-02T15:20:09.617Z #getSession() session from storage [1mnull[22m
GoTrueClient@sb-bgxknceshxxifwytalex-auth-token:0 (2.93.3) 2026-02-02T15:20:09.617Z #__loadSession() end

[90mstdout[2m | tests/property/scoped-roles-processing-efficiency.test.ts[2m > [22m[2mProperty 10: Scoped Roles Processing Efficiency[2m > [22m[2mProperty 10.7: Project role operations should not affect org/system role caches
[22m[39mGoTrueClient@sb-bgxknceshxxifwytalex-auth-token:0 (2.93.3) 2026-02-02T15:20:09.617Z #_useSession end

[90mstdout[2m | tests/property/scoped-roles-processing-efficiency.test.ts[2m > [22m[2mProperty 10: Scoped Roles Processing Efficiency[2m > [22m[2mProperty 10.7: Project role operations should not affect org/system role caches
[22m[39mGoTrueClient@sb-bgxknceshxxifwytalex-auth-token:0 (2.93.3) 2026-02-02T15:20:09.617Z #_acquireLock lock released for storage key sb-bgxknceshxxifwytalex-auth-token

[90mstdout[2m | tests/property/scoped-roles-processing-efficiency.test.ts[2m > [22m[2mProperty 10: Scoped Roles Processing Efficiency[2m > [22m[2mProperty 10.7: Project role operations should not affect org/system role caches
[22m[39mGoTrueClient@sb-bgxknceshxxifwytalex-auth-token:0 (2.93.3) 2026-02-02T15:20:09.617Z #_acquireLock end

stderr | tests/property/scoped-roles-processing-efficiency.test.ts > Property 10: Scoped Roles Processing Efficiency > Property 10.7: Project role operations should not affect org/system role caches
Error fetching org roles: {
  code: 'PGRST200',
  details: "Searched for a foreign key relationship between 'org_roles' and 'user_profiles' in the schema 'public', but no matches were found.",
  hint: null,
  message: "Could not find a relationship between 'org_roles' and 'user_profiles' in the schema cache"
}

[90mstdout[2m | tests/property/scoped-roles-processing-efficiency.test.ts[2m > [22m[2mProperty 10: Scoped Roles Processing Efficiency[2m > [22m[2mProperty 10.7: Project role operations should not affect org/system role caches
[22m[39mGoTrueClient@sb-bgxknceshxxifwytalex-auth-token:0 (2.93.3) 2026-02-02T15:20:09.675Z #_acquireLock begin [33m10000[39m
GoTrueClient@sb-bgxknceshxxifwytalex-auth-token:0 (2.93.3) 2026-02-02T15:20:09.675Z #_acquireLock lock acquired for storage key sb-bgxknceshxxifwytalex-auth-token
GoTrueClient@sb-bgxknceshxxifwytalex-auth-token:0 (2.93.3) 2026-02-02T15:20:09.675Z #_useSession begin
GoTrueClient@sb-bgxknceshxxifwytalex-auth-token:0 (2.93.3) 2026-02-02T15:20:09.675Z #__loadSession() begin

[90mstdout[2m | tests/property/scoped-roles-processing-efficiency.test.ts[2m > [22m[2mProperty 10: Scoped Roles Processing Efficiency[2m > [22m[2mProperty 10.7: Project role operations should not affect org/system role caches
[22m[39mGoTrueClient@sb-bgxknceshxxifwytalex-auth-token:0 (2.93.3) 2026-02-02T15:20:09.675Z #getSession() session from storage [1mnull[22m
GoTrueClient@sb-bgxknceshxxifwytalex-auth-token:0 (2.93.3) 2026-02-02T15:20:09.675Z #__loadSession() end

[90mstdout[2m | tests/property/scoped-roles-processing-efficiency.test.ts[2m > [22m[2mProperty 10: Scoped Roles Processing Efficiency[2m > [22m[2mProperty 10.7: Project role operations should not affect org/system role caches
[22m[39mGoTrueClient@sb-bgxknceshxxifwytalex-auth-token:0 (2.93.3) 2026-02-02T15:20:09.675Z #_useSession end

[90mstdout[2m | tests/property/scoped-roles-processing-efficiency.test.ts[2m > [22m[2mProperty 10: Scoped Roles Processing Efficiency[2m > [22m[2mProperty 10.7: Project role operations should not affect org/system role caches
[22m[39mGoTrueClient@sb-bgxknceshxxifwytalex-auth-token:0 (2.93.3) 2026-02-02T15:20:09.675Z #_acquireLock lock released for storage key sb-bgxknceshxxifwytalex-auth-token

[90mstdout[2m | tests/property/scoped-roles-processing-efficiency.test.ts[2m > [22m[2mProperty 10: Scoped Roles Processing Efficiency[2m > [22m[2mProperty 10.7: Project role operations should not affect org/system role caches
[22m[39mGoTrueClient@sb-bgxknceshxxifwytalex-auth-token:0 (2.93.3) 2026-02-02T15:20:09.675Z #_acquireLock end

[90mstdout[2m | tests/property/scoped-roles-processing-efficiency.test.ts[2m > [22m[2mProperty 10: Scoped Roles Processing Efficiency[2m > [22m[2mProperty 10.7: Project role operations should not affect org/system role caches
[22m[39mGoTrueClient@sb-bgxknceshxxifwytalex-auth-token:0 (2.93.3) 2026-02-02T15:20:09.730Z #_acquireLock begin [33m10000[39m
GoTrueClient@sb-bgxknceshxxifwytalex-auth-token:0 (2.93.3) 2026-02-02T15:20:09.730Z #_acquireLock lock acquired for storage key sb-bgxknceshxxifwytalex-auth-token
GoTrueClient@sb-bgxknceshxxifwytalex-auth-token:0 (2.93.3) 2026-02-02T15:20:09.730Z #_useSession begin
GoTrueClient@sb-bgxknceshxxifwytalex-auth-token:0 (2.93.3) 2026-02-02T15:20:09.730Z #__loadSession() begin

[90mstdout[2m | tests/property/scoped-roles-processing-efficiency.test.ts[2m > [22m[2mProperty 10: Scoped Roles Processing Efficiency[2m > [22m[2mProperty 10.7: Project role operations should not affect org/system role caches
[22m[39mGoTrueClient@sb-bgxknceshxxifwytalex-auth-token:0 (2.93.3) 2026-02-02T15:20:09.731Z #getSession() session from storage [1mnull[22m
GoTrueClient@sb-bgxknceshxxifwytalex-auth-token:0 (2.93.3) 2026-02-02T15:20:09.731Z #__loadSession() end

[90mstdout[2m | tests/property/scoped-roles-processing-efficiency.test.ts[2m > [22m[2mProperty 10: Scoped Roles Processing Efficiency[2m > [22m[2mProperty 10.7: Project role operations should not affect org/system role caches
[22m[39mGoTrueClient@sb-bgxknceshxxifwytalex-auth-token:0 (2.93.3) 2026-02-02T15:20:09.731Z #_useSession end

[90mstdout[2m | tests/property/scoped-roles-processing-efficiency.test.ts[2m > [22m[2mProperty 10: Scoped Roles Processing Efficiency[2m > [22m[2mProperty 10.7: Project role operations should not affect org/system role caches
[22m[39mGoTrueClient@sb-bgxknceshxxifwytalex-auth-token:0 (2.93.3) 2026-02-02T15:20:09.731Z #_acquireLock lock released for storage key sb-bgxknceshxxifwytalex-auth-token

[90mstdout[2m | tests/property/scoped-roles-processing-efficiency.test.ts[2m > [22m[2mProperty 10: Scoped Roles Processing Efficiency[2m > [22m[2mProperty 10.7: Project role operations should not affect org/system role caches
[22m[39mGoTrueClient@sb-bgxknceshxxifwytalex-auth-token:0 (2.93.3) 2026-02-02T15:20:09.731Z #_acquireLock end

stderr | tests/property/scoped-roles-processing-efficiency.test.ts > Property 10: Scoped Roles Processing Efficiency > Property 10.7: Project role operations should not affect org/system role caches
Error fetching org roles: {
  code: 'PGRST200',
  details: "Searched for a foreign key relationship between 'org_roles' and 'user_profiles' in the schema 'public', but no matches were found.",
  hint: null,
  message: "Could not find a relationship between 'org_roles' and 'user_profiles' in the schema cache"
}

[90mstdout[2m | tests/property/scoped-roles-processing-efficiency.test.ts[2m > [22m[2mProperty 10: Scoped Roles Processing Efficiency[2m > [22m[2mProperty 10.7: Project role operations should not affect org/system role caches
[22m[39mGoTrueClient@sb-bgxknceshxxifwytalex-auth-token:0 (2.93.3) 2026-02-02T15:20:09.777Z #_acquireLock begin [33m10000[39m
GoTrueClient@sb-bgxknceshxxifwytalex-auth-token:0 (2.93.3) 2026-02-02T15:20:09.777Z #_acquireLock lock acquired for storage key sb-bgxknceshxxifwytalex-auth-token
GoTrueClient@sb-bgxknceshxxifwytalex-auth-token:0 (2.93.3) 2026-02-02T15:20:09.777Z #_useSession begin
GoTrueClient@sb-bgxknceshxxifwytalex-auth-token:0 (2.93.3) 2026-02-02T15:20:09.777Z #__loadSession() begin

[90mstdout[2m | tests/property/scoped-roles-processing-efficiency.test.ts[2m > [22m[2mProperty 10: Scoped Roles Processing Efficiency[2m > [22m[2mProperty 10.7: Project role operations should not affect org/system role caches
[22m[39mGoTrueClient@sb-bgxknceshxxifwytalex-auth-token:0 (2.93.3) 2026-02-02T15:20:09.777Z #getSession() session from storage [1mnull[22m
GoTrueClient@sb-bgxknceshxxifwytalex-auth-token:0 (2.93.3) 2026-02-02T15:20:09.777Z #__loadSession() end

[90mstdout[2m | tests/property/scoped-roles-processing-efficiency.test.ts[2m > [22m[2mProperty 10: Scoped Roles Processing Efficiency[2m > [22m[2mProperty 10.7: Project role operations should not affect org/system role caches
[22m[39mGoTrueClient@sb-bgxknceshxxifwytalex-auth-token:0 (2.93.3) 2026-02-02T15:20:09.777Z #_useSession end

[90mstdout[2m | tests/property/scoped-roles-processing-efficiency.test.ts[2m > [22m[2mProperty 10: Scoped Roles Processing Efficiency[2m > [22m[2mProperty 10.7: Project role operations should not affect org/system role caches
[22m[39mGoTrueClient@sb-bgxknceshxxifwytalex-auth-token:0 (2.93.3) 2026-02-02T15:20:09.777Z #_acquireLock lock released for storage key sb-bgxknceshxxifwytalex-auth-token

[90mstdout[2m | tests/property/scoped-roles-processing-efficiency.test.ts[2m > [22m[2mProperty 10: Scoped Roles Processing Efficiency[2m > [22m[2mProperty 10.7: Project role operations should not affect org/system role caches
[22m[39mGoTrueClient@sb-bgxknceshxxifwytalex-auth-token:0 (2.93.3) 2026-02-02T15:20:09.777Z #_acquireLock end

[90mstdout[2m | tests/property/scoped-roles-processing-efficiency.test.ts[2m > [22m[2mProperty 10: Scoped Roles Processing Efficiency[2m > [22m[2mProperty 10.7: Project role operations should not affect org/system role caches
[22m[39mGoTrueClient@sb-bgxknceshxxifwytalex-auth-token:0 (2.93.3) 2026-02-02T15:20:09.794Z #_acquireLock begin [33m10000[39m
GoTrueClient@sb-bgxknceshxxifwytalex-auth-token:0 (2.93.3) 2026-02-02T15:20:09.794Z #_acquireLock lock acquired for storage key sb-bgxknceshxxifwytalex-auth-token
GoTrueClient@sb-bgxknceshxxifwytalex-auth-token:0 (2.93.3) 2026-02-02T15:20:09.794Z #_useSession begin
GoTrueClient@sb-bgxknceshxxifwytalex-auth-token:0 (2.93.3) 2026-02-02T15:20:09.794Z #__loadSession() begin

[90mstdout[2m | tests/property/scoped-roles-processing-efficiency.test.ts[2m > [22m[2mProperty 10: Scoped Roles Processing Efficiency[2m > [22m[2mProperty 10.7: Project role operations should not affect org/system role caches
[22m[39mGoTrueClient@sb-bgxknceshxxifwytalex-auth-token:0 (2.93.3) 2026-02-02T15:20:09.794Z #getSession() session from storage [1mnull[22m
GoTrueClient@sb-bgxknceshxxifwytalex-auth-token:0 (2.93.3) 2026-02-02T15:20:09.794Z #__loadSession() end

[90mstdout[2m | tests/property/scoped-roles-processing-efficiency.test.ts[2m > [22m[2mProperty 10: Scoped Roles Processing Efficiency[2m > [22m[2mProperty 10.7: Project role operations should not affect org/system role caches
[22m[39mGoTrueClient@sb-bgxknceshxxifwytalex-auth-token:0 (2.93.3) 2026-02-02T15:20:09.794Z #_useSession end

[90mstdout[2m | tests/property/scoped-roles-processing-efficiency.test.ts[2m > [22m[2mProperty 10: Scoped Roles Processing Efficiency[2m > [22m[2mProperty 10.7: Project role operations should not affect org/system role caches
[22m[39mGoTrueClient@sb-bgxknceshxxifwytalex-auth-token:0 (2.93.3) 2026-02-02T15:20:09.794Z #_acquireLock lock released for storage key sb-bgxknceshxxifwytalex-auth-token

[90mstdout[2m | tests/property/scoped-roles-processing-efficiency.test.ts[2m > [22m[2mProperty 10: Scoped Roles Processing Efficiency[2m > [22m[2mProperty 10.7: Project role operations should not affect org/system role caches
[22m[39mGoTrueClient@sb-bgxknceshxxifwytalex-auth-token:0 (2.93.3) 2026-02-02T15:20:09.794Z #_acquireLock end

[90mstdout[2m | tests/property/scoped-roles-processing-efficiency.test.ts[2m > [22m[2mProperty 10: Scoped Roles Processing Efficiency[2m > [22m[2mProperty 10.7: Project role operations should not affect org/system role caches
[22m[39mGoTrueClient@sb-bgxknceshxxifwytalex-auth-token:0 (2.93.3) 2026-02-02T15:20:09.800Z #_acquireLock begin [33m10000[39m
GoTrueClient@sb-bgxknceshxxifwytalex-auth-token:0 (2.93.3) 2026-02-02T15:20:09.800Z #_acquireLock lock acquired for storage key sb-bgxknceshxxifwytalex-auth-token
GoTrueClient@sb-bgxknceshxxifwytalex-auth-token:0 (2.93.3) 2026-02-02T15:20:09.800Z #_useSession begin
GoTrueClient@sb-bgxknceshxxifwytalex-auth-token:0 (2.93.3) 2026-02-02T15:20:09.800Z #__loadSession() begin

[90mstdout[2m | tests/property/scoped-roles-processing-efficiency.test.ts[2m > [22m[2mProperty 10: Scoped Roles Processing Efficiency[2m > [22m[2mProperty 10.7: Project role operations should not affect org/system role caches
[22m[39mGoTrueClient@sb-bgxknceshxxifwytalex-auth-token:0 (2.93.3) 2026-02-02T15:20:09.800Z #getSession() session from storage [1mnull[22m
GoTrueClient@sb-bgxknceshxxifwytalex-auth-token:0 (2.93.3) 2026-02-02T15:20:09.800Z #__loadSession() end

[90mstdout[2m | tests/property/scoped-roles-processing-efficiency.test.ts[2m > [22m[2mProperty 10: Scoped Roles Processing Efficiency[2m > [22m[2mProperty 10.7: Project role operations should not affect org/system role caches
[22m[39mGoTrueClient@sb-bgxknceshxxifwytalex-auth-token:0 (2.93.3) 2026-02-02T15:20:09.800Z #_useSession end

[90mstdout[2m | tests/property/scoped-roles-processing-efficiency.test.ts[2m > [22m[2mProperty 10: Scoped Roles Processing Efficiency[2m > [22m[2mProperty 10.7: Project role operations should not affect org/system role caches
[22m[39mGoTrueClient@sb-bgxknceshxxifwytalex-auth-token:0 (2.93.3) 2026-02-02T15:20:09.800Z #_acquireLock lock released for storage key sb-bgxknceshxxifwytalex-auth-token

[90mstdout[2m | tests/property/scoped-roles-processing-efficiency.test.ts[2m > [22m[2mProperty 10: Scoped Roles Processing Efficiency[2m > [22m[2mProperty 10.7: Project role operations should not affect org/system role caches
[22m[39mGoTrueClient@sb-bgxknceshxxifwytalex-auth-token:0 (2.93.3) 2026-02-02T15:20:09.800Z #_acquireLock end

stderr | tests/property/scoped-roles-processing-efficiency.test.ts > Property 10: Scoped Roles Processing Efficiency > Property 10.7: Project role operations should not affect org/system role caches
Error fetching project roles: {
  code: 'PGRST200',
  details: "Searched for a foreign key relationship between 'project_roles' and 'user_profiles' in the schema 'public', but no matches were found.",
  hint: null,
  message: "Could not find a relationship between 'project_roles' and 'user_profiles' in the schema cache"
}

[90mstdout[2m | tests/property/scoped-roles-processing-efficiency.test.ts[2m > [22m[2mProperty 10: Scoped Roles Processing Efficiency[2m > [22m[2mProperty 10.7: Project role operations should not affect org/system role caches
[22m[39mGoTrueClient@sb-bgxknceshxxifwytalex-auth-token:0 (2.93.3) 2026-02-02T15:20:09.825Z #_acquireLock begin [33m10000[39m
GoTrueClient@sb-bgxknceshxxifwytalex-auth-token:0 (2.93.3) 2026-02-02T15:20:09.825Z #_acquireLock lock acquired for storage key sb-bgxknceshxxifwytalex-auth-token
GoTrueClient@sb-bgxknceshxxifwytalex-auth-token:0 (2.93.3) 2026-02-02T15:20:09.825Z #_useSession begin
GoTrueClient@sb-bgxknceshxxifwytalex-auth-token:0 (2.93.3) 2026-02-02T15:20:09.825Z #__loadSession() begin

[90mstdout[2m | tests/property/scoped-roles-processing-efficiency.test.ts[2m > [22m[2mProperty 10: Scoped Roles Processing Efficiency[2m > [22m[2mProperty 10.7: Project role operations should not affect org/system role caches
[22m[39mGoTrueClient@sb-bgxknceshxxifwytalex-auth-token:0 (2.93.3) 2026-02-02T15:20:09.825Z #getSession() session from storage [1mnull[22m
GoTrueClient@sb-bgxknceshxxifwytalex-auth-token:0 (2.93.3) 2026-02-02T15:20:09.825Z #__loadSession() end

[90mstdout[2m | tests/property/scoped-roles-processing-efficiency.test.ts[2m > [22m[2mProperty 10: Scoped Roles Processing Efficiency[2m > [22m[2mProperty 10.7: Project role operations should not affect org/system role caches
[22m[39mGoTrueClient@sb-bgxknceshxxifwytalex-auth-token:0 (2.93.3) 2026-02-02T15:20:09.825Z #_useSession end

[90mstdout[2m | tests/property/scoped-roles-processing-efficiency.test.ts[2m > [22m[2mProperty 10: Scoped Roles Processing Efficiency[2m > [22m[2mProperty 10.7: Project role operations should not affect org/system role caches
[22m[39mGoTrueClient@sb-bgxknceshxxifwytalex-auth-token:0 (2.93.3) 2026-02-02T15:20:09.825Z #_acquireLock lock released for storage key sb-bgxknceshxxifwytalex-auth-token

[90mstdout[2m | tests/property/scoped-roles-processing-efficiency.test.ts[2m > [22m[2mProperty 10: Scoped Roles Processing Efficiency[2m > [22m[2mProperty 10.7: Project role operations should not affect org/system role caches
[22m[39mGoTrueClient@sb-bgxknceshxxifwytalex-auth-token:0 (2.93.3) 2026-02-02T15:20:09.825Z #_acquireLock end

stderr | tests/property/scoped-roles-processing-efficiency.test.ts > Property 10: Scoped Roles Processing Efficiency > Property 10.7: Project role operations should not affect org/system role caches
Error fetching org roles: {
  code: 'PGRST200',
  details: "Searched for a foreign key relationship between 'org_roles' and 'user_profiles' in the schema 'public', but no matches were found.",
  hint: null,
  message: "Could not find a relationship between 'org_roles' and 'user_profiles' in the schema cache"
}

[90mstdout[2m | tests/property/scoped-roles-processing-efficiency.test.ts[2m > [22m[2mProperty 10: Scoped Roles Processing Efficiency[2m > [22m[2mProperty 10.7: Project role operations should not affect org/system role caches
[22m[39mGoTrueClient@sb-bgxknceshxxifwytalex-auth-token:0 (2.93.3) 2026-02-02T15:20:09.909Z #_acquireLock begin [33m10000[39m
GoTrueClient@sb-bgxknceshxxifwytalex-auth-token:0 (2.93.3) 2026-02-02T15:20:09.909Z #_acquireLock lock acquired for storage key sb-bgxknceshxxifwytalex-auth-token
GoTrueClient@sb-bgxknceshxxifwytalex-auth-token:0 (2.93.3) 2026-02-02T15:20:09.910Z #_useSession begin
GoTrueClient@sb-bgxknceshxxifwytalex-auth-token:0 (2.93.3) 2026-02-02T15:20:09.910Z #__loadSession() begin

[90mstdout[2m | tests/property/scoped-roles-processing-efficiency.test.ts[2m > [22m[2mProperty 10: Scoped Roles Processing Efficiency[2m > [22m[2mProperty 10.7: Project role operations should not affect org/system role caches
[22m[39mGoTrueClient@sb-bgxknceshxxifwytalex-auth-token:0 (2.93.3) 2026-02-02T15:20:09.910Z #getSession() session from storage [1mnull[22m
GoTrueClient@sb-bgxknceshxxifwytalex-auth-token:0 (2.93.3) 2026-02-02T15:20:09.910Z #__loadSession() end

[90mstdout[2m | tests/property/scoped-roles-processing-efficiency.test.ts[2m > [22m[2mProperty 10: Scoped Roles Processing Efficiency[2m > [22m[2mProperty 10.7: Project role operations should not affect org/system role caches
[22m[39mGoTrueClient@sb-bgxknceshxxifwytalex-auth-token:0 (2.93.3) 2026-02-02T15:20:09.910Z #_useSession end

[90mstdout[2m | tests/property/scoped-roles-processing-efficiency.test.ts[2m > [22m[2mProperty 10: Scoped Roles Processing Efficiency[2m > [22m[2mProperty 10.7: Project role operations should not affect org/system role caches
[22m[39mGoTrueClient@sb-bgxknceshxxifwytalex-auth-token:0 (2.93.3) 2026-02-02T15:20:09.910Z #_acquireLock lock released for storage key sb-bgxknceshxxifwytalex-auth-token

[90mstdout[2m | tests/property/scoped-roles-processing-efficiency.test.ts[2m > [22m[2mProperty 10: Scoped Roles Processing Efficiency[2m > [22m[2mProperty 10.7: Project role operations should not affect org/system role caches
[22m[39mGoTrueClient@sb-bgxknceshxxifwytalex-auth-token:0 (2.93.3) 2026-02-02T15:20:09.910Z #_acquireLock end

[90mstdout[2m | tests/property/scoped-roles-processing-efficiency.test.ts[2m > [22m[2mProperty 10: Scoped Roles Processing Efficiency[2m > [22m[2mProperty 10.7: Project role operations should not affect org/system role caches
[22m[39mGoTrueClient@sb-bgxknceshxxifwytalex-auth-token:0 (2.93.3) 2026-02-02T15:20:09.926Z #_acquireLock begin [33m10000[39m
GoTrueClient@sb-bgxknceshxxifwytalex-auth-token:0 (2.93.3) 2026-02-02T15:20:09.926Z #_acquireLock lock acquired for storage key sb-bgxknceshxxifwytalex-auth-token
GoTrueClient@sb-bgxknceshxxifwytalex-auth-token:0 (2.93.3) 2026-02-02T15:20:09.926Z #_useSession begin
GoTrueClient@sb-bgxknceshxxifwytalex-auth-token:0 (2.93.3) 2026-02-02T15:20:09.926Z #__loadSession() begin

[90mstdout[2m | tests/property/scoped-roles-processing-efficiency.test.ts[2m > [22m[2mProperty 10: Scoped Roles Processing Efficiency[2m > [22m[2mProperty 10.7: Project role operations should not affect org/system role caches
[22m[39mGoTrueClient@sb-bgxknceshxxifwytalex-auth-token:0 (2.93.3) 2026-02-02T15:20:09.926Z #getSession() session from storage [1mnull[22m
GoTrueClient@sb-bgxknceshxxifwytalex-auth-token:0 (2.93.3) 2026-02-02T15:20:09.926Z #__loadSession() end

[90mstdout[2m | tests/property/scoped-roles-processing-efficiency.test.ts[2m > [22m[2mProperty 10: Scoped Roles Processing Efficiency[2m > [22m[2mProperty 10.7: Project role operations should not affect org/system role caches
[22m[39mGoTrueClient@sb-bgxknceshxxifwytalex-auth-token:0 (2.93.3) 2026-02-02T15:20:09.926Z #_useSession end

[90mstdout[2m | tests/property/scoped-roles-processing-efficiency.test.ts[2m > [22m[2mProperty 10: Scoped Roles Processing Efficiency[2m > [22m[2mProperty 10.7: Project role operations should not affect org/system role caches
[22m[39mGoTrueClient@sb-bgxknceshxxifwytalex-auth-token:0 (2.93.3) 2026-02-02T15:20:09.926Z #_acquireLock lock released for storage key sb-bgxknceshxxifwytalex-auth-token

[90mstdout[2m | tests/property/scoped-roles-processing-efficiency.test.ts[2m > [22m[2mProperty 10: Scoped Roles Processing Efficiency[2m > [22m[2mProperty 10.7: Project role operations should not affect org/system role caches
[22m[39mGoTrueClient@sb-bgxknceshxxifwytalex-auth-token:0 (2.93.3) 2026-02-02T15:20:09.926Z #_acquireLock end

stderr | tests/property/scoped-roles-processing-efficiency.test.ts > Property 10: Scoped Roles Processing Efficiency > Property 10.7: Project role operations should not affect org/system role caches
Error fetching project roles: {
  code: 'PGRST200',
  details: "Searched for a foreign key relationship between 'project_roles' and 'user_profiles' in the schema 'public', but no matches were found.",
  hint: null,
  message: "Could not find a relationship between 'project_roles' and 'user_profiles' in the schema cache"
}

[90mstdout[2m | tests/property/scoped-roles-processing-efficiency.test.ts[2m > [22m[2mProperty 10: Scoped Roles Processing Efficiency[2m > [22m[2mProperty 10.7: Project role operations should not affect org/system role caches
[22m[39mGoTrueClient@sb-bgxknceshxxifwytalex-auth-token:0 (2.93.3) 2026-02-02T15:20:09.979Z #_acquireLock begin [33m10000[39m
GoTrueClient@sb-bgxknceshxxifwytalex-auth-token:0 (2.93.3) 2026-02-02T15:20:09.980Z #_acquireLock lock acquired for storage key sb-bgxknceshxxifwytalex-auth-token
GoTrueClient@sb-bgxknceshxxifwytalex-auth-token:0 (2.93.3) 2026-02-02T15:20:09.980Z #_useSession begin
GoTrueClient@sb-bgxknceshxxifwytalex-auth-token:0 (2.93.3) 2026-02-02T15:20:09.980Z #__loadSession() begin

[90mstdout[2m | tests/property/scoped-roles-processing-efficiency.test.ts[2m > [22m[2mProperty 10: Scoped Roles Processing Efficiency[2m > [22m[2mProperty 10.7: Project role operations should not affect org/system role caches
[22m[39mGoTrueClient@sb-bgxknceshxxifwytalex-auth-token:0 (2.93.3) 2026-02-02T15:20:09.980Z #getSession() session from storage [1mnull[22m
GoTrueClient@sb-bgxknceshxxifwytalex-auth-token:0 (2.93.3) 2026-02-02T15:20:09.980Z #__loadSession() end

[90mstdout[2m | tests/property/scoped-roles-processing-efficiency.test.ts[2m > [22m[2mProperty 10: Scoped Roles Processing Efficiency[2m > [22m[2mProperty 10.7: Project role operations should not affect org/system role caches
[22m[39mGoTrueClient@sb-bgxknceshxxifwytalex-auth-token:0 (2.93.3) 2026-02-02T15:20:09.980Z #_useSession end

[90mstdout[2m | tests/property/scoped-roles-processing-efficiency.test.ts[2m > [22m[2mProperty 10: Scoped Roles Processing Efficiency[2m > [22m[2mProperty 10.7: Project role operations should not affect org/system role caches
[22m[39mGoTrueClient@sb-bgxknceshxxifwytalex-auth-token:0 (2.93.3) 2026-02-02T15:20:09.980Z #_acquireLock lock released for storage key sb-bgxknceshxxifwytalex-auth-token

[90mstdout[2m | tests/property/scoped-roles-processing-efficiency.test.ts[2m > [22m[2mProperty 10: Scoped Roles Processing Efficiency[2m > [22m[2mProperty 10.7: Project role operations should not affect org/system role caches
[22m[39mGoTrueClient@sb-bgxknceshxxifwytalex-auth-token:0 (2.93.3) 2026-02-02T15:20:09.980Z #_acquireLock end

stderr | tests/property/scoped-roles-processing-efficiency.test.ts > Property 10: Scoped Roles Processing Efficiency > Property 10.7: Project role operations should not affect org/system role caches
Error fetching org roles: {
  code: 'PGRST200',
  details: "Searched for a foreign key relationship between 'org_roles' and 'user_profiles' in the schema 'public', but no matches were found.",
  hint: null,
  message: "Could not find a relationship between 'org_roles' and 'user_profiles' in the schema cache"
}

[90mstdout[2m | tests/property/scoped-roles-processing-efficiency.test.ts[2m > [22m[2mProperty 10: Scoped Roles Processing Efficiency[2m > [22m[2mProperty 10.7: Project role operations should not affect org/system role caches
[22m[39mGoTrueClient@sb-bgxknceshxxifwytalex-auth-token:0 (2.93.3) 2026-02-02T15:20:10.023Z #_acquireLock begin [33m10000[39m
GoTrueClient@sb-bgxknceshxxifwytalex-auth-token:0 (2.93.3) 2026-02-02T15:20:10.024Z #_acquireLock lock acquired for storage key sb-bgxknceshxxifwytalex-auth-token
GoTrueClient@sb-bgxknceshxxifwytalex-auth-token:0 (2.93.3) 2026-02-02T15:20:10.024Z #_useSession begin
GoTrueClient@sb-bgxknceshxxifwytalex-auth-token:0 (2.93.3) 2026-02-02T15:20:10.024Z #__loadSession() begin

[90mstdout[2m | tests/property/scoped-roles-processing-efficiency.test.ts[2m > [22m[2mProperty 10: Scoped Roles Processing Efficiency[2m > [22m[2mProperty 10.7: Project role operations should not affect org/system role caches
[22m[39mGoTrueClient@sb-bgxknceshxxifwytalex-auth-token:0 (2.93.3) 2026-02-02T15:20:10.024Z #getSession() session from storage [1mnull[22m
GoTrueClient@sb-bgxknceshxxifwytalex-auth-token:0 (2.93.3) 2026-02-02T15:20:10.024Z #__loadSession() end

[90mstdout[2m | tests/property/scoped-roles-processing-efficiency.test.ts[2m > [22m[2mProperty 10: Scoped Roles Processing Efficiency[2m > [22m[2mProperty 10.7: Project role operations should not affect org/system role caches
[22m[39mGoTrueClient@sb-bgxknceshxxifwytalex-auth-token:0 (2.93.3) 2026-02-02T15:20:10.024Z #_useSession end

[90mstdout[2m | tests/property/scoped-roles-processing-efficiency.test.ts[2m > [22m[2mProperty 10: Scoped Roles Processing Efficiency[2m > [22m[2mProperty 10.7: Project role operations should not affect org/system role caches
[22m[39mGoTrueClient@sb-bgxknceshxxifwytalex-auth-token:0 (2.93.3) 2026-02-02T15:20:10.025Z #_acquireLock lock released for storage key sb-bgxknceshxxifwytalex-auth-token

[90mstdout[2m | tests/property/scoped-roles-processing-efficiency.test.ts[2m > [22m[2mProperty 10: Scoped Roles Processing Efficiency[2m > [22m[2mProperty 10.7: Project role operations should not affect org/system role caches
[22m[39mGoTrueClient@sb-bgxknceshxxifwytalex-auth-token:0 (2.93.3) 2026-02-02T15:20:10.025Z #_acquireLock end

stderr | tests/property/scoped-roles-processing-efficiency.test.ts > Property 10: Scoped Roles Processing Efficiency > Property 10.7: Project role operations should not affect org/system role caches
Error fetching project roles: {
  code: 'PGRST200',
  details: "Searched for a foreign key relationship between 'project_roles' and 'user_profiles' in the schema 'public', but no matches were found.",
  hint: null,
  message: "Could not find a relationship between 'project_roles' and 'user_profiles' in the schema cache"
}

[90mstdout[2m | tests/property/scoped-roles-processing-efficiency.test.ts[2m > [22m[2mProperty 10: Scoped Roles Processing Efficiency[2m > [22m[2mProperty 10.7: Project role operations should not affect org/system role caches
[22m[39mGoTrueClient@sb-bgxknceshxxifwytalex-auth-token:0 (2.93.3) 2026-02-02T15:20:10.028Z #_acquireLock begin [33m10000[39m
GoTrueClient@sb-bgxknceshxxifwytalex-auth-token:0 (2.93.3) 2026-02-02T15:20:10.028Z #_acquireLock lock acquired for storage key sb-bgxknceshxxifwytalex-auth-token
GoTrueClient@sb-bgxknceshxxifwytalex-auth-token:0 (2.93.3) 2026-02-02T15:20:10.028Z #_useSession begin
GoTrueClient@sb-bgxknceshxxifwytalex-auth-token:0 (2.93.3) 2026-02-02T15:20:10.028Z #__loadSession() begin

[90mstdout[2m | tests/property/scoped-roles-processing-efficiency.test.ts[2m > [22m[2mProperty 10: Scoped Roles Processing Efficiency[2m > [22m[2mProperty 10.7: Project role operations should not affect org/system role caches
[22m[39mGoTrueClient@sb-bgxknceshxxifwytalex-auth-token:0 (2.93.3) 2026-02-02T15:20:10.028Z #getSession() session from storage [1mnull[22m
GoTrueClient@sb-bgxknceshxxifwytalex-auth-token:0 (2.93.3) 2026-02-02T15:20:10.028Z #__loadSession() end

[90mstdout[2m | tests/property/scoped-roles-processing-efficiency.test.ts[2m > [22m[2mProperty 10: Scoped Roles Processing Efficiency[2m > [22m[2mProperty 10.7: Project role operations should not affect org/system role caches
[22m[39mGoTrueClient@sb-bgxknceshxxifwytalex-auth-token:0 (2.93.3) 2026-02-02T15:20:10.028Z #_useSession end

[90mstdout[2m | tests/property/scoped-roles-processing-efficiency.test.ts[2m > [22m[2mProperty 10: Scoped Roles Processing Efficiency[2m > [22m[2mProperty 10.7: Project role operations should not affect org/system role caches
[22m[39mGoTrueClient@sb-bgxknceshxxifwytalex-auth-token:0 (2.93.3) 2026-02-02T15:20:10.028Z #_acquireLock lock released for storage key sb-bgxknceshxxifwytalex-auth-token

[90mstdout[2m | tests/property/scoped-roles-processing-efficiency.test.ts[2m > [22m[2mProperty 10: Scoped Roles Processing Efficiency[2m > [22m[2mProperty 10.7: Project role operations should not affect org/system role caches
[22m[39mGoTrueClient@sb-bgxknceshxxifwytalex-auth-token:0 (2.93.3) 2026-02-02T15:20:10.028Z #_acquireLock end

[90mstdout[2m | tests/property/scoped-roles-processing-efficiency.test.ts[2m > [22m[2mProperty 10: Scoped Roles Processing Efficiency[2m > [22m[2mProperty 10.7: Project role operations should not affect org/system role caches
[22m[39mGoTrueClient@sb-bgxknceshxxifwytalex-auth-token:0 (2.93.3) 2026-02-02T15:20:10.033Z #_acquireLock begin [33m10000[39m
GoTrueClient@sb-bgxknceshxxifwytalex-auth-token:0 (2.93.3) 2026-02-02T15:20:10.033Z #_acquireLock lock acquired for storage key sb-bgxknceshxxifwytalex-auth-token
GoTrueClient@sb-bgxknceshxxifwytalex-auth-token:0 (2.93.3) 2026-02-02T15:20:10.033Z #_useSession begin
GoTrueClient@sb-bgxknceshxxifwytalex-auth-token:0 (2.93.3) 2026-02-02T15:20:10.033Z #__loadSession() begin

[90mstdout[2m | tests/property/scoped-roles-processing-efficiency.test.ts[2m > [22m[2mProperty 10: Scoped Roles Processing Efficiency[2m > [22m[2mProperty 10.7: Project role operations should not affect org/system role caches
[22m[39mGoTrueClient@sb-bgxknceshxxifwytalex-auth-token:0 (2.93.3) 2026-02-02T15:20:10.033Z #getSession() session from storage [1mnull[22m
GoTrueClient@sb-bgxknceshxxifwytalex-auth-token:0 (2.93.3) 2026-02-02T15:20:10.033Z #__loadSession() end

[90mstdout[2m | tests/property/scoped-roles-processing-efficiency.test.ts[2m > [22m[2mProperty 10: Scoped Roles Processing Efficiency[2m > [22m[2mProperty 10.7: Project role operations should not affect org/system role caches
[22m[39mGoTrueClient@sb-bgxknceshxxifwytalex-auth-token:0 (2.93.3) 2026-02-02T15:20:10.033Z #_useSession end

[90mstdout[2m | tests/property/scoped-roles-processing-efficiency.test.ts[2m > [22m[2mProperty 10: Scoped Roles Processing Efficiency[2m > [22m[2mProperty 10.7: Project role operations should not affect org/system role caches
[22m[39mGoTrueClient@sb-bgxknceshxxifwytalex-auth-token:0 (2.93.3) 2026-02-02T15:20:10.033Z #_acquireLock lock released for storage key sb-bgxknceshxxifwytalex-auth-token

[90mstdout[2m | tests/property/scoped-roles-processing-efficiency.test.ts[2m > [22m[2mProperty 10: Scoped Roles Processing Efficiency[2m > [22m[2mProperty 10.7: Project role operations should not affect org/system role caches
[22m[39mGoTrueClient@sb-bgxknceshxxifwytalex-auth-token:0 (2.93.3) 2026-02-02T15:20:10.033Z #_acquireLock end

stderr | tests/property/scoped-roles-processing-efficiency.test.ts > Property 10: Scoped Roles Processing Efficiency > Property 10.7: Project role operations should not affect org/system role caches
Error fetching org roles: {
  code: 'PGRST200',
  details: "Searched for a foreign key relationship between 'org_roles' and 'user_profiles' in the schema 'public', but no matches were found.",
  hint: null,
  message: "Could not find a relationship between 'org_roles' and 'user_profiles' in the schema cache"
}

[90mstdout[2m | tests/property/scoped-roles-processing-efficiency.test.ts[2m > [22m[2mProperty 10: Scoped Roles Processing Efficiency[2m > [22m[2mProperty 10.7: Project role operations should not affect org/system role caches
[22m[39mGoTrueClient@sb-bgxknceshxxifwytalex-auth-token:0 (2.93.3) 2026-02-02T15:20:10.037Z #_acquireLock begin [33m10000[39m
GoTrueClient@sb-bgxknceshxxifwytalex-auth-token:0 (2.93.3) 2026-02-02T15:20:10.037Z #_acquireLock lock acquired for storage key sb-bgxknceshxxifwytalex-auth-token
GoTrueClient@sb-bgxknceshxxifwytalex-auth-token:0 (2.93.3) 2026-02-02T15:20:10.037Z #_useSession begin
GoTrueClient@sb-bgxknceshxxifwytalex-auth-token:0 (2.93.3) 2026-02-02T15:20:10.037Z #__loadSession() begin

[90mstdout[2m | tests/property/scoped-roles-processing-efficiency.test.ts[2m > [22m[2mProperty 10: Scoped Roles Processing Efficiency[2m > [22m[2mProperty 10.7: Project role operations should not affect org/system role caches
[22m[39mGoTrueClient@sb-bgxknceshxxifwytalex-auth-token:0 (2.93.3) 2026-02-02T15:20:10.037Z #getSession() session from storage [1mnull[22m
GoTrueClient@sb-bgxknceshxxifwytalex-auth-token:0 (2.93.3) 2026-02-02T15:20:10.037Z #__loadSession() end

[90mstdout[2m | tests/property/scoped-roles-processing-efficiency.test.ts[2m > [22m[2mProperty 10: Scoped Roles Processing Efficiency[2m > [22m[2mProperty 10.7: Project role operations should not affect org/system role caches
[22m[39mGoTrueClient@sb-bgxknceshxxifwytalex-auth-token:0 (2.93.3) 2026-02-02T15:20:10.037Z #_useSession end

[90mstdout[2m | tests/property/scoped-roles-processing-efficiency.test.ts[2m > [22m[2mProperty 10: Scoped Roles Processing Efficiency[2m > [22m[2mProperty 10.7: Project role operations should not affect org/system role caches
[22m[39mGoTrueClient@sb-bgxknceshxxifwytalex-auth-token:0 (2.93.3) 2026-02-02T15:20:10.037Z #_acquireLock lock released for storage key sb-bgxknceshxxifwytalex-auth-token

[90mstdout[2m | tests/property/scoped-roles-processing-efficiency.test.ts[2m > [22m[2mProperty 10: Scoped Roles Processing Efficiency[2m > [22m[2mProperty 10.7: Project role operations should not affect org/system role caches
[22m[39mGoTrueClient@sb-bgxknceshxxifwytalex-auth-token:0 (2.93.3) 2026-02-02T15:20:10.038Z #_acquireLock end

stderr | tests/property/scoped-roles-processing-efficiency.test.ts > Property 10: Scoped Roles Processing Efficiency > Property 10.7: Project role operations should not affect org/system role caches
Error fetching org roles: {
  code: 'PGRST200',
  details: "Searched for a foreign key relationship between 'org_roles' and 'user_profiles' in the schema 'public', but no matches were found.",
  hint: null,
  message: "Could not find a relationship between 'org_roles' and 'user_profiles' in the schema cache"
}

[90mstdout[2m | tests/property/scoped-roles-processing-efficiency.test.ts[2m > [22m[2mProperty 10: Scoped Roles Processing Efficiency[2m > [22m[2mProperty 10.7: Project role operations should not affect org/system role caches
[22m[39mGoTrueClient@sb-bgxknceshxxifwytalex-auth-token:0 (2.93.3) 2026-02-02T15:20:10.122Z #_acquireLock begin [33m10000[39m
GoTrueClient@sb-bgxknceshxxifwytalex-auth-token:0 (2.93.3) 2026-02-02T15:20:10.122Z #_acquireLock lock acquired for storage key sb-bgxknceshxxifwytalex-auth-token
GoTrueClient@sb-bgxknceshxxifwytalex-auth-token:0 (2.93.3) 2026-02-02T15:20:10.122Z #_useSession begin
GoTrueClient@sb-bgxknceshxxifwytalex-auth-token:0 (2.93.3) 2026-02-02T15:20:10.122Z #__loadSession() begin

[90mstdout[2m | tests/property/scoped-roles-processing-efficiency.test.ts[2m > [22m[2mProperty 10: Scoped Roles Processing Efficiency[2m > [22m[2mProperty 10.7: Project role operations should not affect org/system role caches
[22m[39mGoTrueClient@sb-bgxknceshxxifwytalex-auth-token:0 (2.93.3) 2026-02-02T15:20:10.122Z #getSession() session from storage [1mnull[22m
GoTrueClient@sb-bgxknceshxxifwytalex-auth-token:0 (2.93.3) 2026-02-02T15:20:10.123Z #__loadSession() end

[90mstdout[2m | tests/property/scoped-roles-processing-efficiency.test.ts[2m > [22m[2mProperty 10: Scoped Roles Processing Efficiency[2m > [22m[2mProperty 10.7: Project role operations should not affect org/system role caches
[22m[39mGoTrueClient@sb-bgxknceshxxifwytalex-auth-token:0 (2.93.3) 2026-02-02T15:20:10.123Z #_useSession end

[90mstdout[2m | tests/property/scoped-roles-processing-efficiency.test.ts[2m > [22m[2mProperty 10: Scoped Roles Processing Efficiency[2m > [22m[2mProperty 10.7: Project role operations should not affect org/system role caches
[22m[39mGoTrueClient@sb-bgxknceshxxifwytalex-auth-token:0 (2.93.3) 2026-02-02T15:20:10.123Z #_acquireLock lock released for storage key sb-bgxknceshxxifwytalex-auth-token

[90mstdout[2m | tests/property/scoped-roles-processing-efficiency.test.ts[2m > [22m[2mProperty 10: Scoped Roles Processing Efficiency[2m > [22m[2mProperty 10.7: Project role operations should not affect org/system role caches
[22m[39mGoTrueClient@sb-bgxknceshxxifwytalex-auth-token:0 (2.93.3) 2026-02-02T15:20:10.123Z #_acquireLock end

[90mstdout[2m | tests/property/scoped-roles-processing-efficiency.test.ts[2m > [22m[2mProperty 10: Scoped Roles Processing Efficiency[2m > [22m[2mProperty 10.7: Project role operations should not affect org/system role caches
[22m[39mGoTrueClient@sb-bgxknceshxxifwytalex-auth-token:0 (2.93.3) 2026-02-02T15:20:10.126Z #_acquireLock begin [33m10000[39m
GoTrueClient@sb-bgxknceshxxifwytalex-auth-token:0 (2.93.3) 2026-02-02T15:20:10.126Z #_acquireLock lock acquired for storage key sb-bgxknceshxxifwytalex-auth-token
GoTrueClient@sb-bgxknceshxxifwytalex-auth-token:0 (2.93.3) 2026-02-02T15:20:10.126Z #_useSession begin
GoTrueClient@sb-bgxknceshxxifwytalex-auth-token:0 (2.93.3) 2026-02-02T15:20:10.126Z #__loadSession() begin

[90mstdout[2m | tests/property/scoped-roles-processing-efficiency.test.ts[2m > [22m[2mProperty 10: Scoped Roles Processing Efficiency[2m > [22m[2mProperty 10.7: Project role operations should not affect org/system role caches
[22m[39mGoTrueClient@sb-bgxknceshxxifwytalex-auth-token:0 (2.93.3) 2026-02-02T15:20:10.126Z #getSession() session from storage [1mnull[22m
GoTrueClient@sb-bgxknceshxxifwytalex-auth-token:0 (2.93.3) 2026-02-02T15:20:10.126Z #__loadSession() end

[90mstdout[2m | tests/property/scoped-roles-processing-efficiency.test.ts[2m > [22m[2mProperty 10: Scoped Roles Processing Efficiency[2m > [22m[2mProperty 10.7: Project role operations should not affect org/system role caches
[22m[39mGoTrueClient@sb-bgxknceshxxifwytalex-auth-token:0 (2.93.3) 2026-02-02T15:20:10.126Z #_useSession end

[90mstdout[2m | tests/property/scoped-roles-processing-efficiency.test.ts[2m > [22m[2mProperty 10: Scoped Roles Processing Efficiency[2m > [22m[2mProperty 10.7: Project role operations should not affect org/system role caches
[22m[39mGoTrueClient@sb-bgxknceshxxifwytalex-auth-token:0 (2.93.3) 2026-02-02T15:20:10.126Z #_acquireLock lock released for storage key sb-bgxknceshxxifwytalex-auth-token

[90mstdout[2m | tests/property/scoped-roles-processing-efficiency.test.ts[2m > [22m[2mProperty 10: Scoped Roles Processing Efficiency[2m > [22m[2mProperty 10.7: Project role operations should not affect org/system role caches
[22m[39mGoTrueClient@sb-bgxknceshxxifwytalex-auth-token:0 (2.93.3) 2026-02-02T15:20:10.126Z #_acquireLock end

[90mstdout[2m | tests/property/scoped-roles-processing-efficiency.test.ts[2m > [22m[2mProperty 10: Scoped Roles Processing Efficiency[2m > [22m[2mProperty 10.7: Project role operations should not affect org/system role caches
[22m[39mGoTrueClient@sb-bgxknceshxxifwytalex-auth-token:0 (2.93.3) 2026-02-02T15:20:10.184Z #_acquireLock begin [33m10000[39m
GoTrueClient@sb-bgxknceshxxifwytalex-auth-token:0 (2.93.3) 2026-02-02T15:20:10.184Z #_acquireLock lock acquired for storage key sb-bgxknceshxxifwytalex-auth-token
GoTrueClient@sb-bgxknceshxxifwytalex-auth-token:0 (2.93.3) 2026-02-02T15:20:10.184Z #_useSession begin
GoTrueClient@sb-bgxknceshxxifwytalex-auth-token:0 (2.93.3) 2026-02-02T15:20:10.184Z #__loadSession() begin

[90mstdout[2m | tests/property/scoped-roles-processing-efficiency.test.ts[2m > [22m[2mProperty 10: Scoped Roles Processing Efficiency[2m > [22m[2mProperty 10.7: Project role operations should not affect org/system role caches
[22m[39mGoTrueClient@sb-bgxknceshxxifwytalex-auth-token:0 (2.93.3) 2026-02-02T15:20:10.184Z #getSession() session from storage [1mnull[22m
GoTrueClient@sb-bgxknceshxxifwytalex-auth-token:0 (2.93.3) 2026-02-02T15:20:10.184Z #__loadSession() end

[90mstdout[2m | tests/property/scoped-roles-processing-efficiency.test.ts[2m > [22m[2mProperty 10: Scoped Roles Processing Efficiency[2m > [22m[2mProperty 10.7: Project role operations should not affect org/system role caches
[22m[39mGoTrueClient@sb-bgxknceshxxifwytalex-auth-token:0 (2.93.3) 2026-02-02T15:20:10.184Z #_useSession end

[90mstdout[2m | tests/property/scoped-roles-processing-efficiency.test.ts[2m > [22m[2mProperty 10: Scoped Roles Processing Efficiency[2m > [22m[2mProperty 10.7: Project role operations should not affect org/system role caches
[22m[39mGoTrueClient@sb-bgxknceshxxifwytalex-auth-token:0 (2.93.3) 2026-02-02T15:20:10.184Z #_acquireLock lock released for storage key sb-bgxknceshxxifwytalex-auth-token

[90mstdout[2m | tests/property/scoped-roles-processing-efficiency.test.ts[2m > [22m[2mProperty 10: Scoped Roles Processing Efficiency[2m > [22m[2mProperty 10.7: Project role operations should not affect org/system role caches
[22m[39mGoTrueClient@sb-bgxknceshxxifwytalex-auth-token:0 (2.93.3) 2026-02-02T15:20:10.184Z #_acquireLock end

stderr | tests/property/scoped-roles-processing-efficiency.test.ts > Property 10: Scoped Roles Processing Efficiency > Property 10.7: Project role operations should not affect org/system role caches
Error fetching project roles: {
  code: 'PGRST200',
  details: "Searched for a foreign key relationship between 'project_roles' and 'user_profiles' in the schema 'public', but no matches were found.",
  hint: null,
  message: "Could not find a relationship between 'project_roles' and 'user_profiles' in the schema cache"
}

[90mstdout[2m | tests/property/scoped-roles-processing-efficiency.test.ts[2m > [22m[2mProperty 10: Scoped Roles Processing Efficiency[2m > [22m[2mProperty 10.7: Project role operations should not affect org/system role caches
[22m[39mGoTrueClient@sb-bgxknceshxxifwytalex-auth-token:0 (2.93.3) 2026-02-02T15:20:10.227Z #_acquireLock begin [33m10000[39m
GoTrueClient@sb-bgxknceshxxifwytalex-auth-token:0 (2.93.3) 2026-02-02T15:20:10.227Z #_acquireLock lock acquired for storage key sb-bgxknceshxxifwytalex-auth-token
GoTrueClient@sb-bgxknceshxxifwytalex-auth-token:0 (2.93.3) 2026-02-02T15:20:10.227Z #_useSession begin
GoTrueClient@sb-bgxknceshxxifwytalex-auth-token:0 (2.93.3) 2026-02-02T15:20:10.227Z #__loadSession() begin

[90mstdout[2m | tests/property/scoped-roles-processing-efficiency.test.ts[2m > [22m[2mProperty 10: Scoped Roles Processing Efficiency[2m > [22m[2mProperty 10.7: Project role operations should not affect org/system role caches
[22m[39mGoTrueClient@sb-bgxknceshxxifwytalex-auth-token:0 (2.93.3) 2026-02-02T15:20:10.227Z #getSession() session from storage [1mnull[22m
GoTrueClient@sb-bgxknceshxxifwytalex-auth-token:0 (2.93.3) 2026-02-02T15:20:10.227Z #__loadSession() end

[90mstdout[2m | tests/property/scoped-roles-processing-efficiency.test.ts[2m > [22m[2mProperty 10: Scoped Roles Processing Efficiency[2m > [22m[2mProperty 10.7: Project role operations should not affect org/system role caches
[22m[39mGoTrueClient@sb-bgxknceshxxifwytalex-auth-token:0 (2.93.3) 2026-02-02T15:20:10.227Z #_useSession end

[90mstdout[2m | tests/property/scoped-roles-processing-efficiency.test.ts[2m > [22m[2mProperty 10: Scoped Roles Processing Efficiency[2m > [22m[2mProperty 10.7: Project role operations should not affect org/system role caches
[22m[39mGoTrueClient@sb-bgxknceshxxifwytalex-auth-token:0 (2.93.3) 2026-02-02T15:20:10.227Z #_acquireLock lock released for storage key sb-bgxknceshxxifwytalex-auth-token

[90mstdout[2m | tests/property/scoped-roles-processing-efficiency.test.ts[2m > [22m[2mProperty 10: Scoped Roles Processing Efficiency[2m > [22m[2mProperty 10.7: Project role operations should not affect org/system role caches
[22m[39mGoTrueClient@sb-bgxknceshxxifwytalex-auth-token:0 (2.93.3) 2026-02-02T15:20:10.227Z #_acquireLock end

stderr | tests/property/scoped-roles-processing-efficiency.test.ts > Property 10: Scoped Roles Processing Efficiency > Property 10.7: Project role operations should not affect org/system role caches
Error fetching project roles: {
  code: 'PGRST200',
  details: "Searched for a foreign key relationship between 'project_roles' and 'user_profiles' in the schema 'public', but no matches were found.",
  hint: null,
  message: "Could not find a relationship between 'project_roles' and 'user_profiles' in the schema cache"
}

[90mstdout[2m | tests/property/scoped-roles-processing-efficiency.test.ts[2m > [22m[2mProperty 10: Scoped Roles Processing Efficiency[2m > [22m[2mProperty 10.7: Project role operations should not affect org/system role caches
[22m[39mGoTrueClient@sb-bgxknceshxxifwytalex-auth-token:0 (2.93.3) 2026-02-02T15:20:10.251Z #_acquireLock begin [33m10000[39m
GoTrueClient@sb-bgxknceshxxifwytalex-auth-token:0 (2.93.3) 2026-02-02T15:20:10.251Z #_acquireLock lock acquired for storage key sb-bgxknceshxxifwytalex-auth-token
GoTrueClient@sb-bgxknceshxxifwytalex-auth-token:0 (2.93.3) 2026-02-02T15:20:10.251Z #_useSession begin
GoTrueClient@sb-bgxknceshxxifwytalex-auth-token:0 (2.93.3) 2026-02-02T15:20:10.251Z #__loadSession() begin

[90mstdout[2m | tests/property/scoped-roles-processing-efficiency.test.ts[2m > [22m[2mProperty 10: Scoped Roles Processing Efficiency[2m > [22m[2mProperty 10.7: Project role operations should not affect org/system role caches
[22m[39mGoTrueClient@sb-bgxknceshxxifwytalex-auth-token:0 (2.93.3) 2026-02-02T15:20:10.251Z #getSession() session from storage [1mnull[22m
GoTrueClient@sb-bgxknceshxxifwytalex-auth-token:0 (2.93.3) 2026-02-02T15:20:10.252Z #__loadSession() end

[90mstdout[2m | tests/property/scoped-roles-processing-efficiency.test.ts[2m > [22m[2mProperty 10: Scoped Roles Processing Efficiency[2m > [22m[2mProperty 10.7: Project role operations should not affect org/system role caches
[22m[39mGoTrueClient@sb-bgxknceshxxifwytalex-auth-token:0 (2.93.3) 2026-02-02T15:20:10.252Z #_useSession end

[90mstdout[2m | tests/property/scoped-roles-processing-efficiency.test.ts[2m > [22m[2mProperty 10: Scoped Roles Processing Efficiency[2m > [22m[2mProperty 10.7: Project role operations should not affect org/system role caches
[22m[39mGoTrueClient@sb-bgxknceshxxifwytalex-auth-token:0 (2.93.3) 2026-02-02T15:20:10.252Z #_acquireLock lock released for storage key sb-bgxknceshxxifwytalex-auth-token

[90mstdout[2m | tests/property/scoped-roles-processing-efficiency.test.ts[2m > [22m[2mProperty 10: Scoped Roles Processing Efficiency[2m > [22m[2mProperty 10.7: Project role operations should not affect org/system role caches
[22m[39mGoTrueClient@sb-bgxknceshxxifwytalex-auth-token:0 (2.93.3) 2026-02-02T15:20:10.252Z #_acquireLock end

[90mstdout[2m | tests/property/scoped-roles-processing-efficiency.test.ts[2m > [22m[2mProperty 10: Scoped Roles Processing Efficiency[2m > [22m[2mProperty 10.7: Project role operations should not affect org/system role caches
[22m[39mGoTrueClient@sb-bgxknceshxxifwytalex-auth-token:0 (2.93.3) 2026-02-02T15:20:10.257Z #_acquireLock begin [33m10000[39m
GoTrueClient@sb-bgxknceshxxifwytalex-auth-token:0 (2.93.3) 2026-02-02T15:20:10.258Z #_acquireLock lock acquired for storage key sb-bgxknceshxxifwytalex-auth-token
GoTrueClient@sb-bgxknceshxxifwytalex-auth-token:0 (2.93.3) 2026-02-02T15:20:10.258Z #_useSession begin
GoTrueClient@sb-bgxknceshxxifwytalex-auth-token:0 (2.93.3) 2026-02-02T15:20:10.258Z #__loadSession() begin

[90mstdout[2m | tests/property/scoped-roles-processing-efficiency.test.ts[2m > [22m[2mProperty 10: Scoped Roles Processing Efficiency[2m > [22m[2mProperty 10.7: Project role operations should not affect org/system role caches
[22m[39mGoTrueClient@sb-bgxknceshxxifwytalex-auth-token:0 (2.93.3) 2026-02-02T15:20:10.258Z #getSession() session from storage [1mnull[22m
GoTrueClient@sb-bgxknceshxxifwytalex-auth-token:0 (2.93.3) 2026-02-02T15:20:10.258Z #__loadSession() end

[90mstdout[2m | tests/property/scoped-roles-processing-efficiency.test.ts[2m > [22m[2mProperty 10: Scoped Roles Processing Efficiency[2m > [22m[2mProperty 10.7: Project role operations should not affect org/system role caches
[22m[39mGoTrueClient@sb-bgxknceshxxifwytalex-auth-token:0 (2.93.3) 2026-02-02T15:20:10.258Z #_useSession end

[90mstdout[2m | tests/property/scoped-roles-processing-efficiency.test.ts[2m > [22m[2mProperty 10: Scoped Roles Processing Efficiency[2m > [22m[2mProperty 10.7: Project role operations should not affect org/system role caches
[22m[39mGoTrueClient@sb-bgxknceshxxifwytalex-auth-token:0 (2.93.3) 2026-02-02T15:20:10.258Z #_acquireLock lock released for storage key sb-bgxknceshxxifwytalex-auth-token

[90mstdout[2m | tests/property/scoped-roles-processing-efficiency.test.ts[2m > [22m[2mProperty 10: Scoped Roles Processing Efficiency[2m > [22m[2mProperty 10.7: Project role operations should not affect org/system role caches
[22m[39mGoTrueClient@sb-bgxknceshxxifwytalex-auth-token:0 (2.93.3) 2026-02-02T15:20:10.258Z #_acquireLock end

stderr | tests/property/scoped-roles-processing-efficiency.test.ts > Property 10: Scoped Roles Processing Efficiency > Property 10.7: Project role operations should not affect org/system role caches
Error fetching project roles: {
  code: 'PGRST200',
  details: "Searched for a foreign key relationship between 'project_roles' and 'user_profiles' in the schema 'public', but no matches were found.",
  hint: null,
  message: "Could not find a relationship between 'project_roles' and 'user_profiles' in the schema cache"
}

[90mstdout[2m | tests/property/scoped-roles-processing-efficiency.test.ts[2m > [22m[2mProperty 10: Scoped Roles Processing Efficiency[2m > [22m[2mProperty 10.7: Project role operations should not affect org/system role caches
[22m[39mGoTrueClient@sb-bgxknceshxxifwytalex-auth-token:0 (2.93.3) 2026-02-02T15:20:10.261Z #_acquireLock begin [33m10000[39m
GoTrueClient@sb-bgxknceshxxifwytalex-auth-token:0 (2.93.3) 2026-02-02T15:20:10.261Z #_acquireLock lock acquired for storage key sb-bgxknceshxxifwytalex-auth-token
GoTrueClient@sb-bgxknceshxxifwytalex-auth-token:0 (2.93.3) 2026-02-02T15:20:10.261Z #_useSession begin
GoTrueClient@sb-bgxknceshxxifwytalex-auth-token:0 (2.93.3) 2026-02-02T15:20:10.261Z #__loadSession() begin

[90mstdout[2m | tests/property/scoped-roles-processing-efficiency.test.ts[2m > [22m[2mProperty 10: Scoped Roles Processing Efficiency[2m > [22m[2mProperty 10.7: Project role operations should not affect org/system role caches
[22m[39mGoTrueClient@sb-bgxknceshxxifwytalex-auth-token:0 (2.93.3) 2026-02-02T15:20:10.262Z #getSession() session from storage [1mnull[22m
GoTrueClient@sb-bgxknceshxxifwytalex-auth-token:0 (2.93.3) 2026-02-02T15:20:10.262Z #__loadSession() end

[90mstdout[2m | tests/property/scoped-roles-processing-efficiency.test.ts[2m > [22m[2mProperty 10: Scoped Roles Processing Efficiency[2m > [22m[2mProperty 10.7: Project role operations should not affect org/system role caches
[22m[39mGoTrueClient@sb-bgxknceshxxifwytalex-auth-token:0 (2.93.3) 2026-02-02T15:20:10.262Z #_useSession end

[90mstdout[2m | tests/property/scoped-roles-processing-efficiency.test.ts[2m > [22m[2mProperty 10: Scoped Roles Processing Efficiency[2m > [22m[2mProperty 10.7: Project role operations should not affect org/system role caches
[22m[39mGoTrueClient@sb-bgxknceshxxifwytalex-auth-token:0 (2.93.3) 2026-02-02T15:20:10.262Z #_acquireLock lock released for storage key sb-bgxknceshxxifwytalex-auth-token

[90mstdout[2m | tests/property/scoped-roles-processing-efficiency.test.ts[2m > [22m[2mProperty 10: Scoped Roles Processing Efficiency[2m > [22m[2mProperty 10.7: Project role operations should not affect org/system role caches
[22m[39mGoTrueClient@sb-bgxknceshxxifwytalex-auth-token:0 (2.93.3) 2026-02-02T15:20:10.262Z #_acquireLock end

stderr | tests/property/scoped-roles-processing-efficiency.test.ts > Property 10: Scoped Roles Processing Efficiency > Property 10.7: Project role operations should not affect org/system role caches
Error fetching org roles: {
  code: 'PGRST200',
  details: "Searched for a foreign key relationship between 'org_roles' and 'user_profiles' in the schema 'public', but no matches were found.",
  hint: null,
  message: "Could not find a relationship between 'org_roles' and 'user_profiles' in the schema cache"
}

[90mstdout[2m | tests/property/scoped-roles-processing-efficiency.test.ts[2m > [22m[2mProperty 10: Scoped Roles Processing Efficiency[2m > [22m[2mProperty 10.7: Project role operations should not affect org/system role caches
[22m[39mGoTrueClient@sb-bgxknceshxxifwytalex-auth-token:0 (2.93.3) 2026-02-02T15:20:10.328Z #_acquireLock begin [33m10000[39m
GoTrueClient@sb-bgxknceshxxifwytalex-auth-token:0 (2.93.3) 2026-02-02T15:20:10.328Z #_acquireLock lock acquired for storage key sb-bgxknceshxxifwytalex-auth-token
GoTrueClient@sb-bgxknceshxxifwytalex-auth-token:0 (2.93.3) 2026-02-02T15:20:10.328Z #_useSession begin
GoTrueClient@sb-bgxknceshxxifwytalex-auth-token:0 (2.93.3) 2026-02-02T15:20:10.328Z #__loadSession() begin

[90mstdout[2m | tests/property/scoped-roles-processing-efficiency.test.ts[2m > [22m[2mProperty 10: Scoped Roles Processing Efficiency[2m > [22m[2mProperty 10.7: Project role operations should not affect org/system role caches
[22m[39mGoTrueClient@sb-bgxknceshxxifwytalex-auth-token:0 (2.93.3) 2026-02-02T15:20:10.328Z #getSession() session from storage [1mnull[22m
GoTrueClient@sb-bgxknceshxxifwytalex-auth-token:0 (2.93.3) 2026-02-02T15:20:10.328Z #__loadSession() end

[90mstdout[2m | tests/property/scoped-roles-processing-efficiency.test.ts[2m > [22m[2mProperty 10: Scoped Roles Processing Efficiency[2m > [22m[2mProperty 10.7: Project role operations should not affect org/system role caches
[22m[39mGoTrueClient@sb-bgxknceshxxifwytalex-auth-token:0 (2.93.3) 2026-02-02T15:20:10.328Z #_useSession end

[90mstdout[2m | tests/property/scoped-roles-processing-efficiency.test.ts[2m > [22m[2mProperty 10: Scoped Roles Processing Efficiency[2m > [22m[2mProperty 10.7: Project role operations should not affect org/system role caches
[22m[39mGoTrueClient@sb-bgxknceshxxifwytalex-auth-token:0 (2.93.3) 2026-02-02T15:20:10.329Z #_acquireLock lock released for storage key sb-bgxknceshxxifwytalex-auth-token

[90mstdout[2m | tests/property/scoped-roles-processing-efficiency.test.ts[2m > [22m[2mProperty 10: Scoped Roles Processing Efficiency[2m > [22m[2mProperty 10.7: Project role operations should not affect org/system role caches
[22m[39mGoTrueClient@sb-bgxknceshxxifwytalex-auth-token:0 (2.93.3) 2026-02-02T15:20:10.329Z #_acquireLock end

[90mstdout[2m | tests/property/scoped-roles-processing-efficiency.test.ts[2m > [22m[2mProperty 10: Scoped Roles Processing Efficiency[2m > [22m[2mProperty 10.7: Project role operations should not affect org/system role caches
[22m[39mGoTrueClient@sb-bgxknceshxxifwytalex-auth-token:0 (2.93.3) 2026-02-02T15:20:10.335Z #_acquireLock begin [33m10000[39m
GoTrueClient@sb-bgxknceshxxifwytalex-auth-token:0 (2.93.3) 2026-02-02T15:20:10.335Z #_acquireLock lock acquired for storage key sb-bgxknceshxxifwytalex-auth-token
GoTrueClient@sb-bgxknceshxxifwytalex-auth-token:0 (2.93.3) 2026-02-02T15:20:10.335Z #_useSession begin
GoTrueClient@sb-bgxknceshxxifwytalex-auth-token:0 (2.93.3) 2026-02-02T15:20:10.335Z #__loadSession() begin

[90mstdout[2m | tests/property/scoped-roles-processing-efficiency.test.ts[2m > [22m[2mProperty 10: Scoped Roles Processing Efficiency[2m > [22m[2mProperty 10.7: Project role operations should not affect org/system role caches
[22m[39mGoTrueClient@sb-bgxknceshxxifwytalex-auth-token:0 (2.93.3) 2026-02-02T15:20:10.335Z #getSession() session from storage [1mnull[22m
GoTrueClient@sb-bgxknceshxxifwytalex-auth-token:0 (2.93.3) 2026-02-02T15:20:10.336Z #__loadSession() end

[90mstdout[2m | tests/property/scoped-roles-processing-efficiency.test.ts[2m > [22m[2mProperty 10: Scoped Roles Processing Efficiency[2m > [22m[2mProperty 10.7: Project role operations should not affect org/system role caches
[22m[39mGoTrueClient@sb-bgxknceshxxifwytalex-auth-token:0 (2.93.3) 2026-02-02T15:20:10.336Z #_useSession end

[90mstdout[2m | tests/property/scoped-roles-processing-efficiency.test.ts[2m > [22m[2mProperty 10: Scoped Roles Processing Efficiency[2m > [22m[2mProperty 10.7: Project role operations should not affect org/system role caches
[22m[39mGoTrueClient@sb-bgxknceshxxifwytalex-auth-token:0 (2.93.3) 2026-02-02T15:20:10.336Z #_acquireLock lock released for storage key sb-bgxknceshxxifwytalex-auth-token

[90mstdout[2m | tests/property/scoped-roles-processing-efficiency.test.ts[2m > [22m[2mProperty 10: Scoped Roles Processing Efficiency[2m > [22m[2mProperty 10.7: Project role operations should not affect org/system role caches
[22m[39mGoTrueClient@sb-bgxknceshxxifwytalex-auth-token:0 (2.93.3) 2026-02-02T15:20:10.336Z #_acquireLock end

stderr | tests/property/scoped-roles-processing-efficiency.test.ts > Property 10: Scoped Roles Processing Efficiency > Property 10.7: Project role operations should not affect org/system role caches
Error fetching org roles: {
  code: 'PGRST200',
  details: "Searched for a foreign key relationship between 'org_roles' and 'user_profiles' in the schema 'public', but no matches were found.",
  hint: null,
  message: "Could not find a relationship between 'org_roles' and 'user_profiles' in the schema cache"
}

[90mstdout[2m | tests/property/scoped-roles-processing-efficiency.test.ts[2m > [22m[2mProperty 10: Scoped Roles Processing Efficiency[2m > [22m[2mProperty 10.7: Project role operations should not affect org/system role caches
[22m[39mGoTrueClient@sb-bgxknceshxxifwytalex-auth-token:0 (2.93.3) 2026-02-02T15:20:10.386Z #_acquireLock begin [33m10000[39m
GoTrueClient@sb-bgxknceshxxifwytalex-auth-token:0 (2.93.3) 2026-02-02T15:20:10.386Z #_acquireLock lock acquired for storage key sb-bgxknceshxxifwytalex-auth-token
GoTrueClient@sb-bgxknceshxxifwytalex-auth-token:0 (2.93.3) 2026-02-02T15:20:10.386Z #_useSession begin
GoTrueClient@sb-bgxknceshxxifwytalex-auth-token:0 (2.93.3) 2026-02-02T15:20:10.386Z #__loadSession() begin

[90mstdout[2m | tests/property/scoped-roles-processing-efficiency.test.ts[2m > [22m[2mProperty 10: Scoped Roles Processing Efficiency[2m > [22m[2mProperty 10.7: Project role operations should not affect org/system role caches
[22m[39mGoTrueClient@sb-bgxknceshxxifwytalex-auth-token:0 (2.93.3) 2026-02-02T15:20:10.386Z #getSession() session from storage [1mnull[22m
GoTrueClient@sb-bgxknceshxxifwytalex-auth-token:0 (2.93.3) 2026-02-02T15:20:10.386Z #__loadSession() end

[90mstdout[2m | tests/property/scoped-roles-processing-efficiency.test.ts[2m > [22m[2mProperty 10: Scoped Roles Processing Efficiency[2m > [22m[2mProperty 10.7: Project role operations should not affect org/system role caches
[22m[39mGoTrueClient@sb-bgxknceshxxifwytalex-auth-token:0 (2.93.3) 2026-02-02T15:20:10.386Z #_useSession end

[90mstdout[2m | tests/property/scoped-roles-processing-efficiency.test.ts[2m > [22m[2mProperty 10: Scoped Roles Processing Efficiency[2m > [22m[2mProperty 10.7: Project role operations should not affect org/system role caches
[22m[39mGoTrueClient@sb-bgxknceshxxifwytalex-auth-token:0 (2.93.3) 2026-02-02T15:20:10.387Z #_acquireLock lock released for storage key sb-bgxknceshxxifwytalex-auth-token

[90mstdout[2m | tests/property/scoped-roles-processing-efficiency.test.ts[2m > [22m[2mProperty 10: Scoped Roles Processing Efficiency[2m > [22m[2mProperty 10.7: Project role operations should not affect org/system role caches
[22m[39mGoTrueClient@sb-bgxknceshxxifwytalex-auth-token:0 (2.93.3) 2026-02-02T15:20:10.387Z #_acquireLock end

[90mstdout[2m | tests/property/scoped-roles-processing-efficiency.test.ts[2m > [22m[2mProperty 10: Scoped Roles Processing Efficiency[2m > [22m[2mProperty 10.7: Project role operations should not affect org/system role caches
[22m[39mGoTrueClient@sb-bgxknceshxxifwytalex-auth-token:0 (2.93.3) 2026-02-02T15:20:10.448Z #_acquireLock begin [33m10000[39m
GoTrueClient@sb-bgxknceshxxifwytalex-auth-token:0 (2.93.3) 2026-02-02T15:20:10.448Z #_acquireLock lock acquired for storage key sb-bgxknceshxxifwytalex-auth-token
GoTrueClient@sb-bgxknceshxxifwytalex-auth-token:0 (2.93.3) 2026-02-02T15:20:10.448Z #_useSession begin
GoTrueClient@sb-bgxknceshxxifwytalex-auth-token:0 (2.93.3) 2026-02-02T15:20:10.448Z #__loadSession() begin

[90mstdout[2m | tests/property/scoped-roles-processing-efficiency.test.ts[2m > [22m[2mProperty 10: Scoped Roles Processing Efficiency[2m > [22m[2mProperty 10.7: Project role operations should not affect org/system role caches
[22m[39mGoTrueClient@sb-bgxknceshxxifwytalex-auth-token:0 (2.93.3) 2026-02-02T15:20:10.448Z #getSession() session from storage [1mnull[22m
GoTrueClient@sb-bgxknceshxxifwytalex-auth-token:0 (2.93.3) 2026-02-02T15:20:10.448Z #__loadSession() end

[90mstdout[2m | tests/property/scoped-roles-processing-efficiency.test.ts[2m > [22m[2mProperty 10: Scoped Roles Processing Efficiency[2m > [22m[2mProperty 10.7: Project role operations should not affect org/system role caches
[22m[39mGoTrueClient@sb-bgxknceshxxifwytalex-auth-token:0 (2.93.3) 2026-02-02T15:20:10.448Z #_useSession end

[90mstdout[2m | tests/property/scoped-roles-processing-efficiency.test.ts[2m > [22m[2mProperty 10: Scoped Roles Processing Efficiency[2m > [22m[2mProperty 10.7: Project role operations should not affect org/system role caches
[22m[39mGoTrueClient@sb-bgxknceshxxifwytalex-auth-token:0 (2.93.3) 2026-02-02T15:20:10.449Z #_acquireLock lock released for storage key sb-bgxknceshxxifwytalex-auth-token

[90mstdout[2m | tests/property/scoped-roles-processing-efficiency.test.ts[2m > [22m[2mProperty 10: Scoped Roles Processing Efficiency[2m > [22m[2mProperty 10.7: Project role operations should not affect org/system role caches
[22m[39mGoTrueClient@sb-bgxknceshxxifwytalex-auth-token:0 (2.93.3) 2026-02-02T15:20:10.449Z #_acquireLock end

[90mstdout[2m | tests/property/scoped-roles-processing-efficiency.test.ts[2m > [22m[2mProperty 10: Scoped Roles Processing Efficiency[2m > [22m[2mProperty 10.7: Project role operations should not affect org/system role caches
[22m[39mGoTrueClient@sb-bgxknceshxxifwytalex-auth-token:0 (2.93.3) 2026-02-02T15:20:10.451Z #_acquireLock begin [33m10000[39m
GoTrueClient@sb-bgxknceshxxifwytalex-auth-token:0 (2.93.3) 2026-02-02T15:20:10.451Z #_acquireLock lock acquired for storage key sb-bgxknceshxxifwytalex-auth-token
GoTrueClient@sb-bgxknceshxxifwytalex-auth-token:0 (2.93.3) 2026-02-02T15:20:10.451Z #_useSession begin
GoTrueClient@sb-bgxknceshxxifwytalex-auth-token:0 (2.93.3) 2026-02-02T15:20:10.451Z #__loadSession() begin

[90mstdout[2m | tests/property/scoped-roles-processing-efficiency.test.ts[2m > [22m[2mProperty 10: Scoped Roles Processing Efficiency[2m > [22m[2mProperty 10.7: Project role operations should not affect org/system role caches
[22m[39mGoTrueClient@sb-bgxknceshxxifwytalex-auth-token:0 (2.93.3) 2026-02-02T15:20:10.452Z #getSession() session from storage [1mnull[22m
GoTrueClient@sb-bgxknceshxxifwytalex-auth-token:0 (2.93.3) 2026-02-02T15:20:10.452Z #__loadSession() end

[90mstdout[2m | tests/property/scoped-roles-processing-efficiency.test.ts[2m > [22m[2mProperty 10: Scoped Roles Processing Efficiency[2m > [22m[2mProperty 10.7: Project role operations should not affect org/system role caches
[22m[39mGoTrueClient@sb-bgxknceshxxifwytalex-auth-token:0 (2.93.3) 2026-02-02T15:20:10.452Z #_useSession end

[90mstdout[2m | tests/property/scoped-roles-processing-efficiency.test.ts[2m > [22m[2mProperty 10: Scoped Roles Processing Efficiency[2m > [22m[2mProperty 10.7: Project role operations should not affect org/system role caches
[22m[39mGoTrueClient@sb-bgxknceshxxifwytalex-auth-token:0 (2.93.3) 2026-02-02T15:20:10.452Z #_acquireLock lock released for storage key sb-bgxknceshxxifwytalex-auth-token

[90mstdout[2m | tests/property/scoped-roles-processing-efficiency.test.ts[2m > [22m[2mProperty 10: Scoped Roles Processing Efficiency[2m > [22m[2mProperty 10.7: Project role operations should not affect org/system role caches
[22m[39mGoTrueClient@sb-bgxknceshxxifwytalex-auth-token:0 (2.93.3) 2026-02-02T15:20:10.452Z #_acquireLock end

[90mstdout[2m | tests/property/scoped-roles-processing-efficiency.test.ts[2m > [22m[2mProperty 10: Scoped Roles Processing Efficiency[2m > [22m[2mProperty 10.7: Project role operations should not affect org/system role caches
[22m[39mGoTrueClient@sb-bgxknceshxxifwytalex-auth-token:0 (2.93.3) 2026-02-02T15:20:10.459Z #_acquireLock begin [33m10000[39m
GoTrueClient@sb-bgxknceshxxifwytalex-auth-token:0 (2.93.3) 2026-02-02T15:20:10.459Z #_acquireLock lock acquired for storage key sb-bgxknceshxxifwytalex-auth-token
GoTrueClient@sb-bgxknceshxxifwytalex-auth-token:0 (2.93.3) 2026-02-02T15:20:10.459Z #_useSession begin
GoTrueClient@sb-bgxknceshxxifwytalex-auth-token:0 (2.93.3) 2026-02-02T15:20:10.459Z #__loadSession() begin

[90mstdout[2m | tests/property/scoped-roles-processing-efficiency.test.ts[2m > [22m[2mProperty 10: Scoped Roles Processing Efficiency[2m > [22m[2mProperty 10.7: Project role operations should not affect org/system role caches
[22m[39mGoTrueClient@sb-bgxknceshxxifwytalex-auth-token:0 (2.93.3) 2026-02-02T15:20:10.460Z #getSession() session from storage [1mnull[22m
GoTrueClient@sb-bgxknceshxxifwytalex-auth-token:0 (2.93.3) 2026-02-02T15:20:10.460Z #__loadSession() end

[90mstdout[2m | tests/property/scoped-roles-processing-efficiency.test.ts[2m > [22m[2mProperty 10: Scoped Roles Processing Efficiency[2m > [22m[2mProperty 10.7: Project role operations should not affect org/system role caches
[22m[39mGoTrueClient@sb-bgxknceshxxifwytalex-auth-token:0 (2.93.3) 2026-02-02T15:20:10.460Z #_useSession end

[90mstdout[2m | tests/property/scoped-roles-processing-efficiency.test.ts[2m > [22m[2mProperty 10: Scoped Roles Processing Efficiency[2m > [22m[2mProperty 10.7: Project role operations should not affect org/system role caches
[22m[39mGoTrueClient@sb-bgxknceshxxifwytalex-auth-token:0 (2.93.3) 2026-02-02T15:20:10.460Z #_acquireLock lock released for storage key sb-bgxknceshxxifwytalex-auth-token

[90mstdout[2m | tests/property/scoped-roles-processing-efficiency.test.ts[2m > [22m[2mProperty 10: Scoped Roles Processing Efficiency[2m > [22m[2mProperty 10.7: Project role operations should not affect org/system role caches
[22m[39mGoTrueClient@sb-bgxknceshxxifwytalex-auth-token:0 (2.93.3) 2026-02-02T15:20:10.460Z #_acquireLock end

stderr | tests/property/scoped-roles-processing-efficiency.test.ts > Property 10: Scoped Roles Processing Efficiency > Property 10.7: Project role operations should not affect org/system role caches
Error fetching project roles: {
  code: 'PGRST200',
  details: "Searched for a foreign key relationship between 'project_roles' and 'user_profiles' in the schema 'public', but no matches were found.",
  hint: null,
  message: "Could not find a relationship between 'project_roles' and 'user_profiles' in the schema cache"
}

[90mstdout[2m | tests/property/scoped-roles-processing-efficiency.test.ts[2m > [22m[2mProperty 10: Scoped Roles Processing Efficiency[2m > [22m[2mProperty 10.7: Project role operations should not affect org/system role caches
[22m[39mGoTrueClient@sb-bgxknceshxxifwytalex-auth-token:0 (2.93.3) 2026-02-02T15:20:10.491Z #_acquireLock begin [33m10000[39m
GoTrueClient@sb-bgxknceshxxifwytalex-auth-token:0 (2.93.3) 2026-02-02T15:20:10.492Z #_acquireLock lock acquired for storage key sb-bgxknceshxxifwytalex-auth-token
GoTrueClient@sb-bgxknceshxxifwytalex-auth-token:0 (2.93.3) 2026-02-02T15:20:10.492Z #_useSession begin
GoTrueClient@sb-bgxknceshxxifwytalex-auth-token:0 (2.93.3) 2026-02-02T15:20:10.492Z #__loadSession() begin

[90mstdout[2m | tests/property/scoped-roles-processing-efficiency.test.ts[2m > [22m[2mProperty 10: Scoped Roles Processing Efficiency[2m > [22m[2mProperty 10.7: Project role operations should not affect org/system role caches
[22m[39mGoTrueClient@sb-bgxknceshxxifwytalex-auth-token:0 (2.93.3) 2026-02-02T15:20:10.492Z #getSession() session from storage [1mnull[22m
GoTrueClient@sb-bgxknceshxxifwytalex-auth-token:0 (2.93.3) 2026-02-02T15:20:10.492Z #__loadSession() end

[90mstdout[2m | tests/property/scoped-roles-processing-efficiency.test.ts[2m > [22m[2mProperty 10: Scoped Roles Processing Efficiency[2m > [22m[2mProperty 10.7: Project role operations should not affect org/system role caches
[22m[39mGoTrueClient@sb-bgxknceshxxifwytalex-auth-token:0 (2.93.3) 2026-02-02T15:20:10.492Z #_useSession end

[90mstdout[2m | tests/property/scoped-roles-processing-efficiency.test.ts[2m > [22m[2mProperty 10: Scoped Roles Processing Efficiency[2m > [22m[2mProperty 10.7: Project role operations should not affect org/system role caches
[22m[39mGoTrueClient@sb-bgxknceshxxifwytalex-auth-token:0 (2.93.3) 2026-02-02T15:20:10.492Z #_acquireLock lock released for storage key sb-bgxknceshxxifwytalex-auth-token

[90mstdout[2m | tests/property/scoped-roles-processing-efficiency.test.ts[2m > [22m[2mProperty 10: Scoped Roles Processing Efficiency[2m > [22m[2mProperty 10.7: Project role operations should not affect org/system role caches
[22m[39mGoTrueClient@sb-bgxknceshxxifwytalex-auth-token:0 (2.93.3) 2026-02-02T15:20:10.492Z #_acquireLock end

[90mstdout[2m | tests/property/scoped-roles-processing-efficiency.test.ts[2m > [22m[2mProperty 10: Scoped Roles Processing Efficiency[2m > [22m[2mProperty 10.7: Project role operations should not affect org/system role caches
[22m[39mGoTrueClient@sb-bgxknceshxxifwytalex-auth-token:0 (2.93.3) 2026-02-02T15:20:10.539Z #_acquireLock begin [33m10000[39m
GoTrueClient@sb-bgxknceshxxifwytalex-auth-token:0 (2.93.3) 2026-02-02T15:20:10.539Z #_acquireLock lock acquired for storage key sb-bgxknceshxxifwytalex-auth-token
GoTrueClient@sb-bgxknceshxxifwytalex-auth-token:0 (2.93.3) 2026-02-02T15:20:10.539Z #_useSession begin
GoTrueClient@sb-bgxknceshxxifwytalex-auth-token:0 (2.93.3) 2026-02-02T15:20:10.539Z #__loadSession() begin

[90mstdout[2m | tests/property/scoped-roles-processing-efficiency.test.ts[2m > [22m[2mProperty 10: Scoped Roles Processing Efficiency[2m > [22m[2mProperty 10.7: Project role operations should not affect org/system role caches
[22m[39mGoTrueClient@sb-bgxknceshxxifwytalex-auth-token:0 (2.93.3) 2026-02-02T15:20:10.539Z #getSession() session from storage [1mnull[22m
GoTrueClient@sb-bgxknceshxxifwytalex-auth-token:0 (2.93.3) 2026-02-02T15:20:10.539Z #__loadSession() end

[90mstdout[2m | tests/property/scoped-roles-processing-efficiency.test.ts[2m > [22m[2mProperty 10: Scoped Roles Processing Efficiency[2m > [22m[2mProperty 10.7: Project role operations should not affect org/system role caches
[22m[39mGoTrueClient@sb-bgxknceshxxifwytalex-auth-token:0 (2.93.3) 2026-02-02T15:20:10.539Z #_useSession end

[90mstdout[2m | tests/property/scoped-roles-processing-efficiency.test.ts[2m > [22m[2mProperty 10: Scoped Roles Processing Efficiency[2m > [22m[2mProperty 10.7: Project role operations should not affect org/system role caches
[22m[39mGoTrueClient@sb-bgxknceshxxifwytalex-auth-token:0 (2.93.3) 2026-02-02T15:20:10.540Z #_acquireLock lock released for storage key sb-bgxknceshxxifwytalex-auth-token

[90mstdout[2m | tests/property/scoped-roles-processing-efficiency.test.ts[2m > [22m[2mProperty 10: Scoped Roles Processing Efficiency[2m > [22m[2mProperty 10.7: Project role operations should not affect org/system role caches
[22m[39mGoTrueClient@sb-bgxknceshxxifwytalex-auth-token:0 (2.93.3) 2026-02-02T15:20:10.540Z #_acquireLock end

stderr | tests/property/scoped-roles-processing-efficiency.test.ts > Property 10: Scoped Roles Processing Efficiency > Property 10.7: Project role operations should not affect org/system role caches
Error fetching org roles: {
  code: 'PGRST200',
  details: "Searched for a foreign key relationship between 'org_roles' and 'user_profiles' in the schema 'public', but no matches were found.",
  hint: null,
  message: "Could not find a relationship between 'org_roles' and 'user_profiles' in the schema cache"
}

[90mstdout[2m | tests/property/scoped-roles-processing-efficiency.test.ts[2m > [22m[2mProperty 10: Scoped Roles Processing Efficiency[2m > [22m[2mProperty 10.7: Project role operations should not affect org/system role caches
[22m[39mGoTrueClient@sb-bgxknceshxxifwytalex-auth-token:0 (2.93.3) 2026-02-02T15:20:10.551Z #_acquireLock begin [33m10000[39m
GoTrueClient@sb-bgxknceshxxifwytalex-auth-token:0 (2.93.3) 2026-02-02T15:20:10.551Z #_acquireLock lock acquired for storage key sb-bgxknceshxxifwytalex-auth-token
GoTrueClient@sb-bgxknceshxxifwytalex-auth-token:0 (2.93.3) 2026-02-02T15:20:10.551Z #_useSession begin
GoTrueClient@sb-bgxknceshxxifwytalex-auth-token:0 (2.93.3) 2026-02-02T15:20:10.551Z #__loadSession() begin

[90mstdout[2m | tests/property/scoped-roles-processing-efficiency.test.ts[2m > [22m[2mProperty 10: Scoped Roles Processing Efficiency[2m > [22m[2mProperty 10.7: Project role operations should not affect org/system role caches
[22m[39mGoTrueClient@sb-bgxknceshxxifwytalex-auth-token:0 (2.93.3) 2026-02-02T15:20:10.551Z #getSession() session from storage [1mnull[22m
GoTrueClient@sb-bgxknceshxxifwytalex-auth-token:0 (2.93.3) 2026-02-02T15:20:10.551Z #__loadSession() end

[90mstdout[2m | tests/property/scoped-roles-processing-efficiency.test.ts[2m > [22m[2mProperty 10: Scoped Roles Processing Efficiency[2m > [22m[2mProperty 10.7: Project role operations should not affect org/system role caches
[22m[39mGoTrueClient@sb-bgxknceshxxifwytalex-auth-token:0 (2.93.3) 2026-02-02T15:20:10.551Z #_useSession end

[90mstdout[2m | tests/property/scoped-roles-processing-efficiency.test.ts[2m > [22m[2mProperty 10: Scoped Roles Processing Efficiency[2m > [22m[2mProperty 10.7: Project role operations should not affect org/system role caches
[22m[39mGoTrueClient@sb-bgxknceshxxifwytalex-auth-token:0 (2.93.3) 2026-02-02T15:20:10.551Z #_acquireLock lock released for storage key sb-bgxknceshxxifwytalex-auth-token

[90mstdout[2m | tests/property/scoped-roles-processing-efficiency.test.ts[2m > [22m[2mProperty 10: Scoped Roles Processing Efficiency[2m > [22m[2mProperty 10.7: Project role operations should not affect org/system role caches
[22m[39mGoTrueClient@sb-bgxknceshxxifwytalex-auth-token:0 (2.93.3) 2026-02-02T15:20:10.551Z #_acquireLock end

stderr | tests/property/scoped-roles-processing-efficiency.test.ts > Property 10: Scoped Roles Processing Efficiency > Property 10.7: Project role operations should not affect org/system role caches
Error fetching project roles: {
  code: 'PGRST200',
  details: "Searched for a foreign key relationship between 'project_roles' and 'user_profiles' in the schema 'public', but no matches were found.",
  hint: null,
  message: "Could not find a relationship between 'project_roles' and 'user_profiles' in the schema cache"
}

[90mstdout[2m | tests/property/scoped-roles-processing-efficiency.test.ts[2m > [22m[2mProperty 10: Scoped Roles Processing Efficiency[2m > [22m[2mProperty 10.7: Project role operations should not affect org/system role caches
[22m[39mGoTrueClient@sb-bgxknceshxxifwytalex-auth-token:0 (2.93.3) 2026-02-02T15:20:10.589Z #_acquireLock begin [33m10000[39m
GoTrueClient@sb-bgxknceshxxifwytalex-auth-token:0 (2.93.3) 2026-02-02T15:20:10.589Z #_acquireLock lock acquired for storage key sb-bgxknceshxxifwytalex-auth-token
GoTrueClient@sb-bgxknceshxxifwytalex-auth-token:0 (2.93.3) 2026-02-02T15:20:10.589Z #_useSession begin
GoTrueClient@sb-bgxknceshxxifwytalex-auth-token:0 (2.93.3) 2026-02-02T15:20:10.589Z #__loadSession() begin

[90mstdout[2m | tests/property/scoped-roles-processing-efficiency.test.ts[2m > [22m[2mProperty 10: Scoped Roles Processing Efficiency[2m > [22m[2mProperty 10.7: Project role operations should not affect org/system role caches
[22m[39mGoTrueClient@sb-bgxknceshxxifwytalex-auth-token:0 (2.93.3) 2026-02-02T15:20:10.590Z #getSession() session from storage [1mnull[22m
GoTrueClient@sb-bgxknceshxxifwytalex-auth-token:0 (2.93.3) 2026-02-02T15:20:10.590Z #__loadSession() end

[90mstdout[2m | tests/property/scoped-roles-processing-efficiency.test.ts[2m > [22m[2mProperty 10: Scoped Roles Processing Efficiency[2m > [22m[2mProperty 10.7: Project role operations should not affect org/system role caches
[22m[39mGoTrueClient@sb-bgxknceshxxifwytalex-auth-token:0 (2.93.3) 2026-02-02T15:20:10.590Z #_useSession end

[90mstdout[2m | tests/property/scoped-roles-processing-efficiency.test.ts[2m > [22m[2mProperty 10: Scoped Roles Processing Efficiency[2m > [22m[2mProperty 10.7: Project role operations should not affect org/system role caches
[22m[39mGoTrueClient@sb-bgxknceshxxifwytalex-auth-token:0 (2.93.3) 2026-02-02T15:20:10.590Z #_acquireLock lock released for storage key sb-bgxknceshxxifwytalex-auth-token

[90mstdout[2m | tests/property/scoped-roles-processing-efficiency.test.ts[2m > [22m[2mProperty 10: Scoped Roles Processing Efficiency[2m > [22m[2mProperty 10.7: Project role operations should not affect org/system role caches
[22m[39mGoTrueClient@sb-bgxknceshxxifwytalex-auth-token:0 (2.93.3) 2026-02-02T15:20:10.590Z #_acquireLock end

[90mstdout[2m | tests/property/scoped-roles-processing-efficiency.test.ts[2m > [22m[2mProperty 10: Scoped Roles Processing Efficiency[2m > [22m[2mProperty 10.7: Project role operations should not affect org/system role caches
[22m[39mGoTrueClient@sb-bgxknceshxxifwytalex-auth-token:0 (2.93.3) 2026-02-02T15:20:10.654Z #_acquireLock begin [33m10000[39m
GoTrueClient@sb-bgxknceshxxifwytalex-auth-token:0 (2.93.3) 2026-02-02T15:20:10.654Z #_acquireLock lock acquired for storage key sb-bgxknceshxxifwytalex-auth-token
GoTrueClient@sb-bgxknceshxxifwytalex-auth-token:0 (2.93.3) 2026-02-02T15:20:10.654Z #_useSession begin
GoTrueClient@sb-bgxknceshxxifwytalex-auth-token:0 (2.93.3) 2026-02-02T15:20:10.654Z #__loadSession() begin

[90mstdout[2m | tests/property/scoped-roles-processing-efficiency.test.ts[2m > [22m[2mProperty 10: Scoped Roles Processing Efficiency[2m > [22m[2mProperty 10.7: Project role operations should not affect org/system role caches
[22m[39mGoTrueClient@sb-bgxknceshxxifwytalex-auth-token:0 (2.93.3) 2026-02-02T15:20:10.654Z #getSession() session from storage [1mnull[22m
GoTrueClient@sb-bgxknceshxxifwytalex-auth-token:0 (2.93.3) 2026-02-02T15:20:10.654Z #__loadSession() end

[90mstdout[2m | tests/property/scoped-roles-processing-efficiency.test.ts[2m > [22m[2mProperty 10: Scoped Roles Processing Efficiency[2m > [22m[2mProperty 10.7: Project role operations should not affect org/system role caches
[22m[39mGoTrueClient@sb-bgxknceshxxifwytalex-auth-token:0 (2.93.3) 2026-02-02T15:20:10.655Z #_useSession end

[90mstdout[2m | tests/property/scoped-roles-processing-efficiency.test.ts[2m > [22m[2mProperty 10: Scoped Roles Processing Efficiency[2m > [22m[2mProperty 10.7: Project role operations should not affect org/system role caches
[22m[39mGoTrueClient@sb-bgxknceshxxifwytalex-auth-token:0 (2.93.3) 2026-02-02T15:20:10.656Z #_acquireLock lock released for storage key sb-bgxknceshxxifwytalex-auth-token

[90mstdout[2m | tests/property/scoped-roles-processing-efficiency.test.ts[2m > [22m[2mProperty 10: Scoped Roles Processing Efficiency[2m > [22m[2mProperty 10.7: Project role operations should not affect org/system role caches
[22m[39mGoTrueClient@sb-bgxknceshxxifwytalex-auth-token:0 (2.93.3) 2026-02-02T15:20:10.656Z #_acquireLock end

stderr | tests/property/scoped-roles-processing-efficiency.test.ts > Property 10: Scoped Roles Processing Efficiency > Property 10.7: Project role operations should not affect org/system role caches
Error fetching org roles: {
  code: 'PGRST200',
  details: "Searched for a foreign key relationship between 'org_roles' and 'user_profiles' in the schema 'public', but no matches were found.",
  hint: null,
  message: "Could not find a relationship between 'org_roles' and 'user_profiles' in the schema cache"
}

[90mstdout[2m | tests/property/scoped-roles-processing-efficiency.test.ts[2m > [22m[2mProperty 10: Scoped Roles Processing Efficiency[2m > [22m[2mProperty 10.7: Project role operations should not affect org/system role caches
[22m[39mGoTrueClient@sb-bgxknceshxxifwytalex-auth-token:0 (2.93.3) 2026-02-02T15:20:10.660Z #_acquireLock begin [33m10000[39m
GoTrueClient@sb-bgxknceshxxifwytalex-auth-token:0 (2.93.3) 2026-02-02T15:20:10.660Z #_acquireLock lock acquired for storage key sb-bgxknceshxxifwytalex-auth-token
GoTrueClient@sb-bgxknceshxxifwytalex-auth-token:0 (2.93.3) 2026-02-02T15:20:10.660Z #_useSession begin
GoTrueClient@sb-bgxknceshxxifwytalex-auth-token:0 (2.93.3) 2026-02-02T15:20:10.660Z #__loadSession() begin

[90mstdout[2m | tests/property/scoped-roles-processing-efficiency.test.ts[2m > [22m[2mProperty 10: Scoped Roles Processing Efficiency[2m > [22m[2mProperty 10.7: Project role operations should not affect org/system role caches
[22m[39mGoTrueClient@sb-bgxknceshxxifwytalex-auth-token:0 (2.93.3) 2026-02-02T15:20:10.661Z #getSession() session from storage [1mnull[22m
GoTrueClient@sb-bgxknceshxxifwytalex-auth-token:0 (2.93.3) 2026-02-02T15:20:10.661Z #__loadSession() end

[90mstdout[2m | tests/property/scoped-roles-processing-efficiency.test.ts[2m > [22m[2mProperty 10: Scoped Roles Processing Efficiency[2m > [22m[2mProperty 10.7: Project role operations should not affect org/system role caches
[22m[39mGoTrueClient@sb-bgxknceshxxifwytalex-auth-token:0 (2.93.3) 2026-02-02T15:20:10.661Z #_useSession end

[90mstdout[2m | tests/property/scoped-roles-processing-efficiency.test.ts[2m > [22m[2mProperty 10: Scoped Roles Processing Efficiency[2m > [22m[2mProperty 10.7: Project role operations should not affect org/system role caches
[22m[39mGoTrueClient@sb-bgxknceshxxifwytalex-auth-token:0 (2.93.3) 2026-02-02T15:20:10.661Z #_acquireLock lock released for storage key sb-bgxknceshxxifwytalex-auth-token

[90mstdout[2m | tests/property/scoped-roles-processing-efficiency.test.ts[2m > [22m[2mProperty 10: Scoped Roles Processing Efficiency[2m > [22m[2mProperty 10.7: Project role operations should not affect org/system role caches
[22m[39mGoTrueClient@sb-bgxknceshxxifwytalex-auth-token:0 (2.93.3) 2026-02-02T15:20:10.661Z #_acquireLock end

stderr | tests/property/scoped-roles-processing-efficiency.test.ts > Property 10: Scoped Roles Processing Efficiency > Property 10.7: Project role operations should not affect org/system role caches
Error fetching org roles: {
  code: 'PGRST200',
  details: "Searched for a foreign key relationship between 'org_roles' and 'user_profiles' in the schema 'public', but no matches were found.",
  hint: null,
  message: "Could not find a relationship between 'org_roles' and 'user_profiles' in the schema cache"
}

[90mstdout[2m | tests/property/scoped-roles-processing-efficiency.test.ts[2m > [22m[2mProperty 10: Scoped Roles Processing Efficiency[2m > [22m[2mProperty 10.7: Project role operations should not affect org/system role caches
[22m[39mGoTrueClient@sb-bgxknceshxxifwytalex-auth-token:0 (2.93.3) 2026-02-02T15:20:10.682Z #_acquireLock begin [33m10000[39m
GoTrueClient@sb-bgxknceshxxifwytalex-auth-token:0 (2.93.3) 2026-02-02T15:20:10.682Z #_acquireLock lock acquired for storage key sb-bgxknceshxxifwytalex-auth-token
GoTrueClient@sb-bgxknceshxxifwytalex-auth-token:0 (2.93.3) 2026-02-02T15:20:10.682Z #_useSession begin
GoTrueClient@sb-bgxknceshxxifwytalex-auth-token:0 (2.93.3) 2026-02-02T15:20:10.682Z #__loadSession() begin

[90mstdout[2m | tests/property/scoped-roles-processing-efficiency.test.ts[2m > [22m[2mProperty 10: Scoped Roles Processing Efficiency[2m > [22m[2mProperty 10.7: Project role operations should not affect org/system role caches
[22m[39mGoTrueClient@sb-bgxknceshxxifwytalex-auth-token:0 (2.93.3) 2026-02-02T15:20:10.682Z #getSession() session from storage [1mnull[22m
GoTrueClient@sb-bgxknceshxxifwytalex-auth-token:0 (2.93.3) 2026-02-02T15:20:10.682Z #__loadSession() end

[90mstdout[2m | tests/property/scoped-roles-processing-efficiency.test.ts[2m > [22m[2mProperty 10: Scoped Roles Processing Efficiency[2m > [22m[2mProperty 10.7: Project role operations should not affect org/system role caches
[22m[39mGoTrueClient@sb-bgxknceshxxifwytalex-auth-token:0 (2.93.3) 2026-02-02T15:20:10.682Z #_useSession end

[90mstdout[2m | tests/property/scoped-roles-processing-efficiency.test.ts[2m > [22m[2mProperty 10: Scoped Roles Processing Efficiency[2m > [22m[2mProperty 10.7: Project role operations should not affect org/system role caches
[22m[39mGoTrueClient@sb-bgxknceshxxifwytalex-auth-token:0 (2.93.3) 2026-02-02T15:20:10.682Z #_acquireLock lock released for storage key sb-bgxknceshxxifwytalex-auth-token

[90mstdout[2m | tests/property/scoped-roles-processing-efficiency.test.ts[2m > [22m[2mProperty 10: Scoped Roles Processing Efficiency[2m > [22m[2mProperty 10.7: Project role operations should not affect org/system role caches
[22m[39mGoTrueClient@sb-bgxknceshxxifwytalex-auth-token:0 (2.93.3) 2026-02-02T15:20:10.682Z #_acquireLock end

stderr | tests/property/scoped-roles-processing-efficiency.test.ts > Property 10: Scoped Roles Processing Efficiency > Property 10.7: Project role operations should not affect org/system role caches
Error fetching project roles: {
  code: 'PGRST200',
  details: "Searched for a foreign key relationship between 'project_roles' and 'user_profiles' in the schema 'public', but no matches were found.",
  hint: null,
  message: "Could not find a relationship between 'project_roles' and 'user_profiles' in the schema cache"
}

[90mstdout[2m | tests/property/scoped-roles-processing-efficiency.test.ts[2m > [22m[2mProperty 10: Scoped Roles Processing Efficiency[2m > [22m[2mProperty 10.7: Project role operations should not affect org/system role caches
[22m[39mGoTrueClient@sb-bgxknceshxxifwytalex-auth-token:0 (2.93.3) 2026-02-02T15:20:10.711Z #_acquireLock begin [33m10000[39m
GoTrueClient@sb-bgxknceshxxifwytalex-auth-token:0 (2.93.3) 2026-02-02T15:20:10.711Z #_acquireLock lock acquired for storage key sb-bgxknceshxxifwytalex-auth-token
GoTrueClient@sb-bgxknceshxxifwytalex-auth-token:0 (2.93.3) 2026-02-02T15:20:10.711Z #_useSession begin
GoTrueClient@sb-bgxknceshxxifwytalex-auth-token:0 (2.93.3) 2026-02-02T15:20:10.711Z #__loadSession() begin

[90mstdout[2m | tests/property/scoped-roles-processing-efficiency.test.ts[2m > [22m[2mProperty 10: Scoped Roles Processing Efficiency[2m > [22m[2mProperty 10.7: Project role operations should not affect org/system role caches
[22m[39mGoTrueClient@sb-bgxknceshxxifwytalex-auth-token:0 (2.93.3) 2026-02-02T15:20:10.711Z #getSession() session from storage [1mnull[22m
GoTrueClient@sb-bgxknceshxxifwytalex-auth-token:0 (2.93.3) 2026-02-02T15:20:10.711Z #__loadSession() end

[90mstdout[2m | tests/property/scoped-roles-processing-efficiency.test.ts[2m > [22m[2mProperty 10: Scoped Roles Processing Efficiency[2m > [22m[2mProperty 10.7: Project role operations should not affect org/system role caches
[22m[39mGoTrueClient@sb-bgxknceshxxifwytalex-auth-token:0 (2.93.3) 2026-02-02T15:20:10.711Z #_useSession end

[90mstdout[2m | tests/property/scoped-roles-processing-efficiency.test.ts[2m > [22m[2mProperty 10: Scoped Roles Processing Efficiency[2m > [22m[2mProperty 10.7: Project role operations should not affect org/system role caches
[22m[39mGoTrueClient@sb-bgxknceshxxifwytalex-auth-token:0 (2.93.3) 2026-02-02T15:20:10.711Z #_acquireLock lock released for storage key sb-bgxknceshxxifwytalex-auth-token

[90mstdout[2m | tests/property/scoped-roles-processing-efficiency.test.ts[2m > [22m[2mProperty 10: Scoped Roles Processing Efficiency[2m > [22m[2mProperty 10.7: Project role operations should not affect org/system role caches
[22m[39mGoTrueClient@sb-bgxknceshxxifwytalex-auth-token:0 (2.93.3) 2026-02-02T15:20:10.711Z #_acquireLock end

[90mstdout[2m | tests/property/scoped-roles-processing-efficiency.test.ts[2m > [22m[2mProperty 10: Scoped Roles Processing Efficiency[2m > [22m[2mProperty 10.7: Project role operations should not affect org/system role caches
[22m[39mGoTrueClient@sb-bgxknceshxxifwytalex-auth-token:0 (2.93.3) 2026-02-02T15:20:10.736Z #_acquireLock begin [33m10000[39m
GoTrueClient@sb-bgxknceshxxifwytalex-auth-token:0 (2.93.3) 2026-02-02T15:20:10.736Z #_acquireLock lock acquired for storage key sb-bgxknceshxxifwytalex-auth-token
GoTrueClient@sb-bgxknceshxxifwytalex-auth-token:0 (2.93.3) 2026-02-02T15:20:10.736Z #_useSession begin
GoTrueClient@sb-bgxknceshxxifwytalex-auth-token:0 (2.93.3) 2026-02-02T15:20:10.736Z #__loadSession() begin

[90mstdout[2m | tests/property/scoped-roles-processing-efficiency.test.ts[2m > [22m[2mProperty 10: Scoped Roles Processing Efficiency[2m > [22m[2mProperty 10.7: Project role operations should not affect org/system role caches
[22m[39mGoTrueClient@sb-bgxknceshxxifwytalex-auth-token:0 (2.93.3) 2026-02-02T15:20:10.736Z #getSession() session from storage [1mnull[22m
GoTrueClient@sb-bgxknceshxxifwytalex-auth-token:0 (2.93.3) 2026-02-02T15:20:10.736Z #__loadSession() end

[90mstdout[2m | tests/property/scoped-roles-processing-efficiency.test.ts[2m > [22m[2mProperty 10: Scoped Roles Processing Efficiency[2m > [22m[2mProperty 10.7: Project role operations should not affect org/system role caches
[22m[39mGoTrueClient@sb-bgxknceshxxifwytalex-auth-token:0 (2.93.3) 2026-02-02T15:20:10.736Z #_useSession end

[90mstdout[2m | tests/property/scoped-roles-processing-efficiency.test.ts[2m > [22m[2mProperty 10: Scoped Roles Processing Efficiency[2m > [22m[2mProperty 10.7: Project role operations should not affect org/system role caches
[22m[39mGoTrueClient@sb-bgxknceshxxifwytalex-auth-token:0 (2.93.3) 2026-02-02T15:20:10.736Z #_acquireLock lock released for storage key sb-bgxknceshxxifwytalex-auth-token

[90mstdout[2m | tests/property/scoped-roles-processing-efficiency.test.ts[2m > [22m[2mProperty 10: Scoped Roles Processing Efficiency[2m > [22m[2mProperty 10.7: Project role operations should not affect org/system role caches
[22m[39mGoTrueClient@sb-bgxknceshxxifwytalex-auth-token:0 (2.93.3) 2026-02-02T15:20:10.736Z #_acquireLock end

stderr | tests/property/scoped-roles-processing-efficiency.test.ts > Property 10: Scoped Roles Processing Efficiency > Property 10.7: Project role operations should not affect org/system role caches
Error fetching org roles: {
  code: 'PGRST200',
  details: "Searched for a foreign key relationship between 'org_roles' and 'user_profiles' in the schema 'public', but no matches were found.",
  hint: null,
  message: "Could not find a relationship between 'org_roles' and 'user_profiles' in the schema cache"
}

[90mstdout[2m | tests/property/scoped-roles-processing-efficiency.test.ts[2m > [22m[2mProperty 10: Scoped Roles Processing Efficiency[2m > [22m[2mProperty 10.7: Project role operations should not affect org/system role caches
[22m[39mGoTrueClient@sb-bgxknceshxxifwytalex-auth-token:0 (2.93.3) 2026-02-02T15:20:10.766Z #_acquireLock begin [33m10000[39m
GoTrueClient@sb-bgxknceshxxifwytalex-auth-token:0 (2.93.3) 2026-02-02T15:20:10.766Z #_acquireLock lock acquired for storage key sb-bgxknceshxxifwytalex-auth-token
GoTrueClient@sb-bgxknceshxxifwytalex-auth-token:0 (2.93.3) 2026-02-02T15:20:10.766Z #_useSession begin
GoTrueClient@sb-bgxknceshxxifwytalex-auth-token:0 (2.93.3) 2026-02-02T15:20:10.766Z #__loadSession() begin

[90mstdout[2m | tests/property/scoped-roles-processing-efficiency.test.ts[2m > [22m[2mProperty 10: Scoped Roles Processing Efficiency[2m > [22m[2mProperty 10.7: Project role operations should not affect org/system role caches
[22m[39mGoTrueClient@sb-bgxknceshxxifwytalex-auth-token:0 (2.93.3) 2026-02-02T15:20:10.766Z #getSession() session from storage [1mnull[22m
GoTrueClient@sb-bgxknceshxxifwytalex-auth-token:0 (2.93.3) 2026-02-02T15:20:10.766Z #__loadSession() end

[90mstdout[2m | tests/property/scoped-roles-processing-efficiency.test.ts[2m > [22m[2mProperty 10: Scoped Roles Processing Efficiency[2m > [22m[2mProperty 10.7: Project role operations should not affect org/system role caches
[22m[39mGoTrueClient@sb-bgxknceshxxifwytalex-auth-token:0 (2.93.3) 2026-02-02T15:20:10.766Z #_useSession end

[90mstdout[2m | tests/property/scoped-roles-processing-efficiency.test.ts[2m > [22m[2mProperty 10: Scoped Roles Processing Efficiency[2m > [22m[2mProperty 10.7: Project role operations should not affect org/system role caches
[22m[39mGoTrueClient@sb-bgxknceshxxifwytalex-auth-token:0 (2.93.3) 2026-02-02T15:20:10.766Z #_acquireLock lock released for storage key sb-bgxknceshxxifwytalex-auth-token

[90mstdout[2m | tests/property/scoped-roles-processing-efficiency.test.ts[2m > [22m[2mProperty 10: Scoped Roles Processing Efficiency[2m > [22m[2mProperty 10.7: Project role operations should not affect org/system role caches
[22m[39mGoTrueClient@sb-bgxknceshxxifwytalex-auth-token:0 (2.93.3) 2026-02-02T15:20:10.766Z #_acquireLock end

[90mstdout[2m | tests/property/scoped-roles-processing-efficiency.test.ts[2m > [22m[2mProperty 10: Scoped Roles Processing Efficiency[2m > [22m[2mProperty 10.7: Project role operations should not affect org/system role caches
[22m[39mGoTrueClient@sb-bgxknceshxxifwytalex-auth-token:0 (2.93.3) 2026-02-02T15:20:10.833Z #_acquireLock begin [33m10000[39m
GoTrueClient@sb-bgxknceshxxifwytalex-auth-token:0 (2.93.3) 2026-02-02T15:20:10.834Z #_acquireLock lock acquired for storage key sb-bgxknceshxxifwytalex-auth-token
GoTrueClient@sb-bgxknceshxxifwytalex-auth-token:0 (2.93.3) 2026-02-02T15:20:10.834Z #_useSession begin
GoTrueClient@sb-bgxknceshxxifwytalex-auth-token:0 (2.93.3) 2026-02-02T15:20:10.834Z #__loadSession() begin

[90mstdout[2m | tests/property/scoped-roles-processing-efficiency.test.ts[2m > [22m[2mProperty 10: Scoped Roles Processing Efficiency[2m > [22m[2mProperty 10.7: Project role operations should not affect org/system role caches
[22m[39mGoTrueClient@sb-bgxknceshxxifwytalex-auth-token:0 (2.93.3) 2026-02-02T15:20:10.834Z #getSession() session from storage [1mnull[22m
GoTrueClient@sb-bgxknceshxxifwytalex-auth-token:0 (2.93.3) 2026-02-02T15:20:10.834Z #__loadSession() end

[90mstdout[2m | tests/property/scoped-roles-processing-efficiency.test.ts[2m > [22m[2mProperty 10: Scoped Roles Processing Efficiency[2m > [22m[2mProperty 10.7: Project role operations should not affect org/system role caches
[22m[39mGoTrueClient@sb-bgxknceshxxifwytalex-auth-token:0 (2.93.3) 2026-02-02T15:20:10.834Z #_useSession end

[90mstdout[2m | tests/property/scoped-roles-processing-efficiency.test.ts[2m > [22m[2mProperty 10: Scoped Roles Processing Efficiency[2m > [22m[2mProperty 10.7: Project role operations should not affect org/system role caches
[22m[39mGoTrueClient@sb-bgxknceshxxifwytalex-auth-token:0 (2.93.3) 2026-02-02T15:20:10.834Z #_acquireLock lock released for storage key sb-bgxknceshxxifwytalex-auth-token

[90mstdout[2m | tests/property/scoped-roles-processing-efficiency.test.ts[2m > [22m[2mProperty 10: Scoped Roles Processing Efficiency[2m > [22m[2mProperty 10.7: Project role operations should not affect org/system role caches
[22m[39mGoTrueClient@sb-bgxknceshxxifwytalex-auth-token:0 (2.93.3) 2026-02-02T15:20:10.834Z #_acquireLock end

stderr | tests/property/scoped-roles-processing-efficiency.test.ts > Property 10: Scoped Roles Processing Efficiency > Property 10.7: Project role operations should not affect org/system role caches
Error fetching org roles: {
  code: 'PGRST200',
  details: "Searched for a foreign key relationship between 'org_roles' and 'user_profiles' in the schema 'public', but no matches were found.",
  hint: null,
  message: "Could not find a relationship between 'org_roles' and 'user_profiles' in the schema cache"
}

[90mstdout[2m | tests/property/scoped-roles-processing-efficiency.test.ts[2m > [22m[2mProperty 10: Scoped Roles Processing Efficiency[2m > [22m[2mProperty 10.7: Project role operations should not affect org/system role caches
[22m[39mGoTrueClient@sb-bgxknceshxxifwytalex-auth-token:0 (2.93.3) 2026-02-02T15:20:10.858Z #_acquireLock begin [33m10000[39m
GoTrueClient@sb-bgxknceshxxifwytalex-auth-token:0 (2.93.3) 2026-02-02T15:20:10.858Z #_acquireLock lock acquired for storage key sb-bgxknceshxxifwytalex-auth-token
GoTrueClient@sb-bgxknceshxxifwytalex-auth-token:0 (2.93.3) 2026-02-02T15:20:10.858Z #_useSession begin
GoTrueClient@sb-bgxknceshxxifwytalex-auth-token:0 (2.93.3) 2026-02-02T15:20:10.858Z #__loadSession() begin

[90mstdout[2m | tests/property/scoped-roles-processing-efficiency.test.ts[2m > [22m[2mProperty 10: Scoped Roles Processing Efficiency[2m > [22m[2mProperty 10.7: Project role operations should not affect org/system role caches
[22m[39mGoTrueClient@sb-bgxknceshxxifwytalex-auth-token:0 (2.93.3) 2026-02-02T15:20:10.858Z #getSession() session from storage [1mnull[22m
GoTrueClient@sb-bgxknceshxxifwytalex-auth-token:0 (2.93.3) 2026-02-02T15:20:10.858Z #__loadSession() end

[90mstdout[2m | tests/property/scoped-roles-processing-efficiency.test.ts[2m > [22m[2mProperty 10: Scoped Roles Processing Efficiency[2m > [22m[2mProperty 10.7: Project role operations should not affect org/system role caches
[22m[39mGoTrueClient@sb-bgxknceshxxifwytalex-auth-token:0 (2.93.3) 2026-02-02T15:20:10.858Z #_useSession end

[90mstdout[2m | tests/property/scoped-roles-processing-efficiency.test.ts[2m > [22m[2mProperty 10: Scoped Roles Processing Efficiency[2m > [22m[2mProperty 10.7: Project role operations should not affect org/system role caches
[22m[39mGoTrueClient@sb-bgxknceshxxifwytalex-auth-token:0 (2.93.3) 2026-02-02T15:20:10.858Z #_acquireLock lock released for storage key sb-bgxknceshxxifwytalex-auth-token

[90mstdout[2m | tests/property/scoped-roles-processing-efficiency.test.ts[2m > [22m[2mProperty 10: Scoped Roles Processing Efficiency[2m > [22m[2mProperty 10.7: Project role operations should not affect org/system role caches
[22m[39mGoTrueClient@sb-bgxknceshxxifwytalex-auth-token:0 (2.93.3) 2026-02-02T15:20:10.858Z #_acquireLock end

stderr | tests/property/scoped-roles-processing-efficiency.test.ts > Property 10: Scoped Roles Processing Efficiency > Property 10.7: Project role operations should not affect org/system role caches
Error fetching project roles: {
  code: 'PGRST200',
  details: "Searched for a foreign key relationship between 'project_roles' and 'user_profiles' in the schema 'public', but no matches were found.",
  hint: null,
  message: "Could not find a relationship between 'project_roles' and 'user_profiles' in the schema cache"
}

[90mstdout[2m | tests/property/scoped-roles-processing-efficiency.test.ts[2m > [22m[2mProperty 10: Scoped Roles Processing Efficiency[2m > [22m[2mProperty 10.7: Project role operations should not affect org/system role caches
[22m[39mGoTrueClient@sb-bgxknceshxxifwytalex-auth-token:0 (2.93.3) 2026-02-02T15:20:10.876Z #_acquireLock begin [33m10000[39m
GoTrueClient@sb-bgxknceshxxifwytalex-auth-token:0 (2.93.3) 2026-02-02T15:20:10.876Z #_acquireLock lock acquired for storage key sb-bgxknceshxxifwytalex-auth-token
GoTrueClient@sb-bgxknceshxxifwytalex-auth-token:0 (2.93.3) 2026-02-02T15:20:10.876Z #_useSession begin
GoTrueClient@sb-bgxknceshxxifwytalex-auth-token:0 (2.93.3) 2026-02-02T15:20:10.876Z #__loadSession() begin

[90mstdout[2m | tests/property/scoped-roles-processing-efficiency.test.ts[2m > [22m[2mProperty 10: Scoped Roles Processing Efficiency[2m > [22m[2mProperty 10.7: Project role operations should not affect org/system role caches
[22m[39mGoTrueClient@sb-bgxknceshxxifwytalex-auth-token:0 (2.93.3) 2026-02-02T15:20:10.876Z #getSession() session from storage [1mnull[22m
GoTrueClient@sb-bgxknceshxxifwytalex-auth-token:0 (2.93.3) 2026-02-02T15:20:10.876Z #__loadSession() end

[90mstdout[2m | tests/property/scoped-roles-processing-efficiency.test.ts[2m > [22m[2mProperty 10: Scoped Roles Processing Efficiency[2m > [22m[2mProperty 10.7: Project role operations should not affect org/system role caches
[22m[39mGoTrueClient@sb-bgxknceshxxifwytalex-auth-token:0 (2.93.3) 2026-02-02T15:20:10.876Z #_useSession end

[90mstdout[2m | tests/property/scoped-roles-processing-efficiency.test.ts[2m > [22m[2mProperty 10: Scoped Roles Processing Efficiency[2m > [22m[2mProperty 10.7: Project role operations should not affect org/system role caches
[22m[39mGoTrueClient@sb-bgxknceshxxifwytalex-auth-token:0 (2.93.3) 2026-02-02T15:20:10.876Z #_acquireLock lock released for storage key sb-bgxknceshxxifwytalex-auth-token

[90mstdout[2m | tests/property/scoped-roles-processing-efficiency.test.ts[2m > [22m[2mProperty 10: Scoped Roles Processing Efficiency[2m > [22m[2mProperty 10.7: Project role operations should not affect org/system role caches
[22m[39mGoTrueClient@sb-bgxknceshxxifwytalex-auth-token:0 (2.93.3) 2026-02-02T15:20:10.876Z #_acquireLock end

stderr | tests/property/scoped-roles-processing-efficiency.test.ts > Property 10: Scoped Roles Processing Efficiency > Property 10.7: Project role operations should not affect org/system role caches
Error fetching org roles: {
  code: 'PGRST200',
  details: "Searched for a foreign key relationship between 'org_roles' and 'user_profiles' in the schema 'public', but no matches were found.",
  hint: null,
  message: "Could not find a relationship between 'org_roles' and 'user_profiles' in the schema cache"
}

[90mstdout[2m | tests/property/scoped-roles-processing-efficiency.test.ts[2m > [22m[2mProperty 10: Scoped Roles Processing Efficiency[2m > [22m[2mProperty 10.7: Project role operations should not affect org/system role caches
[22m[39mGoTrueClient@sb-bgxknceshxxifwytalex-auth-token:0 (2.93.3) 2026-02-02T15:20:10.881Z #_acquireLock begin [33m10000[39m
GoTrueClient@sb-bgxknceshxxifwytalex-auth-token:0 (2.93.3) 2026-02-02T15:20:10.881Z #_acquireLock lock acquired for storage key sb-bgxknceshxxifwytalex-auth-token
GoTrueClient@sb-bgxknceshxxifwytalex-auth-token:0 (2.93.3) 2026-02-02T15:20:10.881Z #_useSession begin
GoTrueClient@sb-bgxknceshxxifwytalex-auth-token:0 (2.93.3) 2026-02-02T15:20:10.881Z #__loadSession() begin

[90mstdout[2m | tests/property/scoped-roles-processing-efficiency.test.ts[2m > [22m[2mProperty 10: Scoped Roles Processing Efficiency[2m > [22m[2mProperty 10.7: Project role operations should not affect org/system role caches
[22m[39mGoTrueClient@sb-bgxknceshxxifwytalex-auth-token:0 (2.93.3) 2026-02-02T15:20:10.882Z #getSession() session from storage [1mnull[22m
GoTrueClient@sb-bgxknceshxxifwytalex-auth-token:0 (2.93.3) 2026-02-02T15:20:10.882Z #__loadSession() end

[90mstdout[2m | tests/property/scoped-roles-processing-efficiency.test.ts[2m > [22m[2mProperty 10: Scoped Roles Processing Efficiency[2m > [22m[2mProperty 10.7: Project role operations should not affect org/system role caches
[22m[39mGoTrueClient@sb-bgxknceshxxifwytalex-auth-token:0 (2.93.3) 2026-02-02T15:20:10.882Z #_useSession end

[90mstdout[2m | tests/property/scoped-roles-processing-efficiency.test.ts[2m > [22m[2mProperty 10: Scoped Roles Processing Efficiency[2m > [22m[2mProperty 10.7: Project role operations should not affect org/system role caches
[22m[39mGoTrueClient@sb-bgxknceshxxifwytalex-auth-token:0 (2.93.3) 2026-02-02T15:20:10.882Z #_acquireLock lock released for storage key sb-bgxknceshxxifwytalex-auth-token

[90mstdout[2m | tests/property/scoped-roles-processing-efficiency.test.ts[2m > [22m[2mProperty 10: Scoped Roles Processing Efficiency[2m > [22m[2mProperty 10.7: Project role operations should not affect org/system role caches
[22m[39mGoTrueClient@sb-bgxknceshxxifwytalex-auth-token:0 (2.93.3) 2026-02-02T15:20:10.882Z #_acquireLock end

stderr | tests/property/scoped-roles-processing-efficiency.test.ts > Property 10: Scoped Roles Processing Efficiency > Property 10.7: Project role operations should not affect org/system role caches
Error fetching project roles: {
  code: 'PGRST200',
  details: "Searched for a foreign key relationship between 'project_roles' and 'user_profiles' in the schema 'public', but no matches were found.",
  hint: null,
  message: "Could not find a relationship between 'project_roles' and 'user_profiles' in the schema cache"
}

[90mstdout[2m | tests/property/scoped-roles-processing-efficiency.test.ts[2m > [22m[2mProperty 10: Scoped Roles Processing Efficiency[2m > [22m[2mProperty 10.7: Project role operations should not affect org/system role caches
[22m[39mGoTrueClient@sb-bgxknceshxxifwytalex-auth-token:0 (2.93.3) 2026-02-02T15:20:10.925Z #_acquireLock begin [33m10000[39m
GoTrueClient@sb-bgxknceshxxifwytalex-auth-token:0 (2.93.3) 2026-02-02T15:20:10.925Z #_acquireLock lock acquired for storage key sb-bgxknceshxxifwytalex-auth-token
GoTrueClient@sb-bgxknceshxxifwytalex-auth-token:0 (2.93.3) 2026-02-02T15:20:10.925Z #_useSession begin
GoTrueClient@sb-bgxknceshxxifwytalex-auth-token:0 (2.93.3) 2026-02-02T15:20:10.925Z #__loadSession() begin

[90mstdout[2m | tests/property/scoped-roles-processing-efficiency.test.ts[2m > [22m[2mProperty 10: Scoped Roles Processing Efficiency[2m > [22m[2mProperty 10.7: Project role operations should not affect org/system role caches
[22m[39mGoTrueClient@sb-bgxknceshxxifwytalex-auth-token:0 (2.93.3) 2026-02-02T15:20:10.925Z #getSession() session from storage [1mnull[22m
GoTrueClient@sb-bgxknceshxxifwytalex-auth-token:0 (2.93.3) 2026-02-02T15:20:10.925Z #__loadSession() end

[90mstdout[2m | tests/property/scoped-roles-processing-efficiency.test.ts[2m > [22m[2mProperty 10: Scoped Roles Processing Efficiency[2m > [22m[2mProperty 10.7: Project role operations should not affect org/system role caches
[22m[39mGoTrueClient@sb-bgxknceshxxifwytalex-auth-token:0 (2.93.3) 2026-02-02T15:20:10.925Z #_useSession end

[90mstdout[2m | tests/property/scoped-roles-processing-efficiency.test.ts[2m > [22m[2mProperty 10: Scoped Roles Processing Efficiency[2m > [22m[2mProperty 10.7: Project role operations should not affect org/system role caches
[22m[39mGoTrueClient@sb-bgxknceshxxifwytalex-auth-token:0 (2.93.3) 2026-02-02T15:20:10.925Z #_acquireLock lock released for storage key sb-bgxknceshxxifwytalex-auth-token

[90mstdout[2m | tests/property/scoped-roles-processing-efficiency.test.ts[2m > [22m[2mProperty 10: Scoped Roles Processing Efficiency[2m > [22m[2mProperty 10.7: Project role operations should not affect org/system role caches
[22m[39mGoTrueClient@sb-bgxknceshxxifwytalex-auth-token:0 (2.93.3) 2026-02-02T15:20:10.925Z #_acquireLock end

[90mstdout[2m | tests/property/scoped-roles-processing-efficiency.test.ts[2m > [22m[2mProperty 10: Scoped Roles Processing Efficiency[2m > [22m[2mProperty 10.7: Project role operations should not affect org/system role caches
[22m[39mGoTrueClient@sb-bgxknceshxxifwytalex-auth-token:0 (2.93.3) 2026-02-02T15:20:10.934Z #_acquireLock begin [33m10000[39m
GoTrueClient@sb-bgxknceshxxifwytalex-auth-token:0 (2.93.3) 2026-02-02T15:20:10.934Z #_acquireLock lock acquired for storage key sb-bgxknceshxxifwytalex-auth-token
GoTrueClient@sb-bgxknceshxxifwytalex-auth-token:0 (2.93.3) 2026-02-02T15:20:10.934Z #_useSession begin
GoTrueClient@sb-bgxknceshxxifwytalex-auth-token:0 (2.93.3) 2026-02-02T15:20:10.934Z #__loadSession() begin

[90mstdout[2m | tests/property/scoped-roles-processing-efficiency.test.ts[2m > [22m[2mProperty 10: Scoped Roles Processing Efficiency[2m > [22m[2mProperty 10.7: Project role operations should not affect org/system role caches
[22m[39mGoTrueClient@sb-bgxknceshxxifwytalex-auth-token:0 (2.93.3) 2026-02-02T15:20:10.934Z #getSession() session from storage [1mnull[22m
GoTrueClient@sb-bgxknceshxxifwytalex-auth-token:0 (2.93.3) 2026-02-02T15:20:10.934Z #__loadSession() end

[90mstdout[2m | tests/property/scoped-roles-processing-efficiency.test.ts[2m > [22m[2mProperty 10: Scoped Roles Processing Efficiency[2m > [22m[2mProperty 10.7: Project role operations should not affect org/system role caches
[22m[39mGoTrueClient@sb-bgxknceshxxifwytalex-auth-token:0 (2.93.3) 2026-02-02T15:20:10.934Z #_useSession end

[90mstdout[2m | tests/property/scoped-roles-processing-efficiency.test.ts[2m > [22m[2mProperty 10: Scoped Roles Processing Efficiency[2m > [22m[2mProperty 10.7: Project role operations should not affect org/system role caches
[22m[39mGoTrueClient@sb-bgxknceshxxifwytalex-auth-token:0 (2.93.3) 2026-02-02T15:20:10.934Z #_acquireLock lock released for storage key sb-bgxknceshxxifwytalex-auth-token

[90mstdout[2m | tests/property/scoped-roles-processing-efficiency.test.ts[2m > [22m[2mProperty 10: Scoped Roles Processing Efficiency[2m > [22m[2mProperty 10.7: Project role operations should not affect org/system role caches
[22m[39mGoTrueClient@sb-bgxknceshxxifwytalex-auth-token:0 (2.93.3) 2026-02-02T15:20:10.934Z #_acquireLock end

stderr | tests/property/scoped-roles-processing-efficiency.test.ts > Property 10: Scoped Roles Processing Efficiency > Property 10.7: Project role operations should not affect org/system role caches
Error fetching org roles: {
  code: 'PGRST200',
  details: "Searched for a foreign key relationship between 'org_roles' and 'user_profiles' in the schema 'public', but no matches were found.",
  hint: null,
  message: "Could not find a relationship between 'org_roles' and 'user_profiles' in the schema cache"
}

[90mstdout[2m | tests/property/scoped-roles-processing-efficiency.test.ts[2m > [22m[2mProperty 10: Scoped Roles Processing Efficiency[2m > [22m[2mProperty 10.7: Project role operations should not affect org/system role caches
[22m[39mGoTrueClient@sb-bgxknceshxxifwytalex-auth-token:0 (2.93.3) 2026-02-02T15:20:10.980Z #_acquireLock begin [33m10000[39m
GoTrueClient@sb-bgxknceshxxifwytalex-auth-token:0 (2.93.3) 2026-02-02T15:20:10.980Z #_acquireLock lock acquired for storage key sb-bgxknceshxxifwytalex-auth-token
GoTrueClient@sb-bgxknceshxxifwytalex-auth-token:0 (2.93.3) 2026-02-02T15:20:10.980Z #_useSession begin
GoTrueClient@sb-bgxknceshxxifwytalex-auth-token:0 (2.93.3) 2026-02-02T15:20:10.980Z #__loadSession() begin

[90mstdout[2m | tests/property/scoped-roles-processing-efficiency.test.ts[2m > [22m[2mProperty 10: Scoped Roles Processing Efficiency[2m > [22m[2mProperty 10.7: Project role operations should not affect org/system role caches
[22m[39mGoTrueClient@sb-bgxknceshxxifwytalex-auth-token:0 (2.93.3) 2026-02-02T15:20:10.980Z #getSession() session from storage [1mnull[22m
GoTrueClient@sb-bgxknceshxxifwytalex-auth-token:0 (2.93.3) 2026-02-02T15:20:10.980Z #__loadSession() end

[90mstdout[2m | tests/property/scoped-roles-processing-efficiency.test.ts[2m > [22m[2mProperty 10: Scoped Roles Processing Efficiency[2m > [22m[2mProperty 10.7: Project role operations should not affect org/system role caches
[22m[39mGoTrueClient@sb-bgxknceshxxifwytalex-auth-token:0 (2.93.3) 2026-02-02T15:20:10.980Z #_useSession end

[90mstdout[2m | tests/property/scoped-roles-processing-efficiency.test.ts[2m > [22m[2mProperty 10: Scoped Roles Processing Efficiency[2m > [22m[2mProperty 10.7: Project role operations should not affect org/system role caches
[22m[39mGoTrueClient@sb-bgxknceshxxifwytalex-auth-token:0 (2.93.3) 2026-02-02T15:20:10.980Z #_acquireLock lock released for storage key sb-bgxknceshxxifwytalex-auth-token

[90mstdout[2m | tests/property/scoped-roles-processing-efficiency.test.ts[2m > [22m[2mProperty 10: Scoped Roles Processing Efficiency[2m > [22m[2mProperty 10.7: Project role operations should not affect org/system role caches
[22m[39mGoTrueClient@sb-bgxknceshxxifwytalex-auth-token:0 (2.93.3) 2026-02-02T15:20:10.980Z #_acquireLock end

stderr | tests/property/scoped-roles-processing-efficiency.test.ts > Property 10: Scoped Roles Processing Efficiency > Property 10.7: Project role operations should not affect org/system role caches
Error fetching org roles: {
  code: 'PGRST200',
  details: "Searched for a foreign key relationship between 'org_roles' and 'user_profiles' in the schema 'public', but no matches were found.",
  hint: null,
  message: "Could not find a relationship between 'org_roles' and 'user_profiles' in the schema cache"
}

[90mstdout[2m | tests/property/scoped-roles-processing-efficiency.test.ts[2m > [22m[2mProperty 10: Scoped Roles Processing Efficiency[2m > [22m[2mProperty 10.7: Project role operations should not affect org/system role caches
[22m[39mGoTrueClient@sb-bgxknceshxxifwytalex-auth-token:0 (2.93.3) 2026-02-02T15:20:11.049Z #_acquireLock begin [33m10000[39m
GoTrueClient@sb-bgxknceshxxifwytalex-auth-token:0 (2.93.3) 2026-02-02T15:20:11.049Z #_acquireLock lock acquired for storage key sb-bgxknceshxxifwytalex-auth-token
GoTrueClient@sb-bgxknceshxxifwytalex-auth-token:0 (2.93.3) 2026-02-02T15:20:11.049Z #_useSession begin
GoTrueClient@sb-bgxknceshxxifwytalex-auth-token:0 (2.93.3) 2026-02-02T15:20:11.049Z #__loadSession() begin

[90mstdout[2m | tests/property/scoped-roles-processing-efficiency.test.ts[2m > [22m[2mProperty 10: Scoped Roles Processing Efficiency[2m > [22m[2mProperty 10.7: Project role operations should not affect org/system role caches
[22m[39mGoTrueClient@sb-bgxknceshxxifwytalex-auth-token:0 (2.93.3) 2026-02-02T15:20:11.049Z #getSession() session from storage [1mnull[22m
GoTrueClient@sb-bgxknceshxxifwytalex-auth-token:0 (2.93.3) 2026-02-02T15:20:11.049Z #__loadSession() end

[90mstdout[2m | tests/property/scoped-roles-processing-efficiency.test.ts[2m > [22m[2mProperty 10: Scoped Roles Processing Efficiency[2m > [22m[2mProperty 10.7: Project role operations should not affect org/system role caches
[22m[39mGoTrueClient@sb-bgxknceshxxifwytalex-auth-token:0 (2.93.3) 2026-02-02T15:20:11.049Z #_useSession end

[90mstdout[2m | tests/property/scoped-roles-processing-efficiency.test.ts[2m > [22m[2mProperty 10: Scoped Roles Processing Efficiency[2m > [22m[2mProperty 10.7: Project role operations should not affect org/system role caches
[22m[39mGoTrueClient@sb-bgxknceshxxifwytalex-auth-token:0 (2.93.3) 2026-02-02T15:20:11.049Z #_acquireLock lock released for storage key sb-bgxknceshxxifwytalex-auth-token

[90mstdout[2m | tests/property/scoped-roles-processing-efficiency.test.ts[2m > [22m[2mProperty 10: Scoped Roles Processing Efficiency[2m > [22m[2mProperty 10.7: Project role operations should not affect org/system role caches
[22m[39mGoTrueClient@sb-bgxknceshxxifwytalex-auth-token:0 (2.93.3) 2026-02-02T15:20:11.050Z #_acquireLock end

stderr | tests/property/scoped-roles-processing-efficiency.test.ts > Property 10: Scoped Roles Processing Efficiency > Property 10.7: Project role operations should not affect org/system role caches
Error fetching org roles: {
  code: 'PGRST200',
  details: "Searched for a foreign key relationship between 'org_roles' and 'user_profiles' in the schema 'public', but no matches were found.",
  hint: null,
  message: "Could not find a relationship between 'org_roles' and 'user_profiles' in the schema cache"
}

[90mstdout[2m | tests/property/scoped-roles-processing-efficiency.test.ts[2m > [22m[2mProperty 10: Scoped Roles Processing Efficiency[2m > [22m[2mProperty 10.7: Project role operations should not affect org/system role caches
[22m[39mGoTrueClient@sb-bgxknceshxxifwytalex-auth-token:0 (2.93.3) 2026-02-02T15:20:11.076Z #_acquireLock begin [33m10000[39m
GoTrueClient@sb-bgxknceshxxifwytalex-auth-token:0 (2.93.3) 2026-02-02T15:20:11.076Z #_acquireLock lock acquired for storage key sb-bgxknceshxxifwytalex-auth-token
GoTrueClient@sb-bgxknceshxxifwytalex-auth-token:0 (2.93.3) 2026-02-02T15:20:11.076Z #_useSession begin
GoTrueClient@sb-bgxknceshxxifwytalex-auth-token:0 (2.93.3) 2026-02-02T15:20:11.076Z #__loadSession() begin

[90mstdout[2m | tests/property/scoped-roles-processing-efficiency.test.ts[2m > [22m[2mProperty 10: Scoped Roles Processing Efficiency[2m > [22m[2mProperty 10.7: Project role operations should not affect org/system role caches
[22m[39mGoTrueClient@sb-bgxknceshxxifwytalex-auth-token:0 (2.93.3) 2026-02-02T15:20:11.077Z #getSession() session from storage [1mnull[22m
GoTrueClient@sb-bgxknceshxxifwytalex-auth-token:0 (2.93.3) 2026-02-02T15:20:11.077Z #__loadSession() end

[90mstdout[2m | tests/property/scoped-roles-processing-efficiency.test.ts[2m > [22m[2mProperty 10: Scoped Roles Processing Efficiency[2m > [22m[2mProperty 10.7: Project role operations should not affect org/system role caches
[22m[39mGoTrueClient@sb-bgxknceshxxifwytalex-auth-token:0 (2.93.3) 2026-02-02T15:20:11.077Z #_useSession end

[90mstdout[2m | tests/property/scoped-roles-processing-efficiency.test.ts[2m > [22m[2mProperty 10: Scoped Roles Processing Efficiency[2m > [22m[2mProperty 10.7: Project role operations should not affect org/system role caches
[22m[39mGoTrueClient@sb-bgxknceshxxifwytalex-auth-token:0 (2.93.3) 2026-02-02T15:20:11.077Z #_acquireLock lock released for storage key sb-bgxknceshxxifwytalex-auth-token

[90mstdout[2m | tests/property/scoped-roles-processing-efficiency.test.ts[2m > [22m[2mProperty 10: Scoped Roles Processing Efficiency[2m > [22m[2mProperty 10.7: Project role operations should not affect org/system role caches
[22m[39mGoTrueClient@sb-bgxknceshxxifwytalex-auth-token:0 (2.93.3) 2026-02-02T15:20:11.077Z #_acquireLock end

stderr | tests/property/scoped-roles-processing-efficiency.test.ts > Property 10: Scoped Roles Processing Efficiency > Property 10.7: Project role operations should not affect org/system role caches
Error fetching project roles: {
  code: 'PGRST200',
  details: "Searched for a foreign key relationship between 'project_roles' and 'user_profiles' in the schema 'public', but no matches were found.",
  hint: null,
  message: "Could not find a relationship between 'project_roles' and 'user_profiles' in the schema cache"
}

[90mstdout[2m | tests/property/scoped-roles-processing-efficiency.test.ts[2m > [22m[2mProperty 10: Scoped Roles Processing Efficiency[2m > [22m[2mProperty 10.7: Project role operations should not affect org/system role caches
[22m[39mGoTrueClient@sb-bgxknceshxxifwytalex-auth-token:0 (2.93.3) 2026-02-02T15:20:11.085Z #_acquireLock begin [33m10000[39m
GoTrueClient@sb-bgxknceshxxifwytalex-auth-token:0 (2.93.3) 2026-02-02T15:20:11.085Z #_acquireLock lock acquired for storage key sb-bgxknceshxxifwytalex-auth-token
GoTrueClient@sb-bgxknceshxxifwytalex-auth-token:0 (2.93.3) 2026-02-02T15:20:11.085Z #_useSession begin
GoTrueClient@sb-bgxknceshxxifwytalex-auth-token:0 (2.93.3) 2026-02-02T15:20:11.085Z #__loadSession() begin

[90mstdout[2m | tests/property/scoped-roles-processing-efficiency.test.ts[2m > [22m[2mProperty 10: Scoped Roles Processing Efficiency[2m > [22m[2mProperty 10.7: Project role operations should not affect org/system role caches
[22m[39mGoTrueClient@sb-bgxknceshxxifwytalex-auth-token:0 (2.93.3) 2026-02-02T15:20:11.085Z #getSession() session from storage [1mnull[22m
GoTrueClient@sb-bgxknceshxxifwytalex-auth-token:0 (2.93.3) 2026-02-02T15:20:11.085Z #__loadSession() end

[90mstdout[2m | tests/property/scoped-roles-processing-efficiency.test.ts[2m > [22m[2mProperty 10: Scoped Roles Processing Efficiency[2m > [22m[2mProperty 10.7: Project role operations should not affect org/system role caches
[22m[39mGoTrueClient@sb-bgxknceshxxifwytalex-auth-token:0 (2.93.3) 2026-02-02T15:20:11.085Z #_useSession end

[90mstdout[2m | tests/property/scoped-roles-processing-efficiency.test.ts[2m > [22m[2mProperty 10: Scoped Roles Processing Efficiency[2m > [22m[2mProperty 10.7: Project role operations should not affect org/system role caches
[22m[39mGoTrueClient@sb-bgxknceshxxifwytalex-auth-token:0 (2.93.3) 2026-02-02T15:20:11.085Z #_acquireLock lock released for storage key sb-bgxknceshxxifwytalex-auth-token

[90mstdout[2m | tests/property/scoped-roles-processing-efficiency.test.ts[2m > [22m[2mProperty 10: Scoped Roles Processing Efficiency[2m > [22m[2mProperty 10.7: Project role operations should not affect org/system role caches
[22m[39mGoTrueClient@sb-bgxknceshxxifwytalex-auth-token:0 (2.93.3) 2026-02-02T15:20:11.085Z #_acquireLock end

[90mstdout[2m | tests/property/scoped-roles-processing-efficiency.test.ts[2m > [22m[2mProperty 10: Scoped Roles Processing Efficiency[2m > [22m[2mProperty 10.7: Project role operations should not affect org/system role caches
[22m[39mGoTrueClient@sb-bgxknceshxxifwytalex-auth-token:0 (2.93.3) 2026-02-02T15:20:11.089Z #_acquireLock begin [33m10000[39m
GoTrueClient@sb-bgxknceshxxifwytalex-auth-token:0 (2.93.3) 2026-02-02T15:20:11.089Z #_acquireLock lock acquired for storage key sb-bgxknceshxxifwytalex-auth-token
GoTrueClient@sb-bgxknceshxxifwytalex-auth-token:0 (2.93.3) 2026-02-02T15:20:11.089Z #_useSession begin
GoTrueClient@sb-bgxknceshxxifwytalex-auth-token:0 (2.93.3) 2026-02-02T15:20:11.089Z #__loadSession() begin

[90mstdout[2m | tests/property/scoped-roles-processing-efficiency.test.ts[2m > [22m[2mProperty 10: Scoped Roles Processing Efficiency[2m > [22m[2mProperty 10.7: Project role operations should not affect org/system role caches
[22m[39mGoTrueClient@sb-bgxknceshxxifwytalex-auth-token:0 (2.93.3) 2026-02-02T15:20:11.090Z #getSession() session from storage [1mnull[22m
GoTrueClient@sb-bgxknceshxxifwytalex-auth-token:0 (2.93.3) 2026-02-02T15:20:11.090Z #__loadSession() end

[90mstdout[2m | tests/property/scoped-roles-processing-efficiency.test.ts[2m > [22m[2mProperty 10: Scoped Roles Processing Efficiency[2m > [22m[2mProperty 10.7: Project role operations should not affect org/system role caches
[22m[39mGoTrueClient@sb-bgxknceshxxifwytalex-auth-token:0 (2.93.3) 2026-02-02T15:20:11.090Z #_useSession end

[90mstdout[2m | tests/property/scoped-roles-processing-efficiency.test.ts[2m > [22m[2mProperty 10: Scoped Roles Processing Efficiency[2m > [22m[2mProperty 10.7: Project role operations should not affect org/system role caches
[22m[39mGoTrueClient@sb-bgxknceshxxifwytalex-auth-token:0 (2.93.3) 2026-02-02T15:20:11.090Z #_acquireLock lock released for storage key sb-bgxknceshxxifwytalex-auth-token

[90mstdout[2m | tests/property/scoped-roles-processing-efficiency.test.ts[2m > [22m[2mProperty 10: Scoped Roles Processing Efficiency[2m > [22m[2mProperty 10.7: Project role operations should not affect org/system role caches
[22m[39mGoTrueClient@sb-bgxknceshxxifwytalex-auth-token:0 (2.93.3) 2026-02-02T15:20:11.090Z #_acquireLock end

stderr | tests/property/scoped-roles-processing-efficiency.test.ts > Property 10: Scoped Roles Processing Efficiency > Property 10.7: Project role operations should not affect org/system role caches
Error fetching project roles: {
  code: 'PGRST200',
  details: "Searched for a foreign key relationship between 'project_roles' and 'user_profiles' in the schema 'public', but no matches were found.",
  hint: null,
  message: "Could not find a relationship between 'project_roles' and 'user_profiles' in the schema cache"
}

[90mstdout[2m | tests/property/scoped-roles-processing-efficiency.test.ts[2m > [22m[2mProperty 10: Scoped Roles Processing Efficiency[2m > [22m[2mProperty 10.7: Project role operations should not affect org/system role caches
[22m[39mGoTrueClient@sb-bgxknceshxxifwytalex-auth-token:0 (2.93.3) 2026-02-02T15:20:11.121Z #_acquireLock begin [33m10000[39m
GoTrueClient@sb-bgxknceshxxifwytalex-auth-token:0 (2.93.3) 2026-02-02T15:20:11.121Z #_acquireLock lock acquired for storage key sb-bgxknceshxxifwytalex-auth-token
GoTrueClient@sb-bgxknceshxxifwytalex-auth-token:0 (2.93.3) 2026-02-02T15:20:11.121Z #_useSession begin
GoTrueClient@sb-bgxknceshxxifwytalex-auth-token:0 (2.93.3) 2026-02-02T15:20:11.121Z #__loadSession() begin

[90mstdout[2m | tests/property/scoped-roles-processing-efficiency.test.ts[2m > [22m[2mProperty 10: Scoped Roles Processing Efficiency[2m > [22m[2mProperty 10.7: Project role operations should not affect org/system role caches
[22m[39mGoTrueClient@sb-bgxknceshxxifwytalex-auth-token:0 (2.93.3) 2026-02-02T15:20:11.121Z #getSession() session from storage [1mnull[22m
GoTrueClient@sb-bgxknceshxxifwytalex-auth-token:0 (2.93.3) 2026-02-02T15:20:11.121Z #__loadSession() end

[90mstdout[2m | tests/property/scoped-roles-processing-efficiency.test.ts[2m > [22m[2mProperty 10: Scoped Roles Processing Efficiency[2m > [22m[2mProperty 10.7: Project role operations should not affect org/system role caches
[22m[39mGoTrueClient@sb-bgxknceshxxifwytalex-auth-token:0 (2.93.3) 2026-02-02T15:20:11.121Z #_useSession end

[90mstdout[2m | tests/property/scoped-roles-processing-efficiency.test.ts[2m > [22m[2mProperty 10: Scoped Roles Processing Efficiency[2m > [22m[2mProperty 10.7: Project role operations should not affect org/system role caches
[22m[39mGoTrueClient@sb-bgxknceshxxifwytalex-auth-token:0 (2.93.3) 2026-02-02T15:20:11.121Z #_acquireLock lock released for storage key sb-bgxknceshxxifwytalex-auth-token

[90mstdout[2m | tests/property/scoped-roles-processing-efficiency.test.ts[2m > [22m[2mProperty 10: Scoped Roles Processing Efficiency[2m > [22m[2mProperty 10.7: Project role operations should not affect org/system role caches
[22m[39mGoTrueClient@sb-bgxknceshxxifwytalex-auth-token:0 (2.93.3) 2026-02-02T15:20:11.121Z #_acquireLock end

[90mstdout[2m | tests/property/scoped-roles-processing-efficiency.test.ts[2m > [22m[2mProperty 10: Scoped Roles Processing Efficiency[2m > [22m[2mProperty 10.7: Project role operations should not affect org/system role caches
[22m[39mGoTrueClient@sb-bgxknceshxxifwytalex-auth-token:0 (2.93.3) 2026-02-02T15:20:11.146Z #_acquireLock begin [33m10000[39m
GoTrueClient@sb-bgxknceshxxifwytalex-auth-token:0 (2.93.3) 2026-02-02T15:20:11.146Z #_acquireLock lock acquired for storage key sb-bgxknceshxxifwytalex-auth-token
GoTrueClient@sb-bgxknceshxxifwytalex-auth-token:0 (2.93.3) 2026-02-02T15:20:11.146Z #_useSession begin
GoTrueClient@sb-bgxknceshxxifwytalex-auth-token:0 (2.93.3) 2026-02-02T15:20:11.146Z #__loadSession() begin

[90mstdout[2m | tests/property/scoped-roles-processing-efficiency.test.ts[2m > [22m[2mProperty 10: Scoped Roles Processing Efficiency[2m > [22m[2mProperty 10.7: Project role operations should not affect org/system role caches
[22m[39mGoTrueClient@sb-bgxknceshxxifwytalex-auth-token:0 (2.93.3) 2026-02-02T15:20:11.146Z #getSession() session from storage [1mnull[22m
GoTrueClient@sb-bgxknceshxxifwytalex-auth-token:0 (2.93.3) 2026-02-02T15:20:11.146Z #__loadSession() end

[90mstdout[2m | tests/property/scoped-roles-processing-efficiency.test.ts[2m > [22m[2mProperty 10: Scoped Roles Processing Efficiency[2m > [22m[2mProperty 10.7: Project role operations should not affect org/system role caches
[22m[39mGoTrueClient@sb-bgxknceshxxifwytalex-auth-token:0 (2.93.3) 2026-02-02T15:20:11.146Z #_useSession end

[90mstdout[2m | tests/property/scoped-roles-processing-efficiency.test.ts[2m > [22m[2mProperty 10: Scoped Roles Processing Efficiency[2m > [22m[2mProperty 10.7: Project role operations should not affect org/system role caches
[22m[39mGoTrueClient@sb-bgxknceshxxifwytalex-auth-token:0 (2.93.3) 2026-02-02T15:20:11.146Z #_acquireLock lock released for storage key sb-bgxknceshxxifwytalex-auth-token

[90mstdout[2m | tests/property/scoped-roles-processing-efficiency.test.ts[2m > [22m[2mProperty 10: Scoped Roles Processing Efficiency[2m > [22m[2mProperty 10.7: Project role operations should not affect org/system role caches
[22m[39mGoTrueClient@sb-bgxknceshxxifwytalex-auth-token:0 (2.93.3) 2026-02-02T15:20:11.146Z #_acquireLock end

stderr | tests/property/scoped-roles-processing-efficiency.test.ts > Property 10: Scoped Roles Processing Efficiency > Property 10.7: Project role operations should not affect org/system role caches
Error fetching org roles: {
  code: 'PGRST200',
  details: "Searched for a foreign key relationship between 'org_roles' and 'user_profiles' in the schema 'public', but no matches were found.",
  hint: null,
  message: "Could not find a relationship between 'org_roles' and 'user_profiles' in the schema cache"
}

[90mstdout[2m | tests/property/scoped-roles-processing-efficiency.test.ts[2m > [22m[2mProperty 10: Scoped Roles Processing Efficiency[2m > [22m[2mProperty 10.7: Project role operations should not affect org/system role caches
[22m[39mGoTrueClient@sb-bgxknceshxxifwytalex-auth-token:0 (2.93.3) 2026-02-02T15:20:11.196Z #_acquireLock begin [33m10000[39m
GoTrueClient@sb-bgxknceshxxifwytalex-auth-token:0 (2.93.3) 2026-02-02T15:20:11.196Z #_acquireLock lock acquired for storage key sb-bgxknceshxxifwytalex-auth-token
GoTrueClient@sb-bgxknceshxxifwytalex-auth-token:0 (2.93.3) 2026-02-02T15:20:11.196Z #_useSession begin
GoTrueClient@sb-bgxknceshxxifwytalex-auth-token:0 (2.93.3) 2026-02-02T15:20:11.196Z #__loadSession() begin

[90mstdout[2m | tests/property/scoped-roles-processing-efficiency.test.ts[2m > [22m[2mProperty 10: Scoped Roles Processing Efficiency[2m > [22m[2mProperty 10.7: Project role operations should not affect org/system role caches
[22m[39mGoTrueClient@sb-bgxknceshxxifwytalex-auth-token:0 (2.93.3) 2026-02-02T15:20:11.196Z #getSession() session from storage [1mnull[22m
GoTrueClient@sb-bgxknceshxxifwytalex-auth-token:0 (2.93.3) 2026-02-02T15:20:11.196Z #__loadSession() end

[90mstdout[2m | tests/property/scoped-roles-processing-efficiency.test.ts[2m > [22m[2mProperty 10: Scoped Roles Processing Efficiency[2m > [22m[2mProperty 10.7: Project role operations should not affect org/system role caches
[22m[39mGoTrueClient@sb-bgxknceshxxifwytalex-auth-token:0 (2.93.3) 2026-02-02T15:20:11.196Z #_useSession end

[90mstdout[2m | tests/property/scoped-roles-processing-efficiency.test.ts[2m > [22m[2mProperty 10: Scoped Roles Processing Efficiency[2m > [22m[2mProperty 10.7: Project role operations should not affect org/system role caches
[22m[39mGoTrueClient@sb-bgxknceshxxifwytalex-auth-token:0 (2.93.3) 2026-02-02T15:20:11.196Z #_acquireLock lock released for storage key sb-bgxknceshxxifwytalex-auth-token

[90mstdout[2m | tests/property/scoped-roles-processing-efficiency.test.ts[2m > [22m[2mProperty 10: Scoped Roles Processing Efficiency[2m > [22m[2mProperty 10.7: Project role operations should not affect org/system role caches
[22m[39mGoTrueClient@sb-bgxknceshxxifwytalex-auth-token:0 (2.93.3) 2026-02-02T15:20:11.196Z #_acquireLock end

stderr | tests/property/scoped-roles-processing-efficiency.test.ts > Property 10: Scoped Roles Processing Efficiency > Property 10.7: Project role operations should not affect org/system role caches
Error fetching org roles: {
  code: 'PGRST200',
  details: "Searched for a foreign key relationship between 'org_roles' and 'user_profiles' in the schema 'public', but no matches were found.",
  hint: null,
  message: "Could not find a relationship between 'org_roles' and 'user_profiles' in the schema cache"
}

[90mstdout[2m | tests/property/scoped-roles-processing-efficiency.test.ts[2m > [22m[2mProperty 10: Scoped Roles Processing Efficiency[2m > [22m[2mProperty 10.7: Project role operations should not affect org/system role caches
[22m[39mGoTrueClient@sb-bgxknceshxxifwytalex-auth-token:0 (2.93.3) 2026-02-02T15:20:11.280Z #_acquireLock begin [33m10000[39m
GoTrueClient@sb-bgxknceshxxifwytalex-auth-token:0 (2.93.3) 2026-02-02T15:20:11.280Z #_acquireLock lock acquired for storage key sb-bgxknceshxxifwytalex-auth-token
GoTrueClient@sb-bgxknceshxxifwytalex-auth-token:0 (2.93.3) 2026-02-02T15:20:11.280Z #_useSession begin
GoTrueClient@sb-bgxknceshxxifwytalex-auth-token:0 (2.93.3) 2026-02-02T15:20:11.280Z #__loadSession() begin

[90mstdout[2m | tests/property/scoped-roles-processing-efficiency.test.ts[2m > [22m[2mProperty 10: Scoped Roles Processing Efficiency[2m > [22m[2mProperty 10.7: Project role operations should not affect org/system role caches
[22m[39mGoTrueClient@sb-bgxknceshxxifwytalex-auth-token:0 (2.93.3) 2026-02-02T15:20:11.280Z #getSession() session from storage [1mnull[22m
GoTrueClient@sb-bgxknceshxxifwytalex-auth-token:0 (2.93.3) 2026-02-02T15:20:11.280Z #__loadSession() end

[90mstdout[2m | tests/property/scoped-roles-processing-efficiency.test.ts[2m > [22m[2mProperty 10: Scoped Roles Processing Efficiency[2m > [22m[2mProperty 10.7: Project role operations should not affect org/system role caches
[22m[39mGoTrueClient@sb-bgxknceshxxifwytalex-auth-token:0 (2.93.3) 2026-02-02T15:20:11.280Z #_useSession end

[90mstdout[2m | tests/property/scoped-roles-processing-efficiency.test.ts[2m > [22m[2mProperty 10: Scoped Roles Processing Efficiency[2m > [22m[2mProperty 10.7: Project role operations should not affect org/system role caches
[22m[39mGoTrueClient@sb-bgxknceshxxifwytalex-auth-token:0 (2.93.3) 2026-02-02T15:20:11.280Z #_acquireLock lock released for storage key sb-bgxknceshxxifwytalex-auth-token

[90mstdout[2m | tests/property/scoped-roles-processing-efficiency.test.ts[2m > [22m[2mProperty 10: Scoped Roles Processing Efficiency[2m > [22m[2mProperty 10.7: Project role operations should not affect org/system role caches
[22m[39mGoTrueClient@sb-bgxknceshxxifwytalex-auth-token:0 (2.93.3) 2026-02-02T15:20:11.280Z #_acquireLock end

stderr | tests/property/scoped-roles-processing-efficiency.test.ts > Property 10: Scoped Roles Processing Efficiency > Property 10.7: Project role operations should not affect org/system role caches
Error fetching org roles: {
  code: 'PGRST200',
  details: "Searched for a foreign key relationship between 'org_roles' and 'user_profiles' in the schema 'public', but no matches were found.",
  hint: null,
  message: "Could not find a relationship between 'org_roles' and 'user_profiles' in the schema cache"
}

[90mstdout[2m | tests/property/scoped-roles-processing-efficiency.test.ts[2m > [22m[2mProperty 10: Scoped Roles Processing Efficiency[2m > [22m[2mProperty 10.7: Project role operations should not affect org/system role caches
[22m[39mGoTrueClient@sb-bgxknceshxxifwytalex-auth-token:0 (2.93.3) 2026-02-02T15:20:11.291Z #_acquireLock begin [33m10000[39m
GoTrueClient@sb-bgxknceshxxifwytalex-auth-token:0 (2.93.3) 2026-02-02T15:20:11.291Z #_acquireLock lock acquired for storage key sb-bgxknceshxxifwytalex-auth-token
GoTrueClient@sb-bgxknceshxxifwytalex-auth-token:0 (2.93.3) 2026-02-02T15:20:11.291Z #_useSession begin
GoTrueClient@sb-bgxknceshxxifwytalex-auth-token:0 (2.93.3) 2026-02-02T15:20:11.291Z #__loadSession() begin

[90mstdout[2m | tests/property/scoped-roles-processing-efficiency.test.ts[2m > [22m[2mProperty 10: Scoped Roles Processing Efficiency[2m > [22m[2mProperty 10.7: Project role operations should not affect org/system role caches
[22m[39mGoTrueClient@sb-bgxknceshxxifwytalex-auth-token:0 (2.93.3) 2026-02-02T15:20:11.292Z #getSession() session from storage [1mnull[22m
GoTrueClient@sb-bgxknceshxxifwytalex-auth-token:0 (2.93.3) 2026-02-02T15:20:11.292Z #__loadSession() end

[90mstdout[2m | tests/property/scoped-roles-processing-efficiency.test.ts[2m > [22m[2mProperty 10: Scoped Roles Processing Efficiency[2m > [22m[2mProperty 10.7: Project role operations should not affect org/system role caches
[22m[39mGoTrueClient@sb-bgxknceshxxifwytalex-auth-token:0 (2.93.3) 2026-02-02T15:20:11.292Z #_useSession end

[90mstdout[2m | tests/property/scoped-roles-processing-efficiency.test.ts[2m > [22m[2mProperty 10: Scoped Roles Processing Efficiency[2m > [22m[2mProperty 10.7: Project role operations should not affect org/system role caches
[22m[39mGoTrueClient@sb-bgxknceshxxifwytalex-auth-token:0 (2.93.3) 2026-02-02T15:20:11.292Z #_acquireLock lock released for storage key sb-bgxknceshxxifwytalex-auth-token

[90mstdout[2m | tests/property/scoped-roles-processing-efficiency.test.ts[2m > [22m[2mProperty 10: Scoped Roles Processing Efficiency[2m > [22m[2mProperty 10.7: Project role operations should not affect org/system role caches
[22m[39mGoTrueClient@sb-bgxknceshxxifwytalex-auth-token:0 (2.93.3) 2026-02-02T15:20:11.292Z #_acquireLock end

stderr | tests/property/scoped-roles-processing-efficiency.test.ts > Property 10: Scoped Roles Processing Efficiency > Property 10.7: Project role operations should not affect org/system role caches
Error fetching org roles: {
  code: 'PGRST200',
  details: "Searched for a foreign key relationship between 'org_roles' and 'user_profiles' in the schema 'public', but no matches were found.",
  hint: null,
  message: "Could not find a relationship between 'org_roles' and 'user_profiles' in the schema cache"
}

[90mstdout[2m | tests/property/scoped-roles-processing-efficiency.test.ts[2m > [22m[2mProperty 10: Scoped Roles Processing Efficiency[2m > [22m[2mProperty 10.7: Project role operations should not affect org/system role caches
[22m[39mGoTrueClient@sb-bgxknceshxxifwytalex-auth-token:0 (2.93.3) 2026-02-02T15:20:11.311Z #_acquireLock begin [33m10000[39m
GoTrueClient@sb-bgxknceshxxifwytalex-auth-token:0 (2.93.3) 2026-02-02T15:20:11.311Z #_acquireLock lock acquired for storage key sb-bgxknceshxxifwytalex-auth-token
GoTrueClient@sb-bgxknceshxxifwytalex-auth-token:0 (2.93.3) 2026-02-02T15:20:11.311Z #_useSession begin
GoTrueClient@sb-bgxknceshxxifwytalex-auth-token:0 (2.93.3) 2026-02-02T15:20:11.311Z #__loadSession() begin

[90mstdout[2m | tests/property/scoped-roles-processing-efficiency.test.ts[2m > [22m[2mProperty 10: Scoped Roles Processing Efficiency[2m > [22m[2mProperty 10.7: Project role operations should not affect org/system role caches
[22m[39mGoTrueClient@sb-bgxknceshxxifwytalex-auth-token:0 (2.93.3) 2026-02-02T15:20:11.311Z #getSession() session from storage [1mnull[22m
GoTrueClient@sb-bgxknceshxxifwytalex-auth-token:0 (2.93.3) 2026-02-02T15:20:11.311Z #__loadSession() end

[90mstdout[2m | tests/property/scoped-roles-processing-efficiency.test.ts[2m > [22m[2mProperty 10: Scoped Roles Processing Efficiency[2m > [22m[2mProperty 10.7: Project role operations should not affect org/system role caches
[22m[39mGoTrueClient@sb-bgxknceshxxifwytalex-auth-token:0 (2.93.3) 2026-02-02T15:20:11.311Z #_useSession end

[90mstdout[2m | tests/property/scoped-roles-processing-efficiency.test.ts[2m > [22m[2mProperty 10: Scoped Roles Processing Efficiency[2m > [22m[2mProperty 10.7: Project role operations should not affect org/system role caches
[22m[39mGoTrueClient@sb-bgxknceshxxifwytalex-auth-token:0 (2.93.3) 2026-02-02T15:20:11.311Z #_acquireLock lock released for storage key sb-bgxknceshxxifwytalex-auth-token

[90mstdout[2m | tests/property/scoped-roles-processing-efficiency.test.ts[2m > [22m[2mProperty 10: Scoped Roles Processing Efficiency[2m > [22m[2mProperty 10.7: Project role operations should not affect org/system role caches
[22m[39mGoTrueClient@sb-bgxknceshxxifwytalex-auth-token:0 (2.93.3) 2026-02-02T15:20:11.311Z #_acquireLock end

stderr | tests/property/scoped-roles-processing-efficiency.test.ts > Property 10: Scoped Roles Processing Efficiency > Property 10.7: Project role operations should not affect org/system role caches
Error fetching project roles: {
  code: 'PGRST200',
  details: "Searched for a foreign key relationship between 'project_roles' and 'user_profiles' in the schema 'public', but no matches were found.",
  hint: null,
  message: "Could not find a relationship between 'project_roles' and 'user_profiles' in the schema cache"
}

[90mstdout[2m | tests/property/scoped-roles-processing-efficiency.test.ts[2m > [22m[2mProperty 10: Scoped Roles Processing Efficiency[2m > [22m[2mProperty 10.7: Project role operations should not affect org/system role caches
[22m[39mGoTrueClient@sb-bgxknceshxxifwytalex-auth-token:0 (2.93.3) 2026-02-02T15:20:11.316Z #_acquireLock begin [33m10000[39m
GoTrueClient@sb-bgxknceshxxifwytalex-auth-token:0 (2.93.3) 2026-02-02T15:20:11.316Z #_acquireLock lock acquired for storage key sb-bgxknceshxxifwytalex-auth-token
GoTrueClient@sb-bgxknceshxxifwytalex-auth-token:0 (2.93.3) 2026-02-02T15:20:11.316Z #_useSession begin
GoTrueClient@sb-bgxknceshxxifwytalex-auth-token:0 (2.93.3) 2026-02-02T15:20:11.316Z #__loadSession() begin

[90mstdout[2m | tests/property/scoped-roles-processing-efficiency.test.ts[2m > [22m[2mProperty 10: Scoped Roles Processing Efficiency[2m > [22m[2mProperty 10.7: Project role operations should not affect org/system role caches
[22m[39mGoTrueClient@sb-bgxknceshxxifwytalex-auth-token:0 (2.93.3) 2026-02-02T15:20:11.316Z #getSession() session from storage [1mnull[22m
GoTrueClient@sb-bgxknceshxxifwytalex-auth-token:0 (2.93.3) 2026-02-02T15:20:11.316Z #__loadSession() end

[90mstdout[2m | tests/property/scoped-roles-processing-efficiency.test.ts[2m > [22m[2mProperty 10: Scoped Roles Processing Efficiency[2m > [22m[2mProperty 10.7: Project role operations should not affect org/system role caches
[22m[39mGoTrueClient@sb-bgxknceshxxifwytalex-auth-token:0 (2.93.3) 2026-02-02T15:20:11.316Z #_useSession end

[90mstdout[2m | tests/property/scoped-roles-processing-efficiency.test.ts[2m > [22m[2mProperty 10: Scoped Roles Processing Efficiency[2m > [22m[2mProperty 10.7: Project role operations should not affect org/system role caches
[22m[39mGoTrueClient@sb-bgxknceshxxifwytalex-auth-token:0 (2.93.3) 2026-02-02T15:20:11.317Z #_acquireLock lock released for storage key sb-bgxknceshxxifwytalex-auth-token

[90mstdout[2m | tests/property/scoped-roles-processing-efficiency.test.ts[2m > [22m[2mProperty 10: Scoped Roles Processing Efficiency[2m > [22m[2mProperty 10.7: Project role operations should not affect org/system role caches
[22m[39mGoTrueClient@sb-bgxknceshxxifwytalex-auth-token:0 (2.93.3) 2026-02-02T15:20:11.317Z #_acquireLock end

stderr | tests/property/scoped-roles-processing-efficiency.test.ts > Property 10: Scoped Roles Processing Efficiency > Property 10.7: Project role operations should not affect org/system role caches
Error fetching org roles: {
  code: 'PGRST200',
  details: "Searched for a foreign key relationship between 'org_roles' and 'user_profiles' in the schema 'public', but no matches were found.",
  hint: null,
  message: "Could not find a relationship between 'org_roles' and 'user_profiles' in the schema cache"
}

[90mstdout[2m | tests/property/scoped-roles-processing-efficiency.test.ts[2m > [22m[2mProperty 10: Scoped Roles Processing Efficiency[2m > [22m[2mProperty 10.7: Project role operations should not affect org/system role caches
[22m[39mGoTrueClient@sb-bgxknceshxxifwytalex-auth-token:0 (2.93.3) 2026-02-02T15:20:11.411Z #_acquireLock begin [33m10000[39m
GoTrueClient@sb-bgxknceshxxifwytalex-auth-token:0 (2.93.3) 2026-02-02T15:20:11.411Z #_acquireLock lock acquired for storage key sb-bgxknceshxxifwytalex-auth-token
GoTrueClient@sb-bgxknceshxxifwytalex-auth-token:0 (2.93.3) 2026-02-02T15:20:11.412Z #_useSession begin
GoTrueClient@sb-bgxknceshxxifwytalex-auth-token:0 (2.93.3) 2026-02-02T15:20:11.412Z #__loadSession() begin

[90mstdout[2m | tests/property/scoped-roles-processing-efficiency.test.ts[2m > [22m[2mProperty 10: Scoped Roles Processing Efficiency[2m > [22m[2mProperty 10.7: Project role operations should not affect org/system role caches
[22m[39mGoTrueClient@sb-bgxknceshxxifwytalex-auth-token:0 (2.93.3) 2026-02-02T15:20:11.412Z #getSession() session from storage [1mnull[22m
GoTrueClient@sb-bgxknceshxxifwytalex-auth-token:0 (2.93.3) 2026-02-02T15:20:11.412Z #__loadSession() end

[90mstdout[2m | tests/property/scoped-roles-processing-efficiency.test.ts[2m > [22m[2mProperty 10: Scoped Roles Processing Efficiency[2m > [22m[2mProperty 10.7: Project role operations should not affect org/system role caches
[22m[39mGoTrueClient@sb-bgxknceshxxifwytalex-auth-token:0 (2.93.3) 2026-02-02T15:20:11.412Z #_useSession end

[90mstdout[2m | tests/property/scoped-roles-processing-efficiency.test.ts[2m > [22m[2mProperty 10: Scoped Roles Processing Efficiency[2m > [22m[2mProperty 10.7: Project role operations should not affect org/system role caches
[22m[39mGoTrueClient@sb-bgxknceshxxifwytalex-auth-token:0 (2.93.3) 2026-02-02T15:20:11.412Z #_acquireLock lock released for storage key sb-bgxknceshxxifwytalex-auth-token

[90mstdout[2m | tests/property/scoped-roles-processing-efficiency.test.ts[2m > [22m[2mProperty 10: Scoped Roles Processing Efficiency[2m > [22m[2mProperty 10.7: Project role operations should not affect org/system role caches
[22m[39mGoTrueClient@sb-bgxknceshxxifwytalex-auth-token:0 (2.93.3) 2026-02-02T15:20:11.412Z #_acquireLock end

stderr | tests/property/scoped-roles-processing-efficiency.test.ts > Property 10: Scoped Roles Processing Efficiency > Property 10.7: Project role operations should not affect org/system role caches
Error fetching project roles: {
  code: 'PGRST200',
  details: "Searched for a foreign key relationship between 'project_roles' and 'user_profiles' in the schema 'public', but no matches were found.",
  hint: null,
  message: "Could not find a relationship between 'project_roles' and 'user_profiles' in the schema cache"
}

[90mstdout[2m | tests/property/scoped-roles-processing-efficiency.test.ts[2m > [22m[2mProperty 10: Scoped Roles Processing Efficiency[2m > [22m[2mProperty 10.7: Project role operations should not affect org/system role caches
[22m[39mGoTrueClient@sb-bgxknceshxxifwytalex-auth-token:0 (2.93.3) 2026-02-02T15:20:11.414Z #_acquireLock begin [33m10000[39m
GoTrueClient@sb-bgxknceshxxifwytalex-auth-token:0 (2.93.3) 2026-02-02T15:20:11.414Z #_acquireLock lock acquired for storage key sb-bgxknceshxxifwytalex-auth-token
GoTrueClient@sb-bgxknceshxxifwytalex-auth-token:0 (2.93.3) 2026-02-02T15:20:11.414Z #_useSession begin
GoTrueClient@sb-bgxknceshxxifwytalex-auth-token:0 (2.93.3) 2026-02-02T15:20:11.414Z #__loadSession() begin

[90mstdout[2m | tests/property/scoped-roles-processing-efficiency.test.ts[2m > [22m[2mProperty 10: Scoped Roles Processing Efficiency[2m > [22m[2mProperty 10.7: Project role operations should not affect org/system role caches
[22m[39mGoTrueClient@sb-bgxknceshxxifwytalex-auth-token:0 (2.93.3) 2026-02-02T15:20:11.414Z #getSession() session from storage [1mnull[22m
GoTrueClient@sb-bgxknceshxxifwytalex-auth-token:0 (2.93.3) 2026-02-02T15:20:11.414Z #__loadSession() end

[90mstdout[2m | tests/property/scoped-roles-processing-efficiency.test.ts[2m > [22m[2mProperty 10: Scoped Roles Processing Efficiency[2m > [22m[2mProperty 10.7: Project role operations should not affect org/system role caches
[22m[39mGoTrueClient@sb-bgxknceshxxifwytalex-auth-token:0 (2.93.3) 2026-02-02T15:20:11.414Z #_useSession end

[90mstdout[2m | tests/property/scoped-roles-processing-efficiency.test.ts[2m > [22m[2mProperty 10: Scoped Roles Processing Efficiency[2m > [22m[2mProperty 10.7: Project role operations should not affect org/system role caches
[22m[39mGoTrueClient@sb-bgxknceshxxifwytalex-auth-token:0 (2.93.3) 2026-02-02T15:20:11.414Z #_acquireLock lock released for storage key sb-bgxknceshxxifwytalex-auth-token

[90mstdout[2m | tests/property/scoped-roles-processing-efficiency.test.ts[2m > [22m[2mProperty 10: Scoped Roles Processing Efficiency[2m > [22m[2mProperty 10.7: Project role operations should not affect org/system role caches
[22m[39mGoTrueClient@sb-bgxknceshxxifwytalex-auth-token:0 (2.93.3) 2026-02-02T15:20:11.414Z #_acquireLock end

stderr | tests/property/scoped-roles-processing-efficiency.test.ts > Property 10: Scoped Roles Processing Efficiency > Property 10.7: Project role operations should not affect org/system role caches
Error fetching project roles: {
  code: 'PGRST200',
  details: "Searched for a foreign key relationship between 'project_roles' and 'user_profiles' in the schema 'public', but no matches were found.",
  hint: null,
  message: "Could not find a relationship between 'project_roles' and 'user_profiles' in the schema cache"
}

[90mstdout[2m | tests/property/scoped-roles-processing-efficiency.test.ts[2m > [22m[2mProperty 10: Scoped Roles Processing Efficiency[2m > [22m[2mProperty 10.7: Project role operations should not affect org/system role caches
[22m[39mGoTrueClient@sb-bgxknceshxxifwytalex-auth-token:0 (2.93.3) 2026-02-02T15:20:11.486Z #_acquireLock begin [33m10000[39m
GoTrueClient@sb-bgxknceshxxifwytalex-auth-token:0 (2.93.3) 2026-02-02T15:20:11.486Z #_acquireLock lock acquired for storage key sb-bgxknceshxxifwytalex-auth-token
GoTrueClient@sb-bgxknceshxxifwytalex-auth-token:0 (2.93.3) 2026-02-02T15:20:11.486Z #_useSession begin
GoTrueClient@sb-bgxknceshxxifwytalex-auth-token:0 (2.93.3) 2026-02-02T15:20:11.486Z #__loadSession() begin

[90mstdout[2m | tests/property/scoped-roles-processing-efficiency.test.ts[2m > [22m[2mProperty 10: Scoped Roles Processing Efficiency[2m > [22m[2mProperty 10.7: Project role operations should not affect org/system role caches
[22m[39mGoTrueClient@sb-bgxknceshxxifwytalex-auth-token:0 (2.93.3) 2026-02-02T15:20:11.486Z #getSession() session from storage [1mnull[22m
GoTrueClient@sb-bgxknceshxxifwytalex-auth-token:0 (2.93.3) 2026-02-02T15:20:11.486Z #__loadSession() end

[90mstdout[2m | tests/property/scoped-roles-processing-efficiency.test.ts[2m > [22m[2mProperty 10: Scoped Roles Processing Efficiency[2m > [22m[2mProperty 10.7: Project role operations should not affect org/system role caches
[22m[39mGoTrueClient@sb-bgxknceshxxifwytalex-auth-token:0 (2.93.3) 2026-02-02T15:20:11.486Z #_useSession end

[90mstdout[2m | tests/property/scoped-roles-processing-efficiency.test.ts[2m > [22m[2mProperty 10: Scoped Roles Processing Efficiency[2m > [22m[2mProperty 10.7: Project role operations should not affect org/system role caches
[22m[39mGoTrueClient@sb-bgxknceshxxifwytalex-auth-token:0 (2.93.3) 2026-02-02T15:20:11.486Z #_acquireLock lock released for storage key sb-bgxknceshxxifwytalex-auth-token

[90mstdout[2m | tests/property/scoped-roles-processing-efficiency.test.ts[2m > [22m[2mProperty 10: Scoped Roles Processing Efficiency[2m > [22m[2mProperty 10.7: Project role operations should not affect org/system role caches
[22m[39mGoTrueClient@sb-bgxknceshxxifwytalex-auth-token:0 (2.93.3) 2026-02-02T15:20:11.486Z #_acquireLock end

[90mstdout[2m | tests/property/scoped-roles-processing-efficiency.test.ts[2m > [22m[2mProperty 10: Scoped Roles Processing Efficiency[2m > [22m[2mProperty 10.7: Project role operations should not affect org/system role caches
[22m[39mGoTrueClient@sb-bgxknceshxxifwytalex-auth-token:0 (2.93.3) 2026-02-02T15:20:11.492Z #_acquireLock begin [33m10000[39m
GoTrueClient@sb-bgxknceshxxifwytalex-auth-token:0 (2.93.3) 2026-02-02T15:20:11.492Z #_acquireLock lock acquired for storage key sb-bgxknceshxxifwytalex-auth-token
GoTrueClient@sb-bgxknceshxxifwytalex-auth-token:0 (2.93.3) 2026-02-02T15:20:11.492Z #_useSession begin
GoTrueClient@sb-bgxknceshxxifwytalex-auth-token:0 (2.93.3) 2026-02-02T15:20:11.492Z #__loadSession() begin

[90mstdout[2m | tests/property/scoped-roles-processing-efficiency.test.ts[2m > [22m[2mProperty 10: Scoped Roles Processing Efficiency[2m > [22m[2mProperty 10.7: Project role operations should not affect org/system role caches
[22m[39mGoTrueClient@sb-bgxknceshxxifwytalex-auth-token:0 (2.93.3) 2026-02-02T15:20:11.492Z #getSession() session from storage [1mnull[22m
GoTrueClient@sb-bgxknceshxxifwytalex-auth-token:0 (2.93.3) 2026-02-02T15:20:11.492Z #__loadSession() end

[90mstdout[2m | tests/property/scoped-roles-processing-efficiency.test.ts[2m > [22m[2mProperty 10: Scoped Roles Processing Efficiency[2m > [22m[2mProperty 10.7: Project role operations should not affect org/system role caches
[22m[39mGoTrueClient@sb-bgxknceshxxifwytalex-auth-token:0 (2.93.3) 2026-02-02T15:20:11.492Z #_useSession end

[90mstdout[2m | tests/property/scoped-roles-processing-efficiency.test.ts[2m > [22m[2mProperty 10: Scoped Roles Processing Efficiency[2m > [22m[2mProperty 10.7: Project role operations should not affect org/system role caches
[22m[39mGoTrueClient@sb-bgxknceshxxifwytalex-auth-token:0 (2.93.3) 2026-02-02T15:20:11.492Z #_acquireLock lock released for storage key sb-bgxknceshxxifwytalex-auth-token

[90mstdout[2m | tests/property/scoped-roles-processing-efficiency.test.ts[2m > [22m[2mProperty 10: Scoped Roles Processing Efficiency[2m > [22m[2mProperty 10.7: Project role operations should not affect org/system role caches
[22m[39mGoTrueClient@sb-bgxknceshxxifwytalex-auth-token:0 (2.93.3) 2026-02-02T15:20:11.492Z #_acquireLock end

stderr | tests/property/scoped-roles-processing-efficiency.test.ts > Property 10: Scoped Roles Processing Efficiency > Property 10.7: Project role operations should not affect org/system role caches
Error fetching project roles: {
  code: 'PGRST200',
  details: "Searched for a foreign key relationship between 'project_roles' and 'user_profiles' in the schema 'public', but no matches were found.",
  hint: null,
  message: "Could not find a relationship between 'project_roles' and 'user_profiles' in the schema cache"
}

[90mstdout[2m | tests/property/scoped-roles-processing-efficiency.test.ts[2m > [22m[2mProperty 10: Scoped Roles Processing Efficiency[2m > [22m[2mProperty 10.7: Project role operations should not affect org/system role caches
[22m[39mGoTrueClient@sb-bgxknceshxxifwytalex-auth-token:0 (2.93.3) 2026-02-02T15:20:11.511Z #_acquireLock begin [33m10000[39m
GoTrueClient@sb-bgxknceshxxifwytalex-auth-token:0 (2.93.3) 2026-02-02T15:20:11.511Z #_acquireLock lock acquired for storage key sb-bgxknceshxxifwytalex-auth-token
GoTrueClient@sb-bgxknceshxxifwytalex-auth-token:0 (2.93.3) 2026-02-02T15:20:11.511Z #_useSession begin
GoTrueClient@sb-bgxknceshxxifwytalex-auth-token:0 (2.93.3) 2026-02-02T15:20:11.511Z #__loadSession() begin

[90mstdout[2m | tests/property/scoped-roles-processing-efficiency.test.ts[2m > [22m[2mProperty 10: Scoped Roles Processing Efficiency[2m > [22m[2mProperty 10.7: Project role operations should not affect org/system role caches
[22m[39mGoTrueClient@sb-bgxknceshxxifwytalex-auth-token:0 (2.93.3) 2026-02-02T15:20:11.512Z #getSession() session from storage [1mnull[22m
GoTrueClient@sb-bgxknceshxxifwytalex-auth-token:0 (2.93.3) 2026-02-02T15:20:11.512Z #__loadSession() end

[90mstdout[2m | tests/property/scoped-roles-processing-efficiency.test.ts[2m > [22m[2mProperty 10: Scoped Roles Processing Efficiency[2m > [22m[2mProperty 10.7: Project role operations should not affect org/system role caches
[22m[39mGoTrueClient@sb-bgxknceshxxifwytalex-auth-token:0 (2.93.3) 2026-02-02T15:20:11.512Z #_useSession end

[90mstdout[2m | tests/property/scoped-roles-processing-efficiency.test.ts[2m > [22m[2mProperty 10: Scoped Roles Processing Efficiency[2m > [22m[2mProperty 10.7: Project role operations should not affect org/system role caches
[22m[39mGoTrueClient@sb-bgxknceshxxifwytalex-auth-token:0 (2.93.3) 2026-02-02T15:20:11.512Z #_acquireLock lock released for storage key sb-bgxknceshxxifwytalex-auth-token

[90mstdout[2m | tests/property/scoped-roles-processing-efficiency.test.ts[2m > [22m[2mProperty 10: Scoped Roles Processing Efficiency[2m > [22m[2mProperty 10.7: Project role operations should not affect org/system role caches
[22m[39mGoTrueClient@sb-bgxknceshxxifwytalex-auth-token:0 (2.93.3) 2026-02-02T15:20:11.512Z #_acquireLock end

stderr | tests/property/scoped-roles-processing-efficiency.test.ts > Property 10: Scoped Roles Processing Efficiency > Property 10.7: Project role operations should not affect org/system role caches
Error fetching project roles: {
  code: 'PGRST200',
  details: "Searched for a foreign key relationship between 'project_roles' and 'user_profiles' in the schema 'public', but no matches were found.",
  hint: null,
  message: "Could not find a relationship between 'project_roles' and 'user_profiles' in the schema cache"
}

[90mstdout[2m | tests/property/scoped-roles-processing-efficiency.test.ts[2m > [22m[2mProperty 10: Scoped Roles Processing Efficiency[2m > [22m[2mProperty 10.7: Project role operations should not affect org/system role caches
[22m[39mGoTrueClient@sb-bgxknceshxxifwytalex-auth-token:0 (2.93.3) 2026-02-02T15:20:11.520Z #_acquireLock begin [33m10000[39m
GoTrueClient@sb-bgxknceshxxifwytalex-auth-token:0 (2.93.3) 2026-02-02T15:20:11.520Z #_acquireLock lock acquired for storage key sb-bgxknceshxxifwytalex-auth-token
GoTrueClient@sb-bgxknceshxxifwytalex-auth-token:0 (2.93.3) 2026-02-02T15:20:11.520Z #_useSession begin
GoTrueClient@sb-bgxknceshxxifwytalex-auth-token:0 (2.93.3) 2026-02-02T15:20:11.520Z #__loadSession() begin

[90mstdout[2m | tests/property/scoped-roles-processing-efficiency.test.ts[2m > [22m[2mProperty 10: Scoped Roles Processing Efficiency[2m > [22m[2mProperty 10.7: Project role operations should not affect org/system role caches
[22m[39mGoTrueClient@sb-bgxknceshxxifwytalex-auth-token:0 (2.93.3) 2026-02-02T15:20:11.520Z #getSession() session from storage [1mnull[22m
GoTrueClient@sb-bgxknceshxxifwytalex-auth-token:0 (2.93.3) 2026-02-02T15:20:11.520Z #__loadSession() end

[90mstdout[2m | tests/property/scoped-roles-processing-efficiency.test.ts[2m > [22m[2mProperty 10: Scoped Roles Processing Efficiency[2m > [22m[2mProperty 10.7: Project role operations should not affect org/system role caches
[22m[39mGoTrueClient@sb-bgxknceshxxifwytalex-auth-token:0 (2.93.3) 2026-02-02T15:20:11.520Z #_useSession end

[90mstdout[2m | tests/property/scoped-roles-processing-efficiency.test.ts[2m > [22m[2mProperty 10: Scoped Roles Processing Efficiency[2m > [22m[2mProperty 10.7: Project role operations should not affect org/system role caches
[22m[39mGoTrueClient@sb-bgxknceshxxifwytalex-auth-token:0 (2.93.3) 2026-02-02T15:20:11.520Z #_acquireLock lock released for storage key sb-bgxknceshxxifwytalex-auth-token

[90mstdout[2m | tests/property/scoped-roles-processing-efficiency.test.ts[2m > [22m[2mProperty 10: Scoped Roles Processing Efficiency[2m > [22m[2mProperty 10.7: Project role operations should not affect org/system role caches
[22m[39mGoTrueClient@sb-bgxknceshxxifwytalex-auth-token:0 (2.93.3) 2026-02-02T15:20:11.520Z #_acquireLock end

[90mstdout[2m | tests/property/scoped-roles-processing-efficiency.test.ts[2m > [22m[2mProperty 10: Scoped Roles Processing Efficiency[2m > [22m[2mProperty 10.7: Project role operations should not affect org/system role caches
[22m[39mGoTrueClient@sb-bgxknceshxxifwytalex-auth-token:0 (2.93.3) 2026-02-02T15:20:11.591Z #_acquireLock begin [33m10000[39m
GoTrueClient@sb-bgxknceshxxifwytalex-auth-token:0 (2.93.3) 2026-02-02T15:20:11.591Z #_acquireLock lock acquired for storage key sb-bgxknceshxxifwytalex-auth-token
GoTrueClient@sb-bgxknceshxxifwytalex-auth-token:0 (2.93.3) 2026-02-02T15:20:11.591Z #_useSession begin
GoTrueClient@sb-bgxknceshxxifwytalex-auth-token:0 (2.93.3) 2026-02-02T15:20:11.591Z #__loadSession() begin

[90mstdout[2m | tests/property/scoped-roles-processing-efficiency.test.ts[2m > [22m[2mProperty 10: Scoped Roles Processing Efficiency[2m > [22m[2mProperty 10.7: Project role operations should not affect org/system role caches
[22m[39mGoTrueClient@sb-bgxknceshxxifwytalex-auth-token:0 (2.93.3) 2026-02-02T15:20:11.592Z #getSession() session from storage [1mnull[22m
GoTrueClient@sb-bgxknceshxxifwytalex-auth-token:0 (2.93.3) 2026-02-02T15:20:11.592Z #__loadSession() end

[90mstdout[2m | tests/property/scoped-roles-processing-efficiency.test.ts[2m > [22m[2mProperty 10: Scoped Roles Processing Efficiency[2m > [22m[2mProperty 10.7: Project role operations should not affect org/system role caches
[22m[39mGoTrueClient@sb-bgxknceshxxifwytalex-auth-token:0 (2.93.3) 2026-02-02T15:20:11.592Z #_useSession end

[90mstdout[2m | tests/property/scoped-roles-processing-efficiency.test.ts[2m > [22m[2mProperty 10: Scoped Roles Processing Efficiency[2m > [22m[2mProperty 10.7: Project role operations should not affect org/system role caches
[22m[39mGoTrueClient@sb-bgxknceshxxifwytalex-auth-token:0 (2.93.3) 2026-02-02T15:20:11.592Z #_acquireLock lock released for storage key sb-bgxknceshxxifwytalex-auth-token

[90mstdout[2m | tests/property/scoped-roles-processing-efficiency.test.ts[2m > [22m[2mProperty 10: Scoped Roles Processing Efficiency[2m > [22m[2mProperty 10.7: Project role operations should not affect org/system role caches
[22m[39mGoTrueClient@sb-bgxknceshxxifwytalex-auth-token:0 (2.93.3) 2026-02-02T15:20:11.592Z #_acquireLock end

[90mstdout[2m | tests/property/scoped-roles-processing-efficiency.test.ts[2m > [22m[2mProperty 10: Scoped Roles Processing Efficiency[2m > [22m[2mProperty 10.7: Project role operations should not affect org/system role caches
[22m[39mGoTrueClient@sb-bgxknceshxxifwytalex-auth-token:0 (2.93.3) 2026-02-02T15:20:11.636Z #_acquireLock begin [33m10000[39m
GoTrueClient@sb-bgxknceshxxifwytalex-auth-token:0 (2.93.3) 2026-02-02T15:20:11.636Z #_acquireLock lock acquired for storage key sb-bgxknceshxxifwytalex-auth-token
GoTrueClient@sb-bgxknceshxxifwytalex-auth-token:0 (2.93.3) 2026-02-02T15:20:11.636Z #_useSession begin
GoTrueClient@sb-bgxknceshxxifwytalex-auth-token:0 (2.93.3) 2026-02-02T15:20:11.636Z #__loadSession() begin

[90mstdout[2m | tests/property/scoped-roles-processing-efficiency.test.ts[2m > [22m[2mProperty 10: Scoped Roles Processing Efficiency[2m > [22m[2mProperty 10.7: Project role operations should not affect org/system role caches
[22m[39mGoTrueClient@sb-bgxknceshxxifwytalex-auth-token:0 (2.93.3) 2026-02-02T15:20:11.636Z #getSession() session from storage [1mnull[22m
GoTrueClient@sb-bgxknceshxxifwytalex-auth-token:0 (2.93.3) 2026-02-02T15:20:11.636Z #__loadSession() end

[90mstdout[2m | tests/property/scoped-roles-processing-efficiency.test.ts[2m > [22m[2mProperty 10: Scoped Roles Processing Efficiency[2m > [22m[2mProperty 10.7: Project role operations should not affect org/system role caches
[22m[39mGoTrueClient@sb-bgxknceshxxifwytalex-auth-token:0 (2.93.3) 2026-02-02T15:20:11.636Z #_useSession end

[90mstdout[2m | tests/property/scoped-roles-processing-efficiency.test.ts[2m > [22m[2mProperty 10: Scoped Roles Processing Efficiency[2m > [22m[2mProperty 10.7: Project role operations should not affect org/system role caches
[22m[39mGoTrueClient@sb-bgxknceshxxifwytalex-auth-token:0 (2.93.3) 2026-02-02T15:20:11.636Z #_acquireLock lock released for storage key sb-bgxknceshxxifwytalex-auth-token

[90mstdout[2m | tests/property/scoped-roles-processing-efficiency.test.ts[2m > [22m[2mProperty 10: Scoped Roles Processing Efficiency[2m > [22m[2mProperty 10.7: Project role operations should not affect org/system role caches
[22m[39mGoTrueClient@sb-bgxknceshxxifwytalex-auth-token:0 (2.93.3) 2026-02-02T15:20:11.636Z #_acquireLock end

stderr | tests/property/scoped-roles-processing-efficiency.test.ts > Property 10: Scoped Roles Processing Efficiency > Property 10.7: Project role operations should not affect org/system role caches
Error fetching org roles: {
  code: 'PGRST200',
  details: "Searched for a foreign key relationship between 'org_roles' and 'user_profiles' in the schema 'public', but no matches were found.",
  hint: null,
  message: "Could not find a relationship between 'org_roles' and 'user_profiles' in the schema cache"
}

[90mstdout[2m | tests/property/scoped-roles-processing-efficiency.test.ts[2m > [22m[2mProperty 10: Scoped Roles Processing Efficiency[2m > [22m[2mProperty 10.7: Project role operations should not affect org/system role caches
[22m[39mGoTrueClient@sb-bgxknceshxxifwytalex-auth-token:0 (2.93.3) 2026-02-02T15:20:11.659Z #_acquireLock begin [33m10000[39m
GoTrueClient@sb-bgxknceshxxifwytalex-auth-token:0 (2.93.3) 2026-02-02T15:20:11.659Z #_acquireLock lock acquired for storage key sb-bgxknceshxxifwytalex-auth-token
GoTrueClient@sb-bgxknceshxxifwytalex-auth-token:0 (2.93.3) 2026-02-02T15:20:11.659Z #_useSession begin
GoTrueClient@sb-bgxknceshxxifwytalex-auth-token:0 (2.93.3) 2026-02-02T15:20:11.659Z #__loadSession() begin

[90mstdout[2m | tests/property/scoped-roles-processing-efficiency.test.ts[2m > [22m[2mProperty 10: Scoped Roles Processing Efficiency[2m > [22m[2mProperty 10.7: Project role operations should not affect org/system role caches
[22m[39mGoTrueClient@sb-bgxknceshxxifwytalex-auth-token:0 (2.93.3) 2026-02-02T15:20:11.659Z #getSession() session from storage [1mnull[22m
GoTrueClient@sb-bgxknceshxxifwytalex-auth-token:0 (2.93.3) 2026-02-02T15:20:11.659Z #__loadSession() end

[90mstdout[2m | tests/property/scoped-roles-processing-efficiency.test.ts[2m > [22m[2mProperty 10: Scoped Roles Processing Efficiency[2m > [22m[2mProperty 10.7: Project role operations should not affect org/system role caches
[22m[39mGoTrueClient@sb-bgxknceshxxifwytalex-auth-token:0 (2.93.3) 2026-02-02T15:20:11.660Z #_useSession end

[90mstdout[2m | tests/property/scoped-roles-processing-efficiency.test.ts[2m > [22m[2mProperty 10: Scoped Roles Processing Efficiency[2m > [22m[2mProperty 10.7: Project role operations should not affect org/system role caches
[22m[39mGoTrueClient@sb-bgxknceshxxifwytalex-auth-token:0 (2.93.3) 2026-02-02T15:20:11.660Z #_acquireLock lock released for storage key sb-bgxknceshxxifwytalex-auth-token

[90mstdout[2m | tests/property/scoped-roles-processing-efficiency.test.ts[2m > [22m[2mProperty 10: Scoped Roles Processing Efficiency[2m > [22m[2mProperty 10.7: Project role operations should not affect org/system role caches
[22m[39mGoTrueClient@sb-bgxknceshxxifwytalex-auth-token:0 (2.93.3) 2026-02-02T15:20:11.660Z #_acquireLock end

[90mstdout[2m | tests/property/scoped-roles-processing-efficiency.test.ts[2m > [22m[2mProperty 10: Scoped Roles Processing Efficiency[2m > [22m[2mProperty 10.7: Project role operations should not affect org/system role caches
[22m[39mGoTrueClient@sb-bgxknceshxxifwytalex-auth-token:0 (2.93.3) 2026-02-02T15:20:11.676Z #_acquireLock begin [33m10000[39m
GoTrueClient@sb-bgxknceshxxifwytalex-auth-token:0 (2.93.3) 2026-02-02T15:20:11.676Z #_acquireLock lock acquired for storage key sb-bgxknceshxxifwytalex-auth-token
GoTrueClient@sb-bgxknceshxxifwytalex-auth-token:0 (2.93.3) 2026-02-02T15:20:11.676Z #_useSession begin
GoTrueClient@sb-bgxknceshxxifwytalex-auth-token:0 (2.93.3) 2026-02-02T15:20:11.676Z #__loadSession() begin

[90mstdout[2m | tests/property/scoped-roles-processing-efficiency.test.ts[2m > [22m[2mProperty 10: Scoped Roles Processing Efficiency[2m > [22m[2mProperty 10.7: Project role operations should not affect org/system role caches
[22m[39mGoTrueClient@sb-bgxknceshxxifwytalex-auth-token:0 (2.93.3) 2026-02-02T15:20:11.677Z #getSession() session from storage [1mnull[22m
GoTrueClient@sb-bgxknceshxxifwytalex-auth-token:0 (2.93.3) 2026-02-02T15:20:11.677Z #__loadSession() end

[90mstdout[2m | tests/property/scoped-roles-processing-efficiency.test.ts[2m > [22m[2mProperty 10: Scoped Roles Processing Efficiency[2m > [22m[2mProperty 10.7: Project role operations should not affect org/system role caches
[22m[39mGoTrueClient@sb-bgxknceshxxifwytalex-auth-token:0 (2.93.3) 2026-02-02T15:20:11.677Z #_useSession end

[90mstdout[2m | tests/property/scoped-roles-processing-efficiency.test.ts[2m > [22m[2mProperty 10: Scoped Roles Processing Efficiency[2m > [22m[2mProperty 10.7: Project role operations should not affect org/system role caches
[22m[39mGoTrueClient@sb-bgxknceshxxifwytalex-auth-token:0 (2.93.3) 2026-02-02T15:20:11.677Z #_acquireLock lock released for storage key sb-bgxknceshxxifwytalex-auth-token

[90mstdout[2m | tests/property/scoped-roles-processing-efficiency.test.ts[2m > [22m[2mProperty 10: Scoped Roles Processing Efficiency[2m > [22m[2mProperty 10.7: Project role operations should not affect org/system role caches
[22m[39mGoTrueClient@sb-bgxknceshxxifwytalex-auth-token:0 (2.93.3) 2026-02-02T15:20:11.677Z #_acquireLock end

[90mstdout[2m | tests/property/scoped-roles-processing-efficiency.test.ts[2m > [22m[2mProperty 10: Scoped Roles Processing Efficiency[2m > [22m[2mProperty 10.7: Project role operations should not affect org/system role caches
[22m[39mGoTrueClient@sb-bgxknceshxxifwytalex-auth-token:0 (2.93.3) 2026-02-02T15:20:11.702Z #_acquireLock begin [33m10000[39m
GoTrueClient@sb-bgxknceshxxifwytalex-auth-token:0 (2.93.3) 2026-02-02T15:20:11.702Z #_acquireLock lock acquired for storage key sb-bgxknceshxxifwytalex-auth-token
GoTrueClient@sb-bgxknceshxxifwytalex-auth-token:0 (2.93.3) 2026-02-02T15:20:11.702Z #_useSession begin
GoTrueClient@sb-bgxknceshxxifwytalex-auth-token:0 (2.93.3) 2026-02-02T15:20:11.702Z #__loadSession() begin

[90mstdout[2m | tests/property/scoped-roles-processing-efficiency.test.ts[2m > [22m[2mProperty 10: Scoped Roles Processing Efficiency[2m > [22m[2mProperty 10.7: Project role operations should not affect org/system role caches
[22m[39mGoTrueClient@sb-bgxknceshxxifwytalex-auth-token:0 (2.93.3) 2026-02-02T15:20:11.703Z #getSession() session from storage [1mnull[22m
GoTrueClient@sb-bgxknceshxxifwytalex-auth-token:0 (2.93.3) 2026-02-02T15:20:11.703Z #__loadSession() end

[90mstdout[2m | tests/property/scoped-roles-processing-efficiency.test.ts[2m > [22m[2mProperty 10: Scoped Roles Processing Efficiency[2m > [22m[2mProperty 10.7: Project role operations should not affect org/system role caches
[22m[39mGoTrueClient@sb-bgxknceshxxifwytalex-auth-token:0 (2.93.3) 2026-02-02T15:20:11.703Z #_useSession end

[90mstdout[2m | tests/property/scoped-roles-processing-efficiency.test.ts[2m > [22m[2mProperty 10: Scoped Roles Processing Efficiency[2m > [22m[2mProperty 10.7: Project role operations should not affect org/system role caches
[22m[39mGoTrueClient@sb-bgxknceshxxifwytalex-auth-token:0 (2.93.3) 2026-02-02T15:20:11.703Z #_acquireLock lock released for storage key sb-bgxknceshxxifwytalex-auth-token

[90mstdout[2m | tests/property/scoped-roles-processing-efficiency.test.ts[2m > [22m[2mProperty 10: Scoped Roles Processing Efficiency[2m > [22m[2mProperty 10.7: Project role operations should not affect org/system role caches
[22m[39mGoTrueClient@sb-bgxknceshxxifwytalex-auth-token:0 (2.93.3) 2026-02-02T15:20:11.703Z #_acquireLock end

[90mstdout[2m | tests/property/scoped-roles-processing-efficiency.test.ts[2m > [22m[2mProperty 10: Scoped Roles Processing Efficiency[2m > [22m[2mProperty 10.7: Project role operations should not affect org/system role caches
[22m[39mGoTrueClient@sb-bgxknceshxxifwytalex-auth-token:0 (2.93.3) 2026-02-02T15:20:11.708Z #_acquireLock begin [33m10000[39m
GoTrueClient@sb-bgxknceshxxifwytalex-auth-token:0 (2.93.3) 2026-02-02T15:20:11.708Z #_acquireLock lock acquired for storage key sb-bgxknceshxxifwytalex-auth-token
GoTrueClient@sb-bgxknceshxxifwytalex-auth-token:0 (2.93.3) 2026-02-02T15:20:11.708Z #_useSession begin
GoTrueClient@sb-bgxknceshxxifwytalex-auth-token:0 (2.93.3) 2026-02-02T15:20:11.708Z #__loadSession() begin

[90mstdout[2m | tests/property/scoped-roles-processing-efficiency.test.ts[2m > [22m[2mProperty 10: Scoped Roles Processing Efficiency[2m > [22m[2mProperty 10.7: Project role operations should not affect org/system role caches
[22m[39mGoTrueClient@sb-bgxknceshxxifwytalex-auth-token:0 (2.93.3) 2026-02-02T15:20:11.708Z #getSession() session from storage [1mnull[22m
GoTrueClient@sb-bgxknceshxxifwytalex-auth-token:0 (2.93.3) 2026-02-02T15:20:11.708Z #__loadSession() end

[90mstdout[2m | tests/property/scoped-roles-processing-efficiency.test.ts[2m > [22m[2mProperty 10: Scoped Roles Processing Efficiency[2m > [22m[2mProperty 10.7: Project role operations should not affect org/system role caches
[22m[39mGoTrueClient@sb-bgxknceshxxifwytalex-auth-token:0 (2.93.3) 2026-02-02T15:20:11.708Z #_useSession end

[90mstdout[2m | tests/property/scoped-roles-processing-efficiency.test.ts[2m > [22m[2mProperty 10: Scoped Roles Processing Efficiency[2m > [22m[2mProperty 10.7: Project role operations should not affect org/system role caches
[22m[39mGoTrueClient@sb-bgxknceshxxifwytalex-auth-token:0 (2.93.3) 2026-02-02T15:20:11.708Z #_acquireLock lock released for storage key sb-bgxknceshxxifwytalex-auth-token

[90mstdout[2m | tests/property/scoped-roles-processing-efficiency.test.ts[2m > [22m[2mProperty 10: Scoped Roles Processing Efficiency[2m > [22m[2mProperty 10.7: Project role operations should not affect org/system role caches
[22m[39mGoTrueClient@sb-bgxknceshxxifwytalex-auth-token:0 (2.93.3) 2026-02-02T15:20:11.708Z #_acquireLock end

stderr | tests/property/scoped-roles-processing-efficiency.test.ts > Property 10: Scoped Roles Processing Efficiency > Property 10.7: Project role operations should not affect org/system role caches
Error fetching project roles: {
  code: 'PGRST200',
  details: "Searched for a foreign key relationship between 'project_roles' and 'user_profiles' in the schema 'public', but no matches were found.",
  hint: null,
  message: "Could not find a relationship between 'project_roles' and 'user_profiles' in the schema cache"
}

[90mstdout[2m | tests/property/scoped-roles-processing-efficiency.test.ts[2m > [22m[2mProperty 10: Scoped Roles Processing Efficiency[2m > [22m[2mProperty 10.7: Project role operations should not affect org/system role caches
[22m[39mGoTrueClient@sb-bgxknceshxxifwytalex-auth-token:0 (2.93.3) 2026-02-02T15:20:11.724Z #_acquireLock begin [33m10000[39m
GoTrueClient@sb-bgxknceshxxifwytalex-auth-token:0 (2.93.3) 2026-02-02T15:20:11.724Z #_acquireLock lock acquired for storage key sb-bgxknceshxxifwytalex-auth-token
GoTrueClient@sb-bgxknceshxxifwytalex-auth-token:0 (2.93.3) 2026-02-02T15:20:11.724Z #_useSession begin
GoTrueClient@sb-bgxknceshxxifwytalex-auth-token:0 (2.93.3) 2026-02-02T15:20:11.724Z #__loadSession() begin

[90mstdout[2m | tests/property/scoped-roles-processing-efficiency.test.ts[2m > [22m[2mProperty 10: Scoped Roles Processing Efficiency[2m > [22m[2mProperty 10.7: Project role operations should not affect org/system role caches
[22m[39mGoTrueClient@sb-bgxknceshxxifwytalex-auth-token:0 (2.93.3) 2026-02-02T15:20:11.724Z #getSession() session from storage [1mnull[22m
GoTrueClient@sb-bgxknceshxxifwytalex-auth-token:0 (2.93.3) 2026-02-02T15:20:11.724Z #__loadSession() end

[90mstdout[2m | tests/property/scoped-roles-processing-efficiency.test.ts[2m > [22m[2mProperty 10: Scoped Roles Processing Efficiency[2m > [22m[2mProperty 10.7: Project role operations should not affect org/system role caches
[22m[39mGoTrueClient@sb-bgxknceshxxifwytalex-auth-token:0 (2.93.3) 2026-02-02T15:20:11.724Z #_useSession end

[90mstdout[2m | tests/property/scoped-roles-processing-efficiency.test.ts[2m > [22m[2mProperty 10: Scoped Roles Processing Efficiency[2m > [22m[2mProperty 10.7: Project role operations should not affect org/system role caches
[22m[39mGoTrueClient@sb-bgxknceshxxifwytalex-auth-token:0 (2.93.3) 2026-02-02T15:20:11.724Z #_acquireLock lock released for storage key sb-bgxknceshxxifwytalex-auth-token

[90mstdout[2m | tests/property/scoped-roles-processing-efficiency.test.ts[2m > [22m[2mProperty 10: Scoped Roles Processing Efficiency[2m > [22m[2mProperty 10.7: Project role operations should not affect org/system role caches
[22m[39mGoTrueClient@sb-bgxknceshxxifwytalex-auth-token:0 (2.93.3) 2026-02-02T15:20:11.724Z #_acquireLock end

stderr | tests/property/scoped-roles-processing-efficiency.test.ts > Property 10: Scoped Roles Processing Efficiency > Property 10.7: Project role operations should not affect org/system role caches
Error fetching org roles: {
  code: 'PGRST200',
  details: "Searched for a foreign key relationship between 'org_roles' and 'user_profiles' in the schema 'public', but no matches were found.",
  hint: null,
  message: "Could not find a relationship between 'org_roles' and 'user_profiles' in the schema cache"
}

[90mstdout[2m | tests/property/scoped-roles-processing-efficiency.test.ts[2m > [22m[2mProperty 10: Scoped Roles Processing Efficiency[2m > [22m[2mProperty 10.7: Project role operations should not affect org/system role caches
[22m[39mGoTrueClient@sb-bgxknceshxxifwytalex-auth-token:0 (2.93.3) 2026-02-02T15:20:11.863Z #_acquireLock begin [33m10000[39m
GoTrueClient@sb-bgxknceshxxifwytalex-auth-token:0 (2.93.3) 2026-02-02T15:20:11.863Z #_acquireLock lock acquired for storage key sb-bgxknceshxxifwytalex-auth-token
GoTrueClient@sb-bgxknceshxxifwytalex-auth-token:0 (2.93.3) 2026-02-02T15:20:11.863Z #_useSession begin
GoTrueClient@sb-bgxknceshxxifwytalex-auth-token:0 (2.93.3) 2026-02-02T15:20:11.863Z #__loadSession() begin

[90mstdout[2m | tests/property/scoped-roles-processing-efficiency.test.ts[2m > [22m[2mProperty 10: Scoped Roles Processing Efficiency[2m > [22m[2mProperty 10.7: Project role operations should not affect org/system role caches
[22m[39mGoTrueClient@sb-bgxknceshxxifwytalex-auth-token:0 (2.93.3) 2026-02-02T15:20:11.863Z #getSession() session from storage [1mnull[22m
GoTrueClient@sb-bgxknceshxxifwytalex-auth-token:0 (2.93.3) 2026-02-02T15:20:11.863Z #__loadSession() end

[90mstdout[2m | tests/property/scoped-roles-processing-efficiency.test.ts[2m > [22m[2mProperty 10: Scoped Roles Processing Efficiency[2m > [22m[2mProperty 10.7: Project role operations should not affect org/system role caches
[22m[39mGoTrueClient@sb-bgxknceshxxifwytalex-auth-token:0 (2.93.3) 2026-02-02T15:20:11.863Z #_useSession end

[90mstdout[2m | tests/property/scoped-roles-processing-efficiency.test.ts[2m > [22m[2mProperty 10: Scoped Roles Processing Efficiency[2m > [22m[2mProperty 10.7: Project role operations should not affect org/system role caches
[22m[39mGoTrueClient@sb-bgxknceshxxifwytalex-auth-token:0 (2.93.3) 2026-02-02T15:20:11.863Z #_acquireLock lock released for storage key sb-bgxknceshxxifwytalex-auth-token

[90mstdout[2m | tests/property/scoped-roles-processing-efficiency.test.ts[2m > [22m[2mProperty 10: Scoped Roles Processing Efficiency[2m > [22m[2mProperty 10.7: Project role operations should not affect org/system role caches
[22m[39mGoTrueClient@sb-bgxknceshxxifwytalex-auth-token:0 (2.93.3) 2026-02-02T15:20:11.863Z #_acquireLock end

stderr | tests/property/scoped-roles-processing-efficiency.test.ts > Property 10: Scoped Roles Processing Efficiency > Property 10.7: Project role operations should not affect org/system role caches
Error fetching org roles: {
  code: 'PGRST200',
  details: "Searched for a foreign key relationship between 'org_roles' and 'user_profiles' in the schema 'public', but no matches were found.",
  hint: null,
  message: "Could not find a relationship between 'org_roles' and 'user_profiles' in the schema cache"
}

[90mstdout[2m | tests/property/scoped-roles-processing-efficiency.test.ts[2m > [22m[2mProperty 10: Scoped Roles Processing Efficiency[2m > [22m[2mProperty 10.7: Project role operations should not affect org/system role caches
[22m[39mGoTrueClient@sb-bgxknceshxxifwytalex-auth-token:0 (2.93.3) 2026-02-02T15:20:11.879Z #_acquireLock begin [33m10000[39m
GoTrueClient@sb-bgxknceshxxifwytalex-auth-token:0 (2.93.3) 2026-02-02T15:20:11.879Z #_acquireLock lock acquired for storage key sb-bgxknceshxxifwytalex-auth-token
GoTrueClient@sb-bgxknceshxxifwytalex-auth-token:0 (2.93.3) 2026-02-02T15:20:11.879Z #_useSession begin
GoTrueClient@sb-bgxknceshxxifwytalex-auth-token:0 (2.93.3) 2026-02-02T15:20:11.879Z #__loadSession() begin

[90mstdout[2m | tests/property/scoped-roles-processing-efficiency.test.ts[2m > [22m[2mProperty 10: Scoped Roles Processing Efficiency[2m > [22m[2mProperty 10.7: Project role operations should not affect org/system role caches
[22m[39mGoTrueClient@sb-bgxknceshxxifwytalex-auth-token:0 (2.93.3) 2026-02-02T15:20:11.880Z #getSession() session from storage [1mnull[22m
GoTrueClient@sb-bgxknceshxxifwytalex-auth-token:0 (2.93.3) 2026-02-02T15:20:11.880Z #__loadSession() end

[90mstdout[2m | tests/property/scoped-roles-processing-efficiency.test.ts[2m > [22m[2mProperty 10: Scoped Roles Processing Efficiency[2m > [22m[2mProperty 10.7: Project role operations should not affect org/system role caches
[22m[39mGoTrueClient@sb-bgxknceshxxifwytalex-auth-token:0 (2.93.3) 2026-02-02T15:20:11.880Z #_useSession end

[90mstdout[2m | tests/property/scoped-roles-processing-efficiency.test.ts[2m > [22m[2mProperty 10: Scoped Roles Processing Efficiency[2m > [22m[2mProperty 10.7: Project role operations should not affect org/system role caches
[22m[39mGoTrueClient@sb-bgxknceshxxifwytalex-auth-token:0 (2.93.3) 2026-02-02T15:20:11.880Z #_acquireLock lock released for storage key sb-bgxknceshxxifwytalex-auth-token

[90mstdout[2m | tests/property/scoped-roles-processing-efficiency.test.ts[2m > [22m[2mProperty 10: Scoped Roles Processing Efficiency[2m > [22m[2mProperty 10.7: Project role operations should not affect org/system role caches
[22m[39mGoTrueClient@sb-bgxknceshxxifwytalex-auth-token:0 (2.93.3) 2026-02-02T15:20:11.880Z #_acquireLock end

[90mstdout[2m | tests/property/scoped-roles-processing-efficiency.test.ts[2m > [22m[2mProperty 10: Scoped Roles Processing Efficiency[2m > [22m[2mProperty 10.7: Project role operations should not affect org/system role caches
[22m[39mGoTrueClient@sb-bgxknceshxxifwytalex-auth-token:0 (2.93.3) 2026-02-02T15:20:11.898Z #_acquireLock begin [33m10000[39m
GoTrueClient@sb-bgxknceshxxifwytalex-auth-token:0 (2.93.3) 2026-02-02T15:20:11.898Z #_acquireLock lock acquired for storage key sb-bgxknceshxxifwytalex-auth-token
GoTrueClient@sb-bgxknceshxxifwytalex-auth-token:0 (2.93.3) 2026-02-02T15:20:11.898Z #_useSession begin
GoTrueClient@sb-bgxknceshxxifwytalex-auth-token:0 (2.93.3) 2026-02-02T15:20:11.898Z #__loadSession() begin

[90mstdout[2m | tests/property/scoped-roles-processing-efficiency.test.ts[2m > [22m[2mProperty 10: Scoped Roles Processing Efficiency[2m > [22m[2mProperty 10.7: Project role operations should not affect org/system role caches
[22m[39mGoTrueClient@sb-bgxknceshxxifwytalex-auth-token:0 (2.93.3) 2026-02-02T15:20:11.898Z #getSession() session from storage [1mnull[22m
GoTrueClient@sb-bgxknceshxxifwytalex-auth-token:0 (2.93.3) 2026-02-02T15:20:11.898Z #__loadSession() end

[90mstdout[2m | tests/property/scoped-roles-processing-efficiency.test.ts[2m > [22m[2mProperty 10: Scoped Roles Processing Efficiency[2m > [22m[2mProperty 10.7: Project role operations should not affect org/system role caches
[22m[39mGoTrueClient@sb-bgxknceshxxifwytalex-auth-token:0 (2.93.3) 2026-02-02T15:20:11.898Z #_useSession end

[90mstdout[2m | tests/property/scoped-roles-processing-efficiency.test.ts[2m > [22m[2mProperty 10: Scoped Roles Processing Efficiency[2m > [22m[2mProperty 10.7: Project role operations should not affect org/system role caches
[22m[39mGoTrueClient@sb-bgxknceshxxifwytalex-auth-token:0 (2.93.3) 2026-02-02T15:20:11.898Z #_acquireLock lock released for storage key sb-bgxknceshxxifwytalex-auth-token

[90mstdout[2m | tests/property/scoped-roles-processing-efficiency.test.ts[2m > [22m[2mProperty 10: Scoped Roles Processing Efficiency[2m > [22m[2mProperty 10.7: Project role operations should not affect org/system role caches
[22m[39mGoTrueClient@sb-bgxknceshxxifwytalex-auth-token:0 (2.93.3) 2026-02-02T15:20:11.898Z #_acquireLock end

stderr | tests/property/scoped-roles-processing-efficiency.test.ts > Property 10: Scoped Roles Processing Efficiency > Property 10.7: Project role operations should not affect org/system role caches
Error fetching org roles: {
  code: 'PGRST200',
  details: "Searched for a foreign key relationship between 'org_roles' and 'user_profiles' in the schema 'public', but no matches were found.",
  hint: null,
  message: "Could not find a relationship between 'org_roles' and 'user_profiles' in the schema cache"
}

[90mstdout[2m | tests/property/scoped-roles-processing-efficiency.test.ts[2m > [22m[2mProperty 10: Scoped Roles Processing Efficiency[2m > [22m[2mProperty 10.7: Project role operations should not affect org/system role caches
[22m[39mGoTrueClient@sb-bgxknceshxxifwytalex-auth-token:0 (2.93.3) 2026-02-02T15:20:11.904Z #_acquireLock begin [33m10000[39m
GoTrueClient@sb-bgxknceshxxifwytalex-auth-token:0 (2.93.3) 2026-02-02T15:20:11.904Z #_acquireLock lock acquired for storage key sb-bgxknceshxxifwytalex-auth-token
GoTrueClient@sb-bgxknceshxxifwytalex-auth-token:0 (2.93.3) 2026-02-02T15:20:11.904Z #_useSession begin
GoTrueClient@sb-bgxknceshxxifwytalex-auth-token:0 (2.93.3) 2026-02-02T15:20:11.904Z #__loadSession() begin

[90mstdout[2m | tests/property/scoped-roles-processing-efficiency.test.ts[2m > [22m[2mProperty 10: Scoped Roles Processing Efficiency[2m > [22m[2mProperty 10.7: Project role operations should not affect org/system role caches
[22m[39mGoTrueClient@sb-bgxknceshxxifwytalex-auth-token:0 (2.93.3) 2026-02-02T15:20:11.904Z #getSession() session from storage [1mnull[22m
GoTrueClient@sb-bgxknceshxxifwytalex-auth-token:0 (2.93.3) 2026-02-02T15:20:11.904Z #__loadSession() end

[90mstdout[2m | tests/property/scoped-roles-processing-efficiency.test.ts[2m > [22m[2mProperty 10: Scoped Roles Processing Efficiency[2m > [22m[2mProperty 10.7: Project role operations should not affect org/system role caches
[22m[39mGoTrueClient@sb-bgxknceshxxifwytalex-auth-token:0 (2.93.3) 2026-02-02T15:20:11.905Z #_useSession end

[90mstdout[2m | tests/property/scoped-roles-processing-efficiency.test.ts[2m > [22m[2mProperty 10: Scoped Roles Processing Efficiency[2m > [22m[2mProperty 10.7: Project role operations should not affect org/system role caches
[22m[39mGoTrueClient@sb-bgxknceshxxifwytalex-auth-token:0 (2.93.3) 2026-02-02T15:20:11.905Z #_acquireLock lock released for storage key sb-bgxknceshxxifwytalex-auth-token

[90mstdout[2m | tests/property/scoped-roles-processing-efficiency.test.ts[2m > [22m[2mProperty 10: Scoped Roles Processing Efficiency[2m > [22m[2mProperty 10.7: Project role operations should not affect org/system role caches
[22m[39mGoTrueClient@sb-bgxknceshxxifwytalex-auth-token:0 (2.93.3) 2026-02-02T15:20:11.905Z #_acquireLock end

stderr | tests/property/scoped-roles-processing-efficiency.test.ts > Property 10: Scoped Roles Processing Efficiency > Property 10.7: Project role operations should not affect org/system role caches
Error fetching project roles: {
  code: 'PGRST200',
  details: "Searched for a foreign key relationship between 'project_roles' and 'user_profiles' in the schema 'public', but no matches were found.",
  hint: null,
  message: "Could not find a relationship between 'project_roles' and 'user_profiles' in the schema cache"
}

[90mstdout[2m | tests/property/scoped-roles-processing-efficiency.test.ts[2m > [22m[2mProperty 10: Scoped Roles Processing Efficiency[2m > [22m[2mProperty 10.7: Project role operations should not affect org/system role caches
[22m[39mGoTrueClient@sb-bgxknceshxxifwytalex-auth-token:0 (2.93.3) 2026-02-02T15:20:11.927Z #_acquireLock begin [33m10000[39m
GoTrueClient@sb-bgxknceshxxifwytalex-auth-token:0 (2.93.3) 2026-02-02T15:20:11.927Z #_acquireLock lock acquired for storage key sb-bgxknceshxxifwytalex-auth-token
GoTrueClient@sb-bgxknceshxxifwytalex-auth-token:0 (2.93.3) 2026-02-02T15:20:11.927Z #_useSession begin
GoTrueClient@sb-bgxknceshxxifwytalex-auth-token:0 (2.93.3) 2026-02-02T15:20:11.927Z #__loadSession() begin

[90mstdout[2m | tests/property/scoped-roles-processing-efficiency.test.ts[2m > [22m[2mProperty 10: Scoped Roles Processing Efficiency[2m > [22m[2mProperty 10.7: Project role operations should not affect org/system role caches
[22m[39mGoTrueClient@sb-bgxknceshxxifwytalex-auth-token:0 (2.93.3) 2026-02-02T15:20:11.927Z #getSession() session from storage [1mnull[22m
GoTrueClient@sb-bgxknceshxxifwytalex-auth-token:0 (2.93.3) 2026-02-02T15:20:11.927Z #__loadSession() end

[90mstdout[2m | tests/property/scoped-roles-processing-efficiency.test.ts[2m > [22m[2mProperty 10: Scoped Roles Processing Efficiency[2m > [22m[2mProperty 10.7: Project role operations should not affect org/system role caches
[22m[39mGoTrueClient@sb-bgxknceshxxifwytalex-auth-token:0 (2.93.3) 2026-02-02T15:20:11.927Z #_useSession end

[90mstdout[2m | tests/property/scoped-roles-processing-efficiency.test.ts[2m > [22m[2mProperty 10: Scoped Roles Processing Efficiency[2m > [22m[2mProperty 10.7: Project role operations should not affect org/system role caches
[22m[39mGoTrueClient@sb-bgxknceshxxifwytalex-auth-token:0 (2.93.3) 2026-02-02T15:20:11.927Z #_acquireLock lock released for storage key sb-bgxknceshxxifwytalex-auth-token

[90mstdout[2m | tests/property/scoped-roles-processing-efficiency.test.ts[2m > [22m[2mProperty 10: Scoped Roles Processing Efficiency[2m > [22m[2mProperty 10.7: Project role operations should not affect org/system role caches
[22m[39mGoTrueClient@sb-bgxknceshxxifwytalex-auth-token:0 (2.93.3) 2026-02-02T15:20:11.927Z #_acquireLock end

stderr | tests/property/scoped-roles-processing-efficiency.test.ts > Property 10: Scoped Roles Processing Efficiency > Property 10.7: Project role operations should not affect org/system role caches
Error fetching org roles: {
  code: 'PGRST200',
  details: "Searched for a foreign key relationship between 'org_roles' and 'user_profiles' in the schema 'public', but no matches were found.",
  hint: null,
  message: "Could not find a relationship between 'org_roles' and 'user_profiles' in the schema cache"
}

[90mstdout[2m | tests/property/scoped-roles-processing-efficiency.test.ts[2m > [22m[2mProperty 10: Scoped Roles Processing Efficiency[2m > [22m[2mProperty 10.7: Project role operations should not affect org/system role caches
[22m[39mGoTrueClient@sb-bgxknceshxxifwytalex-auth-token:0 (2.93.3) 2026-02-02T15:20:11.931Z #_acquireLock begin [33m10000[39m
GoTrueClient@sb-bgxknceshxxifwytalex-auth-token:0 (2.93.3) 2026-02-02T15:20:11.931Z #_acquireLock lock acquired for storage key sb-bgxknceshxxifwytalex-auth-token
GoTrueClient@sb-bgxknceshxxifwytalex-auth-token:0 (2.93.3) 2026-02-02T15:20:11.931Z #_useSession begin
GoTrueClient@sb-bgxknceshxxifwytalex-auth-token:0 (2.93.3) 2026-02-02T15:20:11.931Z #__loadSession() begin

[90mstdout[2m | tests/property/scoped-roles-processing-efficiency.test.ts[2m > [22m[2mProperty 10: Scoped Roles Processing Efficiency[2m > [22m[2mProperty 10.7: Project role operations should not affect org/system role caches
[22m[39mGoTrueClient@sb-bgxknceshxxifwytalex-auth-token:0 (2.93.3) 2026-02-02T15:20:11.931Z #getSession() session from storage [1mnull[22m
GoTrueClient@sb-bgxknceshxxifwytalex-auth-token:0 (2.93.3) 2026-02-02T15:20:11.931Z #__loadSession() end

[90mstdout[2m | tests/property/scoped-roles-processing-efficiency.test.ts[2m > [22m[2mProperty 10: Scoped Roles Processing Efficiency[2m > [22m[2mProperty 10.7: Project role operations should not affect org/system role caches
[22m[39mGoTrueClient@sb-bgxknceshxxifwytalex-auth-token:0 (2.93.3) 2026-02-02T15:20:11.932Z #_useSession end

[90mstdout[2m | tests/property/scoped-roles-processing-efficiency.test.ts[2m > [22m[2mProperty 10: Scoped Roles Processing Efficiency[2m > [22m[2mProperty 10.7: Project role operations should not affect org/system role caches
[22m[39mGoTrueClient@sb-bgxknceshxxifwytalex-auth-token:0 (2.93.3) 2026-02-02T15:20:11.932Z #_acquireLock lock released for storage key sb-bgxknceshxxifwytalex-auth-token

[90mstdout[2m | tests/property/scoped-roles-processing-efficiency.test.ts[2m > [22m[2mProperty 10: Scoped Roles Processing Efficiency[2m > [22m[2mProperty 10.7: Project role operations should not affect org/system role caches
[22m[39mGoTrueClient@sb-bgxknceshxxifwytalex-auth-token:0 (2.93.3) 2026-02-02T15:20:11.932Z #_acquireLock end

stderr | tests/property/scoped-roles-processing-efficiency.test.ts > Property 10: Scoped Roles Processing Efficiency > Property 10.7: Project role operations should not affect org/system role caches
Error fetching project roles: {
  code: 'PGRST200',
  details: "Searched for a foreign key relationship between 'project_roles' and 'user_profiles' in the schema 'public', but no matches were found.",
  hint: null,
  message: "Could not find a relationship between 'project_roles' and 'user_profiles' in the schema cache"
}

[90mstdout[2m | tests/property/scoped-roles-processing-efficiency.test.ts[2m > [22m[2mProperty 10: Scoped Roles Processing Efficiency[2m > [22m[2mProperty 10.7: Project role operations should not affect org/system role caches
[22m[39mGoTrueClient@sb-bgxknceshxxifwytalex-auth-token:0 (2.93.3) 2026-02-02T15:20:12.078Z #_acquireLock begin [33m10000[39m
GoTrueClient@sb-bgxknceshxxifwytalex-auth-token:0 (2.93.3) 2026-02-02T15:20:12.078Z #_acquireLock lock acquired for storage key sb-bgxknceshxxifwytalex-auth-token
GoTrueClient@sb-bgxknceshxxifwytalex-auth-token:0 (2.93.3) 2026-02-02T15:20:12.078Z #_useSession begin
GoTrueClient@sb-bgxknceshxxifwytalex-auth-token:0 (2.93.3) 2026-02-02T15:20:12.078Z #__loadSession() begin

[90mstdout[2m | tests/property/scoped-roles-processing-efficiency.test.ts[2m > [22m[2mProperty 10: Scoped Roles Processing Efficiency[2m > [22m[2mProperty 10.7: Project role operations should not affect org/system role caches
[22m[39mGoTrueClient@sb-bgxknceshxxifwytalex-auth-token:0 (2.93.3) 2026-02-02T15:20:12.078Z #getSession() session from storage [1mnull[22m
GoTrueClient@sb-bgxknceshxxifwytalex-auth-token:0 (2.93.3) 2026-02-02T15:20:12.078Z #__loadSession() end

[90mstdout[2m | tests/property/scoped-roles-processing-efficiency.test.ts[2m > [22m[2mProperty 10: Scoped Roles Processing Efficiency[2m > [22m[2mProperty 10.7: Project role operations should not affect org/system role caches
[22m[39mGoTrueClient@sb-bgxknceshxxifwytalex-auth-token:0 (2.93.3) 2026-02-02T15:20:12.078Z #_useSession end

[90mstdout[2m | tests/property/scoped-roles-processing-efficiency.test.ts[2m > [22m[2mProperty 10: Scoped Roles Processing Efficiency[2m > [22m[2mProperty 10.7: Project role operations should not affect org/system role caches
[22m[39mGoTrueClient@sb-bgxknceshxxifwytalex-auth-token:0 (2.93.3) 2026-02-02T15:20:12.078Z #_acquireLock lock released for storage key sb-bgxknceshxxifwytalex-auth-token

[90mstdout[2m | tests/property/scoped-roles-processing-efficiency.test.ts[2m > [22m[2mProperty 10: Scoped Roles Processing Efficiency[2m > [22m[2mProperty 10.7: Project role operations should not affect org/system role caches
[22m[39mGoTrueClient@sb-bgxknceshxxifwytalex-auth-token:0 (2.93.3) 2026-02-02T15:20:12.078Z #_acquireLock end

[90mstdout[2m | tests/property/scoped-roles-processing-efficiency.test.ts[2m > [22m[2mProperty 10: Scoped Roles Processing Efficiency[2m > [22m[2mProperty 10.7: Project role operations should not affect org/system role caches
[22m[39mGoTrueClient@sb-bgxknceshxxifwytalex-auth-token:0 (2.93.3) 2026-02-02T15:20:12.093Z #_acquireLock begin [33m10000[39m
GoTrueClient@sb-bgxknceshxxifwytalex-auth-token:0 (2.93.3) 2026-02-02T15:20:12.093Z #_acquireLock lock acquired for storage key sb-bgxknceshxxifwytalex-auth-token
GoTrueClient@sb-bgxknceshxxifwytalex-auth-token:0 (2.93.3) 2026-02-02T15:20:12.093Z #_useSession begin
GoTrueClient@sb-bgxknceshxxifwytalex-auth-token:0 (2.93.3) 2026-02-02T15:20:12.093Z #__loadSession() begin

[90mstdout[2m | tests/property/scoped-roles-processing-efficiency.test.ts[2m > [22m[2mProperty 10: Scoped Roles Processing Efficiency[2m > [22m[2mProperty 10.7: Project role operations should not affect org/system role caches
[22m[39mGoTrueClient@sb-bgxknceshxxifwytalex-auth-token:0 (2.93.3) 2026-02-02T15:20:12.093Z #getSession() session from storage [1mnull[22m
GoTrueClient@sb-bgxknceshxxifwytalex-auth-token:0 (2.93.3) 2026-02-02T15:20:12.093Z #__loadSession() end

[90mstdout[2m | tests/property/scoped-roles-processing-efficiency.test.ts[2m > [22m[2mProperty 10: Scoped Roles Processing Efficiency[2m > [22m[2mProperty 10.7: Project role operations should not affect org/system role caches
[22m[39mGoTrueClient@sb-bgxknceshxxifwytalex-auth-token:0 (2.93.3) 2026-02-02T15:20:12.093Z #_useSession end

[90mstdout[2m | tests/property/scoped-roles-processing-efficiency.test.ts[2m > [22m[2mProperty 10: Scoped Roles Processing Efficiency[2m > [22m[2mProperty 10.7: Project role operations should not affect org/system role caches
[22m[39mGoTrueClient@sb-bgxknceshxxifwytalex-auth-token:0 (2.93.3) 2026-02-02T15:20:12.093Z #_acquireLock lock released for storage key sb-bgxknceshxxifwytalex-auth-token

[90mstdout[2m | tests/property/scoped-roles-processing-efficiency.test.ts[2m > [22m[2mProperty 10: Scoped Roles Processing Efficiency[2m > [22m[2mProperty 10.7: Project role operations should not affect org/system role caches
[22m[39mGoTrueClient@sb-bgxknceshxxifwytalex-auth-token:0 (2.93.3) 2026-02-02T15:20:12.093Z #_acquireLock end

stderr | tests/property/scoped-roles-processing-efficiency.test.ts > Property 10: Scoped Roles Processing Efficiency > Property 10.7: Project role operations should not affect org/system role caches
Error fetching org roles: {
  code: 'PGRST200',
  details: "Searched for a foreign key relationship between 'org_roles' and 'user_profiles' in the schema 'public', but no matches were found.",
  hint: null,
  message: "Could not find a relationship between 'org_roles' and 'user_profiles' in the schema cache"
}

[90mstdout[2m | tests/property/scoped-roles-processing-efficiency.test.ts[2m > [22m[2mProperty 10: Scoped Roles Processing Efficiency[2m > [22m[2mProperty 10.7: Project role operations should not affect org/system role caches
[22m[39mGoTrueClient@sb-bgxknceshxxifwytalex-auth-token:0 (2.93.3) 2026-02-02T15:20:12.097Z #_acquireLock begin [33m10000[39m
GoTrueClient@sb-bgxknceshxxifwytalex-auth-token:0 (2.93.3) 2026-02-02T15:20:12.097Z #_acquireLock lock acquired for storage key sb-bgxknceshxxifwytalex-auth-token
GoTrueClient@sb-bgxknceshxxifwytalex-auth-token:0 (2.93.3) 2026-02-02T15:20:12.097Z #_useSession begin
GoTrueClient@sb-bgxknceshxxifwytalex-auth-token:0 (2.93.3) 2026-02-02T15:20:12.097Z #__loadSession() begin

[90mstdout[2m | tests/property/scoped-roles-processing-efficiency.test.ts[2m > [22m[2mProperty 10: Scoped Roles Processing Efficiency[2m > [22m[2mProperty 10.7: Project role operations should not affect org/system role caches
[22m[39mGoTrueClient@sb-bgxknceshxxifwytalex-auth-token:0 (2.93.3) 2026-02-02T15:20:12.097Z #getSession() session from storage [1mnull[22m
GoTrueClient@sb-bgxknceshxxifwytalex-auth-token:0 (2.93.3) 2026-02-02T15:20:12.097Z #__loadSession() end

[90mstdout[2m | tests/property/scoped-roles-processing-efficiency.test.ts[2m > [22m[2mProperty 10: Scoped Roles Processing Efficiency[2m > [22m[2mProperty 10.7: Project role operations should not affect org/system role caches
[22m[39mGoTrueClient@sb-bgxknceshxxifwytalex-auth-token:0 (2.93.3) 2026-02-02T15:20:12.097Z #_useSession end

[90mstdout[2m | tests/property/scoped-roles-processing-efficiency.test.ts[2m > [22m[2mProperty 10: Scoped Roles Processing Efficiency[2m > [22m[2mProperty 10.7: Project role operations should not affect org/system role caches
[22m[39mGoTrueClient@sb-bgxknceshxxifwytalex-auth-token:0 (2.93.3) 2026-02-02T15:20:12.097Z #_acquireLock lock released for storage key sb-bgxknceshxxifwytalex-auth-token

[90mstdout[2m | tests/property/scoped-roles-processing-efficiency.test.ts[2m > [22m[2mProperty 10: Scoped Roles Processing Efficiency[2m > [22m[2mProperty 10.7: Project role operations should not affect org/system role caches
[22m[39mGoTrueClient@sb-bgxknceshxxifwytalex-auth-token:0 (2.93.3) 2026-02-02T15:20:12.097Z #_acquireLock end

stderr | tests/property/scoped-roles-processing-efficiency.test.ts > Property 10: Scoped Roles Processing Efficiency > Property 10.7: Project role operations should not affect org/system role caches
Error fetching org roles: {
  code: 'PGRST200',
  details: "Searched for a foreign key relationship between 'org_roles' and 'user_profiles' in the schema 'public', but no matches were found.",
  hint: null,
  message: "Could not find a relationship between 'org_roles' and 'user_profiles' in the schema cache"
}

[90mstdout[2m | tests/property/scoped-roles-processing-efficiency.test.ts[2m > [22m[2mProperty 10: Scoped Roles Processing Efficiency[2m > [22m[2mProperty 10.7: Project role operations should not affect org/system role caches
[22m[39mGoTrueClient@sb-bgxknceshxxifwytalex-auth-token:0 (2.93.3) 2026-02-02T15:20:12.102Z #_acquireLock begin [33m10000[39m
GoTrueClient@sb-bgxknceshxxifwytalex-auth-token:0 (2.93.3) 2026-02-02T15:20:12.102Z #_acquireLock lock acquired for storage key sb-bgxknceshxxifwytalex-auth-token
GoTrueClient@sb-bgxknceshxxifwytalex-auth-token:0 (2.93.3) 2026-02-02T15:20:12.102Z #_useSession begin
GoTrueClient@sb-bgxknceshxxifwytalex-auth-token:0 (2.93.3) 2026-02-02T15:20:12.102Z #__loadSession() begin

[90mstdout[2m | tests/property/scoped-roles-processing-efficiency.test.ts[2m > [22m[2mProperty 10: Scoped Roles Processing Efficiency[2m > [22m[2mProperty 10.7: Project role operations should not affect org/system role caches
[22m[39mGoTrueClient@sb-bgxknceshxxifwytalex-auth-token:0 (2.93.3) 2026-02-02T15:20:12.102Z #getSession() session from storage [1mnull[22m
GoTrueClient@sb-bgxknceshxxifwytalex-auth-token:0 (2.93.3) 2026-02-02T15:20:12.102Z #__loadSession() end

[90mstdout[2m | tests/property/scoped-roles-processing-efficiency.test.ts[2m > [22m[2mProperty 10: Scoped Roles Processing Efficiency[2m > [22m[2mProperty 10.7: Project role operations should not affect org/system role caches
[22m[39mGoTrueClient@sb-bgxknceshxxifwytalex-auth-token:0 (2.93.3) 2026-02-02T15:20:12.102Z #_useSession end

[90mstdout[2m | tests/property/scoped-roles-processing-efficiency.test.ts[2m > [22m[2mProperty 10: Scoped Roles Processing Efficiency[2m > [22m[2mProperty 10.7: Project role operations should not affect org/system role caches
[22m[39mGoTrueClient@sb-bgxknceshxxifwytalex-auth-token:0 (2.93.3) 2026-02-02T15:20:12.102Z #_acquireLock lock released for storage key sb-bgxknceshxxifwytalex-auth-token

[90mstdout[2m | tests/property/scoped-roles-processing-efficiency.test.ts[2m > [22m[2mProperty 10: Scoped Roles Processing Efficiency[2m > [22m[2mProperty 10.7: Project role operations should not affect org/system role caches
[22m[39mGoTrueClient@sb-bgxknceshxxifwytalex-auth-token:0 (2.93.3) 2026-02-02T15:20:12.102Z #_acquireLock end

stderr | tests/property/scoped-roles-processing-efficiency.test.ts > Property 10: Scoped Roles Processing Efficiency > Property 10.7: Project role operations should not affect org/system role caches
Error fetching project roles: {
  code: 'PGRST200',
  details: "Searched for a foreign key relationship between 'project_roles' and 'user_profiles' in the schema 'public', but no matches were found.",
  hint: null,
  message: "Could not find a relationship between 'project_roles' and 'user_profiles' in the schema cache"
}

[90mstdout[2m | tests/property/scoped-roles-processing-efficiency.test.ts[2m > [22m[2mProperty 10: Scoped Roles Processing Efficiency[2m > [22m[2mProperty 10.7: Project role operations should not affect org/system role caches
[22m[39mGoTrueClient@sb-bgxknceshxxifwytalex-auth-token:0 (2.93.3) 2026-02-02T15:20:12.141Z #_acquireLock begin [33m10000[39m
GoTrueClient@sb-bgxknceshxxifwytalex-auth-token:0 (2.93.3) 2026-02-02T15:20:12.141Z #_acquireLock lock acquired for storage key sb-bgxknceshxxifwytalex-auth-token
GoTrueClient@sb-bgxknceshxxifwytalex-auth-token:0 (2.93.3) 2026-02-02T15:20:12.141Z #_useSession begin
GoTrueClient@sb-bgxknceshxxifwytalex-auth-token:0 (2.93.3) 2026-02-02T15:20:12.141Z #__loadSession() begin

[90mstdout[2m | tests/property/scoped-roles-processing-efficiency.test.ts[2m > [22m[2mProperty 10: Scoped Roles Processing Efficiency[2m > [22m[2mProperty 10.7: Project role operations should not affect org/system role caches
[22m[39mGoTrueClient@sb-bgxknceshxxifwytalex-auth-token:0 (2.93.3) 2026-02-02T15:20:12.141Z #getSession() session from storage [1mnull[22m
GoTrueClient@sb-bgxknceshxxifwytalex-auth-token:0 (2.93.3) 2026-02-02T15:20:12.141Z #__loadSession() end

[90mstdout[2m | tests/property/scoped-roles-processing-efficiency.test.ts[2m > [22m[2mProperty 10: Scoped Roles Processing Efficiency[2m > [22m[2mProperty 10.7: Project role operations should not affect org/system role caches
[22m[39mGoTrueClient@sb-bgxknceshxxifwytalex-auth-token:0 (2.93.3) 2026-02-02T15:20:12.141Z #_useSession end

[90mstdout[2m | tests/property/scoped-roles-processing-efficiency.test.ts[2m > [22m[2mProperty 10: Scoped Roles Processing Efficiency[2m > [22m[2mProperty 10.7: Project role operations should not affect org/system role caches
[22m[39mGoTrueClient@sb-bgxknceshxxifwytalex-auth-token:0 (2.93.3) 2026-02-02T15:20:12.141Z #_acquireLock lock released for storage key sb-bgxknceshxxifwytalex-auth-token

[90mstdout[2m | tests/property/scoped-roles-processing-efficiency.test.ts[2m > [22m[2mProperty 10: Scoped Roles Processing Efficiency[2m > [22m[2mProperty 10.7: Project role operations should not affect org/system role caches
[22m[39mGoTrueClient@sb-bgxknceshxxifwytalex-auth-token:0 (2.93.3) 2026-02-02T15:20:12.142Z #_acquireLock end

stderr | tests/property/scoped-roles-processing-efficiency.test.ts > Property 10: Scoped Roles Processing Efficiency > Property 10.7: Project role operations should not affect org/system role caches
Error fetching project roles: {
  code: 'PGRST200',
  details: "Searched for a foreign key relationship between 'project_roles' and 'user_profiles' in the schema 'public', but no matches were found.",
  hint: null,
  message: "Could not find a relationship between 'project_roles' and 'user_profiles' in the schema cache"
}

[90mstdout[2m | tests/property/scoped-roles-processing-efficiency.test.ts[2m > [22m[2mProperty 10: Scoped Roles Processing Efficiency[2m > [22m[2mProperty 10.7: Project role operations should not affect org/system role caches
[22m[39mGoTrueClient@sb-bgxknceshxxifwytalex-auth-token:0 (2.93.3) 2026-02-02T15:20:12.156Z #_acquireLock begin [33m10000[39m
GoTrueClient@sb-bgxknceshxxifwytalex-auth-token:0 (2.93.3) 2026-02-02T15:20:12.156Z #_acquireLock lock acquired for storage key sb-bgxknceshxxifwytalex-auth-token
GoTrueClient@sb-bgxknceshxxifwytalex-auth-token:0 (2.93.3) 2026-02-02T15:20:12.156Z #_useSession begin
GoTrueClient@sb-bgxknceshxxifwytalex-auth-token:0 (2.93.3) 2026-02-02T15:20:12.156Z #__loadSession() begin

[90mstdout[2m | tests/property/scoped-roles-processing-efficiency.test.ts[2m > [22m[2mProperty 10: Scoped Roles Processing Efficiency[2m > [22m[2mProperty 10.7: Project role operations should not affect org/system role caches
[22m[39mGoTrueClient@sb-bgxknceshxxifwytalex-auth-token:0 (2.93.3) 2026-02-02T15:20:12.156Z #getSession() session from storage [1mnull[22m
GoTrueClient@sb-bgxknceshxxifwytalex-auth-token:0 (2.93.3) 2026-02-02T15:20:12.156Z #__loadSession() end

[90mstdout[2m | tests/property/scoped-roles-processing-efficiency.test.ts[2m > [22m[2mProperty 10: Scoped Roles Processing Efficiency[2m > [22m[2mProperty 10.7: Project role operations should not affect org/system role caches
[22m[39mGoTrueClient@sb-bgxknceshxxifwytalex-auth-token:0 (2.93.3) 2026-02-02T15:20:12.156Z #_useSession end

[90mstdout[2m | tests/property/scoped-roles-processing-efficiency.test.ts[2m > [22m[2mProperty 10: Scoped Roles Processing Efficiency[2m > [22m[2mProperty 10.7: Project role operations should not affect org/system role caches
[22m[39mGoTrueClient@sb-bgxknceshxxifwytalex-auth-token:0 (2.93.3) 2026-02-02T15:20:12.156Z #_acquireLock lock released for storage key sb-bgxknceshxxifwytalex-auth-token

[90mstdout[2m | tests/property/scoped-roles-processing-efficiency.test.ts[2m > [22m[2mProperty 10: Scoped Roles Processing Efficiency[2m > [22m[2mProperty 10.7: Project role operations should not affect org/system role caches
[22m[39mGoTrueClient@sb-bgxknceshxxifwytalex-auth-token:0 (2.93.3) 2026-02-02T15:20:12.157Z #_acquireLock end

[90mstdout[2m | tests/property/scoped-roles-processing-efficiency.test.ts[2m > [22m[2mProperty 10: Scoped Roles Processing Efficiency[2m > [22m[2mProperty 10.7: Project role operations should not affect org/system role caches
[22m[39mGoTrueClient@sb-bgxknceshxxifwytalex-auth-token:0 (2.93.3) 2026-02-02T15:20:12.290Z #_acquireLock begin [33m10000[39m
GoTrueClient@sb-bgxknceshxxifwytalex-auth-token:0 (2.93.3) 2026-02-02T15:20:12.291Z #_acquireLock lock acquired for storage key sb-bgxknceshxxifwytalex-auth-token
GoTrueClient@sb-bgxknceshxxifwytalex-auth-token:0 (2.93.3) 2026-02-02T15:20:12.291Z #_useSession begin
GoTrueClient@sb-bgxknceshxxifwytalex-auth-token:0 (2.93.3) 2026-02-02T15:20:12.291Z #__loadSession() begin

[90mstdout[2m | tests/property/scoped-roles-processing-efficiency.test.ts[2m > [22m[2mProperty 10: Scoped Roles Processing Efficiency[2m > [22m[2mProperty 10.7: Project role operations should not affect org/system role caches
[22m[39mGoTrueClient@sb-bgxknceshxxifwytalex-auth-token:0 (2.93.3) 2026-02-02T15:20:12.291Z #getSession() session from storage [1mnull[22m
GoTrueClient@sb-bgxknceshxxifwytalex-auth-token:0 (2.93.3) 2026-02-02T15:20:12.291Z #__loadSession() end

[90mstdout[2m | tests/property/scoped-roles-processing-efficiency.test.ts[2m > [22m[2mProperty 10: Scoped Roles Processing Efficiency[2m > [22m[2mProperty 10.7: Project role operations should not affect org/system role caches
[22m[39mGoTrueClient@sb-bgxknceshxxifwytalex-auth-token:0 (2.93.3) 2026-02-02T15:20:12.291Z #_useSession end

[90mstdout[2m | tests/property/scoped-roles-processing-efficiency.test.ts[2m > [22m[2mProperty 10: Scoped Roles Processing Efficiency[2m > [22m[2mProperty 10.7: Project role operations should not affect org/system role caches
[22m[39mGoTrueClient@sb-bgxknceshxxifwytalex-auth-token:0 (2.93.3) 2026-02-02T15:20:12.291Z #_acquireLock lock released for storage key sb-bgxknceshxxifwytalex-auth-token

[90mstdout[2m | tests/property/scoped-roles-processing-efficiency.test.ts[2m > [22m[2mProperty 10: Scoped Roles Processing Efficiency[2m > [22m[2mProperty 10.7: Project role operations should not affect org/system role caches
[22m[39mGoTrueClient@sb-bgxknceshxxifwytalex-auth-token:0 (2.93.3) 2026-02-02T15:20:12.291Z #_acquireLock end

stderr | tests/property/scoped-roles-processing-efficiency.test.ts > Property 10: Scoped Roles Processing Efficiency > Property 10.7: Project role operations should not affect org/system role caches
Error fetching project roles: {
  code: 'PGRST200',
  details: "Searched for a foreign key relationship between 'project_roles' and 'user_profiles' in the schema 'public', but no matches were found.",
  hint: null,
  message: "Could not find a relationship between 'project_roles' and 'user_profiles' in the schema cache"
}

[90mstdout[2m | tests/property/scoped-roles-processing-efficiency.test.ts[2m > [22m[2mProperty 10: Scoped Roles Processing Efficiency[2m > [22m[2mProperty 10.7: Project role operations should not affect org/system role caches
[22m[39mGoTrueClient@sb-bgxknceshxxifwytalex-auth-token:0 (2.93.3) 2026-02-02T15:20:12.297Z #_acquireLock begin [33m10000[39m
GoTrueClient@sb-bgxknceshxxifwytalex-auth-token:0 (2.93.3) 2026-02-02T15:20:12.297Z #_acquireLock lock acquired for storage key sb-bgxknceshxxifwytalex-auth-token
GoTrueClient@sb-bgxknceshxxifwytalex-auth-token:0 (2.93.3) 2026-02-02T15:20:12.297Z #_useSession begin
GoTrueClient@sb-bgxknceshxxifwytalex-auth-token:0 (2.93.3) 2026-02-02T15:20:12.297Z #__loadSession() begin

[90mstdout[2m | tests/property/scoped-roles-processing-efficiency.test.ts[2m > [22m[2mProperty 10: Scoped Roles Processing Efficiency[2m > [22m[2mProperty 10.7: Project role operations should not affect org/system role caches
[22m[39mGoTrueClient@sb-bgxknceshxxifwytalex-auth-token:0 (2.93.3) 2026-02-02T15:20:12.297Z #getSession() session from storage [1mnull[22m
GoTrueClient@sb-bgxknceshxxifwytalex-auth-token:0 (2.93.3) 2026-02-02T15:20:12.297Z #__loadSession() end

[90mstdout[2m | tests/property/scoped-roles-processing-efficiency.test.ts[2m > [22m[2mProperty 10: Scoped Roles Processing Efficiency[2m > [22m[2mProperty 10.7: Project role operations should not affect org/system role caches
[22m[39mGoTrueClient@sb-bgxknceshxxifwytalex-auth-token:0 (2.93.3) 2026-02-02T15:20:12.297Z #_useSession end

[90mstdout[2m | tests/property/scoped-roles-processing-efficiency.test.ts[2m > [22m[2mProperty 10: Scoped Roles Processing Efficiency[2m > [22m[2mProperty 10.7: Project role operations should not affect org/system role caches
[22m[39mGoTrueClient@sb-bgxknceshxxifwytalex-auth-token:0 (2.93.3) 2026-02-02T15:20:12.297Z #_acquireLock lock released for storage key sb-bgxknceshxxifwytalex-auth-token

[90mstdout[2m | tests/property/scoped-roles-processing-efficiency.test.ts[2m > [22m[2mProperty 10: Scoped Roles Processing Efficiency[2m > [22m[2mProperty 10.7: Project role operations should not affect org/system role caches
[22m[39mGoTrueClient@sb-bgxknceshxxifwytalex-auth-token:0 (2.93.3) 2026-02-02T15:20:12.297Z #_acquireLock end

stderr | tests/property/scoped-roles-processing-efficiency.test.ts > Property 10: Scoped Roles Processing Efficiency > Property 10.7: Project role operations should not affect org/system role caches
Error fetching project roles: {
  code: 'PGRST200',
  details: "Searched for a foreign key relationship between 'project_roles' and 'user_profiles' in the schema 'public', but no matches were found.",
  hint: null,
  message: "Could not find a relationship between 'project_roles' and 'user_profiles' in the schema cache"
}

[90mstdout[2m | tests/property/scoped-roles-processing-efficiency.test.ts[2m > [22m[2mProperty 10: Scoped Roles Processing Efficiency[2m > [22m[2mProperty 10.7: Project role operations should not affect org/system role caches
[22m[39mGoTrueClient@sb-bgxknceshxxifwytalex-auth-token:0 (2.93.3) 2026-02-02T15:20:12.301Z #_acquireLock begin [33m10000[39m
GoTrueClient@sb-bgxknceshxxifwytalex-auth-token:0 (2.93.3) 2026-02-02T15:20:12.301Z #_acquireLock lock acquired for storage key sb-bgxknceshxxifwytalex-auth-token
GoTrueClient@sb-bgxknceshxxifwytalex-auth-token:0 (2.93.3) 2026-02-02T15:20:12.301Z #_useSession begin
GoTrueClient@sb-bgxknceshxxifwytalex-auth-token:0 (2.93.3) 2026-02-02T15:20:12.301Z #__loadSession() begin

[90mstdout[2m | tests/property/scoped-roles-processing-efficiency.test.ts[2m > [22m[2mProperty 10: Scoped Roles Processing Efficiency[2m > [22m[2mProperty 10.7: Project role operations should not affect org/system role caches
[22m[39mGoTrueClient@sb-bgxknceshxxifwytalex-auth-token:0 (2.93.3) 2026-02-02T15:20:12.301Z #getSession() session from storage [1mnull[22m
GoTrueClient@sb-bgxknceshxxifwytalex-auth-token:0 (2.93.3) 2026-02-02T15:20:12.301Z #__loadSession() end

[90mstdout[2m | tests/property/scoped-roles-processing-efficiency.test.ts[2m > [22m[2mProperty 10: Scoped Roles Processing Efficiency[2m > [22m[2mProperty 10.7: Project role operations should not affect org/system role caches
[22m[39mGoTrueClient@sb-bgxknceshxxifwytalex-auth-token:0 (2.93.3) 2026-02-02T15:20:12.301Z #_useSession end

[90mstdout[2m | tests/property/scoped-roles-processing-efficiency.test.ts[2m > [22m[2mProperty 10: Scoped Roles Processing Efficiency[2m > [22m[2mProperty 10.7: Project role operations should not affect org/system role caches
[22m[39mGoTrueClient@sb-bgxknceshxxifwytalex-auth-token:0 (2.93.3) 2026-02-02T15:20:12.301Z #_acquireLock lock released for storage key sb-bgxknceshxxifwytalex-auth-token

[90mstdout[2m | tests/property/scoped-roles-processing-efficiency.test.ts[2m > [22m[2mProperty 10: Scoped Roles Processing Efficiency[2m > [22m[2mProperty 10.7: Project role operations should not affect org/system role caches
[22m[39mGoTrueClient@sb-bgxknceshxxifwytalex-auth-token:0 (2.93.3) 2026-02-02T15:20:12.301Z #_acquireLock end

stderr | tests/property/scoped-roles-processing-efficiency.test.ts > Property 10: Scoped Roles Processing Efficiency > Property 10.7: Project role operations should not affect org/system role caches
Error fetching org roles: {
  code: 'PGRST200',
  details: "Searched for a foreign key relationship between 'org_roles' and 'user_profiles' in the schema 'public', but no matches were found.",
  hint: null,
  message: "Could not find a relationship between 'org_roles' and 'user_profiles' in the schema cache"
}

[90mstdout[2m | tests/property/scoped-roles-processing-efficiency.test.ts[2m > [22m[2mProperty 10: Scoped Roles Processing Efficiency[2m > [22m[2mProperty 10.7: Project role operations should not affect org/system role caches
[22m[39mGoTrueClient@sb-bgxknceshxxifwytalex-auth-token:0 (2.93.3) 2026-02-02T15:20:12.308Z #_acquireLock begin [33m10000[39m
GoTrueClient@sb-bgxknceshxxifwytalex-auth-token:0 (2.93.3) 2026-02-02T15:20:12.308Z #_acquireLock lock acquired for storage key sb-bgxknceshxxifwytalex-auth-token
GoTrueClient@sb-bgxknceshxxifwytalex-auth-token:0 (2.93.3) 2026-02-02T15:20:12.308Z #_useSession begin
GoTrueClient@sb-bgxknceshxxifwytalex-auth-token:0 (2.93.3) 2026-02-02T15:20:12.308Z #__loadSession() begin

[90mstdout[2m | tests/property/scoped-roles-processing-efficiency.test.ts[2m > [22m[2mProperty 10: Scoped Roles Processing Efficiency[2m > [22m[2mProperty 10.7: Project role operations should not affect org/system role caches
[22m[39mGoTrueClient@sb-bgxknceshxxifwytalex-auth-token:0 (2.93.3) 2026-02-02T15:20:12.308Z #getSession() session from storage [1mnull[22m
GoTrueClient@sb-bgxknceshxxifwytalex-auth-token:0 (2.93.3) 2026-02-02T15:20:12.309Z #__loadSession() end

[90mstdout[2m | tests/property/scoped-roles-processing-efficiency.test.ts[2m > [22m[2mProperty 10: Scoped Roles Processing Efficiency[2m > [22m[2mProperty 10.7: Project role operations should not affect org/system role caches
[22m[39mGoTrueClient@sb-bgxknceshxxifwytalex-auth-token:0 (2.93.3) 2026-02-02T15:20:12.309Z #_useSession end

[90mstdout[2m | tests/property/scoped-roles-processing-efficiency.test.ts[2m > [22m[2mProperty 10: Scoped Roles Processing Efficiency[2m > [22m[2mProperty 10.7: Project role operations should not affect org/system role caches
[22m[39mGoTrueClient@sb-bgxknceshxxifwytalex-auth-token:0 (2.93.3) 2026-02-02T15:20:12.309Z #_acquireLock lock released for storage key sb-bgxknceshxxifwytalex-auth-token

[90mstdout[2m | tests/property/scoped-roles-processing-efficiency.test.ts[2m > [22m[2mProperty 10: Scoped Roles Processing Efficiency[2m > [22m[2mProperty 10.7: Project role operations should not affect org/system role caches
[22m[39mGoTrueClient@sb-bgxknceshxxifwytalex-auth-token:0 (2.93.3) 2026-02-02T15:20:12.309Z #_acquireLock end

stderr | tests/property/scoped-roles-processing-efficiency.test.ts > Property 10: Scoped Roles Processing Efficiency > Property 10.7: Project role operations should not affect org/system role caches
Error fetching project roles: {
  code: 'PGRST200',
  details: "Searched for a foreign key relationship between 'project_roles' and 'user_profiles' in the schema 'public', but no matches were found.",
  hint: null,
  message: "Could not find a relationship between 'project_roles' and 'user_profiles' in the schema cache"
}

[90mstdout[2m | tests/property/scoped-roles-processing-efficiency.test.ts[2m > [22m[2mProperty 10: Scoped Roles Processing Efficiency[2m > [22m[2mProperty 10.7: Project role operations should not affect org/system role caches
[22m[39mGoTrueClient@sb-bgxknceshxxifwytalex-auth-token:0 (2.93.3) 2026-02-02T15:20:12.347Z #_acquireLock begin [33m10000[39m
GoTrueClient@sb-bgxknceshxxifwytalex-auth-token:0 (2.93.3) 2026-02-02T15:20:12.347Z #_acquireLock lock acquired for storage key sb-bgxknceshxxifwytalex-auth-token
GoTrueClient@sb-bgxknceshxxifwytalex-auth-token:0 (2.93.3) 2026-02-02T15:20:12.347Z #_useSession begin
GoTrueClient@sb-bgxknceshxxifwytalex-auth-token:0 (2.93.3) 2026-02-02T15:20:12.347Z #__loadSession() begin

[90mstdout[2m | tests/property/scoped-roles-processing-efficiency.test.ts[2m > [22m[2mProperty 10: Scoped Roles Processing Efficiency[2m > [22m[2mProperty 10.7: Project role operations should not affect org/system role caches
[22m[39mGoTrueClient@sb-bgxknceshxxifwytalex-auth-token:0 (2.93.3) 2026-02-02T15:20:12.347Z #getSession() session from storage [1mnull[22m
GoTrueClient@sb-bgxknceshxxifwytalex-auth-token:0 (2.93.3) 2026-02-02T15:20:12.347Z #__loadSession() end

[90mstdout[2m | tests/property/scoped-roles-processing-efficiency.test.ts[2m > [22m[2mProperty 10: Scoped Roles Processing Efficiency[2m > [22m[2mProperty 10.7: Project role operations should not affect org/system role caches
[22m[39mGoTrueClient@sb-bgxknceshxxifwytalex-auth-token:0 (2.93.3) 2026-02-02T15:20:12.348Z #_useSession end

[90mstdout[2m | tests/property/scoped-roles-processing-efficiency.test.ts[2m > [22m[2mProperty 10: Scoped Roles Processing Efficiency[2m > [22m[2mProperty 10.7: Project role operations should not affect org/system role caches
[22m[39mGoTrueClient@sb-bgxknceshxxifwytalex-auth-token:0 (2.93.3) 2026-02-02T15:20:12.348Z #_acquireLock lock released for storage key sb-bgxknceshxxifwytalex-auth-token

[90mstdout[2m | tests/property/scoped-roles-processing-efficiency.test.ts[2m > [22m[2mProperty 10: Scoped Roles Processing Efficiency[2m > [22m[2mProperty 10.7: Project role operations should not affect org/system role caches
[22m[39mGoTrueClient@sb-bgxknceshxxifwytalex-auth-token:0 (2.93.3) 2026-02-02T15:20:12.348Z #_acquireLock end

[90mstdout[2m | tests/property/scoped-roles-processing-efficiency.test.ts[2m > [22m[2mProperty 10: Scoped Roles Processing Efficiency[2m > [22m[2mProperty 10.7: Project role operations should not affect org/system role caches
[22m[39mGoTrueClient@sb-bgxknceshxxifwytalex-auth-token:0 (2.93.3) 2026-02-02T15:20:12.350Z #_acquireLock begin [33m10000[39m
GoTrueClient@sb-bgxknceshxxifwytalex-auth-token:0 (2.93.3) 2026-02-02T15:20:12.350Z #_acquireLock lock acquired for storage key sb-bgxknceshxxifwytalex-auth-token
GoTrueClient@sb-bgxknceshxxifwytalex-auth-token:0 (2.93.3) 2026-02-02T15:20:12.350Z #_useSession begin
GoTrueClient@sb-bgxknceshxxifwytalex-auth-token:0 (2.93.3) 2026-02-02T15:20:12.350Z #__loadSession() begin

[90mstdout[2m | tests/property/scoped-roles-processing-efficiency.test.ts[2m > [22m[2mProperty 10: Scoped Roles Processing Efficiency[2m > [22m[2mProperty 10.7: Project role operations should not affect org/system role caches
[22m[39mGoTrueClient@sb-bgxknceshxxifwytalex-auth-token:0 (2.93.3) 2026-02-02T15:20:12.350Z #getSession() session from storage [1mnull[22m
GoTrueClient@sb-bgxknceshxxifwytalex-auth-token:0 (2.93.3) 2026-02-02T15:20:12.350Z #__loadSession() end

[90mstdout[2m | tests/property/scoped-roles-processing-efficiency.test.ts[2m > [22m[2mProperty 10: Scoped Roles Processing Efficiency[2m > [22m[2mProperty 10.7: Project role operations should not affect org/system role caches
[22m[39mGoTrueClient@sb-bgxknceshxxifwytalex-auth-token:0 (2.93.3) 2026-02-02T15:20:12.351Z #_useSession end

[90mstdout[2m | tests/property/scoped-roles-processing-efficiency.test.ts[2m > [22m[2mProperty 10: Scoped Roles Processing Efficiency[2m > [22m[2mProperty 10.7: Project role operations should not affect org/system role caches
[22m[39mGoTrueClient@sb-bgxknceshxxifwytalex-auth-token:0 (2.93.3) 2026-02-02T15:20:12.351Z #_acquireLock lock released for storage key sb-bgxknceshxxifwytalex-auth-token

[90mstdout[2m | tests/property/scoped-roles-processing-efficiency.test.ts[2m > [22m[2mProperty 10: Scoped Roles Processing Efficiency[2m > [22m[2mProperty 10.7: Project role operations should not affect org/system role caches
[22m[39mGoTrueClient@sb-bgxknceshxxifwytalex-auth-token:0 (2.93.3) 2026-02-02T15:20:12.351Z #_acquireLock end

stderr | tests/property/scoped-roles-processing-efficiency.test.ts > Property 10: Scoped Roles Processing Efficiency > Property 10.7: Project role operations should not affect org/system role caches
Error fetching org roles: {
  code: 'PGRST200',
  details: "Searched for a foreign key relationship between 'org_roles' and 'user_profiles' in the schema 'public', but no matches were found.",
  hint: null,
  message: "Could not find a relationship between 'org_roles' and 'user_profiles' in the schema cache"
}

[90mstdout[2m | tests/property/scoped-roles-processing-efficiency.test.ts[2m > [22m[2mProperty 10: Scoped Roles Processing Efficiency[2m > [22m[2mProperty 10.7: Project role operations should not affect org/system role caches
[22m[39mGoTrueClient@sb-bgxknceshxxifwytalex-auth-token:0 (2.93.3) 2026-02-02T15:20:12.500Z #_acquireLock begin [33m10000[39m
GoTrueClient@sb-bgxknceshxxifwytalex-auth-token:0 (2.93.3) 2026-02-02T15:20:12.500Z #_acquireLock lock acquired for storage key sb-bgxknceshxxifwytalex-auth-token
GoTrueClient@sb-bgxknceshxxifwytalex-auth-token:0 (2.93.3) 2026-02-02T15:20:12.500Z #_useSession begin
GoTrueClient@sb-bgxknceshxxifwytalex-auth-token:0 (2.93.3) 2026-02-02T15:20:12.500Z #__loadSession() begin

[90mstdout[2m | tests/property/scoped-roles-processing-efficiency.test.ts[2m > [22m[2mProperty 10: Scoped Roles Processing Efficiency[2m > [22m[2mProperty 10.7: Project role operations should not affect org/system role caches
[22m[39mGoTrueClient@sb-bgxknceshxxifwytalex-auth-token:0 (2.93.3) 2026-02-02T15:20:12.501Z #getSession() session from storage [1mnull[22m
GoTrueClient@sb-bgxknceshxxifwytalex-auth-token:0 (2.93.3) 2026-02-02T15:20:12.501Z #__loadSession() end

[90mstdout[2m | tests/property/scoped-roles-processing-efficiency.test.ts[2m > [22m[2mProperty 10: Scoped Roles Processing Efficiency[2m > [22m[2mProperty 10.7: Project role operations should not affect org/system role caches
[22m[39mGoTrueClient@sb-bgxknceshxxifwytalex-auth-token:0 (2.93.3) 2026-02-02T15:20:12.501Z #_useSession end

[90mstdout[2m | tests/property/scoped-roles-processing-efficiency.test.ts[2m > [22m[2mProperty 10: Scoped Roles Processing Efficiency[2m > [22m[2mProperty 10.7: Project role operations should not affect org/system role caches
[22m[39mGoTrueClient@sb-bgxknceshxxifwytalex-auth-token:0 (2.93.3) 2026-02-02T15:20:12.501Z #_acquireLock lock released for storage key sb-bgxknceshxxifwytalex-auth-token

[90mstdout[2m | tests/property/scoped-roles-processing-efficiency.test.ts[2m > [22m[2mProperty 10: Scoped Roles Processing Efficiency[2m > [22m[2mProperty 10.7: Project role operations should not affect org/system role caches
[22m[39mGoTrueClient@sb-bgxknceshxxifwytalex-auth-token:0 (2.93.3) 2026-02-02T15:20:12.501Z #_acquireLock end

stderr | tests/property/scoped-roles-processing-efficiency.test.ts > Property 10: Scoped Roles Processing Efficiency > Property 10.7: Project role operations should not affect org/system role caches
Error fetching project roles: {
  code: 'PGRST200',
  details: "Searched for a foreign key relationship between 'project_roles' and 'user_profiles' in the schema 'public', but no matches were found.",
  hint: null,
  message: "Could not find a relationship between 'project_roles' and 'user_profiles' in the schema cache"
}

[90mstdout[2m | tests/property/scoped-roles-processing-efficiency.test.ts[2m > [22m[2mProperty 10: Scoped Roles Processing Efficiency[2m > [22m[2mProperty 10.7: Project role operations should not affect org/system role caches
[22m[39mGoTrueClient@sb-bgxknceshxxifwytalex-auth-token:0 (2.93.3) 2026-02-02T15:20:12.507Z #_acquireLock begin [33m10000[39m
GoTrueClient@sb-bgxknceshxxifwytalex-auth-token:0 (2.93.3) 2026-02-02T15:20:12.507Z #_acquireLock lock acquired for storage key sb-bgxknceshxxifwytalex-auth-token
GoTrueClient@sb-bgxknceshxxifwytalex-auth-token:0 (2.93.3) 2026-02-02T15:20:12.507Z #_useSession begin
GoTrueClient@sb-bgxknceshxxifwytalex-auth-token:0 (2.93.3) 2026-02-02T15:20:12.507Z #__loadSession() begin

[90mstdout[2m | tests/property/scoped-roles-processing-efficiency.test.ts[2m > [22m[2mProperty 10: Scoped Roles Processing Efficiency[2m > [22m[2mProperty 10.7: Project role operations should not affect org/system role caches
[22m[39mGoTrueClient@sb-bgxknceshxxifwytalex-auth-token:0 (2.93.3) 2026-02-02T15:20:12.507Z #getSession() session from storage [1mnull[22m
GoTrueClient@sb-bgxknceshxxifwytalex-auth-token:0 (2.93.3) 2026-02-02T15:20:12.507Z #__loadSession() end

[90mstdout[2m | tests/property/scoped-roles-processing-efficiency.test.ts[2m > [22m[2mProperty 10: Scoped Roles Processing Efficiency[2m > [22m[2mProperty 10.7: Project role operations should not affect org/system role caches
[22m[39mGoTrueClient@sb-bgxknceshxxifwytalex-auth-token:0 (2.93.3) 2026-02-02T15:20:12.507Z #_useSession end

[90mstdout[2m | tests/property/scoped-roles-processing-efficiency.test.ts[2m > [22m[2mProperty 10: Scoped Roles Processing Efficiency[2m > [22m[2mProperty 10.7: Project role operations should not affect org/system role caches
[22m[39mGoTrueClient@sb-bgxknceshxxifwytalex-auth-token:0 (2.93.3) 2026-02-02T15:20:12.507Z #_acquireLock lock released for storage key sb-bgxknceshxxifwytalex-auth-token

[90mstdout[2m | tests/property/scoped-roles-processing-efficiency.test.ts[2m > [22m[2mProperty 10: Scoped Roles Processing Efficiency[2m > [22m[2mProperty 10.7: Project role operations should not affect org/system role caches
[22m[39mGoTrueClient@sb-bgxknceshxxifwytalex-auth-token:0 (2.93.3) 2026-02-02T15:20:12.507Z #_acquireLock end

stderr | tests/property/scoped-roles-processing-efficiency.test.ts > Property 10: Scoped Roles Processing Efficiency > Property 10.7: Project role operations should not affect org/system role caches
Error fetching org roles: {
  code: 'PGRST200',
  details: "Searched for a foreign key relationship between 'org_roles' and 'user_profiles' in the schema 'public', but no matches were found.",
  hint: null,
  message: "Could not find a relationship between 'org_roles' and 'user_profiles' in the schema cache"
}

[90mstdout[2m | tests/property/scoped-roles-processing-efficiency.test.ts[2m > [22m[2mProperty 10: Scoped Roles Processing Efficiency[2m > [22m[2mProperty 10.7: Project role operations should not affect org/system role caches
[22m[39mGoTrueClient@sb-bgxknceshxxifwytalex-auth-token:0 (2.93.3) 2026-02-02T15:20:12.529Z #_acquireLock begin [33m10000[39m
GoTrueClient@sb-bgxknceshxxifwytalex-auth-token:0 (2.93.3) 2026-02-02T15:20:12.529Z #_acquireLock lock acquired for storage key sb-bgxknceshxxifwytalex-auth-token
GoTrueClient@sb-bgxknceshxxifwytalex-auth-token:0 (2.93.3) 2026-02-02T15:20:12.529Z #_useSession begin
GoTrueClient@sb-bgxknceshxxifwytalex-auth-token:0 (2.93.3) 2026-02-02T15:20:12.529Z #__loadSession() begin

[90mstdout[2m | tests/property/scoped-roles-processing-efficiency.test.ts[2m > [22m[2mProperty 10: Scoped Roles Processing Efficiency[2m > [22m[2mProperty 10.7: Project role operations should not affect org/system role caches
[22m[39mGoTrueClient@sb-bgxknceshxxifwytalex-auth-token:0 (2.93.3) 2026-02-02T15:20:12.529Z #getSession() session from storage [1mnull[22m
GoTrueClient@sb-bgxknceshxxifwytalex-auth-token:0 (2.93.3) 2026-02-02T15:20:12.529Z #__loadSession() end

[90mstdout[2m | tests/property/scoped-roles-processing-efficiency.test.ts[2m > [22m[2mProperty 10: Scoped Roles Processing Efficiency[2m > [22m[2mProperty 10.7: Project role operations should not affect org/system role caches
[22m[39mGoTrueClient@sb-bgxknceshxxifwytalex-auth-token:0 (2.93.3) 2026-02-02T15:20:12.529Z #_useSession end

[90mstdout[2m | tests/property/scoped-roles-processing-efficiency.test.ts[2m > [22m[2mProperty 10: Scoped Roles Processing Efficiency[2m > [22m[2mProperty 10.7: Project role operations should not affect org/system role caches
[22m[39mGoTrueClient@sb-bgxknceshxxifwytalex-auth-token:0 (2.93.3) 2026-02-02T15:20:12.529Z #_acquireLock lock released for storage key sb-bgxknceshxxifwytalex-auth-token

[90mstdout[2m | tests/property/scoped-roles-processing-efficiency.test.ts[2m > [22m[2mProperty 10: Scoped Roles Processing Efficiency[2m > [22m[2mProperty 10.7: Project role operations should not affect org/system role caches
[22m[39mGoTrueClient@sb-bgxknceshxxifwytalex-auth-token:0 (2.93.3) 2026-02-02T15:20:12.529Z #_acquireLock end

[90mstdout[2m | tests/property/scoped-roles-processing-efficiency.test.ts[2m > [22m[2mProperty 10: Scoped Roles Processing Efficiency[2m > [22m[2mProperty 10.7: Project role operations should not affect org/system role caches
[22m[39mGoTrueClient@sb-bgxknceshxxifwytalex-auth-token:0 (2.93.3) 2026-02-02T15:20:12.536Z #_acquireLock begin [33m10000[39m
GoTrueClient@sb-bgxknceshxxifwytalex-auth-token:0 (2.93.3) 2026-02-02T15:20:12.536Z #_acquireLock lock acquired for storage key sb-bgxknceshxxifwytalex-auth-token
GoTrueClient@sb-bgxknceshxxifwytalex-auth-token:0 (2.93.3) 2026-02-02T15:20:12.536Z #_useSession begin
GoTrueClient@sb-bgxknceshxxifwytalex-auth-token:0 (2.93.3) 2026-02-02T15:20:12.536Z #__loadSession() begin

[90mstdout[2m | tests/property/scoped-roles-processing-efficiency.test.ts[2m > [22m[2mProperty 10: Scoped Roles Processing Efficiency[2m > [22m[2mProperty 10.7: Project role operations should not affect org/system role caches
[22m[39mGoTrueClient@sb-bgxknceshxxifwytalex-auth-token:0 (2.93.3) 2026-02-02T15:20:12.536Z #getSession() session from storage [1mnull[22m
GoTrueClient@sb-bgxknceshxxifwytalex-auth-token:0 (2.93.3) 2026-02-02T15:20:12.536Z #__loadSession() end

[90mstdout[2m | tests/property/scoped-roles-processing-efficiency.test.ts[2m > [22m[2mProperty 10: Scoped Roles Processing Efficiency[2m > [22m[2mProperty 10.7: Project role operations should not affect org/system role caches
[22m[39mGoTrueClient@sb-bgxknceshxxifwytalex-auth-token:0 (2.93.3) 2026-02-02T15:20:12.536Z #_useSession end

[90mstdout[2m | tests/property/scoped-roles-processing-efficiency.test.ts[2m > [22m[2mProperty 10: Scoped Roles Processing Efficiency[2m > [22m[2mProperty 10.7: Project role operations should not affect org/system role caches
[22m[39mGoTrueClient@sb-bgxknceshxxifwytalex-auth-token:0 (2.93.3) 2026-02-02T15:20:12.536Z #_acquireLock lock released for storage key sb-bgxknceshxxifwytalex-auth-token

[90mstdout[2m | tests/property/scoped-roles-processing-efficiency.test.ts[2m > [22m[2mProperty 10: Scoped Roles Processing Efficiency[2m > [22m[2mProperty 10.7: Project role operations should not affect org/system role caches
[22m[39mGoTrueClient@sb-bgxknceshxxifwytalex-auth-token:0 (2.93.3) 2026-02-02T15:20:12.536Z #_acquireLock end

stderr | tests/property/scoped-roles-processing-efficiency.test.ts > Property 10: Scoped Roles Processing Efficiency > Property 10.7: Project role operations should not affect org/system role caches
Error fetching org roles: {
  code: 'PGRST200',
  details: "Searched for a foreign key relationship between 'org_roles' and 'user_profiles' in the schema 'public', but no matches were found.",
  hint: null,
  message: "Could not find a relationship between 'org_roles' and 'user_profiles' in the schema cache"
}

[90mstdout[2m | tests/property/scoped-roles-processing-efficiency.test.ts[2m > [22m[2mProperty 10: Scoped Roles Processing Efficiency[2m > [22m[2mProperty 10.7: Project role operations should not affect org/system role caches
[22m[39mGoTrueClient@sb-bgxknceshxxifwytalex-auth-token:0 (2.93.3) 2026-02-02T15:20:12.546Z #_acquireLock begin [33m10000[39m
GoTrueClient@sb-bgxknceshxxifwytalex-auth-token:0 (2.93.3) 2026-02-02T15:20:12.546Z #_acquireLock lock acquired for storage key sb-bgxknceshxxifwytalex-auth-token
GoTrueClient@sb-bgxknceshxxifwytalex-auth-token:0 (2.93.3) 2026-02-02T15:20:12.546Z #_useSession begin
GoTrueClient@sb-bgxknceshxxifwytalex-auth-token:0 (2.93.3) 2026-02-02T15:20:12.546Z #__loadSession() begin

[90mstdout[2m | tests/property/scoped-roles-processing-efficiency.test.ts[2m > [22m[2mProperty 10: Scoped Roles Processing Efficiency[2m > [22m[2mProperty 10.7: Project role operations should not affect org/system role caches
[22m[39mGoTrueClient@sb-bgxknceshxxifwytalex-auth-token:0 (2.93.3) 2026-02-02T15:20:12.546Z #getSession() session from storage [1mnull[22m
GoTrueClient@sb-bgxknceshxxifwytalex-auth-token:0 (2.93.3) 2026-02-02T15:20:12.546Z #__loadSession() end

[90mstdout[2m | tests/property/scoped-roles-processing-efficiency.test.ts[2m > [22m[2mProperty 10: Scoped Roles Processing Efficiency[2m > [22m[2mProperty 10.7: Project role operations should not affect org/system role caches
[22m[39mGoTrueClient@sb-bgxknceshxxifwytalex-auth-token:0 (2.93.3) 2026-02-02T15:20:12.546Z #_useSession end

[90mstdout[2m | tests/property/scoped-roles-processing-efficiency.test.ts[2m > [22m[2mProperty 10: Scoped Roles Processing Efficiency[2m > [22m[2mProperty 10.7: Project role operations should not affect org/system role caches
[22m[39mGoTrueClient@sb-bgxknceshxxifwytalex-auth-token:0 (2.93.3) 2026-02-02T15:20:12.546Z #_acquireLock lock released for storage key sb-bgxknceshxxifwytalex-auth-token

[90mstdout[2m | tests/property/scoped-roles-processing-efficiency.test.ts[2m > [22m[2mProperty 10: Scoped Roles Processing Efficiency[2m > [22m[2mProperty 10.7: Project role operations should not affect org/system role caches
[22m[39mGoTrueClient@sb-bgxknceshxxifwytalex-auth-token:0 (2.93.3) 2026-02-02T15:20:12.546Z #_acquireLock end

stderr | tests/property/scoped-roles-processing-efficiency.test.ts > Property 10: Scoped Roles Processing Efficiency > Property 10.7: Project role operations should not affect org/system role caches
Error fetching project roles: {
  code: 'PGRST200',
  details: "Searched for a foreign key relationship between 'project_roles' and 'user_profiles' in the schema 'public', but no matches were found.",
  hint: null,
  message: "Could not find a relationship between 'project_roles' and 'user_profiles' in the schema cache"
}

[90mstdout[2m | tests/property/scoped-roles-processing-efficiency.test.ts[2m > [22m[2mProperty 10: Scoped Roles Processing Efficiency[2m > [22m[2mProperty 10.7: Project role operations should not affect org/system role caches
[22m[39mGoTrueClient@sb-bgxknceshxxifwytalex-auth-token:0 (2.93.3) 2026-02-02T15:20:12.550Z #_acquireLock begin [33m10000[39m
GoTrueClient@sb-bgxknceshxxifwytalex-auth-token:0 (2.93.3) 2026-02-02T15:20:12.550Z #_acquireLock lock acquired for storage key sb-bgxknceshxxifwytalex-auth-token
GoTrueClient@sb-bgxknceshxxifwytalex-auth-token:0 (2.93.3) 2026-02-02T15:20:12.550Z #_useSession begin
GoTrueClient@sb-bgxknceshxxifwytalex-auth-token:0 (2.93.3) 2026-02-02T15:20:12.550Z #__loadSession() begin

[90mstdout[2m | tests/property/scoped-roles-processing-efficiency.test.ts[2m > [22m[2mProperty 10: Scoped Roles Processing Efficiency[2m > [22m[2mProperty 10.7: Project role operations should not affect org/system role caches
[22m[39mGoTrueClient@sb-bgxknceshxxifwytalex-auth-token:0 (2.93.3) 2026-02-02T15:20:12.550Z #getSession() session from storage [1mnull[22m
GoTrueClient@sb-bgxknceshxxifwytalex-auth-token:0 (2.93.3) 2026-02-02T15:20:12.550Z #__loadSession() end

[90mstdout[2m | tests/property/scoped-roles-processing-efficiency.test.ts[2m > [22m[2mProperty 10: Scoped Roles Processing Efficiency[2m > [22m[2mProperty 10.7: Project role operations should not affect org/system role caches
[22m[39mGoTrueClient@sb-bgxknceshxxifwytalex-auth-token:0 (2.93.3) 2026-02-02T15:20:12.550Z #_useSession end

[90mstdout[2m | tests/property/scoped-roles-processing-efficiency.test.ts[2m > [22m[2mProperty 10: Scoped Roles Processing Efficiency[2m > [22m[2mProperty 10.7: Project role operations should not affect org/system role caches
[22m[39mGoTrueClient@sb-bgxknceshxxifwytalex-auth-token:0 (2.93.3) 2026-02-02T15:20:12.550Z #_acquireLock lock released for storage key sb-bgxknceshxxifwytalex-auth-token

[90mstdout[2m | tests/property/scoped-roles-processing-efficiency.test.ts[2m > [22m[2mProperty 10: Scoped Roles Processing Efficiency[2m > [22m[2mProperty 10.7: Project role operations should not affect org/system role caches
[22m[39mGoTrueClient@sb-bgxknceshxxifwytalex-auth-token:0 (2.93.3) 2026-02-02T15:20:12.550Z #_acquireLock end

[90mstdout[2m | tests/property/scoped-roles-processing-efficiency.test.ts[2m > [22m[2mProperty 10: Scoped Roles Processing Efficiency[2m > [22m[2mProperty 10.8: System role operations should not affect org/project role caches
[22m[39mGoTrueClient@sb-bgxknceshxxifwytalex-auth-token:0 (2.93.3) 2026-02-02T15:20:12.664Z #_acquireLock begin [33m10000[39m
GoTrueClient@sb-bgxknceshxxifwytalex-auth-token:0 (2.93.3) 2026-02-02T15:20:12.664Z #_acquireLock lock acquired for storage key sb-bgxknceshxxifwytalex-auth-token
GoTrueClient@sb-bgxknceshxxifwytalex-auth-token:0 (2.93.3) 2026-02-02T15:20:12.664Z #_useSession begin
GoTrueClient@sb-bgxknceshxxifwytalex-auth-token:0 (2.93.3) 2026-02-02T15:20:12.664Z #__loadSession() begin

[90mstdout[2m | tests/property/scoped-roles-processing-efficiency.test.ts[2m > [22m[2mProperty 10: Scoped Roles Processing Efficiency[2m > [22m[2mProperty 10.8: System role operations should not affect org/project role caches
[22m[39mGoTrueClient@sb-bgxknceshxxifwytalex-auth-token:0 (2.93.3) 2026-02-02T15:20:12.664Z #getSession() session from storage [1mnull[22m
GoTrueClient@sb-bgxknceshxxifwytalex-auth-token:0 (2.93.3) 2026-02-02T15:20:12.664Z #__loadSession() end

[90mstdout[2m | tests/property/scoped-roles-processing-efficiency.test.ts[2m > [22m[2mProperty 10: Scoped Roles Processing Efficiency[2m > [22m[2mProperty 10.8: System role operations should not affect org/project role caches
[22m[39mGoTrueClient@sb-bgxknceshxxifwytalex-auth-token:0 (2.93.3) 2026-02-02T15:20:12.664Z #_useSession end

[90mstdout[2m | tests/property/scoped-roles-processing-efficiency.test.ts[2m > [22m[2mProperty 10: Scoped Roles Processing Efficiency[2m > [22m[2mProperty 10.8: System role operations should not affect org/project role caches
[22m[39mGoTrueClient@sb-bgxknceshxxifwytalex-auth-token:0 (2.93.3) 2026-02-02T15:20:12.665Z #_acquireLock lock released for storage key sb-bgxknceshxxifwytalex-auth-token

[90mstdout[2m | tests/property/scoped-roles-processing-efficiency.test.ts[2m > [22m[2mProperty 10: Scoped Roles Processing Efficiency[2m > [22m[2mProperty 10.8: System role operations should not affect org/project role caches
[22m[39mGoTrueClient@sb-bgxknceshxxifwytalex-auth-token:0 (2.93.3) 2026-02-02T15:20:12.665Z #_acquireLock end

stderr | tests/property/scoped-roles-processing-efficiency.test.ts > Property 10: Scoped Roles Processing Efficiency > Property 10.8: System role operations should not affect org/project role caches
Error fetching project roles: {
  code: 'PGRST200',
  details: "Searched for a foreign key relationship between 'project_roles' and 'user_profiles' in the schema 'public', but no matches were found.",
  hint: null,
  message: "Could not find a relationship between 'project_roles' and 'user_profiles' in the schema cache"
}

[90mstdout[2m | tests/property/scoped-roles-processing-efficiency.test.ts[2m > [22m[2mProperty 10: Scoped Roles Processing Efficiency[2m > [22m[2mProperty 10.8: System role operations should not affect org/project role caches
[22m[39mGoTrueClient@sb-bgxknceshxxifwytalex-auth-token:0 (2.93.3) 2026-02-02T15:20:12.696Z #_acquireLock begin [33m10000[39m
GoTrueClient@sb-bgxknceshxxifwytalex-auth-token:0 (2.93.3) 2026-02-02T15:20:12.696Z #_acquireLock lock acquired for storage key sb-bgxknceshxxifwytalex-auth-token
GoTrueClient@sb-bgxknceshxxifwytalex-auth-token:0 (2.93.3) 2026-02-02T15:20:12.696Z #_useSession begin
GoTrueClient@sb-bgxknceshxxifwytalex-auth-token:0 (2.93.3) 2026-02-02T15:20:12.696Z #__loadSession() begin

[90mstdout[2m | tests/property/scoped-roles-processing-efficiency.test.ts[2m > [22m[2mProperty 10: Scoped Roles Processing Efficiency[2m > [22m[2mProperty 10.8: System role operations should not affect org/project role caches
[22m[39mGoTrueClient@sb-bgxknceshxxifwytalex-auth-token:0 (2.93.3) 2026-02-02T15:20:12.697Z #getSession() session from storage [1mnull[22m
GoTrueClient@sb-bgxknceshxxifwytalex-auth-token:0 (2.93.3) 2026-02-02T15:20:12.697Z #__loadSession() end

[90mstdout[2m | tests/property/scoped-roles-processing-efficiency.test.ts[2m > [22m[2mProperty 10: Scoped Roles Processing Efficiency[2m > [22m[2mProperty 10.8: System role operations should not affect org/project role caches
[22m[39mGoTrueClient@sb-bgxknceshxxifwytalex-auth-token:0 (2.93.3) 2026-02-02T15:20:12.697Z #_useSession end

[90mstdout[2m | tests/property/scoped-roles-processing-efficiency.test.ts[2m > [22m[2mProperty 10: Scoped Roles Processing Efficiency[2m > [22m[2mProperty 10.8: System role operations should not affect org/project role caches
[22m[39mGoTrueClient@sb-bgxknceshxxifwytalex-auth-token:0 (2.93.3) 2026-02-02T15:20:12.697Z #_acquireLock lock released for storage key sb-bgxknceshxxifwytalex-auth-token

[90mstdout[2m | tests/property/scoped-roles-processing-efficiency.test.ts[2m > [22m[2mProperty 10: Scoped Roles Processing Efficiency[2m > [22m[2mProperty 10.8: System role operations should not affect org/project role caches
[22m[39mGoTrueClient@sb-bgxknceshxxifwytalex-auth-token:0 (2.93.3) 2026-02-02T15:20:12.697Z #_acquireLock end

stderr | tests/property/scoped-roles-processing-efficiency.test.ts > Property 10: Scoped Roles Processing Efficiency > Property 10.8: System role operations should not affect org/project role caches
Error fetching org roles: {
  code: 'PGRST200',
  details: "Searched for a foreign key relationship between 'org_roles' and 'user_profiles' in the schema 'public', but no matches were found.",
  hint: null,
  message: "Could not find a relationship between 'org_roles' and 'user_profiles' in the schema cache"
}

[90mstdout[2m | tests/property/scoped-roles-processing-efficiency.test.ts[2m > [22m[2mProperty 10: Scoped Roles Processing Efficiency[2m > [22m[2mProperty 10.8: System role operations should not affect org/project role caches
[22m[39mGoTrueClient@sb-bgxknceshxxifwytalex-auth-token:0 (2.93.3) 2026-02-02T15:20:12.711Z #_acquireLock begin [33m10000[39m
GoTrueClient@sb-bgxknceshxxifwytalex-auth-token:0 (2.93.3) 2026-02-02T15:20:12.711Z #_acquireLock lock acquired for storage key sb-bgxknceshxxifwytalex-auth-token
GoTrueClient@sb-bgxknceshxxifwytalex-auth-token:0 (2.93.3) 2026-02-02T15:20:12.711Z #_useSession begin
GoTrueClient@sb-bgxknceshxxifwytalex-auth-token:0 (2.93.3) 2026-02-02T15:20:12.711Z #__loadSession() begin

[90mstdout[2m | tests/property/scoped-roles-processing-efficiency.test.ts[2m > [22m[2mProperty 10: Scoped Roles Processing Efficiency[2m > [22m[2mProperty 10.8: System role operations should not affect org/project role caches
[22m[39mGoTrueClient@sb-bgxknceshxxifwytalex-auth-token:0 (2.93.3) 2026-02-02T15:20:12.711Z #getSession() session from storage [1mnull[22m
GoTrueClient@sb-bgxknceshxxifwytalex-auth-token:0 (2.93.3) 2026-02-02T15:20:12.711Z #__loadSession() end

[90mstdout[2m | tests/property/scoped-roles-processing-efficiency.test.ts[2m > [22m[2mProperty 10: Scoped Roles Processing Efficiency[2m > [22m[2mProperty 10.8: System role operations should not affect org/project role caches
[22m[39mGoTrueClient@sb-bgxknceshxxifwytalex-auth-token:0 (2.93.3) 2026-02-02T15:20:12.711Z #_useSession end

[90mstdout[2m | tests/property/scoped-roles-processing-efficiency.test.ts[2m > [22m[2mProperty 10: Scoped Roles Processing Efficiency[2m > [22m[2mProperty 10.8: System role operations should not affect org/project role caches
[22m[39mGoTrueClient@sb-bgxknceshxxifwytalex-auth-token:0 (2.93.3) 2026-02-02T15:20:12.711Z #_acquireLock lock released for storage key sb-bgxknceshxxifwytalex-auth-token

[90mstdout[2m | tests/property/scoped-roles-processing-efficiency.test.ts[2m > [22m[2mProperty 10: Scoped Roles Processing Efficiency[2m > [22m[2mProperty 10.8: System role operations should not affect org/project role caches
[22m[39mGoTrueClient@sb-bgxknceshxxifwytalex-auth-token:0 (2.93.3) 2026-02-02T15:20:12.711Z #_acquireLock end

stderr | tests/property/scoped-roles-processing-efficiency.test.ts > Property 10: Scoped Roles Processing Efficiency > Property 10.8: System role operations should not affect org/project role caches
Error fetching org roles: {
  code: 'PGRST200',
  details: "Searched for a foreign key relationship between 'org_roles' and 'user_profiles' in the schema 'public', but no matches were found.",
  hint: null,
  message: "Could not find a relationship between 'org_roles' and 'user_profiles' in the schema cache"
}

[90mstdout[2m | tests/property/scoped-roles-processing-efficiency.test.ts[2m > [22m[2mProperty 10: Scoped Roles Processing Efficiency[2m > [22m[2mProperty 10.8: System role operations should not affect org/project role caches
[22m[39mGoTrueClient@sb-bgxknceshxxifwytalex-auth-token:0 (2.93.3) 2026-02-02T15:20:12.736Z #_acquireLock begin [33m10000[39m
GoTrueClient@sb-bgxknceshxxifwytalex-auth-token:0 (2.93.3) 2026-02-02T15:20:12.736Z #_acquireLock lock acquired for storage key sb-bgxknceshxxifwytalex-auth-token
GoTrueClient@sb-bgxknceshxxifwytalex-auth-token:0 (2.93.3) 2026-02-02T15:20:12.736Z #_useSession begin
GoTrueClient@sb-bgxknceshxxifwytalex-auth-token:0 (2.93.3) 2026-02-02T15:20:12.736Z #__loadSession() begin

[90mstdout[2m | tests/property/scoped-roles-processing-efficiency.test.ts[2m > [22m[2mProperty 10: Scoped Roles Processing Efficiency[2m > [22m[2mProperty 10.8: System role operations should not affect org/project role caches
[22m[39mGoTrueClient@sb-bgxknceshxxifwytalex-auth-token:0 (2.93.3) 2026-02-02T15:20:12.736Z #getSession() session from storage [1mnull[22m
GoTrueClient@sb-bgxknceshxxifwytalex-auth-token:0 (2.93.3) 2026-02-02T15:20:12.736Z #__loadSession() end

[90mstdout[2m | tests/property/scoped-roles-processing-efficiency.test.ts[2m > [22m[2mProperty 10: Scoped Roles Processing Efficiency[2m > [22m[2mProperty 10.8: System role operations should not affect org/project role caches
[22m[39mGoTrueClient@sb-bgxknceshxxifwytalex-auth-token:0 (2.93.3) 2026-02-02T15:20:12.736Z #_useSession end

[90mstdout[2m | tests/property/scoped-roles-processing-efficiency.test.ts[2m > [22m[2mProperty 10: Scoped Roles Processing Efficiency[2m > [22m[2mProperty 10.8: System role operations should not affect org/project role caches
[22m[39mGoTrueClient@sb-bgxknceshxxifwytalex-auth-token:0 (2.93.3) 2026-02-02T15:20:12.736Z #_acquireLock lock released for storage key sb-bgxknceshxxifwytalex-auth-token

[90mstdout[2m | tests/property/scoped-roles-processing-efficiency.test.ts[2m > [22m[2mProperty 10: Scoped Roles Processing Efficiency[2m > [22m[2mProperty 10.8: System role operations should not affect org/project role caches
[22m[39mGoTrueClient@sb-bgxknceshxxifwytalex-auth-token:0 (2.93.3) 2026-02-02T15:20:12.736Z #_acquireLock end

stderr | tests/property/scoped-roles-processing-efficiency.test.ts > Property 10: Scoped Roles Processing Efficiency > Property 10.8: System role operations should not affect org/project role caches
Error fetching org roles: {
  code: 'PGRST200',
  details: "Searched for a foreign key relationship between 'org_roles' and 'user_profiles' in the schema 'public', but no matches were found.",
  hint: null,
  message: "Could not find a relationship between 'org_roles' and 'user_profiles' in the schema cache"
}

[90mstdout[2m | tests/property/scoped-roles-processing-efficiency.test.ts[2m > [22m[2mProperty 10: Scoped Roles Processing Efficiency[2m > [22m[2mProperty 10.8: System role operations should not affect org/project role caches
[22m[39mGoTrueClient@sb-bgxknceshxxifwytalex-auth-token:0 (2.93.3) 2026-02-02T15:20:12.756Z #_acquireLock begin [33m10000[39m
GoTrueClient@sb-bgxknceshxxifwytalex-auth-token:0 (2.93.3) 2026-02-02T15:20:12.756Z #_acquireLock lock acquired for storage key sb-bgxknceshxxifwytalex-auth-token
GoTrueClient@sb-bgxknceshxxifwytalex-auth-token:0 (2.93.3) 2026-02-02T15:20:12.756Z #_useSession begin
GoTrueClient@sb-bgxknceshxxifwytalex-auth-token:0 (2.93.3) 2026-02-02T15:20:12.756Z #__loadSession() begin

[90mstdout[2m | tests/property/scoped-roles-processing-efficiency.test.ts[2m > [22m[2mProperty 10: Scoped Roles Processing Efficiency[2m > [22m[2mProperty 10.8: System role operations should not affect org/project role caches
[22m[39mGoTrueClient@sb-bgxknceshxxifwytalex-auth-token:0 (2.93.3) 2026-02-02T15:20:12.756Z #getSession() session from storage [1mnull[22m
GoTrueClient@sb-bgxknceshxxifwytalex-auth-token:0 (2.93.3) 2026-02-02T15:20:12.756Z #__loadSession() end

[90mstdout[2m | tests/property/scoped-roles-processing-efficiency.test.ts[2m > [22m[2mProperty 10: Scoped Roles Processing Efficiency[2m > [22m[2mProperty 10.8: System role operations should not affect org/project role caches
[22m[39mGoTrueClient@sb-bgxknceshxxifwytalex-auth-token:0 (2.93.3) 2026-02-02T15:20:12.756Z #_useSession end

[90mstdout[2m | tests/property/scoped-roles-processing-efficiency.test.ts[2m > [22m[2mProperty 10: Scoped Roles Processing Efficiency[2m > [22m[2mProperty 10.8: System role operations should not affect org/project role caches
[22m[39mGoTrueClient@sb-bgxknceshxxifwytalex-auth-token:0 (2.93.3) 2026-02-02T15:20:12.756Z #_acquireLock lock released for storage key sb-bgxknceshxxifwytalex-auth-token

[90mstdout[2m | tests/property/scoped-roles-processing-efficiency.test.ts[2m > [22m[2mProperty 10: Scoped Roles Processing Efficiency[2m > [22m[2mProperty 10.8: System role operations should not affect org/project role caches
[22m[39mGoTrueClient@sb-bgxknceshxxifwytalex-auth-token:0 (2.93.3) 2026-02-02T15:20:12.756Z #_acquireLock end

stderr | tests/property/scoped-roles-processing-efficiency.test.ts > Property 10: Scoped Roles Processing Efficiency > Property 10.8: System role operations should not affect org/project role caches
Error fetching project roles: {
  code: 'PGRST200',
  details: "Searched for a foreign key relationship between 'project_roles' and 'user_profiles' in the schema 'public', but no matches were found.",
  hint: null,
  message: "Could not find a relationship between 'project_roles' and 'user_profiles' in the schema cache"
}

[90mstdout[2m | tests/property/scoped-roles-processing-efficiency.test.ts[2m > [22m[2mProperty 10: Scoped Roles Processing Efficiency[2m > [22m[2mProperty 10.8: System role operations should not affect org/project role caches
[22m[39mGoTrueClient@sb-bgxknceshxxifwytalex-auth-token:0 (2.93.3) 2026-02-02T15:20:12.759Z #_acquireLock begin [33m10000[39m
GoTrueClient@sb-bgxknceshxxifwytalex-auth-token:0 (2.93.3) 2026-02-02T15:20:12.759Z #_acquireLock lock acquired for storage key sb-bgxknceshxxifwytalex-auth-token
GoTrueClient@sb-bgxknceshxxifwytalex-auth-token:0 (2.93.3) 2026-02-02T15:20:12.759Z #_useSession begin
GoTrueClient@sb-bgxknceshxxifwytalex-auth-token:0 (2.93.3) 2026-02-02T15:20:12.759Z #__loadSession() begin

[90mstdout[2m | tests/property/scoped-roles-processing-efficiency.test.ts[2m > [22m[2mProperty 10: Scoped Roles Processing Efficiency[2m > [22m[2mProperty 10.8: System role operations should not affect org/project role caches
[22m[39mGoTrueClient@sb-bgxknceshxxifwytalex-auth-token:0 (2.93.3) 2026-02-02T15:20:12.759Z #getSession() session from storage [1mnull[22m
GoTrueClient@sb-bgxknceshxxifwytalex-auth-token:0 (2.93.3) 2026-02-02T15:20:12.759Z #__loadSession() end

[90mstdout[2m | tests/property/scoped-roles-processing-efficiency.test.ts[2m > [22m[2mProperty 10: Scoped Roles Processing Efficiency[2m > [22m[2mProperty 10.8: System role operations should not affect org/project role caches
[22m[39mGoTrueClient@sb-bgxknceshxxifwytalex-auth-token:0 (2.93.3) 2026-02-02T15:20:12.759Z #_useSession end

[90mstdout[2m | tests/property/scoped-roles-processing-efficiency.test.ts[2m > [22m[2mProperty 10: Scoped Roles Processing Efficiency[2m > [22m[2mProperty 10.8: System role operations should not affect org/project role caches
[22m[39mGoTrueClient@sb-bgxknceshxxifwytalex-auth-token:0 (2.93.3) 2026-02-02T15:20:12.759Z #_acquireLock lock released for storage key sb-bgxknceshxxifwytalex-auth-token

[90mstdout[2m | tests/property/scoped-roles-processing-efficiency.test.ts[2m > [22m[2mProperty 10: Scoped Roles Processing Efficiency[2m > [22m[2mProperty 10.8: System role operations should not affect org/project role caches
[22m[39mGoTrueClient@sb-bgxknceshxxifwytalex-auth-token:0 (2.93.3) 2026-02-02T15:20:12.759Z #_acquireLock end

stderr | tests/property/scoped-roles-processing-efficiency.test.ts > Property 10: Scoped Roles Processing Efficiency > Property 10.8: System role operations should not affect org/project role caches
Error fetching project roles: {
  code: 'PGRST200',
  details: "Searched for a foreign key relationship between 'project_roles' and 'user_profiles' in the schema 'public', but no matches were found.",
  hint: null,
  message: "Could not find a relationship between 'project_roles' and 'user_profiles' in the schema cache"
}

[90mstdout[2m | tests/property/scoped-roles-processing-efficiency.test.ts[2m > [22m[2mProperty 10: Scoped Roles Processing Efficiency[2m > [22m[2mProperty 10.8: System role operations should not affect org/project role caches
[22m[39mGoTrueClient@sb-bgxknceshxxifwytalex-auth-token:0 (2.93.3) 2026-02-02T15:20:12.765Z #_acquireLock begin [33m10000[39m
GoTrueClient@sb-bgxknceshxxifwytalex-auth-token:0 (2.93.3) 2026-02-02T15:20:12.765Z #_acquireLock lock acquired for storage key sb-bgxknceshxxifwytalex-auth-token
GoTrueClient@sb-bgxknceshxxifwytalex-auth-token:0 (2.93.3) 2026-02-02T15:20:12.765Z #_useSession begin
GoTrueClient@sb-bgxknceshxxifwytalex-auth-token:0 (2.93.3) 2026-02-02T15:20:12.765Z #__loadSession() begin

[90mstdout[2m | tests/property/scoped-roles-processing-efficiency.test.ts[2m > [22m[2mProperty 10: Scoped Roles Processing Efficiency[2m > [22m[2mProperty 10.8: System role operations should not affect org/project role caches
[22m[39mGoTrueClient@sb-bgxknceshxxifwytalex-auth-token:0 (2.93.3) 2026-02-02T15:20:12.765Z #getSession() session from storage [1mnull[22m
GoTrueClient@sb-bgxknceshxxifwytalex-auth-token:0 (2.93.3) 2026-02-02T15:20:12.765Z #__loadSession() end

[90mstdout[2m | tests/property/scoped-roles-processing-efficiency.test.ts[2m > [22m[2mProperty 10: Scoped Roles Processing Efficiency[2m > [22m[2mProperty 10.8: System role operations should not affect org/project role caches
[22m[39mGoTrueClient@sb-bgxknceshxxifwytalex-auth-token:0 (2.93.3) 2026-02-02T15:20:12.765Z #_useSession end

[90mstdout[2m | tests/property/scoped-roles-processing-efficiency.test.ts[2m > [22m[2mProperty 10: Scoped Roles Processing Efficiency[2m > [22m[2mProperty 10.8: System role operations should not affect org/project role caches
[22m[39mGoTrueClient@sb-bgxknceshxxifwytalex-auth-token:0 (2.93.3) 2026-02-02T15:20:12.765Z #_acquireLock lock released for storage key sb-bgxknceshxxifwytalex-auth-token

[90mstdout[2m | tests/property/scoped-roles-processing-efficiency.test.ts[2m > [22m[2mProperty 10: Scoped Roles Processing Efficiency[2m > [22m[2mProperty 10.8: System role operations should not affect org/project role caches
[22m[39mGoTrueClient@sb-bgxknceshxxifwytalex-auth-token:0 (2.93.3) 2026-02-02T15:20:12.765Z #_acquireLock end

stderr | tests/property/scoped-roles-processing-efficiency.test.ts > Property 10: Scoped Roles Processing Efficiency > Property 10.8: System role operations should not affect org/project role caches
Error fetching org roles: {
  code: 'PGRST200',
  details: "Searched for a foreign key relationship between 'org_roles' and 'user_profiles' in the schema 'public', but no matches were found.",
  hint: null,
  message: "Could not find a relationship between 'org_roles' and 'user_profiles' in the schema cache"
}

[90mstdout[2m | tests/property/scoped-roles-processing-efficiency.test.ts[2m > [22m[2mProperty 10: Scoped Roles Processing Efficiency[2m > [22m[2mProperty 10.8: System role operations should not affect org/project role caches
[22m[39mGoTrueClient@sb-bgxknceshxxifwytalex-auth-token:0 (2.93.3) 2026-02-02T15:20:12.875Z #_acquireLock begin [33m10000[39m
GoTrueClient@sb-bgxknceshxxifwytalex-auth-token:0 (2.93.3) 2026-02-02T15:20:12.875Z #_acquireLock lock acquired for storage key sb-bgxknceshxxifwytalex-auth-token
GoTrueClient@sb-bgxknceshxxifwytalex-auth-token:0 (2.93.3) 2026-02-02T15:20:12.875Z #_useSession begin
GoTrueClient@sb-bgxknceshxxifwytalex-auth-token:0 (2.93.3) 2026-02-02T15:20:12.875Z #__loadSession() begin

[90mstdout[2m | tests/property/scoped-roles-processing-efficiency.test.ts[2m > [22m[2mProperty 10: Scoped Roles Processing Efficiency[2m > [22m[2mProperty 10.8: System role operations should not affect org/project role caches
[22m[39mGoTrueClient@sb-bgxknceshxxifwytalex-auth-token:0 (2.93.3) 2026-02-02T15:20:12.875Z #getSession() session from storage [1mnull[22m
GoTrueClient@sb-bgxknceshxxifwytalex-auth-token:0 (2.93.3) 2026-02-02T15:20:12.875Z #__loadSession() end

[90mstdout[2m | tests/property/scoped-roles-processing-efficiency.test.ts[2m > [22m[2mProperty 10: Scoped Roles Processing Efficiency[2m > [22m[2mProperty 10.8: System role operations should not affect org/project role caches
[22m[39mGoTrueClient@sb-bgxknceshxxifwytalex-auth-token:0 (2.93.3) 2026-02-02T15:20:12.876Z #_useSession end

[90mstdout[2m | tests/property/scoped-roles-processing-efficiency.test.ts[2m > [22m[2mProperty 10: Scoped Roles Processing Efficiency[2m > [22m[2mProperty 10.8: System role operations should not affect org/project role caches
[22m[39mGoTrueClient@sb-bgxknceshxxifwytalex-auth-token:0 (2.93.3) 2026-02-02T15:20:12.876Z #_acquireLock lock released for storage key sb-bgxknceshxxifwytalex-auth-token

[90mstdout[2m | tests/property/scoped-roles-processing-efficiency.test.ts[2m > [22m[2mProperty 10: Scoped Roles Processing Efficiency[2m > [22m[2mProperty 10.8: System role operations should not affect org/project role caches
[22m[39mGoTrueClient@sb-bgxknceshxxifwytalex-auth-token:0 (2.93.3) 2026-02-02T15:20:12.876Z #_acquireLock end

[90mstdout[2m | tests/property/scoped-roles-processing-efficiency.test.ts[2m > [22m[2mProperty 10: Scoped Roles Processing Efficiency[2m > [22m[2mProperty 10.8: System role operations should not affect org/project role caches
[22m[39mGoTrueClient@sb-bgxknceshxxifwytalex-auth-token:0 (2.93.3) 2026-02-02T15:20:12.899Z #_acquireLock begin [33m10000[39m
GoTrueClient@sb-bgxknceshxxifwytalex-auth-token:0 (2.93.3) 2026-02-02T15:20:12.899Z #_acquireLock lock acquired for storage key sb-bgxknceshxxifwytalex-auth-token
GoTrueClient@sb-bgxknceshxxifwytalex-auth-token:0 (2.93.3) 2026-02-02T15:20:12.899Z #_useSession begin
GoTrueClient@sb-bgxknceshxxifwytalex-auth-token:0 (2.93.3) 2026-02-02T15:20:12.899Z #__loadSession() begin

[90mstdout[2m | tests/property/scoped-roles-processing-efficiency.test.ts[2m > [22m[2mProperty 10: Scoped Roles Processing Efficiency[2m > [22m[2mProperty 10.8: System role operations should not affect org/project role caches
[22m[39mGoTrueClient@sb-bgxknceshxxifwytalex-auth-token:0 (2.93.3) 2026-02-02T15:20:12.899Z #getSession() session from storage [1mnull[22m
GoTrueClient@sb-bgxknceshxxifwytalex-auth-token:0 (2.93.3) 2026-02-02T15:20:12.899Z #__loadSession() end

[90mstdout[2m | tests/property/scoped-roles-processing-efficiency.test.ts[2m > [22m[2mProperty 10: Scoped Roles Processing Efficiency[2m > [22m[2mProperty 10.8: System role operations should not affect org/project role caches
[22m[39mGoTrueClient@sb-bgxknceshxxifwytalex-auth-token:0 (2.93.3) 2026-02-02T15:20:12.899Z #_useSession end

[90mstdout[2m | tests/property/scoped-roles-processing-efficiency.test.ts[2m > [22m[2mProperty 10: Scoped Roles Processing Efficiency[2m > [22m[2mProperty 10.8: System role operations should not affect org/project role caches
[22m[39mGoTrueClient@sb-bgxknceshxxifwytalex-auth-token:0 (2.93.3) 2026-02-02T15:20:12.900Z #_acquireLock lock released for storage key sb-bgxknceshxxifwytalex-auth-token

[90mstdout[2m | tests/property/scoped-roles-processing-efficiency.test.ts[2m > [22m[2mProperty 10: Scoped Roles Processing Efficiency[2m > [22m[2mProperty 10.8: System role operations should not affect org/project role caches
[22m[39mGoTrueClient@sb-bgxknceshxxifwytalex-auth-token:0 (2.93.3) 2026-02-02T15:20:12.900Z #_acquireLock end

stderr | tests/property/scoped-roles-processing-efficiency.test.ts > Property 10: Scoped Roles Processing Efficiency > Property 10.8: System role operations should not affect org/project role caches
Error fetching org roles: {
  code: 'PGRST200',
  details: "Searched for a foreign key relationship between 'org_roles' and 'user_profiles' in the schema 'public', but no matches were found.",
  hint: null,
  message: "Could not find a relationship between 'org_roles' and 'user_profiles' in the schema cache"
}

[90mstdout[2m | tests/property/scoped-roles-processing-efficiency.test.ts[2m > [22m[2mProperty 10: Scoped Roles Processing Efficiency[2m > [22m[2mProperty 10.8: System role operations should not affect org/project role caches
[22m[39mGoTrueClient@sb-bgxknceshxxifwytalex-auth-token:0 (2.93.3) 2026-02-02T15:20:12.912Z #_acquireLock begin [33m10000[39m
GoTrueClient@sb-bgxknceshxxifwytalex-auth-token:0 (2.93.3) 2026-02-02T15:20:12.912Z #_acquireLock lock acquired for storage key sb-bgxknceshxxifwytalex-auth-token
GoTrueClient@sb-bgxknceshxxifwytalex-auth-token:0 (2.93.3) 2026-02-02T15:20:12.912Z #_useSession begin
GoTrueClient@sb-bgxknceshxxifwytalex-auth-token:0 (2.93.3) 2026-02-02T15:20:12.912Z #__loadSession() begin

[90mstdout[2m | tests/property/scoped-roles-processing-efficiency.test.ts[2m > [22m[2mProperty 10: Scoped Roles Processing Efficiency[2m > [22m[2mProperty 10.8: System role operations should not affect org/project role caches
[22m[39mGoTrueClient@sb-bgxknceshxxifwytalex-auth-token:0 (2.93.3) 2026-02-02T15:20:12.913Z #getSession() session from storage [1mnull[22m
GoTrueClient@sb-bgxknceshxxifwytalex-auth-token:0 (2.93.3) 2026-02-02T15:20:12.913Z #__loadSession() end

[90mstdout[2m | tests/property/scoped-roles-processing-efficiency.test.ts[2m > [22m[2mProperty 10: Scoped Roles Processing Efficiency[2m > [22m[2mProperty 10.8: System role operations should not affect org/project role caches
[22m[39mGoTrueClient@sb-bgxknceshxxifwytalex-auth-token:0 (2.93.3) 2026-02-02T15:20:12.913Z #_useSession end

[90mstdout[2m | tests/property/scoped-roles-processing-efficiency.test.ts[2m > [22m[2mProperty 10: Scoped Roles Processing Efficiency[2m > [22m[2mProperty 10.8: System role operations should not affect org/project role caches
[22m[39mGoTrueClient@sb-bgxknceshxxifwytalex-auth-token:0 (2.93.3) 2026-02-02T15:20:12.913Z #_acquireLock lock released for storage key sb-bgxknceshxxifwytalex-auth-token

[90mstdout[2m | tests/property/scoped-roles-processing-efficiency.test.ts[2m > [22m[2mProperty 10: Scoped Roles Processing Efficiency[2m > [22m[2mProperty 10.8: System role operations should not affect org/project role caches
[22m[39mGoTrueClient@sb-bgxknceshxxifwytalex-auth-token:0 (2.93.3) 2026-02-02T15:20:12.913Z #_acquireLock end

stderr | tests/property/scoped-roles-processing-efficiency.test.ts > Property 10: Scoped Roles Processing Efficiency > Property 10.8: System role operations should not affect org/project role caches
Error fetching org roles: {
  code: 'PGRST200',
  details: "Searched for a foreign key relationship between 'org_roles' and 'user_profiles' in the schema 'public', but no matches were found.",
  hint: null,
  message: "Could not find a relationship between 'org_roles' and 'user_profiles' in the schema cache"
}

[90mstdout[2m | tests/property/scoped-roles-processing-efficiency.test.ts[2m > [22m[2mProperty 10: Scoped Roles Processing Efficiency[2m > [22m[2mProperty 10.8: System role operations should not affect org/project role caches
[22m[39mGoTrueClient@sb-bgxknceshxxifwytalex-auth-token:0 (2.93.3) 2026-02-02T15:20:12.958Z #_acquireLock begin [33m10000[39m
GoTrueClient@sb-bgxknceshxxifwytalex-auth-token:0 (2.93.3) 2026-02-02T15:20:12.958Z #_acquireLock lock acquired for storage key sb-bgxknceshxxifwytalex-auth-token
GoTrueClient@sb-bgxknceshxxifwytalex-auth-token:0 (2.93.3) 2026-02-02T15:20:12.958Z #_useSession begin
GoTrueClient@sb-bgxknceshxxifwytalex-auth-token:0 (2.93.3) 2026-02-02T15:20:12.958Z #__loadSession() begin

[90mstdout[2m | tests/property/scoped-roles-processing-efficiency.test.ts[2m > [22m[2mProperty 10: Scoped Roles Processing Efficiency[2m > [22m[2mProperty 10.8: System role operations should not affect org/project role caches
[22m[39mGoTrueClient@sb-bgxknceshxxifwytalex-auth-token:0 (2.93.3) 2026-02-02T15:20:12.958Z #getSession() session from storage [1mnull[22m
GoTrueClient@sb-bgxknceshxxifwytalex-auth-token:0 (2.93.3) 2026-02-02T15:20:12.958Z #__loadSession() end

[90mstdout[2m | tests/property/scoped-roles-processing-efficiency.test.ts[2m > [22m[2mProperty 10: Scoped Roles Processing Efficiency[2m > [22m[2mProperty 10.8: System role operations should not affect org/project role caches
[22m[39mGoTrueClient@sb-bgxknceshxxifwytalex-auth-token:0 (2.93.3) 2026-02-02T15:20:12.958Z #_useSession end

[90mstdout[2m | tests/property/scoped-roles-processing-efficiency.test.ts[2m > [22m[2mProperty 10: Scoped Roles Processing Efficiency[2m > [22m[2mProperty 10.8: System role operations should not affect org/project role caches
[22m[39mGoTrueClient@sb-bgxknceshxxifwytalex-auth-token:0 (2.93.3) 2026-02-02T15:20:12.958Z #_acquireLock lock released for storage key sb-bgxknceshxxifwytalex-auth-token

[90mstdout[2m | tests/property/scoped-roles-processing-efficiency.test.ts[2m > [22m[2mProperty 10: Scoped Roles Processing Efficiency[2m > [22m[2mProperty 10.8: System role operations should not affect org/project role caches
[22m[39mGoTrueClient@sb-bgxknceshxxifwytalex-auth-token:0 (2.93.3) 2026-02-02T15:20:12.959Z #_acquireLock end

stderr | tests/property/scoped-roles-processing-efficiency.test.ts > Property 10: Scoped Roles Processing Efficiency > Property 10.8: System role operations should not affect org/project role caches
Error fetching org roles: {
  code: 'PGRST200',
  details: "Searched for a foreign key relationship between 'org_roles' and 'user_profiles' in the schema 'public', but no matches were found.",
  hint: null,
  message: "Could not find a relationship between 'org_roles' and 'user_profiles' in the schema cache"
}

[90mstdout[2m | tests/property/scoped-roles-processing-efficiency.test.ts[2m > [22m[2mProperty 10: Scoped Roles Processing Efficiency[2m > [22m[2mProperty 10.8: System role operations should not affect org/project role caches
[22m[39mGoTrueClient@sb-bgxknceshxxifwytalex-auth-token:0 (2.93.3) 2026-02-02T15:20:12.960Z #_acquireLock begin [33m10000[39m
GoTrueClient@sb-bgxknceshxxifwytalex-auth-token:0 (2.93.3) 2026-02-02T15:20:12.960Z #_acquireLock lock acquired for storage key sb-bgxknceshxxifwytalex-auth-token
GoTrueClient@sb-bgxknceshxxifwytalex-auth-token:0 (2.93.3) 2026-02-02T15:20:12.960Z #_useSession begin
GoTrueClient@sb-bgxknceshxxifwytalex-auth-token:0 (2.93.3) 2026-02-02T15:20:12.960Z #__loadSession() begin

[90mstdout[2m | tests/property/scoped-roles-processing-efficiency.test.ts[2m > [22m[2mProperty 10: Scoped Roles Processing Efficiency[2m > [22m[2mProperty 10.8: System role operations should not affect org/project role caches
[22m[39mGoTrueClient@sb-bgxknceshxxifwytalex-auth-token:0 (2.93.3) 2026-02-02T15:20:12.961Z #getSession() session from storage [1mnull[22m
GoTrueClient@sb-bgxknceshxxifwytalex-auth-token:0 (2.93.3) 2026-02-02T15:20:12.961Z #__loadSession() end

[90mstdout[2m | tests/property/scoped-roles-processing-efficiency.test.ts[2m > [22m[2mProperty 10: Scoped Roles Processing Efficiency[2m > [22m[2mProperty 10.8: System role operations should not affect org/project role caches
[22m[39mGoTrueClient@sb-bgxknceshxxifwytalex-auth-token:0 (2.93.3) 2026-02-02T15:20:12.961Z #_useSession end

[90mstdout[2m | tests/property/scoped-roles-processing-efficiency.test.ts[2m > [22m[2mProperty 10: Scoped Roles Processing Efficiency[2m > [22m[2mProperty 10.8: System role operations should not affect org/project role caches
[22m[39mGoTrueClient@sb-bgxknceshxxifwytalex-auth-token:0 (2.93.3) 2026-02-02T15:20:12.961Z #_acquireLock lock released for storage key sb-bgxknceshxxifwytalex-auth-token

[90mstdout[2m | tests/property/scoped-roles-processing-efficiency.test.ts[2m > [22m[2mProperty 10: Scoped Roles Processing Efficiency[2m > [22m[2mProperty 10.8: System role operations should not affect org/project role caches
[22m[39mGoTrueClient@sb-bgxknceshxxifwytalex-auth-token:0 (2.93.3) 2026-02-02T15:20:12.961Z #_acquireLock end

stderr | tests/property/scoped-roles-processing-efficiency.test.ts > Property 10: Scoped Roles Processing Efficiency > Property 10.8: System role operations should not affect org/project role caches
Error fetching project roles: {
  code: 'PGRST200',
  details: "Searched for a foreign key relationship between 'project_roles' and 'user_profiles' in the schema 'public', but no matches were found.",
  hint: null,
  message: "Could not find a relationship between 'project_roles' and 'user_profiles' in the schema cache"
}

[90mstdout[2m | tests/property/scoped-roles-processing-efficiency.test.ts[2m > [22m[2mProperty 10: Scoped Roles Processing Efficiency[2m > [22m[2mProperty 10.8: System role operations should not affect org/project role caches
[22m[39mGoTrueClient@sb-bgxknceshxxifwytalex-auth-token:0 (2.93.3) 2026-02-02T15:20:12.976Z #_acquireLock begin [33m10000[39m
GoTrueClient@sb-bgxknceshxxifwytalex-auth-token:0 (2.93.3) 2026-02-02T15:20:12.977Z #_acquireLock lock acquired for storage key sb-bgxknceshxxifwytalex-auth-token
GoTrueClient@sb-bgxknceshxxifwytalex-auth-token:0 (2.93.3) 2026-02-02T15:20:12.977Z #_useSession begin
GoTrueClient@sb-bgxknceshxxifwytalex-auth-token:0 (2.93.3) 2026-02-02T15:20:12.977Z #__loadSession() begin

[90mstdout[2m | tests/property/scoped-roles-processing-efficiency.test.ts[2m > [22m[2mProperty 10: Scoped Roles Processing Efficiency[2m > [22m[2mProperty 10.8: System role operations should not affect org/project role caches
[22m[39mGoTrueClient@sb-bgxknceshxxifwytalex-auth-token:0 (2.93.3) 2026-02-02T15:20:12.977Z #getSession() session from storage [1mnull[22m
GoTrueClient@sb-bgxknceshxxifwytalex-auth-token:0 (2.93.3) 2026-02-02T15:20:12.977Z #__loadSession() end

[90mstdout[2m | tests/property/scoped-roles-processing-efficiency.test.ts[2m > [22m[2mProperty 10: Scoped Roles Processing Efficiency[2m > [22m[2mProperty 10.8: System role operations should not affect org/project role caches
[22m[39mGoTrueClient@sb-bgxknceshxxifwytalex-auth-token:0 (2.93.3) 2026-02-02T15:20:12.977Z #_useSession end

[90mstdout[2m | tests/property/scoped-roles-processing-efficiency.test.ts[2m > [22m[2mProperty 10: Scoped Roles Processing Efficiency[2m > [22m[2mProperty 10.8: System role operations should not affect org/project role caches
[22m[39mGoTrueClient@sb-bgxknceshxxifwytalex-auth-token:0 (2.93.3) 2026-02-02T15:20:12.977Z #_acquireLock lock released for storage key sb-bgxknceshxxifwytalex-auth-token

[90mstdout[2m | tests/property/scoped-roles-processing-efficiency.test.ts[2m > [22m[2mProperty 10: Scoped Roles Processing Efficiency[2m > [22m[2mProperty 10.8: System role operations should not affect org/project role caches
[22m[39mGoTrueClient@sb-bgxknceshxxifwytalex-auth-token:0 (2.93.3) 2026-02-02T15:20:12.977Z #_acquireLock end

[90mstdout[2m | tests/property/scoped-roles-processing-efficiency.test.ts[2m > [22m[2mProperty 10: Scoped Roles Processing Efficiency[2m > [22m[2mProperty 10.8: System role operations should not affect org/project role caches
[22m[39mGoTrueClient@sb-bgxknceshxxifwytalex-auth-token:0 (2.93.3) 2026-02-02T15:20:12.980Z #_acquireLock begin [33m10000[39m
GoTrueClient@sb-bgxknceshxxifwytalex-auth-token:0 (2.93.3) 2026-02-02T15:20:12.980Z #_acquireLock lock acquired for storage key sb-bgxknceshxxifwytalex-auth-token
GoTrueClient@sb-bgxknceshxxifwytalex-auth-token:0 (2.93.3) 2026-02-02T15:20:12.980Z #_useSession begin
GoTrueClient@sb-bgxknceshxxifwytalex-auth-token:0 (2.93.3) 2026-02-02T15:20:12.980Z #__loadSession() begin

[90mstdout[2m | tests/property/scoped-roles-processing-efficiency.test.ts[2m > [22m[2mProperty 10: Scoped Roles Processing Efficiency[2m > [22m[2mProperty 10.8: System role operations should not affect org/project role caches
[22m[39mGoTrueClient@sb-bgxknceshxxifwytalex-auth-token:0 (2.93.3) 2026-02-02T15:20:12.981Z #getSession() session from storage [1mnull[22m
GoTrueClient@sb-bgxknceshxxifwytalex-auth-token:0 (2.93.3) 2026-02-02T15:20:12.981Z #__loadSession() end

[90mstdout[2m | tests/property/scoped-roles-processing-efficiency.test.ts[2m > [22m[2mProperty 10: Scoped Roles Processing Efficiency[2m > [22m[2mProperty 10.8: System role operations should not affect org/project role caches
[22m[39mGoTrueClient@sb-bgxknceshxxifwytalex-auth-token:0 (2.93.3) 2026-02-02T15:20:12.981Z #_useSession end

[90mstdout[2m | tests/property/scoped-roles-processing-efficiency.test.ts[2m > [22m[2mProperty 10: Scoped Roles Processing Efficiency[2m > [22m[2mProperty 10.8: System role operations should not affect org/project role caches
[22m[39mGoTrueClient@sb-bgxknceshxxifwytalex-auth-token:0 (2.93.3) 2026-02-02T15:20:12.981Z #_acquireLock lock released for storage key sb-bgxknceshxxifwytalex-auth-token

[90mstdout[2m | tests/property/scoped-roles-processing-efficiency.test.ts[2m > [22m[2mProperty 10: Scoped Roles Processing Efficiency[2m > [22m[2mProperty 10.8: System role operations should not affect org/project role caches
[22m[39mGoTrueClient@sb-bgxknceshxxifwytalex-auth-token:0 (2.93.3) 2026-02-02T15:20:12.981Z #_acquireLock end

stderr | tests/property/scoped-roles-processing-efficiency.test.ts > Property 10: Scoped Roles Processing Efficiency > Property 10.8: System role operations should not affect org/project role caches
Error fetching project roles: {
  code: 'PGRST200',
  details: "Searched for a foreign key relationship between 'project_roles' and 'user_profiles' in the schema 'public', but no matches were found.",
  hint: null,
  message: "Could not find a relationship between 'project_roles' and 'user_profiles' in the schema cache"
}

[90mstdout[2m | tests/property/scoped-roles-processing-efficiency.test.ts[2m > [22m[2mProperty 10: Scoped Roles Processing Efficiency[2m > [22m[2mProperty 10.8: System role operations should not affect org/project role caches
[22m[39mGoTrueClient@sb-bgxknceshxxifwytalex-auth-token:0 (2.93.3) 2026-02-02T15:20:13.076Z #_acquireLock begin [33m10000[39m
GoTrueClient@sb-bgxknceshxxifwytalex-auth-token:0 (2.93.3) 2026-02-02T15:20:13.076Z #_acquireLock lock acquired for storage key sb-bgxknceshxxifwytalex-auth-token
GoTrueClient@sb-bgxknceshxxifwytalex-auth-token:0 (2.93.3) 2026-02-02T15:20:13.076Z #_useSession begin
GoTrueClient@sb-bgxknceshxxifwytalex-auth-token:0 (2.93.3) 2026-02-02T15:20:13.076Z #__loadSession() begin

[90mstdout[2m | tests/property/scoped-roles-processing-efficiency.test.ts[2m > [22m[2mProperty 10: Scoped Roles Processing Efficiency[2m > [22m[2mProperty 10.8: System role operations should not affect org/project role caches
[22m[39mGoTrueClient@sb-bgxknceshxxifwytalex-auth-token:0 (2.93.3) 2026-02-02T15:20:13.077Z #getSession() session from storage [1mnull[22m
GoTrueClient@sb-bgxknceshxxifwytalex-auth-token:0 (2.93.3) 2026-02-02T15:20:13.077Z #__loadSession() end

[90mstdout[2m | tests/property/scoped-roles-processing-efficiency.test.ts[2m > [22m[2mProperty 10: Scoped Roles Processing Efficiency[2m > [22m[2mProperty 10.8: System role operations should not affect org/project role caches
[22m[39mGoTrueClient@sb-bgxknceshxxifwytalex-auth-token:0 (2.93.3) 2026-02-02T15:20:13.077Z #_useSession end

[90mstdout[2m | tests/property/scoped-roles-processing-efficiency.test.ts[2m > [22m[2mProperty 10: Scoped Roles Processing Efficiency[2m > [22m[2mProperty 10.8: System role operations should not affect org/project role caches
[22m[39mGoTrueClient@sb-bgxknceshxxifwytalex-auth-token:0 (2.93.3) 2026-02-02T15:20:13.077Z #_acquireLock lock released for storage key sb-bgxknceshxxifwytalex-auth-token

[90mstdout[2m | tests/property/scoped-roles-processing-efficiency.test.ts[2m > [22m[2mProperty 10: Scoped Roles Processing Efficiency[2m > [22m[2mProperty 10.8: System role operations should not affect org/project role caches
[22m[39mGoTrueClient@sb-bgxknceshxxifwytalex-auth-token:0 (2.93.3) 2026-02-02T15:20:13.077Z #_acquireLock end

stderr | tests/property/scoped-roles-processing-efficiency.test.ts > Property 10: Scoped Roles Processing Efficiency > Property 10.8: System role operations should not affect org/project role caches
Error fetching org roles: {
  code: 'PGRST200',
  details: "Searched for a foreign key relationship between 'org_roles' and 'user_profiles' in the schema 'public', but no matches were found.",
  hint: null,
  message: "Could not find a relationship between 'org_roles' and 'user_profiles' in the schema cache"
}

[90mstdout[2m | tests/property/scoped-roles-processing-efficiency.test.ts[2m > [22m[2mProperty 10: Scoped Roles Processing Efficiency[2m > [22m[2mProperty 10.8: System role operations should not affect org/project role caches
[22m[39mGoTrueClient@sb-bgxknceshxxifwytalex-auth-token:0 (2.93.3) 2026-02-02T15:20:13.116Z #_acquireLock begin [33m10000[39m
GoTrueClient@sb-bgxknceshxxifwytalex-auth-token:0 (2.93.3) 2026-02-02T15:20:13.116Z #_acquireLock lock acquired for storage key sb-bgxknceshxxifwytalex-auth-token
GoTrueClient@sb-bgxknceshxxifwytalex-auth-token:0 (2.93.3) 2026-02-02T15:20:13.117Z #_useSession begin
GoTrueClient@sb-bgxknceshxxifwytalex-auth-token:0 (2.93.3) 2026-02-02T15:20:13.117Z #__loadSession() begin

[90mstdout[2m | tests/property/scoped-roles-processing-efficiency.test.ts[2m > [22m[2mProperty 10: Scoped Roles Processing Efficiency[2m > [22m[2mProperty 10.8: System role operations should not affect org/project role caches
[22m[39mGoTrueClient@sb-bgxknceshxxifwytalex-auth-token:0 (2.93.3) 2026-02-02T15:20:13.117Z #getSession() session from storage [1mnull[22m
GoTrueClient@sb-bgxknceshxxifwytalex-auth-token:0 (2.93.3) 2026-02-02T15:20:13.117Z #__loadSession() end

[90mstdout[2m | tests/property/scoped-roles-processing-efficiency.test.ts[2m > [22m[2mProperty 10: Scoped Roles Processing Efficiency[2m > [22m[2mProperty 10.8: System role operations should not affect org/project role caches
[22m[39mGoTrueClient@sb-bgxknceshxxifwytalex-auth-token:0 (2.93.3) 2026-02-02T15:20:13.117Z #_useSession end

[90mstdout[2m | tests/property/scoped-roles-processing-efficiency.test.ts[2m > [22m[2mProperty 10: Scoped Roles Processing Efficiency[2m > [22m[2mProperty 10.8: System role operations should not affect org/project role caches
[22m[39mGoTrueClient@sb-bgxknceshxxifwytalex-auth-token:0 (2.93.3) 2026-02-02T15:20:13.117Z #_acquireLock lock released for storage key sb-bgxknceshxxifwytalex-auth-token

[90mstdout[2m | tests/property/scoped-roles-processing-efficiency.test.ts[2m > [22m[2mProperty 10: Scoped Roles Processing Efficiency[2m > [22m[2mProperty 10.8: System role operations should not affect org/project role caches
[22m[39mGoTrueClient@sb-bgxknceshxxifwytalex-auth-token:0 (2.93.3) 2026-02-02T15:20:13.117Z #_acquireLock end

stderr | tests/property/scoped-roles-processing-efficiency.test.ts > Property 10: Scoped Roles Processing Efficiency > Property 10.8: System role operations should not affect org/project role caches
Error fetching project roles: {
  code: 'PGRST200',
  details: "Searched for a foreign key relationship between 'project_roles' and 'user_profiles' in the schema 'public', but no matches were found.",
  hint: null,
  message: "Could not find a relationship between 'project_roles' and 'user_profiles' in the schema cache"
}

[90mstdout[2m | tests/property/scoped-roles-processing-efficiency.test.ts[2m > [22m[2mProperty 10: Scoped Roles Processing Efficiency[2m > [22m[2mProperty 10.8: System role operations should not affect org/project role caches
[22m[39mGoTrueClient@sb-bgxknceshxxifwytalex-auth-token:0 (2.93.3) 2026-02-02T15:20:13.120Z #_acquireLock begin [33m10000[39m
GoTrueClient@sb-bgxknceshxxifwytalex-auth-token:0 (2.93.3) 2026-02-02T15:20:13.120Z #_acquireLock lock acquired for storage key sb-bgxknceshxxifwytalex-auth-token
GoTrueClient@sb-bgxknceshxxifwytalex-auth-token:0 (2.93.3) 2026-02-02T15:20:13.120Z #_useSession begin
GoTrueClient@sb-bgxknceshxxifwytalex-auth-token:0 (2.93.3) 2026-02-02T15:20:13.120Z #__loadSession() begin

[90mstdout[2m | tests/property/scoped-roles-processing-efficiency.test.ts[2m > [22m[2mProperty 10: Scoped Roles Processing Efficiency[2m > [22m[2mProperty 10.8: System role operations should not affect org/project role caches
[22m[39mGoTrueClient@sb-bgxknceshxxifwytalex-auth-token:0 (2.93.3) 2026-02-02T15:20:13.121Z #getSession() session from storage [1mnull[22m
GoTrueClient@sb-bgxknceshxxifwytalex-auth-token:0 (2.93.3) 2026-02-02T15:20:13.121Z #__loadSession() end

[90mstdout[2m | tests/property/scoped-roles-processing-efficiency.test.ts[2m > [22m[2mProperty 10: Scoped Roles Processing Efficiency[2m > [22m[2mProperty 10.8: System role operations should not affect org/project role caches
[22m[39mGoTrueClient@sb-bgxknceshxxifwytalex-auth-token:0 (2.93.3) 2026-02-02T15:20:13.121Z #_useSession end

[90mstdout[2m | tests/property/scoped-roles-processing-efficiency.test.ts[2m > [22m[2mProperty 10: Scoped Roles Processing Efficiency[2m > [22m[2mProperty 10.8: System role operations should not affect org/project role caches
[22m[39mGoTrueClient@sb-bgxknceshxxifwytalex-auth-token:0 (2.93.3) 2026-02-02T15:20:13.121Z #_acquireLock lock released for storage key sb-bgxknceshxxifwytalex-auth-token

[90mstdout[2m | tests/property/scoped-roles-processing-efficiency.test.ts[2m > [22m[2mProperty 10: Scoped Roles Processing Efficiency[2m > [22m[2mProperty 10.8: System role operations should not affect org/project role caches
[22m[39mGoTrueClient@sb-bgxknceshxxifwytalex-auth-token:0 (2.93.3) 2026-02-02T15:20:13.121Z #_acquireLock end

stderr | tests/property/scoped-roles-processing-efficiency.test.ts > Property 10: Scoped Roles Processing Efficiency > Property 10.8: System role operations should not affect org/project role caches
Error fetching org roles: {
  code: 'PGRST200',
  details: "Searched for a foreign key relationship between 'org_roles' and 'user_profiles' in the schema 'public', but no matches were found.",
  hint: null,
  message: "Could not find a relationship between 'org_roles' and 'user_profiles' in the schema cache"
}

[90mstdout[2m | tests/property/scoped-roles-processing-efficiency.test.ts[2m > [22m[2mProperty 10: Scoped Roles Processing Efficiency[2m > [22m[2mProperty 10.8: System role operations should not affect org/project role caches
[22m[39mGoTrueClient@sb-bgxknceshxxifwytalex-auth-token:0 (2.93.3) 2026-02-02T15:20:13.174Z #_acquireLock begin [33m10000[39m
GoTrueClient@sb-bgxknceshxxifwytalex-auth-token:0 (2.93.3) 2026-02-02T15:20:13.174Z #_acquireLock lock acquired for storage key sb-bgxknceshxxifwytalex-auth-token
GoTrueClient@sb-bgxknceshxxifwytalex-auth-token:0 (2.93.3) 2026-02-02T15:20:13.174Z #_useSession begin
GoTrueClient@sb-bgxknceshxxifwytalex-auth-token:0 (2.93.3) 2026-02-02T15:20:13.174Z #__loadSession() begin

[90mstdout[2m | tests/property/scoped-roles-processing-efficiency.test.ts[2m > [22m[2mProperty 10: Scoped Roles Processing Efficiency[2m > [22m[2mProperty 10.8: System role operations should not affect org/project role caches
[22m[39mGoTrueClient@sb-bgxknceshxxifwytalex-auth-token:0 (2.93.3) 2026-02-02T15:20:13.174Z #getSession() session from storage [1mnull[22m
GoTrueClient@sb-bgxknceshxxifwytalex-auth-token:0 (2.93.3) 2026-02-02T15:20:13.174Z #__loadSession() end

[90mstdout[2m | tests/property/scoped-roles-processing-efficiency.test.ts[2m > [22m[2mProperty 10: Scoped Roles Processing Efficiency[2m > [22m[2mProperty 10.8: System role operations should not affect org/project role caches
[22m[39mGoTrueClient@sb-bgxknceshxxifwytalex-auth-token:0 (2.93.3) 2026-02-02T15:20:13.174Z #_useSession end

[90mstdout[2m | tests/property/scoped-roles-processing-efficiency.test.ts[2m > [22m[2mProperty 10: Scoped Roles Processing Efficiency[2m > [22m[2mProperty 10.8: System role operations should not affect org/project role caches
[22m[39mGoTrueClient@sb-bgxknceshxxifwytalex-auth-token:0 (2.93.3) 2026-02-02T15:20:13.174Z #_acquireLock lock released for storage key sb-bgxknceshxxifwytalex-auth-token

[90mstdout[2m | tests/property/scoped-roles-processing-efficiency.test.ts[2m > [22m[2mProperty 10: Scoped Roles Processing Efficiency[2m > [22m[2mProperty 10.8: System role operations should not affect org/project role caches
[22m[39mGoTrueClient@sb-bgxknceshxxifwytalex-auth-token:0 (2.93.3) 2026-02-02T15:20:13.174Z #_acquireLock end

stderr | tests/property/scoped-roles-processing-efficiency.test.ts > Property 10: Scoped Roles Processing Efficiency > Property 10.8: System role operations should not affect org/project role caches
Error fetching project roles: {
  code: 'PGRST200',
  details: "Searched for a foreign key relationship between 'project_roles' and 'user_profiles' in the schema 'public', but no matches were found.",
  hint: null,
  message: "Could not find a relationship between 'project_roles' and 'user_profiles' in the schema cache"
}

[90mstdout[2m | tests/property/scoped-roles-processing-efficiency.test.ts[2m > [22m[2mProperty 10: Scoped Roles Processing Efficiency[2m > [22m[2mProperty 10.8: System role operations should not affect org/project role caches
[22m[39mGoTrueClient@sb-bgxknceshxxifwytalex-auth-token:0 (2.93.3) 2026-02-02T15:20:13.178Z #_acquireLock begin [33m10000[39m
GoTrueClient@sb-bgxknceshxxifwytalex-auth-token:0 (2.93.3) 2026-02-02T15:20:13.178Z #_acquireLock lock acquired for storage key sb-bgxknceshxxifwytalex-auth-token
GoTrueClient@sb-bgxknceshxxifwytalex-auth-token:0 (2.93.3) 2026-02-02T15:20:13.178Z #_useSession begin
GoTrueClient@sb-bgxknceshxxifwytalex-auth-token:0 (2.93.3) 2026-02-02T15:20:13.178Z #__loadSession() begin

[90mstdout[2m | tests/property/scoped-roles-processing-efficiency.test.ts[2m > [22m[2mProperty 10: Scoped Roles Processing Efficiency[2m > [22m[2mProperty 10.8: System role operations should not affect org/project role caches
[22m[39mGoTrueClient@sb-bgxknceshxxifwytalex-auth-token:0 (2.93.3) 2026-02-02T15:20:13.179Z #getSession() session from storage [1mnull[22m
GoTrueClient@sb-bgxknceshxxifwytalex-auth-token:0 (2.93.3) 2026-02-02T15:20:13.179Z #__loadSession() end

[90mstdout[2m | tests/property/scoped-roles-processing-efficiency.test.ts[2m > [22m[2mProperty 10: Scoped Roles Processing Efficiency[2m > [22m[2mProperty 10.8: System role operations should not affect org/project role caches
[22m[39mGoTrueClient@sb-bgxknceshxxifwytalex-auth-token:0 (2.93.3) 2026-02-02T15:20:13.179Z #_useSession end

[90mstdout[2m | tests/property/scoped-roles-processing-efficiency.test.ts[2m > [22m[2mProperty 10: Scoped Roles Processing Efficiency[2m > [22m[2mProperty 10.8: System role operations should not affect org/project role caches
[22m[39mGoTrueClient@sb-bgxknceshxxifwytalex-auth-token:0 (2.93.3) 2026-02-02T15:20:13.179Z #_acquireLock lock released for storage key sb-bgxknceshxxifwytalex-auth-token

[90mstdout[2m | tests/property/scoped-roles-processing-efficiency.test.ts[2m > [22m[2mProperty 10: Scoped Roles Processing Efficiency[2m > [22m[2mProperty 10.8: System role operations should not affect org/project role caches
[22m[39mGoTrueClient@sb-bgxknceshxxifwytalex-auth-token:0 (2.93.3) 2026-02-02T15:20:13.179Z #_acquireLock end

[90mstdout[2m | tests/property/scoped-roles-processing-efficiency.test.ts[2m > [22m[2mProperty 10: Scoped Roles Processing Efficiency[2m > [22m[2mProperty 10.8: System role operations should not affect org/project role caches
[22m[39mGoTrueClient@sb-bgxknceshxxifwytalex-auth-token:0 (2.93.3) 2026-02-02T15:20:13.182Z #_acquireLock begin [33m10000[39m
GoTrueClient@sb-bgxknceshxxifwytalex-auth-token:0 (2.93.3) 2026-02-02T15:20:13.182Z #_acquireLock lock acquired for storage key sb-bgxknceshxxifwytalex-auth-token
GoTrueClient@sb-bgxknceshxxifwytalex-auth-token:0 (2.93.3) 2026-02-02T15:20:13.182Z #_useSession begin
GoTrueClient@sb-bgxknceshxxifwytalex-auth-token:0 (2.93.3) 2026-02-02T15:20:13.182Z #__loadSession() begin

[90mstdout[2m | tests/property/scoped-roles-processing-efficiency.test.ts[2m > [22m[2mProperty 10: Scoped Roles Processing Efficiency[2m > [22m[2mProperty 10.8: System role operations should not affect org/project role caches
[22m[39mGoTrueClient@sb-bgxknceshxxifwytalex-auth-token:0 (2.93.3) 2026-02-02T15:20:13.182Z #getSession() session from storage [1mnull[22m
GoTrueClient@sb-bgxknceshxxifwytalex-auth-token:0 (2.93.3) 2026-02-02T15:20:13.182Z #__loadSession() end

[90mstdout[2m | tests/property/scoped-roles-processing-efficiency.test.ts[2m > [22m[2mProperty 10: Scoped Roles Processing Efficiency[2m > [22m[2mProperty 10.8: System role operations should not affect org/project role caches
[22m[39mGoTrueClient@sb-bgxknceshxxifwytalex-auth-token:0 (2.93.3) 2026-02-02T15:20:13.182Z #_useSession end

[90mstdout[2m | tests/property/scoped-roles-processing-efficiency.test.ts[2m > [22m[2mProperty 10: Scoped Roles Processing Efficiency[2m > [22m[2mProperty 10.8: System role operations should not affect org/project role caches
[22m[39mGoTrueClient@sb-bgxknceshxxifwytalex-auth-token:0 (2.93.3) 2026-02-02T15:20:13.182Z #_acquireLock lock released for storage key sb-bgxknceshxxifwytalex-auth-token

[90mstdout[2m | tests/property/scoped-roles-processing-efficiency.test.ts[2m > [22m[2mProperty 10: Scoped Roles Processing Efficiency[2m > [22m[2mProperty 10.8: System role operations should not affect org/project role caches
[22m[39mGoTrueClient@sb-bgxknceshxxifwytalex-auth-token:0 (2.93.3) 2026-02-02T15:20:13.182Z #_acquireLock end

stderr | tests/property/scoped-roles-processing-efficiency.test.ts > Property 10: Scoped Roles Processing Efficiency > Property 10.8: System role operations should not affect org/project role caches
Error fetching org roles: {
  code: 'PGRST200',
  details: "Searched for a foreign key relationship between 'org_roles' and 'user_profiles' in the schema 'public', but no matches were found.",
  hint: null,
  message: "Could not find a relationship between 'org_roles' and 'user_profiles' in the schema cache"
}

[90mstdout[2m | tests/property/scoped-roles-processing-efficiency.test.ts[2m > [22m[2mProperty 10: Scoped Roles Processing Efficiency[2m > [22m[2mProperty 10.8: System role operations should not affect org/project role caches
[22m[39mGoTrueClient@sb-bgxknceshxxifwytalex-auth-token:0 (2.93.3) 2026-02-02T15:20:13.192Z #_acquireLock begin [33m10000[39m
GoTrueClient@sb-bgxknceshxxifwytalex-auth-token:0 (2.93.3) 2026-02-02T15:20:13.192Z #_acquireLock lock acquired for storage key sb-bgxknceshxxifwytalex-auth-token
GoTrueClient@sb-bgxknceshxxifwytalex-auth-token:0 (2.93.3) 2026-02-02T15:20:13.192Z #_useSession begin
GoTrueClient@sb-bgxknceshxxifwytalex-auth-token:0 (2.93.3) 2026-02-02T15:20:13.192Z #__loadSession() begin

[90mstdout[2m | tests/property/scoped-roles-processing-efficiency.test.ts[2m > [22m[2mProperty 10: Scoped Roles Processing Efficiency[2m > [22m[2mProperty 10.8: System role operations should not affect org/project role caches
[22m[39mGoTrueClient@sb-bgxknceshxxifwytalex-auth-token:0 (2.93.3) 2026-02-02T15:20:13.192Z #getSession() session from storage [1mnull[22m
GoTrueClient@sb-bgxknceshxxifwytalex-auth-token:0 (2.93.3) 2026-02-02T15:20:13.192Z #__loadSession() end

[90mstdout[2m | tests/property/scoped-roles-processing-efficiency.test.ts[2m > [22m[2mProperty 10: Scoped Roles Processing Efficiency[2m > [22m[2mProperty 10.8: System role operations should not affect org/project role caches
[22m[39mGoTrueClient@sb-bgxknceshxxifwytalex-auth-token:0 (2.93.3) 2026-02-02T15:20:13.192Z #_useSession end

[90mstdout[2m | tests/property/scoped-roles-processing-efficiency.test.ts[2m > [22m[2mProperty 10: Scoped Roles Processing Efficiency[2m > [22m[2mProperty 10.8: System role operations should not affect org/project role caches
[22m[39mGoTrueClient@sb-bgxknceshxxifwytalex-auth-token:0 (2.93.3) 2026-02-02T15:20:13.192Z #_acquireLock lock released for storage key sb-bgxknceshxxifwytalex-auth-token

[90mstdout[2m | tests/property/scoped-roles-processing-efficiency.test.ts[2m > [22m[2mProperty 10: Scoped Roles Processing Efficiency[2m > [22m[2mProperty 10.8: System role operations should not affect org/project role caches
[22m[39mGoTrueClient@sb-bgxknceshxxifwytalex-auth-token:0 (2.93.3) 2026-02-02T15:20:13.192Z #_acquireLock end

[90mstdout[2m | tests/property/scoped-roles-processing-efficiency.test.ts[2m > [22m[2mProperty 10: Scoped Roles Processing Efficiency[2m > [22m[2mProperty 10.8: System role operations should not affect org/project role caches
[22m[39mGoTrueClient@sb-bgxknceshxxifwytalex-auth-token:0 (2.93.3) 2026-02-02T15:20:13.300Z #_acquireLock begin [33m10000[39m
GoTrueClient@sb-bgxknceshxxifwytalex-auth-token:0 (2.93.3) 2026-02-02T15:20:13.300Z #_acquireLock lock acquired for storage key sb-bgxknceshxxifwytalex-auth-token
GoTrueClient@sb-bgxknceshxxifwytalex-auth-token:0 (2.93.3) 2026-02-02T15:20:13.300Z #_useSession begin
GoTrueClient@sb-bgxknceshxxifwytalex-auth-token:0 (2.93.3) 2026-02-02T15:20:13.300Z #__loadSession() begin

[90mstdout[2m | tests/property/scoped-roles-processing-efficiency.test.ts[2m > [22m[2mProperty 10: Scoped Roles Processing Efficiency[2m > [22m[2mProperty 10.8: System role operations should not affect org/project role caches
[22m[39mGoTrueClient@sb-bgxknceshxxifwytalex-auth-token:0 (2.93.3) 2026-02-02T15:20:13.300Z #getSession() session from storage [1mnull[22m
GoTrueClient@sb-bgxknceshxxifwytalex-auth-token:0 (2.93.3) 2026-02-02T15:20:13.300Z #__loadSession() end

[90mstdout[2m | tests/property/scoped-roles-processing-efficiency.test.ts[2m > [22m[2mProperty 10: Scoped Roles Processing Efficiency[2m > [22m[2mProperty 10.8: System role operations should not affect org/project role caches
[22m[39mGoTrueClient@sb-bgxknceshxxifwytalex-auth-token:0 (2.93.3) 2026-02-02T15:20:13.300Z #_useSession end

[90mstdout[2m | tests/property/scoped-roles-processing-efficiency.test.ts[2m > [22m[2mProperty 10: Scoped Roles Processing Efficiency[2m > [22m[2mProperty 10.8: System role operations should not affect org/project role caches
[22m[39mGoTrueClient@sb-bgxknceshxxifwytalex-auth-token:0 (2.93.3) 2026-02-02T15:20:13.300Z #_acquireLock lock released for storage key sb-bgxknceshxxifwytalex-auth-token

[90mstdout[2m | tests/property/scoped-roles-processing-efficiency.test.ts[2m > [22m[2mProperty 10: Scoped Roles Processing Efficiency[2m > [22m[2mProperty 10.8: System role operations should not affect org/project role caches
[22m[39mGoTrueClient@sb-bgxknceshxxifwytalex-auth-token:0 (2.93.3) 2026-02-02T15:20:13.300Z #_acquireLock end

stderr | tests/property/scoped-roles-processing-efficiency.test.ts > Property 10: Scoped Roles Processing Efficiency > Property 10.8: System role operations should not affect org/project role caches
Error fetching project roles: {
  code: 'PGRST200',
  details: "Searched for a foreign key relationship between 'project_roles' and 'user_profiles' in the schema 'public', but no matches were found.",
  hint: null,
  message: "Could not find a relationship between 'project_roles' and 'user_profiles' in the schema cache"
}

[90mstdout[2m | tests/property/scoped-roles-processing-efficiency.test.ts[2m > [22m[2mProperty 10: Scoped Roles Processing Efficiency[2m > [22m[2mProperty 10.8: System role operations should not affect org/project role caches
[22m[39mGoTrueClient@sb-bgxknceshxxifwytalex-auth-token:0 (2.93.3) 2026-02-02T15:20:13.320Z #_acquireLock begin [33m10000[39m
GoTrueClient@sb-bgxknceshxxifwytalex-auth-token:0 (2.93.3) 2026-02-02T15:20:13.320Z #_acquireLock lock acquired for storage key sb-bgxknceshxxifwytalex-auth-token
GoTrueClient@sb-bgxknceshxxifwytalex-auth-token:0 (2.93.3) 2026-02-02T15:20:13.320Z #_useSession begin
GoTrueClient@sb-bgxknceshxxifwytalex-auth-token:0 (2.93.3) 2026-02-02T15:20:13.320Z #__loadSession() begin

[90mstdout[2m | tests/property/scoped-roles-processing-efficiency.test.ts[2m > [22m[2mProperty 10: Scoped Roles Processing Efficiency[2m > [22m[2mProperty 10.8: System role operations should not affect org/project role caches
[22m[39mGoTrueClient@sb-bgxknceshxxifwytalex-auth-token:0 (2.93.3) 2026-02-02T15:20:13.321Z #getSession() session from storage [1mnull[22m
GoTrueClient@sb-bgxknceshxxifwytalex-auth-token:0 (2.93.3) 2026-02-02T15:20:13.321Z #__loadSession() end

[90mstdout[2m | tests/property/scoped-roles-processing-efficiency.test.ts[2m > [22m[2mProperty 10: Scoped Roles Processing Efficiency[2m > [22m[2mProperty 10.8: System role operations should not affect org/project role caches
[22m[39mGoTrueClient@sb-bgxknceshxxifwytalex-auth-token:0 (2.93.3) 2026-02-02T15:20:13.321Z #_useSession end

[90mstdout[2m | tests/property/scoped-roles-processing-efficiency.test.ts[2m > [22m[2mProperty 10: Scoped Roles Processing Efficiency[2m > [22m[2mProperty 10.8: System role operations should not affect org/project role caches
[22m[39mGoTrueClient@sb-bgxknceshxxifwytalex-auth-token:0 (2.93.3) 2026-02-02T15:20:13.321Z #_acquireLock lock released for storage key sb-bgxknceshxxifwytalex-auth-token

[90mstdout[2m | tests/property/scoped-roles-processing-efficiency.test.ts[2m > [22m[2mProperty 10: Scoped Roles Processing Efficiency[2m > [22m[2mProperty 10.8: System role operations should not affect org/project role caches
[22m[39mGoTrueClient@sb-bgxknceshxxifwytalex-auth-token:0 (2.93.3) 2026-02-02T15:20:13.321Z #_acquireLock end

[90mstdout[2m | tests/property/scoped-roles-processing-efficiency.test.ts[2m > [22m[2mProperty 10: Scoped Roles Processing Efficiency[2m > [22m[2mProperty 10.8: System role operations should not affect org/project role caches
[22m[39mGoTrueClient@sb-bgxknceshxxifwytalex-auth-token:0 (2.93.3) 2026-02-02T15:20:13.326Z #_acquireLock begin [33m10000[39m
GoTrueClient@sb-bgxknceshxxifwytalex-auth-token:0 (2.93.3) 2026-02-02T15:20:13.326Z #_acquireLock lock acquired for storage key sb-bgxknceshxxifwytalex-auth-token
GoTrueClient@sb-bgxknceshxxifwytalex-auth-token:0 (2.93.3) 2026-02-02T15:20:13.326Z #_useSession begin
GoTrueClient@sb-bgxknceshxxifwytalex-auth-token:0 (2.93.3) 2026-02-02T15:20:13.326Z #__loadSession() begin

[90mstdout[2m | tests/property/scoped-roles-processing-efficiency.test.ts[2m > [22m[2mProperty 10: Scoped Roles Processing Efficiency[2m > [22m[2mProperty 10.8: System role operations should not affect org/project role caches
[22m[39mGoTrueClient@sb-bgxknceshxxifwytalex-auth-token:0 (2.93.3) 2026-02-02T15:20:13.326Z #getSession() session from storage [1mnull[22m
GoTrueClient@sb-bgxknceshxxifwytalex-auth-token:0 (2.93.3) 2026-02-02T15:20:13.327Z #__loadSession() end

[90mstdout[2m | tests/property/scoped-roles-processing-efficiency.test.ts[2m > [22m[2mProperty 10: Scoped Roles Processing Efficiency[2m > [22m[2mProperty 10.8: System role operations should not affect org/project role caches
[22m[39mGoTrueClient@sb-bgxknceshxxifwytalex-auth-token:0 (2.93.3) 2026-02-02T15:20:13.327Z #_useSession end

[90mstdout[2m | tests/property/scoped-roles-processing-efficiency.test.ts[2m > [22m[2mProperty 10: Scoped Roles Processing Efficiency[2m > [22m[2mProperty 10.8: System role operations should not affect org/project role caches
[22m[39mGoTrueClient@sb-bgxknceshxxifwytalex-auth-token:0 (2.93.3) 2026-02-02T15:20:13.327Z #_acquireLock lock released for storage key sb-bgxknceshxxifwytalex-auth-token

[90mstdout[2m | tests/property/scoped-roles-processing-efficiency.test.ts[2m > [22m[2mProperty 10: Scoped Roles Processing Efficiency[2m > [22m[2mProperty 10.8: System role operations should not affect org/project role caches
[22m[39mGoTrueClient@sb-bgxknceshxxifwytalex-auth-token:0 (2.93.3) 2026-02-02T15:20:13.327Z #_acquireLock end

stderr | tests/property/scoped-roles-processing-efficiency.test.ts > Property 10: Scoped Roles Processing Efficiency > Property 10.8: System role operations should not affect org/project role caches
Error fetching org roles: {
  code: 'PGRST200',
  details: "Searched for a foreign key relationship between 'org_roles' and 'user_profiles' in the schema 'public', but no matches were found.",
  hint: null,
  message: "Could not find a relationship between 'org_roles' and 'user_profiles' in the schema cache"
}

[90mstdout[2m | tests/property/scoped-roles-processing-efficiency.test.ts[2m > [22m[2mProperty 10: Scoped Roles Processing Efficiency[2m > [22m[2mProperty 10.8: System role operations should not affect org/project role caches
[22m[39mGoTrueClient@sb-bgxknceshxxifwytalex-auth-token:0 (2.93.3) 2026-02-02T15:20:13.383Z #_acquireLock begin [33m10000[39m
GoTrueClient@sb-bgxknceshxxifwytalex-auth-token:0 (2.93.3) 2026-02-02T15:20:13.383Z #_acquireLock lock acquired for storage key sb-bgxknceshxxifwytalex-auth-token
GoTrueClient@sb-bgxknceshxxifwytalex-auth-token:0 (2.93.3) 2026-02-02T15:20:13.383Z #_useSession begin
GoTrueClient@sb-bgxknceshxxifwytalex-auth-token:0 (2.93.3) 2026-02-02T15:20:13.383Z #__loadSession() begin

[90mstdout[2m | tests/property/scoped-roles-processing-efficiency.test.ts[2m > [22m[2mProperty 10: Scoped Roles Processing Efficiency[2m > [22m[2mProperty 10.8: System role operations should not affect org/project role caches
[22m[39mGoTrueClient@sb-bgxknceshxxifwytalex-auth-token:0 (2.93.3) 2026-02-02T15:20:13.383Z #getSession() session from storage [1mnull[22m
GoTrueClient@sb-bgxknceshxxifwytalex-auth-token:0 (2.93.3) 2026-02-02T15:20:13.383Z #__loadSession() end

[90mstdout[2m | tests/property/scoped-roles-processing-efficiency.test.ts[2m > [22m[2mProperty 10: Scoped Roles Processing Efficiency[2m > [22m[2mProperty 10.8: System role operations should not affect org/project role caches
[22m[39mGoTrueClient@sb-bgxknceshxxifwytalex-auth-token:0 (2.93.3) 2026-02-02T15:20:13.383Z #_useSession end

[90mstdout[2m | tests/property/scoped-roles-processing-efficiency.test.ts[2m > [22m[2mProperty 10: Scoped Roles Processing Efficiency[2m > [22m[2mProperty 10.8: System role operations should not affect org/project role caches
[22m[39mGoTrueClient@sb-bgxknceshxxifwytalex-auth-token:0 (2.93.3) 2026-02-02T15:20:13.383Z #_acquireLock lock released for storage key sb-bgxknceshxxifwytalex-auth-token

[90mstdout[2m | tests/property/scoped-roles-processing-efficiency.test.ts[2m > [22m[2mProperty 10: Scoped Roles Processing Efficiency[2m > [22m[2mProperty 10.8: System role operations should not affect org/project role caches
[22m[39mGoTrueClient@sb-bgxknceshxxifwytalex-auth-token:0 (2.93.3) 2026-02-02T15:20:13.383Z #_acquireLock end

[90mstdout[2m | tests/property/scoped-roles-processing-efficiency.test.ts[2m > [22m[2mProperty 10: Scoped Roles Processing Efficiency[2m > [22m[2mProperty 10.8: System role operations should not affect org/project role caches
[22m[39mGoTrueClient@sb-bgxknceshxxifwytalex-auth-token:0 (2.93.3) 2026-02-02T15:20:13.399Z #_acquireLock begin [33m10000[39m
GoTrueClient@sb-bgxknceshxxifwytalex-auth-token:0 (2.93.3) 2026-02-02T15:20:13.399Z #_acquireLock lock acquired for storage key sb-bgxknceshxxifwytalex-auth-token
GoTrueClient@sb-bgxknceshxxifwytalex-auth-token:0 (2.93.3) 2026-02-02T15:20:13.399Z #_useSession begin
GoTrueClient@sb-bgxknceshxxifwytalex-auth-token:0 (2.93.3) 2026-02-02T15:20:13.399Z #__loadSession() begin

[90mstdout[2m | tests/property/scoped-roles-processing-efficiency.test.ts[2m > [22m[2mProperty 10: Scoped Roles Processing Efficiency[2m > [22m[2mProperty 10.8: System role operations should not affect org/project role caches
[22m[39mGoTrueClient@sb-bgxknceshxxifwytalex-auth-token:0 (2.93.3) 2026-02-02T15:20:13.399Z #getSession() session from storage [1mnull[22m
GoTrueClient@sb-bgxknceshxxifwytalex-auth-token:0 (2.93.3) 2026-02-02T15:20:13.399Z #__loadSession() end

[90mstdout[2m | tests/property/scoped-roles-processing-efficiency.test.ts[2m > [22m[2mProperty 10: Scoped Roles Processing Efficiency[2m > [22m[2mProperty 10.8: System role operations should not affect org/project role caches
[22m[39mGoTrueClient@sb-bgxknceshxxifwytalex-auth-token:0 (2.93.3) 2026-02-02T15:20:13.400Z #_useSession end

[90mstdout[2m | tests/property/scoped-roles-processing-efficiency.test.ts[2m > [22m[2mProperty 10: Scoped Roles Processing Efficiency[2m > [22m[2mProperty 10.8: System role operations should not affect org/project role caches
[22m[39mGoTrueClient@sb-bgxknceshxxifwytalex-auth-token:0 (2.93.3) 2026-02-02T15:20:13.400Z #_acquireLock lock released for storage key sb-bgxknceshxxifwytalex-auth-token

[90mstdout[2m | tests/property/scoped-roles-processing-efficiency.test.ts[2m > [22m[2mProperty 10: Scoped Roles Processing Efficiency[2m > [22m[2mProperty 10.8: System role operations should not affect org/project role caches
[22m[39mGoTrueClient@sb-bgxknceshxxifwytalex-auth-token:0 (2.93.3) 2026-02-02T15:20:13.400Z #_acquireLock end

stderr | tests/property/scoped-roles-processing-efficiency.test.ts > Property 10: Scoped Roles Processing Efficiency > Property 10.8: System role operations should not affect org/project role caches
Error fetching project roles: {
  code: 'PGRST200',
  details: "Searched for a foreign key relationship between 'project_roles' and 'user_profiles' in the schema 'public', but no matches were found.",
  hint: null,
  message: "Could not find a relationship between 'project_roles' and 'user_profiles' in the schema cache"
}

[90mstdout[2m | tests/property/scoped-roles-processing-efficiency.test.ts[2m > [22m[2mProperty 10: Scoped Roles Processing Efficiency[2m > [22m[2mProperty 10.8: System role operations should not affect org/project role caches
[22m[39mGoTrueClient@sb-bgxknceshxxifwytalex-auth-token:0 (2.93.3) 2026-02-02T15:20:13.409Z #_acquireLock begin [33m10000[39m
GoTrueClient@sb-bgxknceshxxifwytalex-auth-token:0 (2.93.3) 2026-02-02T15:20:13.409Z #_acquireLock lock acquired for storage key sb-bgxknceshxxifwytalex-auth-token
GoTrueClient@sb-bgxknceshxxifwytalex-auth-token:0 (2.93.3) 2026-02-02T15:20:13.409Z #_useSession begin
GoTrueClient@sb-bgxknceshxxifwytalex-auth-token:0 (2.93.3) 2026-02-02T15:20:13.409Z #__loadSession() begin

[90mstdout[2m | tests/property/scoped-roles-processing-efficiency.test.ts[2m > [22m[2mProperty 10: Scoped Roles Processing Efficiency[2m > [22m[2mProperty 10.8: System role operations should not affect org/project role caches
[22m[39mGoTrueClient@sb-bgxknceshxxifwytalex-auth-token:0 (2.93.3) 2026-02-02T15:20:13.409Z #getSession() session from storage [1mnull[22m
GoTrueClient@sb-bgxknceshxxifwytalex-auth-token:0 (2.93.3) 2026-02-02T15:20:13.409Z #__loadSession() end

[90mstdout[2m | tests/property/scoped-roles-processing-efficiency.test.ts[2m > [22m[2mProperty 10: Scoped Roles Processing Efficiency[2m > [22m[2mProperty 10.8: System role operations should not affect org/project role caches
[22m[39mGoTrueClient@sb-bgxknceshxxifwytalex-auth-token:0 (2.93.3) 2026-02-02T15:20:13.409Z #_useSession end

[90mstdout[2m | tests/property/scoped-roles-processing-efficiency.test.ts[2m > [22m[2mProperty 10: Scoped Roles Processing Efficiency[2m > [22m[2mProperty 10.8: System role operations should not affect org/project role caches
[22m[39mGoTrueClient@sb-bgxknceshxxifwytalex-auth-token:0 (2.93.3) 2026-02-02T15:20:13.409Z #_acquireLock lock released for storage key sb-bgxknceshxxifwytalex-auth-token

[90mstdout[2m | tests/property/scoped-roles-processing-efficiency.test.ts[2m > [22m[2mProperty 10: Scoped Roles Processing Efficiency[2m > [22m[2mProperty 10.8: System role operations should not affect org/project role caches
[22m[39mGoTrueClient@sb-bgxknceshxxifwytalex-auth-token:0 (2.93.3) 2026-02-02T15:20:13.409Z #_acquireLock end

stderr | tests/property/scoped-roles-processing-efficiency.test.ts > Property 10: Scoped Roles Processing Efficiency > Property 10.8: System role operations should not affect org/project role caches
Error fetching project roles: {
  code: 'PGRST200',
  details: "Searched for a foreign key relationship between 'project_roles' and 'user_profiles' in the schema 'public', but no matches were found.",
  hint: null,
  message: "Could not find a relationship between 'project_roles' and 'user_profiles' in the schema cache"
}

[90mstdout[2m | tests/property/scoped-roles-processing-efficiency.test.ts[2m > [22m[2mProperty 10: Scoped Roles Processing Efficiency[2m > [22m[2mProperty 10.8: System role operations should not affect org/project role caches
[22m[39mGoTrueClient@sb-bgxknceshxxifwytalex-auth-token:0 (2.93.3) 2026-02-02T15:20:13.411Z #_acquireLock begin [33m10000[39m
GoTrueClient@sb-bgxknceshxxifwytalex-auth-token:0 (2.93.3) 2026-02-02T15:20:13.411Z #_acquireLock lock acquired for storage key sb-bgxknceshxxifwytalex-auth-token
GoTrueClient@sb-bgxknceshxxifwytalex-auth-token:0 (2.93.3) 2026-02-02T15:20:13.411Z #_useSession begin
GoTrueClient@sb-bgxknceshxxifwytalex-auth-token:0 (2.93.3) 2026-02-02T15:20:13.411Z #__loadSession() begin

[90mstdout[2m | tests/property/scoped-roles-processing-efficiency.test.ts[2m > [22m[2mProperty 10: Scoped Roles Processing Efficiency[2m > [22m[2mProperty 10.8: System role operations should not affect org/project role caches
[22m[39mGoTrueClient@sb-bgxknceshxxifwytalex-auth-token:0 (2.93.3) 2026-02-02T15:20:13.411Z #getSession() session from storage [1mnull[22m
GoTrueClient@sb-bgxknceshxxifwytalex-auth-token:0 (2.93.3) 2026-02-02T15:20:13.411Z #__loadSession() end

[90mstdout[2m | tests/property/scoped-roles-processing-efficiency.test.ts[2m > [22m[2mProperty 10: Scoped Roles Processing Efficiency[2m > [22m[2mProperty 10.8: System role operations should not affect org/project role caches
[22m[39mGoTrueClient@sb-bgxknceshxxifwytalex-auth-token:0 (2.93.3) 2026-02-02T15:20:13.411Z #_useSession end

[90mstdout[2m | tests/property/scoped-roles-processing-efficiency.test.ts[2m > [22m[2mProperty 10: Scoped Roles Processing Efficiency[2m > [22m[2mProperty 10.8: System role operations should not affect org/project role caches
[22m[39mGoTrueClient@sb-bgxknceshxxifwytalex-auth-token:0 (2.93.3) 2026-02-02T15:20:13.411Z #_acquireLock lock released for storage key sb-bgxknceshxxifwytalex-auth-token

[90mstdout[2m | tests/property/scoped-roles-processing-efficiency.test.ts[2m > [22m[2mProperty 10: Scoped Roles Processing Efficiency[2m > [22m[2mProperty 10.8: System role operations should not affect org/project role caches
[22m[39mGoTrueClient@sb-bgxknceshxxifwytalex-auth-token:0 (2.93.3) 2026-02-02T15:20:13.411Z #_acquireLock end

stderr | tests/property/scoped-roles-processing-efficiency.test.ts > Property 10: Scoped Roles Processing Efficiency > Property 10.8: System role operations should not affect org/project role caches
Error fetching org roles: {
  code: 'PGRST200',
  details: "Searched for a foreign key relationship between 'org_roles' and 'user_profiles' in the schema 'public', but no matches were found.",
  hint: null,
  message: "Could not find a relationship between 'org_roles' and 'user_profiles' in the schema cache"
}

[90mstdout[2m | tests/property/scoped-roles-processing-efficiency.test.ts[2m > [22m[2mProperty 10: Scoped Roles Processing Efficiency[2m > [22m[2mProperty 10.8: System role operations should not affect org/project role caches
[22m[39mGoTrueClient@sb-bgxknceshxxifwytalex-auth-token:0 (2.93.3) 2026-02-02T15:20:13.511Z #_acquireLock begin [33m10000[39m
GoTrueClient@sb-bgxknceshxxifwytalex-auth-token:0 (2.93.3) 2026-02-02T15:20:13.511Z #_acquireLock lock acquired for storage key sb-bgxknceshxxifwytalex-auth-token
GoTrueClient@sb-bgxknceshxxifwytalex-auth-token:0 (2.93.3) 2026-02-02T15:20:13.511Z #_useSession begin
GoTrueClient@sb-bgxknceshxxifwytalex-auth-token:0 (2.93.3) 2026-02-02T15:20:13.511Z #__loadSession() begin

[90mstdout[2m | tests/property/scoped-roles-processing-efficiency.test.ts[2m > [22m[2mProperty 10: Scoped Roles Processing Efficiency[2m > [22m[2mProperty 10.8: System role operations should not affect org/project role caches
[22m[39mGoTrueClient@sb-bgxknceshxxifwytalex-auth-token:0 (2.93.3) 2026-02-02T15:20:13.511Z #getSession() session from storage [1mnull[22m
GoTrueClient@sb-bgxknceshxxifwytalex-auth-token:0 (2.93.3) 2026-02-02T15:20:13.511Z #__loadSession() end

[90mstdout[2m | tests/property/scoped-roles-processing-efficiency.test.ts[2m > [22m[2mProperty 10: Scoped Roles Processing Efficiency[2m > [22m[2mProperty 10.8: System role operations should not affect org/project role caches
[22m[39mGoTrueClient@sb-bgxknceshxxifwytalex-auth-token:0 (2.93.3) 2026-02-02T15:20:13.511Z #_useSession end

[90mstdout[2m | tests/property/scoped-roles-processing-efficiency.test.ts[2m > [22m[2mProperty 10: Scoped Roles Processing Efficiency[2m > [22m[2mProperty 10.8: System role operations should not affect org/project role caches
[22m[39mGoTrueClient@sb-bgxknceshxxifwytalex-auth-token:0 (2.93.3) 2026-02-02T15:20:13.511Z #_acquireLock lock released for storage key sb-bgxknceshxxifwytalex-auth-token

[90mstdout[2m | tests/property/scoped-roles-processing-efficiency.test.ts[2m > [22m[2mProperty 10: Scoped Roles Processing Efficiency[2m > [22m[2mProperty 10.8: System role operations should not affect org/project role caches
[22m[39mGoTrueClient@sb-bgxknceshxxifwytalex-auth-token:0 (2.93.3) 2026-02-02T15:20:13.511Z #_acquireLock end

[90mstdout[2m | tests/property/scoped-roles-processing-efficiency.test.ts[2m > [22m[2mProperty 10: Scoped Roles Processing Efficiency[2m > [22m[2mProperty 10.8: System role operations should not affect org/project role caches
[22m[39mGoTrueClient@sb-bgxknceshxxifwytalex-auth-token:0 (2.93.3) 2026-02-02T15:20:13.535Z #_acquireLock begin [33m10000[39m
GoTrueClient@sb-bgxknceshxxifwytalex-auth-token:0 (2.93.3) 2026-02-02T15:20:13.536Z #_acquireLock lock acquired for storage key sb-bgxknceshxxifwytalex-auth-token
GoTrueClient@sb-bgxknceshxxifwytalex-auth-token:0 (2.93.3) 2026-02-02T15:20:13.536Z #_useSession begin
GoTrueClient@sb-bgxknceshxxifwytalex-auth-token:0 (2.93.3) 2026-02-02T15:20:13.536Z #__loadSession() begin

[90mstdout[2m | tests/property/scoped-roles-processing-efficiency.test.ts[2m > [22m[2mProperty 10: Scoped Roles Processing Efficiency[2m > [22m[2mProperty 10.8: System role operations should not affect org/project role caches
[22m[39mGoTrueClient@sb-bgxknceshxxifwytalex-auth-token:0 (2.93.3) 2026-02-02T15:20:13.536Z #getSession() session from storage [1mnull[22m
GoTrueClient@sb-bgxknceshxxifwytalex-auth-token:0 (2.93.3) 2026-02-02T15:20:13.536Z #__loadSession() end

[90mstdout[2m | tests/property/scoped-roles-processing-efficiency.test.ts[2m > [22m[2mProperty 10: Scoped Roles Processing Efficiency[2m > [22m[2mProperty 10.8: System role operations should not affect org/project role caches
[22m[39mGoTrueClient@sb-bgxknceshxxifwytalex-auth-token:0 (2.93.3) 2026-02-02T15:20:13.536Z #_useSession end

[90mstdout[2m | tests/property/scoped-roles-processing-efficiency.test.ts[2m > [22m[2mProperty 10: Scoped Roles Processing Efficiency[2m > [22m[2mProperty 10.8: System role operations should not affect org/project role caches
[22m[39mGoTrueClient@sb-bgxknceshxxifwytalex-auth-token:0 (2.93.3) 2026-02-02T15:20:13.536Z #_acquireLock lock released for storage key sb-bgxknceshxxifwytalex-auth-token

[90mstdout[2m | tests/property/scoped-roles-processing-efficiency.test.ts[2m > [22m[2mProperty 10: Scoped Roles Processing Efficiency[2m > [22m[2mProperty 10.8: System role operations should not affect org/project role caches
[22m[39mGoTrueClient@sb-bgxknceshxxifwytalex-auth-token:0 (2.93.3) 2026-02-02T15:20:13.536Z #_acquireLock end

stderr | tests/property/scoped-roles-processing-efficiency.test.ts > Property 10: Scoped Roles Processing Efficiency > Property 10.8: System role operations should not affect org/project role caches
Error fetching project roles: {
  code: 'PGRST200',
  details: "Searched for a foreign key relationship between 'project_roles' and 'user_profiles' in the schema 'public', but no matches were found.",
  hint: null,
  message: "Could not find a relationship between 'project_roles' and 'user_profiles' in the schema cache"
}

[90mstdout[2m | tests/property/scoped-roles-processing-efficiency.test.ts[2m > [22m[2mProperty 10: Scoped Roles Processing Efficiency[2m > [22m[2mProperty 10.8: System role operations should not affect org/project role caches
[22m[39mGoTrueClient@sb-bgxknceshxxifwytalex-auth-token:0 (2.93.3) 2026-02-02T15:20:13.542Z #_acquireLock begin [33m10000[39m
GoTrueClient@sb-bgxknceshxxifwytalex-auth-token:0 (2.93.3) 2026-02-02T15:20:13.542Z #_acquireLock lock acquired for storage key sb-bgxknceshxxifwytalex-auth-token
GoTrueClient@sb-bgxknceshxxifwytalex-auth-token:0 (2.93.3) 2026-02-02T15:20:13.542Z #_useSession begin
GoTrueClient@sb-bgxknceshxxifwytalex-auth-token:0 (2.93.3) 2026-02-02T15:20:13.542Z #__loadSession() begin

[90mstdout[2m | tests/property/scoped-roles-processing-efficiency.test.ts[2m > [22m[2mProperty 10: Scoped Roles Processing Efficiency[2m > [22m[2mProperty 10.8: System role operations should not affect org/project role caches
[22m[39mGoTrueClient@sb-bgxknceshxxifwytalex-auth-token:0 (2.93.3) 2026-02-02T15:20:13.542Z #getSession() session from storage [1mnull[22m
GoTrueClient@sb-bgxknceshxxifwytalex-auth-token:0 (2.93.3) 2026-02-02T15:20:13.542Z #__loadSession() end

[90mstdout[2m | tests/property/scoped-roles-processing-efficiency.test.ts[2m > [22m[2mProperty 10: Scoped Roles Processing Efficiency[2m > [22m[2mProperty 10.8: System role operations should not affect org/project role caches
[22m[39mGoTrueClient@sb-bgxknceshxxifwytalex-auth-token:0 (2.93.3) 2026-02-02T15:20:13.542Z #_useSession end

[90mstdout[2m | tests/property/scoped-roles-processing-efficiency.test.ts[2m > [22m[2mProperty 10: Scoped Roles Processing Efficiency[2m > [22m[2mProperty 10.8: System role operations should not affect org/project role caches
[22m[39mGoTrueClient@sb-bgxknceshxxifwytalex-auth-token:0 (2.93.3) 2026-02-02T15:20:13.542Z #_acquireLock lock released for storage key sb-bgxknceshxxifwytalex-auth-token

[90mstdout[2m | tests/property/scoped-roles-processing-efficiency.test.ts[2m > [22m[2mProperty 10: Scoped Roles Processing Efficiency[2m > [22m[2mProperty 10.8: System role operations should not affect org/project role caches
[22m[39mGoTrueClient@sb-bgxknceshxxifwytalex-auth-token:0 (2.93.3) 2026-02-02T15:20:13.543Z #_acquireLock end

[90mstdout[2m | tests/property/scoped-roles-processing-efficiency.test.ts[2m > [22m[2mProperty 10: Scoped Roles Processing Efficiency[2m > [22m[2mProperty 10.8: System role operations should not affect org/project role caches
[22m[39mGoTrueClient@sb-bgxknceshxxifwytalex-auth-token:0 (2.93.3) 2026-02-02T15:20:13.594Z #_acquireLock begin [33m10000[39m
GoTrueClient@sb-bgxknceshxxifwytalex-auth-token:0 (2.93.3) 2026-02-02T15:20:13.594Z #_acquireLock lock acquired for storage key sb-bgxknceshxxifwytalex-auth-token
GoTrueClient@sb-bgxknceshxxifwytalex-auth-token:0 (2.93.3) 2026-02-02T15:20:13.594Z #_useSession begin
GoTrueClient@sb-bgxknceshxxifwytalex-auth-token:0 (2.93.3) 2026-02-02T15:20:13.594Z #__loadSession() begin

[90mstdout[2m | tests/property/scoped-roles-processing-efficiency.test.ts[2m > [22m[2mProperty 10: Scoped Roles Processing Efficiency[2m > [22m[2mProperty 10.8: System role operations should not affect org/project role caches
[22m[39mGoTrueClient@sb-bgxknceshxxifwytalex-auth-token:0 (2.93.3) 2026-02-02T15:20:13.595Z #getSession() session from storage [1mnull[22m
GoTrueClient@sb-bgxknceshxxifwytalex-auth-token:0 (2.93.3) 2026-02-02T15:20:13.595Z #__loadSession() end

[90mstdout[2m | tests/property/scoped-roles-processing-efficiency.test.ts[2m > [22m[2mProperty 10: Scoped Roles Processing Efficiency[2m > [22m[2mProperty 10.8: System role operations should not affect org/project role caches
[22m[39mGoTrueClient@sb-bgxknceshxxifwytalex-auth-token:0 (2.93.3) 2026-02-02T15:20:13.595Z #_useSession end

[90mstdout[2m | tests/property/scoped-roles-processing-efficiency.test.ts[2m > [22m[2mProperty 10: Scoped Roles Processing Efficiency[2m > [22m[2mProperty 10.8: System role operations should not affect org/project role caches
[22m[39mGoTrueClient@sb-bgxknceshxxifwytalex-auth-token:0 (2.93.3) 2026-02-02T15:20:13.595Z #_acquireLock lock released for storage key sb-bgxknceshxxifwytalex-auth-token

[90mstdout[2m | tests/property/scoped-roles-processing-efficiency.test.ts[2m > [22m[2mProperty 10: Scoped Roles Processing Efficiency[2m > [22m[2mProperty 10.8: System role operations should not affect org/project role caches
[22m[39mGoTrueClient@sb-bgxknceshxxifwytalex-auth-token:0 (2.93.3) 2026-02-02T15:20:13.595Z #_acquireLock end

stderr | tests/property/scoped-roles-processing-efficiency.test.ts > Property 10: Scoped Roles Processing Efficiency > Property 10.8: System role operations should not affect org/project role caches
Error fetching org roles: {
  code: 'PGRST200',
  details: "Searched for a foreign key relationship between 'org_roles' and 'user_profiles' in the schema 'public', but no matches were found.",
  hint: null,
  message: "Could not find a relationship between 'org_roles' and 'user_profiles' in the schema cache"
}

[90mstdout[2m | tests/property/scoped-roles-processing-efficiency.test.ts[2m > [22m[2mProperty 10: Scoped Roles Processing Efficiency[2m > [22m[2mProperty 10.8: System role operations should not affect org/project role caches
[22m[39mGoTrueClient@sb-bgxknceshxxifwytalex-auth-token:0 (2.93.3) 2026-02-02T15:20:13.599Z #_acquireLock begin [33m10000[39m
GoTrueClient@sb-bgxknceshxxifwytalex-auth-token:0 (2.93.3) 2026-02-02T15:20:13.599Z #_acquireLock lock acquired for storage key sb-bgxknceshxxifwytalex-auth-token
GoTrueClient@sb-bgxknceshxxifwytalex-auth-token:0 (2.93.3) 2026-02-02T15:20:13.599Z #_useSession begin
GoTrueClient@sb-bgxknceshxxifwytalex-auth-token:0 (2.93.3) 2026-02-02T15:20:13.599Z #__loadSession() begin

[90mstdout[2m | tests/property/scoped-roles-processing-efficiency.test.ts[2m > [22m[2mProperty 10: Scoped Roles Processing Efficiency[2m > [22m[2mProperty 10.8: System role operations should not affect org/project role caches
[22m[39mGoTrueClient@sb-bgxknceshxxifwytalex-auth-token:0 (2.93.3) 2026-02-02T15:20:13.599Z #getSession() session from storage [1mnull[22m
GoTrueClient@sb-bgxknceshxxifwytalex-auth-token:0 (2.93.3) 2026-02-02T15:20:13.599Z #__loadSession() end

[90mstdout[2m | tests/property/scoped-roles-processing-efficiency.test.ts[2m > [22m[2mProperty 10: Scoped Roles Processing Efficiency[2m > [22m[2mProperty 10.8: System role operations should not affect org/project role caches
[22m[39mGoTrueClient@sb-bgxknceshxxifwytalex-auth-token:0 (2.93.3) 2026-02-02T15:20:13.599Z #_useSession end

[90mstdout[2m | tests/property/scoped-roles-processing-efficiency.test.ts[2m > [22m[2mProperty 10: Scoped Roles Processing Efficiency[2m > [22m[2mProperty 10.8: System role operations should not affect org/project role caches
[22m[39mGoTrueClient@sb-bgxknceshxxifwytalex-auth-token:0 (2.93.3) 2026-02-02T15:20:13.599Z #_acquireLock lock released for storage key sb-bgxknceshxxifwytalex-auth-token

[90mstdout[2m | tests/property/scoped-roles-processing-efficiency.test.ts[2m > [22m[2mProperty 10: Scoped Roles Processing Efficiency[2m > [22m[2mProperty 10.8: System role operations should not affect org/project role caches
[22m[39mGoTrueClient@sb-bgxknceshxxifwytalex-auth-token:0 (2.93.3) 2026-02-02T15:20:13.599Z #_acquireLock end

[90mstdout[2m | tests/property/scoped-roles-processing-efficiency.test.ts[2m > [22m[2mProperty 10: Scoped Roles Processing Efficiency[2m > [22m[2mProperty 10.8: System role operations should not affect org/project role caches
[22m[39mGoTrueClient@sb-bgxknceshxxifwytalex-auth-token:0 (2.93.3) 2026-02-02T15:20:13.615Z #_acquireLock begin [33m10000[39m
GoTrueClient@sb-bgxknceshxxifwytalex-auth-token:0 (2.93.3) 2026-02-02T15:20:13.615Z #_acquireLock lock acquired for storage key sb-bgxknceshxxifwytalex-auth-token
GoTrueClient@sb-bgxknceshxxifwytalex-auth-token:0 (2.93.3) 2026-02-02T15:20:13.615Z #_useSession begin
GoTrueClient@sb-bgxknceshxxifwytalex-auth-token:0 (2.93.3) 2026-02-02T15:20:13.615Z #__loadSession() begin

[90mstdout[2m | tests/property/scoped-roles-processing-efficiency.test.ts[2m > [22m[2mProperty 10: Scoped Roles Processing Efficiency[2m > [22m[2mProperty 10.8: System role operations should not affect org/project role caches
[22m[39mGoTrueClient@sb-bgxknceshxxifwytalex-auth-token:0 (2.93.3) 2026-02-02T15:20:13.616Z #getSession() session from storage [1mnull[22m
GoTrueClient@sb-bgxknceshxxifwytalex-auth-token:0 (2.93.3) 2026-02-02T15:20:13.616Z #__loadSession() end

[90mstdout[2m | tests/property/scoped-roles-processing-efficiency.test.ts[2m > [22m[2mProperty 10: Scoped Roles Processing Efficiency[2m > [22m[2mProperty 10.8: System role operations should not affect org/project role caches
[22m[39mGoTrueClient@sb-bgxknceshxxifwytalex-auth-token:0 (2.93.3) 2026-02-02T15:20:13.616Z #_useSession end

[90mstdout[2m | tests/property/scoped-roles-processing-efficiency.test.ts[2m > [22m[2mProperty 10: Scoped Roles Processing Efficiency[2m > [22m[2mProperty 10.8: System role operations should not affect org/project role caches
[22m[39mGoTrueClient@sb-bgxknceshxxifwytalex-auth-token:0 (2.93.3) 2026-02-02T15:20:13.616Z #_acquireLock lock released for storage key sb-bgxknceshxxifwytalex-auth-token

[90mstdout[2m | tests/property/scoped-roles-processing-efficiency.test.ts[2m > [22m[2mProperty 10: Scoped Roles Processing Efficiency[2m > [22m[2mProperty 10.8: System role operations should not affect org/project role caches
[22m[39mGoTrueClient@sb-bgxknceshxxifwytalex-auth-token:0 (2.93.3) 2026-02-02T15:20:13.616Z #_acquireLock end

[90mstdout[2m | tests/property/scoped-roles-processing-efficiency.test.ts[2m > [22m[2mProperty 10: Scoped Roles Processing Efficiency[2m > [22m[2mProperty 10.8: System role operations should not affect org/project role caches
[22m[39mGoTrueClient@sb-bgxknceshxxifwytalex-auth-token:0 (2.93.3) 2026-02-02T15:20:13.624Z #_acquireLock begin [33m10000[39m
GoTrueClient@sb-bgxknceshxxifwytalex-auth-token:0 (2.93.3) 2026-02-02T15:20:13.624Z #_acquireLock lock acquired for storage key sb-bgxknceshxxifwytalex-auth-token
GoTrueClient@sb-bgxknceshxxifwytalex-auth-token:0 (2.93.3) 2026-02-02T15:20:13.624Z #_useSession begin
GoTrueClient@sb-bgxknceshxxifwytalex-auth-token:0 (2.93.3) 2026-02-02T15:20:13.624Z #__loadSession() begin
stderr | tests/property/scoped-roles-processing-efficiency.test.ts > Property 10: Scoped Roles Processing Efficiency > Property 10.8: System role operations should not affect org/project role caches
Error fetching project roles: {
  code: 'PGRST200',
  details: "Searched for a foreign key relationship between 'project_roles' and 'user_profiles' in the schema 'public', but no matches were found.",
  hint: null,
  message: "Could not find a relationship between 'project_roles' and 'user_profiles' in the schema cache"
}

[90mstdout[2m | tests/property/scoped-roles-processing-efficiency.test.ts[2m > [22m[2mProperty 10: Scoped Roles Processing Efficiency[2m > [22m[2mProperty 10.8: System role operations should not affect org/project role caches
[22m[39mGoTrueClient@sb-bgxknceshxxifwytalex-auth-token:0 (2.93.3) 2026-02-02T15:20:13.624Z #getSession() session from storage [1mnull[22m
GoTrueClient@sb-bgxknceshxxifwytalex-auth-token:0 (2.93.3) 2026-02-02T15:20:13.624Z #__loadSession() end

[90mstdout[2m | tests/property/scoped-roles-processing-efficiency.test.ts[2m > [22m[2mProperty 10: Scoped Roles Processing Efficiency[2m > [22m[2mProperty 10.8: System role operations should not affect org/project role caches
[22m[39mGoTrueClient@sb-bgxknceshxxifwytalex-auth-token:0 (2.93.3) 2026-02-02T15:20:13.624Z #_useSession end


[90mstdout[2m | tests/property/scoped-roles-processing-efficiency.test.ts[2m > [22m[2mProperty 10: Scoped Roles Processing Efficiency[2m > [22m[2mProperty 10.8: System role operations should not affect org/project role caches
[22m[39mGoTrueClient@sb-bgxknceshxxifwytalex-auth-token:0 (2.93.3) 2026-02-02T15:20:13.624Z #_acquireLock lock released for storage key sb-bgxknceshxxifwytalex-auth-token

[90mstdout[2m | tests/property/scoped-roles-processing-efficiency.test.ts[2m > [22m[2mProperty 10: Scoped Roles Processing Efficiency[2m > [22m[2mProperty 10.8: System role operations should not affect org/project role caches
[22m[39mGoTrueClient@sb-bgxknceshxxifwytalex-auth-token:0 (2.93.3) 2026-02-02T15:20:13.624Z #_acquireLock end

stderr | tests/property/scoped-roles-processing-efficiency.test.ts > Property 10: Scoped Roles Processing Efficiency > Property 10.8: System role operations should not affect org/project role caches
Error fetching project roles: {
  code: 'PGRST200',
  details: "Searched for a foreign key relationship between 'project_roles' and 'user_profiles' in the schema 'public', but no matches were found.",
  hint: null,
  message: "Could not find a relationship between 'project_roles' and 'user_profiles' in the schema cache"
}

[90mstdout[2m | tests/property/scoped-roles-processing-efficiency.test.ts[2m > [22m[2mProperty 10: Scoped Roles Processing Efficiency[2m > [22m[2mProperty 10.8: System role operations should not affect org/project role caches
[22m[39mGoTrueClient@sb-bgxknceshxxifwytalex-auth-token:0 (2.93.3) 2026-02-02T15:20:13.730Z #_acquireLock begin [33m10000[39m
GoTrueClient@sb-bgxknceshxxifwytalex-auth-token:0 (2.93.3) 2026-02-02T15:20:13.730Z #_acquireLock lock acquired for storage key sb-bgxknceshxxifwytalex-auth-token
GoTrueClient@sb-bgxknceshxxifwytalex-auth-token:0 (2.93.3) 2026-02-02T15:20:13.730Z #_useSession begin
GoTrueClient@sb-bgxknceshxxifwytalex-auth-token:0 (2.93.3) 2026-02-02T15:20:13.730Z #__loadSession() begin

[90mstdout[2m | tests/property/scoped-roles-processing-efficiency.test.ts[2m > [22m[2mProperty 10: Scoped Roles Processing Efficiency[2m > [22m[2mProperty 10.8: System role operations should not affect org/project role caches
[22m[39mGoTrueClient@sb-bgxknceshxxifwytalex-auth-token:0 (2.93.3) 2026-02-02T15:20:13.730Z #getSession() session from storage [1mnull[22m
GoTrueClient@sb-bgxknceshxxifwytalex-auth-token:0 (2.93.3) 2026-02-02T15:20:13.730Z #__loadSession() end

[90mstdout[2m | tests/property/scoped-roles-processing-efficiency.test.ts[2m > [22m[2mProperty 10: Scoped Roles Processing Efficiency[2m > [22m[2mProperty 10.8: System role operations should not affect org/project role caches
[22m[39mGoTrueClient@sb-bgxknceshxxifwytalex-auth-token:0 (2.93.3) 2026-02-02T15:20:13.730Z #_useSession end

[90mstdout[2m | tests/property/scoped-roles-processing-efficiency.test.ts[2m > [22m[2mProperty 10: Scoped Roles Processing Efficiency[2m > [22m[2mProperty 10.8: System role operations should not affect org/project role caches
[22m[39mGoTrueClient@sb-bgxknceshxxifwytalex-auth-token:0 (2.93.3) 2026-02-02T15:20:13.730Z #_acquireLock lock released for storage key sb-bgxknceshxxifwytalex-auth-token

[90mstdout[2m | tests/property/scoped-roles-processing-efficiency.test.ts[2m > [22m[2mProperty 10: Scoped Roles Processing Efficiency[2m > [22m[2mProperty 10.8: System role operations should not affect org/project role caches
[22m[39mGoTrueClient@sb-bgxknceshxxifwytalex-auth-token:0 (2.93.3) 2026-02-02T15:20:13.730Z #_acquireLock end

stderr | tests/property/scoped-roles-processing-efficiency.test.ts > Property 10: Scoped Roles Processing Efficiency > Property 10.8: System role operations should not affect org/project role caches
Error fetching org roles: {
  code: 'PGRST200',
  details: "Searched for a foreign key relationship between 'org_roles' and 'user_profiles' in the schema 'public', but no matches were found.",
  hint: null,
  message: "Could not find a relationship between 'org_roles' and 'user_profiles' in the schema cache"
}

[90mstdout[2m | tests/property/scoped-roles-processing-efficiency.test.ts[2m > [22m[2mProperty 10: Scoped Roles Processing Efficiency[2m > [22m[2mProperty 10.8: System role operations should not affect org/project role caches
[22m[39mGoTrueClient@sb-bgxknceshxxifwytalex-auth-token:0 (2.93.3) 2026-02-02T15:20:13.760Z #_acquireLock begin [33m10000[39m
GoTrueClient@sb-bgxknceshxxifwytalex-auth-token:0 (2.93.3) 2026-02-02T15:20:13.760Z #_acquireLock lock acquired for storage key sb-bgxknceshxxifwytalex-auth-token
GoTrueClient@sb-bgxknceshxxifwytalex-auth-token:0 (2.93.3) 2026-02-02T15:20:13.760Z #_useSession begin
GoTrueClient@sb-bgxknceshxxifwytalex-auth-token:0 (2.93.3) 2026-02-02T15:20:13.760Z #__loadSession() begin

[90mstdout[2m | tests/property/scoped-roles-processing-efficiency.test.ts[2m > [22m[2mProperty 10: Scoped Roles Processing Efficiency[2m > [22m[2mProperty 10.8: System role operations should not affect org/project role caches
[22m[39mGoTrueClient@sb-bgxknceshxxifwytalex-auth-token:0 (2.93.3) 2026-02-02T15:20:13.760Z #getSession() session from storage [1mnull[22m
GoTrueClient@sb-bgxknceshxxifwytalex-auth-token:0 (2.93.3) 2026-02-02T15:20:13.760Z #__loadSession() end

[90mstdout[2m | tests/property/scoped-roles-processing-efficiency.test.ts[2m > [22m[2mProperty 10: Scoped Roles Processing Efficiency[2m > [22m[2mProperty 10.8: System role operations should not affect org/project role caches
[22m[39mGoTrueClient@sb-bgxknceshxxifwytalex-auth-token:0 (2.93.3) 2026-02-02T15:20:13.761Z #_useSession end

[90mstdout[2m | tests/property/scoped-roles-processing-efficiency.test.ts[2m > [22m[2mProperty 10: Scoped Roles Processing Efficiency[2m > [22m[2mProperty 10.8: System role operations should not affect org/project role caches
[22m[39mGoTrueClient@sb-bgxknceshxxifwytalex-auth-token:0 (2.93.3) 2026-02-02T15:20:13.761Z #_acquireLock lock released for storage key sb-bgxknceshxxifwytalex-auth-token

[90mstdout[2m | tests/property/scoped-roles-processing-efficiency.test.ts[2m > [22m[2mProperty 10: Scoped Roles Processing Efficiency[2m > [22m[2mProperty 10.8: System role operations should not affect org/project role caches
[22m[39mGoTrueClient@sb-bgxknceshxxifwytalex-auth-token:0 (2.93.3) 2026-02-02T15:20:13.761Z #_acquireLock end

[90mstdout[2m | tests/property/scoped-roles-processing-efficiency.test.ts[2m > [22m[2mProperty 10: Scoped Roles Processing Efficiency[2m > [22m[2mProperty 10.8: System role operations should not affect org/project role caches
[22m[39mGoTrueClient@sb-bgxknceshxxifwytalex-auth-token:0 (2.93.3) 2026-02-02T15:20:13.764Z #_acquireLock begin [33m10000[39m
GoTrueClient@sb-bgxknceshxxifwytalex-auth-token:0 (2.93.3) 2026-02-02T15:20:13.764Z #_acquireLock lock acquired for storage key sb-bgxknceshxxifwytalex-auth-token
GoTrueClient@sb-bgxknceshxxifwytalex-auth-token:0 (2.93.3) 2026-02-02T15:20:13.764Z #_useSession begin
GoTrueClient@sb-bgxknceshxxifwytalex-auth-token:0 (2.93.3) 2026-02-02T15:20:13.764Z #__loadSession() begin

[90mstdout[2m | tests/property/scoped-roles-processing-efficiency.test.ts[2m > [22m[2mProperty 10: Scoped Roles Processing Efficiency[2m > [22m[2mProperty 10.8: System role operations should not affect org/project role caches
[22m[39mGoTrueClient@sb-bgxknceshxxifwytalex-auth-token:0 (2.93.3) 2026-02-02T15:20:13.764Z #getSession() session from storage [1mnull[22m
GoTrueClient@sb-bgxknceshxxifwytalex-auth-token:0 (2.93.3) 2026-02-02T15:20:13.764Z #__loadSession() end

[90mstdout[2m | tests/property/scoped-roles-processing-efficiency.test.ts[2m > [22m[2mProperty 10: Scoped Roles Processing Efficiency[2m > [22m[2mProperty 10.8: System role operations should not affect org/project role caches
[22m[39mGoTrueClient@sb-bgxknceshxxifwytalex-auth-token:0 (2.93.3) 2026-02-02T15:20:13.765Z #_useSession end

[90mstdout[2m | tests/property/scoped-roles-processing-efficiency.test.ts[2m > [22m[2mProperty 10: Scoped Roles Processing Efficiency[2m > [22m[2mProperty 10.8: System role operations should not affect org/project role caches
[22m[39mGoTrueClient@sb-bgxknceshxxifwytalex-auth-token:0 (2.93.3) 2026-02-02T15:20:13.765Z #_acquireLock lock released for storage key sb-bgxknceshxxifwytalex-auth-token

[90mstdout[2m | tests/property/scoped-roles-processing-efficiency.test.ts[2m > [22m[2mProperty 10: Scoped Roles Processing Efficiency[2m > [22m[2mProperty 10.8: System role operations should not affect org/project role caches
[22m[39mGoTrueClient@sb-bgxknceshxxifwytalex-auth-token:0 (2.93.3) 2026-02-02T15:20:13.765Z #_acquireLock end

stderr | tests/property/scoped-roles-processing-efficiency.test.ts > Property 10: Scoped Roles Processing Efficiency > Property 10.8: System role operations should not affect org/project role caches
Error fetching project roles: {
  code: 'PGRST200',
  details: "Searched for a foreign key relationship between 'project_roles' and 'user_profiles' in the schema 'public', but no matches were found.",
  hint: null,
  message: "Could not find a relationship between 'project_roles' and 'user_profiles' in the schema cache"
}

[90mstdout[2m | tests/property/scoped-roles-processing-efficiency.test.ts[2m > [22m[2mProperty 10: Scoped Roles Processing Efficiency[2m > [22m[2mProperty 10.8: System role operations should not affect org/project role caches
[22m[39mGoTrueClient@sb-bgxknceshxxifwytalex-auth-token:0 (2.93.3) 2026-02-02T15:20:13.799Z #_acquireLock begin [33m10000[39m
GoTrueClient@sb-bgxknceshxxifwytalex-auth-token:0 (2.93.3) 2026-02-02T15:20:13.799Z #_acquireLock lock acquired for storage key sb-bgxknceshxxifwytalex-auth-token
GoTrueClient@sb-bgxknceshxxifwytalex-auth-token:0 (2.93.3) 2026-02-02T15:20:13.799Z #_useSession begin
GoTrueClient@sb-bgxknceshxxifwytalex-auth-token:0 (2.93.3) 2026-02-02T15:20:13.799Z #__loadSession() begin

[90mstdout[2m | tests/property/scoped-roles-processing-efficiency.test.ts[2m > [22m[2mProperty 10: Scoped Roles Processing Efficiency[2m > [22m[2mProperty 10.8: System role operations should not affect org/project role caches
[22m[39mGoTrueClient@sb-bgxknceshxxifwytalex-auth-token:0 (2.93.3) 2026-02-02T15:20:13.799Z #getSession() session from storage [1mnull[22m
GoTrueClient@sb-bgxknceshxxifwytalex-auth-token:0 (2.93.3) 2026-02-02T15:20:13.799Z #__loadSession() end

[90mstdout[2m | tests/property/scoped-roles-processing-efficiency.test.ts[2m > [22m[2mProperty 10: Scoped Roles Processing Efficiency[2m > [22m[2mProperty 10.8: System role operations should not affect org/project role caches
[22m[39mGoTrueClient@sb-bgxknceshxxifwytalex-auth-token:0 (2.93.3) 2026-02-02T15:20:13.799Z #_useSession end

[90mstdout[2m | tests/property/scoped-roles-processing-efficiency.test.ts[2m > [22m[2mProperty 10: Scoped Roles Processing Efficiency[2m > [22m[2mProperty 10.8: System role operations should not affect org/project role caches
[22m[39mGoTrueClient@sb-bgxknceshxxifwytalex-auth-token:0 (2.93.3) 2026-02-02T15:20:13.800Z #_acquireLock lock released for storage key sb-bgxknceshxxifwytalex-auth-token

[90mstdout[2m | tests/property/scoped-roles-processing-efficiency.test.ts[2m > [22m[2mProperty 10: Scoped Roles Processing Efficiency[2m > [22m[2mProperty 10.8: System role operations should not affect org/project role caches
[22m[39mGoTrueClient@sb-bgxknceshxxifwytalex-auth-token:0 (2.93.3) 2026-02-02T15:20:13.800Z #_acquireLock end

stderr | tests/property/scoped-roles-processing-efficiency.test.ts > Property 10: Scoped Roles Processing Efficiency > Property 10.8: System role operations should not affect org/project role caches
Error fetching org roles: {
  code: 'PGRST200',
  details: "Searched for a foreign key relationship between 'org_roles' and 'user_profiles' in the schema 'public', but no matches were found.",
  hint: null,
  message: "Could not find a relationship between 'org_roles' and 'user_profiles' in the schema cache"
}

[90mstdout[2m | tests/property/scoped-roles-processing-efficiency.test.ts[2m > [22m[2mProperty 10: Scoped Roles Processing Efficiency[2m > [22m[2mProperty 10.8: System role operations should not affect org/project role caches
[22m[39mGoTrueClient@sb-bgxknceshxxifwytalex-auth-token:0 (2.93.3) 2026-02-02T15:20:13.807Z #_acquireLock begin [33m10000[39m
GoTrueClient@sb-bgxknceshxxifwytalex-auth-token:0 (2.93.3) 2026-02-02T15:20:13.807Z #_acquireLock lock acquired for storage key sb-bgxknceshxxifwytalex-auth-token
GoTrueClient@sb-bgxknceshxxifwytalex-auth-token:0 (2.93.3) 2026-02-02T15:20:13.807Z #_useSession begin
GoTrueClient@sb-bgxknceshxxifwytalex-auth-token:0 (2.93.3) 2026-02-02T15:20:13.807Z #__loadSession() begin

[90mstdout[2m | tests/property/scoped-roles-processing-efficiency.test.ts[2m > [22m[2mProperty 10: Scoped Roles Processing Efficiency[2m > [22m[2mProperty 10.8: System role operations should not affect org/project role caches
[22m[39mGoTrueClient@sb-bgxknceshxxifwytalex-auth-token:0 (2.93.3) 2026-02-02T15:20:13.807Z #getSession() session from storage [1mnull[22m
GoTrueClient@sb-bgxknceshxxifwytalex-auth-token:0 (2.93.3) 2026-02-02T15:20:13.807Z #__loadSession() end

[90mstdout[2m | tests/property/scoped-roles-processing-efficiency.test.ts[2m > [22m[2mProperty 10: Scoped Roles Processing Efficiency[2m > [22m[2mProperty 10.8: System role operations should not affect org/project role caches
[22m[39mGoTrueClient@sb-bgxknceshxxifwytalex-auth-token:0 (2.93.3) 2026-02-02T15:20:13.807Z #_useSession end

[90mstdout[2m | tests/property/scoped-roles-processing-efficiency.test.ts[2m > [22m[2mProperty 10: Scoped Roles Processing Efficiency[2m > [22m[2mProperty 10.8: System role operations should not affect org/project role caches
[22m[39mGoTrueClient@sb-bgxknceshxxifwytalex-auth-token:0 (2.93.3) 2026-02-02T15:20:13.807Z #_acquireLock lock released for storage key sb-bgxknceshxxifwytalex-auth-token

[90mstdout[2m | tests/property/scoped-roles-processing-efficiency.test.ts[2m > [22m[2mProperty 10: Scoped Roles Processing Efficiency[2m > [22m[2mProperty 10.8: System role operations should not affect org/project role caches
[22m[39mGoTrueClient@sb-bgxknceshxxifwytalex-auth-token:0 (2.93.3) 2026-02-02T15:20:13.807Z #_acquireLock end

stderr | tests/property/scoped-roles-processing-efficiency.test.ts > Property 10: Scoped Roles Processing Efficiency > Property 10.8: System role operations should not affect org/project role caches
Error fetching org roles: {
  code: 'PGRST200',
  details: "Searched for a foreign key relationship between 'org_roles' and 'user_profiles' in the schema 'public', but no matches were found.",
  hint: null,
  message: "Could not find a relationship between 'org_roles' and 'user_profiles' in the schema cache"
}

[90mstdout[2m | tests/property/scoped-roles-processing-efficiency.test.ts[2m > [22m[2mProperty 10: Scoped Roles Processing Efficiency[2m > [22m[2mProperty 10.8: System role operations should not affect org/project role caches
[22m[39mGoTrueClient@sb-bgxknceshxxifwytalex-auth-token:0 (2.93.3) 2026-02-02T15:20:13.823Z #_acquireLock begin [33m10000[39m
GoTrueClient@sb-bgxknceshxxifwytalex-auth-token:0 (2.93.3) 2026-02-02T15:20:13.823Z #_acquireLock lock acquired for storage key sb-bgxknceshxxifwytalex-auth-token
GoTrueClient@sb-bgxknceshxxifwytalex-auth-token:0 (2.93.3) 2026-02-02T15:20:13.823Z #_useSession begin
GoTrueClient@sb-bgxknceshxxifwytalex-auth-token:0 (2.93.3) 2026-02-02T15:20:13.823Z #__loadSession() begin

[90mstdout[2m | tests/property/scoped-roles-processing-efficiency.test.ts[2m > [22m[2mProperty 10: Scoped Roles Processing Efficiency[2m > [22m[2mProperty 10.8: System role operations should not affect org/project role caches
[22m[39mGoTrueClient@sb-bgxknceshxxifwytalex-auth-token:0 (2.93.3) 2026-02-02T15:20:13.823Z #getSession() session from storage [1mnull[22m
GoTrueClient@sb-bgxknceshxxifwytalex-auth-token:0 (2.93.3) 2026-02-02T15:20:13.823Z #__loadSession() end

[90mstdout[2m | tests/property/scoped-roles-processing-efficiency.test.ts[2m > [22m[2mProperty 10: Scoped Roles Processing Efficiency[2m > [22m[2mProperty 10.8: System role operations should not affect org/project role caches
[22m[39mGoTrueClient@sb-bgxknceshxxifwytalex-auth-token:0 (2.93.3) 2026-02-02T15:20:13.823Z #_useSession end

[90mstdout[2m | tests/property/scoped-roles-processing-efficiency.test.ts[2m > [22m[2mProperty 10: Scoped Roles Processing Efficiency[2m > [22m[2mProperty 10.8: System role operations should not affect org/project role caches
[22m[39mGoTrueClient@sb-bgxknceshxxifwytalex-auth-token:0 (2.93.3) 2026-02-02T15:20:13.823Z #_acquireLock lock released for storage key sb-bgxknceshxxifwytalex-auth-token

[90mstdout[2m | tests/property/scoped-roles-processing-efficiency.test.ts[2m > [22m[2mProperty 10: Scoped Roles Processing Efficiency[2m > [22m[2mProperty 10.8: System role operations should not affect org/project role caches
[22m[39mGoTrueClient@sb-bgxknceshxxifwytalex-auth-token:0 (2.93.3) 2026-02-02T15:20:13.823Z #_acquireLock end

stderr | tests/property/scoped-roles-processing-efficiency.test.ts > Property 10: Scoped Roles Processing Efficiency > Property 10.8: System role operations should not affect org/project role caches
Error fetching project roles: {
  code: 'PGRST200',
  details: "Searched for a foreign key relationship between 'project_roles' and 'user_profiles' in the schema 'public', but no matches were found.",
  hint: null,
  message: "Could not find a relationship between 'project_roles' and 'user_profiles' in the schema cache"
}

[90mstdout[2m | tests/property/scoped-roles-processing-efficiency.test.ts[2m > [22m[2mProperty 10: Scoped Roles Processing Efficiency[2m > [22m[2mProperty 10.8: System role operations should not affect org/project role caches
[22m[39mGoTrueClient@sb-bgxknceshxxifwytalex-auth-token:0 (2.93.3) 2026-02-02T15:20:13.829Z #_acquireLock begin [33m10000[39m
GoTrueClient@sb-bgxknceshxxifwytalex-auth-token:0 (2.93.3) 2026-02-02T15:20:13.829Z #_acquireLock lock acquired for storage key sb-bgxknceshxxifwytalex-auth-token
GoTrueClient@sb-bgxknceshxxifwytalex-auth-token:0 (2.93.3) 2026-02-02T15:20:13.829Z #_useSession begin
GoTrueClient@sb-bgxknceshxxifwytalex-auth-token:0 (2.93.3) 2026-02-02T15:20:13.829Z #__loadSession() begin

[90mstdout[2m | tests/property/scoped-roles-processing-efficiency.test.ts[2m > [22m[2mProperty 10: Scoped Roles Processing Efficiency[2m > [22m[2mProperty 10.8: System role operations should not affect org/project role caches
[22m[39mGoTrueClient@sb-bgxknceshxxifwytalex-auth-token:0 (2.93.3) 2026-02-02T15:20:13.829Z #getSession() session from storage [1mnull[22m
GoTrueClient@sb-bgxknceshxxifwytalex-auth-token:0 (2.93.3) 2026-02-02T15:20:13.829Z #__loadSession() end

[90mstdout[2m | tests/property/scoped-roles-processing-efficiency.test.ts[2m > [22m[2mProperty 10: Scoped Roles Processing Efficiency[2m > [22m[2mProperty 10.8: System role operations should not affect org/project role caches
[22m[39mGoTrueClient@sb-bgxknceshxxifwytalex-auth-token:0 (2.93.3) 2026-02-02T15:20:13.829Z #_useSession end

[90mstdout[2m | tests/property/scoped-roles-processing-efficiency.test.ts[2m > [22m[2mProperty 10: Scoped Roles Processing Efficiency[2m > [22m[2mProperty 10.8: System role operations should not affect org/project role caches
[22m[39mGoTrueClient@sb-bgxknceshxxifwytalex-auth-token:0 (2.93.3) 2026-02-02T15:20:13.829Z #_acquireLock lock released for storage key sb-bgxknceshxxifwytalex-auth-token

[90mstdout[2m | tests/property/scoped-roles-processing-efficiency.test.ts[2m > [22m[2mProperty 10: Scoped Roles Processing Efficiency[2m > [22m[2mProperty 10.8: System role operations should not affect org/project role caches
[22m[39mGoTrueClient@sb-bgxknceshxxifwytalex-auth-token:0 (2.93.3) 2026-02-02T15:20:13.829Z #_acquireLock end

[90mstdout[2m | tests/property/scoped-roles-processing-efficiency.test.ts[2m > [22m[2mProperty 10: Scoped Roles Processing Efficiency[2m > [22m[2mProperty 10.8: System role operations should not affect org/project role caches
[22m[39mGoTrueClient@sb-bgxknceshxxifwytalex-auth-token:0 (2.93.3) 2026-02-02T15:20:13.946Z #_acquireLock begin [33m10000[39m
GoTrueClient@sb-bgxknceshxxifwytalex-auth-token:0 (2.93.3) 2026-02-02T15:20:13.946Z #_acquireLock lock acquired for storage key sb-bgxknceshxxifwytalex-auth-token
GoTrueClient@sb-bgxknceshxxifwytalex-auth-token:0 (2.93.3) 2026-02-02T15:20:13.946Z #_useSession begin
GoTrueClient@sb-bgxknceshxxifwytalex-auth-token:0 (2.93.3) 2026-02-02T15:20:13.946Z #__loadSession() begin

[90mstdout[2m | tests/property/scoped-roles-processing-efficiency.test.ts[2m > [22m[2mProperty 10: Scoped Roles Processing Efficiency[2m > [22m[2mProperty 10.8: System role operations should not affect org/project role caches
[22m[39mGoTrueClient@sb-bgxknceshxxifwytalex-auth-token:0 (2.93.3) 2026-02-02T15:20:13.946Z #getSession() session from storage [1mnull[22m
GoTrueClient@sb-bgxknceshxxifwytalex-auth-token:0 (2.93.3) 2026-02-02T15:20:13.946Z #__loadSession() end

[90mstdout[2m | tests/property/scoped-roles-processing-efficiency.test.ts[2m > [22m[2mProperty 10: Scoped Roles Processing Efficiency[2m > [22m[2mProperty 10.8: System role operations should not affect org/project role caches
[22m[39mGoTrueClient@sb-bgxknceshxxifwytalex-auth-token:0 (2.93.3) 2026-02-02T15:20:13.946Z #_useSession end

[90mstdout[2m | tests/property/scoped-roles-processing-efficiency.test.ts[2m > [22m[2mProperty 10: Scoped Roles Processing Efficiency[2m > [22m[2mProperty 10.8: System role operations should not affect org/project role caches
[22m[39mGoTrueClient@sb-bgxknceshxxifwytalex-auth-token:0 (2.93.3) 2026-02-02T15:20:13.946Z #_acquireLock lock released for storage key sb-bgxknceshxxifwytalex-auth-token

[90mstdout[2m | tests/property/scoped-roles-processing-efficiency.test.ts[2m > [22m[2mProperty 10: Scoped Roles Processing Efficiency[2m > [22m[2mProperty 10.8: System role operations should not affect org/project role caches
[22m[39mGoTrueClient@sb-bgxknceshxxifwytalex-auth-token:0 (2.93.3) 2026-02-02T15:20:13.946Z #_acquireLock end

stderr | tests/property/scoped-roles-processing-efficiency.test.ts > Property 10: Scoped Roles Processing Efficiency > Property 10.8: System role operations should not affect org/project role caches
Error fetching project roles: {
  code: 'PGRST200',
  details: "Searched for a foreign key relationship between 'project_roles' and 'user_profiles' in the schema 'public', but no matches were found.",
  hint: null,
  message: "Could not find a relationship between 'project_roles' and 'user_profiles' in the schema cache"
}

[90mstdout[2m | tests/property/scoped-roles-processing-efficiency.test.ts[2m > [22m[2mProperty 10: Scoped Roles Processing Efficiency[2m > [22m[2mProperty 10.8: System role operations should not affect org/project role caches
[22m[39mGoTrueClient@sb-bgxknceshxxifwytalex-auth-token:0 (2.93.3) 2026-02-02T15:20:13.984Z #_acquireLock begin [33m10000[39m
GoTrueClient@sb-bgxknceshxxifwytalex-auth-token:0 (2.93.3) 2026-02-02T15:20:13.984Z #_acquireLock lock acquired for storage key sb-bgxknceshxxifwytalex-auth-token
GoTrueClient@sb-bgxknceshxxifwytalex-auth-token:0 (2.93.3) 2026-02-02T15:20:13.984Z #_useSession begin
GoTrueClient@sb-bgxknceshxxifwytalex-auth-token:0 (2.93.3) 2026-02-02T15:20:13.984Z #__loadSession() begin

[90mstdout[2m | tests/property/scoped-roles-processing-efficiency.test.ts[2m > [22m[2mProperty 10: Scoped Roles Processing Efficiency[2m > [22m[2mProperty 10.8: System role operations should not affect org/project role caches
[22m[39mGoTrueClient@sb-bgxknceshxxifwytalex-auth-token:0 (2.93.3) 2026-02-02T15:20:13.984Z #getSession() session from storage [1mnull[22m
GoTrueClient@sb-bgxknceshxxifwytalex-auth-token:0 (2.93.3) 2026-02-02T15:20:13.984Z #__loadSession() end

[90mstdout[2m | tests/property/scoped-roles-processing-efficiency.test.ts[2m > [22m[2mProperty 10: Scoped Roles Processing Efficiency[2m > [22m[2mProperty 10.8: System role operations should not affect org/project role caches
[22m[39mGoTrueClient@sb-bgxknceshxxifwytalex-auth-token:0 (2.93.3) 2026-02-02T15:20:13.984Z #_useSession end

[90mstdout[2m | tests/property/scoped-roles-processing-efficiency.test.ts[2m > [22m[2mProperty 10: Scoped Roles Processing Efficiency[2m > [22m[2mProperty 10.8: System role operations should not affect org/project role caches
[22m[39mGoTrueClient@sb-bgxknceshxxifwytalex-auth-token:0 (2.93.3) 2026-02-02T15:20:13.984Z #_acquireLock lock released for storage key sb-bgxknceshxxifwytalex-auth-token

[90mstdout[2m | tests/property/scoped-roles-processing-efficiency.test.ts[2m > [22m[2mProperty 10: Scoped Roles Processing Efficiency[2m > [22m[2mProperty 10.8: System role operations should not affect org/project role caches
[22m[39mGoTrueClient@sb-bgxknceshxxifwytalex-auth-token:0 (2.93.3) 2026-02-02T15:20:13.984Z #_acquireLock end

stderr | tests/property/scoped-roles-processing-efficiency.test.ts > Property 10: Scoped Roles Processing Efficiency > Property 10.8: System role operations should not affect org/project role caches
Error fetching project roles: {
  code: 'PGRST200',
  details: "Searched for a foreign key relationship between 'project_roles' and 'user_profiles' in the schema 'public', but no matches were found.",
  hint: null,
  message: "Could not find a relationship between 'project_roles' and 'user_profiles' in the schema cache"
}

[90mstdout[2m | tests/property/scoped-roles-processing-efficiency.test.ts[2m > [22m[2mProperty 10: Scoped Roles Processing Efficiency[2m > [22m[2mProperty 10.8: System role operations should not affect org/project role caches
[22m[39mGoTrueClient@sb-bgxknceshxxifwytalex-auth-token:0 (2.93.3) 2026-02-02T15:20:13.986Z #_acquireLock begin [33m10000[39m
GoTrueClient@sb-bgxknceshxxifwytalex-auth-token:0 (2.93.3) 2026-02-02T15:20:13.986Z #_acquireLock lock acquired for storage key sb-bgxknceshxxifwytalex-auth-token
GoTrueClient@sb-bgxknceshxxifwytalex-auth-token:0 (2.93.3) 2026-02-02T15:20:13.986Z #_useSession begin
GoTrueClient@sb-bgxknceshxxifwytalex-auth-token:0 (2.93.3) 2026-02-02T15:20:13.986Z #__loadSession() begin

[90mstdout[2m | tests/property/scoped-roles-processing-efficiency.test.ts[2m > [22m[2mProperty 10: Scoped Roles Processing Efficiency[2m > [22m[2mProperty 10.8: System role operations should not affect org/project role caches
[22m[39mGoTrueClient@sb-bgxknceshxxifwytalex-auth-token:0 (2.93.3) 2026-02-02T15:20:13.987Z #getSession() session from storage [1mnull[22m
GoTrueClient@sb-bgxknceshxxifwytalex-auth-token:0 (2.93.3) 2026-02-02T15:20:13.987Z #__loadSession() end

[90mstdout[2m | tests/property/scoped-roles-processing-efficiency.test.ts[2m > [22m[2mProperty 10: Scoped Roles Processing Efficiency[2m > [22m[2mProperty 10.8: System role operations should not affect org/project role caches
[22m[39mGoTrueClient@sb-bgxknceshxxifwytalex-auth-token:0 (2.93.3) 2026-02-02T15:20:13.987Z #_useSession end

[90mstdout[2m | tests/property/scoped-roles-processing-efficiency.test.ts[2m > [22m[2mProperty 10: Scoped Roles Processing Efficiency[2m > [22m[2mProperty 10.8: System role operations should not affect org/project role caches
[22m[39mGoTrueClient@sb-bgxknceshxxifwytalex-auth-token:0 (2.93.3) 2026-02-02T15:20:13.987Z #_acquireLock lock released for storage key sb-bgxknceshxxifwytalex-auth-token

[90mstdout[2m | tests/property/scoped-roles-processing-efficiency.test.ts[2m > [22m[2mProperty 10: Scoped Roles Processing Efficiency[2m > [22m[2mProperty 10.8: System role operations should not affect org/project role caches
[22m[39mGoTrueClient@sb-bgxknceshxxifwytalex-auth-token:0 (2.93.3) 2026-02-02T15:20:13.987Z #_acquireLock end

stderr | tests/property/scoped-roles-processing-efficiency.test.ts > Property 10: Scoped Roles Processing Efficiency > Property 10.8: System role operations should not affect org/project role caches
Error fetching project roles: {
  code: 'PGRST200',
  details: "Searched for a foreign key relationship between 'project_roles' and 'user_profiles' in the schema 'public', but no matches were found.",
  hint: null,
  message: "Could not find a relationship between 'project_roles' and 'user_profiles' in the schema cache"
}

[90mstdout[2m | tests/property/scoped-roles-processing-efficiency.test.ts[2m > [22m[2mProperty 10: Scoped Roles Processing Efficiency[2m > [22m[2mProperty 10.8: System role operations should not affect org/project role caches
[22m[39mGoTrueClient@sb-bgxknceshxxifwytalex-auth-token:0 (2.93.3) 2026-02-02T15:20:14.011Z #_acquireLock begin [33m10000[39m
GoTrueClient@sb-bgxknceshxxifwytalex-auth-token:0 (2.93.3) 2026-02-02T15:20:14.011Z #_acquireLock lock acquired for storage key sb-bgxknceshxxifwytalex-auth-token
GoTrueClient@sb-bgxknceshxxifwytalex-auth-token:0 (2.93.3) 2026-02-02T15:20:14.011Z #_useSession begin
GoTrueClient@sb-bgxknceshxxifwytalex-auth-token:0 (2.93.3) 2026-02-02T15:20:14.011Z #__loadSession() begin

[90mstdout[2m | tests/property/scoped-roles-processing-efficiency.test.ts[2m > [22m[2mProperty 10: Scoped Roles Processing Efficiency[2m > [22m[2mProperty 10.8: System role operations should not affect org/project role caches
[22m[39mGoTrueClient@sb-bgxknceshxxifwytalex-auth-token:0 (2.93.3) 2026-02-02T15:20:14.011Z #getSession() session from storage [1mnull[22m
GoTrueClient@sb-bgxknceshxxifwytalex-auth-token:0 (2.93.3) 2026-02-02T15:20:14.011Z #__loadSession() end

[90mstdout[2m | tests/property/scoped-roles-processing-efficiency.test.ts[2m > [22m[2mProperty 10: Scoped Roles Processing Efficiency[2m > [22m[2mProperty 10.8: System role operations should not affect org/project role caches
[22m[39mGoTrueClient@sb-bgxknceshxxifwytalex-auth-token:0 (2.93.3) 2026-02-02T15:20:14.011Z #_useSession end

[90mstdout[2m | tests/property/scoped-roles-processing-efficiency.test.ts[2m > [22m[2mProperty 10: Scoped Roles Processing Efficiency[2m > [22m[2mProperty 10.8: System role operations should not affect org/project role caches
[22m[39mGoTrueClient@sb-bgxknceshxxifwytalex-auth-token:0 (2.93.3) 2026-02-02T15:20:14.011Z #_acquireLock lock released for storage key sb-bgxknceshxxifwytalex-auth-token

[90mstdout[2m | tests/property/scoped-roles-processing-efficiency.test.ts[2m > [22m[2mProperty 10: Scoped Roles Processing Efficiency[2m > [22m[2mProperty 10.8: System role operations should not affect org/project role caches
[22m[39mGoTrueClient@sb-bgxknceshxxifwytalex-auth-token:0 (2.93.3) 2026-02-02T15:20:14.011Z #_acquireLock end

stderr | tests/property/scoped-roles-processing-efficiency.test.ts > Property 10: Scoped Roles Processing Efficiency > Property 10.8: System role operations should not affect org/project role caches
Error fetching org roles: {
  code: 'PGRST200',
  details: "Searched for a foreign key relationship between 'org_roles' and 'user_profiles' in the schema 'public', but no matches were found.",
  hint: null,
  message: "Could not find a relationship between 'org_roles' and 'user_profiles' in the schema cache"
}

[90mstdout[2m | tests/property/scoped-roles-processing-efficiency.test.ts[2m > [22m[2mProperty 10: Scoped Roles Processing Efficiency[2m > [22m[2mProperty 10.8: System role operations should not affect org/project role caches
[22m[39mGoTrueClient@sb-bgxknceshxxifwytalex-auth-token:0 (2.93.3) 2026-02-02T15:20:14.013Z #_acquireLock begin [33m10000[39m
GoTrueClient@sb-bgxknceshxxifwytalex-auth-token:0 (2.93.3) 2026-02-02T15:20:14.013Z #_acquireLock lock acquired for storage key sb-bgxknceshxxifwytalex-auth-token
GoTrueClient@sb-bgxknceshxxifwytalex-auth-token:0 (2.93.3) 2026-02-02T15:20:14.013Z #_useSession begin
GoTrueClient@sb-bgxknceshxxifwytalex-auth-token:0 (2.93.3) 2026-02-02T15:20:14.013Z #__loadSession() begin

[90mstdout[2m | tests/property/scoped-roles-processing-efficiency.test.ts[2m > [22m[2mProperty 10: Scoped Roles Processing Efficiency[2m > [22m[2mProperty 10.8: System role operations should not affect org/project role caches
[22m[39mGoTrueClient@sb-bgxknceshxxifwytalex-auth-token:0 (2.93.3) 2026-02-02T15:20:14.014Z #getSession() session from storage [1mnull[22m
GoTrueClient@sb-bgxknceshxxifwytalex-auth-token:0 (2.93.3) 2026-02-02T15:20:14.014Z #__loadSession() end

[90mstdout[2m | tests/property/scoped-roles-processing-efficiency.test.ts[2m > [22m[2mProperty 10: Scoped Roles Processing Efficiency[2m > [22m[2mProperty 10.8: System role operations should not affect org/project role caches
[22m[39mGoTrueClient@sb-bgxknceshxxifwytalex-auth-token:0 (2.93.3) 2026-02-02T15:20:14.014Z #_useSession end

[90mstdout[2m | tests/property/scoped-roles-processing-efficiency.test.ts[2m > [22m[2mProperty 10: Scoped Roles Processing Efficiency[2m > [22m[2mProperty 10.8: System role operations should not affect org/project role caches
[22m[39mGoTrueClient@sb-bgxknceshxxifwytalex-auth-token:0 (2.93.3) 2026-02-02T15:20:14.014Z #_acquireLock lock released for storage key sb-bgxknceshxxifwytalex-auth-token

[90mstdout[2m | tests/property/scoped-roles-processing-efficiency.test.ts[2m > [22m[2mProperty 10: Scoped Roles Processing Efficiency[2m > [22m[2mProperty 10.8: System role operations should not affect org/project role caches
[22m[39mGoTrueClient@sb-bgxknceshxxifwytalex-auth-token:0 (2.93.3) 2026-02-02T15:20:14.014Z #_acquireLock end

stderr | tests/property/scoped-roles-processing-efficiency.test.ts > Property 10: Scoped Roles Processing Efficiency > Property 10.8: System role operations should not affect org/project role caches
[90mstdout[2m | tests/property/scoped-roles-processing-efficiency.test.ts[2m > [22m[2mProperty 10: Scoped Roles Processing Efficiency[2m > [22m[2mProperty 10.8: System role operations should not affect org/project role caches
[22m[39mGoTrueClient@sb-bgxknceshxxifwytalex-auth-token:0 (2.93.3) 2026-02-02T15:20:14.024Z #_acquireLock begin [33m10000[39m
Error fetching project roles: {
GoTrueClient@sb-bgxknceshxxifwytalex-auth-token:0 (2.93.3) 2026-02-02T15:20:14.024Z #_acquireLock lock acquired for storage key sb-bgxknceshxxifwytalex-auth-token
  code: 'PGRST200',
GoTrueClient@sb-bgxknceshxxifwytalex-auth-token:0 (2.93.3) 2026-02-02T15:20:14.024Z #_useSession begin
GoTrueClient@sb-bgxknceshxxifwytalex-auth-token:0 (2.93.3) 2026-02-02T15:20:14.024Z #__loadSession() begin
  details: "Searched for a foreign key relationship between 'project_roles' and 'user_profiles' in the schema 'public', but no matches were found.",
  hint: null,
  message: "Could not find a relationship between 'project_roles' and 'user_profiles' in the schema cache"
}


[90mstdout[2m | tests/property/scoped-roles-processing-efficiency.test.ts[2m > [22m[2mProperty 10: Scoped Roles Processing Efficiency[2m > [22m[2mProperty 10.8: System role operations should not affect org/project role caches
[22m[39mGoTrueClient@sb-bgxknceshxxifwytalex-auth-token:0 (2.93.3) 2026-02-02T15:20:14.024Z #getSession() session from storage [1mnull[22m
GoTrueClient@sb-bgxknceshxxifwytalex-auth-token:0 (2.93.3) 2026-02-02T15:20:14.024Z #__loadSession() end

[90mstdout[2m | tests/property/scoped-roles-processing-efficiency.test.ts[2m > [22m[2mProperty 10: Scoped Roles Processing Efficiency[2m > [22m[2mProperty 10.8: System role operations should not affect org/project role caches
[22m[39mGoTrueClient@sb-bgxknceshxxifwytalex-auth-token:0 (2.93.3) 2026-02-02T15:20:14.024Z #_useSession end

[90mstdout[2m | tests/property/scoped-roles-processing-efficiency.test.ts[2m > [22m[2mProperty 10: Scoped Roles Processing Efficiency[2m > [22m[2mProperty 10.8: System role operations should not affect org/project role caches
[22m[39mGoTrueClient@sb-bgxknceshxxifwytalex-auth-token:0 (2.93.3) 2026-02-02T15:20:14.024Z #_acquireLock lock released for storage key sb-bgxknceshxxifwytalex-auth-token

[90mstdout[2m | tests/property/scoped-roles-processing-efficiency.test.ts[2m > [22m[2mProperty 10: Scoped Roles Processing Efficiency[2m > [22m[2mProperty 10.8: System role operations should not affect org/project role caches
[22m[39mGoTrueClient@sb-bgxknceshxxifwytalex-auth-token:0 (2.93.3) 2026-02-02T15:20:14.025Z #_acquireLock end

stderr | tests/property/scoped-roles-processing-efficiency.test.ts > Property 10: Scoped Roles Processing Efficiency > Property 10.8: System role operations should not affect org/project role caches
Error fetching project roles: {
  code: 'PGRST200',
  details: "Searched for a foreign key relationship between 'project_roles' and 'user_profiles' in the schema 'public', but no matches were found.",
  hint: null,
  message: "Could not find a relationship between 'project_roles' and 'user_profiles' in the schema cache"
}

[90mstdout[2m | tests/property/scoped-roles-processing-efficiency.test.ts[2m > [22m[2mProperty 10: Scoped Roles Processing Efficiency[2m > [22m[2mProperty 10.8: System role operations should not affect org/project role caches
[22m[39mGoTrueClient@sb-bgxknceshxxifwytalex-auth-token:0 (2.93.3) 2026-02-02T15:20:14.032Z #_acquireLock begin [33m10000[39m
GoTrueClient@sb-bgxknceshxxifwytalex-auth-token:0 (2.93.3) 2026-02-02T15:20:14.032Z #_acquireLock lock acquired for storage key sb-bgxknceshxxifwytalex-auth-token
GoTrueClient@sb-bgxknceshxxifwytalex-auth-token:0 (2.93.3) 2026-02-02T15:20:14.032Z #_useSession begin
GoTrueClient@sb-bgxknceshxxifwytalex-auth-token:0 (2.93.3) 2026-02-02T15:20:14.032Z #__loadSession() begin

[90mstdout[2m | tests/property/scoped-roles-processing-efficiency.test.ts[2m > [22m[2mProperty 10: Scoped Roles Processing Efficiency[2m > [22m[2mProperty 10.8: System role operations should not affect org/project role caches
[22m[39mGoTrueClient@sb-bgxknceshxxifwytalex-auth-token:0 (2.93.3) 2026-02-02T15:20:14.032Z #getSession() session from storage [1mnull[22m
GoTrueClient@sb-bgxknceshxxifwytalex-auth-token:0 (2.93.3) 2026-02-02T15:20:14.032Z #__loadSession() end

[90mstdout[2m | tests/property/scoped-roles-processing-efficiency.test.ts[2m > [22m[2mProperty 10: Scoped Roles Processing Efficiency[2m > [22m[2mProperty 10.8: System role operations should not affect org/project role caches
[22m[39mGoTrueClient@sb-bgxknceshxxifwytalex-auth-token:0 (2.93.3) 2026-02-02T15:20:14.032Z #_useSession end

[90mstdout[2m | tests/property/scoped-roles-processing-efficiency.test.ts[2m > [22m[2mProperty 10: Scoped Roles Processing Efficiency[2m > [22m[2mProperty 10.8: System role operations should not affect org/project role caches
[22m[39mGoTrueClient@sb-bgxknceshxxifwytalex-auth-token:0 (2.93.3) 2026-02-02T15:20:14.032Z #_acquireLock lock released for storage key sb-bgxknceshxxifwytalex-auth-token

[90mstdout[2m | tests/property/scoped-roles-processing-efficiency.test.ts[2m > [22m[2mProperty 10: Scoped Roles Processing Efficiency[2m > [22m[2mProperty 10.8: System role operations should not affect org/project role caches
[22m[39mGoTrueClient@sb-bgxknceshxxifwytalex-auth-token:0 (2.93.3) 2026-02-02T15:20:14.032Z #_acquireLock end

stderr | tests/property/scoped-roles-processing-efficiency.test.ts > Property 10: Scoped Roles Processing Efficiency > Property 10.8: System role operations should not affect org/project role caches
Error fetching org roles: {
  code: 'PGRST200',
  details: "Searched for a foreign key relationship between 'org_roles' and 'user_profiles' in the schema 'public', but no matches were found.",
  hint: null,
  message: "Could not find a relationship between 'org_roles' and 'user_profiles' in the schema cache"
}

[90mstdout[2m | tests/property/scoped-roles-processing-efficiency.test.ts[2m > [22m[2mProperty 10: Scoped Roles Processing Efficiency[2m > [22m[2mProperty 10.8: System role operations should not affect org/project role caches
[22m[39mGoTrueClient@sb-bgxknceshxxifwytalex-auth-token:0 (2.93.3) 2026-02-02T15:20:14.145Z #_acquireLock begin [33m10000[39m
GoTrueClient@sb-bgxknceshxxifwytalex-auth-token:0 (2.93.3) 2026-02-02T15:20:14.145Z #_acquireLock lock acquired for storage key sb-bgxknceshxxifwytalex-auth-token
GoTrueClient@sb-bgxknceshxxifwytalex-auth-token:0 (2.93.3) 2026-02-02T15:20:14.145Z #_useSession begin
GoTrueClient@sb-bgxknceshxxifwytalex-auth-token:0 (2.93.3) 2026-02-02T15:20:14.145Z #__loadSession() begin

[90mstdout[2m | tests/property/scoped-roles-processing-efficiency.test.ts[2m > [22m[2mProperty 10: Scoped Roles Processing Efficiency[2m > [22m[2mProperty 10.8: System role operations should not affect org/project role caches
[22m[39mGoTrueClient@sb-bgxknceshxxifwytalex-auth-token:0 (2.93.3) 2026-02-02T15:20:14.145Z #getSession() session from storage [1mnull[22m
GoTrueClient@sb-bgxknceshxxifwytalex-auth-token:0 (2.93.3) 2026-02-02T15:20:14.145Z #__loadSession() end

[90mstdout[2m | tests/property/scoped-roles-processing-efficiency.test.ts[2m > [22m[2mProperty 10: Scoped Roles Processing Efficiency[2m > [22m[2mProperty 10.8: System role operations should not affect org/project role caches
[22m[39mGoTrueClient@sb-bgxknceshxxifwytalex-auth-token:0 (2.93.3) 2026-02-02T15:20:14.145Z #_useSession end

[90mstdout[2m | tests/property/scoped-roles-processing-efficiency.test.ts[2m > [22m[2mProperty 10: Scoped Roles Processing Efficiency[2m > [22m[2mProperty 10.8: System role operations should not affect org/project role caches
[22m[39mGoTrueClient@sb-bgxknceshxxifwytalex-auth-token:0 (2.93.3) 2026-02-02T15:20:14.145Z #_acquireLock lock released for storage key sb-bgxknceshxxifwytalex-auth-token

[90mstdout[2m | tests/property/scoped-roles-processing-efficiency.test.ts[2m > [22m[2mProperty 10: Scoped Roles Processing Efficiency[2m > [22m[2mProperty 10.8: System role operations should not affect org/project role caches
[22m[39mGoTrueClient@sb-bgxknceshxxifwytalex-auth-token:0 (2.93.3) 2026-02-02T15:20:14.146Z #_acquireLock end

[90mstdout[2m | tests/property/scoped-roles-processing-efficiency.test.ts[2m > [22m[2mProperty 10: Scoped Roles Processing Efficiency[2m > [22m[2mProperty 10.8: System role operations should not affect org/project role caches
[22m[39mGoTrueClient@sb-bgxknceshxxifwytalex-auth-token:0 (2.93.3) 2026-02-02T15:20:14.185Z #_acquireLock begin [33m10000[39m
GoTrueClient@sb-bgxknceshxxifwytalex-auth-token:0 (2.93.3) 2026-02-02T15:20:14.185Z #_acquireLock lock acquired for storage key sb-bgxknceshxxifwytalex-auth-token
GoTrueClient@sb-bgxknceshxxifwytalex-auth-token:0 (2.93.3) 2026-02-02T15:20:14.185Z #_useSession begin
GoTrueClient@sb-bgxknceshxxifwytalex-auth-token:0 (2.93.3) 2026-02-02T15:20:14.185Z #__loadSession() begin

[90mstdout[2m | tests/property/scoped-roles-processing-efficiency.test.ts[2m > [22m[2mProperty 10: Scoped Roles Processing Efficiency[2m > [22m[2mProperty 10.8: System role operations should not affect org/project role caches
[22m[39mGoTrueClient@sb-bgxknceshxxifwytalex-auth-token:0 (2.93.3) 2026-02-02T15:20:14.186Z #getSession() session from storage [1mnull[22m
GoTrueClient@sb-bgxknceshxxifwytalex-auth-token:0 (2.93.3) 2026-02-02T15:20:14.186Z #__loadSession() end

[90mstdout[2m | tests/property/scoped-roles-processing-efficiency.test.ts[2m > [22m[2mProperty 10: Scoped Roles Processing Efficiency[2m > [22m[2mProperty 10.8: System role operations should not affect org/project role caches
[22m[39mGoTrueClient@sb-bgxknceshxxifwytalex-auth-token:0 (2.93.3) 2026-02-02T15:20:14.186Z #_useSession end

[90mstdout[2m | tests/property/scoped-roles-processing-efficiency.test.ts[2m > [22m[2mProperty 10: Scoped Roles Processing Efficiency[2m > [22m[2mProperty 10.8: System role operations should not affect org/project role caches
[22m[39mGoTrueClient@sb-bgxknceshxxifwytalex-auth-token:0 (2.93.3) 2026-02-02T15:20:14.186Z #_acquireLock lock released for storage key sb-bgxknceshxxifwytalex-auth-token

[90mstdout[2m | tests/property/scoped-roles-processing-efficiency.test.ts[2m > [22m[2mProperty 10: Scoped Roles Processing Efficiency[2m > [22m[2mProperty 10.8: System role operations should not affect org/project role caches
[22m[39mGoTrueClient@sb-bgxknceshxxifwytalex-auth-token:0 (2.93.3) 2026-02-02T15:20:14.186Z #_acquireLock end

[90mstdout[2m | tests/property/scoped-roles-processing-efficiency.test.ts[2m > [22m[2mProperty 10: Scoped Roles Processing Efficiency[2m > [22m[2mProperty 10.8: System role operations should not affect org/project role caches
[22m[39mGoTrueClient@sb-bgxknceshxxifwytalex-auth-token:0 (2.93.3) 2026-02-02T15:20:14.213Z #_acquireLock begin [33m10000[39m
GoTrueClient@sb-bgxknceshxxifwytalex-auth-token:0 (2.93.3) 2026-02-02T15:20:14.213Z #_acquireLock lock acquired for storage key sb-bgxknceshxxifwytalex-auth-token
GoTrueClient@sb-bgxknceshxxifwytalex-auth-token:0 (2.93.3) 2026-02-02T15:20:14.213Z #_useSession begin
GoTrueClient@sb-bgxknceshxxifwytalex-auth-token:0 (2.93.3) 2026-02-02T15:20:14.213Z #__loadSession() begin

[90mstdout[2m | tests/property/scoped-roles-processing-efficiency.test.ts[2m > [22m[2mProperty 10: Scoped Roles Processing Efficiency[2m > [22m[2mProperty 10.8: System role operations should not affect org/project role caches
[22m[39mGoTrueClient@sb-bgxknceshxxifwytalex-auth-token:0 (2.93.3) 2026-02-02T15:20:14.213Z #getSession() session from storage [1mnull[22m
GoTrueClient@sb-bgxknceshxxifwytalex-auth-token:0 (2.93.3) 2026-02-02T15:20:14.213Z #__loadSession() end

[90mstdout[2m | tests/property/scoped-roles-processing-efficiency.test.ts[2m > [22m[2mProperty 10: Scoped Roles Processing Efficiency[2m > [22m[2mProperty 10.8: System role operations should not affect org/project role caches
[22m[39mGoTrueClient@sb-bgxknceshxxifwytalex-auth-token:0 (2.93.3) 2026-02-02T15:20:14.213Z #_useSession end

[90mstdout[2m | tests/property/scoped-roles-processing-efficiency.test.ts[2m > [22m[2mProperty 10: Scoped Roles Processing Efficiency[2m > [22m[2mProperty 10.8: System role operations should not affect org/project role caches
[22m[39mGoTrueClient@sb-bgxknceshxxifwytalex-auth-token:0 (2.93.3) 2026-02-02T15:20:14.213Z #_acquireLock lock released for storage key sb-bgxknceshxxifwytalex-auth-token

[90mstdout[2m | tests/property/scoped-roles-processing-efficiency.test.ts[2m > [22m[2mProperty 10: Scoped Roles Processing Efficiency[2m > [22m[2mProperty 10.8: System role operations should not affect org/project role caches
[22m[39mGoTrueClient@sb-bgxknceshxxifwytalex-auth-token:0 (2.93.3) 2026-02-02T15:20:14.213Z #_acquireLock end

stderr | tests/property/scoped-roles-processing-efficiency.test.ts > Property 10: Scoped Roles Processing Efficiency > Property 10.8: System role operations should not affect org/project role caches
Error fetching project roles: {
  code: 'PGRST200',
  details: "Searched for a foreign key relationship between 'project_roles' and 'user_profiles' in the schema 'public', but no matches were found.",
  hint: null,
  message: "Could not find a relationship between 'project_roles' and 'user_profiles' in the schema cache"
}

[90mstdout[2m | tests/property/scoped-roles-processing-efficiency.test.ts[2m > [22m[2mProperty 10: Scoped Roles Processing Efficiency[2m > [22m[2mProperty 10.8: System role operations should not affect org/project role caches
[22m[39mGoTrueClient@sb-bgxknceshxxifwytalex-auth-token:0 (2.93.3) 2026-02-02T15:20:14.239Z #_acquireLock begin [33m10000[39m
GoTrueClient@sb-bgxknceshxxifwytalex-auth-token:0 (2.93.3) 2026-02-02T15:20:14.239Z #_acquireLock lock acquired for storage key sb-bgxknceshxxifwytalex-auth-token
GoTrueClient@sb-bgxknceshxxifwytalex-auth-token:0 (2.93.3) 2026-02-02T15:20:14.239Z #_useSession begin
GoTrueClient@sb-bgxknceshxxifwytalex-auth-token:0 (2.93.3) 2026-02-02T15:20:14.239Z #__loadSession() begin

[90mstdout[2m | tests/property/scoped-roles-processing-efficiency.test.ts[2m > [22m[2mProperty 10: Scoped Roles Processing Efficiency[2m > [22m[2mProperty 10.8: System role operations should not affect org/project role caches
[22m[39mGoTrueClient@sb-bgxknceshxxifwytalex-auth-token:0 (2.93.3) 2026-02-02T15:20:14.239Z #getSession() session from storage [1mnull[22m
GoTrueClient@sb-bgxknceshxxifwytalex-auth-token:0 (2.93.3) 2026-02-02T15:20:14.239Z #__loadSession() end

[90mstdout[2m | tests/property/scoped-roles-processing-efficiency.test.ts[2m > [22m[2mProperty 10: Scoped Roles Processing Efficiency[2m > [22m[2mProperty 10.8: System role operations should not affect org/project role caches
[22m[39mGoTrueClient@sb-bgxknceshxxifwytalex-auth-token:0 (2.93.3) 2026-02-02T15:20:14.239Z #_useSession end

[90mstdout[2m | tests/property/scoped-roles-processing-efficiency.test.ts[2m > [22m[2mProperty 10: Scoped Roles Processing Efficiency[2m > [22m[2mProperty 10.8: System role operations should not affect org/project role caches
[22m[39mGoTrueClient@sb-bgxknceshxxifwytalex-auth-token:0 (2.93.3) 2026-02-02T15:20:14.239Z #_acquireLock lock released for storage key sb-bgxknceshxxifwytalex-auth-token

[90mstdout[2m | tests/property/scoped-roles-processing-efficiency.test.ts[2m > [22m[2mProperty 10: Scoped Roles Processing Efficiency[2m > [22m[2mProperty 10.8: System role operations should not affect org/project role caches
[22m[39mGoTrueClient@sb-bgxknceshxxifwytalex-auth-token:0 (2.93.3) 2026-02-02T15:20:14.239Z #_acquireLock end

stderr | tests/property/scoped-roles-processing-efficiency.test.ts > Property 10: Scoped Roles Processing Efficiency > Property 10.8: System role operations should not affect org/project role caches
Error fetching project roles: {
  code: 'PGRST200',
  details: "Searched for a foreign key relationship between 'project_roles' and 'user_profiles' in the schema 'public', but no matches were found.",
  hint: null,
  message: "Could not find a relationship between 'project_roles' and 'user_profiles' in the schema cache"
}

[90mstdout[2m | tests/property/scoped-roles-processing-efficiency.test.ts[2m > [22m[2mProperty 10: Scoped Roles Processing Efficiency[2m > [22m[2mProperty 10.8: System role operations should not affect org/project role caches
[22m[39mGoTrueClient@sb-bgxknceshxxifwytalex-auth-token:0 (2.93.3) 2026-02-02T15:20:14.241Z #_acquireLock begin [33m10000[39m
GoTrueClient@sb-bgxknceshxxifwytalex-auth-token:0 (2.93.3) 2026-02-02T15:20:14.241Z #_acquireLock lock acquired for storage key sb-bgxknceshxxifwytalex-auth-token
GoTrueClient@sb-bgxknceshxxifwytalex-auth-token:0 (2.93.3) 2026-02-02T15:20:14.241Z #_useSession begin
GoTrueClient@sb-bgxknceshxxifwytalex-auth-token:0 (2.93.3) 2026-02-02T15:20:14.241Z #__loadSession() begin

[90mstdout[2m | tests/property/scoped-roles-processing-efficiency.test.ts[2m > [22m[2mProperty 10: Scoped Roles Processing Efficiency[2m > [22m[2mProperty 10.8: System role operations should not affect org/project role caches
[22m[39mGoTrueClient@sb-bgxknceshxxifwytalex-auth-token:0 (2.93.3) 2026-02-02T15:20:14.241Z #getSession() session from storage [1mnull[22m
GoTrueClient@sb-bgxknceshxxifwytalex-auth-token:0 (2.93.3) 2026-02-02T15:20:14.241Z #__loadSession() end

[90mstdout[2m | tests/property/scoped-roles-processing-efficiency.test.ts[2m > [22m[2mProperty 10: Scoped Roles Processing Efficiency[2m > [22m[2mProperty 10.8: System role operations should not affect org/project role caches
[22m[39mGoTrueClient@sb-bgxknceshxxifwytalex-auth-token:0 (2.93.3) 2026-02-02T15:20:14.241Z #_useSession end

[90mstdout[2m | tests/property/scoped-roles-processing-efficiency.test.ts[2m > [22m[2mProperty 10: Scoped Roles Processing Efficiency[2m > [22m[2mProperty 10.8: System role operations should not affect org/project role caches
[22m[39mGoTrueClient@sb-bgxknceshxxifwytalex-auth-token:0 (2.93.3) 2026-02-02T15:20:14.241Z #_acquireLock lock released for storage key sb-bgxknceshxxifwytalex-auth-token

[90mstdout[2m | tests/property/scoped-roles-processing-efficiency.test.ts[2m > [22m[2mProperty 10: Scoped Roles Processing Efficiency[2m > [22m[2mProperty 10.8: System role operations should not affect org/project role caches
[22m[39mGoTrueClient@sb-bgxknceshxxifwytalex-auth-token:0 (2.93.3) 2026-02-02T15:20:14.241Z #_acquireLock end

stderr | tests/property/scoped-roles-processing-efficiency.test.ts > Property 10: Scoped Roles Processing Efficiency > Property 10.8: System role operations should not affect org/project role caches
Error fetching org roles: {
  code: 'PGRST200',
  details: "Searched for a foreign key relationship between 'org_roles' and 'user_profiles' in the schema 'public', but no matches were found.",
  hint: null,
  message: "Could not find a relationship between 'org_roles' and 'user_profiles' in the schema cache"
}

[90mstdout[2m | tests/property/scoped-roles-processing-efficiency.test.ts[2m > [22m[2mProperty 10: Scoped Roles Processing Efficiency[2m > [22m[2mProperty 10.8: System role operations should not affect org/project role caches
[22m[39mGoTrueClient@sb-bgxknceshxxifwytalex-auth-token:0 (2.93.3) 2026-02-02T15:20:14.243Z #_acquireLock begin [33m10000[39m
GoTrueClient@sb-bgxknceshxxifwytalex-auth-token:0 (2.93.3) 2026-02-02T15:20:14.243Z #_acquireLock lock acquired for storage key sb-bgxknceshxxifwytalex-auth-token
GoTrueClient@sb-bgxknceshxxifwytalex-auth-token:0 (2.93.3) 2026-02-02T15:20:14.243Z #_useSession begin
GoTrueClient@sb-bgxknceshxxifwytalex-auth-token:0 (2.93.3) 2026-02-02T15:20:14.243Z #__loadSession() begin

[90mstdout[2m | tests/property/scoped-roles-processing-efficiency.test.ts[2m > [22m[2mProperty 10: Scoped Roles Processing Efficiency[2m > [22m[2mProperty 10.8: System role operations should not affect org/project role caches
[22m[39mGoTrueClient@sb-bgxknceshxxifwytalex-auth-token:0 (2.93.3) 2026-02-02T15:20:14.244Z #getSession() session from storage [1mnull[22m
GoTrueClient@sb-bgxknceshxxifwytalex-auth-token:0 (2.93.3) 2026-02-02T15:20:14.244Z #__loadSession() end

[90mstdout[2m | tests/property/scoped-roles-processing-efficiency.test.ts[2m > [22m[2mProperty 10: Scoped Roles Processing Efficiency[2m > [22m[2mProperty 10.8: System role operations should not affect org/project role caches
[22m[39mGoTrueClient@sb-bgxknceshxxifwytalex-auth-token:0 (2.93.3) 2026-02-02T15:20:14.244Z #_useSession end

[90mstdout[2m | tests/property/scoped-roles-processing-efficiency.test.ts[2m > [22m[2mProperty 10: Scoped Roles Processing Efficiency[2m > [22m[2mProperty 10.8: System role operations should not affect org/project role caches
[22m[39mGoTrueClient@sb-bgxknceshxxifwytalex-auth-token:0 (2.93.3) 2026-02-02T15:20:14.244Z #_acquireLock lock released for storage key sb-bgxknceshxxifwytalex-auth-token

[90mstdout[2m | tests/property/scoped-roles-processing-efficiency.test.ts[2m > [22m[2mProperty 10: Scoped Roles Processing Efficiency[2m > [22m[2mProperty 10.8: System role operations should not affect org/project role caches
[22m[39mGoTrueClient@sb-bgxknceshxxifwytalex-auth-token:0 (2.93.3) 2026-02-02T15:20:14.244Z #_acquireLock end

[90mstdout[2m | tests/property/scoped-roles-processing-efficiency.test.ts[2m > [22m[2mProperty 10: Scoped Roles Processing Efficiency[2m > [22m[2mProperty 10.8: System role operations should not affect org/project role caches
[22m[39mGoTrueClient@sb-bgxknceshxxifwytalex-auth-token:0 (2.93.3) 2026-02-02T15:20:14.246Z #_acquireLock begin [33m10000[39m
GoTrueClient@sb-bgxknceshxxifwytalex-auth-token:0 (2.93.3) 2026-02-02T15:20:14.246Z #_acquireLock lock acquired for storage key sb-bgxknceshxxifwytalex-auth-token
GoTrueClient@sb-bgxknceshxxifwytalex-auth-token:0 (2.93.3) 2026-02-02T15:20:14.246Z #_useSession begin
GoTrueClient@sb-bgxknceshxxifwytalex-auth-token:0 (2.93.3) 2026-02-02T15:20:14.246Z #__loadSession() begin

[90mstdout[2m | tests/property/scoped-roles-processing-efficiency.test.ts[2m > [22m[2mProperty 10: Scoped Roles Processing Efficiency[2m > [22m[2mProperty 10.8: System role operations should not affect org/project role caches
[22m[39mGoTrueClient@sb-bgxknceshxxifwytalex-auth-token:0 (2.93.3) 2026-02-02T15:20:14.246Z #getSession() session from storage [1mnull[22m
GoTrueClient@sb-bgxknceshxxifwytalex-auth-token:0 (2.93.3) 2026-02-02T15:20:14.246Z #__loadSession() end

[90mstdout[2m | tests/property/scoped-roles-processing-efficiency.test.ts[2m > [22m[2mProperty 10: Scoped Roles Processing Efficiency[2m > [22m[2mProperty 10.8: System role operations should not affect org/project role caches
[22m[39mGoTrueClient@sb-bgxknceshxxifwytalex-auth-token:0 (2.93.3) 2026-02-02T15:20:14.246Z #_useSession end

[90mstdout[2m | tests/property/scoped-roles-processing-efficiency.test.ts[2m > [22m[2mProperty 10: Scoped Roles Processing Efficiency[2m > [22m[2mProperty 10.8: System role operations should not affect org/project role caches
[22m[39mGoTrueClient@sb-bgxknceshxxifwytalex-auth-token:0 (2.93.3) 2026-02-02T15:20:14.246Z #_acquireLock lock released for storage key sb-bgxknceshxxifwytalex-auth-token

[90mstdout[2m | tests/property/scoped-roles-processing-efficiency.test.ts[2m > [22m[2mProperty 10: Scoped Roles Processing Efficiency[2m > [22m[2mProperty 10.8: System role operations should not affect org/project role caches
[22m[39mGoTrueClient@sb-bgxknceshxxifwytalex-auth-token:0 (2.93.3) 2026-02-02T15:20:14.246Z #_acquireLock end

stderr | tests/property/scoped-roles-processing-efficiency.test.ts > Property 10: Scoped Roles Processing Efficiency > Property 10.8: System role operations should not affect org/project role caches
Error fetching project roles: {
  code: 'PGRST200',
  details: "Searched for a foreign key relationship between 'project_roles' and 'user_profiles' in the schema 'public', but no matches were found.",
  hint: null,
  message: "Could not find a relationship between 'project_roles' and 'user_profiles' in the schema cache"
}

[90mstdout[2m | tests/property/scoped-roles-processing-efficiency.test.ts[2m > [22m[2mProperty 10: Scoped Roles Processing Efficiency[2m > [22m[2mProperty 10.8: System role operations should not affect org/project role caches
[22m[39mGoTrueClient@sb-bgxknceshxxifwytalex-auth-token:0 (2.93.3) 2026-02-02T15:20:14.349Z #_acquireLock begin [33m10000[39m
GoTrueClient@sb-bgxknceshxxifwytalex-auth-token:0 (2.93.3) 2026-02-02T15:20:14.349Z #_acquireLock lock acquired for storage key sb-bgxknceshxxifwytalex-auth-token
GoTrueClient@sb-bgxknceshxxifwytalex-auth-token:0 (2.93.3) 2026-02-02T15:20:14.349Z #_useSession begin
GoTrueClient@sb-bgxknceshxxifwytalex-auth-token:0 (2.93.3) 2026-02-02T15:20:14.349Z #__loadSession() begin

[90mstdout[2m | tests/property/scoped-roles-processing-efficiency.test.ts[2m > [22m[2mProperty 10: Scoped Roles Processing Efficiency[2m > [22m[2mProperty 10.8: System role operations should not affect org/project role caches
[22m[39mGoTrueClient@sb-bgxknceshxxifwytalex-auth-token:0 (2.93.3) 2026-02-02T15:20:14.350Z #getSession() session from storage [1mnull[22m
GoTrueClient@sb-bgxknceshxxifwytalex-auth-token:0 (2.93.3) 2026-02-02T15:20:14.350Z #__loadSession() end

[90mstdout[2m | tests/property/scoped-roles-processing-efficiency.test.ts[2m > [22m[2mProperty 10: Scoped Roles Processing Efficiency[2m > [22m[2mProperty 10.8: System role operations should not affect org/project role caches
[22m[39mGoTrueClient@sb-bgxknceshxxifwytalex-auth-token:0 (2.93.3) 2026-02-02T15:20:14.350Z #_useSession end

[90mstdout[2m | tests/property/scoped-roles-processing-efficiency.test.ts[2m > [22m[2mProperty 10: Scoped Roles Processing Efficiency[2m > [22m[2mProperty 10.8: System role operations should not affect org/project role caches
[22m[39mGoTrueClient@sb-bgxknceshxxifwytalex-auth-token:0 (2.93.3) 2026-02-02T15:20:14.350Z #_acquireLock lock released for storage key sb-bgxknceshxxifwytalex-auth-token

[90mstdout[2m | tests/property/scoped-roles-processing-efficiency.test.ts[2m > [22m[2mProperty 10: Scoped Roles Processing Efficiency[2m > [22m[2mProperty 10.8: System role operations should not affect org/project role caches
[22m[39mGoTrueClient@sb-bgxknceshxxifwytalex-auth-token:0 (2.93.3) 2026-02-02T15:20:14.350Z #_acquireLock end

[90mstdout[2m | tests/property/scoped-roles-processing-efficiency.test.ts[2m > [22m[2mProperty 10: Scoped Roles Processing Efficiency[2m > [22m[2mProperty 10.8: System role operations should not affect org/project role caches
[22m[39mGoTrueClient@sb-bgxknceshxxifwytalex-auth-token:0 (2.93.3) 2026-02-02T15:20:14.395Z #_acquireLock begin [33m10000[39m
GoTrueClient@sb-bgxknceshxxifwytalex-auth-token:0 (2.93.3) 2026-02-02T15:20:14.395Z #_acquireLock lock acquired for storage key sb-bgxknceshxxifwytalex-auth-token
GoTrueClient@sb-bgxknceshxxifwytalex-auth-token:0 (2.93.3) 2026-02-02T15:20:14.395Z #_useSession begin
GoTrueClient@sb-bgxknceshxxifwytalex-auth-token:0 (2.93.3) 2026-02-02T15:20:14.395Z #__loadSession() begin

[90mstdout[2m | tests/property/scoped-roles-processing-efficiency.test.ts[2m > [22m[2mProperty 10: Scoped Roles Processing Efficiency[2m > [22m[2mProperty 10.8: System role operations should not affect org/project role caches
[22m[39mGoTrueClient@sb-bgxknceshxxifwytalex-auth-token:0 (2.93.3) 2026-02-02T15:20:14.395Z #getSession() session from storage [1mnull[22m
GoTrueClient@sb-bgxknceshxxifwytalex-auth-token:0 (2.93.3) 2026-02-02T15:20:14.395Z #__loadSession() end

[90mstdout[2m | tests/property/scoped-roles-processing-efficiency.test.ts[2m > [22m[2mProperty 10: Scoped Roles Processing Efficiency[2m > [22m[2mProperty 10.8: System role operations should not affect org/project role caches
[22m[39mGoTrueClient@sb-bgxknceshxxifwytalex-auth-token:0 (2.93.3) 2026-02-02T15:20:14.395Z #_useSession end

[90mstdout[2m | tests/property/scoped-roles-processing-efficiency.test.ts[2m > [22m[2mProperty 10: Scoped Roles Processing Efficiency[2m > [22m[2mProperty 10.8: System role operations should not affect org/project role caches
[22m[39mGoTrueClient@sb-bgxknceshxxifwytalex-auth-token:0 (2.93.3) 2026-02-02T15:20:14.395Z #_acquireLock lock released for storage key sb-bgxknceshxxifwytalex-auth-token

[90mstdout[2m | tests/property/scoped-roles-processing-efficiency.test.ts[2m > [22m[2mProperty 10: Scoped Roles Processing Efficiency[2m > [22m[2mProperty 10.8: System role operations should not affect org/project role caches
[22m[39mGoTrueClient@sb-bgxknceshxxifwytalex-auth-token:0 (2.93.3) 2026-02-02T15:20:14.395Z #_acquireLock end

stderr | tests/property/scoped-roles-processing-efficiency.test.ts > Property 10: Scoped Roles Processing Efficiency > Property 10.8: System role operations should not affect org/project role caches
Error fetching org roles: {
  code: 'PGRST200',
  details: "Searched for a foreign key relationship between 'org_roles' and 'user_profiles' in the schema 'public', but no matches were found.",
  hint: null,
  message: "Could not find a relationship between 'org_roles' and 'user_profiles' in the schema cache"
}

[90mstdout[2m | tests/property/scoped-roles-processing-efficiency.test.ts[2m > [22m[2mProperty 10: Scoped Roles Processing Efficiency[2m > [22m[2mProperty 10.8: System role operations should not affect org/project role caches
[22m[39mGoTrueClient@sb-bgxknceshxxifwytalex-auth-token:0 (2.93.3) 2026-02-02T15:20:14.425Z #_acquireLock begin [33m10000[39m
GoTrueClient@sb-bgxknceshxxifwytalex-auth-token:0 (2.93.3) 2026-02-02T15:20:14.425Z #_acquireLock lock acquired for storage key sb-bgxknceshxxifwytalex-auth-token
GoTrueClient@sb-bgxknceshxxifwytalex-auth-token:0 (2.93.3) 2026-02-02T15:20:14.425Z #_useSession begin
GoTrueClient@sb-bgxknceshxxifwytalex-auth-token:0 (2.93.3) 2026-02-02T15:20:14.425Z #__loadSession() begin

[90mstdout[2m | tests/property/scoped-roles-processing-efficiency.test.ts[2m > [22m[2mProperty 10: Scoped Roles Processing Efficiency[2m > [22m[2mProperty 10.8: System role operations should not affect org/project role caches
[22m[39mGoTrueClient@sb-bgxknceshxxifwytalex-auth-token:0 (2.93.3) 2026-02-02T15:20:14.425Z #getSession() session from storage [1mnull[22m
GoTrueClient@sb-bgxknceshxxifwytalex-auth-token:0 (2.93.3) 2026-02-02T15:20:14.425Z #__loadSession() end

[90mstdout[2m | tests/property/scoped-roles-processing-efficiency.test.ts[2m > [22m[2mProperty 10: Scoped Roles Processing Efficiency[2m > [22m[2mProperty 10.8: System role operations should not affect org/project role caches
[22m[39mGoTrueClient@sb-bgxknceshxxifwytalex-auth-token:0 (2.93.3) 2026-02-02T15:20:14.425Z #_useSession end

[90mstdout[2m | tests/property/scoped-roles-processing-efficiency.test.ts[2m > [22m[2mProperty 10: Scoped Roles Processing Efficiency[2m > [22m[2mProperty 10.8: System role operations should not affect org/project role caches
[22m[39mGoTrueClient@sb-bgxknceshxxifwytalex-auth-token:0 (2.93.3) 2026-02-02T15:20:14.425Z #_acquireLock lock released for storage key sb-bgxknceshxxifwytalex-auth-token

[90mstdout[2m | tests/property/scoped-roles-processing-efficiency.test.ts[2m > [22m[2mProperty 10: Scoped Roles Processing Efficiency[2m > [22m[2mProperty 10.8: System role operations should not affect org/project role caches
[22m[39mGoTrueClient@sb-bgxknceshxxifwytalex-auth-token:0 (2.93.3) 2026-02-02T15:20:14.425Z #_acquireLock end

stderr | tests/property/scoped-roles-processing-efficiency.test.ts > Property 10: Scoped Roles Processing Efficiency > Property 10.8: System role operations should not affect org/project role caches
Error fetching project roles: {
  code: 'PGRST200',
  details: "Searched for a foreign key relationship between 'project_roles' and 'user_profiles' in the schema 'public', but no matches were found.",
  hint: null,
  message: "Could not find a relationship between 'project_roles' and 'user_profiles' in the schema cache"
}

[90mstdout[2m | tests/property/scoped-roles-processing-efficiency.test.ts[2m > [22m[2mProperty 10: Scoped Roles Processing Efficiency[2m > [22m[2mProperty 10.8: System role operations should not affect org/project role caches
[22m[39mGoTrueClient@sb-bgxknceshxxifwytalex-auth-token:0 (2.93.3) 2026-02-02T15:20:14.444Z #_acquireLock begin [33m10000[39m
GoTrueClient@sb-bgxknceshxxifwytalex-auth-token:0 (2.93.3) 2026-02-02T15:20:14.444Z #_acquireLock lock acquired for storage key sb-bgxknceshxxifwytalex-auth-token
GoTrueClient@sb-bgxknceshxxifwytalex-auth-token:0 (2.93.3) 2026-02-02T15:20:14.444Z #_useSession begin
GoTrueClient@sb-bgxknceshxxifwytalex-auth-token:0 (2.93.3) 2026-02-02T15:20:14.444Z #__loadSession() begin

[90mstdout[2m | tests/property/scoped-roles-processing-efficiency.test.ts[2m > [22m[2mProperty 10: Scoped Roles Processing Efficiency[2m > [22m[2mProperty 10.8: System role operations should not affect org/project role caches
[22m[39mGoTrueClient@sb-bgxknceshxxifwytalex-auth-token:0 (2.93.3) 2026-02-02T15:20:14.444Z #getSession() session from storage [1mnull[22m
GoTrueClient@sb-bgxknceshxxifwytalex-auth-token:0 (2.93.3) 2026-02-02T15:20:14.444Z #__loadSession() end

[90mstdout[2m | tests/property/scoped-roles-processing-efficiency.test.ts[2m > [22m[2mProperty 10: Scoped Roles Processing Efficiency[2m > [22m[2mProperty 10.8: System role operations should not affect org/project role caches
[22m[39mGoTrueClient@sb-bgxknceshxxifwytalex-auth-token:0 (2.93.3) 2026-02-02T15:20:14.444Z #_useSession end

[90mstdout[2m | tests/property/scoped-roles-processing-efficiency.test.ts[2m > [22m[2mProperty 10: Scoped Roles Processing Efficiency[2m > [22m[2mProperty 10.8: System role operations should not affect org/project role caches
[22m[39mGoTrueClient@sb-bgxknceshxxifwytalex-auth-token:0 (2.93.3) 2026-02-02T15:20:14.444Z #_acquireLock lock released for storage key sb-bgxknceshxxifwytalex-auth-token

[90mstdout[2m | tests/property/scoped-roles-processing-efficiency.test.ts[2m > [22m[2mProperty 10: Scoped Roles Processing Efficiency[2m > [22m[2mProperty 10.8: System role operations should not affect org/project role caches
[22m[39mGoTrueClient@sb-bgxknceshxxifwytalex-auth-token:0 (2.93.3) 2026-02-02T15:20:14.444Z #_acquireLock end

stderr | tests/property/scoped-roles-processing-efficiency.test.ts > Property 10: Scoped Roles Processing Efficiency > Property 10.8: System role operations should not affect org/project role caches
Error fetching org roles: {
  code: 'PGRST200',
  details: "Searched for a foreign key relationship between 'org_roles' and 'user_profiles' in the schema 'public', but no matches were found.",
  hint: null,
  message: "Could not find a relationship between 'org_roles' and 'user_profiles' in the schema cache"
}

[90mstdout[2m | tests/property/scoped-roles-processing-efficiency.test.ts[2m > [22m[2mProperty 10: Scoped Roles Processing Efficiency[2m > [22m[2mProperty 10.8: System role operations should not affect org/project role caches
[22m[39mGoTrueClient@sb-bgxknceshxxifwytalex-auth-token:0 (2.93.3) 2026-02-02T15:20:14.449Z #_acquireLock begin [33m10000[39m
GoTrueClient@sb-bgxknceshxxifwytalex-auth-token:0 (2.93.3) 2026-02-02T15:20:14.449Z #_acquireLock lock acquired for storage key sb-bgxknceshxxifwytalex-auth-token
GoTrueClient@sb-bgxknceshxxifwytalex-auth-token:0 (2.93.3) 2026-02-02T15:20:14.449Z #_useSession begin
GoTrueClient@sb-bgxknceshxxifwytalex-auth-token:0 (2.93.3) 2026-02-02T15:20:14.449Z #__loadSession() begin

[90mstdout[2m | tests/property/scoped-roles-processing-efficiency.test.ts[2m > [22m[2mProperty 10: Scoped Roles Processing Efficiency[2m > [22m[2mProperty 10.8: System role operations should not affect org/project role caches
[22m[39mGoTrueClient@sb-bgxknceshxxifwytalex-auth-token:0 (2.93.3) 2026-02-02T15:20:14.449Z #getSession() session from storage [1mnull[22m
GoTrueClient@sb-bgxknceshxxifwytalex-auth-token:0 (2.93.3) 2026-02-02T15:20:14.449Z #__loadSession() end

[90mstdout[2m | tests/property/scoped-roles-processing-efficiency.test.ts[2m > [22m[2mProperty 10: Scoped Roles Processing Efficiency[2m > [22m[2mProperty 10.8: System role operations should not affect org/project role caches
[22m[39mGoTrueClient@sb-bgxknceshxxifwytalex-auth-token:0 (2.93.3) 2026-02-02T15:20:14.449Z #_useSession end

[90mstdout[2m | tests/property/scoped-roles-processing-efficiency.test.ts[2m > [22m[2mProperty 10: Scoped Roles Processing Efficiency[2m > [22m[2mProperty 10.8: System role operations should not affect org/project role caches
[22m[39mGoTrueClient@sb-bgxknceshxxifwytalex-auth-token:0 (2.93.3) 2026-02-02T15:20:14.449Z #_acquireLock lock released for storage key sb-bgxknceshxxifwytalex-auth-token

[90mstdout[2m | tests/property/scoped-roles-processing-efficiency.test.ts[2m > [22m[2mProperty 10: Scoped Roles Processing Efficiency[2m > [22m[2mProperty 10.8: System role operations should not affect org/project role caches
[22m[39mGoTrueClient@sb-bgxknceshxxifwytalex-auth-token:0 (2.93.3) 2026-02-02T15:20:14.449Z #_acquireLock end

stderr | tests/property/scoped-roles-processing-efficiency.test.ts > Property 10: Scoped Roles Processing Efficiency > Property 10.8: System role operations should not affect org/project role caches
Error fetching project roles: {
  code: 'PGRST200',
  details: "Searched for a foreign key relationship between 'project_roles' and 'user_profiles' in the schema 'public', but no matches were found.",
  hint: null,
  message: "Could not find a relationship between 'project_roles' and 'user_profiles' in the schema cache"
}

[90mstdout[2m | tests/property/scoped-roles-processing-efficiency.test.ts[2m > [22m[2mProperty 10: Scoped Roles Processing Efficiency[2m > [22m[2mProperty 10.8: System role operations should not affect org/project role caches
[22m[39mGoTrueClient@sb-bgxknceshxxifwytalex-auth-token:0 (2.93.3) 2026-02-02T15:20:14.455Z #_acquireLock begin [33m10000[39m
GoTrueClient@sb-bgxknceshxxifwytalex-auth-token:0 (2.93.3) 2026-02-02T15:20:14.455Z #_acquireLock lock acquired for storage key sb-bgxknceshxxifwytalex-auth-token
GoTrueClient@sb-bgxknceshxxifwytalex-auth-token:0 (2.93.3) 2026-02-02T15:20:14.455Z #_useSession begin
GoTrueClient@sb-bgxknceshxxifwytalex-auth-token:0 (2.93.3) 2026-02-02T15:20:14.455Z #__loadSession() begin

[90mstdout[2m | tests/property/scoped-roles-processing-efficiency.test.ts[2m > [22m[2mProperty 10: Scoped Roles Processing Efficiency[2m > [22m[2mProperty 10.8: System role operations should not affect org/project role caches
[22m[39mGoTrueClient@sb-bgxknceshxxifwytalex-auth-token:0 (2.93.3) 2026-02-02T15:20:14.455Z #getSession() session from storage [1mnull[22m
GoTrueClient@sb-bgxknceshxxifwytalex-auth-token:0 (2.93.3) 2026-02-02T15:20:14.456Z #__loadSession() end

[90mstdout[2m | tests/property/scoped-roles-processing-efficiency.test.ts[2m > [22m[2mProperty 10: Scoped Roles Processing Efficiency[2m > [22m[2mProperty 10.8: System role operations should not affect org/project role caches
[22m[39mGoTrueClient@sb-bgxknceshxxifwytalex-auth-token:0 (2.93.3) 2026-02-02T15:20:14.456Z #_useSession end

[90mstdout[2m | tests/property/scoped-roles-processing-efficiency.test.ts[2m > [22m[2mProperty 10: Scoped Roles Processing Efficiency[2m > [22m[2mProperty 10.8: System role operations should not affect org/project role caches
[22m[39mGoTrueClient@sb-bgxknceshxxifwytalex-auth-token:0 (2.93.3) 2026-02-02T15:20:14.456Z #_acquireLock lock released for storage key sb-bgxknceshxxifwytalex-auth-token

[90mstdout[2m | tests/property/scoped-roles-processing-efficiency.test.ts[2m > [22m[2mProperty 10: Scoped Roles Processing Efficiency[2m > [22m[2mProperty 10.8: System role operations should not affect org/project role caches
[22m[39mGoTrueClient@sb-bgxknceshxxifwytalex-auth-token:0 (2.93.3) 2026-02-02T15:20:14.456Z #_acquireLock end

stderr | tests/property/scoped-roles-processing-efficiency.test.ts > Property 10: Scoped Roles Processing Efficiency > Property 10.8: System role operations should not affect org/project role caches
Error fetching org roles: {
  code: 'PGRST200',
  details: "Searched for a foreign key relationship between 'org_roles' and 'user_profiles' in the schema 'public', but no matches were found.",
  hint: null,
  message: "Could not find a relationship between 'org_roles' and 'user_profiles' in the schema cache"
}

[90mstdout[2m | tests/property/scoped-roles-processing-efficiency.test.ts[2m > [22m[2mProperty 10: Scoped Roles Processing Efficiency[2m > [22m[2mProperty 10.8: System role operations should not affect org/project role caches
[22m[39mGoTrueClient@sb-bgxknceshxxifwytalex-auth-token:0 (2.93.3) 2026-02-02T15:20:14.460Z #_acquireLock begin [33m10000[39m
GoTrueClient@sb-bgxknceshxxifwytalex-auth-token:0 (2.93.3) 2026-02-02T15:20:14.461Z #_acquireLock lock acquired for storage key sb-bgxknceshxxifwytalex-auth-token
GoTrueClient@sb-bgxknceshxxifwytalex-auth-token:0 (2.93.3) 2026-02-02T15:20:14.461Z #_useSession begin
GoTrueClient@sb-bgxknceshxxifwytalex-auth-token:0 (2.93.3) 2026-02-02T15:20:14.461Z #__loadSession() begin

[90mstdout[2m | tests/property/scoped-roles-processing-efficiency.test.ts[2m > [22m[2mProperty 10: Scoped Roles Processing Efficiency[2m > [22m[2mProperty 10.8: System role operations should not affect org/project role caches
[22m[39mGoTrueClient@sb-bgxknceshxxifwytalex-auth-token:0 (2.93.3) 2026-02-02T15:20:14.461Z #getSession() session from storage [1mnull[22m
GoTrueClient@sb-bgxknceshxxifwytalex-auth-token:0 (2.93.3) 2026-02-02T15:20:14.461Z #__loadSession() end

[90mstdout[2m | tests/property/scoped-roles-processing-efficiency.test.ts[2m > [22m[2mProperty 10: Scoped Roles Processing Efficiency[2m > [22m[2mProperty 10.8: System role operations should not affect org/project role caches
[22m[39mGoTrueClient@sb-bgxknceshxxifwytalex-auth-token:0 (2.93.3) 2026-02-02T15:20:14.461Z #_useSession end

[90mstdout[2m | tests/property/scoped-roles-processing-efficiency.test.ts[2m > [22m[2mProperty 10: Scoped Roles Processing Efficiency[2m > [22m[2mProperty 10.8: System role operations should not affect org/project role caches
[22m[39mGoTrueClient@sb-bgxknceshxxifwytalex-auth-token:0 (2.93.3) 2026-02-02T15:20:14.461Z #_acquireLock lock released for storage key sb-bgxknceshxxifwytalex-auth-token

[90mstdout[2m | tests/property/scoped-roles-processing-efficiency.test.ts[2m > [22m[2mProperty 10: Scoped Roles Processing Efficiency[2m > [22m[2mProperty 10.8: System role operations should not affect org/project role caches
[22m[39mGoTrueClient@sb-bgxknceshxxifwytalex-auth-token:0 (2.93.3) 2026-02-02T15:20:14.461Z #_acquireLock end

[90mstdout[2m | tests/property/scoped-roles-processing-efficiency.test.ts[2m > [22m[2mProperty 10: Scoped Roles Processing Efficiency[2m > [22m[2mProperty 10.8: System role operations should not affect org/project role caches
[22m[39mGoTrueClient@sb-bgxknceshxxifwytalex-auth-token:0 (2.93.3) 2026-02-02T15:20:14.560Z #_acquireLock begin [33m10000[39m
GoTrueClient@sb-bgxknceshxxifwytalex-auth-token:0 (2.93.3) 2026-02-02T15:20:14.561Z #_acquireLock lock acquired for storage key sb-bgxknceshxxifwytalex-auth-token
GoTrueClient@sb-bgxknceshxxifwytalex-auth-token:0 (2.93.3) 2026-02-02T15:20:14.561Z #_useSession begin
GoTrueClient@sb-bgxknceshxxifwytalex-auth-token:0 (2.93.3) 2026-02-02T15:20:14.561Z #__loadSession() begin

[90mstdout[2m | tests/property/scoped-roles-processing-efficiency.test.ts[2m > [22m[2mProperty 10: Scoped Roles Processing Efficiency[2m > [22m[2mProperty 10.8: System role operations should not affect org/project role caches
[22m[39mGoTrueClient@sb-bgxknceshxxifwytalex-auth-token:0 (2.93.3) 2026-02-02T15:20:14.561Z #getSession() session from storage [1mnull[22m
GoTrueClient@sb-bgxknceshxxifwytalex-auth-token:0 (2.93.3) 2026-02-02T15:20:14.561Z #__loadSession() end

[90mstdout[2m | tests/property/scoped-roles-processing-efficiency.test.ts[2m > [22m[2mProperty 10: Scoped Roles Processing Efficiency[2m > [22m[2mProperty 10.8: System role operations should not affect org/project role caches
[22m[39mGoTrueClient@sb-bgxknceshxxifwytalex-auth-token:0 (2.93.3) 2026-02-02T15:20:14.561Z #_useSession end

[90mstdout[2m | tests/property/scoped-roles-processing-efficiency.test.ts[2m > [22m[2mProperty 10: Scoped Roles Processing Efficiency[2m > [22m[2mProperty 10.8: System role operations should not affect org/project role caches
[22m[39mGoTrueClient@sb-bgxknceshxxifwytalex-auth-token:0 (2.93.3) 2026-02-02T15:20:14.561Z #_acquireLock lock released for storage key sb-bgxknceshxxifwytalex-auth-token

[90mstdout[2m | tests/property/scoped-roles-processing-efficiency.test.ts[2m > [22m[2mProperty 10: Scoped Roles Processing Efficiency[2m > [22m[2mProperty 10.8: System role operations should not affect org/project role caches
[22m[39mGoTrueClient@sb-bgxknceshxxifwytalex-auth-token:0 (2.93.3) 2026-02-02T15:20:14.561Z #_acquireLock end

stderr | tests/property/scoped-roles-processing-efficiency.test.ts > Property 10: Scoped Roles Processing Efficiency > Property 10.8: System role operations should not affect org/project role caches
Error fetching org roles: {
  code: 'PGRST200',
  details: "Searched for a foreign key relationship between 'org_roles' and 'user_profiles' in the schema 'public', but no matches were found.",
  hint: null,
  message: "Could not find a relationship between 'org_roles' and 'user_profiles' in the schema cache"
}

[90mstdout[2m | tests/property/scoped-roles-processing-efficiency.test.ts[2m > [22m[2mProperty 10: Scoped Roles Processing Efficiency[2m > [22m[2mProperty 10.8: System role operations should not affect org/project role caches
[22m[39mGoTrueClient@sb-bgxknceshxxifwytalex-auth-token:0 (2.93.3) 2026-02-02T15:20:14.595Z #_acquireLock begin [33m10000[39m
GoTrueClient@sb-bgxknceshxxifwytalex-auth-token:0 (2.93.3) 2026-02-02T15:20:14.595Z #_acquireLock lock acquired for storage key sb-bgxknceshxxifwytalex-auth-token
GoTrueClient@sb-bgxknceshxxifwytalex-auth-token:0 (2.93.3) 2026-02-02T15:20:14.595Z #_useSession begin
GoTrueClient@sb-bgxknceshxxifwytalex-auth-token:0 (2.93.3) 2026-02-02T15:20:14.595Z #__loadSession() begin

[90mstdout[2m | tests/property/scoped-roles-processing-efficiency.test.ts[2m > [22m[2mProperty 10: Scoped Roles Processing Efficiency[2m > [22m[2mProperty 10.8: System role operations should not affect org/project role caches
[22m[39mGoTrueClient@sb-bgxknceshxxifwytalex-auth-token:0 (2.93.3) 2026-02-02T15:20:14.595Z #getSession() session from storage [1mnull[22m
GoTrueClient@sb-bgxknceshxxifwytalex-auth-token:0 (2.93.3) 2026-02-02T15:20:14.595Z #__loadSession() end

[90mstdout[2m | tests/property/scoped-roles-processing-efficiency.test.ts[2m > [22m[2mProperty 10: Scoped Roles Processing Efficiency[2m > [22m[2mProperty 10.8: System role operations should not affect org/project role caches
[22m[39mGoTrueClient@sb-bgxknceshxxifwytalex-auth-token:0 (2.93.3) 2026-02-02T15:20:14.596Z #_useSession end

[90mstdout[2m | tests/property/scoped-roles-processing-efficiency.test.ts[2m > [22m[2mProperty 10: Scoped Roles Processing Efficiency[2m > [22m[2mProperty 10.8: System role operations should not affect org/project role caches
[22m[39mGoTrueClient@sb-bgxknceshxxifwytalex-auth-token:0 (2.93.3) 2026-02-02T15:20:14.596Z #_acquireLock lock released for storage key sb-bgxknceshxxifwytalex-auth-token

[90mstdout[2m | tests/property/scoped-roles-processing-efficiency.test.ts[2m > [22m[2mProperty 10: Scoped Roles Processing Efficiency[2m > [22m[2mProperty 10.8: System role operations should not affect org/project role caches
[22m[39mGoTrueClient@sb-bgxknceshxxifwytalex-auth-token:0 (2.93.3) 2026-02-02T15:20:14.596Z #_acquireLock end

stderr | tests/property/scoped-roles-processing-efficiency.test.ts > Property 10: Scoped Roles Processing Efficiency > Property 10.8: System role operations should not affect org/project role caches
Error fetching project roles: {
  code: 'PGRST200',
  details: "Searched for a foreign key relationship between 'project_roles' and 'user_profiles' in the schema 'public', but no matches were found.",
  hint: null,
  message: "Could not find a relationship between 'project_roles' and 'user_profiles' in the schema cache"
}

[90mstdout[2m | tests/property/scoped-roles-processing-efficiency.test.ts[2m > [22m[2mProperty 10: Scoped Roles Processing Efficiency[2m > [22m[2mProperty 10.8: System role operations should not affect org/project role caches
[22m[39mGoTrueClient@sb-bgxknceshxxifwytalex-auth-token:0 (2.93.3) 2026-02-02T15:20:14.635Z #_acquireLock begin [33m10000[39m
GoTrueClient@sb-bgxknceshxxifwytalex-auth-token:0 (2.93.3) 2026-02-02T15:20:14.635Z #_acquireLock lock acquired for storage key sb-bgxknceshxxifwytalex-auth-token
GoTrueClient@sb-bgxknceshxxifwytalex-auth-token:0 (2.93.3) 2026-02-02T15:20:14.635Z #_useSession begin
GoTrueClient@sb-bgxknceshxxifwytalex-auth-token:0 (2.93.3) 2026-02-02T15:20:14.635Z #__loadSession() begin

[90mstdout[2m | tests/property/scoped-roles-processing-efficiency.test.ts[2m > [22m[2mProperty 10: Scoped Roles Processing Efficiency[2m > [22m[2mProperty 10.8: System role operations should not affect org/project role caches
[22m[39mGoTrueClient@sb-bgxknceshxxifwytalex-auth-token:0 (2.93.3) 2026-02-02T15:20:14.635Z #getSession() session from storage [1mnull[22m
GoTrueClient@sb-bgxknceshxxifwytalex-auth-token:0 (2.93.3) 2026-02-02T15:20:14.635Z #__loadSession() end

[90mstdout[2m | tests/property/scoped-roles-processing-efficiency.test.ts[2m > [22m[2mProperty 10: Scoped Roles Processing Efficiency[2m > [22m[2mProperty 10.8: System role operations should not affect org/project role caches
[22m[39mGoTrueClient@sb-bgxknceshxxifwytalex-auth-token:0 (2.93.3) 2026-02-02T15:20:14.635Z #_useSession end

[90mstdout[2m | tests/property/scoped-roles-processing-efficiency.test.ts[2m > [22m[2mProperty 10: Scoped Roles Processing Efficiency[2m > [22m[2mProperty 10.8: System role operations should not affect org/project role caches
[22m[39mGoTrueClient@sb-bgxknceshxxifwytalex-auth-token:0 (2.93.3) 2026-02-02T15:20:14.635Z #_acquireLock lock released for storage key sb-bgxknceshxxifwytalex-auth-token

[90mstdout[2m | tests/property/scoped-roles-processing-efficiency.test.ts[2m > [22m[2mProperty 10: Scoped Roles Processing Efficiency[2m > [22m[2mProperty 10.8: System role operations should not affect org/project role caches
[22m[39mGoTrueClient@sb-bgxknceshxxifwytalex-auth-token:0 (2.93.3) 2026-02-02T15:20:14.635Z #_acquireLock end

stderr | tests/property/scoped-roles-processing-efficiency.test.ts > Property 10: Scoped Roles Processing Efficiency > Property 10.8: System role operations should not affect org/project role caches
Error fetching project roles: {
  code: 'PGRST200',
  details: "Searched for a foreign key relationship between 'project_roles' and 'user_profiles' in the schema 'public', but no matches were found.",
  hint: null,
  message: "Could not find a relationship between 'project_roles' and 'user_profiles' in the schema cache"
}

[90mstdout[2m | tests/property/scoped-roles-processing-efficiency.test.ts[2m > [22m[2mProperty 10: Scoped Roles Processing Efficiency[2m > [22m[2mProperty 10.8: System role operations should not affect org/project role caches
[22m[39mGoTrueClient@sb-bgxknceshxxifwytalex-auth-token:0 (2.93.3) 2026-02-02T15:20:14.641Z #_acquireLock begin [33m10000[39m
GoTrueClient@sb-bgxknceshxxifwytalex-auth-token:0 (2.93.3) 2026-02-02T15:20:14.642Z #_acquireLock lock acquired for storage key sb-bgxknceshxxifwytalex-auth-token
GoTrueClient@sb-bgxknceshxxifwytalex-auth-token:0 (2.93.3) 2026-02-02T15:20:14.642Z #_useSession begin
GoTrueClient@sb-bgxknceshxxifwytalex-auth-token:0 (2.93.3) 2026-02-02T15:20:14.642Z #__loadSession() begin

[90mstdout[2m | tests/property/scoped-roles-processing-efficiency.test.ts[2m > [22m[2mProperty 10: Scoped Roles Processing Efficiency[2m > [22m[2mProperty 10.8: System role operations should not affect org/project role caches
[22m[39mGoTrueClient@sb-bgxknceshxxifwytalex-auth-token:0 (2.93.3) 2026-02-02T15:20:14.642Z #getSession() session from storage [1mnull[22m
GoTrueClient@sb-bgxknceshxxifwytalex-auth-token:0 (2.93.3) 2026-02-02T15:20:14.642Z #__loadSession() end

[90mstdout[2m | tests/property/scoped-roles-processing-efficiency.test.ts[2m > [22m[2mProperty 10: Scoped Roles Processing Efficiency[2m > [22m[2mProperty 10.8: System role operations should not affect org/project role caches
[22m[39mGoTrueClient@sb-bgxknceshxxifwytalex-auth-token:0 (2.93.3) 2026-02-02T15:20:14.642Z #_useSession end

[90mstdout[2m | tests/property/scoped-roles-processing-efficiency.test.ts[2m > [22m[2mProperty 10: Scoped Roles Processing Efficiency[2m > [22m[2mProperty 10.8: System role operations should not affect org/project role caches
[22m[39mGoTrueClient@sb-bgxknceshxxifwytalex-auth-token:0 (2.93.3) 2026-02-02T15:20:14.642Z #_acquireLock lock released for storage key sb-bgxknceshxxifwytalex-auth-token

[90mstdout[2m | tests/property/scoped-roles-processing-efficiency.test.ts[2m > [22m[2mProperty 10: Scoped Roles Processing Efficiency[2m > [22m[2mProperty 10.8: System role operations should not affect org/project role caches
[22m[39mGoTrueClient@sb-bgxknceshxxifwytalex-auth-token:0 (2.93.3) 2026-02-02T15:20:14.642Z #_acquireLock end

stderr | tests/property/scoped-roles-processing-efficiency.test.ts > Property 10: Scoped Roles Processing Efficiency > Property 10.8: System role operations should not affect org/project role caches
Error fetching org roles: {
  code: 'PGRST200',
  details: "Searched for a foreign key relationship between 'org_roles' and 'user_profiles' in the schema 'public', but no matches were found.",
  hint: null,
  message: "Could not find a relationship between 'org_roles' and 'user_profiles' in the schema cache"
}

[90mstdout[2m | tests/property/scoped-roles-processing-efficiency.test.ts[2m > [22m[2mProperty 10: Scoped Roles Processing Efficiency[2m > [22m[2mProperty 10.8: System role operations should not affect org/project role caches
[22m[39mGoTrueClient@sb-bgxknceshxxifwytalex-auth-token:0 (2.93.3) 2026-02-02T15:20:14.658Z #_acquireLock begin [33m10000[39m
GoTrueClient@sb-bgxknceshxxifwytalex-auth-token:0 (2.93.3) 2026-02-02T15:20:14.658Z #_acquireLock lock acquired for storage key sb-bgxknceshxxifwytalex-auth-token
GoTrueClient@sb-bgxknceshxxifwytalex-auth-token:0 (2.93.3) 2026-02-02T15:20:14.658Z #_useSession begin
GoTrueClient@sb-bgxknceshxxifwytalex-auth-token:0 (2.93.3) 2026-02-02T15:20:14.658Z #__loadSession() begin

[90mstdout[2m | tests/property/scoped-roles-processing-efficiency.test.ts[2m > [22m[2mProperty 10: Scoped Roles Processing Efficiency[2m > [22m[2mProperty 10.8: System role operations should not affect org/project role caches
[22m[39mGoTrueClient@sb-bgxknceshxxifwytalex-auth-token:0 (2.93.3) 2026-02-02T15:20:14.658Z #getSession() session from storage [1mnull[22m
GoTrueClient@sb-bgxknceshxxifwytalex-auth-token:0 (2.93.3) 2026-02-02T15:20:14.658Z #__loadSession() end

[90mstdout[2m | tests/property/scoped-roles-processing-efficiency.test.ts[2m > [22m[2mProperty 10: Scoped Roles Processing Efficiency[2m > [22m[2mProperty 10.8: System role operations should not affect org/project role caches
[22m[39mGoTrueClient@sb-bgxknceshxxifwytalex-auth-token:0 (2.93.3) 2026-02-02T15:20:14.658Z #_useSession end

[90mstdout[2m | tests/property/scoped-roles-processing-efficiency.test.ts[2m > [22m[2mProperty 10: Scoped Roles Processing Efficiency[2m > [22m[2mProperty 10.8: System role operations should not affect org/project role caches
[22m[39mGoTrueClient@sb-bgxknceshxxifwytalex-auth-token:0 (2.93.3) 2026-02-02T15:20:14.658Z #_acquireLock lock released for storage key sb-bgxknceshxxifwytalex-auth-token

[90mstdout[2m | tests/property/scoped-roles-processing-efficiency.test.ts[2m > [22m[2mProperty 10: Scoped Roles Processing Efficiency[2m > [22m[2mProperty 10.8: System role operations should not affect org/project role caches
[22m[39mGoTrueClient@sb-bgxknceshxxifwytalex-auth-token:0 (2.93.3) 2026-02-02T15:20:14.658Z #_acquireLock end

[90mstdout[2m | tests/property/scoped-roles-processing-efficiency.test.ts[2m > [22m[2mProperty 10: Scoped Roles Processing Efficiency[2m > [22m[2mProperty 10.8: System role operations should not affect org/project role caches
[22m[39mGoTrueClient@sb-bgxknceshxxifwytalex-auth-token:0 (2.93.3) 2026-02-02T15:20:14.665Z #_acquireLock begin [33m10000[39m
GoTrueClient@sb-bgxknceshxxifwytalex-auth-token:0 (2.93.3) 2026-02-02T15:20:14.665Z #_acquireLock lock acquired for storage key sb-bgxknceshxxifwytalex-auth-token
GoTrueClient@sb-bgxknceshxxifwytalex-auth-token:0 (2.93.3) 2026-02-02T15:20:14.665Z #_useSession begin
GoTrueClient@sb-bgxknceshxxifwytalex-auth-token:0 (2.93.3) 2026-02-02T15:20:14.665Z #__loadSession() begin

[90mstdout[2m | tests/property/scoped-roles-processing-efficiency.test.ts[2m > [22m[2mProperty 10: Scoped Roles Processing Efficiency[2m > [22m[2mProperty 10.8: System role operations should not affect org/project role caches
[22m[39mGoTrueClient@sb-bgxknceshxxifwytalex-auth-token:0 (2.93.3) 2026-02-02T15:20:14.665Z #getSession() session from storage [1mnull[22m
GoTrueClient@sb-bgxknceshxxifwytalex-auth-token:0 (2.93.3) 2026-02-02T15:20:14.665Z #__loadSession() end

[90mstdout[2m | tests/property/scoped-roles-processing-efficiency.test.ts[2m > [22m[2mProperty 10: Scoped Roles Processing Efficiency[2m > [22m[2mProperty 10.8: System role operations should not affect org/project role caches
[22m[39mGoTrueClient@sb-bgxknceshxxifwytalex-auth-token:0 (2.93.3) 2026-02-02T15:20:14.665Z #_useSession end

[90mstdout[2m | tests/property/scoped-roles-processing-efficiency.test.ts[2m > [22m[2mProperty 10: Scoped Roles Processing Efficiency[2m > [22m[2mProperty 10.8: System role operations should not affect org/project role caches
[22m[39mGoTrueClient@sb-bgxknceshxxifwytalex-auth-token:0 (2.93.3) 2026-02-02T15:20:14.665Z #_acquireLock lock released for storage key sb-bgxknceshxxifwytalex-auth-token

[90mstdout[2m | tests/property/scoped-roles-processing-efficiency.test.ts[2m > [22m[2mProperty 10: Scoped Roles Processing Efficiency[2m > [22m[2mProperty 10.8: System role operations should not affect org/project role caches
[22m[39mGoTrueClient@sb-bgxknceshxxifwytalex-auth-token:0 (2.93.3) 2026-02-02T15:20:14.665Z #_acquireLock end

stderr | tests/property/scoped-roles-processing-efficiency.test.ts > Property 10: Scoped Roles Processing Efficiency > Property 10.8: System role operations should not affect org/project role caches
Error fetching project roles: {
  code: 'PGRST200',
  details: "Searched for a foreign key relationship between 'project_roles' and 'user_profiles' in the schema 'public', but no matches were found.",
  hint: null,
  message: "Could not find a relationship between 'project_roles' and 'user_profiles' in the schema cache"
}

[90mstdout[2m | tests/property/scoped-roles-processing-efficiency.test.ts[2m > [22m[2mProperty 10: Scoped Roles Processing Efficiency[2m > [22m[2mProperty 10.8: System role operations should not affect org/project role caches
[22m[39mGoTrueClient@sb-bgxknceshxxifwytalex-auth-token:0 (2.93.3) 2026-02-02T15:20:14.685Z #_acquireLock begin [33m10000[39m
GoTrueClient@sb-bgxknceshxxifwytalex-auth-token:0 (2.93.3) 2026-02-02T15:20:14.685Z #_acquireLock lock acquired for storage key sb-bgxknceshxxifwytalex-auth-token
GoTrueClient@sb-bgxknceshxxifwytalex-auth-token:0 (2.93.3) 2026-02-02T15:20:14.685Z #_useSession begin
GoTrueClient@sb-bgxknceshxxifwytalex-auth-token:0 (2.93.3) 2026-02-02T15:20:14.685Z #__loadSession() begin

[90mstdout[2m | tests/property/scoped-roles-processing-efficiency.test.ts[2m > [22m[2mProperty 10: Scoped Roles Processing Efficiency[2m > [22m[2mProperty 10.8: System role operations should not affect org/project role caches
[22m[39mGoTrueClient@sb-bgxknceshxxifwytalex-auth-token:0 (2.93.3) 2026-02-02T15:20:14.685Z #getSession() session from storage [1mnull[22m
GoTrueClient@sb-bgxknceshxxifwytalex-auth-token:0 (2.93.3) 2026-02-02T15:20:14.685Z #__loadSession() end

[90mstdout[2m | tests/property/scoped-roles-processing-efficiency.test.ts[2m > [22m[2mProperty 10: Scoped Roles Processing Efficiency[2m > [22m[2mProperty 10.8: System role operations should not affect org/project role caches
[22m[39mGoTrueClient@sb-bgxknceshxxifwytalex-auth-token:0 (2.93.3) 2026-02-02T15:20:14.685Z #_useSession end

[90mstdout[2m | tests/property/scoped-roles-processing-efficiency.test.ts[2m > [22m[2mProperty 10: Scoped Roles Processing Efficiency[2m > [22m[2mProperty 10.8: System role operations should not affect org/project role caches
[22m[39mGoTrueClient@sb-bgxknceshxxifwytalex-auth-token:0 (2.93.3) 2026-02-02T15:20:14.685Z #_acquireLock lock released for storage key sb-bgxknceshxxifwytalex-auth-token

[90mstdout[2m | tests/property/scoped-roles-processing-efficiency.test.ts[2m > [22m[2mProperty 10: Scoped Roles Processing Efficiency[2m > [22m[2mProperty 10.8: System role operations should not affect org/project role caches
[22m[39mGoTrueClient@sb-bgxknceshxxifwytalex-auth-token:0 (2.93.3) 2026-02-02T15:20:14.685Z #_acquireLock end

stderr | tests/property/scoped-roles-processing-efficiency.test.ts > Property 10: Scoped Roles Processing Efficiency > Property 10.8: System role operations should not affect org/project role caches
Error fetching org roles: {
  code: 'PGRST200',
  details: "Searched for a foreign key relationship between 'org_roles' and 'user_profiles' in the schema 'public', but no matches were found.",
  hint: null,
  message: "Could not find a relationship between 'org_roles' and 'user_profiles' in the schema cache"
}

[90mstdout[2m | tests/property/scoped-roles-processing-efficiency.test.ts[2m > [22m[2mProperty 10: Scoped Roles Processing Efficiency[2m > [22m[2mProperty 10.8: System role operations should not affect org/project role caches
[22m[39mGoTrueClient@sb-bgxknceshxxifwytalex-auth-token:0 (2.93.3) 2026-02-02T15:20:14.775Z #_acquireLock begin [33m10000[39m
GoTrueClient@sb-bgxknceshxxifwytalex-auth-token:0 (2.93.3) 2026-02-02T15:20:14.775Z #_acquireLock lock acquired for storage key sb-bgxknceshxxifwytalex-auth-token
GoTrueClient@sb-bgxknceshxxifwytalex-auth-token:0 (2.93.3) 2026-02-02T15:20:14.775Z #_useSession begin
GoTrueClient@sb-bgxknceshxxifwytalex-auth-token:0 (2.93.3) 2026-02-02T15:20:14.775Z #__loadSession() begin

[90mstdout[2m | tests/property/scoped-roles-processing-efficiency.test.ts[2m > [22m[2mProperty 10: Scoped Roles Processing Efficiency[2m > [22m[2mProperty 10.8: System role operations should not affect org/project role caches
[22m[39mGoTrueClient@sb-bgxknceshxxifwytalex-auth-token:0 (2.93.3) 2026-02-02T15:20:14.775Z #getSession() session from storage [1mnull[22m
GoTrueClient@sb-bgxknceshxxifwytalex-auth-token:0 (2.93.3) 2026-02-02T15:20:14.775Z #__loadSession() end

[90mstdout[2m | tests/property/scoped-roles-processing-efficiency.test.ts[2m > [22m[2mProperty 10: Scoped Roles Processing Efficiency[2m > [22m[2mProperty 10.8: System role operations should not affect org/project role caches
[22m[39mGoTrueClient@sb-bgxknceshxxifwytalex-auth-token:0 (2.93.3) 2026-02-02T15:20:14.775Z #_useSession end

[90mstdout[2m | tests/property/scoped-roles-processing-efficiency.test.ts[2m > [22m[2mProperty 10: Scoped Roles Processing Efficiency[2m > [22m[2mProperty 10.8: System role operations should not affect org/project role caches
[22m[39mGoTrueClient@sb-bgxknceshxxifwytalex-auth-token:0 (2.93.3) 2026-02-02T15:20:14.775Z #_acquireLock lock released for storage key sb-bgxknceshxxifwytalex-auth-token

[90mstdout[2m | tests/property/scoped-roles-processing-efficiency.test.ts[2m > [22m[2mProperty 10: Scoped Roles Processing Efficiency[2m > [22m[2mProperty 10.8: System role operations should not affect org/project role caches
[22m[39mGoTrueClient@sb-bgxknceshxxifwytalex-auth-token:0 (2.93.3) 2026-02-02T15:20:14.775Z #_acquireLock end

stderr | tests/property/scoped-roles-processing-efficiency.test.ts > Property 10: Scoped Roles Processing Efficiency > Property 10.8: System role operations should not affect org/project role caches
Error fetching org roles: {
  code: 'PGRST200',
  details: "Searched for a foreign key relationship between 'org_roles' and 'user_profiles' in the schema 'public', but no matches were found.",
  hint: null,
  message: "Could not find a relationship between 'org_roles' and 'user_profiles' in the schema cache"
}

[90mstdout[2m | tests/property/scoped-roles-processing-efficiency.test.ts[2m > [22m[2mProperty 10: Scoped Roles Processing Efficiency[2m > [22m[2mProperty 10.8: System role operations should not affect org/project role caches
[22m[39mGoTrueClient@sb-bgxknceshxxifwytalex-auth-token:0 (2.93.3) 2026-02-02T15:20:14.807Z #_acquireLock begin [33m10000[39m
GoTrueClient@sb-bgxknceshxxifwytalex-auth-token:0 (2.93.3) 2026-02-02T15:20:14.807Z #_acquireLock lock acquired for storage key sb-bgxknceshxxifwytalex-auth-token
GoTrueClient@sb-bgxknceshxxifwytalex-auth-token:0 (2.93.3) 2026-02-02T15:20:14.807Z #_useSession begin
GoTrueClient@sb-bgxknceshxxifwytalex-auth-token:0 (2.93.3) 2026-02-02T15:20:14.807Z #__loadSession() begin

[90mstdout[2m | tests/property/scoped-roles-processing-efficiency.test.ts[2m > [22m[2mProperty 10: Scoped Roles Processing Efficiency[2m > [22m[2mProperty 10.8: System role operations should not affect org/project role caches
[22m[39mGoTrueClient@sb-bgxknceshxxifwytalex-auth-token:0 (2.93.3) 2026-02-02T15:20:14.807Z #getSession() session from storage [1mnull[22m
GoTrueClient@sb-bgxknceshxxifwytalex-auth-token:0 (2.93.3) 2026-02-02T15:20:14.807Z #__loadSession() end

[90mstdout[2m | tests/property/scoped-roles-processing-efficiency.test.ts[2m > [22m[2mProperty 10: Scoped Roles Processing Efficiency[2m > [22m[2mProperty 10.8: System role operations should not affect org/project role caches
[22m[39mGoTrueClient@sb-bgxknceshxxifwytalex-auth-token:0 (2.93.3) 2026-02-02T15:20:14.807Z #_useSession end

[90mstdout[2m | tests/property/scoped-roles-processing-efficiency.test.ts[2m > [22m[2mProperty 10: Scoped Roles Processing Efficiency[2m > [22m[2mProperty 10.8: System role operations should not affect org/project role caches
[22m[39mGoTrueClient@sb-bgxknceshxxifwytalex-auth-token:0 (2.93.3) 2026-02-02T15:20:14.807Z #_acquireLock lock released for storage key sb-bgxknceshxxifwytalex-auth-token

[90mstdout[2m | tests/property/scoped-roles-processing-efficiency.test.ts[2m > [22m[2mProperty 10: Scoped Roles Processing Efficiency[2m > [22m[2mProperty 10.8: System role operations should not affect org/project role caches
[22m[39mGoTrueClient@sb-bgxknceshxxifwytalex-auth-token:0 (2.93.3) 2026-02-02T15:20:14.807Z #_acquireLock end

[90mstdout[2m | tests/property/scoped-roles-processing-efficiency.test.ts[2m > [22m[2mProperty 10: Scoped Roles Processing Efficiency[2m > [22m[2mProperty 10.8: System role operations should not affect org/project role caches
[22m[39mGoTrueClient@sb-bgxknceshxxifwytalex-auth-token:0 (2.93.3) 2026-02-02T15:20:14.834Z #_acquireLock begin [33m10000[39m
GoTrueClient@sb-bgxknceshxxifwytalex-auth-token:0 (2.93.3) 2026-02-02T15:20:14.834Z #_acquireLock lock acquired for storage key sb-bgxknceshxxifwytalex-auth-token
GoTrueClient@sb-bgxknceshxxifwytalex-auth-token:0 (2.93.3) 2026-02-02T15:20:14.834Z #_useSession begin
GoTrueClient@sb-bgxknceshxxifwytalex-auth-token:0 (2.93.3) 2026-02-02T15:20:14.834Z #__loadSession() begin

[90mstdout[2m | tests/property/scoped-roles-processing-efficiency.test.ts[2m > [22m[2mProperty 10: Scoped Roles Processing Efficiency[2m > [22m[2mProperty 10.8: System role operations should not affect org/project role caches
[22m[39mGoTrueClient@sb-bgxknceshxxifwytalex-auth-token:0 (2.93.3) 2026-02-02T15:20:14.834Z #getSession() session from storage [1mnull[22m
GoTrueClient@sb-bgxknceshxxifwytalex-auth-token:0 (2.93.3) 2026-02-02T15:20:14.834Z #__loadSession() end

[90mstdout[2m | tests/property/scoped-roles-processing-efficiency.test.ts[2m > [22m[2mProperty 10: Scoped Roles Processing Efficiency[2m > [22m[2mProperty 10.8: System role operations should not affect org/project role caches
[22m[39mGoTrueClient@sb-bgxknceshxxifwytalex-auth-token:0 (2.93.3) 2026-02-02T15:20:14.834Z #_useSession end

[90mstdout[2m | tests/property/scoped-roles-processing-efficiency.test.ts[2m > [22m[2mProperty 10: Scoped Roles Processing Efficiency[2m > [22m[2mProperty 10.8: System role operations should not affect org/project role caches
[22m[39mGoTrueClient@sb-bgxknceshxxifwytalex-auth-token:0 (2.93.3) 2026-02-02T15:20:14.835Z #_acquireLock lock released for storage key sb-bgxknceshxxifwytalex-auth-token

[90mstdout[2m | tests/property/scoped-roles-processing-efficiency.test.ts[2m > [22m[2mProperty 10: Scoped Roles Processing Efficiency[2m > [22m[2mProperty 10.8: System role operations should not affect org/project role caches
[22m[39mGoTrueClient@sb-bgxknceshxxifwytalex-auth-token:0 (2.93.3) 2026-02-02T15:20:14.835Z #_acquireLock end

stderr | tests/property/scoped-roles-processing-efficiency.test.ts > Property 10: Scoped Roles Processing Efficiency > Property 10.8: System role operations should not affect org/project role caches
Error fetching project roles: {
  code: 'PGRST200',
  details: "Searched for a foreign key relationship between 'project_roles' and 'user_profiles' in the schema 'public', but no matches were found.",
  hint: null,
  message: "Could not find a relationship between 'project_roles' and 'user_profiles' in the schema cache"
}

[90mstdout[2m | tests/property/scoped-roles-processing-efficiency.test.ts[2m > [22m[2mProperty 10: Scoped Roles Processing Efficiency[2m > [22m[2mProperty 10.8: System role operations should not affect org/project role caches
[22m[39mGoTrueClient@sb-bgxknceshxxifwytalex-auth-token:0 (2.93.3) 2026-02-02T15:20:14.851Z #_acquireLock begin [33m10000[39m
GoTrueClient@sb-bgxknceshxxifwytalex-auth-token:0 (2.93.3) 2026-02-02T15:20:14.851Z #_acquireLock lock acquired for storage key sb-bgxknceshxxifwytalex-auth-token
GoTrueClient@sb-bgxknceshxxifwytalex-auth-token:0 (2.93.3) 2026-02-02T15:20:14.851Z #_useSession begin
GoTrueClient@sb-bgxknceshxxifwytalex-auth-token:0 (2.93.3) 2026-02-02T15:20:14.851Z #__loadSession() begin

[90mstdout[2m | tests/property/scoped-roles-processing-efficiency.test.ts[2m > [22m[2mProperty 10: Scoped Roles Processing Efficiency[2m > [22m[2mProperty 10.8: System role operations should not affect org/project role caches
[22m[39mGoTrueClient@sb-bgxknceshxxifwytalex-auth-token:0 (2.93.3) 2026-02-02T15:20:14.851Z #getSession() session from storage [1mnull[22m
GoTrueClient@sb-bgxknceshxxifwytalex-auth-token:0 (2.93.3) 2026-02-02T15:20:14.851Z #__loadSession() end

[90mstdout[2m | tests/property/scoped-roles-processing-efficiency.test.ts[2m > [22m[2mProperty 10: Scoped Roles Processing Efficiency[2m > [22m[2mProperty 10.8: System role operations should not affect org/project role caches
[22m[39mGoTrueClient@sb-bgxknceshxxifwytalex-auth-token:0 (2.93.3) 2026-02-02T15:20:14.851Z #_useSession end

[90mstdout[2m | tests/property/scoped-roles-processing-efficiency.test.ts[2m > [22m[2mProperty 10: Scoped Roles Processing Efficiency[2m > [22m[2mProperty 10.8: System role operations should not affect org/project role caches
[22m[39mGoTrueClient@sb-bgxknceshxxifwytalex-auth-token:0 (2.93.3) 2026-02-02T15:20:14.851Z #_acquireLock lock released for storage key sb-bgxknceshxxifwytalex-auth-token

[90mstdout[2m | tests/property/scoped-roles-processing-efficiency.test.ts[2m > [22m[2mProperty 10: Scoped Roles Processing Efficiency[2m > [22m[2mProperty 10.8: System role operations should not affect org/project role caches
[22m[39mGoTrueClient@sb-bgxknceshxxifwytalex-auth-token:0 (2.93.3) 2026-02-02T15:20:14.851Z #_acquireLock end

stderr | tests/property/scoped-roles-processing-efficiency.test.ts > Property 10: Scoped Roles Processing Efficiency > Property 10.8: System role operations should not affect org/project role caches
Error fetching org roles: {
  code: 'PGRST200',
  details: "Searched for a foreign key relationship between 'org_roles' and 'user_profiles' in the schema 'public', but no matches were found.",
  hint: null,
  message: "Could not find a relationship between 'org_roles' and 'user_profiles' in the schema cache"
}

[90mstdout[2m | tests/property/scoped-roles-processing-efficiency.test.ts[2m > [22m[2mProperty 10: Scoped Roles Processing Efficiency[2m > [22m[2mProperty 10.8: System role operations should not affect org/project role caches
[22m[39mGoTrueClient@sb-bgxknceshxxifwytalex-auth-token:0 (2.93.3) 2026-02-02T15:20:14.863Z #_acquireLock begin [33m10000[39m
GoTrueClient@sb-bgxknceshxxifwytalex-auth-token:0 (2.93.3) 2026-02-02T15:20:14.863Z #_acquireLock lock acquired for storage key sb-bgxknceshxxifwytalex-auth-token
GoTrueClient@sb-bgxknceshxxifwytalex-auth-token:0 (2.93.3) 2026-02-02T15:20:14.863Z #_useSession begin
GoTrueClient@sb-bgxknceshxxifwytalex-auth-token:0 (2.93.3) 2026-02-02T15:20:14.863Z #__loadSession() begin

[90mstdout[2m | tests/property/scoped-roles-processing-efficiency.test.ts[2m > [22m[2mProperty 10: Scoped Roles Processing Efficiency[2m > [22m[2mProperty 10.8: System role operations should not affect org/project role caches
[22m[39mGoTrueClient@sb-bgxknceshxxifwytalex-auth-token:0 (2.93.3) 2026-02-02T15:20:14.863Z #getSession() session from storage [1mnull[22m
GoTrueClient@sb-bgxknceshxxifwytalex-auth-token:0 (2.93.3) 2026-02-02T15:20:14.863Z #__loadSession() end

[90mstdout[2m | tests/property/scoped-roles-processing-efficiency.test.ts[2m > [22m[2mProperty 10: Scoped Roles Processing Efficiency[2m > [22m[2mProperty 10.8: System role operations should not affect org/project role caches
[22m[39mGoTrueClient@sb-bgxknceshxxifwytalex-auth-token:0 (2.93.3) 2026-02-02T15:20:14.863Z #_useSession end

[90mstdout[2m | tests/property/scoped-roles-processing-efficiency.test.ts[2m > [22m[2mProperty 10: Scoped Roles Processing Efficiency[2m > [22m[2mProperty 10.8: System role operations should not affect org/project role caches
[22m[39mGoTrueClient@sb-bgxknceshxxifwytalex-auth-token:0 (2.93.3) 2026-02-02T15:20:14.863Z #_acquireLock lock released for storage key sb-bgxknceshxxifwytalex-auth-token

[90mstdout[2m | tests/property/scoped-roles-processing-efficiency.test.ts[2m > [22m[2mProperty 10: Scoped Roles Processing Efficiency[2m > [22m[2mProperty 10.8: System role operations should not affect org/project role caches
[22m[39mGoTrueClient@sb-bgxknceshxxifwytalex-auth-token:0 (2.93.3) 2026-02-02T15:20:14.864Z #_acquireLock end

[90mstdout[2m | tests/property/scoped-roles-processing-efficiency.test.ts[2m > [22m[2mProperty 10: Scoped Roles Processing Efficiency[2m > [22m[2mProperty 10.8: System role operations should not affect org/project role caches
[22m[39mGoTrueClient@sb-bgxknceshxxifwytalex-auth-token:0 (2.93.3) 2026-02-02T15:20:14.867Z #_acquireLock begin [33m10000[39m
GoTrueClient@sb-bgxknceshxxifwytalex-auth-token:0 (2.93.3) 2026-02-02T15:20:14.867Z #_acquireLock lock acquired for storage key sb-bgxknceshxxifwytalex-auth-token
GoTrueClient@sb-bgxknceshxxifwytalex-auth-token:0 (2.93.3) 2026-02-02T15:20:14.867Z #_useSession begin
GoTrueClient@sb-bgxknceshxxifwytalex-auth-token:0 (2.93.3) 2026-02-02T15:20:14.867Z #__loadSession() begin

[90mstdout[2m | tests/property/scoped-roles-processing-efficiency.test.ts[2m > [22m[2mProperty 10: Scoped Roles Processing Efficiency[2m > [22m[2mProperty 10.8: System role operations should not affect org/project role caches
[22m[39mGoTrueClient@sb-bgxknceshxxifwytalex-auth-token:0 (2.93.3) 2026-02-02T15:20:14.867Z #getSession() session from storage [1mnull[22m
GoTrueClient@sb-bgxknceshxxifwytalex-auth-token:0 (2.93.3) 2026-02-02T15:20:14.867Z #__loadSession() end

[90mstdout[2m | tests/property/scoped-roles-processing-efficiency.test.ts[2m > [22m[2mProperty 10: Scoped Roles Processing Efficiency[2m > [22m[2mProperty 10.8: System role operations should not affect org/project role caches
[22m[39mGoTrueClient@sb-bgxknceshxxifwytalex-auth-token:0 (2.93.3) 2026-02-02T15:20:14.867Z #_useSession end

[90mstdout[2m | tests/property/scoped-roles-processing-efficiency.test.ts[2m > [22m[2mProperty 10: Scoped Roles Processing Efficiency[2m > [22m[2mProperty 10.8: System role operations should not affect org/project role caches
[22m[39mGoTrueClient@sb-bgxknceshxxifwytalex-auth-token:0 (2.93.3) 2026-02-02T15:20:14.867Z #_acquireLock lock released for storage key sb-bgxknceshxxifwytalex-auth-token

[90mstdout[2m | tests/property/scoped-roles-processing-efficiency.test.ts[2m > [22m[2mProperty 10: Scoped Roles Processing Efficiency[2m > [22m[2mProperty 10.8: System role operations should not affect org/project role caches
[22m[39mGoTrueClient@sb-bgxknceshxxifwytalex-auth-token:0 (2.93.3) 2026-02-02T15:20:14.867Z #_acquireLock end

[90mstdout[2m | tests/property/scoped-roles-processing-efficiency.test.ts[2m > [22m[2mProperty 10: Scoped Roles Processing Efficiency[2m > [22m[2mProperty 10.8: System role operations should not affect org/project role caches
[22m[39mGoTrueClient@sb-bgxknceshxxifwytalex-auth-token:0 (2.93.3) 2026-02-02T15:20:14.964Z #_acquireLock begin [33m10000[39m
GoTrueClient@sb-bgxknceshxxifwytalex-auth-token:0 (2.93.3) 2026-02-02T15:20:14.964Z #_acquireLock lock acquired for storage key sb-bgxknceshxxifwytalex-auth-token
GoTrueClient@sb-bgxknceshxxifwytalex-auth-token:0 (2.93.3) 2026-02-02T15:20:14.964Z #_useSession begin
GoTrueClient@sb-bgxknceshxxifwytalex-auth-token:0 (2.93.3) 2026-02-02T15:20:14.964Z #__loadSession() begin

[90mstdout[2m | tests/property/scoped-roles-processing-efficiency.test.ts[2m > [22m[2mProperty 10: Scoped Roles Processing Efficiency[2m > [22m[2mProperty 10.8: System role operations should not affect org/project role caches
[22m[39mGoTrueClient@sb-bgxknceshxxifwytalex-auth-token:0 (2.93.3) 2026-02-02T15:20:14.965Z #getSession() session from storage [1mnull[22m
GoTrueClient@sb-bgxknceshxxifwytalex-auth-token:0 (2.93.3) 2026-02-02T15:20:14.965Z #__loadSession() end

[90mstdout[2m | tests/property/scoped-roles-processing-efficiency.test.ts[2m > [22m[2mProperty 10: Scoped Roles Processing Efficiency[2m > [22m[2mProperty 10.8: System role operations should not affect org/project role caches
[22m[39mGoTrueClient@sb-bgxknceshxxifwytalex-auth-token:0 (2.93.3) 2026-02-02T15:20:14.965Z #_useSession end

[90mstdout[2m | tests/property/scoped-roles-processing-efficiency.test.ts[2m > [22m[2mProperty 10: Scoped Roles Processing Efficiency[2m > [22m[2mProperty 10.8: System role operations should not affect org/project role caches
[22m[39mGoTrueClient@sb-bgxknceshxxifwytalex-auth-token:0 (2.93.3) 2026-02-02T15:20:14.965Z #_acquireLock lock released for storage key sb-bgxknceshxxifwytalex-auth-token

[90mstdout[2m | tests/property/scoped-roles-processing-efficiency.test.ts[2m > [22m[2mProperty 10: Scoped Roles Processing Efficiency[2m > [22m[2mProperty 10.8: System role operations should not affect org/project role caches
[22m[39mGoTrueClient@sb-bgxknceshxxifwytalex-auth-token:0 (2.93.3) 2026-02-02T15:20:14.965Z #_acquireLock end

stderr | tests/property/scoped-roles-processing-efficiency.test.ts > Property 10: Scoped Roles Processing Efficiency > Property 10.8: System role operations should not affect org/project role caches
Error fetching project roles: {
  code: 'PGRST200',
  details: "Searched for a foreign key relationship between 'project_roles' and 'user_profiles' in the schema 'public', but no matches were found.",
  hint: null,
  message: "Could not find a relationship between 'project_roles' and 'user_profiles' in the schema cache"
}

[90mstdout[2m | tests/property/scoped-roles-processing-efficiency.test.ts[2m > [22m[2mProperty 10: Scoped Roles Processing Efficiency[2m > [22m[2mProperty 10.8: System role operations should not affect org/project role caches
[22m[39mGoTrueClient@sb-bgxknceshxxifwytalex-auth-token:0 (2.93.3) 2026-02-02T15:20:14.992Z #_acquireLock begin [33m10000[39m
GoTrueClient@sb-bgxknceshxxifwytalex-auth-token:0 (2.93.3) 2026-02-02T15:20:14.992Z #_acquireLock lock acquired for storage key sb-bgxknceshxxifwytalex-auth-token
GoTrueClient@sb-bgxknceshxxifwytalex-auth-token:0 (2.93.3) 2026-02-02T15:20:14.992Z #_useSession begin
GoTrueClient@sb-bgxknceshxxifwytalex-auth-token:0 (2.93.3) 2026-02-02T15:20:14.992Z #__loadSession() begin

[90mstdout[2m | tests/property/scoped-roles-processing-efficiency.test.ts[2m > [22m[2mProperty 10: Scoped Roles Processing Efficiency[2m > [22m[2mProperty 10.8: System role operations should not affect org/project role caches
[22m[39mGoTrueClient@sb-bgxknceshxxifwytalex-auth-token:0 (2.93.3) 2026-02-02T15:20:14.993Z #getSession() session from storage [1mnull[22m
GoTrueClient@sb-bgxknceshxxifwytalex-auth-token:0 (2.93.3) 2026-02-02T15:20:14.993Z #__loadSession() end

[90mstdout[2m | tests/property/scoped-roles-processing-efficiency.test.ts[2m > [22m[2mProperty 10: Scoped Roles Processing Efficiency[2m > [22m[2mProperty 10.8: System role operations should not affect org/project role caches
[22m[39mGoTrueClient@sb-bgxknceshxxifwytalex-auth-token:0 (2.93.3) 2026-02-02T15:20:14.993Z #_useSession end

[90mstdout[2m | tests/property/scoped-roles-processing-efficiency.test.ts[2m > [22m[2mProperty 10: Scoped Roles Processing Efficiency[2m > [22m[2mProperty 10.8: System role operations should not affect org/project role caches
[22m[39mGoTrueClient@sb-bgxknceshxxifwytalex-auth-token:0 (2.93.3) 2026-02-02T15:20:14.993Z #_acquireLock lock released for storage key sb-bgxknceshxxifwytalex-auth-token

[90mstdout[2m | tests/property/scoped-roles-processing-efficiency.test.ts[2m > [22m[2mProperty 10: Scoped Roles Processing Efficiency[2m > [22m[2mProperty 10.8: System role operations should not affect org/project role caches
[22m[39mGoTrueClient@sb-bgxknceshxxifwytalex-auth-token:0 (2.93.3) 2026-02-02T15:20:14.993Z #_acquireLock end

stderr | tests/property/scoped-roles-processing-efficiency.test.ts > Property 10: Scoped Roles Processing Efficiency > Property 10.8: System role operations should not affect org/project role caches
Error fetching project roles: {
  code: 'PGRST200',
  details: "Searched for a foreign key relationship between 'project_roles' and 'user_profiles' in the schema 'public', but no matches were found.",
  hint: null,
  message: "Could not find a relationship between 'project_roles' and 'user_profiles' in the schema cache"
}

stderr | tests/property/scoped-roles-processing-efficiency.test.ts > Property 10: Scoped Roles Processing Efficiency > Property 10.8: System role operations should not affect org/project role caches
Error fetching org roles: {
  code: 'PGRST200',
  details: "Searched for a foreign key relationship between 'org_roles' and 'user_profiles' in the schema 'public', but no matches were found.",
  hint: null,
  message: "Could not find a relationship between 'org_roles' and 'user_profiles' in the schema cache"
}

[90mstdout[2m | tests/property/scoped-roles-processing-efficiency.test.ts[2m > [22m[2mProperty 10: Scoped Roles Processing Efficiency[2m > [22m[2mProperty 10.8: System role operations should not affect org/project role caches
[22m[39mGoTrueClient@sb-bgxknceshxxifwytalex-auth-token:0 (2.93.3) 2026-02-02T15:20:15.059Z #_acquireLock begin [33m10000[39m
GoTrueClient@sb-bgxknceshxxifwytalex-auth-token:0 (2.93.3) 2026-02-02T15:20:15.059Z #_acquireLock lock acquired for storage key sb-bgxknceshxxifwytalex-auth-token
GoTrueClient@sb-bgxknceshxxifwytalex-auth-token:0 (2.93.3) 2026-02-02T15:20:15.059Z #_useSession begin
GoTrueClient@sb-bgxknceshxxifwytalex-auth-token:0 (2.93.3) 2026-02-02T15:20:15.059Z #__loadSession() begin

[90mstdout[2m | tests/property/scoped-roles-processing-efficiency.test.ts[2m > [22m[2mProperty 10: Scoped Roles Processing Efficiency[2m > [22m[2mProperty 10.8: System role operations should not affect org/project role caches
[22m[39mGoTrueClient@sb-bgxknceshxxifwytalex-auth-token:0 (2.93.3) 2026-02-02T15:20:15.059Z #getSession() session from storage [1mnull[22m
GoTrueClient@sb-bgxknceshxxifwytalex-auth-token:0 (2.93.3) 2026-02-02T15:20:15.059Z #__loadSession() end

[90mstdout[2m | tests/property/scoped-roles-processing-efficiency.test.ts[2m > [22m[2mProperty 10: Scoped Roles Processing Efficiency[2m > [22m[2mProperty 10.8: System role operations should not affect org/project role caches
[22m[39mGoTrueClient@sb-bgxknceshxxifwytalex-auth-token:0 (2.93.3) 2026-02-02T15:20:15.059Z #_useSession end

[90mstdout[2m | tests/property/scoped-roles-processing-efficiency.test.ts[2m > [22m[2mProperty 10: Scoped Roles Processing Efficiency[2m > [22m[2mProperty 10.8: System role operations should not affect org/project role caches
[22m[39mGoTrueClient@sb-bgxknceshxxifwytalex-auth-token:0 (2.93.3) 2026-02-02T15:20:15.059Z #_acquireLock lock released for storage key sb-bgxknceshxxifwytalex-auth-token

[90mstdout[2m | tests/property/scoped-roles-processing-efficiency.test.ts[2m > [22m[2mProperty 10: Scoped Roles Processing Efficiency[2m > [22m[2mProperty 10.8: System role operations should not affect org/project role caches
[22m[39mGoTrueClient@sb-bgxknceshxxifwytalex-auth-token:0 (2.93.3) 2026-02-02T15:20:15.059Z #_acquireLock end

[90mstdout[2m | tests/property/scoped-roles-processing-efficiency.test.ts[2m > [22m[2mProperty 10: Scoped Roles Processing Efficiency[2m > [22m[2mProperty 10.8: System role operations should not affect org/project role caches
[22m[39mGoTrueClient@sb-bgxknceshxxifwytalex-auth-token:0 (2.93.3) 2026-02-02T15:20:15.062Z #_acquireLock begin [33m10000[39m
GoTrueClient@sb-bgxknceshxxifwytalex-auth-token:0 (2.93.3) 2026-02-02T15:20:15.062Z #_acquireLock lock acquired for storage key sb-bgxknceshxxifwytalex-auth-token
GoTrueClient@sb-bgxknceshxxifwytalex-auth-token:0 (2.93.3) 2026-02-02T15:20:15.062Z #_useSession begin
GoTrueClient@sb-bgxknceshxxifwytalex-auth-token:0 (2.93.3) 2026-02-02T15:20:15.062Z #__loadSession() begin

[90mstdout[2m | tests/property/scoped-roles-processing-efficiency.test.ts[2m > [22m[2mProperty 10: Scoped Roles Processing Efficiency[2m > [22m[2mProperty 10.8: System role operations should not affect org/project role caches
[22m[39mGoTrueClient@sb-bgxknceshxxifwytalex-auth-token:0 (2.93.3) 2026-02-02T15:20:15.062Z #getSession() session from storage [1mnull[22m
GoTrueClient@sb-bgxknceshxxifwytalex-auth-token:0 (2.93.3) 2026-02-02T15:20:15.062Z #__loadSession() end

[90mstdout[2m | tests/property/scoped-roles-processing-efficiency.test.ts[2m > [22m[2mProperty 10: Scoped Roles Processing Efficiency[2m > [22m[2mProperty 10.8: System role operations should not affect org/project role caches
[22m[39mGoTrueClient@sb-bgxknceshxxifwytalex-auth-token:0 (2.93.3) 2026-02-02T15:20:15.062Z #_useSession end

[90mstdout[2m | tests/property/scoped-roles-processing-efficiency.test.ts[2m > [22m[2mProperty 10: Scoped Roles Processing Efficiency[2m > [22m[2mProperty 10.8: System role operations should not affect org/project role caches
[22m[39mGoTrueClient@sb-bgxknceshxxifwytalex-auth-token:0 (2.93.3) 2026-02-02T15:20:15.062Z #_acquireLock lock released for storage key sb-bgxknceshxxifwytalex-auth-token

[90mstdout[2m | tests/property/scoped-roles-processing-efficiency.test.ts[2m > [22m[2mProperty 10: Scoped Roles Processing Efficiency[2m > [22m[2mProperty 10.8: System role operations should not affect org/project role caches
[22m[39mGoTrueClient@sb-bgxknceshxxifwytalex-auth-token:0 (2.93.3) 2026-02-02T15:20:15.062Z #_acquireLock end

stderr | tests/property/scoped-roles-processing-efficiency.test.ts > Property 10: Scoped Roles Processing Efficiency > Property 10.8: System role operations should not affect org/project role caches
Error fetching project roles: {
  code: 'PGRST200',
  details: "Searched for a foreign key relationship between 'project_roles' and 'user_profiles' in the schema 'public', but no matches were found.",
  hint: null,
  message: "Could not find a relationship between 'project_roles' and 'user_profiles' in the schema cache"
}

[90mstdout[2m | tests/property/scoped-roles-processing-efficiency.test.ts[2m > [22m[2mProperty 10: Scoped Roles Processing Efficiency[2m > [22m[2mProperty 10.8: System role operations should not affect org/project role caches
[22m[39mGoTrueClient@sb-bgxknceshxxifwytalex-auth-token:0 (2.93.3) 2026-02-02T15:20:15.064Z #_acquireLock begin [33m10000[39m
GoTrueClient@sb-bgxknceshxxifwytalex-auth-token:0 (2.93.3) 2026-02-02T15:20:15.064Z #_acquireLock lock acquired for storage key sb-bgxknceshxxifwytalex-auth-token
GoTrueClient@sb-bgxknceshxxifwytalex-auth-token:0 (2.93.3) 2026-02-02T15:20:15.064Z #_useSession begin
GoTrueClient@sb-bgxknceshxxifwytalex-auth-token:0 (2.93.3) 2026-02-02T15:20:15.064Z #__loadSession() begin

[90mstdout[2m | tests/property/scoped-roles-processing-efficiency.test.ts[2m > [22m[2mProperty 10: Scoped Roles Processing Efficiency[2m > [22m[2mProperty 10.8: System role operations should not affect org/project role caches
[22m[39mGoTrueClient@sb-bgxknceshxxifwytalex-auth-token:0 (2.93.3) 2026-02-02T15:20:15.064Z #getSession() session from storage [1mnull[22m
GoTrueClient@sb-bgxknceshxxifwytalex-auth-token:0 (2.93.3) 2026-02-02T15:20:15.064Z #__loadSession() end

[90mstdout[2m | tests/property/scoped-roles-processing-efficiency.test.ts[2m > [22m[2mProperty 10: Scoped Roles Processing Efficiency[2m > [22m[2mProperty 10.8: System role operations should not affect org/project role caches
[22m[39mGoTrueClient@sb-bgxknceshxxifwytalex-auth-token:0 (2.93.3) 2026-02-02T15:20:15.064Z #_useSession end

[90mstdout[2m | tests/property/scoped-roles-processing-efficiency.test.ts[2m > [22m[2mProperty 10: Scoped Roles Processing Efficiency[2m > [22m[2mProperty 10.8: System role operations should not affect org/project role caches
[22m[39mGoTrueClient@sb-bgxknceshxxifwytalex-auth-token:0 (2.93.3) 2026-02-02T15:20:15.064Z #_acquireLock lock released for storage key sb-bgxknceshxxifwytalex-auth-token

[90mstdout[2m | tests/property/scoped-roles-processing-efficiency.test.ts[2m > [22m[2mProperty 10: Scoped Roles Processing Efficiency[2m > [22m[2mProperty 10.8: System role operations should not affect org/project role caches
[22m[39mGoTrueClient@sb-bgxknceshxxifwytalex-auth-token:0 (2.93.3) 2026-02-02T15:20:15.064Z #_acquireLock end

stderr | tests/property/scoped-roles-processing-efficiency.test.ts > Property 10: Scoped Roles Processing Efficiency > Property 10.8: System role operations should not affect org/project role caches
Error fetching org roles: {
  code: 'PGRST200',
  details: "Searched for a foreign key relationship between 'org_roles' and 'user_profiles' in the schema 'public', but no matches were found.",
  hint: null,
  message: "Could not find a relationship between 'org_roles' and 'user_profiles' in the schema cache"
}

[90mstdout[2m | tests/property/scoped-roles-processing-efficiency.test.ts[2m > [22m[2mProperty 10: Scoped Roles Processing Efficiency[2m > [22m[2mProperty 10.8: System role operations should not affect org/project role caches
[22m[39mGoTrueClient@sb-bgxknceshxxifwytalex-auth-token:0 (2.93.3) 2026-02-02T15:20:15.076Z #_acquireLock begin [33m10000[39m
GoTrueClient@sb-bgxknceshxxifwytalex-auth-token:0 (2.93.3) 2026-02-02T15:20:15.076Z #_acquireLock lock acquired for storage key sb-bgxknceshxxifwytalex-auth-token
GoTrueClient@sb-bgxknceshxxifwytalex-auth-token:0 (2.93.3) 2026-02-02T15:20:15.076Z #_useSession begin
GoTrueClient@sb-bgxknceshxxifwytalex-auth-token:0 (2.93.3) 2026-02-02T15:20:15.076Z #__loadSession() begin

[90mstdout[2m | tests/property/scoped-roles-processing-efficiency.test.ts[2m > [22m[2mProperty 10: Scoped Roles Processing Efficiency[2m > [22m[2mProperty 10.8: System role operations should not affect org/project role caches
[22m[39mGoTrueClient@sb-bgxknceshxxifwytalex-auth-token:0 (2.93.3) 2026-02-02T15:20:15.076Z #getSession() session from storage [1mnull[22m
GoTrueClient@sb-bgxknceshxxifwytalex-auth-token:0 (2.93.3) 2026-02-02T15:20:15.076Z #__loadSession() end

[90mstdout[2m | tests/property/scoped-roles-processing-efficiency.test.ts[2m > [22m[2mProperty 10: Scoped Roles Processing Efficiency[2m > [22m[2mProperty 10.8: System role operations should not affect org/project role caches
[22m[39mGoTrueClient@sb-bgxknceshxxifwytalex-auth-token:0 (2.93.3) 2026-02-02T15:20:15.076Z #_useSession end

[90mstdout[2m | tests/property/scoped-roles-processing-efficiency.test.ts[2m > [22m[2mProperty 10: Scoped Roles Processing Efficiency[2m > [22m[2mProperty 10.8: System role operations should not affect org/project role caches
[22m[39mGoTrueClient@sb-bgxknceshxxifwytalex-auth-token:0 (2.93.3) 2026-02-02T15:20:15.076Z #_acquireLock lock released for storage key sb-bgxknceshxxifwytalex-auth-token

[90mstdout[2m | tests/property/scoped-roles-processing-efficiency.test.ts[2m > [22m[2mProperty 10: Scoped Roles Processing Efficiency[2m > [22m[2mProperty 10.8: System role operations should not affect org/project role caches
[22m[39mGoTrueClient@sb-bgxknceshxxifwytalex-auth-token:0 (2.93.3) 2026-02-02T15:20:15.077Z #_acquireLock end

stderr | tests/property/scoped-roles-processing-efficiency.test.ts > Property 10: Scoped Roles Processing Efficiency > Property 10.8: System role operations should not affect org/project role caches
Error fetching org roles: {
  code: 'PGRST200',
  details: "Searched for a foreign key relationship between 'org_roles' and 'user_profiles' in the schema 'public', but no matches were found.",
  hint: null,
  message: "Could not find a relationship between 'org_roles' and 'user_profiles' in the schema cache"
}

[90mstdout[2m | tests/property/scoped-roles-processing-efficiency.test.ts[2m > [22m[2mProperty 10: Scoped Roles Processing Efficiency[2m > [22m[2mProperty 10.8: System role operations should not affect org/project role caches
[22m[39mGoTrueClient@sb-bgxknceshxxifwytalex-auth-token:0 (2.93.3) 2026-02-02T15:20:15.179Z #_acquireLock begin [33m10000[39m
GoTrueClient@sb-bgxknceshxxifwytalex-auth-token:0 (2.93.3) 2026-02-02T15:20:15.179Z #_acquireLock lock acquired for storage key sb-bgxknceshxxifwytalex-auth-token
GoTrueClient@sb-bgxknceshxxifwytalex-auth-token:0 (2.93.3) 2026-02-02T15:20:15.179Z #_useSession begin
GoTrueClient@sb-bgxknceshxxifwytalex-auth-token:0 (2.93.3) 2026-02-02T15:20:15.179Z #__loadSession() begin

[90mstdout[2m | tests/property/scoped-roles-processing-efficiency.test.ts[2m > [22m[2mProperty 10: Scoped Roles Processing Efficiency[2m > [22m[2mProperty 10.8: System role operations should not affect org/project role caches
[22m[39mGoTrueClient@sb-bgxknceshxxifwytalex-auth-token:0 (2.93.3) 2026-02-02T15:20:15.179Z #getSession() session from storage [1mnull[22m
GoTrueClient@sb-bgxknceshxxifwytalex-auth-token:0 (2.93.3) 2026-02-02T15:20:15.179Z #__loadSession() end

[90mstdout[2m | tests/property/scoped-roles-processing-efficiency.test.ts[2m > [22m[2mProperty 10: Scoped Roles Processing Efficiency[2m > [22m[2mProperty 10.8: System role operations should not affect org/project role caches
[22m[39mGoTrueClient@sb-bgxknceshxxifwytalex-auth-token:0 (2.93.3) 2026-02-02T15:20:15.179Z #_useSession end

[90mstdout[2m | tests/property/scoped-roles-processing-efficiency.test.ts[2m > [22m[2mProperty 10: Scoped Roles Processing Efficiency[2m > [22m[2mProperty 10.8: System role operations should not affect org/project role caches
[22m[39mGoTrueClient@sb-bgxknceshxxifwytalex-auth-token:0 (2.93.3) 2026-02-02T15:20:15.179Z #_acquireLock lock released for storage key sb-bgxknceshxxifwytalex-auth-token

[90mstdout[2m | tests/property/scoped-roles-processing-efficiency.test.ts[2m > [22m[2mProperty 10: Scoped Roles Processing Efficiency[2m > [22m[2mProperty 10.8: System role operations should not affect org/project role caches
[22m[39mGoTrueClient@sb-bgxknceshxxifwytalex-auth-token:0 (2.93.3) 2026-02-02T15:20:15.179Z #_acquireLock end

[90mstdout[2m | tests/property/scoped-roles-processing-efficiency.test.ts[2m > [22m[2mProperty 10: Scoped Roles Processing Efficiency[2m > [22m[2mProperty 10.8: System role operations should not affect org/project role caches
[22m[39mGoTrueClient@sb-bgxknceshxxifwytalex-auth-token:0 (2.93.3) 2026-02-02T15:20:15.193Z #_acquireLock begin [33m10000[39m
GoTrueClient@sb-bgxknceshxxifwytalex-auth-token:0 (2.93.3) 2026-02-02T15:20:15.193Z #_acquireLock lock acquired for storage key sb-bgxknceshxxifwytalex-auth-token
GoTrueClient@sb-bgxknceshxxifwytalex-auth-token:0 (2.93.3) 2026-02-02T15:20:15.193Z #_useSession begin
GoTrueClient@sb-bgxknceshxxifwytalex-auth-token:0 (2.93.3) 2026-02-02T15:20:15.193Z #__loadSession() begin

[90mstdout[2m | tests/property/scoped-roles-processing-efficiency.test.ts[2m > [22m[2mProperty 10: Scoped Roles Processing Efficiency[2m > [22m[2mProperty 10.8: System role operations should not affect org/project role caches
[22m[39mGoTrueClient@sb-bgxknceshxxifwytalex-auth-token:0 (2.93.3) 2026-02-02T15:20:15.193Z #getSession() session from storage [1mnull[22m
GoTrueClient@sb-bgxknceshxxifwytalex-auth-token:0 (2.93.3) 2026-02-02T15:20:15.193Z #__loadSession() end

[90mstdout[2m | tests/property/scoped-roles-processing-efficiency.test.ts[2m > [22m[2mProperty 10: Scoped Roles Processing Efficiency[2m > [22m[2mProperty 10.8: System role operations should not affect org/project role caches
[22m[39mGoTrueClient@sb-bgxknceshxxifwytalex-auth-token:0 (2.93.3) 2026-02-02T15:20:15.193Z #_useSession end

[90mstdout[2m | tests/property/scoped-roles-processing-efficiency.test.ts[2m > [22m[2mProperty 10: Scoped Roles Processing Efficiency[2m > [22m[2mProperty 10.8: System role operations should not affect org/project role caches
[22m[39mGoTrueClient@sb-bgxknceshxxifwytalex-auth-token:0 (2.93.3) 2026-02-02T15:20:15.193Z #_acquireLock lock released for storage key sb-bgxknceshxxifwytalex-auth-token

[90mstdout[2m | tests/property/scoped-roles-processing-efficiency.test.ts[2m > [22m[2mProperty 10: Scoped Roles Processing Efficiency[2m > [22m[2mProperty 10.8: System role operations should not affect org/project role caches
[22m[39mGoTrueClient@sb-bgxknceshxxifwytalex-auth-token:0 (2.93.3) 2026-02-02T15:20:15.193Z #_acquireLock end

stderr | tests/property/scoped-roles-processing-efficiency.test.ts > Property 10: Scoped Roles Processing Efficiency > Property 10.8: System role operations should not affect org/project role caches
Error fetching project roles: {
  code: 'PGRST200',
  details: "Searched for a foreign key relationship between 'project_roles' and 'user_profiles' in the schema 'public', but no matches were found.",
  hint: null,
  message: "Could not find a relationship between 'project_roles' and 'user_profiles' in the schema cache"
}

[90mstdout[2m | tests/property/scoped-roles-processing-efficiency.test.ts[2m > [22m[2mProperty 10: Scoped Roles Processing Efficiency[2m > [22m[2mProperty 10.8: System role operations should not affect org/project role caches
[22m[39mGoTrueClient@sb-bgxknceshxxifwytalex-auth-token:0 (2.93.3) 2026-02-02T15:20:15.274Z #_acquireLock begin [33m10000[39m
GoTrueClient@sb-bgxknceshxxifwytalex-auth-token:0 (2.93.3) 2026-02-02T15:20:15.274Z #_acquireLock lock acquired for storage key sb-bgxknceshxxifwytalex-auth-token
GoTrueClient@sb-bgxknceshxxifwytalex-auth-token:0 (2.93.3) 2026-02-02T15:20:15.274Z #_useSession begin
GoTrueClient@sb-bgxknceshxxifwytalex-auth-token:0 (2.93.3) 2026-02-02T15:20:15.274Z #__loadSession() begin

[90mstdout[2m | tests/property/scoped-roles-processing-efficiency.test.ts[2m > [22m[2mProperty 10: Scoped Roles Processing Efficiency[2m > [22m[2mProperty 10.8: System role operations should not affect org/project role caches
[22m[39mGoTrueClient@sb-bgxknceshxxifwytalex-auth-token:0 (2.93.3) 2026-02-02T15:20:15.275Z #getSession() session from storage [1mnull[22m
GoTrueClient@sb-bgxknceshxxifwytalex-auth-token:0 (2.93.3) 2026-02-02T15:20:15.275Z #__loadSession() end

[90mstdout[2m | tests/property/scoped-roles-processing-efficiency.test.ts[2m > [22m[2mProperty 10: Scoped Roles Processing Efficiency[2m > [22m[2mProperty 10.8: System role operations should not affect org/project role caches
[22m[39mGoTrueClient@sb-bgxknceshxxifwytalex-auth-token:0 (2.93.3) 2026-02-02T15:20:15.275Z #_useSession end

[90mstdout[2m | tests/property/scoped-roles-processing-efficiency.test.ts[2m > [22m[2mProperty 10: Scoped Roles Processing Efficiency[2m > [22m[2mProperty 10.8: System role operations should not affect org/project role caches
[22m[39mGoTrueClient@sb-bgxknceshxxifwytalex-auth-token:0 (2.93.3) 2026-02-02T15:20:15.275Z #_acquireLock lock released for storage key sb-bgxknceshxxifwytalex-auth-token

[90mstdout[2m | tests/property/scoped-roles-processing-efficiency.test.ts[2m > [22m[2mProperty 10: Scoped Roles Processing Efficiency[2m > [22m[2mProperty 10.8: System role operations should not affect org/project role caches
[22m[39mGoTrueClient@sb-bgxknceshxxifwytalex-auth-token:0 (2.93.3) 2026-02-02T15:20:15.275Z #_acquireLock end

[90mstdout[2m | tests/property/scoped-roles-processing-efficiency.test.ts[2m > [22m[2mProperty 10: Scoped Roles Processing Efficiency[2m > [22m[2mProperty 10.8: System role operations should not affect org/project role caches
[22m[39mGoTrueClient@sb-bgxknceshxxifwytalex-auth-token:0 (2.93.3) 2026-02-02T15:20:15.279Z #_acquireLock begin [33m10000[39m
GoTrueClient@sb-bgxknceshxxifwytalex-auth-token:0 (2.93.3) 2026-02-02T15:20:15.280Z #_acquireLock lock acquired for storage key sb-bgxknceshxxifwytalex-auth-token
GoTrueClient@sb-bgxknceshxxifwytalex-auth-token:0 (2.93.3) 2026-02-02T15:20:15.280Z #_useSession begin
GoTrueClient@sb-bgxknceshxxifwytalex-auth-token:0 (2.93.3) 2026-02-02T15:20:15.280Z #__loadSession() begin

[90mstdout[2m | tests/property/scoped-roles-processing-efficiency.test.ts[2m > [22m[2mProperty 10: Scoped Roles Processing Efficiency[2m > [22m[2mProperty 10.8: System role operations should not affect org/project role caches
[22m[39mGoTrueClient@sb-bgxknceshxxifwytalex-auth-token:0 (2.93.3) 2026-02-02T15:20:15.280Z #getSession() session from storage [1mnull[22m
GoTrueClient@sb-bgxknceshxxifwytalex-auth-token:0 (2.93.3) 2026-02-02T15:20:15.280Z #__loadSession() end

[90mstdout[2m | tests/property/scoped-roles-processing-efficiency.test.ts[2m > [22m[2mProperty 10: Scoped Roles Processing Efficiency[2m > [22m[2mProperty 10.8: System role operations should not affect org/project role caches
[22m[39mGoTrueClient@sb-bgxknceshxxifwytalex-auth-token:0 (2.93.3) 2026-02-02T15:20:15.280Z #_useSession end

[90mstdout[2m | tests/property/scoped-roles-processing-efficiency.test.ts[2m > [22m[2mProperty 10: Scoped Roles Processing Efficiency[2m > [22m[2mProperty 10.8: System role operations should not affect org/project role caches
[22m[39mGoTrueClient@sb-bgxknceshxxifwytalex-auth-token:0 (2.93.3) 2026-02-02T15:20:15.280Z #_acquireLock lock released for storage key sb-bgxknceshxxifwytalex-auth-token

[90mstdout[2m | tests/property/scoped-roles-processing-efficiency.test.ts[2m > [22m[2mProperty 10: Scoped Roles Processing Efficiency[2m > [22m[2mProperty 10.8: System role operations should not affect org/project role caches
[22m[39mGoTrueClient@sb-bgxknceshxxifwytalex-auth-token:0 (2.93.3) 2026-02-02T15:20:15.280Z #_acquireLock end

stderr | tests/property/scoped-roles-processing-efficiency.test.ts > Property 10: Scoped Roles Processing Efficiency > Property 10.8: System role operations should not affect org/project role caches
Error fetching project roles: {
  code: 'PGRST200',
  details: "Searched for a foreign key relationship between 'project_roles' and 'user_profiles' in the schema 'public', but no matches were found.",
  hint: null,
  message: "Could not find a relationship between 'project_roles' and 'user_profiles' in the schema cache"
}

[90mstdout[2m | tests/property/scoped-roles-processing-efficiency.test.ts[2m > [22m[2mProperty 10: Scoped Roles Processing Efficiency[2m > [22m[2mProperty 10.8: System role operations should not affect org/project role caches
[22m[39mGoTrueClient@sb-bgxknceshxxifwytalex-auth-token:0 (2.93.3) 2026-02-02T15:20:15.292Z #_acquireLock begin [33m10000[39m
GoTrueClient@sb-bgxknceshxxifwytalex-auth-token:0 (2.93.3) 2026-02-02T15:20:15.292Z #_acquireLock lock acquired for storage key sb-bgxknceshxxifwytalex-auth-token
GoTrueClient@sb-bgxknceshxxifwytalex-auth-token:0 (2.93.3) 2026-02-02T15:20:15.292Z #_useSession begin
GoTrueClient@sb-bgxknceshxxifwytalex-auth-token:0 (2.93.3) 2026-02-02T15:20:15.292Z #__loadSession() begin

[90mstdout[2m | tests/property/scoped-roles-processing-efficiency.test.ts[2m > [22m[2mProperty 10: Scoped Roles Processing Efficiency[2m > [22m[2mProperty 10.8: System role operations should not affect org/project role caches
[22m[39mGoTrueClient@sb-bgxknceshxxifwytalex-auth-token:0 (2.93.3) 2026-02-02T15:20:15.292Z #getSession() session from storage [1mnull[22m
GoTrueClient@sb-bgxknceshxxifwytalex-auth-token:0 (2.93.3) 2026-02-02T15:20:15.292Z #__loadSession() end

[90mstdout[2m | tests/property/scoped-roles-processing-efficiency.test.ts[2m > [22m[2mProperty 10: Scoped Roles Processing Efficiency[2m > [22m[2mProperty 10.8: System role operations should not affect org/project role caches
[22m[39mGoTrueClient@sb-bgxknceshxxifwytalex-auth-token:0 (2.93.3) 2026-02-02T15:20:15.292Z #_useSession end

[90mstdout[2m | tests/property/scoped-roles-processing-efficiency.test.ts[2m > [22m[2mProperty 10: Scoped Roles Processing Efficiency[2m > [22m[2mProperty 10.8: System role operations should not affect org/project role caches
[22m[39mGoTrueClient@sb-bgxknceshxxifwytalex-auth-token:0 (2.93.3) 2026-02-02T15:20:15.292Z #_acquireLock lock released for storage key sb-bgxknceshxxifwytalex-auth-token

[90mstdout[2m | tests/property/scoped-roles-processing-efficiency.test.ts[2m > [22m[2mProperty 10: Scoped Roles Processing Efficiency[2m > [22m[2mProperty 10.8: System role operations should not affect org/project role caches
[22m[39mGoTrueClient@sb-bgxknceshxxifwytalex-auth-token:0 (2.93.3) 2026-02-02T15:20:15.292Z #_acquireLock end

stderr | tests/property/scoped-roles-processing-efficiency.test.ts > Property 10: Scoped Roles Processing Efficiency > Property 10.8: System role operations should not affect org/project role caches
Error fetching org roles: {
  code: 'PGRST200',
  details: "Searched for a foreign key relationship between 'org_roles' and 'user_profiles' in the schema 'public', but no matches were found.",
  hint: null,
  message: "Could not find a relationship between 'org_roles' and 'user_profiles' in the schema cache"
}

[90mstdout[2m | tests/property/scoped-roles-processing-efficiency.test.ts[2m > [22m[2mProperty 10: Scoped Roles Processing Efficiency[2m > [22m[2mProperty 10.8: System role operations should not affect org/project role caches
[22m[39mGoTrueClient@sb-bgxknceshxxifwytalex-auth-token:0 (2.93.3) 2026-02-02T15:20:15.299Z #_acquireLock begin [33m10000[39m
GoTrueClient@sb-bgxknceshxxifwytalex-auth-token:0 (2.93.3) 2026-02-02T15:20:15.300Z #_acquireLock lock acquired for storage key sb-bgxknceshxxifwytalex-auth-token
GoTrueClient@sb-bgxknceshxxifwytalex-auth-token:0 (2.93.3) 2026-02-02T15:20:15.300Z #_useSession begin
GoTrueClient@sb-bgxknceshxxifwytalex-auth-token:0 (2.93.3) 2026-02-02T15:20:15.300Z #__loadSession() begin

[90mstdout[2m | tests/property/scoped-roles-processing-efficiency.test.ts[2m > [22m[2mProperty 10: Scoped Roles Processing Efficiency[2m > [22m[2mProperty 10.8: System role operations should not affect org/project role caches
[22m[39mGoTrueClient@sb-bgxknceshxxifwytalex-auth-token:0 (2.93.3) 2026-02-02T15:20:15.300Z #getSession() session from storage [1mnull[22m
GoTrueClient@sb-bgxknceshxxifwytalex-auth-token:0 (2.93.3) 2026-02-02T15:20:15.300Z #__loadSession() end

[90mstdout[2m | tests/property/scoped-roles-processing-efficiency.test.ts[2m > [22m[2mProperty 10: Scoped Roles Processing Efficiency[2m > [22m[2mProperty 10.8: System role operations should not affect org/project role caches
[22m[39mGoTrueClient@sb-bgxknceshxxifwytalex-auth-token:0 (2.93.3) 2026-02-02T15:20:15.300Z #_useSession end

[90mstdout[2m | tests/property/scoped-roles-processing-efficiency.test.ts[2m > [22m[2mProperty 10: Scoped Roles Processing Efficiency[2m > [22m[2mProperty 10.8: System role operations should not affect org/project role caches
[22m[39mGoTrueClient@sb-bgxknceshxxifwytalex-auth-token:0 (2.93.3) 2026-02-02T15:20:15.300Z #_acquireLock lock released for storage key sb-bgxknceshxxifwytalex-auth-token

[90mstdout[2m | tests/property/scoped-roles-processing-efficiency.test.ts[2m > [22m[2mProperty 10: Scoped Roles Processing Efficiency[2m > [22m[2mProperty 10.8: System role operations should not affect org/project role caches
[22m[39mGoTrueClient@sb-bgxknceshxxifwytalex-auth-token:0 (2.93.3) 2026-02-02T15:20:15.300Z #_acquireLock end

stderr | tests/property/scoped-roles-processing-efficiency.test.ts > Property 10: Scoped Roles Processing Efficiency > Property 10.8: System role operations should not affect org/project role caches
Error fetching project roles: {
  code: 'PGRST200',
  details: "Searched for a foreign key relationship between 'project_roles' and 'user_profiles' in the schema 'public', but no matches were found.",
  hint: null,
  message: "Could not find a relationship between 'project_roles' and 'user_profiles' in the schema cache"
}

[90mstdout[2m | tests/property/scoped-roles-processing-efficiency.test.ts[2m > [22m[2mProperty 10: Scoped Roles Processing Efficiency[2m > [22m[2mProperty 10.8: System role operations should not affect org/project role caches
[22m[39mGoTrueClient@sb-bgxknceshxxifwytalex-auth-token:0 (2.93.3) 2026-02-02T15:20:15.393Z #_acquireLock begin [33m10000[39m
GoTrueClient@sb-bgxknceshxxifwytalex-auth-token:0 (2.93.3) 2026-02-02T15:20:15.393Z #_acquireLock lock acquired for storage key sb-bgxknceshxxifwytalex-auth-token
GoTrueClient@sb-bgxknceshxxifwytalex-auth-token:0 (2.93.3) 2026-02-02T15:20:15.393Z #_useSession begin
GoTrueClient@sb-bgxknceshxxifwytalex-auth-token:0 (2.93.3) 2026-02-02T15:20:15.393Z #__loadSession() begin

[90mstdout[2m | tests/property/scoped-roles-processing-efficiency.test.ts[2m > [22m[2mProperty 10: Scoped Roles Processing Efficiency[2m > [22m[2mProperty 10.8: System role operations should not affect org/project role caches
[22m[39mGoTrueClient@sb-bgxknceshxxifwytalex-auth-token:0 (2.93.3) 2026-02-02T15:20:15.393Z #getSession() session from storage [1mnull[22m
GoTrueClient@sb-bgxknceshxxifwytalex-auth-token:0 (2.93.3) 2026-02-02T15:20:15.393Z #__loadSession() end

[90mstdout[2m | tests/property/scoped-roles-processing-efficiency.test.ts[2m > [22m[2mProperty 10: Scoped Roles Processing Efficiency[2m > [22m[2mProperty 10.8: System role operations should not affect org/project role caches
[22m[39mGoTrueClient@sb-bgxknceshxxifwytalex-auth-token:0 (2.93.3) 2026-02-02T15:20:15.393Z #_useSession end

[90mstdout[2m | tests/property/scoped-roles-processing-efficiency.test.ts[2m > [22m[2mProperty 10: Scoped Roles Processing Efficiency[2m > [22m[2mProperty 10.8: System role operations should not affect org/project role caches
[22m[39mGoTrueClient@sb-bgxknceshxxifwytalex-auth-token:0 (2.93.3) 2026-02-02T15:20:15.394Z #_acquireLock lock released for storage key sb-bgxknceshxxifwytalex-auth-token

[90mstdout[2m | tests/property/scoped-roles-processing-efficiency.test.ts[2m > [22m[2mProperty 10: Scoped Roles Processing Efficiency[2m > [22m[2mProperty 10.8: System role operations should not affect org/project role caches
[22m[39mGoTrueClient@sb-bgxknceshxxifwytalex-auth-token:0 (2.93.3) 2026-02-02T15:20:15.394Z #_acquireLock end

stderr | tests/property/scoped-roles-processing-efficiency.test.ts > Property 10: Scoped Roles Processing Efficiency > Property 10.8: System role operations should not affect org/project role caches
Error fetching org roles: {
  code: 'PGRST200',
  details: "Searched for a foreign key relationship between 'org_roles' and 'user_profiles' in the schema 'public', but no matches were found.",
  hint: null,
  message: "Could not find a relationship between 'org_roles' and 'user_profiles' in the schema cache"
}

[90mstdout[2m | tests/property/scoped-roles-processing-efficiency.test.ts[2m > [22m[2mProperty 10: Scoped Roles Processing Efficiency[2m > [22m[2mProperty 10.8: System role operations should not affect org/project role caches
[22m[39mGoTrueClient@sb-bgxknceshxxifwytalex-auth-token:0 (2.93.3) 2026-02-02T15:20:15.397Z #_acquireLock begin [33m10000[39m
GoTrueClient@sb-bgxknceshxxifwytalex-auth-token:0 (2.93.3) 2026-02-02T15:20:15.397Z #_acquireLock lock acquired for storage key sb-bgxknceshxxifwytalex-auth-token
GoTrueClient@sb-bgxknceshxxifwytalex-auth-token:0 (2.93.3) 2026-02-02T15:20:15.397Z #_useSession begin
GoTrueClient@sb-bgxknceshxxifwytalex-auth-token:0 (2.93.3) 2026-02-02T15:20:15.397Z #__loadSession() begin

[90mstdout[2m | tests/property/scoped-roles-processing-efficiency.test.ts[2m > [22m[2mProperty 10: Scoped Roles Processing Efficiency[2m > [22m[2mProperty 10.8: System role operations should not affect org/project role caches
[22m[39mGoTrueClient@sb-bgxknceshxxifwytalex-auth-token:0 (2.93.3) 2026-02-02T15:20:15.397Z #getSession() session from storage [1mnull[22m
GoTrueClient@sb-bgxknceshxxifwytalex-auth-token:0 (2.93.3) 2026-02-02T15:20:15.397Z #__loadSession() end

[90mstdout[2m | tests/property/scoped-roles-processing-efficiency.test.ts[2m > [22m[2mProperty 10: Scoped Roles Processing Efficiency[2m > [22m[2mProperty 10.8: System role operations should not affect org/project role caches
[22m[39mGoTrueClient@sb-bgxknceshxxifwytalex-auth-token:0 (2.93.3) 2026-02-02T15:20:15.397Z #_useSession end

[90mstdout[2m | tests/property/scoped-roles-processing-efficiency.test.ts[2m > [22m[2mProperty 10: Scoped Roles Processing Efficiency[2m > [22m[2mProperty 10.8: System role operations should not affect org/project role caches
[22m[39mGoTrueClient@sb-bgxknceshxxifwytalex-auth-token:0 (2.93.3) 2026-02-02T15:20:15.397Z #_acquireLock lock released for storage key sb-bgxknceshxxifwytalex-auth-token

[90mstdout[2m | tests/property/scoped-roles-processing-efficiency.test.ts[2m > [22m[2mProperty 10: Scoped Roles Processing Efficiency[2m > [22m[2mProperty 10.8: System role operations should not affect org/project role caches
[22m[39mGoTrueClient@sb-bgxknceshxxifwytalex-auth-token:0 (2.93.3) 2026-02-02T15:20:15.397Z #_acquireLock end

stderr | tests/property/scoped-roles-processing-efficiency.test.ts > Property 10: Scoped Roles Processing Efficiency > Property 10.8: System role operations should not affect org/project role caches
Error fetching project roles: {
  code: 'PGRST200',
  details: "Searched for a foreign key relationship between 'project_roles' and 'user_profiles' in the schema 'public', but no matches were found.",
  hint: null,
  message: "Could not find a relationship between 'project_roles' and 'user_profiles' in the schema cache"
}

[90mstdout[2m | tests/property/scoped-roles-processing-efficiency.test.ts[2m > [22m[2mProperty 10: Scoped Roles Processing Efficiency[2m > [22m[2mProperty 10.8: System role operations should not affect org/project role caches
[22m[39mGoTrueClient@sb-bgxknceshxxifwytalex-auth-token:0 (2.93.3) 2026-02-02T15:20:15.478Z #_acquireLock begin [33m10000[39m
GoTrueClient@sb-bgxknceshxxifwytalex-auth-token:0 (2.93.3) 2026-02-02T15:20:15.478Z #_acquireLock lock acquired for storage key sb-bgxknceshxxifwytalex-auth-token
GoTrueClient@sb-bgxknceshxxifwytalex-auth-token:0 (2.93.3) 2026-02-02T15:20:15.478Z #_useSession begin
GoTrueClient@sb-bgxknceshxxifwytalex-auth-token:0 (2.93.3) 2026-02-02T15:20:15.478Z #__loadSession() begin

[90mstdout[2m | tests/property/scoped-roles-processing-efficiency.test.ts[2m > [22m[2mProperty 10: Scoped Roles Processing Efficiency[2m > [22m[2mProperty 10.8: System role operations should not affect org/project role caches
[22m[39mGoTrueClient@sb-bgxknceshxxifwytalex-auth-token:0 (2.93.3) 2026-02-02T15:20:15.478Z #getSession() session from storage [1mnull[22m
GoTrueClient@sb-bgxknceshxxifwytalex-auth-token:0 (2.93.3) 2026-02-02T15:20:15.478Z #__loadSession() end

[90mstdout[2m | tests/property/scoped-roles-processing-efficiency.test.ts[2m > [22m[2mProperty 10: Scoped Roles Processing Efficiency[2m > [22m[2mProperty 10.8: System role operations should not affect org/project role caches
[22m[39mGoTrueClient@sb-bgxknceshxxifwytalex-auth-token:0 (2.93.3) 2026-02-02T15:20:15.479Z #_useSession end

[90mstdout[2m | tests/property/scoped-roles-processing-efficiency.test.ts[2m > [22m[2mProperty 10: Scoped Roles Processing Efficiency[2m > [22m[2mProperty 10.8: System role operations should not affect org/project role caches
[22m[39mGoTrueClient@sb-bgxknceshxxifwytalex-auth-token:0 (2.93.3) 2026-02-02T15:20:15.479Z #_acquireLock lock released for storage key sb-bgxknceshxxifwytalex-auth-token

[90mstdout[2m | tests/property/scoped-roles-processing-efficiency.test.ts[2m > [22m[2mProperty 10: Scoped Roles Processing Efficiency[2m > [22m[2mProperty 10.8: System role operations should not affect org/project role caches
[22m[39mGoTrueClient@sb-bgxknceshxxifwytalex-auth-token:0 (2.93.3) 2026-02-02T15:20:15.479Z #_acquireLock end

stderr | tests/property/scoped-roles-processing-efficiency.test.ts > Property 10: Scoped Roles Processing Efficiency > Property 10.8: System role operations should not affect org/project role caches
Error fetching project roles: {
  code: 'PGRST200',
  details: "Searched for a foreign key relationship between 'project_roles' and 'user_profiles' in the schema 'public', but no matches were found.",
  hint: null,
  message: "Could not find a relationship between 'project_roles' and 'user_profiles' in the schema cache"
}

[90mstdout[2m | tests/property/scoped-roles-processing-efficiency.test.ts[2m > [22m[2mProperty 10: Scoped Roles Processing Efficiency[2m > [22m[2mProperty 10.8: System role operations should not affect org/project role caches
[22m[39mGoTrueClient@sb-bgxknceshxxifwytalex-auth-token:0 (2.93.3) 2026-02-02T15:20:15.485Z #_acquireLock begin [33m10000[39m
GoTrueClient@sb-bgxknceshxxifwytalex-auth-token:0 (2.93.3) 2026-02-02T15:20:15.485Z #_acquireLock lock acquired for storage key sb-bgxknceshxxifwytalex-auth-token
GoTrueClient@sb-bgxknceshxxifwytalex-auth-token:0 (2.93.3) 2026-02-02T15:20:15.485Z #_useSession begin
GoTrueClient@sb-bgxknceshxxifwytalex-auth-token:0 (2.93.3) 2026-02-02T15:20:15.485Z #__loadSession() begin

[90mstdout[2m | tests/property/scoped-roles-processing-efficiency.test.ts[2m > [22m[2mProperty 10: Scoped Roles Processing Efficiency[2m > [22m[2mProperty 10.8: System role operations should not affect org/project role caches
[22m[39mGoTrueClient@sb-bgxknceshxxifwytalex-auth-token:0 (2.93.3) 2026-02-02T15:20:15.486Z #getSession() session from storage [1mnull[22m
GoTrueClient@sb-bgxknceshxxifwytalex-auth-token:0 (2.93.3) 2026-02-02T15:20:15.486Z #__loadSession() end

[90mstdout[2m | tests/property/scoped-roles-processing-efficiency.test.ts[2m > [22m[2mProperty 10: Scoped Roles Processing Efficiency[2m > [22m[2mProperty 10.8: System role operations should not affect org/project role caches
[22m[39mGoTrueClient@sb-bgxknceshxxifwytalex-auth-token:0 (2.93.3) 2026-02-02T15:20:15.486Z #_useSession end

[90mstdout[2m | tests/property/scoped-roles-processing-efficiency.test.ts[2m > [22m[2mProperty 10: Scoped Roles Processing Efficiency[2m > [22m[2mProperty 10.8: System role operations should not affect org/project role caches
[22m[39mGoTrueClient@sb-bgxknceshxxifwytalex-auth-token:0 (2.93.3) 2026-02-02T15:20:15.486Z #_acquireLock lock released for storage key sb-bgxknceshxxifwytalex-auth-token

[90mstdout[2m | tests/property/scoped-roles-processing-efficiency.test.ts[2m > [22m[2mProperty 10: Scoped Roles Processing Efficiency[2m > [22m[2mProperty 10.8: System role operations should not affect org/project role caches
[22m[39mGoTrueClient@sb-bgxknceshxxifwytalex-auth-token:0 (2.93.3) 2026-02-02T15:20:15.486Z #_acquireLock end

[90mstdout[2m | tests/property/scoped-roles-processing-efficiency.test.ts[2m > [22m[2mProperty 10: Scoped Roles Processing Efficiency[2m > [22m[2mProperty 10.8: System role operations should not affect org/project role caches
[22m[39mGoTrueClient@sb-bgxknceshxxifwytalex-auth-token:0 (2.93.3) 2026-02-02T15:20:15.509Z #_acquireLock begin [33m10000[39m
GoTrueClient@sb-bgxknceshxxifwytalex-auth-token:0 (2.93.3) 2026-02-02T15:20:15.509Z #_acquireLock lock acquired for storage key sb-bgxknceshxxifwytalex-auth-token
GoTrueClient@sb-bgxknceshxxifwytalex-auth-token:0 (2.93.3) 2026-02-02T15:20:15.509Z #_useSession begin
GoTrueClient@sb-bgxknceshxxifwytalex-auth-token:0 (2.93.3) 2026-02-02T15:20:15.509Z #__loadSession() begin

[90mstdout[2m | tests/property/scoped-roles-processing-efficiency.test.ts[2m > [22m[2mProperty 10: Scoped Roles Processing Efficiency[2m > [22m[2mProperty 10.8: System role operations should not affect org/project role caches
[22m[39mGoTrueClient@sb-bgxknceshxxifwytalex-auth-token:0 (2.93.3) 2026-02-02T15:20:15.510Z #getSession() session from storage [1mnull[22m
GoTrueClient@sb-bgxknceshxxifwytalex-auth-token:0 (2.93.3) 2026-02-02T15:20:15.510Z #__loadSession() end

[90mstdout[2m | tests/property/scoped-roles-processing-efficiency.test.ts[2m > [22m[2mProperty 10: Scoped Roles Processing Efficiency[2m > [22m[2mProperty 10.8: System role operations should not affect org/project role caches
[22m[39mGoTrueClient@sb-bgxknceshxxifwytalex-auth-token:0 (2.93.3) 2026-02-02T15:20:15.510Z #_useSession end

[90mstdout[2m | tests/property/scoped-roles-processing-efficiency.test.ts[2m > [22m[2mProperty 10: Scoped Roles Processing Efficiency[2m > [22m[2mProperty 10.8: System role operations should not affect org/project role caches
[22m[39mGoTrueClient@sb-bgxknceshxxifwytalex-auth-token:0 (2.93.3) 2026-02-02T15:20:15.510Z #_acquireLock lock released for storage key sb-bgxknceshxxifwytalex-auth-token

[90mstdout[2m | tests/property/scoped-roles-processing-efficiency.test.ts[2m > [22m[2mProperty 10: Scoped Roles Processing Efficiency[2m > [22m[2mProperty 10.8: System role operations should not affect org/project role caches
[22m[39mGoTrueClient@sb-bgxknceshxxifwytalex-auth-token:0 (2.93.3) 2026-02-02T15:20:15.510Z #_acquireLock end

stderr | tests/property/scoped-roles-processing-efficiency.test.ts > Property 10: Scoped Roles Processing Efficiency > Property 10.8: System role operations should not affect org/project role caches
Error fetching org roles: {
  code: 'PGRST200',
  details: "Searched for a foreign key relationship between 'org_roles' and 'user_profiles' in the schema 'public', but no matches were found.",
  hint: null,
  message: "Could not find a relationship between 'org_roles' and 'user_profiles' in the schema cache"
}

[90mstdout[2m | tests/property/scoped-roles-processing-efficiency.test.ts[2m > [22m[2mProperty 10: Scoped Roles Processing Efficiency[2m > [22m[2mProperty 10.8: System role operations should not affect org/project role caches
[22m[39mGoTrueClient@sb-bgxknceshxxifwytalex-auth-token:0 (2.93.3) 2026-02-02T15:20:15.528Z #_acquireLock begin [33m10000[39m
GoTrueClient@sb-bgxknceshxxifwytalex-auth-token:0 (2.93.3) 2026-02-02T15:20:15.528Z #_acquireLock lock acquired for storage key sb-bgxknceshxxifwytalex-auth-token
GoTrueClient@sb-bgxknceshxxifwytalex-auth-token:0 (2.93.3) 2026-02-02T15:20:15.528Z #_useSession begin
GoTrueClient@sb-bgxknceshxxifwytalex-auth-token:0 (2.93.3) 2026-02-02T15:20:15.528Z #__loadSession() begin

[90mstdout[2m | tests/property/scoped-roles-processing-efficiency.test.ts[2m > [22m[2mProperty 10: Scoped Roles Processing Efficiency[2m > [22m[2mProperty 10.8: System role operations should not affect org/project role caches
[22m[39mGoTrueClient@sb-bgxknceshxxifwytalex-auth-token:0 (2.93.3) 2026-02-02T15:20:15.528Z #getSession() session from storage [1mnull[22m
GoTrueClient@sb-bgxknceshxxifwytalex-auth-token:0 (2.93.3) 2026-02-02T15:20:15.528Z #__loadSession() end

[90mstdout[2m | tests/property/scoped-roles-processing-efficiency.test.ts[2m > [22m[2mProperty 10: Scoped Roles Processing Efficiency[2m > [22m[2mProperty 10.8: System role operations should not affect org/project role caches
[22m[39mGoTrueClient@sb-bgxknceshxxifwytalex-auth-token:0 (2.93.3) 2026-02-02T15:20:15.528Z #_useSession end

[90mstdout[2m | tests/property/scoped-roles-processing-efficiency.test.ts[2m > [22m[2mProperty 10: Scoped Roles Processing Efficiency[2m > [22m[2mProperty 10.8: System role operations should not affect org/project role caches
[22m[39mGoTrueClient@sb-bgxknceshxxifwytalex-auth-token:0 (2.93.3) 2026-02-02T15:20:15.528Z #_acquireLock lock released for storage key sb-bgxknceshxxifwytalex-auth-token

[90mstdout[2m | tests/property/scoped-roles-processing-efficiency.test.ts[2m > [22m[2mProperty 10: Scoped Roles Processing Efficiency[2m > [22m[2mProperty 10.8: System role operations should not affect org/project role caches
[22m[39mGoTrueClient@sb-bgxknceshxxifwytalex-auth-token:0 (2.93.3) 2026-02-02T15:20:15.529Z #_acquireLock end

[90mstdout[2m | tests/property/scoped-roles-processing-efficiency.test.ts[2m > [22m[2mProperty 10: Scoped Roles Processing Efficiency[2m > [22m[2mProperty 10.8: System role operations should not affect org/project role caches
[22m[39mGoTrueClient@sb-bgxknceshxxifwytalex-auth-token:0 (2.93.3) 2026-02-02T15:20:15.608Z #_acquireLock begin [33m10000[39m
GoTrueClient@sb-bgxknceshxxifwytalex-auth-token:0 (2.93.3) 2026-02-02T15:20:15.608Z #_acquireLock lock acquired for storage key sb-bgxknceshxxifwytalex-auth-token
GoTrueClient@sb-bgxknceshxxifwytalex-auth-token:0 (2.93.3) 2026-02-02T15:20:15.608Z #_useSession begin
GoTrueClient@sb-bgxknceshxxifwytalex-auth-token:0 (2.93.3) 2026-02-02T15:20:15.609Z #__loadSession() begin

[90mstdout[2m | tests/property/scoped-roles-processing-efficiency.test.ts[2m > [22m[2mProperty 10: Scoped Roles Processing Efficiency[2m > [22m[2mProperty 10.8: System role operations should not affect org/project role caches
[22m[39mGoTrueClient@sb-bgxknceshxxifwytalex-auth-token:0 (2.93.3) 2026-02-02T15:20:15.609Z #getSession() session from storage [1mnull[22m
GoTrueClient@sb-bgxknceshxxifwytalex-auth-token:0 (2.93.3) 2026-02-02T15:20:15.609Z #__loadSession() end

[90mstdout[2m | tests/property/scoped-roles-processing-efficiency.test.ts[2m > [22m[2mProperty 10: Scoped Roles Processing Efficiency[2m > [22m[2mProperty 10.8: System role operations should not affect org/project role caches
[22m[39mGoTrueClient@sb-bgxknceshxxifwytalex-auth-token:0 (2.93.3) 2026-02-02T15:20:15.609Z #_useSession end

[90mstdout[2m | tests/property/scoped-roles-processing-efficiency.test.ts[2m > [22m[2mProperty 10: Scoped Roles Processing Efficiency[2m > [22m[2mProperty 10.8: System role operations should not affect org/project role caches
[22m[39mGoTrueClient@sb-bgxknceshxxifwytalex-auth-token:0 (2.93.3) 2026-02-02T15:20:15.609Z #_acquireLock lock released for storage key sb-bgxknceshxxifwytalex-auth-token

[90mstdout[2m | tests/property/scoped-roles-processing-efficiency.test.ts[2m > [22m[2mProperty 10: Scoped Roles Processing Efficiency[2m > [22m[2mProperty 10.8: System role operations should not affect org/project role caches
[22m[39mGoTrueClient@sb-bgxknceshxxifwytalex-auth-token:0 (2.93.3) 2026-02-02T15:20:15.609Z #_acquireLock end

stderr | tests/property/scoped-roles-processing-efficiency.test.ts > Property 10: Scoped Roles Processing Efficiency > Property 10.8: System role operations should not affect org/project role caches
Error fetching project roles: {
  code: 'PGRST200',
  details: "Searched for a foreign key relationship between 'project_roles' and 'user_profiles' in the schema 'public', but no matches were found.",
  hint: null,
  message: "Could not find a relationship between 'project_roles' and 'user_profiles' in the schema cache"
}

[90mstdout[2m | tests/property/scoped-roles-processing-efficiency.test.ts[2m > [22m[2mProperty 10: Scoped Roles Processing Efficiency[2m > [22m[2mProperty 10.8: System role operations should not affect org/project role caches
[22m[39mGoTrueClient@sb-bgxknceshxxifwytalex-auth-token:0 (2.93.3) 2026-02-02T15:20:15.624Z #_acquireLock begin [33m10000[39m
GoTrueClient@sb-bgxknceshxxifwytalex-auth-token:0 (2.93.3) 2026-02-02T15:20:15.624Z #_acquireLock lock acquired for storage key sb-bgxknceshxxifwytalex-auth-token
GoTrueClient@sb-bgxknceshxxifwytalex-auth-token:0 (2.93.3) 2026-02-02T15:20:15.624Z #_useSession begin
GoTrueClient@sb-bgxknceshxxifwytalex-auth-token:0 (2.93.3) 2026-02-02T15:20:15.624Z #__loadSession() begin

[90mstdout[2m | tests/property/scoped-roles-processing-efficiency.test.ts[2m > [22m[2mProperty 10: Scoped Roles Processing Efficiency[2m > [22m[2mProperty 10.8: System role operations should not affect org/project role caches
[22m[39mGoTrueClient@sb-bgxknceshxxifwytalex-auth-token:0 (2.93.3) 2026-02-02T15:20:15.624Z #getSession() session from storage [1mnull[22m
GoTrueClient@sb-bgxknceshxxifwytalex-auth-token:0 (2.93.3) 2026-02-02T15:20:15.624Z #__loadSession() end

[90mstdout[2m | tests/property/scoped-roles-processing-efficiency.test.ts[2m > [22m[2mProperty 10: Scoped Roles Processing Efficiency[2m > [22m[2mProperty 10.8: System role operations should not affect org/project role caches
[22m[39mGoTrueClient@sb-bgxknceshxxifwytalex-auth-token:0 (2.93.3) 2026-02-02T15:20:15.624Z #_useSession end

[90mstdout[2m | tests/property/scoped-roles-processing-efficiency.test.ts[2m > [22m[2mProperty 10: Scoped Roles Processing Efficiency[2m > [22m[2mProperty 10.8: System role operations should not affect org/project role caches
[22m[39mGoTrueClient@sb-bgxknceshxxifwytalex-auth-token:0 (2.93.3) 2026-02-02T15:20:15.624Z #_acquireLock lock released for storage key sb-bgxknceshxxifwytalex-auth-token

[90mstdout[2m | tests/property/scoped-roles-processing-efficiency.test.ts[2m > [22m[2mProperty 10: Scoped Roles Processing Efficiency[2m > [22m[2mProperty 10.8: System role operations should not affect org/project role caches
[22m[39mGoTrueClient@sb-bgxknceshxxifwytalex-auth-token:0 (2.93.3) 2026-02-02T15:20:15.624Z #_acquireLock end

stderr | tests/property/scoped-roles-processing-efficiency.test.ts > Property 10: Scoped Roles Processing Efficiency > Property 10.8: System role operations should not affect org/project role caches
Error fetching project roles: {
  code: 'PGRST200',
  details: "Searched for a foreign key relationship between 'project_roles' and 'user_profiles' in the schema 'public', but no matches were found.",
  hint: null,
  message: "Could not find a relationship between 'project_roles' and 'user_profiles' in the schema cache"
}

[90mstdout[2m | tests/property/scoped-roles-processing-efficiency.test.ts[2m > [22m[2mProperty 10: Scoped Roles Processing Efficiency[2m > [22m[2mProperty 10.8: System role operations should not affect org/project role caches
[22m[39mGoTrueClient@sb-bgxknceshxxifwytalex-auth-token:0 (2.93.3) 2026-02-02T15:20:15.682Z #_acquireLock begin [33m10000[39m
GoTrueClient@sb-bgxknceshxxifwytalex-auth-token:0 (2.93.3) 2026-02-02T15:20:15.682Z #_acquireLock lock acquired for storage key sb-bgxknceshxxifwytalex-auth-token
GoTrueClient@sb-bgxknceshxxifwytalex-auth-token:0 (2.93.3) 2026-02-02T15:20:15.682Z #_useSession begin
GoTrueClient@sb-bgxknceshxxifwytalex-auth-token:0 (2.93.3) 2026-02-02T15:20:15.682Z #__loadSession() begin

[90mstdout[2m | tests/property/scoped-roles-processing-efficiency.test.ts[2m > [22m[2mProperty 10: Scoped Roles Processing Efficiency[2m > [22m[2mProperty 10.8: System role operations should not affect org/project role caches
[22m[39mGoTrueClient@sb-bgxknceshxxifwytalex-auth-token:0 (2.93.3) 2026-02-02T15:20:15.682Z #getSession() session from storage [1mnull[22m
GoTrueClient@sb-bgxknceshxxifwytalex-auth-token:0 (2.93.3) 2026-02-02T15:20:15.682Z #__loadSession() end

[90mstdout[2m | tests/property/scoped-roles-processing-efficiency.test.ts[2m > [22m[2mProperty 10: Scoped Roles Processing Efficiency[2m > [22m[2mProperty 10.8: System role operations should not affect org/project role caches
[22m[39mGoTrueClient@sb-bgxknceshxxifwytalex-auth-token:0 (2.93.3) 2026-02-02T15:20:15.682Z #_useSession end

[90mstdout[2m | tests/property/scoped-roles-processing-efficiency.test.ts[2m > [22m[2mProperty 10: Scoped Roles Processing Efficiency[2m > [22m[2mProperty 10.8: System role operations should not affect org/project role caches
[22m[39mGoTrueClient@sb-bgxknceshxxifwytalex-auth-token:0 (2.93.3) 2026-02-02T15:20:15.683Z #_acquireLock lock released for storage key sb-bgxknceshxxifwytalex-auth-token

[90mstdout[2m | tests/property/scoped-roles-processing-efficiency.test.ts[2m > [22m[2mProperty 10: Scoped Roles Processing Efficiency[2m > [22m[2mProperty 10.8: System role operations should not affect org/project role caches
[22m[39mGoTrueClient@sb-bgxknceshxxifwytalex-auth-token:0 (2.93.3) 2026-02-02T15:20:15.683Z #_acquireLock end

stderr | tests/property/scoped-roles-processing-efficiency.test.ts > Property 10: Scoped Roles Processing Efficiency > Property 10.8: System role operations should not affect org/project role caches
Error fetching project roles: {
  code: 'PGRST200',
  details: "Searched for a foreign key relationship between 'project_roles' and 'user_profiles' in the schema 'public', but no matches were found.",
  hint: null,
  message: "Could not find a relationship between 'project_roles' and 'user_profiles' in the schema cache"
}

[90mstdout[2m | tests/property/scoped-roles-processing-efficiency.test.ts[2m > [22m[2mProperty 10: Scoped Roles Processing Efficiency[2m > [22m[2mProperty 10.8: System role operations should not affect org/project role caches
[22m[39mGoTrueClient@sb-bgxknceshxxifwytalex-auth-token:0 (2.93.3) 2026-02-02T15:20:15.691Z #_acquireLock begin [33m10000[39m
GoTrueClient@sb-bgxknceshxxifwytalex-auth-token:0 (2.93.3) 2026-02-02T15:20:15.691Z #_acquireLock lock acquired for storage key sb-bgxknceshxxifwytalex-auth-token
GoTrueClient@sb-bgxknceshxxifwytalex-auth-token:0 (2.93.3) 2026-02-02T15:20:15.691Z #_useSession begin
GoTrueClient@sb-bgxknceshxxifwytalex-auth-token:0 (2.93.3) 2026-02-02T15:20:15.691Z #__loadSession() begin

[90mstdout[2m | tests/property/scoped-roles-processing-efficiency.test.ts[2m > [22m[2mProperty 10: Scoped Roles Processing Efficiency[2m > [22m[2mProperty 10.8: System role operations should not affect org/project role caches
[22m[39mGoTrueClient@sb-bgxknceshxxifwytalex-auth-token:0 (2.93.3) 2026-02-02T15:20:15.692Z #getSession() session from storage [1mnull[22m
GoTrueClient@sb-bgxknceshxxifwytalex-auth-token:0 (2.93.3) 2026-02-02T15:20:15.692Z #__loadSession() end

[90mstdout[2m | tests/property/scoped-roles-processing-efficiency.test.ts[2m > [22m[2mProperty 10: Scoped Roles Processing Efficiency[2m > [22m[2mProperty 10.8: System role operations should not affect org/project role caches
[22m[39mGoTrueClient@sb-bgxknceshxxifwytalex-auth-token:0 (2.93.3) 2026-02-02T15:20:15.692Z #_useSession end

[90mstdout[2m | tests/property/scoped-roles-processing-efficiency.test.ts[2m > [22m[2mProperty 10: Scoped Roles Processing Efficiency[2m > [22m[2mProperty 10.8: System role operations should not affect org/project role caches
[22m[39mGoTrueClient@sb-bgxknceshxxifwytalex-auth-token:0 (2.93.3) 2026-02-02T15:20:15.692Z #_acquireLock lock released for storage key sb-bgxknceshxxifwytalex-auth-token

[90mstdout[2m | tests/property/scoped-roles-processing-efficiency.test.ts[2m > [22m[2mProperty 10: Scoped Roles Processing Efficiency[2m > [22m[2mProperty 10.8: System role operations should not affect org/project role caches
[22m[39mGoTrueClient@sb-bgxknceshxxifwytalex-auth-token:0 (2.93.3) 2026-02-02T15:20:15.692Z #_acquireLock end

stderr | tests/property/scoped-roles-processing-efficiency.test.ts > Property 10: Scoped Roles Processing Efficiency > Property 10.8: System role operations should not affect org/project role caches
Error fetching org roles: {
  code: 'PGRST200',
  details: "Searched for a foreign key relationship between 'org_roles' and 'user_profiles' in the schema 'public', but no matches were found.",
  hint: null,
  message: "Could not find a relationship between 'org_roles' and 'user_profiles' in the schema cache"
}

[90mstdout[2m | tests/property/scoped-roles-processing-efficiency.test.ts[2m > [22m[2mProperty 10: Scoped Roles Processing Efficiency[2m > [22m[2mProperty 10.8: System role operations should not affect org/project role caches
[22m[39mGoTrueClient@sb-bgxknceshxxifwytalex-auth-token:0 (2.93.3) 2026-02-02T15:20:15.711Z #_acquireLock begin [33m10000[39m
GoTrueClient@sb-bgxknceshxxifwytalex-auth-token:0 (2.93.3) 2026-02-02T15:20:15.711Z #_acquireLock lock acquired for storage key sb-bgxknceshxxifwytalex-auth-token
GoTrueClient@sb-bgxknceshxxifwytalex-auth-token:0 (2.93.3) 2026-02-02T15:20:15.711Z #_useSession begin
GoTrueClient@sb-bgxknceshxxifwytalex-auth-token:0 (2.93.3) 2026-02-02T15:20:15.711Z #__loadSession() begin

[90mstdout[2m | tests/property/scoped-roles-processing-efficiency.test.ts[2m > [22m[2mProperty 10: Scoped Roles Processing Efficiency[2m > [22m[2mProperty 10.8: System role operations should not affect org/project role caches
[22m[39mGoTrueClient@sb-bgxknceshxxifwytalex-auth-token:0 (2.93.3) 2026-02-02T15:20:15.711Z #getSession() session from storage [1mnull[22m
GoTrueClient@sb-bgxknceshxxifwytalex-auth-token:0 (2.93.3) 2026-02-02T15:20:15.711Z #__loadSession() end

[90mstdout[2m | tests/property/scoped-roles-processing-efficiency.test.ts[2m > [22m[2mProperty 10: Scoped Roles Processing Efficiency[2m > [22m[2mProperty 10.8: System role operations should not affect org/project role caches
[22m[39mGoTrueClient@sb-bgxknceshxxifwytalex-auth-token:0 (2.93.3) 2026-02-02T15:20:15.711Z #_useSession end

[90mstdout[2m | tests/property/scoped-roles-processing-efficiency.test.ts[2m > [22m[2mProperty 10: Scoped Roles Processing Efficiency[2m > [22m[2mProperty 10.8: System role operations should not affect org/project role caches
[22m[39mGoTrueClient@sb-bgxknceshxxifwytalex-auth-token:0 (2.93.3) 2026-02-02T15:20:15.711Z #_acquireLock lock released for storage key sb-bgxknceshxxifwytalex-auth-token

[90mstdout[2m | tests/property/scoped-roles-processing-efficiency.test.ts[2m > [22m[2mProperty 10: Scoped Roles Processing Efficiency[2m > [22m[2mProperty 10.8: System role operations should not affect org/project role caches
[22m[39mGoTrueClient@sb-bgxknceshxxifwytalex-auth-token:0 (2.93.3) 2026-02-02T15:20:15.711Z #_acquireLock end

stderr | tests/property/scoped-roles-processing-efficiency.test.ts > Property 10: Scoped Roles Processing Efficiency > Property 10.8: System role operations should not affect org/project role caches
Error fetching org roles: {
  code: 'PGRST200',
  details: "Searched for a foreign key relationship between 'org_roles' and 'user_profiles' in the schema 'public', but no matches were found.",
  hint: null,
  message: "Could not find a relationship between 'org_roles' and 'user_profiles' in the schema cache"
}

[90mstdout[2m | tests/property/scoped-roles-processing-efficiency.test.ts[2m > [22m[2mProperty 10: Scoped Roles Processing Efficiency[2m > [22m[2mProperty 10.8: System role operations should not affect org/project role caches
[22m[39mGoTrueClient@sb-bgxknceshxxifwytalex-auth-token:0 (2.93.3) 2026-02-02T15:20:15.720Z #_acquireLock begin [33m10000[39m
GoTrueClient@sb-bgxknceshxxifwytalex-auth-token:0 (2.93.3) 2026-02-02T15:20:15.720Z #_acquireLock lock acquired for storage key sb-bgxknceshxxifwytalex-auth-token
GoTrueClient@sb-bgxknceshxxifwytalex-auth-token:0 (2.93.3) 2026-02-02T15:20:15.720Z #_useSession begin
GoTrueClient@sb-bgxknceshxxifwytalex-auth-token:0 (2.93.3) 2026-02-02T15:20:15.720Z #__loadSession() begin

[90mstdout[2m | tests/property/scoped-roles-processing-efficiency.test.ts[2m > [22m[2mProperty 10: Scoped Roles Processing Efficiency[2m > [22m[2mProperty 10.8: System role operations should not affect org/project role caches
[22m[39mGoTrueClient@sb-bgxknceshxxifwytalex-auth-token:0 (2.93.3) 2026-02-02T15:20:15.721Z #getSession() session from storage [1mnull[22m
GoTrueClient@sb-bgxknceshxxifwytalex-auth-token:0 (2.93.3) 2026-02-02T15:20:15.721Z #__loadSession() end

[90mstdout[2m | tests/property/scoped-roles-processing-efficiency.test.ts[2m > [22m[2mProperty 10: Scoped Roles Processing Efficiency[2m > [22m[2mProperty 10.8: System role operations should not affect org/project role caches
[22m[39mGoTrueClient@sb-bgxknceshxxifwytalex-auth-token:0 (2.93.3) 2026-02-02T15:20:15.721Z #_useSession end

[90mstdout[2m | tests/property/scoped-roles-processing-efficiency.test.ts[2m > [22m[2mProperty 10: Scoped Roles Processing Efficiency[2m > [22m[2mProperty 10.8: System role operations should not affect org/project role caches
[22m[39mGoTrueClient@sb-bgxknceshxxifwytalex-auth-token:0 (2.93.3) 2026-02-02T15:20:15.721Z #_acquireLock lock released for storage key sb-bgxknceshxxifwytalex-auth-token

[90mstdout[2m | tests/property/scoped-roles-processing-efficiency.test.ts[2m > [22m[2mProperty 10: Scoped Roles Processing Efficiency[2m > [22m[2mProperty 10.8: System role operations should not affect org/project role caches
[22m[39mGoTrueClient@sb-bgxknceshxxifwytalex-auth-token:0 (2.93.3) 2026-02-02T15:20:15.721Z #_acquireLock end

stderr | tests/property/scoped-roles-processing-efficiency.test.ts > Property 10: Scoped Roles Processing Efficiency > Property 10.8: System role operations should not affect org/project role caches
Error fetching org roles: {
  code: 'PGRST200',
  details: "Searched for a foreign key relationship between 'org_roles' and 'user_profiles' in the schema 'public', but no matches were found.",
  hint: null,
  message: "Could not find a relationship between 'org_roles' and 'user_profiles' in the schema cache"
}

[90mstdout[2m | tests/property/scoped-roles-processing-efficiency.test.ts[2m > [22m[2mProperty 10: Scoped Roles Processing Efficiency[2m > [22m[2mProperty 10.8: System role operations should not affect org/project role caches
[22m[39mGoTrueClient@sb-bgxknceshxxifwytalex-auth-token:0 (2.93.3) 2026-02-02T15:20:15.825Z #_acquireLock begin [33m10000[39m
GoTrueClient@sb-bgxknceshxxifwytalex-auth-token:0 (2.93.3) 2026-02-02T15:20:15.825Z #_acquireLock lock acquired for storage key sb-bgxknceshxxifwytalex-auth-token
GoTrueClient@sb-bgxknceshxxifwytalex-auth-token:0 (2.93.3) 2026-02-02T15:20:15.825Z #_useSession begin
GoTrueClient@sb-bgxknceshxxifwytalex-auth-token:0 (2.93.3) 2026-02-02T15:20:15.825Z #__loadSession() begin

[90mstdout[2m | tests/property/scoped-roles-processing-efficiency.test.ts[2m > [22m[2mProperty 10: Scoped Roles Processing Efficiency[2m > [22m[2mProperty 10.8: System role operations should not affect org/project role caches
[22m[39mGoTrueClient@sb-bgxknceshxxifwytalex-auth-token:0 (2.93.3) 2026-02-02T15:20:15.825Z #getSession() session from storage [1mnull[22m
GoTrueClient@sb-bgxknceshxxifwytalex-auth-token:0 (2.93.3) 2026-02-02T15:20:15.825Z #__loadSession() end

[90mstdout[2m | tests/property/scoped-roles-processing-efficiency.test.ts[2m > [22m[2mProperty 10: Scoped Roles Processing Efficiency[2m > [22m[2mProperty 10.8: System role operations should not affect org/project role caches
[22m[39mGoTrueClient@sb-bgxknceshxxifwytalex-auth-token:0 (2.93.3) 2026-02-02T15:20:15.825Z #_useSession end

[90mstdout[2m | tests/property/scoped-roles-processing-efficiency.test.ts[2m > [22m[2mProperty 10: Scoped Roles Processing Efficiency[2m > [22m[2mProperty 10.8: System role operations should not affect org/project role caches
[22m[39mGoTrueClient@sb-bgxknceshxxifwytalex-auth-token:0 (2.93.3) 2026-02-02T15:20:15.825Z #_acquireLock lock released for storage key sb-bgxknceshxxifwytalex-auth-token

[90mstdout[2m | tests/property/scoped-roles-processing-efficiency.test.ts[2m > [22m[2mProperty 10: Scoped Roles Processing Efficiency[2m > [22m[2mProperty 10.8: System role operations should not affect org/project role caches
[22m[39mGoTrueClient@sb-bgxknceshxxifwytalex-auth-token:0 (2.93.3) 2026-02-02T15:20:15.825Z #_acquireLock end

[90mstdout[2m | tests/property/scoped-roles-processing-efficiency.test.ts[2m > [22m[2mProperty 10: Scoped Roles Processing Efficiency[2m > [22m[2mProperty 10.8: System role operations should not affect org/project role caches
[22m[39mGoTrueClient@sb-bgxknceshxxifwytalex-auth-token:0 (2.93.3) 2026-02-02T15:20:15.828Z #_acquireLock begin [33m10000[39m
GoTrueClient@sb-bgxknceshxxifwytalex-auth-token:0 (2.93.3) 2026-02-02T15:20:15.828Z #_acquireLock lock acquired for storage key sb-bgxknceshxxifwytalex-auth-token
GoTrueClient@sb-bgxknceshxxifwytalex-auth-token:0 (2.93.3) 2026-02-02T15:20:15.828Z #_useSession begin
GoTrueClient@sb-bgxknceshxxifwytalex-auth-token:0 (2.93.3) 2026-02-02T15:20:15.828Z #__loadSession() begin

[90mstdout[2m | tests/property/scoped-roles-processing-efficiency.test.ts[2m > [22m[2mProperty 10: Scoped Roles Processing Efficiency[2m > [22m[2mProperty 10.8: System role operations should not affect org/project role caches
[22m[39mGoTrueClient@sb-bgxknceshxxifwytalex-auth-token:0 (2.93.3) 2026-02-02T15:20:15.829Z #getSession() session from storage [1mnull[22m
GoTrueClient@sb-bgxknceshxxifwytalex-auth-token:0 (2.93.3) 2026-02-02T15:20:15.829Z #__loadSession() end

[90mstdout[2m | tests/property/scoped-roles-processing-efficiency.test.ts[2m > [22m[2mProperty 10: Scoped Roles Processing Efficiency[2m > [22m[2mProperty 10.8: System role operations should not affect org/project role caches
[22m[39mGoTrueClient@sb-bgxknceshxxifwytalex-auth-token:0 (2.93.3) 2026-02-02T15:20:15.829Z #_useSession end

[90mstdout[2m | tests/property/scoped-roles-processing-efficiency.test.ts[2m > [22m[2mProperty 10: Scoped Roles Processing Efficiency[2m > [22m[2mProperty 10.8: System role operations should not affect org/project role caches
[22m[39mGoTrueClient@sb-bgxknceshxxifwytalex-auth-token:0 (2.93.3) 2026-02-02T15:20:15.829Z #_acquireLock lock released for storage key sb-bgxknceshxxifwytalex-auth-token

[90mstdout[2m | tests/property/scoped-roles-processing-efficiency.test.ts[2m > [22m[2mProperty 10: Scoped Roles Processing Efficiency[2m > [22m[2mProperty 10.8: System role operations should not affect org/project role caches
[22m[39mGoTrueClient@sb-bgxknceshxxifwytalex-auth-token:0 (2.93.3) 2026-02-02T15:20:15.829Z #_acquireLock end

stderr | tests/property/scoped-roles-processing-efficiency.test.ts > Property 10: Scoped Roles Processing Efficiency > Property 10.8: System role operations should not affect org/project role caches
Error fetching project roles: {
  code: 'PGRST200',
  details: "Searched for a foreign key relationship between 'project_roles' and 'user_profiles' in the schema 'public', but no matches were found.",
  hint: null,
  message: "Could not find a relationship between 'project_roles' and 'user_profiles' in the schema cache"
}

[90mstdout[2m | tests/property/scoped-roles-processing-efficiency.test.ts[2m > [22m[2mProperty 10: Scoped Roles Processing Efficiency[2m > [22m[2mProperty 10.8: System role operations should not affect org/project role caches
[22m[39mGoTrueClient@sb-bgxknceshxxifwytalex-auth-token:0 (2.93.3) 2026-02-02T15:20:15.891Z #_acquireLock begin [33m10000[39m
GoTrueClient@sb-bgxknceshxxifwytalex-auth-token:0 (2.93.3) 2026-02-02T15:20:15.892Z #_acquireLock lock acquired for storage key sb-bgxknceshxxifwytalex-auth-token
GoTrueClient@sb-bgxknceshxxifwytalex-auth-token:0 (2.93.3) 2026-02-02T15:20:15.892Z #_useSession begin
GoTrueClient@sb-bgxknceshxxifwytalex-auth-token:0 (2.93.3) 2026-02-02T15:20:15.892Z #__loadSession() begin

[90mstdout[2m | tests/property/scoped-roles-processing-efficiency.test.ts[2m > [22m[2mProperty 10: Scoped Roles Processing Efficiency[2m > [22m[2mProperty 10.8: System role operations should not affect org/project role caches
[22m[39mGoTrueClient@sb-bgxknceshxxifwytalex-auth-token:0 (2.93.3) 2026-02-02T15:20:15.892Z #getSession() session from storage [1mnull[22m
GoTrueClient@sb-bgxknceshxxifwytalex-auth-token:0 (2.93.3) 2026-02-02T15:20:15.892Z #__loadSession() end

[90mstdout[2m | tests/property/scoped-roles-processing-efficiency.test.ts[2m > [22m[2mProperty 10: Scoped Roles Processing Efficiency[2m > [22m[2mProperty 10.8: System role operations should not affect org/project role caches
[22m[39mGoTrueClient@sb-bgxknceshxxifwytalex-auth-token:0 (2.93.3) 2026-02-02T15:20:15.892Z #_useSession end

[90mstdout[2m | tests/property/scoped-roles-processing-efficiency.test.ts[2m > [22m[2mProperty 10: Scoped Roles Processing Efficiency[2m > [22m[2mProperty 10.8: System role operations should not affect org/project role caches
[22m[39mGoTrueClient@sb-bgxknceshxxifwytalex-auth-token:0 (2.93.3) 2026-02-02T15:20:15.892Z #_acquireLock lock released for storage key sb-bgxknceshxxifwytalex-auth-token

[90mstdout[2m | tests/property/scoped-roles-processing-efficiency.test.ts[2m > [22m[2mProperty 10: Scoped Roles Processing Efficiency[2m > [22m[2mProperty 10.8: System role operations should not affect org/project role caches
[22m[39mGoTrueClient@sb-bgxknceshxxifwytalex-auth-token:0 (2.93.3) 2026-02-02T15:20:15.892Z #_acquireLock end

stderr | tests/property/scoped-roles-processing-efficiency.test.ts > Property 10: Scoped Roles Processing Efficiency > Property 10.8: System role operations should not affect org/project role caches
Error fetching project roles: {
  code: 'PGRST200',
  details: "Searched for a foreign key relationship between 'project_roles' and 'user_profiles' in the schema 'public', but no matches were found.",
  hint: null,
  message: "Could not find a relationship between 'project_roles' and 'user_profiles' in the schema cache"
}

[90mstdout[2m | tests/property/scoped-roles-processing-efficiency.test.ts[2m > [22m[2mProperty 10: Scoped Roles Processing Efficiency[2m > [22m[2mProperty 10.8: System role operations should not affect org/project role caches
[22m[39mGoTrueClient@sb-bgxknceshxxifwytalex-auth-token:0 (2.93.3) 2026-02-02T15:20:15.903Z #_acquireLock begin [33m10000[39m
GoTrueClient@sb-bgxknceshxxifwytalex-auth-token:0 (2.93.3) 2026-02-02T15:20:15.903Z #_acquireLock lock acquired for storage key sb-bgxknceshxxifwytalex-auth-token
GoTrueClient@sb-bgxknceshxxifwytalex-auth-token:0 (2.93.3) 2026-02-02T15:20:15.903Z #_useSession begin
GoTrueClient@sb-bgxknceshxxifwytalex-auth-token:0 (2.93.3) 2026-02-02T15:20:15.903Z #__loadSession() begin

[90mstdout[2m | tests/property/scoped-roles-processing-efficiency.test.ts[2m > [22m[2mProperty 10: Scoped Roles Processing Efficiency[2m > [22m[2mProperty 10.8: System role operations should not affect org/project role caches
[22m[39mGoTrueClient@sb-bgxknceshxxifwytalex-auth-token:0 (2.93.3) 2026-02-02T15:20:15.903Z #getSession() session from storage [1mnull[22m
GoTrueClient@sb-bgxknceshxxifwytalex-auth-token:0 (2.93.3) 2026-02-02T15:20:15.903Z #__loadSession() end

[90mstdout[2m | tests/property/scoped-roles-processing-efficiency.test.ts[2m > [22m[2mProperty 10: Scoped Roles Processing Efficiency[2m > [22m[2mProperty 10.8: System role operations should not affect org/project role caches
[22m[39mGoTrueClient@sb-bgxknceshxxifwytalex-auth-token:0 (2.93.3) 2026-02-02T15:20:15.903Z #_useSession end

[90mstdout[2m | tests/property/scoped-roles-processing-efficiency.test.ts[2m > [22m[2mProperty 10: Scoped Roles Processing Efficiency[2m > [22m[2mProperty 10.8: System role operations should not affect org/project role caches
[22m[39mGoTrueClient@sb-bgxknceshxxifwytalex-auth-token:0 (2.93.3) 2026-02-02T15:20:15.903Z #_acquireLock lock released for storage key sb-bgxknceshxxifwytalex-auth-token

[90mstdout[2m | tests/property/scoped-roles-processing-efficiency.test.ts[2m > [22m[2mProperty 10: Scoped Roles Processing Efficiency[2m > [22m[2mProperty 10.8: System role operations should not affect org/project role caches
[22m[39mGoTrueClient@sb-bgxknceshxxifwytalex-auth-token:0 (2.93.3) 2026-02-02T15:20:15.903Z #_acquireLock end

stderr | tests/property/scoped-roles-processing-efficiency.test.ts > Property 10: Scoped Roles Processing Efficiency > Property 10.8: System role operations should not affect org/project role caches
Error fetching project roles: {
  code: 'PGRST200',
  details: "Searched for a foreign key relationship between 'project_roles' and 'user_profiles' in the schema 'public', but no matches were found.",
  hint: null,
  message: "Could not find a relationship between 'project_roles' and 'user_profiles' in the schema cache"
}

[90mstdout[2m | tests/property/scoped-roles-processing-efficiency.test.ts[2m > [22m[2mProperty 10: Scoped Roles Processing Efficiency[2m > [22m[2mProperty 10.8: System role operations should not affect org/project role caches
[22m[39mGoTrueClient@sb-bgxknceshxxifwytalex-auth-token:0 (2.93.3) 2026-02-02T15:20:15.926Z #_acquireLock begin [33m10000[39m
GoTrueClient@sb-bgxknceshxxifwytalex-auth-token:0 (2.93.3) 2026-02-02T15:20:15.926Z #_acquireLock lock acquired for storage key sb-bgxknceshxxifwytalex-auth-token
GoTrueClient@sb-bgxknceshxxifwytalex-auth-token:0 (2.93.3) 2026-02-02T15:20:15.926Z #_useSession begin
GoTrueClient@sb-bgxknceshxxifwytalex-auth-token:0 (2.93.3) 2026-02-02T15:20:15.926Z #__loadSession() begin

[90mstdout[2m | tests/property/scoped-roles-processing-efficiency.test.ts[2m > [22m[2mProperty 10: Scoped Roles Processing Efficiency[2m > [22m[2mProperty 10.8: System role operations should not affect org/project role caches
[22m[39mGoTrueClient@sb-bgxknceshxxifwytalex-auth-token:0 (2.93.3) 2026-02-02T15:20:15.926Z #getSession() session from storage [1mnull[22m
GoTrueClient@sb-bgxknceshxxifwytalex-auth-token:0 (2.93.3) 2026-02-02T15:20:15.926Z #__loadSession() end

[90mstdout[2m | tests/property/scoped-roles-processing-efficiency.test.ts[2m > [22m[2mProperty 10: Scoped Roles Processing Efficiency[2m > [22m[2mProperty 10.8: System role operations should not affect org/project role caches
[22m[39mGoTrueClient@sb-bgxknceshxxifwytalex-auth-token:0 (2.93.3) 2026-02-02T15:20:15.926Z #_useSession end

[90mstdout[2m | tests/property/scoped-roles-processing-efficiency.test.ts[2m > [22m[2mProperty 10: Scoped Roles Processing Efficiency[2m > [22m[2mProperty 10.8: System role operations should not affect org/project role caches
[22m[39mGoTrueClient@sb-bgxknceshxxifwytalex-auth-token:0 (2.93.3) 2026-02-02T15:20:15.926Z #_acquireLock lock released for storage key sb-bgxknceshxxifwytalex-auth-token

[90mstdout[2m | tests/property/scoped-roles-processing-efficiency.test.ts[2m > [22m[2mProperty 10: Scoped Roles Processing Efficiency[2m > [22m[2mProperty 10.8: System role operations should not affect org/project role caches
[22m[39mGoTrueClient@sb-bgxknceshxxifwytalex-auth-token:0 (2.93.3) 2026-02-02T15:20:15.927Z #_acquireLock end

stderr | tests/property/scoped-roles-processing-efficiency.test.ts > Property 10: Scoped Roles Processing Efficiency > Property 10.8: System role operations should not affect org/project role caches
Error fetching org roles: {
  code: 'PGRST200',
  details: "Searched for a foreign key relationship between 'org_roles' and 'user_profiles' in the schema 'public', but no matches were found.",
  hint: null,
  message: "Could not find a relationship between 'org_roles' and 'user_profiles' in the schema cache"
}

[90mstdout[2m | tests/property/scoped-roles-processing-efficiency.test.ts[2m > [22m[2mProperty 10: Scoped Roles Processing Efficiency[2m > [22m[2mProperty 10.8: System role operations should not affect org/project role caches
[22m[39mGoTrueClient@sb-bgxknceshxxifwytalex-auth-token:0 (2.93.3) 2026-02-02T15:20:15.936Z #_acquireLock begin [33m10000[39m
GoTrueClient@sb-bgxknceshxxifwytalex-auth-token:0 (2.93.3) 2026-02-02T15:20:15.936Z #_acquireLock lock acquired for storage key sb-bgxknceshxxifwytalex-auth-token
GoTrueClient@sb-bgxknceshxxifwytalex-auth-token:0 (2.93.3) 2026-02-02T15:20:15.936Z #_useSession begin
GoTrueClient@sb-bgxknceshxxifwytalex-auth-token:0 (2.93.3) 2026-02-02T15:20:15.936Z #__loadSession() begin

[90mstdout[2m | tests/property/scoped-roles-processing-efficiency.test.ts[2m > [22m[2mProperty 10: Scoped Roles Processing Efficiency[2m > [22m[2mProperty 10.8: System role operations should not affect org/project role caches
[22m[39mGoTrueClient@sb-bgxknceshxxifwytalex-auth-token:0 (2.93.3) 2026-02-02T15:20:15.936Z #getSession() session from storage [1mnull[22m
GoTrueClient@sb-bgxknceshxxifwytalex-auth-token:0 (2.93.3) 2026-02-02T15:20:15.936Z #__loadSession() end

[90mstdout[2m | tests/property/scoped-roles-processing-efficiency.test.ts[2m > [22m[2mProperty 10: Scoped Roles Processing Efficiency[2m > [22m[2mProperty 10.8: System role operations should not affect org/project role caches
[22m[39mGoTrueClient@sb-bgxknceshxxifwytalex-auth-token:0 (2.93.3) 2026-02-02T15:20:15.936Z #_useSession end

[90mstdout[2m | tests/property/scoped-roles-processing-efficiency.test.ts[2m > [22m[2mProperty 10: Scoped Roles Processing Efficiency[2m > [22m[2mProperty 10.8: System role operations should not affect org/project role caches
[22m[39mGoTrueClient@sb-bgxknceshxxifwytalex-auth-token:0 (2.93.3) 2026-02-02T15:20:15.936Z #_acquireLock lock released for storage key sb-bgxknceshxxifwytalex-auth-token

[90mstdout[2m | tests/property/scoped-roles-processing-efficiency.test.ts[2m > [22m[2mProperty 10: Scoped Roles Processing Efficiency[2m > [22m[2mProperty 10.8: System role operations should not affect org/project role caches
[22m[39mGoTrueClient@sb-bgxknceshxxifwytalex-auth-token:0 (2.93.3) 2026-02-02T15:20:15.936Z #_acquireLock end

stderr | tests/property/scoped-roles-processing-efficiency.test.ts > Property 10: Scoped Roles Processing Efficiency > Property 10.8: System role operations should not affect org/project role caches
Error fetching project roles: {
  code: 'PGRST200',
  details: "Searched for a foreign key relationship between 'project_roles' and 'user_profiles' in the schema 'public', but no matches were found.",
  hint: null,
  message: "Could not find a relationship between 'project_roles' and 'user_profiles' in the schema cache"
}

[90mstdout[2m | tests/property/scoped-roles-processing-efficiency.test.ts[2m > [22m[2mProperty 10: Scoped Roles Processing Efficiency[2m > [22m[2mProperty 10.8: System role operations should not affect org/project role caches
[22m[39mGoTrueClient@sb-bgxknceshxxifwytalex-auth-token:0 (2.93.3) 2026-02-02T15:20:16.031Z #_acquireLock begin [33m10000[39m
GoTrueClient@sb-bgxknceshxxifwytalex-auth-token:0 (2.93.3) 2026-02-02T15:20:16.031Z #_acquireLock lock acquired for storage key sb-bgxknceshxxifwytalex-auth-token
GoTrueClient@sb-bgxknceshxxifwytalex-auth-token:0 (2.93.3) 2026-02-02T15:20:16.031Z #_useSession begin
GoTrueClient@sb-bgxknceshxxifwytalex-auth-token:0 (2.93.3) 2026-02-02T15:20:16.031Z #__loadSession() begin

[90mstdout[2m | tests/property/scoped-roles-processing-efficiency.test.ts[2m > [22m[2mProperty 10: Scoped Roles Processing Efficiency[2m > [22m[2mProperty 10.8: System role operations should not affect org/project role caches
[22m[39mGoTrueClient@sb-bgxknceshxxifwytalex-auth-token:0 (2.93.3) 2026-02-02T15:20:16.031Z #getSession() session from storage [1mnull[22m
GoTrueClient@sb-bgxknceshxxifwytalex-auth-token:0 (2.93.3) 2026-02-02T15:20:16.031Z #__loadSession() end

[90mstdout[2m | tests/property/scoped-roles-processing-efficiency.test.ts[2m > [22m[2mProperty 10: Scoped Roles Processing Efficiency[2m > [22m[2mProperty 10.8: System role operations should not affect org/project role caches
[22m[39mGoTrueClient@sb-bgxknceshxxifwytalex-auth-token:0 (2.93.3) 2026-02-02T15:20:16.031Z #_useSession end

[90mstdout[2m | tests/property/scoped-roles-processing-efficiency.test.ts[2m > [22m[2mProperty 10: Scoped Roles Processing Efficiency[2m > [22m[2mProperty 10.8: System role operations should not affect org/project role caches
[22m[39mGoTrueClient@sb-bgxknceshxxifwytalex-auth-token:0 (2.93.3) 2026-02-02T15:20:16.031Z #_acquireLock lock released for storage key sb-bgxknceshxxifwytalex-auth-token

[90mstdout[2m | tests/property/scoped-roles-processing-efficiency.test.ts[2m > [22m[2mProperty 10: Scoped Roles Processing Efficiency[2m > [22m[2mProperty 10.8: System role operations should not affect org/project role caches
[22m[39mGoTrueClient@sb-bgxknceshxxifwytalex-auth-token:0 (2.93.3) 2026-02-02T15:20:16.031Z #_acquireLock end

stderr | tests/property/scoped-roles-processing-efficiency.test.ts > Property 10: Scoped Roles Processing Efficiency > Property 10.8: System role operations should not affect org/project role caches
Error fetching org roles: {
  code: 'PGRST200',
  details: "Searched for a foreign key relationship between 'org_roles' and 'user_profiles' in the schema 'public', but no matches were found.",
  hint: null,
  message: "Could not find a relationship between 'org_roles' and 'user_profiles' in the schema cache"
}

[90mstdout[2m | tests/property/scoped-roles-processing-efficiency.test.ts[2m > [22m[2mProperty 10: Scoped Roles Processing Efficiency[2m > [22m[2mProperty 10.8: System role operations should not affect org/project role caches
[22m[39mGoTrueClient@sb-bgxknceshxxifwytalex-auth-token:0 (2.93.3) 2026-02-02T15:20:16.036Z #_acquireLock begin [33m10000[39m
GoTrueClient@sb-bgxknceshxxifwytalex-auth-token:0 (2.93.3) 2026-02-02T15:20:16.036Z #_acquireLock lock acquired for storage key sb-bgxknceshxxifwytalex-auth-token
GoTrueClient@sb-bgxknceshxxifwytalex-auth-token:0 (2.93.3) 2026-02-02T15:20:16.036Z #_useSession begin
GoTrueClient@sb-bgxknceshxxifwytalex-auth-token:0 (2.93.3) 2026-02-02T15:20:16.036Z #__loadSession() begin

[90mstdout[2m | tests/property/scoped-roles-processing-efficiency.test.ts[2m > [22m[2mProperty 10: Scoped Roles Processing Efficiency[2m > [22m[2mProperty 10.8: System role operations should not affect org/project role caches
[22m[39mGoTrueClient@sb-bgxknceshxxifwytalex-auth-token:0 (2.93.3) 2026-02-02T15:20:16.036Z #getSession() session from storage [1mnull[22m
GoTrueClient@sb-bgxknceshxxifwytalex-auth-token:0 (2.93.3) 2026-02-02T15:20:16.036Z #__loadSession() end

[90mstdout[2m | tests/property/scoped-roles-processing-efficiency.test.ts[2m > [22m[2mProperty 10: Scoped Roles Processing Efficiency[2m > [22m[2mProperty 10.8: System role operations should not affect org/project role caches
[22m[39mGoTrueClient@sb-bgxknceshxxifwytalex-auth-token:0 (2.93.3) 2026-02-02T15:20:16.036Z #_useSession end

[90mstdout[2m | tests/property/scoped-roles-processing-efficiency.test.ts[2m > [22m[2mProperty 10: Scoped Roles Processing Efficiency[2m > [22m[2mProperty 10.8: System role operations should not affect org/project role caches
[22m[39mGoTrueClient@sb-bgxknceshxxifwytalex-auth-token:0 (2.93.3) 2026-02-02T15:20:16.036Z #_acquireLock lock released for storage key sb-bgxknceshxxifwytalex-auth-token

[90mstdout[2m | tests/property/scoped-roles-processing-efficiency.test.ts[2m > [22m[2mProperty 10: Scoped Roles Processing Efficiency[2m > [22m[2mProperty 10.8: System role operations should not affect org/project role caches
[22m[39mGoTrueClient@sb-bgxknceshxxifwytalex-auth-token:0 (2.93.3) 2026-02-02T15:20:16.036Z #_acquireLock end

stderr | tests/property/scoped-roles-processing-efficiency.test.ts > Property 10: Scoped Roles Processing Efficiency > Property 10.8: System role operations should not affect org/project role caches
Error fetching project roles: {
  code: 'PGRST200',
  details: "Searched for a foreign key relationship between 'project_roles' and 'user_profiles' in the schema 'public', but no matches were found.",
  hint: null,
  message: "Could not find a relationship between 'project_roles' and 'user_profiles' in the schema cache"
}

[90mstdout[2m | tests/property/scoped-roles-processing-efficiency.test.ts[2m > [22m[2mProperty 10: Scoped Roles Processing Efficiency[2m > [22m[2mProperty 10.8: System role operations should not affect org/project role caches
[22m[39mGoTrueClient@sb-bgxknceshxxifwytalex-auth-token:0 (2.93.3) 2026-02-02T15:20:16.090Z #_acquireLock begin [33m10000[39m
GoTrueClient@sb-bgxknceshxxifwytalex-auth-token:0 (2.93.3) 2026-02-02T15:20:16.090Z #_acquireLock lock acquired for storage key sb-bgxknceshxxifwytalex-auth-token
GoTrueClient@sb-bgxknceshxxifwytalex-auth-token:0 (2.93.3) 2026-02-02T15:20:16.090Z #_useSession begin
GoTrueClient@sb-bgxknceshxxifwytalex-auth-token:0 (2.93.3) 2026-02-02T15:20:16.090Z #__loadSession() begin

[90mstdout[2m | tests/property/scoped-roles-processing-efficiency.test.ts[2m > [22m[2mProperty 10: Scoped Roles Processing Efficiency[2m > [22m[2mProperty 10.8: System role operations should not affect org/project role caches
[22m[39mGoTrueClient@sb-bgxknceshxxifwytalex-auth-token:0 (2.93.3) 2026-02-02T15:20:16.090Z #getSession() session from storage [1mnull[22m
GoTrueClient@sb-bgxknceshxxifwytalex-auth-token:0 (2.93.3) 2026-02-02T15:20:16.090Z #__loadSession() end

[90mstdout[2m | tests/property/scoped-roles-processing-efficiency.test.ts[2m > [22m[2mProperty 10: Scoped Roles Processing Efficiency[2m > [22m[2mProperty 10.8: System role operations should not affect org/project role caches
[22m[39mGoTrueClient@sb-bgxknceshxxifwytalex-auth-token:0 (2.93.3) 2026-02-02T15:20:16.090Z #_useSession end

[90mstdout[2m | tests/property/scoped-roles-processing-efficiency.test.ts[2m > [22m[2mProperty 10: Scoped Roles Processing Efficiency[2m > [22m[2mProperty 10.8: System role operations should not affect org/project role caches
[22m[39mGoTrueClient@sb-bgxknceshxxifwytalex-auth-token:0 (2.93.3) 2026-02-02T15:20:16.090Z #_acquireLock lock released for storage key sb-bgxknceshxxifwytalex-auth-token

[90mstdout[2m | tests/property/scoped-roles-processing-efficiency.test.ts[2m > [22m[2mProperty 10: Scoped Roles Processing Efficiency[2m > [22m[2mProperty 10.8: System role operations should not affect org/project role caches
[22m[39mGoTrueClient@sb-bgxknceshxxifwytalex-auth-token:0 (2.93.3) 2026-02-02T15:20:16.090Z #_acquireLock end

stderr | tests/property/scoped-roles-processing-efficiency.test.ts > Property 10: Scoped Roles Processing Efficiency > Property 10.8: System role operations should not affect org/project role caches
Error fetching project roles: {
  code: 'PGRST200',
  details: "Searched for a foreign key relationship between 'project_roles' and 'user_profiles' in the schema 'public', but no matches were found.",
  hint: null,
  message: "Could not find a relationship between 'project_roles' and 'user_profiles' in the schema cache"
}

[90mstdout[2m | tests/property/scoped-roles-processing-efficiency.test.ts[2m > [22m[2mProperty 10: Scoped Roles Processing Efficiency[2m > [22m[2mProperty 10.8: System role operations should not affect org/project role caches
[22m[39mGoTrueClient@sb-bgxknceshxxifwytalex-auth-token:0 (2.93.3) 2026-02-02T15:20:16.099Z #_acquireLock begin [33m10000[39m
GoTrueClient@sb-bgxknceshxxifwytalex-auth-token:0 (2.93.3) 2026-02-02T15:20:16.099Z #_acquireLock lock acquired for storage key sb-bgxknceshxxifwytalex-auth-token
GoTrueClient@sb-bgxknceshxxifwytalex-auth-token:0 (2.93.3) 2026-02-02T15:20:16.099Z #_useSession begin
GoTrueClient@sb-bgxknceshxxifwytalex-auth-token:0 (2.93.3) 2026-02-02T15:20:16.099Z #__loadSession() begin

[90mstdout[2m | tests/property/scoped-roles-processing-efficiency.test.ts[2m > [22m[2mProperty 10: Scoped Roles Processing Efficiency[2m > [22m[2mProperty 10.8: System role operations should not affect org/project role caches
[22m[39mGoTrueClient@sb-bgxknceshxxifwytalex-auth-token:0 (2.93.3) 2026-02-02T15:20:16.099Z #getSession() session from storage [1mnull[22m
GoTrueClient@sb-bgxknceshxxifwytalex-auth-token:0 (2.93.3) 2026-02-02T15:20:16.099Z #__loadSession() end

[90mstdout[2m | tests/property/scoped-roles-processing-efficiency.test.ts[2m > [22m[2mProperty 10: Scoped Roles Processing Efficiency[2m > [22m[2mProperty 10.8: System role operations should not affect org/project role caches
[22m[39mGoTrueClient@sb-bgxknceshxxifwytalex-auth-token:0 (2.93.3) 2026-02-02T15:20:16.099Z #_useSession end

[90mstdout[2m | tests/property/scoped-roles-processing-efficiency.test.ts[2m > [22m[2mProperty 10: Scoped Roles Processing Efficiency[2m > [22m[2mProperty 10.8: System role operations should not affect org/project role caches
[22m[39mGoTrueClient@sb-bgxknceshxxifwytalex-auth-token:0 (2.93.3) 2026-02-02T15:20:16.099Z #_acquireLock lock released for storage key sb-bgxknceshxxifwytalex-auth-token

[90mstdout[2m | tests/property/scoped-roles-processing-efficiency.test.ts[2m > [22m[2mProperty 10: Scoped Roles Processing Efficiency[2m > [22m[2mProperty 10.8: System role operations should not affect org/project role caches
[22m[39mGoTrueClient@sb-bgxknceshxxifwytalex-auth-token:0 (2.93.3) 2026-02-02T15:20:16.099Z #_acquireLock end

[90mstdout[2m | tests/property/scoped-roles-processing-efficiency.test.ts[2m > [22m[2mProperty 10: Scoped Roles Processing Efficiency[2m > [22m[2mProperty 10.8: System role operations should not affect org/project role caches
[22m[39mGoTrueClient@sb-bgxknceshxxifwytalex-auth-token:0 (2.93.3) 2026-02-02T15:20:16.134Z #_acquireLock begin [33m10000[39m
GoTrueClient@sb-bgxknceshxxifwytalex-auth-token:0 (2.93.3) 2026-02-02T15:20:16.134Z #_acquireLock lock acquired for storage key sb-bgxknceshxxifwytalex-auth-token
GoTrueClient@sb-bgxknceshxxifwytalex-auth-token:0 (2.93.3) 2026-02-02T15:20:16.134Z #_useSession begin
GoTrueClient@sb-bgxknceshxxifwytalex-auth-token:0 (2.93.3) 2026-02-02T15:20:16.134Z #__loadSession() begin

[90mstdout[2m | tests/property/scoped-roles-processing-efficiency.test.ts[2m > [22m[2mProperty 10: Scoped Roles Processing Efficiency[2m > [22m[2mProperty 10.8: System role operations should not affect org/project role caches
[22m[39mGoTrueClient@sb-bgxknceshxxifwytalex-auth-token:0 (2.93.3) 2026-02-02T15:20:16.134Z #getSession() session from storage [1mnull[22m
GoTrueClient@sb-bgxknceshxxifwytalex-auth-token:0 (2.93.3) 2026-02-02T15:20:16.134Z #__loadSession() end

[90mstdout[2m | tests/property/scoped-roles-processing-efficiency.test.ts[2m > [22m[2mProperty 10: Scoped Roles Processing Efficiency[2m > [22m[2mProperty 10.8: System role operations should not affect org/project role caches
[22m[39mGoTrueClient@sb-bgxknceshxxifwytalex-auth-token:0 (2.93.3) 2026-02-02T15:20:16.135Z #_useSession end

[90mstdout[2m | tests/property/scoped-roles-processing-efficiency.test.ts[2m > [22m[2mProperty 10: Scoped Roles Processing Efficiency[2m > [22m[2mProperty 10.8: System role operations should not affect org/project role caches
[22m[39mGoTrueClient@sb-bgxknceshxxifwytalex-auth-token:0 (2.93.3) 2026-02-02T15:20:16.135Z #_acquireLock lock released for storage key sb-bgxknceshxxifwytalex-auth-token

[90mstdout[2m | tests/property/scoped-roles-processing-efficiency.test.ts[2m > [22m[2mProperty 10: Scoped Roles Processing Efficiency[2m > [22m[2mProperty 10.8: System role operations should not affect org/project role caches
[22m[39mGoTrueClient@sb-bgxknceshxxifwytalex-auth-token:0 (2.93.3) 2026-02-02T15:20:16.135Z #_acquireLock end

stderr | tests/property/scoped-roles-processing-efficiency.test.ts > Property 10: Scoped Roles Processing Efficiency > Property 10.8: System role operations should not affect org/project role caches
Error fetching org roles: {
  code: 'PGRST200',
  details: "Searched for a foreign key relationship between 'org_roles' and 'user_profiles' in the schema 'public', but no matches were found.",
  hint: null,
  message: "Could not find a relationship between 'org_roles' and 'user_profiles' in the schema cache"
}

[90mstdout[2m | tests/property/scoped-roles-processing-efficiency.test.ts[2m > [22m[2mProperty 10: Scoped Roles Processing Efficiency[2m > [22m[2mProperty 10.8: System role operations should not affect org/project role caches
[22m[39mGoTrueClient@sb-bgxknceshxxifwytalex-auth-token:0 (2.93.3) 2026-02-02T15:20:16.169Z #_acquireLock begin [33m10000[39m
GoTrueClient@sb-bgxknceshxxifwytalex-auth-token:0 (2.93.3) 2026-02-02T15:20:16.169Z #_acquireLock lock acquired for storage key sb-bgxknceshxxifwytalex-auth-token
GoTrueClient@sb-bgxknceshxxifwytalex-auth-token:0 (2.93.3) 2026-02-02T15:20:16.169Z #_useSession begin
GoTrueClient@sb-bgxknceshxxifwytalex-auth-token:0 (2.93.3) 2026-02-02T15:20:16.169Z #__loadSession() begin

[90mstdout[2m | tests/property/scoped-roles-processing-efficiency.test.ts[2m > [22m[2mProperty 10: Scoped Roles Processing Efficiency[2m > [22m[2mProperty 10.8: System role operations should not affect org/project role caches
[22m[39mGoTrueClient@sb-bgxknceshxxifwytalex-auth-token:0 (2.93.3) 2026-02-02T15:20:16.169Z #getSession() session from storage [1mnull[22m
GoTrueClient@sb-bgxknceshxxifwytalex-auth-token:0 (2.93.3) 2026-02-02T15:20:16.169Z #__loadSession() end

[90mstdout[2m | tests/property/scoped-roles-processing-efficiency.test.ts[2m > [22m[2mProperty 10: Scoped Roles Processing Efficiency[2m > [22m[2mProperty 10.8: System role operations should not affect org/project role caches
[22m[39mGoTrueClient@sb-bgxknceshxxifwytalex-auth-token:0 (2.93.3) 2026-02-02T15:20:16.169Z #_useSession end

[90mstdout[2m | tests/property/scoped-roles-processing-efficiency.test.ts[2m > [22m[2mProperty 10: Scoped Roles Processing Efficiency[2m > [22m[2mProperty 10.8: System role operations should not affect org/project role caches
[22m[39mGoTrueClient@sb-bgxknceshxxifwytalex-auth-token:0 (2.93.3) 2026-02-02T15:20:16.169Z #_acquireLock lock released for storage key sb-bgxknceshxxifwytalex-auth-token

[90mstdout[2m | tests/property/scoped-roles-processing-efficiency.test.ts[2m > [22m[2mProperty 10: Scoped Roles Processing Efficiency[2m > [22m[2mProperty 10.8: System role operations should not affect org/project role caches
[22m[39mGoTrueClient@sb-bgxknceshxxifwytalex-auth-token:0 (2.93.3) 2026-02-02T15:20:16.169Z #_acquireLock end

[90mstdout[2m | tests/property/scoped-roles-processing-efficiency.test.ts[2m > [22m[2mProperty 10: Scoped Roles Processing Efficiency[2m > [22m[2mProperty 10.8: System role operations should not affect org/project role caches
[22m[39mGoTrueClient@sb-bgxknceshxxifwytalex-auth-token:0 (2.93.3) 2026-02-02T15:20:16.240Z #_acquireLock begin [33m10000[39m
GoTrueClient@sb-bgxknceshxxifwytalex-auth-token:0 (2.93.3) 2026-02-02T15:20:16.241Z #_acquireLock lock acquired for storage key sb-bgxknceshxxifwytalex-auth-token
GoTrueClient@sb-bgxknceshxxifwytalex-auth-token:0 (2.93.3) 2026-02-02T15:20:16.241Z #_useSession begin
GoTrueClient@sb-bgxknceshxxifwytalex-auth-token:0 (2.93.3) 2026-02-02T15:20:16.241Z #__loadSession() begin

[90mstdout[2m | tests/property/scoped-roles-processing-efficiency.test.ts[2m > [22m[2mProperty 10: Scoped Roles Processing Efficiency[2m > [22m[2mProperty 10.8: System role operations should not affect org/project role caches
[22m[39mGoTrueClient@sb-bgxknceshxxifwytalex-auth-token:0 (2.93.3) 2026-02-02T15:20:16.241Z #getSession() session from storage [1mnull[22m
GoTrueClient@sb-bgxknceshxxifwytalex-auth-token:0 (2.93.3) 2026-02-02T15:20:16.241Z #__loadSession() end

[90mstdout[2m | tests/property/scoped-roles-processing-efficiency.test.ts[2m > [22m[2mProperty 10: Scoped Roles Processing Efficiency[2m > [22m[2mProperty 10.8: System role operations should not affect org/project role caches
[22m[39mGoTrueClient@sb-bgxknceshxxifwytalex-auth-token:0 (2.93.3) 2026-02-02T15:20:16.241Z #_useSession end

[90mstdout[2m | tests/property/scoped-roles-processing-efficiency.test.ts[2m > [22m[2mProperty 10: Scoped Roles Processing Efficiency[2m > [22m[2mProperty 10.8: System role operations should not affect org/project role caches
[22m[39mGoTrueClient@sb-bgxknceshxxifwytalex-auth-token:0 (2.93.3) 2026-02-02T15:20:16.241Z #_acquireLock lock released for storage key sb-bgxknceshxxifwytalex-auth-token

[90mstdout[2m | tests/property/scoped-roles-processing-efficiency.test.ts[2m > [22m[2mProperty 10: Scoped Roles Processing Efficiency[2m > [22m[2mProperty 10.8: System role operations should not affect org/project role caches
[22m[39mGoTrueClient@sb-bgxknceshxxifwytalex-auth-token:0 (2.93.3) 2026-02-02T15:20:16.241Z #_acquireLock end

stderr | tests/property/scoped-roles-processing-efficiency.test.ts > Property 10: Scoped Roles Processing Efficiency > Property 10.8: System role operations should not affect org/project role caches
Error fetching project roles: {
  code: 'PGRST200',
  details: "Searched for a foreign key relationship between 'project_roles' and 'user_profiles' in the schema 'public', but no matches were found.",
  hint: null,
  message: "Could not find a relationship between 'project_roles' and 'user_profiles' in the schema cache"
}

[90mstdout[2m | tests/property/scoped-roles-processing-efficiency.test.ts[2m > [22m[2mProperty 10: Scoped Roles Processing Efficiency[2m > [22m[2mProperty 10.8: System role operations should not affect org/project role caches
[22m[39mGoTrueClient@sb-bgxknceshxxifwytalex-auth-token:0 (2.93.3) 2026-02-02T15:20:16.257Z #_acquireLock begin [33m10000[39m
GoTrueClient@sb-bgxknceshxxifwytalex-auth-token:0 (2.93.3) 2026-02-02T15:20:16.257Z #_acquireLock lock acquired for storage key sb-bgxknceshxxifwytalex-auth-token
GoTrueClient@sb-bgxknceshxxifwytalex-auth-token:0 (2.93.3) 2026-02-02T15:20:16.257Z #_useSession begin
GoTrueClient@sb-bgxknceshxxifwytalex-auth-token:0 (2.93.3) 2026-02-02T15:20:16.257Z #__loadSession() begin

[90mstdout[2m | tests/property/scoped-roles-processing-efficiency.test.ts[2m > [22m[2mProperty 10: Scoped Roles Processing Efficiency[2m > [22m[2mProperty 10.8: System role operations should not affect org/project role caches
[22m[39mGoTrueClient@sb-bgxknceshxxifwytalex-auth-token:0 (2.93.3) 2026-02-02T15:20:16.257Z #getSession() session from storage [1mnull[22m
GoTrueClient@sb-bgxknceshxxifwytalex-auth-token:0 (2.93.3) 2026-02-02T15:20:16.257Z #__loadSession() end

[90mstdout[2m | tests/property/scoped-roles-processing-efficiency.test.ts[2m > [22m[2mProperty 10: Scoped Roles Processing Efficiency[2m > [22m[2mProperty 10.8: System role operations should not affect org/project role caches
[22m[39mGoTrueClient@sb-bgxknceshxxifwytalex-auth-token:0 (2.93.3) 2026-02-02T15:20:16.258Z #_useSession end

[90mstdout[2m | tests/property/scoped-roles-processing-efficiency.test.ts[2m > [22m[2mProperty 10: Scoped Roles Processing Efficiency[2m > [22m[2mProperty 10.8: System role operations should not affect org/project role caches
[22m[39mGoTrueClient@sb-bgxknceshxxifwytalex-auth-token:0 (2.93.3) 2026-02-02T15:20:16.258Z #_acquireLock lock released for storage key sb-bgxknceshxxifwytalex-auth-token

[90mstdout[2m | tests/property/scoped-roles-processing-efficiency.test.ts[2m > [22m[2mProperty 10: Scoped Roles Processing Efficiency[2m > [22m[2mProperty 10.8: System role operations should not affect org/project role caches
[22m[39mGoTrueClient@sb-bgxknceshxxifwytalex-auth-token:0 (2.93.3) 2026-02-02T15:20:16.258Z #_acquireLock end

stderr | tests/property/scoped-roles-processing-efficiency.test.ts > Property 10: Scoped Roles Processing Efficiency > Property 10.8: System role operations should not affect org/project role caches
Error fetching org roles: {
  code: 'PGRST200',
  details: "Searched for a foreign key relationship between 'org_roles' and 'user_profiles' in the schema 'public', but no matches were found.",
  hint: null,
  message: "Could not find a relationship between 'org_roles' and 'user_profiles' in the schema cache"
}

[90mstdout[2m | tests/property/scoped-roles-processing-efficiency.test.ts[2m > [22m[2mProperty 10: Scoped Roles Processing Efficiency[2m > [22m[2mProperty 10.8: System role operations should not affect org/project role caches
[22m[39mGoTrueClient@sb-bgxknceshxxifwytalex-auth-token:0 (2.93.3) 2026-02-02T15:20:16.298Z #_acquireLock begin [33m10000[39m
GoTrueClient@sb-bgxknceshxxifwytalex-auth-token:0 (2.93.3) 2026-02-02T15:20:16.298Z #_acquireLock lock acquired for storage key sb-bgxknceshxxifwytalex-auth-token
GoTrueClient@sb-bgxknceshxxifwytalex-auth-token:0 (2.93.3) 2026-02-02T15:20:16.298Z #_useSession begin
GoTrueClient@sb-bgxknceshxxifwytalex-auth-token:0 (2.93.3) 2026-02-02T15:20:16.298Z #__loadSession() begin

[90mstdout[2m | tests/property/scoped-roles-processing-efficiency.test.ts[2m > [22m[2mProperty 10: Scoped Roles Processing Efficiency[2m > [22m[2mProperty 10.8: System role operations should not affect org/project role caches
[22m[39mGoTrueClient@sb-bgxknceshxxifwytalex-auth-token:0 (2.93.3) 2026-02-02T15:20:16.298Z #getSession() session from storage [1mnull[22m
GoTrueClient@sb-bgxknceshxxifwytalex-auth-token:0 (2.93.3) 2026-02-02T15:20:16.298Z #__loadSession() end

[90mstdout[2m | tests/property/scoped-roles-processing-efficiency.test.ts[2m > [22m[2mProperty 10: Scoped Roles Processing Efficiency[2m > [22m[2mProperty 10.8: System role operations should not affect org/project role caches
[22m[39mGoTrueClient@sb-bgxknceshxxifwytalex-auth-token:0 (2.93.3) 2026-02-02T15:20:16.298Z #_useSession end

[90mstdout[2m | tests/property/scoped-roles-processing-efficiency.test.ts[2m > [22m[2mProperty 10: Scoped Roles Processing Efficiency[2m > [22m[2mProperty 10.8: System role operations should not affect org/project role caches
[22m[39mGoTrueClient@sb-bgxknceshxxifwytalex-auth-token:0 (2.93.3) 2026-02-02T15:20:16.298Z #_acquireLock lock released for storage key sb-bgxknceshxxifwytalex-auth-token

[90mstdout[2m | tests/property/scoped-roles-processing-efficiency.test.ts[2m > [22m[2mProperty 10: Scoped Roles Processing Efficiency[2m > [22m[2mProperty 10.8: System role operations should not affect org/project role caches
[22m[39mGoTrueClient@sb-bgxknceshxxifwytalex-auth-token:0 (2.93.3) 2026-02-02T15:20:16.298Z #_acquireLock end

stderr | tests/property/scoped-roles-processing-efficiency.test.ts > Property 10: Scoped Roles Processing Efficiency > Property 10.8: System role operations should not affect org/project role caches
Error fetching project roles: {
  code: 'PGRST200',
  details: "Searched for a foreign key relationship between 'project_roles' and 'user_profiles' in the schema 'public', but no matches were found.",
  hint: null,
  message: "Could not find a relationship between 'project_roles' and 'user_profiles' in the schema cache"
}

[90mstdout[2m | tests/property/scoped-roles-processing-efficiency.test.ts[2m > [22m[2mProperty 10: Scoped Roles Processing Efficiency[2m > [22m[2mProperty 10.8: System role operations should not affect org/project role caches
[22m[39mGoTrueClient@sb-bgxknceshxxifwytalex-auth-token:0 (2.93.3) 2026-02-02T15:20:16.317Z #_acquireLock begin [33m10000[39m
GoTrueClient@sb-bgxknceshxxifwytalex-auth-token:0 (2.93.3) 2026-02-02T15:20:16.317Z #_acquireLock lock acquired for storage key sb-bgxknceshxxifwytalex-auth-token
GoTrueClient@sb-bgxknceshxxifwytalex-auth-token:0 (2.93.3) 2026-02-02T15:20:16.317Z #_useSession begin
GoTrueClient@sb-bgxknceshxxifwytalex-auth-token:0 (2.93.3) 2026-02-02T15:20:16.317Z #__loadSession() begin

[90mstdout[2m | tests/property/scoped-roles-processing-efficiency.test.ts[2m > [22m[2mProperty 10: Scoped Roles Processing Efficiency[2m > [22m[2mProperty 10.8: System role operations should not affect org/project role caches
[22m[39mGoTrueClient@sb-bgxknceshxxifwytalex-auth-token:0 (2.93.3) 2026-02-02T15:20:16.318Z #getSession() session from storage [1mnull[22m
GoTrueClient@sb-bgxknceshxxifwytalex-auth-token:0 (2.93.3) 2026-02-02T15:20:16.318Z #__loadSession() end

[90mstdout[2m | tests/property/scoped-roles-processing-efficiency.test.ts[2m > [22m[2mProperty 10: Scoped Roles Processing Efficiency[2m > [22m[2mProperty 10.8: System role operations should not affect org/project role caches
[22m[39mGoTrueClient@sb-bgxknceshxxifwytalex-auth-token:0 (2.93.3) 2026-02-02T15:20:16.318Z #_useSession end

[90mstdout[2m | tests/property/scoped-roles-processing-efficiency.test.ts[2m > [22m[2mProperty 10: Scoped Roles Processing Efficiency[2m > [22m[2mProperty 10.8: System role operations should not affect org/project role caches
[22m[39mGoTrueClient@sb-bgxknceshxxifwytalex-auth-token:0 (2.93.3) 2026-02-02T15:20:16.318Z #_acquireLock lock released for storage key sb-bgxknceshxxifwytalex-auth-token

[90mstdout[2m | tests/property/scoped-roles-processing-efficiency.test.ts[2m > [22m[2mProperty 10: Scoped Roles Processing Efficiency[2m > [22m[2mProperty 10.8: System role operations should not affect org/project role caches
[22m[39mGoTrueClient@sb-bgxknceshxxifwytalex-auth-token:0 (2.93.3) 2026-02-02T15:20:16.318Z #_acquireLock end

stderr | tests/property/scoped-roles-processing-efficiency.test.ts > Property 10: Scoped Roles Processing Efficiency > Property 10.8: System role operations should not affect org/project role caches
Error fetching org roles: {
  code: 'PGRST200',
  details: "Searched for a foreign key relationship between 'org_roles' and 'user_profiles' in the schema 'public', but no matches were found.",
  hint: null,
  message: "Could not find a relationship between 'org_roles' and 'user_profiles' in the schema cache"
}

[90mstdout[2m | tests/property/scoped-roles-processing-efficiency.test.ts[2m > [22m[2mProperty 10: Scoped Roles Processing Efficiency[2m > [22m[2mProperty 10.8: System role operations should not affect org/project role caches
[22m[39mGoTrueClient@sb-bgxknceshxxifwytalex-auth-token:0 (2.93.3) 2026-02-02T15:20:16.333Z #_acquireLock begin [33m10000[39m
GoTrueClient@sb-bgxknceshxxifwytalex-auth-token:0 (2.93.3) 2026-02-02T15:20:16.333Z #_acquireLock lock acquired for storage key sb-bgxknceshxxifwytalex-auth-token
GoTrueClient@sb-bgxknceshxxifwytalex-auth-token:0 (2.93.3) 2026-02-02T15:20:16.333Z #_useSession begin
GoTrueClient@sb-bgxknceshxxifwytalex-auth-token:0 (2.93.3) 2026-02-02T15:20:16.333Z #__loadSession() begin

[90mstdout[2m | tests/property/scoped-roles-processing-efficiency.test.ts[2m > [22m[2mProperty 10: Scoped Roles Processing Efficiency[2m > [22m[2mProperty 10.8: System role operations should not affect org/project role caches
[22m[39mGoTrueClient@sb-bgxknceshxxifwytalex-auth-token:0 (2.93.3) 2026-02-02T15:20:16.333Z #getSession() session from storage [1mnull[22m
GoTrueClient@sb-bgxknceshxxifwytalex-auth-token:0 (2.93.3) 2026-02-02T15:20:16.333Z #__loadSession() end

[90mstdout[2m | tests/property/scoped-roles-processing-efficiency.test.ts[2m > [22m[2mProperty 10: Scoped Roles Processing Efficiency[2m > [22m[2mProperty 10.8: System role operations should not affect org/project role caches
[22m[39mGoTrueClient@sb-bgxknceshxxifwytalex-auth-token:0 (2.93.3) 2026-02-02T15:20:16.333Z #_useSession end

[90mstdout[2m | tests/property/scoped-roles-processing-efficiency.test.ts[2m > [22m[2mProperty 10: Scoped Roles Processing Efficiency[2m > [22m[2mProperty 10.8: System role operations should not affect org/project role caches
[22m[39mGoTrueClient@sb-bgxknceshxxifwytalex-auth-token:0 (2.93.3) 2026-02-02T15:20:16.333Z #_acquireLock lock released for storage key sb-bgxknceshxxifwytalex-auth-token

[90mstdout[2m | tests/property/scoped-roles-processing-efficiency.test.ts[2m > [22m[2mProperty 10: Scoped Roles Processing Efficiency[2m > [22m[2mProperty 10.8: System role operations should not affect org/project role caches
[22m[39mGoTrueClient@sb-bgxknceshxxifwytalex-auth-token:0 (2.93.3) 2026-02-02T15:20:16.333Z #_acquireLock end

stderr | tests/property/scoped-roles-processing-efficiency.test.ts > Property 10: Scoped Roles Processing Efficiency > Property 10.8: System role operations should not affect org/project role caches
Error fetching org roles: {
  code: 'PGRST200',
  details: "Searched for a foreign key relationship between 'org_roles' and 'user_profiles' in the schema 'public', but no matches were found.",
  hint: null,
  message: "Could not find a relationship between 'org_roles' and 'user_profiles' in the schema cache"
}

[90mstdout[2m | tests/property/scoped-roles-processing-efficiency.test.ts[2m > [22m[2mProperty 10: Scoped Roles Processing Efficiency[2m > [22m[2mProperty 10.8: System role operations should not affect org/project role caches
[22m[39mGoTrueClient@sb-bgxknceshxxifwytalex-auth-token:0 (2.93.3) 2026-02-02T15:20:16.368Z #_acquireLock begin [33m10000[39m
GoTrueClient@sb-bgxknceshxxifwytalex-auth-token:0 (2.93.3) 2026-02-02T15:20:16.368Z #_acquireLock lock acquired for storage key sb-bgxknceshxxifwytalex-auth-token
GoTrueClient@sb-bgxknceshxxifwytalex-auth-token:0 (2.93.3) 2026-02-02T15:20:16.368Z #_useSession begin
GoTrueClient@sb-bgxknceshxxifwytalex-auth-token:0 (2.93.3) 2026-02-02T15:20:16.368Z #__loadSession() begin

[90mstdout[2m | tests/property/scoped-roles-processing-efficiency.test.ts[2m > [22m[2mProperty 10: Scoped Roles Processing Efficiency[2m > [22m[2mProperty 10.8: System role operations should not affect org/project role caches
[22m[39mGoTrueClient@sb-bgxknceshxxifwytalex-auth-token:0 (2.93.3) 2026-02-02T15:20:16.368Z #getSession() session from storage [1mnull[22m
GoTrueClient@sb-bgxknceshxxifwytalex-auth-token:0 (2.93.3) 2026-02-02T15:20:16.368Z #__loadSession() end

[90mstdout[2m | tests/property/scoped-roles-processing-efficiency.test.ts[2m > [22m[2mProperty 10: Scoped Roles Processing Efficiency[2m > [22m[2mProperty 10.8: System role operations should not affect org/project role caches
[22m[39mGoTrueClient@sb-bgxknceshxxifwytalex-auth-token:0 (2.93.3) 2026-02-02T15:20:16.368Z #_useSession end

[90mstdout[2m | tests/property/scoped-roles-processing-efficiency.test.ts[2m > [22m[2mProperty 10: Scoped Roles Processing Efficiency[2m > [22m[2mProperty 10.8: System role operations should not affect org/project role caches
[22m[39mGoTrueClient@sb-bgxknceshxxifwytalex-auth-token:0 (2.93.3) 2026-02-02T15:20:16.368Z #_acquireLock lock released for storage key sb-bgxknceshxxifwytalex-auth-token

[90mstdout[2m | tests/property/scoped-roles-processing-efficiency.test.ts[2m > [22m[2mProperty 10: Scoped Roles Processing Efficiency[2m > [22m[2mProperty 10.8: System role operations should not affect org/project role caches
[22m[39mGoTrueClient@sb-bgxknceshxxifwytalex-auth-token:0 (2.93.3) 2026-02-02T15:20:16.369Z #_acquireLock end

stderr | tests/property/scoped-roles-processing-efficiency.test.ts > Property 10: Scoped Roles Processing Efficiency > Property 10.8: System role operations should not affect org/project role caches
Error fetching org roles: {
  code: 'PGRST200',
  details: "Searched for a foreign key relationship between 'org_roles' and 'user_profiles' in the schema 'public', but no matches were found.",
  hint: null,
  message: "Could not find a relationship between 'org_roles' and 'user_profiles' in the schema cache"
}

[90mstdout[2m | tests/property/scoped-roles-processing-efficiency.test.ts[2m > [22m[2mProperty 10: Scoped Roles Processing Efficiency[2m > [22m[2mProperty 10.8: System role operations should not affect org/project role caches
[22m[39mGoTrueClient@sb-bgxknceshxxifwytalex-auth-token:0 (2.93.3) 2026-02-02T15:20:16.446Z #_acquireLock begin [33m10000[39m
GoTrueClient@sb-bgxknceshxxifwytalex-auth-token:0 (2.93.3) 2026-02-02T15:20:16.446Z #_acquireLock lock acquired for storage key sb-bgxknceshxxifwytalex-auth-token
GoTrueClient@sb-bgxknceshxxifwytalex-auth-token:0 (2.93.3) 2026-02-02T15:20:16.446Z #_useSession begin
GoTrueClient@sb-bgxknceshxxifwytalex-auth-token:0 (2.93.3) 2026-02-02T15:20:16.446Z #__loadSession() begin

[90mstdout[2m | tests/property/scoped-roles-processing-efficiency.test.ts[2m > [22m[2mProperty 10: Scoped Roles Processing Efficiency[2m > [22m[2mProperty 10.8: System role operations should not affect org/project role caches
[22m[39mGoTrueClient@sb-bgxknceshxxifwytalex-auth-token:0 (2.93.3) 2026-02-02T15:20:16.446Z #getSession() session from storage [1mnull[22m
GoTrueClient@sb-bgxknceshxxifwytalex-auth-token:0 (2.93.3) 2026-02-02T15:20:16.446Z #__loadSession() end

[90mstdout[2m | tests/property/scoped-roles-processing-efficiency.test.ts[2m > [22m[2mProperty 10: Scoped Roles Processing Efficiency[2m > [22m[2mProperty 10.8: System role operations should not affect org/project role caches
[22m[39mGoTrueClient@sb-bgxknceshxxifwytalex-auth-token:0 (2.93.3) 2026-02-02T15:20:16.446Z #_useSession end

[90mstdout[2m | tests/property/scoped-roles-processing-efficiency.test.ts[2m > [22m[2mProperty 10: Scoped Roles Processing Efficiency[2m > [22m[2mProperty 10.8: System role operations should not affect org/project role caches
[22m[39mGoTrueClient@sb-bgxknceshxxifwytalex-auth-token:0 (2.93.3) 2026-02-02T15:20:16.446Z #_acquireLock lock released for storage key sb-bgxknceshxxifwytalex-auth-token

[90mstdout[2m | tests/property/scoped-roles-processing-efficiency.test.ts[2m > [22m[2mProperty 10: Scoped Roles Processing Efficiency[2m > [22m[2mProperty 10.8: System role operations should not affect org/project role caches
[22m[39mGoTrueClient@sb-bgxknceshxxifwytalex-auth-token:0 (2.93.3) 2026-02-02T15:20:16.446Z #_acquireLock end

[90mstdout[2m | tests/property/scoped-roles-processing-efficiency.test.ts[2m > [22m[2mProperty 10: Scoped Roles Processing Efficiency[2m > [22m[2mProperty 10.8: System role operations should not affect org/project role caches
[22m[39mGoTrueClient@sb-bgxknceshxxifwytalex-auth-token:0 (2.93.3) 2026-02-02T15:20:16.477Z #_acquireLock begin [33m10000[39m
GoTrueClient@sb-bgxknceshxxifwytalex-auth-token:0 (2.93.3) 2026-02-02T15:20:16.477Z #_acquireLock lock acquired for storage key sb-bgxknceshxxifwytalex-auth-token
GoTrueClient@sb-bgxknceshxxifwytalex-auth-token:0 (2.93.3) 2026-02-02T15:20:16.477Z #_useSession begin
GoTrueClient@sb-bgxknceshxxifwytalex-auth-token:0 (2.93.3) 2026-02-02T15:20:16.477Z #__loadSession() begin

[90mstdout[2m | tests/property/scoped-roles-processing-efficiency.test.ts[2m > [22m[2mProperty 10: Scoped Roles Processing Efficiency[2m > [22m[2mProperty 10.8: System role operations should not affect org/project role caches
[22m[39mGoTrueClient@sb-bgxknceshxxifwytalex-auth-token:0 (2.93.3) 2026-02-02T15:20:16.477Z #getSession() session from storage [1mnull[22m
GoTrueClient@sb-bgxknceshxxifwytalex-auth-token:0 (2.93.3) 2026-02-02T15:20:16.478Z #__loadSession() end

[90mstdout[2m | tests/property/scoped-roles-processing-efficiency.test.ts[2m > [22m[2mProperty 10: Scoped Roles Processing Efficiency[2m > [22m[2mProperty 10.8: System role operations should not affect org/project role caches
[22m[39mGoTrueClient@sb-bgxknceshxxifwytalex-auth-token:0 (2.93.3) 2026-02-02T15:20:16.478Z #_useSession end

[90mstdout[2m | tests/property/scoped-roles-processing-efficiency.test.ts[2m > [22m[2mProperty 10: Scoped Roles Processing Efficiency[2m > [22m[2mProperty 10.8: System role operations should not affect org/project role caches
[22m[39mGoTrueClient@sb-bgxknceshxxifwytalex-auth-token:0 (2.93.3) 2026-02-02T15:20:16.478Z #_acquireLock lock released for storage key sb-bgxknceshxxifwytalex-auth-token

[90mstdout[2m | tests/property/scoped-roles-processing-efficiency.test.ts[2m > [22m[2mProperty 10: Scoped Roles Processing Efficiency[2m > [22m[2mProperty 10.8: System role operations should not affect org/project role caches
[22m[39mGoTrueClient@sb-bgxknceshxxifwytalex-auth-token:0 (2.93.3) 2026-02-02T15:20:16.478Z #_acquireLock end

[90mstdout[2m | tests/property/scoped-roles-processing-efficiency.test.ts[2m > [22m[2mProperty 10: Scoped Roles Processing Efficiency[2m > [22m[2mProperty 10.8: System role operations should not affect org/project role caches
[22m[39mGoTrueClient@sb-bgxknceshxxifwytalex-auth-token:0 (2.93.3) 2026-02-02T15:20:16.516Z #_acquireLock begin [33m10000[39m
GoTrueClient@sb-bgxknceshxxifwytalex-auth-token:0 (2.93.3) 2026-02-02T15:20:16.516Z #_acquireLock lock acquired for storage key sb-bgxknceshxxifwytalex-auth-token
GoTrueClient@sb-bgxknceshxxifwytalex-auth-token:0 (2.93.3) 2026-02-02T15:20:16.516Z #_useSession begin
GoTrueClient@sb-bgxknceshxxifwytalex-auth-token:0 (2.93.3) 2026-02-02T15:20:16.516Z #__loadSession() begin

[90mstdout[2m | tests/property/scoped-roles-processing-efficiency.test.ts[2m > [22m[2mProperty 10: Scoped Roles Processing Efficiency[2m > [22m[2mProperty 10.8: System role operations should not affect org/project role caches
[22m[39mGoTrueClient@sb-bgxknceshxxifwytalex-auth-token:0 (2.93.3) 2026-02-02T15:20:16.516Z #getSession() session from storage [1mnull[22m
GoTrueClient@sb-bgxknceshxxifwytalex-auth-token:0 (2.93.3) 2026-02-02T15:20:16.516Z #__loadSession() end

[90mstdout[2m | tests/property/scoped-roles-processing-efficiency.test.ts[2m > [22m[2mProperty 10: Scoped Roles Processing Efficiency[2m > [22m[2mProperty 10.8: System role operations should not affect org/project role caches
[22m[39mGoTrueClient@sb-bgxknceshxxifwytalex-auth-token:0 (2.93.3) 2026-02-02T15:20:16.516Z #_useSession end

[90mstdout[2m | tests/property/scoped-roles-processing-efficiency.test.ts[2m > [22m[2mProperty 10: Scoped Roles Processing Efficiency[2m > [22m[2mProperty 10.8: System role operations should not affect org/project role caches
[22m[39mGoTrueClient@sb-bgxknceshxxifwytalex-auth-token:0 (2.93.3) 2026-02-02T15:20:16.516Z #_acquireLock lock released for storage key sb-bgxknceshxxifwytalex-auth-token

[90mstdout[2m | tests/property/scoped-roles-processing-efficiency.test.ts[2m > [22m[2mProperty 10: Scoped Roles Processing Efficiency[2m > [22m[2mProperty 10.8: System role operations should not affect org/project role caches
[22m[39mGoTrueClient@sb-bgxknceshxxifwytalex-auth-token:0 (2.93.3) 2026-02-02T15:20:16.516Z #_acquireLock end

stderr | tests/property/scoped-roles-processing-efficiency.test.ts > Property 10: Scoped Roles Processing Efficiency > Property 10.8: System role operations should not affect org/project role caches
Error fetching project roles: {
  code: 'PGRST200',
  details: "Searched for a foreign key relationship between 'project_roles' and 'user_profiles' in the schema 'public', but no matches were found.",
  hint: null,
  message: "Could not find a relationship between 'project_roles' and 'user_profiles' in the schema cache"
}

[90mstdout[2m | tests/property/scoped-roles-processing-efficiency.test.ts[2m > [22m[2mProperty 10: Scoped Roles Processing Efficiency[2m > [22m[2mProperty 10.8: System role operations should not affect org/project role caches
[22m[39mGoTrueClient@sb-bgxknceshxxifwytalex-auth-token:0 (2.93.3) 2026-02-02T15:20:16.525Z #_acquireLock begin [33m10000[39m
GoTrueClient@sb-bgxknceshxxifwytalex-auth-token:0 (2.93.3) 2026-02-02T15:20:16.525Z #_acquireLock lock acquired for storage key sb-bgxknceshxxifwytalex-auth-token
GoTrueClient@sb-bgxknceshxxifwytalex-auth-token:0 (2.93.3) 2026-02-02T15:20:16.525Z #_useSession begin
GoTrueClient@sb-bgxknceshxxifwytalex-auth-token:0 (2.93.3) 2026-02-02T15:20:16.525Z #__loadSession() begin

[90mstdout[2m | tests/property/scoped-roles-processing-efficiency.test.ts[2m > [22m[2mProperty 10: Scoped Roles Processing Efficiency[2m > [22m[2mProperty 10.8: System role operations should not affect org/project role caches
[22m[39mGoTrueClient@sb-bgxknceshxxifwytalex-auth-token:0 (2.93.3) 2026-02-02T15:20:16.525Z #getSession() session from storage [1mnull[22m
GoTrueClient@sb-bgxknceshxxifwytalex-auth-token:0 (2.93.3) 2026-02-02T15:20:16.526Z #__loadSession() end

[90mstdout[2m | tests/property/scoped-roles-processing-efficiency.test.ts[2m > [22m[2mProperty 10: Scoped Roles Processing Efficiency[2m > [22m[2mProperty 10.8: System role operations should not affect org/project role caches
[22m[39mGoTrueClient@sb-bgxknceshxxifwytalex-auth-token:0 (2.93.3) 2026-02-02T15:20:16.526Z #_useSession end

[90mstdout[2m | tests/property/scoped-roles-processing-efficiency.test.ts[2m > [22m[2mProperty 10: Scoped Roles Processing Efficiency[2m > [22m[2mProperty 10.8: System role operations should not affect org/project role caches
[22m[39mGoTrueClient@sb-bgxknceshxxifwytalex-auth-token:0 (2.93.3) 2026-02-02T15:20:16.526Z #_acquireLock lock released for storage key sb-bgxknceshxxifwytalex-auth-token

[90mstdout[2m | tests/property/scoped-roles-processing-efficiency.test.ts[2m > [22m[2mProperty 10: Scoped Roles Processing Efficiency[2m > [22m[2mProperty 10.8: System role operations should not affect org/project role caches
[22m[39mGoTrueClient@sb-bgxknceshxxifwytalex-auth-token:0 (2.93.3) 2026-02-02T15:20:16.526Z #_acquireLock end

stderr | tests/property/scoped-roles-processing-efficiency.test.ts > Property 10: Scoped Roles Processing Efficiency > Property 10.8: System role operations should not affect org/project role caches
Error fetching project roles: {
  code: 'PGRST200',
  details: "Searched for a foreign key relationship between 'project_roles' and 'user_profiles' in the schema 'public', but no matches were found.",
  hint: null,
  message: "Could not find a relationship between 'project_roles' and 'user_profiles' in the schema cache"
}

[90mstdout[2m | tests/property/scoped-roles-processing-efficiency.test.ts[2m > [22m[2mProperty 10: Scoped Roles Processing Efficiency[2m > [22m[2mProperty 10.8: System role operations should not affect org/project role caches
[22m[39mGoTrueClient@sb-bgxknceshxxifwytalex-auth-token:0 (2.93.3) 2026-02-02T15:20:16.558Z #_acquireLock begin [33m10000[39m
GoTrueClient@sb-bgxknceshxxifwytalex-auth-token:0 (2.93.3) 2026-02-02T15:20:16.558Z #_acquireLock lock acquired for storage key sb-bgxknceshxxifwytalex-auth-token
GoTrueClient@sb-bgxknceshxxifwytalex-auth-token:0 (2.93.3) 2026-02-02T15:20:16.558Z #_useSession begin
GoTrueClient@sb-bgxknceshxxifwytalex-auth-token:0 (2.93.3) 2026-02-02T15:20:16.558Z #__loadSession() begin

[90mstdout[2m | tests/property/scoped-roles-processing-efficiency.test.ts[2m > [22m[2mProperty 10: Scoped Roles Processing Efficiency[2m > [22m[2mProperty 10.8: System role operations should not affect org/project role caches
[22m[39mGoTrueClient@sb-bgxknceshxxifwytalex-auth-token:0 (2.93.3) 2026-02-02T15:20:16.558Z #getSession() session from storage [1mnull[22m
GoTrueClient@sb-bgxknceshxxifwytalex-auth-token:0 (2.93.3) 2026-02-02T15:20:16.558Z #__loadSession() end

[90mstdout[2m | tests/property/scoped-roles-processing-efficiency.test.ts[2m > [22m[2mProperty 10: Scoped Roles Processing Efficiency[2m > [22m[2mProperty 10.8: System role operations should not affect org/project role caches
[22m[39mGoTrueClient@sb-bgxknceshxxifwytalex-auth-token:0 (2.93.3) 2026-02-02T15:20:16.558Z #_useSession end

[90mstdout[2m | tests/property/scoped-roles-processing-efficiency.test.ts[2m > [22m[2mProperty 10: Scoped Roles Processing Efficiency[2m > [22m[2mProperty 10.8: System role operations should not affect org/project role caches
[22m[39mGoTrueClient@sb-bgxknceshxxifwytalex-auth-token:0 (2.93.3) 2026-02-02T15:20:16.558Z #_acquireLock lock released for storage key sb-bgxknceshxxifwytalex-auth-token

[90mstdout[2m | tests/property/scoped-roles-processing-efficiency.test.ts[2m > [22m[2mProperty 10: Scoped Roles Processing Efficiency[2m > [22m[2mProperty 10.8: System role operations should not affect org/project role caches
[22m[39mGoTrueClient@sb-bgxknceshxxifwytalex-auth-token:0 (2.93.3) 2026-02-02T15:20:16.558Z #_acquireLock end

stderr | tests/property/scoped-roles-processing-efficiency.test.ts > Property 10: Scoped Roles Processing Efficiency > Property 10.8: System role operations should not affect org/project role caches
Error fetching org roles: {
  code: 'PGRST200',
  details: "Searched for a foreign key relationship between 'org_roles' and 'user_profiles' in the schema 'public', but no matches were found.",
  hint: null,
  message: "Could not find a relationship between 'org_roles' and 'user_profiles' in the schema cache"
}

[90mstdout[2m | tests/property/scoped-roles-processing-efficiency.test.ts[2m > [22m[2mProperty 10: Scoped Roles Processing Efficiency[2m > [22m[2mProperty 10.8: System role operations should not affect org/project role caches
[22m[39mGoTrueClient@sb-bgxknceshxxifwytalex-auth-token:0 (2.93.3) 2026-02-02T15:20:16.576Z #_acquireLock begin [33m10000[39m
GoTrueClient@sb-bgxknceshxxifwytalex-auth-token:0 (2.93.3) 2026-02-02T15:20:16.576Z #_acquireLock lock acquired for storage key sb-bgxknceshxxifwytalex-auth-token
GoTrueClient@sb-bgxknceshxxifwytalex-auth-token:0 (2.93.3) 2026-02-02T15:20:16.576Z #_useSession begin
GoTrueClient@sb-bgxknceshxxifwytalex-auth-token:0 (2.93.3) 2026-02-02T15:20:16.576Z #__loadSession() begin

[90mstdout[2m | tests/property/scoped-roles-processing-efficiency.test.ts[2m > [22m[2mProperty 10: Scoped Roles Processing Efficiency[2m > [22m[2mProperty 10.8: System role operations should not affect org/project role caches
[22m[39mGoTrueClient@sb-bgxknceshxxifwytalex-auth-token:0 (2.93.3) 2026-02-02T15:20:16.576Z #getSession() session from storage [1mnull[22m
GoTrueClient@sb-bgxknceshxxifwytalex-auth-token:0 (2.93.3) 2026-02-02T15:20:16.576Z #__loadSession() end

[90mstdout[2m | tests/property/scoped-roles-processing-efficiency.test.ts[2m > [22m[2mProperty 10: Scoped Roles Processing Efficiency[2m > [22m[2mProperty 10.8: System role operations should not affect org/project role caches
[22m[39mGoTrueClient@sb-bgxknceshxxifwytalex-auth-token:0 (2.93.3) 2026-02-02T15:20:16.576Z #_useSession end

[90mstdout[2m | tests/property/scoped-roles-processing-efficiency.test.ts[2m > [22m[2mProperty 10: Scoped Roles Processing Efficiency[2m > [22m[2mProperty 10.8: System role operations should not affect org/project role caches
[22m[39mGoTrueClient@sb-bgxknceshxxifwytalex-auth-token:0 (2.93.3) 2026-02-02T15:20:16.576Z #_acquireLock lock released for storage key sb-bgxknceshxxifwytalex-auth-token

[90mstdout[2m | tests/property/scoped-roles-processing-efficiency.test.ts[2m > [22m[2mProperty 10: Scoped Roles Processing Efficiency[2m > [22m[2mProperty 10.8: System role operations should not affect org/project role caches
[22m[39mGoTrueClient@sb-bgxknceshxxifwytalex-auth-token:0 (2.93.3) 2026-02-02T15:20:16.577Z #_acquireLock end

stderr | tests/property/scoped-roles-processing-efficiency.test.ts > Property 10: Scoped Roles Processing Efficiency > Property 10.8: System role operations should not affect org/project role caches
Error fetching project roles: {
  code: 'PGRST200',
  details: "Searched for a foreign key relationship between 'project_roles' and 'user_profiles' in the schema 'public', but no matches were found.",
  hint: null,
  message: "Could not find a relationship between 'project_roles' and 'user_profiles' in the schema cache"
}

[90mstdout[2m | tests/property/scoped-roles-processing-efficiency.test.ts[2m > [22m[2mProperty 10: Scoped Roles Processing Efficiency[2m > [22m[2mProperty 10.8: System role operations should not affect org/project role caches
[22m[39mGoTrueClient@sb-bgxknceshxxifwytalex-auth-token:0 (2.93.3) 2026-02-02T15:20:16.672Z #_acquireLock begin [33m10000[39m
GoTrueClient@sb-bgxknceshxxifwytalex-auth-token:0 (2.93.3) 2026-02-02T15:20:16.672Z #_acquireLock lock acquired for storage key sb-bgxknceshxxifwytalex-auth-token
GoTrueClient@sb-bgxknceshxxifwytalex-auth-token:0 (2.93.3) 2026-02-02T15:20:16.672Z #_useSession begin
GoTrueClient@sb-bgxknceshxxifwytalex-auth-token:0 (2.93.3) 2026-02-02T15:20:16.672Z #__loadSession() begin

[90mstdout[2m | tests/property/scoped-roles-processing-efficiency.test.ts[2m > [22m[2mProperty 10: Scoped Roles Processing Efficiency[2m > [22m[2mProperty 10.8: System role operations should not affect org/project role caches
[22m[39mGoTrueClient@sb-bgxknceshxxifwytalex-auth-token:0 (2.93.3) 2026-02-02T15:20:16.672Z #getSession() session from storage [1mnull[22m
GoTrueClient@sb-bgxknceshxxifwytalex-auth-token:0 (2.93.3) 2026-02-02T15:20:16.672Z #__loadSession() end

[90mstdout[2m | tests/property/scoped-roles-processing-efficiency.test.ts[2m > [22m[2mProperty 10: Scoped Roles Processing Efficiency[2m > [22m[2mProperty 10.8: System role operations should not affect org/project role caches
[22m[39mGoTrueClient@sb-bgxknceshxxifwytalex-auth-token:0 (2.93.3) 2026-02-02T15:20:16.673Z #_useSession end

[90mstdout[2m | tests/property/scoped-roles-processing-efficiency.test.ts[2m > [22m[2mProperty 10: Scoped Roles Processing Efficiency[2m > [22m[2mProperty 10.8: System role operations should not affect org/project role caches
[22m[39mGoTrueClient@sb-bgxknceshxxifwytalex-auth-token:0 (2.93.3) 2026-02-02T15:20:16.673Z #_acquireLock lock released for storage key sb-bgxknceshxxifwytalex-auth-token

[90mstdout[2m | tests/property/scoped-roles-processing-efficiency.test.ts[2m > [22m[2mProperty 10: Scoped Roles Processing Efficiency[2m > [22m[2mProperty 10.8: System role operations should not affect org/project role caches
[22m[39mGoTrueClient@sb-bgxknceshxxifwytalex-auth-token:0 (2.93.3) 2026-02-02T15:20:16.673Z #_acquireLock end

stderr | tests/property/scoped-roles-processing-efficiency.test.ts > Property 10: Scoped Roles Processing Efficiency > Property 10.8: System role operations should not affect org/project role caches
Error fetching org roles: {
  code: 'PGRST200',
  details: "Searched for a foreign key relationship between 'org_roles' and 'user_profiles' in the schema 'public', but no matches were found.",
  hint: null,
  message: "Could not find a relationship between 'org_roles' and 'user_profiles' in the schema cache"
}

[90mstdout[2m | tests/property/scoped-roles-processing-efficiency.test.ts[2m > [22m[2mProperty 10: Scoped Roles Processing Efficiency[2m > [22m[2mProperty 10.8: System role operations should not affect org/project role caches
[22m[39mGoTrueClient@sb-bgxknceshxxifwytalex-auth-token:0 (2.93.3) 2026-02-02T15:20:16.679Z #_acquireLock begin [33m10000[39m
GoTrueClient@sb-bgxknceshxxifwytalex-auth-token:0 (2.93.3) 2026-02-02T15:20:16.679Z #_acquireLock lock acquired for storage key sb-bgxknceshxxifwytalex-auth-token
GoTrueClient@sb-bgxknceshxxifwytalex-auth-token:0 (2.93.3) 2026-02-02T15:20:16.679Z #_useSession begin
GoTrueClient@sb-bgxknceshxxifwytalex-auth-token:0 (2.93.3) 2026-02-02T15:20:16.679Z #__loadSession() begin

[90mstdout[2m | tests/property/scoped-roles-processing-efficiency.test.ts[2m > [22m[2mProperty 10: Scoped Roles Processing Efficiency[2m > [22m[2mProperty 10.8: System role operations should not affect org/project role caches
[22m[39mGoTrueClient@sb-bgxknceshxxifwytalex-auth-token:0 (2.93.3) 2026-02-02T15:20:16.679Z #getSession() session from storage [1mnull[22m
GoTrueClient@sb-bgxknceshxxifwytalex-auth-token:0 (2.93.3) 2026-02-02T15:20:16.679Z #__loadSession() end

[90mstdout[2m | tests/property/scoped-roles-processing-efficiency.test.ts[2m > [22m[2mProperty 10: Scoped Roles Processing Efficiency[2m > [22m[2mProperty 10.8: System role operations should not affect org/project role caches
[22m[39mGoTrueClient@sb-bgxknceshxxifwytalex-auth-token:0 (2.93.3) 2026-02-02T15:20:16.679Z #_useSession end

[90mstdout[2m | tests/property/scoped-roles-processing-efficiency.test.ts[2m > [22m[2mProperty 10: Scoped Roles Processing Efficiency[2m > [22m[2mProperty 10.8: System role operations should not affect org/project role caches
[22m[39mGoTrueClient@sb-bgxknceshxxifwytalex-auth-token:0 (2.93.3) 2026-02-02T15:20:16.679Z #_acquireLock lock released for storage key sb-bgxknceshxxifwytalex-auth-token

[90mstdout[2m | tests/property/scoped-roles-processing-efficiency.test.ts[2m > [22m[2mProperty 10: Scoped Roles Processing Efficiency[2m > [22m[2mProperty 10.8: System role operations should not affect org/project role caches
[22m[39mGoTrueClient@sb-bgxknceshxxifwytalex-auth-token:0 (2.93.3) 2026-02-02T15:20:16.679Z #_acquireLock end

stderr | tests/property/scoped-roles-processing-efficiency.test.ts > Property 10: Scoped Roles Processing Efficiency > Property 10.8: System role operations should not affect org/project role caches
Error fetching project roles: {
  code: 'PGRST200',
  details: "Searched for a foreign key relationship between 'project_roles' and 'user_profiles' in the schema 'public', but no matches were found.",
  hint: null,
  message: "Could not find a relationship between 'project_roles' and 'user_profiles' in the schema cache"
}

[90mstdout[2m | tests/property/scoped-roles-processing-efficiency.test.ts[2m > [22m[2mProperty 10: Scoped Roles Processing Efficiency[2m > [22m[2mProperty 10.8: System role operations should not affect org/project role caches
[22m[39mGoTrueClient@sb-bgxknceshxxifwytalex-auth-token:0 (2.93.3) 2026-02-02T15:20:16.731Z #_acquireLock begin [33m10000[39m
GoTrueClient@sb-bgxknceshxxifwytalex-auth-token:0 (2.93.3) 2026-02-02T15:20:16.731Z #_acquireLock lock acquired for storage key sb-bgxknceshxxifwytalex-auth-token
GoTrueClient@sb-bgxknceshxxifwytalex-auth-token:0 (2.93.3) 2026-02-02T15:20:16.731Z #_useSession begin
GoTrueClient@sb-bgxknceshxxifwytalex-auth-token:0 (2.93.3) 2026-02-02T15:20:16.731Z #__loadSession() begin

[90mstdout[2m | tests/property/scoped-roles-processing-efficiency.test.ts[2m > [22m[2mProperty 10: Scoped Roles Processing Efficiency[2m > [22m[2mProperty 10.8: System role operations should not affect org/project role caches
[22m[39mGoTrueClient@sb-bgxknceshxxifwytalex-auth-token:0 (2.93.3) 2026-02-02T15:20:16.731Z #getSession() session from storage [1mnull[22m
GoTrueClient@sb-bgxknceshxxifwytalex-auth-token:0 (2.93.3) 2026-02-02T15:20:16.731Z #__loadSession() end

[90mstdout[2m | tests/property/scoped-roles-processing-efficiency.test.ts[2m > [22m[2mProperty 10: Scoped Roles Processing Efficiency[2m > [22m[2mProperty 10.8: System role operations should not affect org/project role caches
[22m[39mGoTrueClient@sb-bgxknceshxxifwytalex-auth-token:0 (2.93.3) 2026-02-02T15:20:16.731Z #_useSession end

[90mstdout[2m | tests/property/scoped-roles-processing-efficiency.test.ts[2m > [22m[2mProperty 10: Scoped Roles Processing Efficiency[2m > [22m[2mProperty 10.8: System role operations should not affect org/project role caches
[22m[39mGoTrueClient@sb-bgxknceshxxifwytalex-auth-token:0 (2.93.3) 2026-02-02T15:20:16.731Z #_acquireLock lock released for storage key sb-bgxknceshxxifwytalex-auth-token

[90mstdout[2m | tests/property/scoped-roles-processing-efficiency.test.ts[2m > [22m[2mProperty 10: Scoped Roles Processing Efficiency[2m > [22m[2mProperty 10.8: System role operations should not affect org/project role caches
[22m[39mGoTrueClient@sb-bgxknceshxxifwytalex-auth-token:0 (2.93.3) 2026-02-02T15:20:16.731Z #_acquireLock end

stderr | tests/property/scoped-roles-processing-efficiency.test.ts > Property 10: Scoped Roles Processing Efficiency > Property 10.8: System role operations should not affect org/project role caches
Error fetching org roles: {
  code: 'PGRST200',
  details: "Searched for a foreign key relationship between 'org_roles' and 'user_profiles' in the schema 'public', but no matches were found.",
  hint: null,
  message: "Could not find a relationship between 'org_roles' and 'user_profiles' in the schema cache"
}

[90mstdout[2m | tests/property/scoped-roles-processing-efficiency.test.ts[2m > [22m[2mProperty 10: Scoped Roles Processing Efficiency[2m > [22m[2mProperty 10.8: System role operations should not affect org/project role caches
[22m[39mGoTrueClient@sb-bgxknceshxxifwytalex-auth-token:0 (2.93.3) 2026-02-02T15:20:16.737Z #_acquireLock begin [33m10000[39m
GoTrueClient@sb-bgxknceshxxifwytalex-auth-token:0 (2.93.3) 2026-02-02T15:20:16.737Z #_acquireLock lock acquired for storage key sb-bgxknceshxxifwytalex-auth-token
GoTrueClient@sb-bgxknceshxxifwytalex-auth-token:0 (2.93.3) 2026-02-02T15:20:16.737Z #_useSession begin
GoTrueClient@sb-bgxknceshxxifwytalex-auth-token:0 (2.93.3) 2026-02-02T15:20:16.737Z #__loadSession() begin

[90mstdout[2m | tests/property/scoped-roles-processing-efficiency.test.ts[2m > [22m[2mProperty 10: Scoped Roles Processing Efficiency[2m > [22m[2mProperty 10.8: System role operations should not affect org/project role caches
[22m[39mGoTrueClient@sb-bgxknceshxxifwytalex-auth-token:0 (2.93.3) 2026-02-02T15:20:16.737Z #getSession() session from storage [1mnull[22m
GoTrueClient@sb-bgxknceshxxifwytalex-auth-token:0 (2.93.3) 2026-02-02T15:20:16.737Z #__loadSession() end

[90mstdout[2m | tests/property/scoped-roles-processing-efficiency.test.ts[2m > [22m[2mProperty 10: Scoped Roles Processing Efficiency[2m > [22m[2mProperty 10.8: System role operations should not affect org/project role caches
[22m[39mGoTrueClient@sb-bgxknceshxxifwytalex-auth-token:0 (2.93.3) 2026-02-02T15:20:16.737Z #_useSession end

[90mstdout[2m | tests/property/scoped-roles-processing-efficiency.test.ts[2m > [22m[2mProperty 10: Scoped Roles Processing Efficiency[2m > [22m[2mProperty 10.8: System role operations should not affect org/project role caches
[22m[39mGoTrueClient@sb-bgxknceshxxifwytalex-auth-token:0 (2.93.3) 2026-02-02T15:20:16.738Z #_acquireLock lock released for storage key sb-bgxknceshxxifwytalex-auth-token

[90mstdout[2m | tests/property/scoped-roles-processing-efficiency.test.ts[2m > [22m[2mProperty 10: Scoped Roles Processing Efficiency[2m > [22m[2mProperty 10.8: System role operations should not affect org/project role caches
[22m[39mGoTrueClient@sb-bgxknceshxxifwytalex-auth-token:0 (2.93.3) 2026-02-02T15:20:16.738Z #_acquireLock end

[90mstdout[2m | tests/property/scoped-roles-processing-efficiency.test.ts[2m > [22m[2mProperty 10: Scoped Roles Processing Efficiency[2m > [22m[2mProperty 10.8: System role operations should not affect org/project role caches
[22m[39mGoTrueClient@sb-bgxknceshxxifwytalex-auth-token:0 (2.93.3) 2026-02-02T15:20:16.761Z #_acquireLock begin [33m10000[39m
GoTrueClient@sb-bgxknceshxxifwytalex-auth-token:0 (2.93.3) 2026-02-02T15:20:16.761Z #_acquireLock lock acquired for storage key sb-bgxknceshxxifwytalex-auth-token
GoTrueClient@sb-bgxknceshxxifwytalex-auth-token:0 (2.93.3) 2026-02-02T15:20:16.761Z #_useSession begin
GoTrueClient@sb-bgxknceshxxifwytalex-auth-token:0 (2.93.3) 2026-02-02T15:20:16.761Z #__loadSession() begin

[90mstdout[2m | tests/property/scoped-roles-processing-efficiency.test.ts[2m > [22m[2mProperty 10: Scoped Roles Processing Efficiency[2m > [22m[2mProperty 10.8: System role operations should not affect org/project role caches
[22m[39mGoTrueClient@sb-bgxknceshxxifwytalex-auth-token:0 (2.93.3) 2026-02-02T15:20:16.761Z #getSession() session from storage [1mnull[22m
GoTrueClient@sb-bgxknceshxxifwytalex-auth-token:0 (2.93.3) 2026-02-02T15:20:16.761Z #__loadSession() end

[90mstdout[2m | tests/property/scoped-roles-processing-efficiency.test.ts[2m > [22m[2mProperty 10: Scoped Roles Processing Efficiency[2m > [22m[2mProperty 10.8: System role operations should not affect org/project role caches
[22m[39mGoTrueClient@sb-bgxknceshxxifwytalex-auth-token:0 (2.93.3) 2026-02-02T15:20:16.761Z #_useSession end

[90mstdout[2m | tests/property/scoped-roles-processing-efficiency.test.ts[2m > [22m[2mProperty 10: Scoped Roles Processing Efficiency[2m > [22m[2mProperty 10.8: System role operations should not affect org/project role caches
[22m[39mGoTrueClient@sb-bgxknceshxxifwytalex-auth-token:0 (2.93.3) 2026-02-02T15:20:16.761Z #_acquireLock lock released for storage key sb-bgxknceshxxifwytalex-auth-token

[90mstdout[2m | tests/property/scoped-roles-processing-efficiency.test.ts[2m > [22m[2mProperty 10: Scoped Roles Processing Efficiency[2m > [22m[2mProperty 10.8: System role operations should not affect org/project role caches
[22m[39mGoTrueClient@sb-bgxknceshxxifwytalex-auth-token:0 (2.93.3) 2026-02-02T15:20:16.761Z #_acquireLock end

stderr | tests/property/scoped-roles-processing-efficiency.test.ts > Property 10: Scoped Roles Processing Efficiency > Property 10.8: System role operations should not affect org/project role caches
Error fetching org roles: {
  code: 'PGRST200',
  details: "Searched for a foreign key relationship between 'org_roles' and 'user_profiles' in the schema 'public', but no matches were found.",
  hint: null,
  message: "Could not find a relationship between 'org_roles' and 'user_profiles' in the schema cache"
}

[90mstdout[2m | tests/property/scoped-roles-processing-efficiency.test.ts[2m > [22m[2mProperty 10: Scoped Roles Processing Efficiency[2m > [22m[2mProperty 10.8: System role operations should not affect org/project role caches
[22m[39mGoTrueClient@sb-bgxknceshxxifwytalex-auth-token:0 (2.93.3) 2026-02-02T15:20:16.791Z #_acquireLock begin [33m10000[39m
GoTrueClient@sb-bgxknceshxxifwytalex-auth-token:0 (2.93.3) 2026-02-02T15:20:16.791Z #_acquireLock lock acquired for storage key sb-bgxknceshxxifwytalex-auth-token
GoTrueClient@sb-bgxknceshxxifwytalex-auth-token:0 (2.93.3) 2026-02-02T15:20:16.791Z #_useSession begin
GoTrueClient@sb-bgxknceshxxifwytalex-auth-token:0 (2.93.3) 2026-02-02T15:20:16.791Z #__loadSession() begin

[90mstdout[2m | tests/property/scoped-roles-processing-efficiency.test.ts[2m > [22m[2mProperty 10: Scoped Roles Processing Efficiency[2m > [22m[2mProperty 10.8: System role operations should not affect org/project role caches
[22m[39mGoTrueClient@sb-bgxknceshxxifwytalex-auth-token:0 (2.93.3) 2026-02-02T15:20:16.791Z #getSession() session from storage [1mnull[22m
GoTrueClient@sb-bgxknceshxxifwytalex-auth-token:0 (2.93.3) 2026-02-02T15:20:16.791Z #__loadSession() end

[90mstdout[2m | tests/property/scoped-roles-processing-efficiency.test.ts[2m > [22m[2mProperty 10: Scoped Roles Processing Efficiency[2m > [22m[2mProperty 10.8: System role operations should not affect org/project role caches
[22m[39mGoTrueClient@sb-bgxknceshxxifwytalex-auth-token:0 (2.93.3) 2026-02-02T15:20:16.791Z #_useSession end

[90mstdout[2m | tests/property/scoped-roles-processing-efficiency.test.ts[2m > [22m[2mProperty 10: Scoped Roles Processing Efficiency[2m > [22m[2mProperty 10.8: System role operations should not affect org/project role caches
[22m[39mGoTrueClient@sb-bgxknceshxxifwytalex-auth-token:0 (2.93.3) 2026-02-02T15:20:16.791Z #_acquireLock lock released for storage key sb-bgxknceshxxifwytalex-auth-token

[90mstdout[2m | tests/property/scoped-roles-processing-efficiency.test.ts[2m > [22m[2mProperty 10: Scoped Roles Processing Efficiency[2m > [22m[2mProperty 10.8: System role operations should not affect org/project role caches
[22m[39mGoTrueClient@sb-bgxknceshxxifwytalex-auth-token:0 (2.93.3) 2026-02-02T15:20:16.791Z #_acquireLock end

stderr | tests/property/scoped-roles-processing-efficiency.test.ts > Property 10: Scoped Roles Processing Efficiency > Property 10.8: System role operations should not affect org/project role caches
Error fetching project roles: {
  code: 'PGRST200',
  details: "Searched for a foreign key relationship between 'project_roles' and 'user_profiles' in the schema 'public', but no matches were found.",
  hint: null,
  message: "Could not find a relationship between 'project_roles' and 'user_profiles' in the schema cache"
}

[90mstdout[2m | tests/property/scoped-roles-processing-efficiency.test.ts[2m > [22m[2mProperty 10: Scoped Roles Processing Efficiency[2m > [22m[2mProperty 10.8: System role operations should not affect org/project role caches
[22m[39mGoTrueClient@sb-bgxknceshxxifwytalex-auth-token:0 (2.93.3) 2026-02-02T15:20:16.917Z #_acquireLock begin [33m10000[39m
GoTrueClient@sb-bgxknceshxxifwytalex-auth-token:0 (2.93.3) 2026-02-02T15:20:16.917Z #_acquireLock lock acquired for storage key sb-bgxknceshxxifwytalex-auth-token
GoTrueClient@sb-bgxknceshxxifwytalex-auth-token:0 (2.93.3) 2026-02-02T15:20:16.917Z #_useSession begin
GoTrueClient@sb-bgxknceshxxifwytalex-auth-token:0 (2.93.3) 2026-02-02T15:20:16.917Z #__loadSession() begin

[90mstdout[2m | tests/property/scoped-roles-processing-efficiency.test.ts[2m > [22m[2mProperty 10: Scoped Roles Processing Efficiency[2m > [22m[2mProperty 10.8: System role operations should not affect org/project role caches
[22m[39mGoTrueClient@sb-bgxknceshxxifwytalex-auth-token:0 (2.93.3) 2026-02-02T15:20:16.917Z #getSession() session from storage [1mnull[22m
GoTrueClient@sb-bgxknceshxxifwytalex-auth-token:0 (2.93.3) 2026-02-02T15:20:16.917Z #__loadSession() end

[90mstdout[2m | tests/property/scoped-roles-processing-efficiency.test.ts[2m > [22m[2mProperty 10: Scoped Roles Processing Efficiency[2m > [22m[2mProperty 10.8: System role operations should not affect org/project role caches
[22m[39mGoTrueClient@sb-bgxknceshxxifwytalex-auth-token:0 (2.93.3) 2026-02-02T15:20:16.917Z #_useSession end

[90mstdout[2m | tests/property/scoped-roles-processing-efficiency.test.ts[2m > [22m[2mProperty 10: Scoped Roles Processing Efficiency[2m > [22m[2mProperty 10.8: System role operations should not affect org/project role caches
[22m[39mGoTrueClient@sb-bgxknceshxxifwytalex-auth-token:0 (2.93.3) 2026-02-02T15:20:16.917Z #_acquireLock lock released for storage key sb-bgxknceshxxifwytalex-auth-token

[90mstdout[2m | tests/property/scoped-roles-processing-efficiency.test.ts[2m > [22m[2mProperty 10: Scoped Roles Processing Efficiency[2m > [22m[2mProperty 10.8: System role operations should not affect org/project role caches
[22m[39mGoTrueClient@sb-bgxknceshxxifwytalex-auth-token:0 (2.93.3) 2026-02-02T15:20:16.917Z #_acquireLock end

[90mstdout[2m | tests/property/scoped-roles-processing-efficiency.test.ts[2m > [22m[2mProperty 10: Scoped Roles Processing Efficiency[2m > [22m[2mProperty 10.8: System role operations should not affect org/project role caches
[22m[39mGoTrueClient@sb-bgxknceshxxifwytalex-auth-token:0 (2.93.3) 2026-02-02T15:20:16.921Z #_acquireLock begin [33m10000[39m
GoTrueClient@sb-bgxknceshxxifwytalex-auth-token:0 (2.93.3) 2026-02-02T15:20:16.921Z #_acquireLock lock acquired for storage key sb-bgxknceshxxifwytalex-auth-token
GoTrueClient@sb-bgxknceshxxifwytalex-auth-token:0 (2.93.3) 2026-02-02T15:20:16.921Z #_useSession begin
GoTrueClient@sb-bgxknceshxxifwytalex-auth-token:0 (2.93.3) 2026-02-02T15:20:16.921Z #__loadSession() begin

[90mstdout[2m | tests/property/scoped-roles-processing-efficiency.test.ts[2m > [22m[2mProperty 10: Scoped Roles Processing Efficiency[2m > [22m[2mProperty 10.8: System role operations should not affect org/project role caches
[22m[39mGoTrueClient@sb-bgxknceshxxifwytalex-auth-token:0 (2.93.3) 2026-02-02T15:20:16.921Z #getSession() session from storage [1mnull[22m
GoTrueClient@sb-bgxknceshxxifwytalex-auth-token:0 (2.93.3) 2026-02-02T15:20:16.921Z #__loadSession() end

[90mstdout[2m | tests/property/scoped-roles-processing-efficiency.test.ts[2m > [22m[2mProperty 10: Scoped Roles Processing Efficiency[2m > [22m[2mProperty 10.8: System role operations should not affect org/project role caches
[22m[39mGoTrueClient@sb-bgxknceshxxifwytalex-auth-token:0 (2.93.3) 2026-02-02T15:20:16.921Z #_useSession end

[90mstdout[2m | tests/property/scoped-roles-processing-efficiency.test.ts[2m > [22m[2mProperty 10: Scoped Roles Processing Efficiency[2m > [22m[2mProperty 10.8: System role operations should not affect org/project role caches
[22m[39mGoTrueClient@sb-bgxknceshxxifwytalex-auth-token:0 (2.93.3) 2026-02-02T15:20:16.921Z #_acquireLock lock released for storage key sb-bgxknceshxxifwytalex-auth-token

[90mstdout[2m | tests/property/scoped-roles-processing-efficiency.test.ts[2m > [22m[2mProperty 10: Scoped Roles Processing Efficiency[2m > [22m[2mProperty 10.8: System role operations should not affect org/project role caches
[22m[39mGoTrueClient@sb-bgxknceshxxifwytalex-auth-token:0 (2.93.3) 2026-02-02T15:20:16.922Z #_acquireLock end

stderr | tests/property/scoped-roles-processing-efficiency.test.ts > Property 10: Scoped Roles Processing Efficiency > Property 10.8: System role operations should not affect org/project role caches
Error fetching project roles: {
  code: 'PGRST200',
  details: "Searched for a foreign key relationship between 'project_roles' and 'user_profiles' in the schema 'public', but no matches were found.",
  hint: null,
  message: "Could not find a relationship between 'project_roles' and 'user_profiles' in the schema cache"
}

[90mstdout[2m | tests/property/scoped-roles-processing-efficiency.test.ts[2m > [22m[2mProperty 10: Scoped Roles Processing Efficiency[2m > [22m[2mProperty 10.8: System role operations should not affect org/project role caches
[22m[39mGoTrueClient@sb-bgxknceshxxifwytalex-auth-token:0 (2.93.3) 2026-02-02T15:20:16.930Z #_acquireLock begin [33m10000[39m
GoTrueClient@sb-bgxknceshxxifwytalex-auth-token:0 (2.93.3) 2026-02-02T15:20:16.930Z #_acquireLock lock acquired for storage key sb-bgxknceshxxifwytalex-auth-token
GoTrueClient@sb-bgxknceshxxifwytalex-auth-token:0 (2.93.3) 2026-02-02T15:20:16.930Z #_useSession begin
GoTrueClient@sb-bgxknceshxxifwytalex-auth-token:0 (2.93.3) 2026-02-02T15:20:16.930Z #__loadSession() begin

[90mstdout[2m | tests/property/scoped-roles-processing-efficiency.test.ts[2m > [22m[2mProperty 10: Scoped Roles Processing Efficiency[2m > [22m[2mProperty 10.8: System role operations should not affect org/project role caches
[22m[39mGoTrueClient@sb-bgxknceshxxifwytalex-auth-token:0 (2.93.3) 2026-02-02T15:20:16.930Z #getSession() session from storage [1mnull[22m
GoTrueClient@sb-bgxknceshxxifwytalex-auth-token:0 (2.93.3) 2026-02-02T15:20:16.930Z #__loadSession() end

[90mstdout[2m | tests/property/scoped-roles-processing-efficiency.test.ts[2m > [22m[2mProperty 10: Scoped Roles Processing Efficiency[2m > [22m[2mProperty 10.8: System role operations should not affect org/project role caches
[22m[39mGoTrueClient@sb-bgxknceshxxifwytalex-auth-token:0 (2.93.3) 2026-02-02T15:20:16.930Z #_useSession end

[90mstdout[2m | tests/property/scoped-roles-processing-efficiency.test.ts[2m > [22m[2mProperty 10: Scoped Roles Processing Efficiency[2m > [22m[2mProperty 10.8: System role operations should not affect org/project role caches
[22m[39mGoTrueClient@sb-bgxknceshxxifwytalex-auth-token:0 (2.93.3) 2026-02-02T15:20:16.930Z #_acquireLock lock released for storage key sb-bgxknceshxxifwytalex-auth-token

[90mstdout[2m | tests/property/scoped-roles-processing-efficiency.test.ts[2m > [22m[2mProperty 10: Scoped Roles Processing Efficiency[2m > [22m[2mProperty 10.8: System role operations should not affect org/project role caches
[22m[39mGoTrueClient@sb-bgxknceshxxifwytalex-auth-token:0 (2.93.3) 2026-02-02T15:20:16.930Z #_acquireLock end

stderr | tests/property/scoped-roles-processing-efficiency.test.ts > Property 10: Scoped Roles Processing Efficiency > Property 10.8: System role operations should not affect org/project role caches
Error fetching org roles: {
  code: 'PGRST200',
  details: "Searched for a foreign key relationship between 'org_roles' and 'user_profiles' in the schema 'public', but no matches were found.",
  hint: null,
  message: "Could not find a relationship between 'org_roles' and 'user_profiles' in the schema cache"
}

[90mstdout[2m | tests/property/scoped-roles-processing-efficiency.test.ts[2m > [22m[2mProperty 10: Scoped Roles Processing Efficiency[2m > [22m[2mProperty 10.8: System role operations should not affect org/project role caches
[22m[39mGoTrueClient@sb-bgxknceshxxifwytalex-auth-token:0 (2.93.3) 2026-02-02T15:20:16.956Z #_acquireLock begin [33m10000[39m
GoTrueClient@sb-bgxknceshxxifwytalex-auth-token:0 (2.93.3) 2026-02-02T15:20:16.956Z #_acquireLock lock acquired for storage key sb-bgxknceshxxifwytalex-auth-token
GoTrueClient@sb-bgxknceshxxifwytalex-auth-token:0 (2.93.3) 2026-02-02T15:20:16.956Z #_useSession begin
GoTrueClient@sb-bgxknceshxxifwytalex-auth-token:0 (2.93.3) 2026-02-02T15:20:16.956Z #__loadSession() begin

[90mstdout[2m | tests/property/scoped-roles-processing-efficiency.test.ts[2m > [22m[2mProperty 10: Scoped Roles Processing Efficiency[2m > [22m[2mProperty 10.8: System role operations should not affect org/project role caches
[22m[39mGoTrueClient@sb-bgxknceshxxifwytalex-auth-token:0 (2.93.3) 2026-02-02T15:20:16.956Z #getSession() session from storage [1mnull[22m
GoTrueClient@sb-bgxknceshxxifwytalex-auth-token:0 (2.93.3) 2026-02-02T15:20:16.956Z #__loadSession() end

[90mstdout[2m | tests/property/scoped-roles-processing-efficiency.test.ts[2m > [22m[2mProperty 10: Scoped Roles Processing Efficiency[2m > [22m[2mProperty 10.8: System role operations should not affect org/project role caches
[22m[39mGoTrueClient@sb-bgxknceshxxifwytalex-auth-token:0 (2.93.3) 2026-02-02T15:20:16.956Z #_useSession end

[90mstdout[2m | tests/property/scoped-roles-processing-efficiency.test.ts[2m > [22m[2mProperty 10: Scoped Roles Processing Efficiency[2m > [22m[2mProperty 10.8: System role operations should not affect org/project role caches
[22m[39mGoTrueClient@sb-bgxknceshxxifwytalex-auth-token:0 (2.93.3) 2026-02-02T15:20:16.956Z #_acquireLock lock released for storage key sb-bgxknceshxxifwytalex-auth-token

[90mstdout[2m | tests/property/scoped-roles-processing-efficiency.test.ts[2m > [22m[2mProperty 10: Scoped Roles Processing Efficiency[2m > [22m[2mProperty 10.8: System role operations should not affect org/project role caches
[22m[39mGoTrueClient@sb-bgxknceshxxifwytalex-auth-token:0 (2.93.3) 2026-02-02T15:20:16.956Z #_acquireLock end

stderr | tests/property/scoped-roles-processing-efficiency.test.ts > Property 10: Scoped Roles Processing Efficiency > Property 10.8: System role operations should not affect org/project role caches
Error fetching project roles: {
  code: 'PGRST200',
  details: "Searched for a foreign key relationship between 'project_roles' and 'user_profiles' in the schema 'public', but no matches were found.",
  hint: null,
  message: "Could not find a relationship between 'project_roles' and 'user_profiles' in the schema cache"
}

[90mstdout[2m | tests/property/scoped-roles-processing-efficiency.test.ts[2m > [22m[2mProperty 10: Scoped Roles Processing Efficiency[2m > [22m[2mProperty 10.8: System role operations should not affect org/project role caches
[22m[39mGoTrueClient@sb-bgxknceshxxifwytalex-auth-token:0 (2.93.3) 2026-02-02T15:20:16.959Z #_acquireLock begin [33m10000[39m
GoTrueClient@sb-bgxknceshxxifwytalex-auth-token:0 (2.93.3) 2026-02-02T15:20:16.959Z #_acquireLock lock acquired for storage key sb-bgxknceshxxifwytalex-auth-token
GoTrueClient@sb-bgxknceshxxifwytalex-auth-token:0 (2.93.3) 2026-02-02T15:20:16.959Z #_useSession begin
GoTrueClient@sb-bgxknceshxxifwytalex-auth-token:0 (2.93.3) 2026-02-02T15:20:16.959Z #__loadSession() begin

[90mstdout[2m | tests/property/scoped-roles-processing-efficiency.test.ts[2m > [22m[2mProperty 10: Scoped Roles Processing Efficiency[2m > [22m[2mProperty 10.8: System role operations should not affect org/project role caches
[22m[39mGoTrueClient@sb-bgxknceshxxifwytalex-auth-token:0 (2.93.3) 2026-02-02T15:20:16.959Z #getSession() session from storage [1mnull[22m
GoTrueClient@sb-bgxknceshxxifwytalex-auth-token:0 (2.93.3) 2026-02-02T15:20:16.959Z #__loadSession() end

[90mstdout[2m | tests/property/scoped-roles-processing-efficiency.test.ts[2m > [22m[2mProperty 10: Scoped Roles Processing Efficiency[2m > [22m[2mProperty 10.8: System role operations should not affect org/project role caches
[22m[39mGoTrueClient@sb-bgxknceshxxifwytalex-auth-token:0 (2.93.3) 2026-02-02T15:20:16.960Z #_useSession end

[90mstdout[2m | tests/property/scoped-roles-processing-efficiency.test.ts[2m > [22m[2mProperty 10: Scoped Roles Processing Efficiency[2m > [22m[2mProperty 10.8: System role operations should not affect org/project role caches
[22m[39mGoTrueClient@sb-bgxknceshxxifwytalex-auth-token:0 (2.93.3) 2026-02-02T15:20:16.960Z #_acquireLock lock released for storage key sb-bgxknceshxxifwytalex-auth-token

[90mstdout[2m | tests/property/scoped-roles-processing-efficiency.test.ts[2m > [22m[2mProperty 10: Scoped Roles Processing Efficiency[2m > [22m[2mProperty 10.8: System role operations should not affect org/project role caches
[22m[39mGoTrueClient@sb-bgxknceshxxifwytalex-auth-token:0 (2.93.3) 2026-02-02T15:20:16.960Z #_acquireLock end

stderr | tests/property/scoped-roles-processing-efficiency.test.ts > Property 10: Scoped Roles Processing Efficiency > Property 10.8: System role operations should not affect org/project role caches
Error fetching org roles: {
  code: 'PGRST200',
  details: "Searched for a foreign key relationship between 'org_roles' and 'user_profiles' in the schema 'public', but no matches were found.",
  hint: null,
  message: "Could not find a relationship between 'org_roles' and 'user_profiles' in the schema cache"
}

[90mstdout[2m | tests/property/scoped-roles-processing-efficiency.test.ts[2m > [22m[2mProperty 10: Scoped Roles Processing Efficiency[2m > [22m[2mProperty 10.8: System role operations should not affect org/project role caches
[22m[39mGoTrueClient@sb-bgxknceshxxifwytalex-auth-token:0 (2.93.3) 2026-02-02T15:20:17.000Z #_acquireLock begin [33m10000[39m
GoTrueClient@sb-bgxknceshxxifwytalex-auth-token:0 (2.93.3) 2026-02-02T15:20:17.000Z #_acquireLock lock acquired for storage key sb-bgxknceshxxifwytalex-auth-token
GoTrueClient@sb-bgxknceshxxifwytalex-auth-token:0 (2.93.3) 2026-02-02T15:20:17.000Z #_useSession begin
GoTrueClient@sb-bgxknceshxxifwytalex-auth-token:0 (2.93.3) 2026-02-02T15:20:17.000Z #__loadSession() begin

[90mstdout[2m | tests/property/scoped-roles-processing-efficiency.test.ts[2m > [22m[2mProperty 10: Scoped Roles Processing Efficiency[2m > [22m[2mProperty 10.8: System role operations should not affect org/project role caches
[22m[39mGoTrueClient@sb-bgxknceshxxifwytalex-auth-token:0 (2.93.3) 2026-02-02T15:20:17.000Z #getSession() session from storage [1mnull[22m
GoTrueClient@sb-bgxknceshxxifwytalex-auth-token:0 (2.93.3) 2026-02-02T15:20:17.000Z #__loadSession() end

[90mstdout[2m | tests/property/scoped-roles-processing-efficiency.test.ts[2m > [22m[2mProperty 10: Scoped Roles Processing Efficiency[2m > [22m[2mProperty 10.8: System role operations should not affect org/project role caches
[22m[39mGoTrueClient@sb-bgxknceshxxifwytalex-auth-token:0 (2.93.3) 2026-02-02T15:20:17.000Z #_useSession end

[90mstdout[2m | tests/property/scoped-roles-processing-efficiency.test.ts[2m > [22m[2mProperty 10: Scoped Roles Processing Efficiency[2m > [22m[2mProperty 10.8: System role operations should not affect org/project role caches
[22m[39mGoTrueClient@sb-bgxknceshxxifwytalex-auth-token:0 (2.93.3) 2026-02-02T15:20:17.000Z #_acquireLock lock released for storage key sb-bgxknceshxxifwytalex-auth-token

[90mstdout[2m | tests/property/scoped-roles-processing-efficiency.test.ts[2m > [22m[2mProperty 10: Scoped Roles Processing Efficiency[2m > [22m[2mProperty 10.8: System role operations should not affect org/project role caches
[22m[39mGoTrueClient@sb-bgxknceshxxifwytalex-auth-token:0 (2.93.3) 2026-02-02T15:20:17.000Z #_acquireLock end

[90mstdout[2m | tests/property/scoped-roles-processing-efficiency.test.ts[2m > [22m[2mProperty 10: Scoped Roles Processing Efficiency[2m > [22m[2mProperty 10.8: System role operations should not affect org/project role caches
[22m[39mGoTrueClient@sb-bgxknceshxxifwytalex-auth-token:0 (2.93.3) 2026-02-02T15:20:17.117Z #_acquireLock begin [33m10000[39m
GoTrueClient@sb-bgxknceshxxifwytalex-auth-token:0 (2.93.3) 2026-02-02T15:20:17.117Z #_acquireLock lock acquired for storage key sb-bgxknceshxxifwytalex-auth-token
GoTrueClient@sb-bgxknceshxxifwytalex-auth-token:0 (2.93.3) 2026-02-02T15:20:17.117Z #_useSession begin
GoTrueClient@sb-bgxknceshxxifwytalex-auth-token:0 (2.93.3) 2026-02-02T15:20:17.117Z #__loadSession() begin

[90mstdout[2m | tests/property/scoped-roles-processing-efficiency.test.ts[2m > [22m[2mProperty 10: Scoped Roles Processing Efficiency[2m > [22m[2mProperty 10.8: System role operations should not affect org/project role caches
[22m[39mGoTrueClient@sb-bgxknceshxxifwytalex-auth-token:0 (2.93.3) 2026-02-02T15:20:17.117Z #getSession() session from storage [1mnull[22m
GoTrueClient@sb-bgxknceshxxifwytalex-auth-token:0 (2.93.3) 2026-02-02T15:20:17.117Z #__loadSession() end

[90mstdout[2m | tests/property/scoped-roles-processing-efficiency.test.ts[2m > [22m[2mProperty 10: Scoped Roles Processing Efficiency[2m > [22m[2mProperty 10.8: System role operations should not affect org/project role caches
[22m[39mGoTrueClient@sb-bgxknceshxxifwytalex-auth-token:0 (2.93.3) 2026-02-02T15:20:17.117Z #_useSession end

[90mstdout[2m | tests/property/scoped-roles-processing-efficiency.test.ts[2m > [22m[2mProperty 10: Scoped Roles Processing Efficiency[2m > [22m[2mProperty 10.8: System role operations should not affect org/project role caches
[22m[39mGoTrueClient@sb-bgxknceshxxifwytalex-auth-token:0 (2.93.3) 2026-02-02T15:20:17.117Z #_acquireLock lock released for storage key sb-bgxknceshxxifwytalex-auth-token

[90mstdout[2m | tests/property/scoped-roles-processing-efficiency.test.ts[2m > [22m[2mProperty 10: Scoped Roles Processing Efficiency[2m > [22m[2mProperty 10.8: System role operations should not affect org/project role caches
[22m[39mGoTrueClient@sb-bgxknceshxxifwytalex-auth-token:0 (2.93.3) 2026-02-02T15:20:17.118Z #_acquireLock end

stderr | tests/property/scoped-roles-processing-efficiency.test.ts > Property 10: Scoped Roles Processing Efficiency > Property 10.8: System role operations should not affect org/project role caches
Error fetching project roles: {
  code: 'PGRST200',
  details: "Searched for a foreign key relationship between 'project_roles' and 'user_profiles' in the schema 'public', but no matches were found.",
  hint: null,
  message: "Could not find a relationship between 'project_roles' and 'user_profiles' in the schema cache"
}

[90mstdout[2m | tests/property/scoped-roles-processing-efficiency.test.ts[2m > [22m[2mProperty 10: Scoped Roles Processing Efficiency[2m > [22m[2mProperty 10.8: System role operations should not affect org/project role caches
[22m[39mGoTrueClient@sb-bgxknceshxxifwytalex-auth-token:0 (2.93.3) 2026-02-02T15:20:17.147Z #_acquireLock begin [33m10000[39m
GoTrueClient@sb-bgxknceshxxifwytalex-auth-token:0 (2.93.3) 2026-02-02T15:20:17.147Z #_acquireLock lock acquired for storage key sb-bgxknceshxxifwytalex-auth-token
GoTrueClient@sb-bgxknceshxxifwytalex-auth-token:0 (2.93.3) 2026-02-02T15:20:17.147Z #_useSession begin
GoTrueClient@sb-bgxknceshxxifwytalex-auth-token:0 (2.93.3) 2026-02-02T15:20:17.147Z #__loadSession() begin

[90mstdout[2m | tests/property/scoped-roles-processing-efficiency.test.ts[2m > [22m[2mProperty 10: Scoped Roles Processing Efficiency[2m > [22m[2mProperty 10.8: System role operations should not affect org/project role caches
[22m[39mGoTrueClient@sb-bgxknceshxxifwytalex-auth-token:0 (2.93.3) 2026-02-02T15:20:17.148Z #getSession() session from storage [1mnull[22m
GoTrueClient@sb-bgxknceshxxifwytalex-auth-token:0 (2.93.3) 2026-02-02T15:20:17.148Z #__loadSession() end

[90mstdout[2m | tests/property/scoped-roles-processing-efficiency.test.ts[2m > [22m[2mProperty 10: Scoped Roles Processing Efficiency[2m > [22m[2mProperty 10.8: System role operations should not affect org/project role caches
[22m[39mGoTrueClient@sb-bgxknceshxxifwytalex-auth-token:0 (2.93.3) 2026-02-02T15:20:17.148Z #_useSession end

[90mstdout[2m | tests/property/scoped-roles-processing-efficiency.test.ts[2m > [22m[2mProperty 10: Scoped Roles Processing Efficiency[2m > [22m[2mProperty 10.8: System role operations should not affect org/project role caches
[22m[39mGoTrueClient@sb-bgxknceshxxifwytalex-auth-token:0 (2.93.3) 2026-02-02T15:20:17.148Z #_acquireLock lock released for storage key sb-bgxknceshxxifwytalex-auth-token

[90mstdout[2m | tests/property/scoped-roles-processing-efficiency.test.ts[2m > [22m[2mProperty 10: Scoped Roles Processing Efficiency[2m > [22m[2mProperty 10.8: System role operations should not affect org/project role caches
[22m[39mGoTrueClient@sb-bgxknceshxxifwytalex-auth-token:0 (2.93.3) 2026-02-02T15:20:17.148Z #_acquireLock end

stderr | tests/property/scoped-roles-processing-efficiency.test.ts > Property 10: Scoped Roles Processing Efficiency > Property 10.8: System role operations should not affect org/project role caches
Error fetching org roles: {
  code: 'PGRST200',
  details: "Searched for a foreign key relationship between 'org_roles' and 'user_profiles' in the schema 'public', but no matches were found.",
  hint: null,
  message: "Could not find a relationship between 'org_roles' and 'user_profiles' in the schema cache"
}

[90mstdout[2m | tests/property/scoped-roles-processing-efficiency.test.ts[2m > [22m[2mProperty 10: Scoped Roles Processing Efficiency[2m > [22m[2mProperty 10.8: System role operations should not affect org/project role caches
[22m[39mGoTrueClient@sb-bgxknceshxxifwytalex-auth-token:0 (2.93.3) 2026-02-02T15:20:17.150Z #_acquireLock begin [33m10000[39m
GoTrueClient@sb-bgxknceshxxifwytalex-auth-token:0 (2.93.3) 2026-02-02T15:20:17.150Z #_acquireLock lock acquired for storage key sb-bgxknceshxxifwytalex-auth-token
GoTrueClient@sb-bgxknceshxxifwytalex-auth-token:0 (2.93.3) 2026-02-02T15:20:17.150Z #_useSession begin
GoTrueClient@sb-bgxknceshxxifwytalex-auth-token:0 (2.93.3) 2026-02-02T15:20:17.150Z #__loadSession() begin

[90mstdout[2m | tests/property/scoped-roles-processing-efficiency.test.ts[2m > [22m[2mProperty 10: Scoped Roles Processing Efficiency[2m > [22m[2mProperty 10.8: System role operations should not affect org/project role caches
[22m[39mGoTrueClient@sb-bgxknceshxxifwytalex-auth-token:0 (2.93.3) 2026-02-02T15:20:17.150Z #getSession() session from storage [1mnull[22m
GoTrueClient@sb-bgxknceshxxifwytalex-auth-token:0 (2.93.3) 2026-02-02T15:20:17.150Z #__loadSession() end

[90mstdout[2m | tests/property/scoped-roles-processing-efficiency.test.ts[2m > [22m[2mProperty 10: Scoped Roles Processing Efficiency[2m > [22m[2mProperty 10.8: System role operations should not affect org/project role caches
[22m[39mGoTrueClient@sb-bgxknceshxxifwytalex-auth-token:0 (2.93.3) 2026-02-02T15:20:17.150Z #_useSession end

[90mstdout[2m | tests/property/scoped-roles-processing-efficiency.test.ts[2m > [22m[2mProperty 10: Scoped Roles Processing Efficiency[2m > [22m[2mProperty 10.8: System role operations should not affect org/project role caches
[22m[39mGoTrueClient@sb-bgxknceshxxifwytalex-auth-token:0 (2.93.3) 2026-02-02T15:20:17.150Z #_acquireLock lock released for storage key sb-bgxknceshxxifwytalex-auth-token

[90mstdout[2m | tests/property/scoped-roles-processing-efficiency.test.ts[2m > [22m[2mProperty 10: Scoped Roles Processing Efficiency[2m > [22m[2mProperty 10.8: System role operations should not affect org/project role caches
[22m[39mGoTrueClient@sb-bgxknceshxxifwytalex-auth-token:0 (2.93.3) 2026-02-02T15:20:17.150Z #_acquireLock end

stderr | tests/property/scoped-roles-processing-efficiency.test.ts > Property 10: Scoped Roles Processing Efficiency > Property 10.8: System role operations should not affect org/project role caches
Error fetching project roles: {
  code: 'PGRST200',
  details: "Searched for a foreign key relationship between 'project_roles' and 'user_profiles' in the schema 'public', but no matches were found.",
  hint: null,
  message: "Could not find a relationship between 'project_roles' and 'user_profiles' in the schema cache"
}

[90mstdout[2m | tests/property/scoped-roles-processing-efficiency.test.ts[2m > [22m[2mProperty 10: Scoped Roles Processing Efficiency[2m > [22m[2mProperty 10.8: System role operations should not affect org/project role caches
[22m[39mGoTrueClient@sb-bgxknceshxxifwytalex-auth-token:0 (2.93.3) 2026-02-02T15:20:17.166Z #_acquireLock begin [33m10000[39m
GoTrueClient@sb-bgxknceshxxifwytalex-auth-token:0 (2.93.3) 2026-02-02T15:20:17.166Z #_acquireLock lock acquired for storage key sb-bgxknceshxxifwytalex-auth-token
GoTrueClient@sb-bgxknceshxxifwytalex-auth-token:0 (2.93.3) 2026-02-02T15:20:17.166Z #_useSession begin
GoTrueClient@sb-bgxknceshxxifwytalex-auth-token:0 (2.93.3) 2026-02-02T15:20:17.166Z #__loadSession() begin

[90mstdout[2m | tests/property/scoped-roles-processing-efficiency.test.ts[2m > [22m[2mProperty 10: Scoped Roles Processing Efficiency[2m > [22m[2mProperty 10.8: System role operations should not affect org/project role caches
[22m[39mGoTrueClient@sb-bgxknceshxxifwytalex-auth-token:0 (2.93.3) 2026-02-02T15:20:17.166Z #getSession() session from storage [1mnull[22m
GoTrueClient@sb-bgxknceshxxifwytalex-auth-token:0 (2.93.3) 2026-02-02T15:20:17.166Z #__loadSession() end

[90mstdout[2m | tests/property/scoped-roles-processing-efficiency.test.ts[2m > [22m[2mProperty 10: Scoped Roles Processing Efficiency[2m > [22m[2mProperty 10.8: System role operations should not affect org/project role caches
[22m[39mGoTrueClient@sb-bgxknceshxxifwytalex-auth-token:0 (2.93.3) 2026-02-02T15:20:17.166Z #_useSession end

[90mstdout[2m | tests/property/scoped-roles-processing-efficiency.test.ts[2m > [22m[2mProperty 10: Scoped Roles Processing Efficiency[2m > [22m[2mProperty 10.8: System role operations should not affect org/project role caches
[22m[39mGoTrueClient@sb-bgxknceshxxifwytalex-auth-token:0 (2.93.3) 2026-02-02T15:20:17.166Z #_acquireLock lock released for storage key sb-bgxknceshxxifwytalex-auth-token

[90mstdout[2m | tests/property/scoped-roles-processing-efficiency.test.ts[2m > [22m[2mProperty 10: Scoped Roles Processing Efficiency[2m > [22m[2mProperty 10.8: System role operations should not affect org/project role caches
[22m[39mGoTrueClient@sb-bgxknceshxxifwytalex-auth-token:0 (2.93.3) 2026-02-02T15:20:17.166Z #_acquireLock end

stderr | tests/property/scoped-roles-processing-efficiency.test.ts > Property 10: Scoped Roles Processing Efficiency > Property 10.8: System role operations should not affect org/project role caches
Error fetching org roles: {
  code: 'PGRST200',
  details: "Searched for a foreign key relationship between 'org_roles' and 'user_profiles' in the schema 'public', but no matches were found.",
  hint: null,
  message: "Could not find a relationship between 'org_roles' and 'user_profiles' in the schema cache"
}

[90mstdout[2m | tests/property/scoped-roles-processing-efficiency.test.ts[2m > [22m[2mProperty 10: Scoped Roles Processing Efficiency[2m > [22m[2mProperty 10.8: System role operations should not affect org/project role caches
[22m[39mGoTrueClient@sb-bgxknceshxxifwytalex-auth-token:0 (2.93.3) 2026-02-02T15:20:17.174Z #_acquireLock begin [33m10000[39m
GoTrueClient@sb-bgxknceshxxifwytalex-auth-token:0 (2.93.3) 2026-02-02T15:20:17.174Z #_acquireLock lock acquired for storage key sb-bgxknceshxxifwytalex-auth-token
GoTrueClient@sb-bgxknceshxxifwytalex-auth-token:0 (2.93.3) 2026-02-02T15:20:17.174Z #_useSession begin
GoTrueClient@sb-bgxknceshxxifwytalex-auth-token:0 (2.93.3) 2026-02-02T15:20:17.174Z #__loadSession() begin

[90mstdout[2m | tests/property/scoped-roles-processing-efficiency.test.ts[2m > [22m[2mProperty 10: Scoped Roles Processing Efficiency[2m > [22m[2mProperty 10.8: System role operations should not affect org/project role caches
[22m[39mGoTrueClient@sb-bgxknceshxxifwytalex-auth-token:0 (2.93.3) 2026-02-02T15:20:17.174Z #getSession() session from storage [1mnull[22m
GoTrueClient@sb-bgxknceshxxifwytalex-auth-token:0 (2.93.3) 2026-02-02T15:20:17.174Z #__loadSession() end

[90mstdout[2m | tests/property/scoped-roles-processing-efficiency.test.ts[2m > [22m[2mProperty 10: Scoped Roles Processing Efficiency[2m > [22m[2mProperty 10.8: System role operations should not affect org/project role caches
[22m[39mGoTrueClient@sb-bgxknceshxxifwytalex-auth-token:0 (2.93.3) 2026-02-02T15:20:17.174Z #_useSession end

[90mstdout[2m | tests/property/scoped-roles-processing-efficiency.test.ts[2m > [22m[2mProperty 10: Scoped Roles Processing Efficiency[2m > [22m[2mProperty 10.8: System role operations should not affect org/project role caches
[22m[39mGoTrueClient@sb-bgxknceshxxifwytalex-auth-token:0 (2.93.3) 2026-02-02T15:20:17.174Z #_acquireLock lock released for storage key sb-bgxknceshxxifwytalex-auth-token

[90mstdout[2m | tests/property/scoped-roles-processing-efficiency.test.ts[2m > [22m[2mProperty 10: Scoped Roles Processing Efficiency[2m > [22m[2mProperty 10.8: System role operations should not affect org/project role caches
[22m[39mGoTrueClient@sb-bgxknceshxxifwytalex-auth-token:0 (2.93.3) 2026-02-02T15:20:17.174Z #_acquireLock end

stderr | tests/property/scoped-roles-processing-efficiency.test.ts > Property 10: Scoped Roles Processing Efficiency > Property 10.8: System role operations should not affect org/project role caches
Error fetching org roles: {
  code: 'PGRST200',
  details: "Searched for a foreign key relationship between 'org_roles' and 'user_profiles' in the schema 'public', but no matches were found.",
  hint: null,
  message: "Could not find a relationship between 'org_roles' and 'user_profiles' in the schema cache"
}

[90mstdout[2m | tests/property/scoped-roles-processing-efficiency.test.ts[2m > [22m[2mProperty 10: Scoped Roles Processing Efficiency[2m > [22m[2mProperty 10.8: System role operations should not affect org/project role caches
[22m[39mGoTrueClient@sb-bgxknceshxxifwytalex-auth-token:0 (2.93.3) 2026-02-02T15:20:17.199Z #_acquireLock begin [33m10000[39m
GoTrueClient@sb-bgxknceshxxifwytalex-auth-token:0 (2.93.3) 2026-02-02T15:20:17.199Z #_acquireLock lock acquired for storage key sb-bgxknceshxxifwytalex-auth-token
GoTrueClient@sb-bgxknceshxxifwytalex-auth-token:0 (2.93.3) 2026-02-02T15:20:17.199Z #_useSession begin
GoTrueClient@sb-bgxknceshxxifwytalex-auth-token:0 (2.93.3) 2026-02-02T15:20:17.199Z #__loadSession() begin

[90mstdout[2m | tests/property/scoped-roles-processing-efficiency.test.ts[2m > [22m[2mProperty 10: Scoped Roles Processing Efficiency[2m > [22m[2mProperty 10.8: System role operations should not affect org/project role caches
[22m[39mGoTrueClient@sb-bgxknceshxxifwytalex-auth-token:0 (2.93.3) 2026-02-02T15:20:17.199Z #getSession() session from storage [1mnull[22m
GoTrueClient@sb-bgxknceshxxifwytalex-auth-token:0 (2.93.3) 2026-02-02T15:20:17.199Z #__loadSession() end

[90mstdout[2m | tests/property/scoped-roles-processing-efficiency.test.ts[2m > [22m[2mProperty 10: Scoped Roles Processing Efficiency[2m > [22m[2mProperty 10.8: System role operations should not affect org/project role caches
[22m[39mGoTrueClient@sb-bgxknceshxxifwytalex-auth-token:0 (2.93.3) 2026-02-02T15:20:17.199Z #_useSession end

[90mstdout[2m | tests/property/scoped-roles-processing-efficiency.test.ts[2m > [22m[2mProperty 10: Scoped Roles Processing Efficiency[2m > [22m[2mProperty 10.8: System role operations should not affect org/project role caches
[22m[39mGoTrueClient@sb-bgxknceshxxifwytalex-auth-token:0 (2.93.3) 2026-02-02T15:20:17.199Z #_acquireLock lock released for storage key sb-bgxknceshxxifwytalex-auth-token

[90mstdout[2m | tests/property/scoped-roles-processing-efficiency.test.ts[2m > [22m[2mProperty 10: Scoped Roles Processing Efficiency[2m > [22m[2mProperty 10.8: System role operations should not affect org/project role caches
[22m[39mGoTrueClient@sb-bgxknceshxxifwytalex-auth-token:0 (2.93.3) 2026-02-02T15:20:17.199Z #_acquireLock end

stderr | tests/property/scoped-roles-processing-efficiency.test.ts > Property 10: Scoped Roles Processing Efficiency > Property 10.8: System role operations should not affect org/project role caches
Error fetching org roles: {
  code: 'PGRST200',
  details: "Searched for a foreign key relationship between 'org_roles' and 'user_profiles' in the schema 'public', but no matches were found.",
  hint: null,
  message: "Could not find a relationship between 'org_roles' and 'user_profiles' in the schema cache"
}

[90mstdout[2m | tests/property/scoped-roles-processing-efficiency.test.ts[2m > [22m[2mProperty 10: Scoped Roles Processing Efficiency[2m > [22m[2mProperty 10.8: System role operations should not affect org/project role caches
[22m[39mGoTrueClient@sb-bgxknceshxxifwytalex-auth-token:0 (2.93.3) 2026-02-02T15:20:17.324Z #_acquireLock begin [33m10000[39m
GoTrueClient@sb-bgxknceshxxifwytalex-auth-token:0 (2.93.3) 2026-02-02T15:20:17.324Z #_acquireLock lock acquired for storage key sb-bgxknceshxxifwytalex-auth-token
GoTrueClient@sb-bgxknceshxxifwytalex-auth-token:0 (2.93.3) 2026-02-02T15:20:17.324Z #_useSession begin
GoTrueClient@sb-bgxknceshxxifwytalex-auth-token:0 (2.93.3) 2026-02-02T15:20:17.324Z #__loadSession() begin

[90mstdout[2m | tests/property/scoped-roles-processing-efficiency.test.ts[2m > [22m[2mProperty 10: Scoped Roles Processing Efficiency[2m > [22m[2mProperty 10.8: System role operations should not affect org/project role caches
[22m[39mGoTrueClient@sb-bgxknceshxxifwytalex-auth-token:0 (2.93.3) 2026-02-02T15:20:17.325Z #getSession() session from storage [1mnull[22m
GoTrueClient@sb-bgxknceshxxifwytalex-auth-token:0 (2.93.3) 2026-02-02T15:20:17.325Z #__loadSession() end

[90mstdout[2m | tests/property/scoped-roles-processing-efficiency.test.ts[2m > [22m[2mProperty 10: Scoped Roles Processing Efficiency[2m > [22m[2mProperty 10.8: System role operations should not affect org/project role caches
[22m[39mGoTrueClient@sb-bgxknceshxxifwytalex-auth-token:0 (2.93.3) 2026-02-02T15:20:17.325Z #_useSession end

[90mstdout[2m | tests/property/scoped-roles-processing-efficiency.test.ts[2m > [22m[2mProperty 10: Scoped Roles Processing Efficiency[2m > [22m[2mProperty 10.8: System role operations should not affect org/project role caches
[22m[39mGoTrueClient@sb-bgxknceshxxifwytalex-auth-token:0 (2.93.3) 2026-02-02T15:20:17.325Z #_acquireLock lock released for storage key sb-bgxknceshxxifwytalex-auth-token

[90mstdout[2m | tests/property/scoped-roles-processing-efficiency.test.ts[2m > [22m[2mProperty 10: Scoped Roles Processing Efficiency[2m > [22m[2mProperty 10.8: System role operations should not affect org/project role caches
[22m[39mGoTrueClient@sb-bgxknceshxxifwytalex-auth-token:0 (2.93.3) 2026-02-02T15:20:17.325Z #_acquireLock end

stderr | tests/property/scoped-roles-processing-efficiency.test.ts > Property 10: Scoped Roles Processing Efficiency > Property 10.8: System role operations should not affect org/project role caches
Error fetching project roles: {
  code: 'PGRST200',
  details: "Searched for a foreign key relationship between 'project_roles' and 'user_profiles' in the schema 'public', but no matches were found.",
  hint: null,
  message: "Could not find a relationship between 'project_roles' and 'user_profiles' in the schema cache"
}

[90mstdout[2m | tests/property/scoped-roles-processing-efficiency.test.ts[2m > [22m[2mProperty 10: Scoped Roles Processing Efficiency[2m > [22m[2mProperty 10.8: System role operations should not affect org/project role caches
[22m[39mGoTrueClient@sb-bgxknceshxxifwytalex-auth-token:0 (2.93.3) 2026-02-02T15:20:17.352Z #_acquireLock begin [33m10000[39m
GoTrueClient@sb-bgxknceshxxifwytalex-auth-token:0 (2.93.3) 2026-02-02T15:20:17.352Z #_acquireLock lock acquired for storage key sb-bgxknceshxxifwytalex-auth-token
GoTrueClient@sb-bgxknceshxxifwytalex-auth-token:0 (2.93.3) 2026-02-02T15:20:17.352Z #_useSession begin
GoTrueClient@sb-bgxknceshxxifwytalex-auth-token:0 (2.93.3) 2026-02-02T15:20:17.352Z #__loadSession() begin

[90mstdout[2m | tests/property/scoped-roles-processing-efficiency.test.ts[2m > [22m[2mProperty 10: Scoped Roles Processing Efficiency[2m > [22m[2mProperty 10.8: System role operations should not affect org/project role caches
[22m[39mGoTrueClient@sb-bgxknceshxxifwytalex-auth-token:0 (2.93.3) 2026-02-02T15:20:17.352Z #getSession() session from storage [1mnull[22m
GoTrueClient@sb-bgxknceshxxifwytalex-auth-token:0 (2.93.3) 2026-02-02T15:20:17.352Z #__loadSession() end

[90mstdout[2m | tests/property/scoped-roles-processing-efficiency.test.ts[2m > [22m[2mProperty 10: Scoped Roles Processing Efficiency[2m > [22m[2mProperty 10.8: System role operations should not affect org/project role caches
[22m[39mGoTrueClient@sb-bgxknceshxxifwytalex-auth-token:0 (2.93.3) 2026-02-02T15:20:17.352Z #_useSession end

[90mstdout[2m | tests/property/scoped-roles-processing-efficiency.test.ts[2m > [22m[2mProperty 10: Scoped Roles Processing Efficiency[2m > [22m[2mProperty 10.8: System role operations should not affect org/project role caches
[22m[39mGoTrueClient@sb-bgxknceshxxifwytalex-auth-token:0 (2.93.3) 2026-02-02T15:20:17.352Z #_acquireLock lock released for storage key sb-bgxknceshxxifwytalex-auth-token

[90mstdout[2m | tests/property/scoped-roles-processing-efficiency.test.ts[2m > [22m[2mProperty 10: Scoped Roles Processing Efficiency[2m > [22m[2mProperty 10.8: System role operations should not affect org/project role caches
[22m[39mGoTrueClient@sb-bgxknceshxxifwytalex-auth-token:0 (2.93.3) 2026-02-02T15:20:17.352Z #_acquireLock end

stderr | tests/property/scoped-roles-processing-efficiency.test.ts > Property 10: Scoped Roles Processing Efficiency > Property 10.8: System role operations should not affect org/project role caches
Error fetching project roles: {
  code: 'PGRST200',
  details: "Searched for a foreign key relationship between 'project_roles' and 'user_profiles' in the schema 'public', but no matches were found.",
  hint: null,
  message: "Could not find a relationship between 'project_roles' and 'user_profiles' in the schema cache"
}

[90mstdout[2m | tests/property/scoped-roles-processing-efficiency.test.ts[2m > [22m[2mProperty 10: Scoped Roles Processing Efficiency[2m > [22m[2mProperty 10.8: System role operations should not affect org/project role caches
[22m[39mGoTrueClient@sb-bgxknceshxxifwytalex-auth-token:0 (2.93.3) 2026-02-02T15:20:17.359Z #_acquireLock begin [33m10000[39m
GoTrueClient@sb-bgxknceshxxifwytalex-auth-token:0 (2.93.3) 2026-02-02T15:20:17.359Z #_acquireLock lock acquired for storage key sb-bgxknceshxxifwytalex-auth-token
GoTrueClient@sb-bgxknceshxxifwytalex-auth-token:0 (2.93.3) 2026-02-02T15:20:17.359Z #_useSession begin
GoTrueClient@sb-bgxknceshxxifwytalex-auth-token:0 (2.93.3) 2026-02-02T15:20:17.359Z #__loadSession() begin

[90mstdout[2m | tests/property/scoped-roles-processing-efficiency.test.ts[2m > [22m[2mProperty 10: Scoped Roles Processing Efficiency[2m > [22m[2mProperty 10.8: System role operations should not affect org/project role caches
[22m[39mGoTrueClient@sb-bgxknceshxxifwytalex-auth-token:0 (2.93.3) 2026-02-02T15:20:17.360Z #getSession() session from storage [1mnull[22m
GoTrueClient@sb-bgxknceshxxifwytalex-auth-token:0 (2.93.3) 2026-02-02T15:20:17.360Z #__loadSession() end

[90mstdout[2m | tests/property/scoped-roles-processing-efficiency.test.ts[2m > [22m[2mProperty 10: Scoped Roles Processing Efficiency[2m > [22m[2mProperty 10.8: System role operations should not affect org/project role caches
[22m[39mGoTrueClient@sb-bgxknceshxxifwytalex-auth-token:0 (2.93.3) 2026-02-02T15:20:17.360Z #_useSession end

[90mstdout[2m | tests/property/scoped-roles-processing-efficiency.test.ts[2m > [22m[2mProperty 10: Scoped Roles Processing Efficiency[2m > [22m[2mProperty 10.8: System role operations should not affect org/project role caches
[22m[39mGoTrueClient@sb-bgxknceshxxifwytalex-auth-token:0 (2.93.3) 2026-02-02T15:20:17.360Z #_acquireLock lock released for storage key sb-bgxknceshxxifwytalex-auth-token

[90mstdout[2m | tests/property/scoped-roles-processing-efficiency.test.ts[2m > [22m[2mProperty 10: Scoped Roles Processing Efficiency[2m > [22m[2mProperty 10.8: System role operations should not affect org/project role caches
[22m[39mGoTrueClient@sb-bgxknceshxxifwytalex-auth-token:0 (2.93.3) 2026-02-02T15:20:17.360Z #_acquireLock end

[90mstdout[2m | tests/property/scoped-roles-processing-efficiency.test.ts[2m > [22m[2mProperty 10: Scoped Roles Processing Efficiency[2m > [22m[2mProperty 10.8: System role operations should not affect org/project role caches
[22m[39mGoTrueClient@sb-bgxknceshxxifwytalex-auth-token:0 (2.93.3) 2026-02-02T15:20:17.377Z #_acquireLock begin [33m10000[39m
GoTrueClient@sb-bgxknceshxxifwytalex-auth-token:0 (2.93.3) 2026-02-02T15:20:17.377Z #_acquireLock lock acquired for storage key sb-bgxknceshxxifwytalex-auth-token
GoTrueClient@sb-bgxknceshxxifwytalex-auth-token:0 (2.93.3) 2026-02-02T15:20:17.377Z #_useSession begin
GoTrueClient@sb-bgxknceshxxifwytalex-auth-token:0 (2.93.3) 2026-02-02T15:20:17.377Z #__loadSession() begin

[90mstdout[2m | tests/property/scoped-roles-processing-efficiency.test.ts[2m > [22m[2mProperty 10: Scoped Roles Processing Efficiency[2m > [22m[2mProperty 10.8: System role operations should not affect org/project role caches
[22m[39mGoTrueClient@sb-bgxknceshxxifwytalex-auth-token:0 (2.93.3) 2026-02-02T15:20:17.377Z #getSession() session from storage [1mnull[22m
GoTrueClient@sb-bgxknceshxxifwytalex-auth-token:0 (2.93.3) 2026-02-02T15:20:17.377Z #__loadSession() end

[90mstdout[2m | tests/property/scoped-roles-processing-efficiency.test.ts[2m > [22m[2mProperty 10: Scoped Roles Processing Efficiency[2m > [22m[2mProperty 10.8: System role operations should not affect org/project role caches
[22m[39mGoTrueClient@sb-bgxknceshxxifwytalex-auth-token:0 (2.93.3) 2026-02-02T15:20:17.378Z #_useSession end

[90mstdout[2m | tests/property/scoped-roles-processing-efficiency.test.ts[2m > [22m[2mProperty 10: Scoped Roles Processing Efficiency[2m > [22m[2mProperty 10.8: System role operations should not affect org/project role caches
[22m[39mGoTrueClient@sb-bgxknceshxxifwytalex-auth-token:0 (2.93.3) 2026-02-02T15:20:17.378Z #_acquireLock lock released for storage key sb-bgxknceshxxifwytalex-auth-token

[90mstdout[2m | tests/property/scoped-roles-processing-efficiency.test.ts[2m > [22m[2mProperty 10: Scoped Roles Processing Efficiency[2m > [22m[2mProperty 10.8: System role operations should not affect org/project role caches
[22m[39mGoTrueClient@sb-bgxknceshxxifwytalex-auth-token:0 (2.93.3) 2026-02-02T15:20:17.378Z #_acquireLock end

stderr | tests/property/scoped-roles-processing-efficiency.test.ts > Property 10: Scoped Roles Processing Efficiency > Property 10.8: System role operations should not affect org/project role caches
Error fetching project roles: {
  code: 'PGRST200',
  details: "Searched for a foreign key relationship between 'project_roles' and 'user_profiles' in the schema 'public', but no matches were found.",
  hint: null,
  message: "Could not find a relationship between 'project_roles' and 'user_profiles' in the schema cache"
}

[90mstdout[2m | tests/property/scoped-roles-processing-efficiency.test.ts[2m > [22m[2mProperty 10: Scoped Roles Processing Efficiency[2m > [22m[2mProperty 10.8: System role operations should not affect org/project role caches
[22m[39mGoTrueClient@sb-bgxknceshxxifwytalex-auth-token:0 (2.93.3) 2026-02-02T15:20:17.393Z #_acquireLock begin [33m10000[39m
GoTrueClient@sb-bgxknceshxxifwytalex-auth-token:0 (2.93.3) 2026-02-02T15:20:17.393Z #_acquireLock lock acquired for storage key sb-bgxknceshxxifwytalex-auth-token
GoTrueClient@sb-bgxknceshxxifwytalex-auth-token:0 (2.93.3) 2026-02-02T15:20:17.393Z #_useSession begin
GoTrueClient@sb-bgxknceshxxifwytalex-auth-token:0 (2.93.3) 2026-02-02T15:20:17.393Z #__loadSession() begin

[90mstdout[2m | tests/property/scoped-roles-processing-efficiency.test.ts[2m > [22m[2mProperty 10: Scoped Roles Processing Efficiency[2m > [22m[2mProperty 10.8: System role operations should not affect org/project role caches
[22m[39mGoTrueClient@sb-bgxknceshxxifwytalex-auth-token:0 (2.93.3) 2026-02-02T15:20:17.393Z #getSession() session from storage [1mnull[22m
GoTrueClient@sb-bgxknceshxxifwytalex-auth-token:0 (2.93.3) 2026-02-02T15:20:17.393Z #__loadSession() end

[90mstdout[2m | tests/property/scoped-roles-processing-efficiency.test.ts[2m > [22m[2mProperty 10: Scoped Roles Processing Efficiency[2m > [22m[2mProperty 10.8: System role operations should not affect org/project role caches
[22m[39mGoTrueClient@sb-bgxknceshxxifwytalex-auth-token:0 (2.93.3) 2026-02-02T15:20:17.394Z #_useSession end

[90mstdout[2m | tests/property/scoped-roles-processing-efficiency.test.ts[2m > [22m[2mProperty 10: Scoped Roles Processing Efficiency[2m > [22m[2mProperty 10.8: System role operations should not affect org/project role caches
[22m[39mGoTrueClient@sb-bgxknceshxxifwytalex-auth-token:0 (2.93.3) 2026-02-02T15:20:17.394Z #_acquireLock lock released for storage key sb-bgxknceshxxifwytalex-auth-token

[90mstdout[2m | tests/property/scoped-roles-processing-efficiency.test.ts[2m > [22m[2mProperty 10: Scoped Roles Processing Efficiency[2m > [22m[2mProperty 10.8: System role operations should not affect org/project role caches
[22m[39mGoTrueClient@sb-bgxknceshxxifwytalex-auth-token:0 (2.93.3) 2026-02-02T15:20:17.394Z #_acquireLock end

stderr | tests/property/scoped-roles-processing-efficiency.test.ts > Property 10: Scoped Roles Processing Efficiency > Property 10.8: System role operations should not affect org/project role caches
Error fetching org roles: {
  code: 'PGRST200',
  details: "Searched for a foreign key relationship between 'org_roles' and 'user_profiles' in the schema 'public', but no matches were found.",
  hint: null,
  message: "Could not find a relationship between 'org_roles' and 'user_profiles' in the schema cache"
}

[90mstdout[2m | tests/property/scoped-roles-processing-efficiency.test.ts[2m > [22m[2mProperty 10: Scoped Roles Processing Efficiency[2m > [22m[2mProperty 10.8: System role operations should not affect org/project role caches
[22m[39mGoTrueClient@sb-bgxknceshxxifwytalex-auth-token:0 (2.93.3) 2026-02-02T15:20:17.416Z #_acquireLock begin [33m10000[39m
GoTrueClient@sb-bgxknceshxxifwytalex-auth-token:0 (2.93.3) 2026-02-02T15:20:17.416Z #_acquireLock lock acquired for storage key sb-bgxknceshxxifwytalex-auth-token
GoTrueClient@sb-bgxknceshxxifwytalex-auth-token:0 (2.93.3) 2026-02-02T15:20:17.416Z #_useSession begin
GoTrueClient@sb-bgxknceshxxifwytalex-auth-token:0 (2.93.3) 2026-02-02T15:20:17.416Z #__loadSession() begin

[90mstdout[2m | tests/property/scoped-roles-processing-efficiency.test.ts[2m > [22m[2mProperty 10: Scoped Roles Processing Efficiency[2m > [22m[2mProperty 10.8: System role operations should not affect org/project role caches
[22m[39mGoTrueClient@sb-bgxknceshxxifwytalex-auth-token:0 (2.93.3) 2026-02-02T15:20:17.416Z #getSession() session from storage [1mnull[22m
GoTrueClient@sb-bgxknceshxxifwytalex-auth-token:0 (2.93.3) 2026-02-02T15:20:17.416Z #__loadSession() end

[90mstdout[2m | tests/property/scoped-roles-processing-efficiency.test.ts[2m > [22m[2mProperty 10: Scoped Roles Processing Efficiency[2m > [22m[2mProperty 10.8: System role operations should not affect org/project role caches
[22m[39mGoTrueClient@sb-bgxknceshxxifwytalex-auth-token:0 (2.93.3) 2026-02-02T15:20:17.416Z #_useSession end

[90mstdout[2m | tests/property/scoped-roles-processing-efficiency.test.ts[2m > [22m[2mProperty 10: Scoped Roles Processing Efficiency[2m > [22m[2mProperty 10.8: System role operations should not affect org/project role caches
[22m[39mGoTrueClient@sb-bgxknceshxxifwytalex-auth-token:0 (2.93.3) 2026-02-02T15:20:17.417Z #_acquireLock lock released for storage key sb-bgxknceshxxifwytalex-auth-token

[90mstdout[2m | tests/property/scoped-roles-processing-efficiency.test.ts[2m > [22m[2mProperty 10: Scoped Roles Processing Efficiency[2m > [22m[2mProperty 10.8: System role operations should not affect org/project role caches
[22m[39mGoTrueClient@sb-bgxknceshxxifwytalex-auth-token:0 (2.93.3) 2026-02-02T15:20:17.417Z #_acquireLock end

stderr | tests/property/scoped-roles-processing-efficiency.test.ts > Property 10: Scoped Roles Processing Efficiency > Property 10.8: System role operations should not affect org/project role caches
Error fetching project roles: {
  code: 'PGRST200',
  details: "Searched for a foreign key relationship between 'project_roles' and 'user_profiles' in the schema 'public', but no matches were found.",
  hint: null,
  message: "Could not find a relationship between 'project_roles' and 'user_profiles' in the schema cache"
}

[90mstdout[2m | tests/property/scoped-roles-processing-efficiency.test.ts[2m > [22m[2mProperty 10: Scoped Roles Processing Efficiency[2m > [22m[2mProperty 10.8: System role operations should not affect org/project role caches
[22m[39mGoTrueClient@sb-bgxknceshxxifwytalex-auth-token:0 (2.93.3) 2026-02-02T15:20:17.540Z #_acquireLock begin [33m10000[39m
GoTrueClient@sb-bgxknceshxxifwytalex-auth-token:0 (2.93.3) 2026-02-02T15:20:17.540Z #_acquireLock lock acquired for storage key sb-bgxknceshxxifwytalex-auth-token
GoTrueClient@sb-bgxknceshxxifwytalex-auth-token:0 (2.93.3) 2026-02-02T15:20:17.540Z #_useSession begin
GoTrueClient@sb-bgxknceshxxifwytalex-auth-token:0 (2.93.3) 2026-02-02T15:20:17.540Z #__loadSession() begin

[90mstdout[2m | tests/property/scoped-roles-processing-efficiency.test.ts[2m > [22m[2mProperty 10: Scoped Roles Processing Efficiency[2m > [22m[2mProperty 10.8: System role operations should not affect org/project role caches
[22m[39mGoTrueClient@sb-bgxknceshxxifwytalex-auth-token:0 (2.93.3) 2026-02-02T15:20:17.540Z #getSession() session from storage [1mnull[22m
GoTrueClient@sb-bgxknceshxxifwytalex-auth-token:0 (2.93.3) 2026-02-02T15:20:17.540Z #__loadSession() end

[90mstdout[2m | tests/property/scoped-roles-processing-efficiency.test.ts[2m > [22m[2mProperty 10: Scoped Roles Processing Efficiency[2m > [22m[2mProperty 10.8: System role operations should not affect org/project role caches
[22m[39mGoTrueClient@sb-bgxknceshxxifwytalex-auth-token:0 (2.93.3) 2026-02-02T15:20:17.540Z #_useSession end

[90mstdout[2m | tests/property/scoped-roles-processing-efficiency.test.ts[2m > [22m[2mProperty 10: Scoped Roles Processing Efficiency[2m > [22m[2mProperty 10.8: System role operations should not affect org/project role caches
[22m[39mGoTrueClient@sb-bgxknceshxxifwytalex-auth-token:0 (2.93.3) 2026-02-02T15:20:17.540Z #_acquireLock lock released for storage key sb-bgxknceshxxifwytalex-auth-token

[90mstdout[2m | tests/property/scoped-roles-processing-efficiency.test.ts[2m > [22m[2mProperty 10: Scoped Roles Processing Efficiency[2m > [22m[2mProperty 10.8: System role operations should not affect org/project role caches
[22m[39mGoTrueClient@sb-bgxknceshxxifwytalex-auth-token:0 (2.93.3) 2026-02-02T15:20:17.540Z #_acquireLock end

[90mstdout[2m | tests/property/scoped-roles-processing-efficiency.test.ts[2m > [22m[2mProperty 10: Scoped Roles Processing Efficiency[2m > [22m[2mProperty 10.8: System role operations should not affect org/project role caches
[22m[39mGoTrueClient@sb-bgxknceshxxifwytalex-auth-token:0 (2.93.3) 2026-02-02T15:20:17.549Z #_acquireLock begin [33m10000[39m
GoTrueClient@sb-bgxknceshxxifwytalex-auth-token:0 (2.93.3) 2026-02-02T15:20:17.549Z #_acquireLock lock acquired for storage key sb-bgxknceshxxifwytalex-auth-token
GoTrueClient@sb-bgxknceshxxifwytalex-auth-token:0 (2.93.3) 2026-02-02T15:20:17.549Z #_useSession begin
GoTrueClient@sb-bgxknceshxxifwytalex-auth-token:0 (2.93.3) 2026-02-02T15:20:17.549Z #__loadSession() begin

[90mstdout[2m | tests/property/scoped-roles-processing-efficiency.test.ts[2m > [22m[2mProperty 10: Scoped Roles Processing Efficiency[2m > [22m[2mProperty 10.8: System role operations should not affect org/project role caches
[22m[39mGoTrueClient@sb-bgxknceshxxifwytalex-auth-token:0 (2.93.3) 2026-02-02T15:20:17.550Z #getSession() session from storage [1mnull[22m
GoTrueClient@sb-bgxknceshxxifwytalex-auth-token:0 (2.93.3) 2026-02-02T15:20:17.550Z #__loadSession() end

[90mstdout[2m | tests/property/scoped-roles-processing-efficiency.test.ts[2m > [22m[2mProperty 10: Scoped Roles Processing Efficiency[2m > [22m[2mProperty 10.8: System role operations should not affect org/project role caches
[22m[39mGoTrueClient@sb-bgxknceshxxifwytalex-auth-token:0 (2.93.3) 2026-02-02T15:20:17.550Z #_useSession end

[90mstdout[2m | tests/property/scoped-roles-processing-efficiency.test.ts[2m > [22m[2mProperty 10: Scoped Roles Processing Efficiency[2m > [22m[2mProperty 10.8: System role operations should not affect org/project role caches
[22m[39mGoTrueClient@sb-bgxknceshxxifwytalex-auth-token:0 (2.93.3) 2026-02-02T15:20:17.550Z #_acquireLock lock released for storage key sb-bgxknceshxxifwytalex-auth-token

[90mstdout[2m | tests/property/scoped-roles-processing-efficiency.test.ts[2m > [22m[2mProperty 10: Scoped Roles Processing Efficiency[2m > [22m[2mProperty 10.8: System role operations should not affect org/project role caches
[22m[39mGoTrueClient@sb-bgxknceshxxifwytalex-auth-token:0 (2.93.3) 2026-02-02T15:20:17.550Z #_acquireLock end

stderr | tests/property/scoped-roles-processing-efficiency.test.ts > Property 10: Scoped Roles Processing Efficiency > Property 10.8: System role operations should not affect org/project role caches
Error fetching project roles: {
  code: 'PGRST200',
  details: "Searched for a foreign key relationship between 'project_roles' and 'user_profiles' in the schema 'public', but no matches were found.",
  hint: null,
  message: "Could not find a relationship between 'project_roles' and 'user_profiles' in the schema cache"
}

[90mstdout[2m | tests/property/scoped-roles-processing-efficiency.test.ts[2m > [22m[2mProperty 10: Scoped Roles Processing Efficiency[2m > [22m[2mProperty 10.8: System role operations should not affect org/project role caches
[22m[39mGoTrueClient@sb-bgxknceshxxifwytalex-auth-token:0 (2.93.3) 2026-02-02T15:20:17.568Z #_acquireLock begin [33m10000[39m
GoTrueClient@sb-bgxknceshxxifwytalex-auth-token:0 (2.93.3) 2026-02-02T15:20:17.569Z #_acquireLock lock acquired for storage key sb-bgxknceshxxifwytalex-auth-token
GoTrueClient@sb-bgxknceshxxifwytalex-auth-token:0 (2.93.3) 2026-02-02T15:20:17.569Z #_useSession begin
GoTrueClient@sb-bgxknceshxxifwytalex-auth-token:0 (2.93.3) 2026-02-02T15:20:17.569Z #__loadSession() begin

[90mstdout[2m | tests/property/scoped-roles-processing-efficiency.test.ts[2m > [22m[2mProperty 10: Scoped Roles Processing Efficiency[2m > [22m[2mProperty 10.8: System role operations should not affect org/project role caches
[22m[39mGoTrueClient@sb-bgxknceshxxifwytalex-auth-token:0 (2.93.3) 2026-02-02T15:20:17.569Z #getSession() session from storage [1mnull[22m
GoTrueClient@sb-bgxknceshxxifwytalex-auth-token:0 (2.93.3) 2026-02-02T15:20:17.569Z #__loadSession() end

[90mstdout[2m | tests/property/scoped-roles-processing-efficiency.test.ts[2m > [22m[2mProperty 10: Scoped Roles Processing Efficiency[2m > [22m[2mProperty 10.8: System role operations should not affect org/project role caches
[22m[39mGoTrueClient@sb-bgxknceshxxifwytalex-auth-token:0 (2.93.3) 2026-02-02T15:20:17.569Z #_useSession end

[90mstdout[2m | tests/property/scoped-roles-processing-efficiency.test.ts[2m > [22m[2mProperty 10: Scoped Roles Processing Efficiency[2m > [22m[2mProperty 10.8: System role operations should not affect org/project role caches
[22m[39mGoTrueClient@sb-bgxknceshxxifwytalex-auth-token:0 (2.93.3) 2026-02-02T15:20:17.569Z #_acquireLock lock released for storage key sb-bgxknceshxxifwytalex-auth-token

[90mstdout[2m | tests/property/scoped-roles-processing-efficiency.test.ts[2m > [22m[2mProperty 10: Scoped Roles Processing Efficiency[2m > [22m[2mProperty 10.8: System role operations should not affect org/project role caches
[22m[39mGoTrueClient@sb-bgxknceshxxifwytalex-auth-token:0 (2.93.3) 2026-02-02T15:20:17.569Z #_acquireLock end

stderr | tests/property/scoped-roles-processing-efficiency.test.ts > Property 10: Scoped Roles Processing Efficiency > Property 10.8: System role operations should not affect org/project role caches
Error fetching org roles: {
  code: 'PGRST200',
  details: "Searched for a foreign key relationship between 'org_roles' and 'user_profiles' in the schema 'public', but no matches were found.",
  hint: null,
  message: "Could not find a relationship between 'org_roles' and 'user_profiles' in the schema cache"
}

[90mstdout[2m | tests/property/scoped-roles-processing-efficiency.test.ts[2m > [22m[2mProperty 10: Scoped Roles Processing Efficiency[2m > [22m[2mProperty 10.8: System role operations should not affect org/project role caches
[22m[39mGoTrueClient@sb-bgxknceshxxifwytalex-auth-token:0 (2.93.3) 2026-02-02T15:20:17.574Z #_acquireLock begin [33m10000[39m
GoTrueClient@sb-bgxknceshxxifwytalex-auth-token:0 (2.93.3) 2026-02-02T15:20:17.574Z #_acquireLock lock acquired for storage key sb-bgxknceshxxifwytalex-auth-token
GoTrueClient@sb-bgxknceshxxifwytalex-auth-token:0 (2.93.3) 2026-02-02T15:20:17.574Z #_useSession begin
GoTrueClient@sb-bgxknceshxxifwytalex-auth-token:0 (2.93.3) 2026-02-02T15:20:17.574Z #__loadSession() begin

[90mstdout[2m | tests/property/scoped-roles-processing-efficiency.test.ts[2m > [22m[2mProperty 10: Scoped Roles Processing Efficiency[2m > [22m[2mProperty 10.8: System role operations should not affect org/project role caches
[22m[39mGoTrueClient@sb-bgxknceshxxifwytalex-auth-token:0 (2.93.3) 2026-02-02T15:20:17.574Z #getSession() session from storage [1mnull[22m
GoTrueClient@sb-bgxknceshxxifwytalex-auth-token:0 (2.93.3) 2026-02-02T15:20:17.574Z #__loadSession() end

[90mstdout[2m | tests/property/scoped-roles-processing-efficiency.test.ts[2m > [22m[2mProperty 10: Scoped Roles Processing Efficiency[2m > [22m[2mProperty 10.8: System role operations should not affect org/project role caches
[22m[39mGoTrueClient@sb-bgxknceshxxifwytalex-auth-token:0 (2.93.3) 2026-02-02T15:20:17.574Z #_useSession end

[90mstdout[2m | tests/property/scoped-roles-processing-efficiency.test.ts[2m > [22m[2mProperty 10: Scoped Roles Processing Efficiency[2m > [22m[2mProperty 10.8: System role operations should not affect org/project role caches
[22m[39mGoTrueClient@sb-bgxknceshxxifwytalex-auth-token:0 (2.93.3) 2026-02-02T15:20:17.574Z #_acquireLock lock released for storage key sb-bgxknceshxxifwytalex-auth-token

[90mstdout[2m | tests/property/scoped-roles-processing-efficiency.test.ts[2m > [22m[2mProperty 10: Scoped Roles Processing Efficiency[2m > [22m[2mProperty 10.8: System role operations should not affect org/project role caches
[22m[39mGoTrueClient@sb-bgxknceshxxifwytalex-auth-token:0 (2.93.3) 2026-02-02T15:20:17.574Z #_acquireLock end

[90mstdout[2m | tests/property/scoped-roles-processing-efficiency.test.ts[2m > [22m[2mProperty 10: Scoped Roles Processing Efficiency[2m > [22m[2mProperty 10.8: System role operations should not affect org/project role caches
[22m[39mGoTrueClient@sb-bgxknceshxxifwytalex-auth-token:0 (2.93.3) 2026-02-02T15:20:17.609Z #_acquireLock begin [33m10000[39m
GoTrueClient@sb-bgxknceshxxifwytalex-auth-token:0 (2.93.3) 2026-02-02T15:20:17.609Z #_acquireLock lock acquired for storage key sb-bgxknceshxxifwytalex-auth-token
GoTrueClient@sb-bgxknceshxxifwytalex-auth-token:0 (2.93.3) 2026-02-02T15:20:17.609Z #_useSession begin
GoTrueClient@sb-bgxknceshxxifwytalex-auth-token:0 (2.93.3) 2026-02-02T15:20:17.609Z #__loadSession() begin

[90mstdout[2m | tests/property/scoped-roles-processing-efficiency.test.ts[2m > [22m[2mProperty 10: Scoped Roles Processing Efficiency[2m > [22m[2mProperty 10.8: System role operations should not affect org/project role caches
[22m[39mGoTrueClient@sb-bgxknceshxxifwytalex-auth-token:0 (2.93.3) 2026-02-02T15:20:17.610Z #getSession() session from storage [1mnull[22m
GoTrueClient@sb-bgxknceshxxifwytalex-auth-token:0 (2.93.3) 2026-02-02T15:20:17.610Z #__loadSession() end

[90mstdout[2m | tests/property/scoped-roles-processing-efficiency.test.ts[2m > [22m[2mProperty 10: Scoped Roles Processing Efficiency[2m > [22m[2mProperty 10.8: System role operations should not affect org/project role caches
[22m[39mGoTrueClient@sb-bgxknceshxxifwytalex-auth-token:0 (2.93.3) 2026-02-02T15:20:17.610Z #_useSession end

[90mstdout[2m | tests/property/scoped-roles-processing-efficiency.test.ts[2m > [22m[2mProperty 10: Scoped Roles Processing Efficiency[2m > [22m[2mProperty 10.8: System role operations should not affect org/project role caches
[22m[39mGoTrueClient@sb-bgxknceshxxifwytalex-auth-token:0 (2.93.3) 2026-02-02T15:20:17.610Z #_acquireLock lock released for storage key sb-bgxknceshxxifwytalex-auth-token

[90mstdout[2m | tests/property/scoped-roles-processing-efficiency.test.ts[2m > [22m[2mProperty 10: Scoped Roles Processing Efficiency[2m > [22m[2mProperty 10.8: System role operations should not affect org/project role caches
[22m[39mGoTrueClient@sb-bgxknceshxxifwytalex-auth-token:0 (2.93.3) 2026-02-02T15:20:17.610Z #_acquireLock end

stderr | tests/property/scoped-roles-processing-efficiency.test.ts > Property 10: Scoped Roles Processing Efficiency > Property 10.8: System role operations should not affect org/project role caches
Error fetching org roles: {
  code: 'PGRST200',
  details: "Searched for a foreign key relationship between 'org_roles' and 'user_profiles' in the schema 'public', but no matches were found.",
  hint: null,
  message: "Could not find a relationship between 'org_roles' and 'user_profiles' in the schema cache"
}

[90mstdout[2m | tests/property/scoped-roles-processing-efficiency.test.ts[2m > [22m[2mProperty 10: Scoped Roles Processing Efficiency[2m > [22m[2mProperty 10.8: System role operations should not affect org/project role caches
[22m[39mGoTrueClient@sb-bgxknceshxxifwytalex-auth-token:0 (2.93.3) 2026-02-02T15:20:17.623Z #_acquireLock begin [33m10000[39m
GoTrueClient@sb-bgxknceshxxifwytalex-auth-token:0 (2.93.3) 2026-02-02T15:20:17.623Z #_acquireLock lock acquired for storage key sb-bgxknceshxxifwytalex-auth-token
GoTrueClient@sb-bgxknceshxxifwytalex-auth-token:0 (2.93.3) 2026-02-02T15:20:17.623Z #_useSession begin
GoTrueClient@sb-bgxknceshxxifwytalex-auth-token:0 (2.93.3) 2026-02-02T15:20:17.623Z #__loadSession() begin

[90mstdout[2m | tests/property/scoped-roles-processing-efficiency.test.ts[2m > [22m[2mProperty 10: Scoped Roles Processing Efficiency[2m > [22m[2mProperty 10.8: System role operations should not affect org/project role caches
[22m[39mGoTrueClient@sb-bgxknceshxxifwytalex-auth-token:0 (2.93.3) 2026-02-02T15:20:17.623Z #getSession() session from storage [1mnull[22m
GoTrueClient@sb-bgxknceshxxifwytalex-auth-token:0 (2.93.3) 2026-02-02T15:20:17.623Z #__loadSession() end

[90mstdout[2m | tests/property/scoped-roles-processing-efficiency.test.ts[2m > [22m[2mProperty 10: Scoped Roles Processing Efficiency[2m > [22m[2mProperty 10.8: System role operations should not affect org/project role caches
[22m[39mGoTrueClient@sb-bgxknceshxxifwytalex-auth-token:0 (2.93.3) 2026-02-02T15:20:17.623Z #_useSession end

[90mstdout[2m | tests/property/scoped-roles-processing-efficiency.test.ts[2m > [22m[2mProperty 10: Scoped Roles Processing Efficiency[2m > [22m[2mProperty 10.8: System role operations should not affect org/project role caches
[22m[39mGoTrueClient@sb-bgxknceshxxifwytalex-auth-token:0 (2.93.3) 2026-02-02T15:20:17.623Z #_acquireLock lock released for storage key sb-bgxknceshxxifwytalex-auth-token

[90mstdout[2m | tests/property/scoped-roles-processing-efficiency.test.ts[2m > [22m[2mProperty 10: Scoped Roles Processing Efficiency[2m > [22m[2mProperty 10.8: System role operations should not affect org/project role caches
[22m[39mGoTrueClient@sb-bgxknceshxxifwytalex-auth-token:0 (2.93.3) 2026-02-02T15:20:17.623Z #_acquireLock end

[90mstdout[2m | tests/property/scoped-roles-processing-efficiency.test.ts[2m > [22m[2mProperty 10: Scoped Roles Processing Efficiency[2m > [22m[2mProperty 10.9: Batch role hierarchy queries should maintain consistency
[22m[39mGoTrueClient@sb-bgxknceshxxifwytalex-auth-token:0 (2.93.3) 2026-02-02T15:20:17.685Z #_acquireLock begin [33m10000[39m
GoTrueClient@sb-bgxknceshxxifwytalex-auth-token:0 (2.93.3) 2026-02-02T15:20:17.686Z #_acquireLock lock acquired for storage key sb-bgxknceshxxifwytalex-auth-token
GoTrueClient@sb-bgxknceshxxifwytalex-auth-token:0 (2.93.3) 2026-02-02T15:20:17.686Z #_useSession begin
GoTrueClient@sb-bgxknceshxxifwytalex-auth-token:0 (2.93.3) 2026-02-02T15:20:17.686Z #__loadSession() begin
GoTrueClient@sb-bgxknceshxxifwytalex-auth-token:0 (2.93.3) 2026-02-02T15:20:17.686Z #_acquireLock begin [33m10000[39m
GoTrueClient@sb-bgxknceshxxifwytalex-auth-token:0 (2.93.3) 2026-02-02T15:20:17.686Z #_acquireLock end
GoTrueClient@sb-bgxknceshxxifwytalex-auth-token:0 (2.93.3) 2026-02-02T15:20:17.686Z #_acquireLock begin [33m10000[39m
GoTrueClient@sb-bgxknceshxxifwytalex-auth-token:0 (2.93.3) 2026-02-02T15:20:17.686Z #_acquireLock end
GoTrueClient@sb-bgxknceshxxifwytalex-auth-token:0 (2.93.3) 2026-02-02T15:20:17.686Z #_acquireLock begin [33m10000[39m
GoTrueClient@sb-bgxknceshxxifwytalex-auth-token:0 (2.93.3) 2026-02-02T15:20:17.686Z #_acquireLock end
GoTrueClient@sb-bgxknceshxxifwytalex-auth-token:0 (2.93.3) 2026-02-02T15:20:17.686Z #_acquireLock begin [33m10000[39m
GoTrueClient@sb-bgxknceshxxifwytalex-auth-token:0 (2.93.3) 2026-02-02T15:20:17.686Z #_acquireLock end
GoTrueClient@sb-bgxknceshxxifwytalex-auth-token:0 (2.93.3) 2026-02-02T15:20:17.686Z #_acquireLock begin [33m10000[39m
GoTrueClient@sb-bgxknceshxxifwytalex-auth-token:0 (2.93.3) 2026-02-02T15:20:17.686Z #_acquireLock end
GoTrueClient@sb-bgxknceshxxifwytalex-auth-token:0 (2.93.3) 2026-02-02T15:20:17.686Z #_acquireLock begin [33m10000[39m
GoTrueClient@sb-bgxknceshxxifwytalex-auth-token:0 (2.93.3) 2026-02-02T15:20:17.686Z #_acquireLock end
GoTrueClient@sb-bgxknceshxxifwytalex-auth-token:0 (2.93.3) 2026-02-02T15:20:17.686Z #_acquireLock begin [33m10000[39m
GoTrueClient@sb-bgxknceshxxifwytalex-auth-token:0 (2.93.3) 2026-02-02T15:20:17.686Z #_acquireLock end
GoTrueClient@sb-bgxknceshxxifwytalex-auth-token:0 (2.93.3) 2026-02-02T15:20:17.686Z #_acquireLock begin [33m10000[39m
GoTrueClient@sb-bgxknceshxxifwytalex-auth-token:0 (2.93.3) 2026-02-02T15:20:17.686Z #_acquireLock end
GoTrueClient@sb-bgxknceshxxifwytalex-auth-token:0 (2.93.3) 2026-02-02T15:20:17.686Z #_acquireLock begin [33m10000[39m
GoTrueClient@sb-bgxknceshxxifwytalex-auth-token:0 (2.93.3) 2026-02-02T15:20:17.686Z #_acquireLock end
GoTrueClient@sb-bgxknceshxxifwytalex-auth-token:0 (2.93.3) 2026-02-02T15:20:17.686Z #_acquireLock begin [33m10000[39m
GoTrueClient@sb-bgxknceshxxifwytalex-auth-token:0 (2.93.3) 2026-02-02T15:20:17.686Z #_acquireLock end
GoTrueClient@sb-bgxknceshxxifwytalex-auth-token:0 (2.93.3) 2026-02-02T15:20:17.686Z #_acquireLock begin [33m10000[39m
GoTrueClient@sb-bgxknceshxxifwytalex-auth-token:0 (2.93.3) 2026-02-02T15:20:17.686Z #_acquireLock end
GoTrueClient@sb-bgxknceshxxifwytalex-auth-token:0 (2.93.3) 2026-02-02T15:20:17.686Z #_acquireLock begin [33m10000[39m
GoTrueClient@sb-bgxknceshxxifwytalex-auth-token:0 (2.93.3) 2026-02-02T15:20:17.686Z #_acquireLock end
GoTrueClient@sb-bgxknceshxxifwytalex-auth-token:0 (2.93.3) 2026-02-02T15:20:17.686Z #_acquireLock begin [33m10000[39m
GoTrueClient@sb-bgxknceshxxifwytalex-auth-token:0 (2.93.3) 2026-02-02T15:20:17.686Z #_acquireLock end
GoTrueClient@sb-bgxknceshxxifwytalex-auth-token:0 (2.93.3) 2026-02-02T15:20:17.686Z #_acquireLock begin [33m10000[39m
GoTrueClient@sb-bgxknceshxxifwytalex-auth-token:0 (2.93.3) 2026-02-02T15:20:17.686Z #_acquireLock end
GoTrueClient@sb-bgxknceshxxifwytalex-auth-token:0 (2.93.3) 2026-02-02T15:20:17.686Z #_acquireLock begin [33m10000[39m
GoTrueClient@sb-bgxknceshxxifwytalex-auth-token:0 (2.93.3) 2026-02-02T15:20:17.686Z #_acquireLock end
GoTrueClient@sb-bgxknceshxxifwytalex-auth-token:0 (2.93.3) 2026-02-02T15:20:17.686Z #_acquireLock begin [33m10000[39m
GoTrueClient@sb-bgxknceshxxifwytalex-auth-token:0 (2.93.3) 2026-02-02T15:20:17.686Z #_acquireLock end
GoTrueClient@sb-bgxknceshxxifwytalex-auth-token:0 (2.93.3) 2026-02-02T15:20:17.686Z #_acquireLock begin [33m10000[39m
GoTrueClient@sb-bgxknceshxxifwytalex-auth-token:0 (2.93.3) 2026-02-02T15:20:17.686Z #_acquireLock end
GoTrueClient@sb-bgxknceshxxifwytalex-auth-token:0 (2.93.3) 2026-02-02T15:20:17.686Z #_acquireLock begin [33m10000[39m
GoTrueClient@sb-bgxknceshxxifwytalex-auth-token:0 (2.93.3) 2026-02-02T15:20:17.686Z #_acquireLock end
GoTrueClient@sb-bgxknceshxxifwytalex-auth-token:0 (2.93.3) 2026-02-02T15:20:17.686Z #_acquireLock begin [33m10000[39m
GoTrueClient@sb-bgxknceshxxifwytalex-auth-token:0 (2.93.3) 2026-02-02T15:20:17.686Z #_acquireLock end
GoTrueClient@sb-bgxknceshxxifwytalex-auth-token:0 (2.93.3) 2026-02-02T15:20:17.686Z #_acquireLock begin [33m10000[39m
GoTrueClient@sb-bgxknceshxxifwytalex-auth-token:0 (2.93.3) 2026-02-02T15:20:17.686Z #_acquireLock end
GoTrueClient@sb-bgxknceshxxifwytalex-auth-token:0 (2.93.3) 2026-02-02T15:20:17.686Z #_acquireLock begin [33m10000[39m
GoTrueClient@sb-bgxknceshxxifwytalex-auth-token:0 (2.93.3) 2026-02-02T15:20:17.686Z #_acquireLock end
GoTrueClient@sb-bgxknceshxxifwytalex-auth-token:0 (2.93.3) 2026-02-02T15:20:17.686Z #_acquireLock begin [33m10000[39m
GoTrueClient@sb-bgxknceshxxifwytalex-auth-token:0 (2.93.3) 2026-02-02T15:20:17.686Z #_acquireLock end
GoTrueClient@sb-bgxknceshxxifwytalex-auth-token:0 (2.93.3) 2026-02-02T15:20:17.686Z #_acquireLock begin [33m10000[39m
GoTrueClient@sb-bgxknceshxxifwytalex-auth-token:0 (2.93.3) 2026-02-02T15:20:17.686Z #_acquireLock end
GoTrueClient@sb-bgxknceshxxifwytalex-auth-token:0 (2.93.3) 2026-02-02T15:20:17.686Z #_acquireLock begin [33m10000[39m
GoTrueClient@sb-bgxknceshxxifwytalex-auth-token:0 (2.93.3) 2026-02-02T15:20:17.686Z #_acquireLock end
GoTrueClient@sb-bgxknceshxxifwytalex-auth-token:0 (2.93.3) 2026-02-02T15:20:17.686Z #_acquireLock begin [33m10000[39m
GoTrueClient@sb-bgxknceshxxifwytalex-auth-token:0 (2.93.3) 2026-02-02T15:20:17.686Z #_acquireLock end
GoTrueClient@sb-bgxknceshxxifwytalex-auth-token:0 (2.93.3) 2026-02-02T15:20:17.686Z #_acquireLock begin [33m10000[39m
GoTrueClient@sb-bgxknceshxxifwytalex-auth-token:0 (2.93.3) 2026-02-02T15:20:17.686Z #_acquireLock end
GoTrueClient@sb-bgxknceshxxifwytalex-auth-token:0 (2.93.3) 2026-02-02T15:20:17.686Z #_acquireLock begin [33m10000[39m
GoTrueClient@sb-bgxknceshxxifwytalex-auth-token:0 (2.93.3) 2026-02-02T15:20:17.686Z #_acquireLock end
GoTrueClient@sb-bgxknceshxxifwytalex-auth-token:0 (2.93.3) 2026-02-02T15:20:17.686Z #_acquireLock begin [33m10000[39m
GoTrueClient@sb-bgxknceshxxifwytalex-auth-token:0 (2.93.3) 2026-02-02T15:20:17.686Z #_acquireLock end
GoTrueClient@sb-bgxknceshxxifwytalex-auth-token:0 (2.93.3) 2026-02-02T15:20:17.686Z #_acquireLock begin [33m10000[39m
GoTrueClient@sb-bgxknceshxxifwytalex-auth-token:0 (2.93.3) 2026-02-02T15:20:17.686Z #_acquireLock end
GoTrueClient@sb-bgxknceshxxifwytalex-auth-token:0 (2.93.3) 2026-02-02T15:20:17.686Z #_acquireLock begin [33m10000[39m
GoTrueClient@sb-bgxknceshxxifwytalex-auth-token:0 (2.93.3) 2026-02-02T15:20:17.686Z #_acquireLock end
GoTrueClient@sb-bgxknceshxxifwytalex-auth-token:0 (2.93.3) 2026-02-02T15:20:17.686Z #_acquireLock begin [33m10000[39m
GoTrueClient@sb-bgxknceshxxifwytalex-auth-token:0 (2.93.3) 2026-02-02T15:20:17.686Z #_acquireLock end
GoTrueClient@sb-bgxknceshxxifwytalex-auth-token:0 (2.93.3) 2026-02-02T15:20:17.686Z #_acquireLock begin [33m10000[39m
GoTrueClient@sb-bgxknceshxxifwytalex-auth-token:0 (2.93.3) 2026-02-02T15:20:17.686Z #_acquireLock end
GoTrueClient@sb-bgxknceshxxifwytalex-auth-token:0 (2.93.3) 2026-02-02T15:20:17.686Z #_acquireLock begin [33m10000[39m
GoTrueClient@sb-bgxknceshxxifwytalex-auth-token:0 (2.93.3) 2026-02-02T15:20:17.686Z #_acquireLock end
GoTrueClient@sb-bgxknceshxxifwytalex-auth-token:0 (2.93.3) 2026-02-02T15:20:17.686Z #_acquireLock begin [33m10000[39m
GoTrueClient@sb-bgxknceshxxifwytalex-auth-token:0 (2.93.3) 2026-02-02T15:20:17.686Z #_acquireLock end
GoTrueClient@sb-bgxknceshxxifwytalex-auth-token:0 (2.93.3) 2026-02-02T15:20:17.686Z #_acquireLock begin [33m10000[39m
GoTrueClient@sb-bgxknceshxxifwytalex-auth-token:0 (2.93.3) 2026-02-02T15:20:17.686Z #_acquireLock end
GoTrueClient@sb-bgxknceshxxifwytalex-auth-token:0 (2.93.3) 2026-02-02T15:20:17.686Z #_acquireLock begin [33m10000[39m
GoTrueClient@sb-bgxknceshxxifwytalex-auth-token:0 (2.93.3) 2026-02-02T15:20:17.686Z #_acquireLock end
GoTrueClient@sb-bgxknceshxxifwytalex-auth-token:0 (2.93.3) 2026-02-02T15:20:17.686Z #_acquireLock begin [33m10000[39m
GoTrueClient@sb-bgxknceshxxifwytalex-auth-token:0 (2.93.3) 2026-02-02T15:20:17.686Z #_acquireLock end
GoTrueClient@sb-bgxknceshxxifwytalex-auth-token:0 (2.93.3) 2026-02-02T15:20:17.686Z #_acquireLock begin [33m10000[39m
GoTrueClient@sb-bgxknceshxxifwytalex-auth-token:0 (2.93.3) 2026-02-02T15:20:17.686Z #_acquireLock end
GoTrueClient@sb-bgxknceshxxifwytalex-auth-token:0 (2.93.3) 2026-02-02T15:20:17.686Z #_acquireLock begin [33m10000[39m
GoTrueClient@sb-bgxknceshxxifwytalex-auth-token:0 (2.93.3) 2026-02-02T15:20:17.686Z #_acquireLock end
GoTrueClient@sb-bgxknceshxxifwytalex-auth-token:0 (2.93.3) 2026-02-02T15:20:17.686Z #_acquireLock begin [33m10000[39m
GoTrueClient@sb-bgxknceshxxifwytalex-auth-token:0 (2.93.3) 2026-02-02T15:20:17.686Z #_acquireLock end
GoTrueClient@sb-bgxknceshxxifwytalex-auth-token:0 (2.93.3) 2026-02-02T15:20:17.686Z #_acquireLock begin [33m10000[39m
GoTrueClient@sb-bgxknceshxxifwytalex-auth-token:0 (2.93.3) 2026-02-02T15:20:17.686Z #_acquireLock end
GoTrueClient@sb-bgxknceshxxifwytalex-auth-token:0 (2.93.3) 2026-02-02T15:20:17.686Z #_acquireLock begin [33m10000[39m
GoTrueClient@sb-bgxknceshxxifwytalex-auth-token:0 (2.93.3) 2026-02-02T15:20:17.686Z #_acquireLock end
GoTrueClient@sb-bgxknceshxxifwytalex-auth-token:0 (2.93.3) 2026-02-02T15:20:17.686Z #_acquireLock begin [33m10000[39m
GoTrueClient@sb-bgxknceshxxifwytalex-auth-token:0 (2.93.3) 2026-02-02T15:20:17.686Z #_acquireLock end
GoTrueClient@sb-bgxknceshxxifwytalex-auth-token:0 (2.93.3) 2026-02-02T15:20:17.686Z #_acquireLock begin [33m10000[39m
GoTrueClient@sb-bgxknceshxxifwytalex-auth-token:0 (2.93.3) 2026-02-02T15:20:17.686Z #_acquireLock end
GoTrueClient@sb-bgxknceshxxifwytalex-auth-token:0 (2.93.3) 2026-02-02T15:20:17.686Z #_acquireLock begin [33m10000[39m
GoTrueClient@sb-bgxknceshxxifwytalex-auth-token:0 (2.93.3) 2026-02-02T15:20:17.686Z #_acquireLock end
GoTrueClient@sb-bgxknceshxxifwytalex-auth-token:0 (2.93.3) 2026-02-02T15:20:17.686Z #_acquireLock begin [33m10000[39m
GoTrueClient@sb-bgxknceshxxifwytalex-auth-token:0 (2.93.3) 2026-02-02T15:20:17.686Z #_acquireLock end
GoTrueClient@sb-bgxknceshxxifwytalex-auth-token:0 (2.93.3) 2026-02-02T15:20:17.686Z #_acquireLock begin [33m10000[39m
GoTrueClient@sb-bgxknceshxxifwytalex-auth-token:0 (2.93.3) 2026-02-02T15:20:17.686Z #_acquireLock end
GoTrueClient@sb-bgxknceshxxifwytalex-auth-token:0 (2.93.3) 2026-02-02T15:20:17.686Z #_acquireLock begin [33m10000[39m
GoTrueClient@sb-bgxknceshxxifwytalex-auth-token:0 (2.93.3) 2026-02-02T15:20:17.686Z #_acquireLock end
GoTrueClient@sb-bgxknceshxxifwytalex-auth-token:0 (2.93.3) 2026-02-02T15:20:17.686Z #_acquireLock begin [33m10000[39m
GoTrueClient@sb-bgxknceshxxifwytalex-auth-token:0 (2.93.3) 2026-02-02T15:20:17.686Z #_acquireLock end
GoTrueClient@sb-bgxknceshxxifwytalex-auth-token:0 (2.93.3) 2026-02-02T15:20:17.686Z #_acquireLock begin [33m10000[39m
GoTrueClient@sb-bgxknceshxxifwytalex-auth-token:0 (2.93.3) 2026-02-02T15:20:17.686Z #_acquireLock end
GoTrueClient@sb-bgxknceshxxifwytalex-auth-token:0 (2.93.3) 2026-02-02T15:20:17.686Z #_acquireLock begin [33m10000[39m
GoTrueClient@sb-bgxknceshxxifwytalex-auth-token:0 (2.93.3) 2026-02-02T15:20:17.686Z #_acquireLock end
GoTrueClient@sb-bgxknceshxxifwytalex-auth-token:0 (2.93.3) 2026-02-02T15:20:17.686Z #_acquireLock begin [33m10000[39m
GoTrueClient@sb-bgxknceshxxifwytalex-auth-token:0 (2.93.3) 2026-02-02T15:20:17.686Z #_acquireLock end
GoTrueClient@sb-bgxknceshxxifwytalex-auth-token:0 (2.93.3) 2026-02-02T15:20:17.686Z #_acquireLock begin [33m10000[39m
GoTrueClient@sb-bgxknceshxxifwytalex-auth-token:0 (2.93.3) 2026-02-02T15:20:17.686Z #_acquireLock end
GoTrueClient@sb-bgxknceshxxifwytalex-auth-token:0 (2.93.3) 2026-02-02T15:20:17.686Z #_acquireLock begin [33m10000[39m
GoTrueClient@sb-bgxknceshxxifwytalex-auth-token:0 (2.93.3) 2026-02-02T15:20:17.686Z #_acquireLock end
GoTrueClient@sb-bgxknceshxxifwytalex-auth-token:0 (2.93.3) 2026-02-02T15:20:17.686Z #_acquireLock begin [33m10000[39m
GoTrueClient@sb-bgxknceshxxifwytalex-auth-token:0 (2.93.3) 2026-02-02T15:20:17.686Z #_acquireLock end
GoTrueClient@sb-bgxknceshxxifwytalex-auth-token:0 (2.93.3) 2026-02-02T15:20:17.686Z #_acquireLock begin [33m10000[39m
GoTrueClient@sb-bgxknceshxxifwytalex-auth-token:0 (2.93.3) 2026-02-02T15:20:17.686Z #_acquireLock end
GoTrueClient@sb-bgxknceshxxifwytalex-auth-token:0 (2.93.3) 2026-02-02T15:20:17.686Z #_acquireLock begin [33m10000[39m
GoTrueClient@sb-bgxknceshxxifwytalex-auth-token:0 (2.93.3) 2026-02-02T15:20:17.686Z #_acquireLock end
GoTrueClient@sb-bgxknceshxxifwytalex-auth-token:0 (2.93.3) 2026-02-02T15:20:17.686Z #_acquireLock begin [33m10000[39m
GoTrueClient@sb-bgxknceshxxifwytalex-auth-token:0 (2.93.3) 2026-02-02T15:20:17.686Z #_acquireLock end
GoTrueClient@sb-bgxknceshxxifwytalex-auth-token:0 (2.93.3) 2026-02-02T15:20:17.686Z #_acquireLock begin [33m10000[39m
GoTrueClient@sb-bgxknceshxxifwytalex-auth-token:0 (2.93.3) 2026-02-02T15:20:17.686Z #_acquireLock end
GoTrueClient@sb-bgxknceshxxifwytalex-auth-token:0 (2.93.3) 2026-02-02T15:20:17.686Z #_acquireLock begin [33m10000[39m
GoTrueClient@sb-bgxknceshxxifwytalex-auth-token:0 (2.93.3) 2026-02-02T15:20:17.686Z #_acquireLock end
GoTrueClient@sb-bgxknceshxxifwytalex-auth-token:0 (2.93.3) 2026-02-02T15:20:17.686Z #_acquireLock begin [33m10000[39m
GoTrueClient@sb-bgxknceshxxifwytalex-auth-token:0 (2.93.3) 2026-02-02T15:20:17.686Z #_acquireLock end
GoTrueClient@sb-bgxknceshxxifwytalex-auth-token:0 (2.93.3) 2026-02-02T15:20:17.686Z #_acquireLock begin [33m10000[39m
GoTrueClient@sb-bgxknceshxxifwytalex-auth-token:0 (2.93.3) 2026-02-02T15:20:17.687Z #_acquireLock end
GoTrueClient@sb-bgxknceshxxifwytalex-auth-token:0 (2.93.3) 2026-02-02T15:20:17.687Z #_acquireLock begin [33m10000[39m
GoTrueClient@sb-bgxknceshxxifwytalex-auth-token:0 (2.93.3) 2026-02-02T15:20:17.687Z #_acquireLock end
GoTrueClient@sb-bgxknceshxxifwytalex-auth-token:0 (2.93.3) 2026-02-02T15:20:17.687Z #_acquireLock begin [33m10000[39m
GoTrueClient@sb-bgxknceshxxifwytalex-auth-token:0 (2.93.3) 2026-02-02T15:20:17.687Z #_acquireLock end
GoTrueClient@sb-bgxknceshxxifwytalex-auth-token:0 (2.93.3) 2026-02-02T15:20:17.687Z #_acquireLock begin [33m10000[39m
GoTrueClient@sb-bgxknceshxxifwytalex-auth-token:0 (2.93.3) 2026-02-02T15:20:17.687Z #_acquireLock end
GoTrueClient@sb-bgxknceshxxifwytalex-auth-token:0 (2.93.3) 2026-02-02T15:20:17.687Z #_acquireLock begin [33m10000[39m
GoTrueClient@sb-bgxknceshxxifwytalex-auth-token:0 (2.93.3) 2026-02-02T15:20:17.687Z #_acquireLock end
GoTrueClient@sb-bgxknceshxxifwytalex-auth-token:0 (2.93.3) 2026-02-02T15:20:17.687Z #_acquireLock begin [33m10000[39m
GoTrueClient@sb-bgxknceshxxifwytalex-auth-token:0 (2.93.3) 2026-02-02T15:20:17.687Z #_acquireLock end
GoTrueClient@sb-bgxknceshxxifwytalex-auth-token:0 (2.93.3) 2026-02-02T15:20:17.687Z #_acquireLock begin [33m10000[39m
GoTrueClient@sb-bgxknceshxxifwytalex-auth-token:0 (2.93.3) 2026-02-02T15:20:17.687Z #_acquireLock end
GoTrueClient@sb-bgxknceshxxifwytalex-auth-token:0 (2.93.3) 2026-02-02T15:20:17.687Z #_acquireLock begin [33m10000[39m
GoTrueClient@sb-bgxknceshxxifwytalex-auth-token:0 (2.93.3) 2026-02-02T15:20:17.687Z #_acquireLock end
GoTrueClient@sb-bgxknceshxxifwytalex-auth-token:0 (2.93.3) 2026-02-02T15:20:17.687Z #_acquireLock begin [33m10000[39m
GoTrueClient@sb-bgxknceshxxifwytalex-auth-token:0 (2.93.3) 2026-02-02T15:20:17.687Z #_acquireLock end
GoTrueClient@sb-bgxknceshxxifwytalex-auth-token:0 (2.93.3) 2026-02-02T15:20:17.687Z #_acquireLock begin [33m10000[39m
GoTrueClient@sb-bgxknceshxxifwytalex-auth-token:0 (2.93.3) 2026-02-02T15:20:17.687Z #_acquireLock end
GoTrueClient@sb-bgxknceshxxifwytalex-auth-token:0 (2.93.3) 2026-02-02T15:20:17.687Z #_acquireLock begin [33m10000[39m
GoTrueClient@sb-bgxknceshxxifwytalex-auth-token:0 (2.93.3) 2026-02-02T15:20:17.687Z #_acquireLock end
GoTrueClient@sb-bgxknceshxxifwytalex-auth-token:0 (2.93.3) 2026-02-02T15:20:17.687Z #_acquireLock begin [33m10000[39m
GoTrueClient@sb-bgxknceshxxifwytalex-auth-token:0 (2.93.3) 2026-02-02T15:20:17.687Z #_acquireLock end
GoTrueClient@sb-bgxknceshxxifwytalex-auth-token:0 (2.93.3) 2026-02-02T15:20:17.687Z #_acquireLock begin [33m10000[39m
GoTrueClient@sb-bgxknceshxxifwytalex-auth-token:0 (2.93.3) 2026-02-02T15:20:17.687Z #_acquireLock end
GoTrueClient@sb-bgxknceshxxifwytalex-auth-token:0 (2.93.3) 2026-02-02T15:20:17.687Z #_acquireLock begin [33m10000[39m
GoTrueClient@sb-bgxknceshxxifwytalex-auth-token:0 (2.93.3) 2026-02-02T15:20:17.687Z #_acquireLock end
GoTrueClient@sb-bgxknceshxxifwytalex-auth-token:0 (2.93.3) 2026-02-02T15:20:17.687Z #_acquireLock begin [33m10000[39m
GoTrueClient@sb-bgxknceshxxifwytalex-auth-token:0 (2.93.3) 2026-02-02T15:20:17.687Z #_acquireLock end
GoTrueClient@sb-bgxknceshxxifwytalex-auth-token:0 (2.93.3) 2026-02-02T15:20:17.687Z #_acquireLock begin [33m10000[39m
GoTrueClient@sb-bgxknceshxxifwytalex-auth-token:0 (2.93.3) 2026-02-02T15:20:17.687Z #_acquireLock end
GoTrueClient@sb-bgxknceshxxifwytalex-auth-token:0 (2.93.3) 2026-02-02T15:20:17.687Z #_acquireLock begin [33m10000[39m
GoTrueClient@sb-bgxknceshxxifwytalex-auth-token:0 (2.93.3) 2026-02-02T15:20:17.687Z #_acquireLock end
GoTrueClient@sb-bgxknceshxxifwytalex-auth-token:0 (2.93.3) 2026-02-02T15:20:17.687Z #_acquireLock begin [33m10000[39m
GoTrueClient@sb-bgxknceshxxifwytalex-auth-token:0 (2.93.3) 2026-02-02T15:20:17.687Z #_acquireLock end
GoTrueClient@sb-bgxknceshxxifwytalex-auth-token:0 (2.93.3) 2026-02-02T15:20:17.687Z #_acquireLock begin [33m10000[39m
GoTrueClient@sb-bgxknceshxxifwytalex-auth-token:0 (2.93.3) 2026-02-02T15:20:17.687Z #_acquireLock end
GoTrueClient@sb-bgxknceshxxifwytalex-auth-token:0 (2.93.3) 2026-02-02T15:20:17.687Z #_acquireLock begin [33m10000[39m
GoTrueClient@sb-bgxknceshxxifwytalex-auth-token:0 (2.93.3) 2026-02-02T15:20:17.687Z #_acquireLock end
GoTrueClient@sb-bgxknceshxxifwytalex-auth-token:0 (2.93.3) 2026-02-02T15:20:17.687Z #_acquireLock begin [33m10000[39m
GoTrueClient@sb-bgxknceshxxifwytalex-auth-token:0 (2.93.3) 2026-02-02T15:20:17.687Z #_acquireLock end
GoTrueClient@sb-bgxknceshxxifwytalex-auth-token:0 (2.93.3) 2026-02-02T15:20:17.687Z #_acquireLock begin [33m10000[39m
GoTrueClient@sb-bgxknceshxxifwytalex-auth-token:0 (2.93.3) 2026-02-02T15:20:17.687Z #_acquireLock end
GoTrueClient@sb-bgxknceshxxifwytalex-auth-token:0 (2.93.3) 2026-02-02T15:20:17.687Z #_acquireLock begin [33m10000[39m
GoTrueClient@sb-bgxknceshxxifwytalex-auth-token:0 (2.93.3) 2026-02-02T15:20:17.687Z #_acquireLock end
GoTrueClient@sb-bgxknceshxxifwytalex-auth-token:0 (2.93.3) 2026-02-02T15:20:17.687Z #_acquireLock begin [33m10000[39m
GoTrueClient@sb-bgxknceshxxifwytalex-auth-token:0 (2.93.3) 2026-02-02T15:20:17.687Z #_acquireLock end
GoTrueClient@sb-bgxknceshxxifwytalex-auth-token:0 (2.93.3) 2026-02-02T15:20:17.687Z #_acquireLock begin [33m10000[39m
GoTrueClient@sb-bgxknceshxxifwytalex-auth-token:0 (2.93.3) 2026-02-02T15:20:17.687Z #_acquireLock end
GoTrueClient@sb-bgxknceshxxifwytalex-auth-token:0 (2.93.3) 2026-02-02T15:20:17.687Z #_acquireLock begin [33m10000[39m
GoTrueClient@sb-bgxknceshxxifwytalex-auth-token:0 (2.93.3) 2026-02-02T15:20:17.687Z #_acquireLock end
GoTrueClient@sb-bgxknceshxxifwytalex-auth-token:0 (2.93.3) 2026-02-02T15:20:17.687Z #_acquireLock begin [33m10000[39m
GoTrueClient@sb-bgxknceshxxifwytalex-auth-token:0 (2.93.3) 2026-02-02T15:20:17.687Z #_acquireLock end
GoTrueClient@sb-bgxknceshxxifwytalex-auth-token:0 (2.93.3) 2026-02-02T15:20:17.687Z #_acquireLock begin [33m10000[39m
GoTrueClient@sb-bgxknceshxxifwytalex-auth-token:0 (2.93.3) 2026-02-02T15:20:17.687Z #_acquireLock end
GoTrueClient@sb-bgxknceshxxifwytalex-auth-token:0 (2.93.3) 2026-02-02T15:20:17.687Z #_acquireLock begin [33m10000[39m
GoTrueClient@sb-bgxknceshxxifwytalex-auth-token:0 (2.93.3) 2026-02-02T15:20:17.687Z #_acquireLock end
GoTrueClient@sb-bgxknceshxxifwytalex-auth-token:0 (2.93.3) 2026-02-02T15:20:17.687Z #_acquireLock begin [33m10000[39m
GoTrueClient@sb-bgxknceshxxifwytalex-auth-token:0 (2.93.3) 2026-02-02T15:20:17.687Z #_acquireLock end
GoTrueClient@sb-bgxknceshxxifwytalex-auth-token:0 (2.93.3) 2026-02-02T15:20:17.687Z #_acquireLock begin [33m10000[39m
GoTrueClient@sb-bgxknceshxxifwytalex-auth-token:0 (2.93.3) 2026-02-02T15:20:17.687Z #_acquireLock end
GoTrueClient@sb-bgxknceshxxifwytalex-auth-token:0 (2.93.3) 2026-02-02T15:20:17.687Z #_acquireLock begin [33m10000[39m
GoTrueClient@sb-bgxknceshxxifwytalex-auth-token:0 (2.93.3) 2026-02-02T15:20:17.687Z #_acquireLock end
GoTrueClient@sb-bgxknceshxxifwytalex-auth-token:0 (2.93.3) 2026-02-02T15:20:17.687Z #_acquireLock begin [33m10000[39m
GoTrueClient@sb-bgxknceshxxifwytalex-auth-token:0 (2.93.3) 2026-02-02T15:20:17.687Z #_acquireLock end
GoTrueClient@sb-bgxknceshxxifwytalex-auth-token:0 (2.93.3) 2026-02-02T15:20:17.687Z #_acquireLock begin [33m10000[39m
GoTrueClient@sb-bgxknceshxxifwytalex-auth-token:0 (2.93.3) 2026-02-02T15:20:17.687Z #_acquireLock end
GoTrueClient@sb-bgxknceshxxifwytalex-auth-token:0 (2.93.3) 2026-02-02T15:20:17.687Z #_acquireLock begin [33m10000[39m
GoTrueClient@sb-bgxknceshxxifwytalex-auth-token:0 (2.93.3) 2026-02-02T15:20:17.687Z #_acquireLock end
GoTrueClient@sb-bgxknceshxxifwytalex-auth-token:0 (2.93.3) 2026-02-02T15:20:17.687Z #_acquireLock begin [33m10000[39m
GoTrueClient@sb-bgxknceshxxifwytalex-auth-token:0 (2.93.3) 2026-02-02T15:20:17.687Z #_acquireLock end
GoTrueClient@sb-bgxknceshxxifwytalex-auth-token:0 (2.93.3) 2026-02-02T15:20:17.687Z #_acquireLock begin [33m10000[39m
GoTrueClient@sb-bgxknceshxxifwytalex-auth-token:0 (2.93.3) 2026-02-02T15:20:17.687Z #_acquireLock end
GoTrueClient@sb-bgxknceshxxifwytalex-auth-token:0 (2.93.3) 2026-02-02T15:20:17.687Z #_acquireLock begin [33m10000[39m
GoTrueClient@sb-bgxknceshxxifwytalex-auth-token:0 (2.93.3) 2026-02-02T15:20:17.687Z #_acquireLock end
GoTrueClient@sb-bgxknceshxxifwytalex-auth-token:0 (2.93.3) 2026-02-02T15:20:17.687Z #_acquireLock begin [33m10000[39m
GoTrueClient@sb-bgxknceshxxifwytalex-auth-token:0 (2.93.3) 2026-02-02T15:20:17.687Z #_acquireLock end
GoTrueClient@sb-bgxknceshxxifwytalex-auth-token:0 (2.93.3) 2026-02-02T15:20:17.687Z #_acquireLock begin [33m10000[39m
GoTrueClient@sb-bgxknceshxxifwytalex-auth-token:0 (2.93.3) 2026-02-02T15:20:17.687Z #_acquireLock end
GoTrueClient@sb-bgxknceshxxifwytalex-auth-token:0 (2.93.3) 2026-02-02T15:20:17.687Z #_acquireLock begin [33m10000[39m
GoTrueClient@sb-bgxknceshxxifwytalex-auth-token:0 (2.93.3) 2026-02-02T15:20:17.687Z #_acquireLock end
GoTrueClient@sb-bgxknceshxxifwytalex-auth-token:0 (2.93.3) 2026-02-02T15:20:17.687Z #_acquireLock begin [33m10000[39m
GoTrueClient@sb-bgxknceshxxifwytalex-auth-token:0 (2.93.3) 2026-02-02T15:20:17.687Z #_acquireLock end
GoTrueClient@sb-bgxknceshxxifwytalex-auth-token:0 (2.93.3) 2026-02-02T15:20:17.687Z #_acquireLock begin [33m10000[39m
GoTrueClient@sb-bgxknceshxxifwytalex-auth-token:0 (2.93.3) 2026-02-02T15:20:17.687Z #_acquireLock end
GoTrueClient@sb-bgxknceshxxifwytalex-auth-token:0 (2.93.3) 2026-02-02T15:20:17.688Z #_acquireLock begin [33m10000[39m
GoTrueClient@sb-bgxknceshxxifwytalex-auth-token:0 (2.93.3) 2026-02-02T15:20:17.688Z #_acquireLock end
GoTrueClient@sb-bgxknceshxxifwytalex-auth-token:0 (2.93.3) 2026-02-02T15:20:17.688Z #_acquireLock begin [33m10000[39m
GoTrueClient@sb-bgxknceshxxifwytalex-auth-token:0 (2.93.3) 2026-02-02T15:20:17.688Z #_acquireLock end
GoTrueClient@sb-bgxknceshxxifwytalex-auth-token:0 (2.93.3) 2026-02-02T15:20:17.688Z #_acquireLock begin [33m10000[39m
GoTrueClient@sb-bgxknceshxxifwytalex-auth-token:0 (2.93.3) 2026-02-02T15:20:17.688Z #_acquireLock end
GoTrueClient@sb-bgxknceshxxifwytalex-auth-token:0 (2.93.3) 2026-02-02T15:20:17.688Z #_acquireLock begin [33m10000[39m
GoTrueClient@sb-bgxknceshxxifwytalex-auth-token:0 (2.93.3) 2026-02-02T15:20:17.688Z #_acquireLock end
GoTrueClient@sb-bgxknceshxxifwytalex-auth-token:0 (2.93.3) 2026-02-02T15:20:17.688Z #_acquireLock begin [33m10000[39m
GoTrueClient@sb-bgxknceshxxifwytalex-auth-token:0 (2.93.3) 2026-02-02T15:20:17.688Z #_acquireLock end
GoTrueClient@sb-bgxknceshxxifwytalex-auth-token:0 (2.93.3) 2026-02-02T15:20:17.688Z #_acquireLock begin [33m10000[39m
GoTrueClient@sb-bgxknceshxxifwytalex-auth-token:0 (2.93.3) 2026-02-02T15:20:17.688Z #_acquireLock end
GoTrueClient@sb-bgxknceshxxifwytalex-auth-token:0 (2.93.3) 2026-02-02T15:20:17.688Z #_acquireLock begin [33m10000[39m
GoTrueClient@sb-bgxknceshxxifwytalex-auth-token:0 (2.93.3) 2026-02-02T15:20:17.688Z #_acquireLock end
GoTrueClient@sb-bgxknceshxxifwytalex-auth-token:0 (2.93.3) 2026-02-02T15:20:17.688Z #_acquireLock begin [33m10000[39m
GoTrueClient@sb-bgxknceshxxifwytalex-auth-token:0 (2.93.3) 2026-02-02T15:20:17.688Z #_acquireLock end
GoTrueClient@sb-bgxknceshxxifwytalex-auth-token:0 (2.93.3) 2026-02-02T15:20:17.688Z #_acquireLock begin [33m10000[39m
GoTrueClient@sb-bgxknceshxxifwytalex-auth-token:0 (2.93.3) 2026-02-02T15:20:17.688Z #_acquireLock end
GoTrueClient@sb-bgxknceshxxifwytalex-auth-token:0 (2.93.3) 2026-02-02T15:20:17.688Z #_acquireLock begin [33m10000[39m
GoTrueClient@sb-bgxknceshxxifwytalex-auth-token:0 (2.93.3) 2026-02-02T15:20:17.688Z #_acquireLock end
GoTrueClient@sb-bgxknceshxxifwytalex-auth-token:0 (2.93.3) 2026-02-02T15:20:17.688Z #_acquireLock begin [33m10000[39m
GoTrueClient@sb-bgxknceshxxifwytalex-auth-token:0 (2.93.3) 2026-02-02T15:20:17.688Z #_acquireLock end
GoTrueClient@sb-bgxknceshxxifwytalex-auth-token:0 (2.93.3) 2026-02-02T15:20:17.688Z #_acquireLock begin [33m10000[39m
GoTrueClient@sb-bgxknceshxxifwytalex-auth-token:0 (2.93.3) 2026-02-02T15:20:17.688Z #_acquireLock end
GoTrueClient@sb-bgxknceshxxifwytalex-auth-token:0 (2.93.3) 2026-02-02T15:20:17.688Z #_acquireLock begin [33m10000[39m
GoTrueClient@sb-bgxknceshxxifwytalex-auth-token:0 (2.93.3) 2026-02-02T15:20:17.688Z #_acquireLock end
GoTrueClient@sb-bgxknceshxxifwytalex-auth-token:0 (2.93.3) 2026-02-02T15:20:17.688Z #_acquireLock begin [33m10000[39m
GoTrueClient@sb-bgxknceshxxifwytalex-auth-token:0 (2.93.3) 2026-02-02T15:20:17.688Z #_acquireLock end
GoTrueClient@sb-bgxknceshxxifwytalex-auth-token:0 (2.93.3) 2026-02-02T15:20:17.688Z #_acquireLock begin [33m10000[39m
GoTrueClient@sb-bgxknceshxxifwytalex-auth-token:0 (2.93.3) 2026-02-02T15:20:17.688Z #_acquireLock end
GoTrueClient@sb-bgxknceshxxifwytalex-auth-token:0 (2.93.3) 2026-02-02T15:20:17.688Z #_acquireLock begin [33m10000[39m
GoTrueClient@sb-bgxknceshxxifwytalex-auth-token:0 (2.93.3) 2026-02-02T15:20:17.688Z #_acquireLock end
GoTrueClient@sb-bgxknceshxxifwytalex-auth-token:0 (2.93.3) 2026-02-02T15:20:17.688Z #_acquireLock begin [33m10000[39m
GoTrueClient@sb-bgxknceshxxifwytalex-auth-token:0 (2.93.3) 2026-02-02T15:20:17.688Z #_acquireLock end
GoTrueClient@sb-bgxknceshxxifwytalex-auth-token:0 (2.93.3) 2026-02-02T15:20:17.688Z #_acquireLock begin [33m10000[39m
GoTrueClient@sb-bgxknceshxxifwytalex-auth-token:0 (2.93.3) 2026-02-02T15:20:17.688Z #_acquireLock end
GoTrueClient@sb-bgxknceshxxifwytalex-auth-token:0 (2.93.3) 2026-02-02T15:20:17.688Z #_acquireLock begin [33m10000[39m
GoTrueClient@sb-bgxknceshxxifwytalex-auth-token:0 (2.93.3) 2026-02-02T15:20:17.688Z #_acquireLock end
GoTrueClient@sb-bgxknceshxxifwytalex-auth-token:0 (2.93.3) 2026-02-02T15:20:17.688Z #_acquireLock begin [33m10000[39m
GoTrueClient@sb-bgxknceshxxifwytalex-auth-token:0 (2.93.3) 2026-02-02T15:20:17.688Z #_acquireLock end
GoTrueClient@sb-bgxknceshxxifwytalex-auth-token:0 (2.93.3) 2026-02-02T15:20:17.688Z #_acquireLock begin [33m10000[39m
GoTrueClient@sb-bgxknceshxxifwytalex-auth-token:0 (2.93.3) 2026-02-02T15:20:17.688Z #_acquireLock end
GoTrueClient@sb-bgxknceshxxifwytalex-auth-token:0 (2.93.3) 2026-02-02T15:20:17.688Z #_acquireLock begin [33m10000[39m
GoTrueClient@sb-bgxknceshxxifwytalex-auth-token:0 (2.93.3) 2026-02-02T15:20:17.688Z #_acquireLock end
GoTrueClient@sb-bgxknceshxxifwytalex-auth-token:0 (2.93.3) 2026-02-02T15:20:17.688Z #_acquireLock begin [33m10000[39m
GoTrueClient@sb-bgxknceshxxifwytalex-auth-token:0 (2.93.3) 2026-02-02T15:20:17.688Z #_acquireLock end
GoTrueClient@sb-bgxknceshxxifwytalex-auth-token:0 (2.93.3) 2026-02-02T15:20:17.688Z #_acquireLock begin [33m10000[39m
GoTrueClient@sb-bgxknceshxxifwytalex-auth-token:0 (2.93.3) 2026-02-02T15:20:17.688Z #_acquireLock end
GoTrueClient@sb-bgxknceshxxifwytalex-auth-token:0 (2.93.3) 2026-02-02T15:20:17.688Z #_acquireLock begin [33m10000[39m
GoTrueClient@sb-bgxknceshxxifwytalex-auth-token:0 (2.93.3) 2026-02-02T15:20:17.688Z #_acquireLock end
GoTrueClient@sb-bgxknceshxxifwytalex-auth-token:0 (2.93.3) 2026-02-02T15:20:17.688Z #_acquireLock begin [33m10000[39m
GoTrueClient@sb-bgxknceshxxifwytalex-auth-token:0 (2.93.3) 2026-02-02T15:20:17.688Z #_acquireLock end
GoTrueClient@sb-bgxknceshxxifwytalex-auth-token:0 (2.93.3) 2026-02-02T15:20:17.688Z #_acquireLock begin [33m10000[39m
GoTrueClient@sb-bgxknceshxxifwytalex-auth-token:0 (2.93.3) 2026-02-02T15:20:17.688Z #_acquireLock end
GoTrueClient@sb-bgxknceshxxifwytalex-auth-token:0 (2.93.3) 2026-02-02T15:20:17.688Z #_acquireLock begin [33m10000[39m
GoTrueClient@sb-bgxknceshxxifwytalex-auth-token:0 (2.93.3) 2026-02-02T15:20:17.688Z #_acquireLock end
GoTrueClient@sb-bgxknceshxxifwytalex-auth-token:0 (2.93.3) 2026-02-02T15:20:17.688Z #_acquireLock begin [33m10000[39m
GoTrueClient@sb-bgxknceshxxifwytalex-auth-token:0 (2.93.3) 2026-02-02T15:20:17.688Z #_acquireLock end
GoTrueClient@sb-bgxknceshxxifwytalex-auth-token:0 (2.93.3) 2026-02-02T15:20:17.688Z #_acquireLock begin [33m10000[39m
GoTrueClient@sb-bgxknceshxxifwytalex-auth-token:0 (2.93.3) 2026-02-02T15:20:17.689Z #_acquireLock end
GoTrueClient@sb-bgxknceshxxifwytalex-auth-token:0 (2.93.3) 2026-02-02T15:20:17.689Z #_acquireLock begin [33m10000[39m
GoTrueClient@sb-bgxknceshxxifwytalex-auth-token:0 (2.93.3) 2026-02-02T15:20:17.689Z #_acquireLock end
GoTrueClient@sb-bgxknceshxxifwytalex-auth-token:0 (2.93.3) 2026-02-02T15:20:17.689Z #_acquireLock begin [33m10000[39m
GoTrueClient@sb-bgxknceshxxifwytalex-auth-token:0 (2.93.3) 2026-02-02T15:20:17.689Z #_acquireLock end
GoTrueClient@sb-bgxknceshxxifwytalex-auth-token:0 (2.93.3) 2026-02-02T15:20:17.689Z #_acquireLock begin [33m10000[39m
GoTrueClient@sb-bgxknceshxxifwytalex-auth-token:0 (2.93.3) 2026-02-02T15:20:17.689Z #_acquireLock end
GoTrueClient@sb-bgxknceshxxifwytalex-auth-token:0 (2.93.3) 2026-02-02T15:20:17.689Z #_acquireLock begin [33m10000[39m
GoTrueClient@sb-bgxknceshxxifwytalex-auth-token:0 (2.93.3) 2026-02-02T15:20:17.689Z #_acquireLock end
GoTrueClient@sb-bgxknceshxxifwytalex-auth-token:0 (2.93.3) 2026-02-02T15:20:17.689Z #_acquireLock begin [33m10000[39m
GoTrueClient@sb-bgxknceshxxifwytalex-auth-token:0 (2.93.3) 2026-02-02T15:20:17.689Z #_acquireLock end
GoTrueClient@sb-bgxknceshxxifwytalex-auth-token:0 (2.93.3) 2026-02-02T15:20:17.689Z #_acquireLock begin [33m10000[39m
GoTrueClient@sb-bgxknceshxxifwytalex-auth-token:0 (2.93.3) 2026-02-02T15:20:17.689Z #_acquireLock end
GoTrueClient@sb-bgxknceshxxifwytalex-auth-token:0 (2.93.3) 2026-02-02T15:20:17.689Z #_acquireLock begin [33m10000[39m
GoTrueClient@sb-bgxknceshxxifwytalex-auth-token:0 (2.93.3) 2026-02-02T15:20:17.689Z #_acquireLock end
GoTrueClient@sb-bgxknceshxxifwytalex-auth-token:0 (2.93.3) 2026-02-02T15:20:17.689Z #_acquireLock begin [33m10000[39m
GoTrueClient@sb-bgxknceshxxifwytalex-auth-token:0 (2.93.3) 2026-02-02T15:20:17.689Z #_acquireLock end
GoTrueClient@sb-bgxknceshxxifwytalex-auth-token:0 (2.93.3) 2026-02-02T15:20:17.689Z #_acquireLock begin [33m10000[39m
GoTrueClient@sb-bgxknceshxxifwytalex-auth-token:0 (2.93.3) 2026-02-02T15:20:17.689Z #_acquireLock end
GoTrueClient@sb-bgxknceshxxifwytalex-auth-token:0 (2.93.3) 2026-02-02T15:20:17.689Z #_acquireLock begin [33m10000[39m
GoTrueClient@sb-bgxknceshxxifwytalex-auth-token:0 (2.93.3) 2026-02-02T15:20:17.689Z #_acquireLock end
GoTrueClient@sb-bgxknceshxxifwytalex-auth-token:0 (2.93.3) 2026-02-02T15:20:17.689Z #_acquireLock begin [33m10000[39m
GoTrueClient@sb-bgxknceshxxifwytalex-auth-token:0 (2.93.3) 2026-02-02T15:20:17.689Z #_acquireLock end
GoTrueClient@sb-bgxknceshxxifwytalex-auth-token:0 (2.93.3) 2026-02-02T15:20:17.689Z #_acquireLock begin [33m10000[39m
GoTrueClient@sb-bgxknceshxxifwytalex-auth-token:0 (2.93.3) 2026-02-02T15:20:17.689Z #_acquireLock end
GoTrueClient@sb-bgxknceshxxifwytalex-auth-token:0 (2.93.3) 2026-02-02T15:20:17.689Z #_acquireLock begin [33m10000[39m
GoTrueClient@sb-bgxknceshxxifwytalex-auth-token:0 (2.93.3) 2026-02-02T15:20:17.689Z #_acquireLock end
GoTrueClient@sb-bgxknceshxxifwytalex-auth-token:0 (2.93.3) 2026-02-02T15:20:17.689Z #_acquireLock begin [33m10000[39m
GoTrueClient@sb-bgxknceshxxifwytalex-auth-token:0 (2.93.3) 2026-02-02T15:20:17.689Z #_acquireLock end
GoTrueClient@sb-bgxknceshxxifwytalex-auth-token:0 (2.93.3) 2026-02-02T15:20:17.689Z #_acquireLock begin [33m10000[39m
GoTrueClient@sb-bgxknceshxxifwytalex-auth-token:0 (2.93.3) 2026-02-02T15:20:17.689Z #_acquireLock end
GoTrueClient@sb-bgxknceshxxifwytalex-auth-token:0 (2.93.3) 2026-02-02T15:20:17.689Z #_acquireLock begin [33m10000[39m
GoTrueClient@sb-bgxknceshxxifwytalex-auth-token:0 (2.93.3) 2026-02-02T15:20:17.689Z #_acquireLock end
GoTrueClient@sb-bgxknceshxxifwytalex-auth-token:0 (2.93.3) 2026-02-02T15:20:17.689Z #_acquireLock begin [33m10000[39m
GoTrueClient@sb-bgxknceshxxifwytalex-auth-token:0 (2.93.3) 2026-02-02T15:20:17.689Z #_acquireLock end
GoTrueClient@sb-bgxknceshxxifwytalex-auth-token:0 (2.93.3) 2026-02-02T15:20:17.689Z #_acquireLock begin [33m10000[39m
GoTrueClient@sb-bgxknceshxxifwytalex-auth-token:0 (2.93.3) 2026-02-02T15:20:17.689Z #_acquireLock end
GoTrueClient@sb-bgxknceshxxifwytalex-auth-token:0 (2.93.3) 2026-02-02T15:20:17.689Z #_acquireLock begin [33m10000[39m
GoTrueClient@sb-bgxknceshxxifwytalex-auth-token:0 (2.93.3) 2026-02-02T15:20:17.689Z #_acquireLock end
GoTrueClient@sb-bgxknceshxxifwytalex-auth-token:0 (2.93.3) 2026-02-02T15:20:17.689Z #_acquireLock begin [33m10000[39m
GoTrueClient@sb-bgxknceshxxifwytalex-auth-token:0 (2.93.3) 2026-02-02T15:20:17.689Z #_acquireLock end
GoTrueClient@sb-bgxknceshxxifwytalex-auth-token:0 (2.93.3) 2026-02-02T15:20:17.689Z #_acquireLock begin [33m10000[39m
GoTrueClient@sb-bgxknceshxxifwytalex-auth-token:0 (2.93.3) 2026-02-02T15:20:17.689Z #_acquireLock end
GoTrueClient@sb-bgxknceshxxifwytalex-auth-token:0 (2.93.3) 2026-02-02T15:20:17.689Z #_acquireLock begin [33m10000[39m
GoTrueClient@sb-bgxknceshxxifwytalex-auth-token:0 (2.93.3) 2026-02-02T15:20:17.689Z #_acquireLock end
GoTrueClient@sb-bgxknceshxxifwytalex-auth-token:0 (2.93.3) 2026-02-02T15:20:17.689Z #_acquireLock begin [33m10000[39m
GoTrueClient@sb-bgxknceshxxifwytalex-auth-token:0 (2.93.3) 2026-02-02T15:20:17.689Z #_acquireLock end
GoTrueClient@sb-bgxknceshxxifwytalex-auth-token:0 (2.93.3) 2026-02-02T15:20:17.689Z #_acquireLock begin [33m10000[39m
GoTrueClient@sb-bgxknceshxxifwytalex-auth-token:0 (2.93.3) 2026-02-02T15:20:17.689Z #_acquireLock end
GoTrueClient@sb-bgxknceshxxifwytalex-auth-token:0 (2.93.3) 2026-02-02T15:20:17.689Z #_acquireLock begin [33m10000[39m
GoTrueClient@sb-bgxknceshxxifwytalex-auth-token:0 (2.93.3) 2026-02-02T15:20:17.689Z #_acquireLock end
GoTrueClient@sb-bgxknceshxxifwytalex-auth-token:0 (2.93.3) 2026-02-02T15:20:17.689Z #_acquireLock begin [33m10000[39m
GoTrueClient@sb-bgxknceshxxifwytalex-auth-token:0 (2.93.3) 2026-02-02T15:20:17.689Z #_acquireLock end
GoTrueClient@sb-bgxknceshxxifwytalex-auth-token:0 (2.93.3) 2026-02-02T15:20:17.689Z #_acquireLock begin [33m10000[39m
GoTrueClient@sb-bgxknceshxxifwytalex-auth-token:0 (2.93.3) 2026-02-02T15:20:17.689Z #_acquireLock end
GoTrueClient@sb-bgxknceshxxifwytalex-auth-token:0 (2.93.3) 2026-02-02T15:20:17.689Z #_acquireLock begin [33m10000[39m
GoTrueClient@sb-bgxknceshxxifwytalex-auth-token:0 (2.93.3) 2026-02-02T15:20:17.689Z #_acquireLock end
GoTrueClient@sb-bgxknceshxxifwytalex-auth-token:0 (2.93.3) 2026-02-02T15:20:17.689Z #_acquireLock begin [33m10000[39m
GoTrueClient@sb-bgxknceshxxifwytalex-auth-token:0 (2.93.3) 2026-02-02T15:20:17.689Z #_acquireLock end
GoTrueClient@sb-bgxknceshxxifwytalex-auth-token:0 (2.93.3) 2026-02-02T15:20:17.689Z #_acquireLock begin [33m10000[39m
GoTrueClient@sb-bgxknceshxxifwytalex-auth-token:0 (2.93.3) 2026-02-02T15:20:17.689Z #_acquireLock end
GoTrueClient@sb-bgxknceshxxifwytalex-auth-token:0 (2.93.3) 2026-02-02T15:20:17.689Z #_acquireLock begin [33m10000[39m
GoTrueClient@sb-bgxknceshxxifwytalex-auth-token:0 (2.93.3) 2026-02-02T15:20:17.689Z #_acquireLock end
GoTrueClient@sb-bgxknceshxxifwytalex-auth-token:0 (2.93.3) 2026-02-02T15:20:17.689Z #_acquireLock begin [33m10000[39m
GoTrueClient@sb-bgxknceshxxifwytalex-auth-token:0 (2.93.3) 2026-02-02T15:20:17.689Z #_acquireLock end
GoTrueClient@sb-bgxknceshxxifwytalex-auth-token:0 (2.93.3) 2026-02-02T15:20:17.689Z #_acquireLock begin [33m10000[39m
GoTrueClient@sb-bgxknceshxxifwytalex-auth-token:0 (2.93.3) 2026-02-02T15:20:17.689Z #_acquireLock end
GoTrueClient@sb-bgxknceshxxifwytalex-auth-token:0 (2.93.3) 2026-02-02T15:20:17.689Z #_acquireLock begin [33m10000[39m
GoTrueClient@sb-bgxknceshxxifwytalex-auth-token:0 (2.93.3) 2026-02-02T15:20:17.689Z #_acquireLock end
GoTrueClient@sb-bgxknceshxxifwytalex-auth-token:0 (2.93.3) 2026-02-02T15:20:17.689Z #_acquireLock begin [33m10000[39m
GoTrueClient@sb-bgxknceshxxifwytalex-auth-token:0 (2.93.3) 2026-02-02T15:20:17.689Z #_acquireLock end
GoTrueClient@sb-bgxknceshxxifwytalex-auth-token:0 (2.93.3) 2026-02-02T15:20:17.689Z #_acquireLock begin [33m10000[39m
GoTrueClient@sb-bgxknceshxxifwytalex-auth-token:0 (2.93.3) 2026-02-02T15:20:17.689Z #_acquireLock end
GoTrueClient@sb-bgxknceshxxifwytalex-auth-token:0 (2.93.3) 2026-02-02T15:20:17.689Z #_acquireLock begin [33m10000[39m
GoTrueClient@sb-bgxknceshxxifwytalex-auth-token:0 (2.93.3) 2026-02-02T15:20:17.689Z #_acquireLock end
GoTrueClient@sb-bgxknceshxxifwytalex-auth-token:0 (2.93.3) 2026-02-02T15:20:17.689Z #_acquireLock begin [33m10000[39m
GoTrueClient@sb-bgxknceshxxifwytalex-auth-token:0 (2.93.3) 2026-02-02T15:20:17.689Z #_acquireLock end
GoTrueClient@sb-bgxknceshxxifwytalex-auth-token:0 (2.93.3) 2026-02-02T15:20:17.689Z #_acquireLock begin [33m10000[39m
GoTrueClient@sb-bgxknceshxxifwytalex-auth-token:0 (2.93.3) 2026-02-02T15:20:17.689Z #_acquireLock end
GoTrueClient@sb-bgxknceshxxifwytalex-auth-token:0 (2.93.3) 2026-02-02T15:20:17.689Z #_acquireLock begin [33m10000[39m
GoTrueClient@sb-bgxknceshxxifwytalex-auth-token:0 (2.93.3) 2026-02-02T15:20:17.689Z #_acquireLock end
GoTrueClient@sb-bgxknceshxxifwytalex-auth-token:0 (2.93.3) 2026-02-02T15:20:17.689Z #_acquireLock begin [33m10000[39m
GoTrueClient@sb-bgxknceshxxifwytalex-auth-token:0 (2.93.3) 2026-02-02T15:20:17.689Z #_acquireLock end
GoTrueClient@sb-bgxknceshxxifwytalex-auth-token:0 (2.93.3) 2026-02-02T15:20:17.689Z #_acquireLock begin [33m10000[39m
GoTrueClient@sb-bgxknceshxxifwytalex-auth-token:0 (2.93.3) 2026-02-02T15:20:17.689Z #_acquireLock end
GoTrueClient@sb-bgxknceshxxifwytalex-auth-token:0 (2.93.3) 2026-02-02T15:20:17.689Z #_acquireLock begin [33m10000[39m
GoTrueClient@sb-bgxknceshxxifwytalex-auth-token:0 (2.93.3) 2026-02-02T15:20:17.689Z #_acquireLock end
GoTrueClient@sb-bgxknceshxxifwytalex-auth-token:0 (2.93.3) 2026-02-02T15:20:17.689Z #_acquireLock begin [33m10000[39m
GoTrueClient@sb-bgxknceshxxifwytalex-auth-token:0 (2.93.3) 2026-02-02T15:20:17.689Z #_acquireLock end
GoTrueClient@sb-bgxknceshxxifwytalex-auth-token:0 (2.93.3) 2026-02-02T15:20:17.689Z #_acquireLock begin [33m10000[39m
GoTrueClient@sb-bgxknceshxxifwytalex-auth-token:0 (2.93.3) 2026-02-02T15:20:17.689Z #_acquireLock end
GoTrueClient@sb-bgxknceshxxifwytalex-auth-token:0 (2.93.3) 2026-02-02T15:20:17.689Z #_acquireLock begin [33m10000[39m
GoTrueClient@sb-bgxknceshxxifwytalex-auth-token:0 (2.93.3) 2026-02-02T15:20:17.689Z #_acquireLock end
GoTrueClient@sb-bgxknceshxxifwytalex-auth-token:0 (2.93.3) 2026-02-02T15:20:17.689Z #_acquireLock begin [33m10000[39m
GoTrueClient@sb-bgxknceshxxifwytalex-auth-token:0 (2.93.3) 2026-02-02T15:20:17.689Z #_acquireLock end
GoTrueClient@sb-bgxknceshxxifwytalex-auth-token:0 (2.93.3) 2026-02-02T15:20:17.689Z #_acquireLock begin [33m10000[39m
GoTrueClient@sb-bgxknceshxxifwytalex-auth-token:0 (2.93.3) 2026-02-02T15:20:17.689Z #_acquireLock end
GoTrueClient@sb-bgxknceshxxifwytalex-auth-token:0 (2.93.3) 2026-02-02T15:20:17.689Z #_acquireLock begin [33m10000[39m
GoTrueClient@sb-bgxknceshxxifwytalex-auth-token:0 (2.93.3) 2026-02-02T15:20:17.689Z #_acquireLock end
GoTrueClient@sb-bgxknceshxxifwytalex-auth-token:0 (2.93.3) 2026-02-02T15:20:17.689Z #_acquireLock begin [33m10000[39m
GoTrueClient@sb-bgxknceshxxifwytalex-auth-token:0 (2.93.3) 2026-02-02T15:20:17.689Z #_acquireLock end
GoTrueClient@sb-bgxknceshxxifwytalex-auth-token:0 (2.93.3) 2026-02-02T15:20:17.689Z #_acquireLock begin [33m10000[39m
GoTrueClient@sb-bgxknceshxxifwytalex-auth-token:0 (2.93.3) 2026-02-02T15:20:17.689Z #_acquireLock end
GoTrueClient@sb-bgxknceshxxifwytalex-auth-token:0 (2.93.3) 2026-02-02T15:20:17.689Z #_acquireLock begin [33m10000[39m
GoTrueClient@sb-bgxknceshxxifwytalex-auth-token:0 (2.93.3) 2026-02-02T15:20:17.689Z #_acquireLock end
GoTrueClient@sb-bgxknceshxxifwytalex-auth-token:0 (2.93.3) 2026-02-02T15:20:17.689Z #_acquireLock begin [33m10000[39m
GoTrueClient@sb-bgxknceshxxifwytalex-auth-token:0 (2.93.3) 2026-02-02T15:20:17.689Z #_acquireLock end
GoTrueClient@sb-bgxknceshxxifwytalex-auth-token:0 (2.93.3) 2026-02-02T15:20:17.689Z #_acquireLock begin [33m10000[39m
GoTrueClient@sb-bgxknceshxxifwytalex-auth-token:0 (2.93.3) 2026-02-02T15:20:17.689Z #_acquireLock end
GoTrueClient@sb-bgxknceshxxifwytalex-auth-token:0 (2.93.3) 2026-02-02T15:20:17.689Z #_acquireLock begin [33m10000[39m
GoTrueClient@sb-bgxknceshxxifwytalex-auth-token:0 (2.93.3) 2026-02-02T15:20:17.689Z #_acquireLock end
GoTrueClient@sb-bgxknceshxxifwytalex-auth-token:0 (2.93.3) 2026-02-02T15:20:17.689Z #_acquireLock begin [33m10000[39m
GoTrueClient@sb-bgxknceshxxifwytalex-auth-token:0 (2.93.3) 2026-02-02T15:20:17.689Z #_acquireLock end
GoTrueClient@sb-bgxknceshxxifwytalex-auth-token:0 (2.93.3) 2026-02-02T15:20:17.689Z #_acquireLock begin [33m10000[39m
GoTrueClient@sb-bgxknceshxxifwytalex-auth-token:0 (2.93.3) 2026-02-02T15:20:17.689Z #_acquireLock end
GoTrueClient@sb-bgxknceshxxifwytalex-auth-token:0 (2.93.3) 2026-02-02T15:20:17.689Z #_acquireLock begin [33m10000[39m
GoTrueClient@sb-bgxknceshxxifwytalex-auth-token:0 (2.93.3) 2026-02-02T15:20:17.689Z #_acquireLock end
GoTrueClient@sb-bgxknceshxxifwytalex-auth-token:0 (2.93.3) 2026-02-02T15:20:17.689Z #_acquireLock begin [33m10000[39m
GoTrueClient@sb-bgxknceshxxifwytalex-auth-token:0 (2.93.3) 2026-02-02T15:20:17.689Z #_acquireLock end
GoTrueClient@sb-bgxknceshxxifwytalex-auth-token:0 (2.93.3) 2026-02-02T15:20:17.689Z #_acquireLock begin [33m10000[39m
GoTrueClient@sb-bgxknceshxxifwytalex-auth-token:0 (2.93.3) 2026-02-02T15:20:17.689Z #_acquireLock end
GoTrueClient@sb-bgxknceshxxifwytalex-auth-token:0 (2.93.3) 2026-02-02T15:20:17.689Z #_acquireLock begin [33m10000[39m
GoTrueClient@sb-bgxknceshxxifwytalex-auth-token:0 (2.93.3) 2026-02-02T15:20:17.689Z #_acquireLock end
GoTrueClient@sb-bgxknceshxxifwytalex-auth-token:0 (2.93.3) 2026-02-02T15:20:17.689Z #_acquireLock begin [33m10000[39m
GoTrueClient@sb-bgxknceshxxifwytalex-auth-token:0 (2.93.3) 2026-02-02T15:20:17.689Z #_acquireLock end
GoTrueClient@sb-bgxknceshxxifwytalex-auth-token:0 (2.93.3) 2026-02-02T15:20:17.689Z #_acquireLock begin [33m10000[39m
GoTrueClient@sb-bgxknceshxxifwytalex-auth-token:0 (2.93.3) 2026-02-02T15:20:17.690Z #_acquireLock end
GoTrueClient@sb-bgxknceshxxifwytalex-auth-token:0 (2.93.3) 2026-02-02T15:20:17.690Z #_acquireLock begin [33m10000[39m
GoTrueClient@sb-bgxknceshxxifwytalex-auth-token:0 (2.93.3) 2026-02-02T15:20:17.690Z #_acquireLock end
GoTrueClient@sb-bgxknceshxxifwytalex-auth-token:0 (2.93.3) 2026-02-02T15:20:17.690Z #_acquireLock begin [33m10000[39m
GoTrueClient@sb-bgxknceshxxifwytalex-auth-token:0 (2.93.3) 2026-02-02T15:20:17.690Z #_acquireLock end
GoTrueClient@sb-bgxknceshxxifwytalex-auth-token:0 (2.93.3) 2026-02-02T15:20:17.690Z #_acquireLock begin [33m10000[39m
GoTrueClient@sb-bgxknceshxxifwytalex-auth-token:0 (2.93.3) 2026-02-02T15:20:17.690Z #_acquireLock end
GoTrueClient@sb-bgxknceshxxifwytalex-auth-token:0 (2.93.3) 2026-02-02T15:20:17.690Z #_acquireLock begin [33m10000[39m
GoTrueClient@sb-bgxknceshxxifwytalex-auth-token:0 (2.93.3) 2026-02-02T15:20:17.690Z #_acquireLock end
GoTrueClient@sb-bgxknceshxxifwytalex-auth-token:0 (2.93.3) 2026-02-02T15:20:17.690Z #_acquireLock begin [33m10000[39m
GoTrueClient@sb-bgxknceshxxifwytalex-auth-token:0 (2.93.3) 2026-02-02T15:20:17.690Z #_acquireLock end
GoTrueClient@sb-bgxknceshxxifwytalex-auth-token:0 (2.93.3) 2026-02-02T15:20:17.693Z #_acquireLock begin [33m10000[39m
GoTrueClient@sb-bgxknceshxxifwytalex-auth-token:0 (2.93.3) 2026-02-02T15:20:17.694Z #_acquireLock end
GoTrueClient@sb-bgxknceshxxifwytalex-auth-token:0 (2.93.3) 2026-02-02T15:20:17.694Z #_acquireLock begin [33m10000[39m
GoTrueClient@sb-bgxknceshxxifwytalex-auth-token:0 (2.93.3) 2026-02-02T15:20:17.694Z #_acquireLock end
GoTrueClient@sb-bgxknceshxxifwytalex-auth-token:0 (2.93.3) 2026-02-02T15:20:17.694Z #_acquireLock begin [33m10000[39m
GoTrueClient@sb-bgxknceshxxifwytalex-auth-token:0 (2.93.3) 2026-02-02T15:20:17.694Z #_acquireLock end
GoTrueClient@sb-bgxknceshxxifwytalex-auth-token:0 (2.93.3) 2026-02-02T15:20:17.694Z #_acquireLock begin [33m10000[39m
GoTrueClient@sb-bgxknceshxxifwytalex-auth-token:0 (2.93.3) 2026-02-02T15:20:17.694Z #_acquireLock end
GoTrueClient@sb-bgxknceshxxifwytalex-auth-token:0 (2.93.3) 2026-02-02T15:20:17.694Z #_acquireLock begin [33m10000[39m
GoTrueClient@sb-bgxknceshxxifwytalex-auth-token:0 (2.93.3) 2026-02-02T15:20:17.694Z #_acquireLock end
GoTrueClient@sb-bgxknceshxxifwytalex-auth-token:0 (2.93.3) 2026-02-02T15:20:17.694Z #_acquireLock begin [33m10000[39m
GoTrueClient@sb-bgxknceshxxifwytalex-auth-token:0 (2.93.3) 2026-02-02T15:20:17.694Z #_acquireLock end
GoTrueClient@sb-bgxknceshxxifwytalex-auth-token:0 (2.93.3) 2026-02-02T15:20:17.694Z #_acquireLock begin [33m10000[39m
GoTrueClient@sb-bgxknceshxxifwytalex-auth-token:0 (2.93.3) 2026-02-02T15:20:17.694Z #_acquireLock end
GoTrueClient@sb-bgxknceshxxifwytalex-auth-token:0 (2.93.3) 2026-02-02T15:20:17.694Z #_acquireLock begin [33m10000[39m
GoTrueClient@sb-bgxknceshxxifwytalex-auth-token:0 (2.93.3) 2026-02-02T15:20:17.694Z #_acquireLock end
GoTrueClient@sb-bgxknceshxxifwytalex-auth-token:0 (2.93.3) 2026-02-02T15:20:17.694Z #_acquireLock begin [33m10000[39m
GoTrueClient@sb-bgxknceshxxifwytalex-auth-token:0 (2.93.3) 2026-02-02T15:20:17.694Z #_acquireLock end
GoTrueClient@sb-bgxknceshxxifwytalex-auth-token:0 (2.93.3) 2026-02-02T15:20:17.694Z #_acquireLock begin [33m10000[39m
GoTrueClient@sb-bgxknceshxxifwytalex-auth-token:0 (2.93.3) 2026-02-02T15:20:17.694Z #_acquireLock end
GoTrueClient@sb-bgxknceshxxifwytalex-auth-token:0 (2.93.3) 2026-02-02T15:20:17.694Z #_acquireLock begin [33m10000[39m
GoTrueClient@sb-bgxknceshxxifwytalex-auth-token:0 (2.93.3) 2026-02-02T15:20:17.694Z #_acquireLock end
GoTrueClient@sb-bgxknceshxxifwytalex-auth-token:0 (2.93.3) 2026-02-02T15:20:17.694Z #_acquireLock begin [33m10000[39m
GoTrueClient@sb-bgxknceshxxifwytalex-auth-token:0 (2.93.3) 2026-02-02T15:20:17.694Z #_acquireLock end
GoTrueClient@sb-bgxknceshxxifwytalex-auth-token:0 (2.93.3) 2026-02-02T15:20:17.694Z #_acquireLock begin [33m10000[39m
GoTrueClient@sb-bgxknceshxxifwytalex-auth-token:0 (2.93.3) 2026-02-02T15:20:17.694Z #_acquireLock end
GoTrueClient@sb-bgxknceshxxifwytalex-auth-token:0 (2.93.3) 2026-02-02T15:20:17.694Z #_acquireLock begin [33m10000[39m
GoTrueClient@sb-bgxknceshxxifwytalex-auth-token:0 (2.93.3) 2026-02-02T15:20:17.694Z #_acquireLock end
GoTrueClient@sb-bgxknceshxxifwytalex-auth-token:0 (2.93.3) 2026-02-02T15:20:17.694Z #_acquireLock begin [33m10000[39m
GoTrueClient@sb-bgxknceshxxifwytalex-auth-token:0 (2.93.3) 2026-02-02T15:20:17.694Z #_acquireLock end
GoTrueClient@sb-bgxknceshxxifwytalex-auth-token:0 (2.93.3) 2026-02-02T15:20:17.694Z #_acquireLock begin [33m10000[39m
GoTrueClient@sb-bgxknceshxxifwytalex-auth-token:0 (2.93.3) 2026-02-02T15:20:17.694Z #_acquireLock end
GoTrueClient@sb-bgxknceshxxifwytalex-auth-token:0 (2.93.3) 2026-02-02T15:20:17.694Z #_acquireLock begin [33m10000[39m
GoTrueClient@sb-bgxknceshxxifwytalex-auth-token:0 (2.93.3) 2026-02-02T15:20:17.694Z #_acquireLock end
GoTrueClient@sb-bgxknceshxxifwytalex-auth-token:0 (2.93.3) 2026-02-02T15:20:17.694Z #_acquireLock begin [33m10000[39m
GoTrueClient@sb-bgxknceshxxifwytalex-auth-token:0 (2.93.3) 2026-02-02T15:20:17.694Z #_acquireLock end
GoTrueClient@sb-bgxknceshxxifwytalex-auth-token:0 (2.93.3) 2026-02-02T15:20:17.694Z #_acquireLock begin [33m10000[39m
GoTrueClient@sb-bgxknceshxxifwytalex-auth-token:0 (2.93.3) 2026-02-02T15:20:17.694Z #_acquireLock end
GoTrueClient@sb-bgxknceshxxifwytalex-auth-token:0 (2.93.3) 2026-02-02T15:20:17.694Z #_acquireLock begin [33m10000[39m
GoTrueClient@sb-bgxknceshxxifwytalex-auth-token:0 (2.93.3) 2026-02-02T15:20:17.694Z #_acquireLock end
GoTrueClient@sb-bgxknceshxxifwytalex-auth-token:0 (2.93.3) 2026-02-02T15:20:17.694Z #_acquireLock begin [33m10000[39m
GoTrueClient@sb-bgxknceshxxifwytalex-auth-token:0 (2.93.3) 2026-02-02T15:20:17.694Z #_acquireLock end
GoTrueClient@sb-bgxknceshxxifwytalex-auth-token:0 (2.93.3) 2026-02-02T15:20:17.694Z #_acquireLock begin [33m10000[39m
GoTrueClient@sb-bgxknceshxxifwytalex-auth-token:0 (2.93.3) 2026-02-02T15:20:17.694Z #_acquireLock end
GoTrueClient@sb-bgxknceshxxifwytalex-auth-token:0 (2.93.3) 2026-02-02T15:20:17.694Z #_acquireLock begin [33m10000[39m
GoTrueClient@sb-bgxknceshxxifwytalex-auth-token:0 (2.93.3) 2026-02-02T15:20:17.694Z #_acquireLock end
GoTrueClient@sb-bgxknceshxxifwytalex-auth-token:0 (2.93.3) 2026-02-02T15:20:17.694Z #_acquireLock begin [33m10000[39m
GoTrueClient@sb-bgxknceshxxifwytalex-auth-token:0 (2.93.3) 2026-02-02T15:20:17.694Z #_acquireLock end
GoTrueClient@sb-bgxknceshxxifwytalex-auth-token:0 (2.93.3) 2026-02-02T15:20:17.694Z #_acquireLock begin [33m10000[39m
GoTrueClient@sb-bgxknceshxxifwytalex-auth-token:0 (2.93.3) 2026-02-02T15:20:17.694Z #_acquireLock end
GoTrueClient@sb-bgxknceshxxifwytalex-auth-token:0 (2.93.3) 2026-02-02T15:20:17.694Z #_acquireLock begin [33m10000[39m
GoTrueClient@sb-bgxknceshxxifwytalex-auth-token:0 (2.93.3) 2026-02-02T15:20:17.694Z #_acquireLock end
GoTrueClient@sb-bgxknceshxxifwytalex-auth-token:0 (2.93.3) 2026-02-02T15:20:17.694Z #_acquireLock begin [33m10000[39m
GoTrueClient@sb-bgxknceshxxifwytalex-auth-token:0 (2.93.3) 2026-02-02T15:20:17.694Z #_acquireLock end
GoTrueClient@sb-bgxknceshxxifwytalex-auth-token:0 (2.93.3) 2026-02-02T15:20:17.694Z #_acquireLock begin [33m10000[39m
GoTrueClient@sb-bgxknceshxxifwytalex-auth-token:0 (2.93.3) 2026-02-02T15:20:17.694Z #_acquireLock end
GoTrueClient@sb-bgxknceshxxifwytalex-auth-token:0 (2.93.3) 2026-02-02T15:20:17.694Z #_acquireLock begin [33m10000[39m
GoTrueClient@sb-bgxknceshxxifwytalex-auth-token:0 (2.93.3) 2026-02-02T15:20:17.694Z #_acquireLock end
GoTrueClient@sb-bgxknceshxxifwytalex-auth-token:0 (2.93.3) 2026-02-02T15:20:17.694Z #_acquireLock begin [33m10000[39m
GoTrueClient@sb-bgxknceshxxifwytalex-auth-token:0 (2.93.3) 2026-02-02T15:20:17.694Z #_acquireLock end
GoTrueClient@sb-bgxknceshxxifwytalex-auth-token:0 (2.93.3) 2026-02-02T15:20:17.694Z #_acquireLock begin [33m10000[39m
GoTrueClient@sb-bgxknceshxxifwytalex-auth-token:0 (2.93.3) 2026-02-02T15:20:17.694Z #_acquireLock end
GoTrueClient@sb-bgxknceshxxifwytalex-auth-token:0 (2.93.3) 2026-02-02T15:20:17.694Z #_acquireLock begin [33m10000[39m
GoTrueClient@sb-bgxknceshxxifwytalex-auth-token:0 (2.93.3) 2026-02-02T15:20:17.694Z #_acquireLock end
GoTrueClient@sb-bgxknceshxxifwytalex-auth-token:0 (2.93.3) 2026-02-02T15:20:17.694Z #_acquireLock begin [33m10000[39m
GoTrueClient@sb-bgxknceshxxifwytalex-auth-token:0 (2.93.3) 2026-02-02T15:20:17.694Z #_acquireLock end
GoTrueClient@sb-bgxknceshxxifwytalex-auth-token:0 (2.93.3) 2026-02-02T15:20:17.694Z #_acquireLock begin [33m10000[39m
GoTrueClient@sb-bgxknceshxxifwytalex-auth-token:0 (2.93.3) 2026-02-02T15:20:17.694Z #_acquireLock end
GoTrueClient@sb-bgxknceshxxifwytalex-auth-token:0 (2.93.3) 2026-02-02T15:20:17.694Z #_acquireLock begin [33m10000[39m
GoTrueClient@sb-bgxknceshxxifwytalex-auth-token:0 (2.93.3) 2026-02-02T15:20:17.694Z #_acquireLock end
GoTrueClient@sb-bgxknceshxxifwytalex-auth-token:0 (2.93.3) 2026-02-02T15:20:17.694Z #_acquireLock begin [33m10000[39m
GoTrueClient@sb-bgxknceshxxifwytalex-auth-token:0 (2.93.3) 2026-02-02T15:20:17.694Z #_acquireLock end
GoTrueClient@sb-bgxknceshxxifwytalex-auth-token:0 (2.93.3) 2026-02-02T15:20:17.694Z #_acquireLock begin [33m10000[39m
GoTrueClient@sb-bgxknceshxxifwytalex-auth-token:0 (2.93.3) 2026-02-02T15:20:17.694Z #_acquireLock end
GoTrueClient@sb-bgxknceshxxifwytalex-auth-token:0 (2.93.3) 2026-02-02T15:20:17.694Z #_acquireLock begin [33m10000[39m
GoTrueClient@sb-bgxknceshxxifwytalex-auth-token:0 (2.93.3) 2026-02-02T15:20:17.694Z #_acquireLock end
GoTrueClient@sb-bgxknceshxxifwytalex-auth-token:0 (2.93.3) 2026-02-02T15:20:17.694Z #_acquireLock begin [33m10000[39m
GoTrueClient@sb-bgxknceshxxifwytalex-auth-token:0 (2.93.3) 2026-02-02T15:20:17.694Z #_acquireLock end
GoTrueClient@sb-bgxknceshxxifwytalex-auth-token:0 (2.93.3) 2026-02-02T15:20:17.694Z #_acquireLock begin [33m10000[39m
GoTrueClient@sb-bgxknceshxxifwytalex-auth-token:0 (2.93.3) 2026-02-02T15:20:17.694Z #_acquireLock end
GoTrueClient@sb-bgxknceshxxifwytalex-auth-token:0 (2.93.3) 2026-02-02T15:20:17.694Z #_acquireLock begin [33m10000[39m
GoTrueClient@sb-bgxknceshxxifwytalex-auth-token:0 (2.93.3) 2026-02-02T15:20:17.694Z #_acquireLock end
GoTrueClient@sb-bgxknceshxxifwytalex-auth-token:0 (2.93.3) 2026-02-02T15:20:17.694Z #_acquireLock begin [33m10000[39m
GoTrueClient@sb-bgxknceshxxifwytalex-auth-token:0 (2.93.3) 2026-02-02T15:20:17.694Z #_acquireLock end
GoTrueClient@sb-bgxknceshxxifwytalex-auth-token:0 (2.93.3) 2026-02-02T15:20:17.694Z #_acquireLock begin [33m10000[39m
GoTrueClient@sb-bgxknceshxxifwytalex-auth-token:0 (2.93.3) 2026-02-02T15:20:17.694Z #_acquireLock end
GoTrueClient@sb-bgxknceshxxifwytalex-auth-token:0 (2.93.3) 2026-02-02T15:20:17.694Z #_acquireLock begin [33m10000[39m
GoTrueClient@sb-bgxknceshxxifwytalex-auth-token:0 (2.93.3) 2026-02-02T15:20:17.694Z #_acquireLock end
GoTrueClient@sb-bgxknceshxxifwytalex-auth-token:0 (2.93.3) 2026-02-02T15:20:17.694Z #_acquireLock begin [33m10000[39m
GoTrueClient@sb-bgxknceshxxifwytalex-auth-token:0 (2.93.3) 2026-02-02T15:20:17.694Z #_acquireLock end
GoTrueClient@sb-bgxknceshxxifwytalex-auth-token:0 (2.93.3) 2026-02-02T15:20:17.694Z #_acquireLock begin [33m10000[39m
GoTrueClient@sb-bgxknceshxxifwytalex-auth-token:0 (2.93.3) 2026-02-02T15:20:17.694Z #_acquireLock end
GoTrueClient@sb-bgxknceshxxifwytalex-auth-token:0 (2.93.3) 2026-02-02T15:20:17.694Z #_acquireLock begin [33m10000[39m
GoTrueClient@sb-bgxknceshxxifwytalex-auth-token:0 (2.93.3) 2026-02-02T15:20:17.694Z #_acquireLock end
GoTrueClient@sb-bgxknceshxxifwytalex-auth-token:0 (2.93.3) 2026-02-02T15:20:17.694Z #_acquireLock begin [33m10000[39m
GoTrueClient@sb-bgxknceshxxifwytalex-auth-token:0 (2.93.3) 2026-02-02T15:20:17.694Z #_acquireLock end
GoTrueClient@sb-bgxknceshxxifwytalex-auth-token:0 (2.93.3) 2026-02-02T15:20:17.694Z #_acquireLock begin [33m10000[39m
GoTrueClient@sb-bgxknceshxxifwytalex-auth-token:0 (2.93.3) 2026-02-02T15:20:17.694Z #_acquireLock end
GoTrueClient@sb-bgxknceshxxifwytalex-auth-token:0 (2.93.3) 2026-02-02T15:20:17.694Z #_acquireLock begin [33m10000[39m
GoTrueClient@sb-bgxknceshxxifwytalex-auth-token:0 (2.93.3) 2026-02-02T15:20:17.694Z #_acquireLock end
GoTrueClient@sb-bgxknceshxxifwytalex-auth-token:0 (2.93.3) 2026-02-02T15:20:17.694Z #_acquireLock begin [33m10000[39m
GoTrueClient@sb-bgxknceshxxifwytalex-auth-token:0 (2.93.3) 2026-02-02T15:20:17.694Z #_acquireLock end
GoTrueClient@sb-bgxknceshxxifwytalex-auth-token:0 (2.93.3) 2026-02-02T15:20:17.694Z #_acquireLock begin [33m10000[39m
GoTrueClient@sb-bgxknceshxxifwytalex-auth-token:0 (2.93.3) 2026-02-02T15:20:17.694Z #_acquireLock end
GoTrueClient@sb-bgxknceshxxifwytalex-auth-token:0 (2.93.3) 2026-02-02T15:20:17.694Z #_acquireLock begin [33m10000[39m
GoTrueClient@sb-bgxknceshxxifwytalex-auth-token:0 (2.93.3) 2026-02-02T15:20:17.694Z #_acquireLock end
GoTrueClient@sb-bgxknceshxxifwytalex-auth-token:0 (2.93.3) 2026-02-02T15:20:17.694Z #_acquireLock begin [33m10000[39m
GoTrueClient@sb-bgxknceshxxifwytalex-auth-token:0 (2.93.3) 2026-02-02T15:20:17.694Z #_acquireLock end
GoTrueClient@sb-bgxknceshxxifwytalex-auth-token:0 (2.93.3) 2026-02-02T15:20:17.694Z #_acquireLock begin [33m10000[39m
GoTrueClient@sb-bgxknceshxxifwytalex-auth-token:0 (2.93.3) 2026-02-02T15:20:17.694Z #_acquireLock end
GoTrueClient@sb-bgxknceshxxifwytalex-auth-token:0 (2.93.3) 2026-02-02T15:20:17.694Z #_acquireLock begin [33m10000[39m
GoTrueClient@sb-bgxknceshxxifwytalex-auth-token:0 (2.93.3) 2026-02-02T15:20:17.694Z #_acquireLock end
GoTrueClient@sb-bgxknceshxxifwytalex-auth-token:0 (2.93.3) 2026-02-02T15:20:17.694Z #_acquireLock begin [33m10000[39m
GoTrueClient@sb-bgxknceshxxifwytalex-auth-token:0 (2.93.3) 2026-02-02T15:20:17.694Z #_acquireLock end
GoTrueClient@sb-bgxknceshxxifwytalex-auth-token:0 (2.93.3) 2026-02-02T15:20:17.694Z #_acquireLock begin [33m10000[39m
GoTrueClient@sb-bgxknceshxxifwytalex-auth-token:0 (2.93.3) 2026-02-02T15:20:17.694Z #_acquireLock end
GoTrueClient@sb-bgxknceshxxifwytalex-auth-token:0 (2.93.3) 2026-02-02T15:20:17.694Z #_acquireLock begin [33m10000[39m
GoTrueClient@sb-bgxknceshxxifwytalex-auth-token:0 (2.93.3) 2026-02-02T15:20:17.694Z #_acquireLock end
GoTrueClient@sb-bgxknceshxxifwytalex-auth-token:0 (2.93.3) 2026-02-02T15:20:17.694Z #_acquireLock begin [33m10000[39m
GoTrueClient@sb-bgxknceshxxifwytalex-auth-token:0 (2.93.3) 2026-02-02T15:20:17.694Z #_acquireLock end
GoTrueClient@sb-bgxknceshxxifwytalex-auth-token:0 (2.93.3) 2026-02-02T15:20:17.694Z #_acquireLock begin [33m10000[39m
GoTrueClient@sb-bgxknceshxxifwytalex-auth-token:0 (2.93.3) 2026-02-02T15:20:17.694Z #_acquireLock end
GoTrueClient@sb-bgxknceshxxifwytalex-auth-token:0 (2.93.3) 2026-02-02T15:20:17.694Z #_acquireLock begin [33m10000[39m
GoTrueClient@sb-bgxknceshxxifwytalex-auth-token:0 (2.93.3) 2026-02-02T15:20:17.694Z #_acquireLock end
GoTrueClient@sb-bgxknceshxxifwytalex-auth-token:0 (2.93.3) 2026-02-02T15:20:17.694Z #_acquireLock begin [33m10000[39m
GoTrueClient@sb-bgxknceshxxifwytalex-auth-token:0 (2.93.3) 2026-02-02T15:20:17.694Z #_acquireLock end
GoTrueClient@sb-bgxknceshxxifwytalex-auth-token:0 (2.93.3) 2026-02-02T15:20:17.694Z #_acquireLock begin [33m10000[39m
GoTrueClient@sb-bgxknceshxxifwytalex-auth-token:0 (2.93.3) 2026-02-02T15:20:17.694Z #_acquireLock end
GoTrueClient@sb-bgxknceshxxifwytalex-auth-token:0 (2.93.3) 2026-02-02T15:20:17.694Z #_acquireLock begin [33m10000[39m
GoTrueClient@sb-bgxknceshxxifwytalex-auth-token:0 (2.93.3) 2026-02-02T15:20:17.694Z #_acquireLock end
GoTrueClient@sb-bgxknceshxxifwytalex-auth-token:0 (2.93.3) 2026-02-02T15:20:17.694Z #_acquireLock begin [33m10000[39m
GoTrueClient@sb-bgxknceshxxifwytalex-auth-token:0 (2.93.3) 2026-02-02T15:20:17.694Z #_acquireLock end
GoTrueClient@sb-bgxknceshxxifwytalex-auth-token:0 (2.93.3) 2026-02-02T15:20:17.694Z #_acquireLock begin [33m10000[39m
GoTrueClient@sb-bgxknceshxxifwytalex-auth-token:0 (2.93.3) 2026-02-02T15:20:17.694Z #_acquireLock end
GoTrueClient@sb-bgxknceshxxifwytalex-auth-token:0 (2.93.3) 2026-02-02T15:20:17.694Z #_acquireLock begin [33m10000[39m
GoTrueClient@sb-bgxknceshxxifwytalex-auth-token:0 (2.93.3) 2026-02-02T15:20:17.694Z #_acquireLock end
GoTrueClient@sb-bgxknceshxxifwytalex-auth-token:0 (2.93.3) 2026-02-02T15:20:17.694Z #_acquireLock begin [33m10000[39m
GoTrueClient@sb-bgxknceshxxifwytalex-auth-token:0 (2.93.3) 2026-02-02T15:20:17.694Z #_acquireLock end
GoTrueClient@sb-bgxknceshxxifwytalex-auth-token:0 (2.93.3) 2026-02-02T15:20:17.694Z #_acquireLock begin [33m10000[39m
GoTrueClient@sb-bgxknceshxxifwytalex-auth-token:0 (2.93.3) 2026-02-02T15:20:17.694Z #_acquireLock end
GoTrueClient@sb-bgxknceshxxifwytalex-auth-token:0 (2.93.3) 2026-02-02T15:20:17.694Z #_acquireLock begin [33m10000[39m
GoTrueClient@sb-bgxknceshxxifwytalex-auth-token:0 (2.93.3) 2026-02-02T15:20:17.694Z #_acquireLock end
GoTrueClient@sb-bgxknceshxxifwytalex-auth-token:0 (2.93.3) 2026-02-02T15:20:17.694Z #_acquireLock begin [33m10000[39m
GoTrueClient@sb-bgxknceshxxifwytalex-auth-token:0 (2.93.3) 2026-02-02T15:20:17.694Z #_acquireLock end
GoTrueClient@sb-bgxknceshxxifwytalex-auth-token:0 (2.93.3) 2026-02-02T15:20:17.694Z #_acquireLock begin [33m10000[39m
GoTrueClient@sb-bgxknceshxxifwytalex-auth-token:0 (2.93.3) 2026-02-02T15:20:17.694Z #_acquireLock end
GoTrueClient@sb-bgxknceshxxifwytalex-auth-token:0 (2.93.3) 2026-02-02T15:20:17.694Z #_acquireLock begin [33m10000[39m
GoTrueClient@sb-bgxknceshxxifwytalex-auth-token:0 (2.93.3) 2026-02-02T15:20:17.694Z #_acquireLock end
GoTrueClient@sb-bgxknceshxxifwytalex-auth-token:0 (2.93.3) 2026-02-02T15:20:17.694Z #_acquireLock begin [33m10000[39m
GoTrueClient@sb-bgxknceshxxifwytalex-auth-token:0 (2.93.3) 2026-02-02T15:20:17.694Z #_acquireLock end
GoTrueClient@sb-bgxknceshxxifwytalex-auth-token:0 (2.93.3) 2026-02-02T15:20:17.694Z #_acquireLock begin [33m10000[39m
GoTrueClient@sb-bgxknceshxxifwytalex-auth-token:0 (2.93.3) 2026-02-02T15:20:17.694Z #_acquireLock end
GoTrueClient@sb-bgxknceshxxifwytalex-auth-token:0 (2.93.3) 2026-02-02T15:20:17.694Z #_acquireLock begin [33m10000[39m
GoTrueClient@sb-bgxknceshxxifwytalex-auth-token:0 (2.93.3) 2026-02-02T15:20:17.694Z #_acquireLock end
GoTrueClient@sb-bgxknceshxxifwytalex-auth-token:0 (2.93.3) 2026-02-02T15:20:17.694Z #_acquireLock begin [33m10000[39m
GoTrueClient@sb-bgxknceshxxifwytalex-auth-token:0 (2.93.3) 2026-02-02T15:20:17.694Z #_acquireLock end
GoTrueClient@sb-bgxknceshxxifwytalex-auth-token:0 (2.93.3) 2026-02-02T15:20:17.694Z #_acquireLock begin [33m10000[39m
GoTrueClient@sb-bgxknceshxxifwytalex-auth-token:0 (2.93.3) 2026-02-02T15:20:17.694Z #_acquireLock end
GoTrueClient@sb-bgxknceshxxifwytalex-auth-token:0 (2.93.3) 2026-02-02T15:20:17.694Z #_acquireLock begin [33m10000[39m
GoTrueClient@sb-bgxknceshxxifwytalex-auth-token:0 (2.93.3) 2026-02-02T15:20:17.694Z #_acquireLock end
GoTrueClient@sb-bgxknceshxxifwytalex-auth-token:0 (2.93.3) 2026-02-02T15:20:17.694Z #_acquireLock begin [33m10000[39m
GoTrueClient@sb-bgxknceshxxifwytalex-auth-token:0 (2.93.3) 2026-02-02T15:20:17.694Z #_acquireLock end
GoTrueClient@sb-bgxknceshxxifwytalex-auth-token:0 (2.93.3) 2026-02-02T15:20:17.694Z #_acquireLock begin [33m10000[39m
GoTrueClient@sb-bgxknceshxxifwytalex-auth-token:0 (2.93.3) 2026-02-02T15:20:17.694Z #_acquireLock end
GoTrueClient@sb-bgxknceshxxifwytalex-auth-token:0 (2.93.3) 2026-02-02T15:20:17.694Z #_acquireLock begin [33m10000[39m
GoTrueClient@sb-bgxknceshxxifwytalex-auth-token:0 (2.93.3) 2026-02-02T15:20:17.694Z #_acquireLock end
GoTrueClient@sb-bgxknceshxxifwytalex-auth-token:0 (2.93.3) 2026-02-02T15:20:17.694Z #_acquireLock begin [33m10000[39m
GoTrueClient@sb-bgxknceshxxifwytalex-auth-token:0 (2.93.3) 2026-02-02T15:20:17.694Z #_acquireLock end
GoTrueClient@sb-bgxknceshxxifwytalex-auth-token:0 (2.93.3) 2026-02-02T15:20:17.694Z #_acquireLock begin [33m10000[39m
GoTrueClient@sb-bgxknceshxxifwytalex-auth-token:0 (2.93.3) 2026-02-02T15:20:17.694Z #_acquireLock end
GoTrueClient@sb-bgxknceshxxifwytalex-auth-token:0 (2.93.3) 2026-02-02T15:20:17.694Z #_acquireLock begin [33m10000[39m
GoTrueClient@sb-bgxknceshxxifwytalex-auth-token:0 (2.93.3) 2026-02-02T15:20:17.694Z #_acquireLock end
GoTrueClient@sb-bgxknceshxxifwytalex-auth-token:0 (2.93.3) 2026-02-02T15:20:17.694Z #_acquireLock begin [33m10000[39m
GoTrueClient@sb-bgxknceshxxifwytalex-auth-token:0 (2.93.3) 2026-02-02T15:20:17.694Z #_acquireLock end
GoTrueClient@sb-bgxknceshxxifwytalex-auth-token:0 (2.93.3) 2026-02-02T15:20:17.694Z #_acquireLock begin [33m10000[39m
GoTrueClient@sb-bgxknceshxxifwytalex-auth-token:0 (2.93.3) 2026-02-02T15:20:17.694Z #_acquireLock end
GoTrueClient@sb-bgxknceshxxifwytalex-auth-token:0 (2.93.3) 2026-02-02T15:20:17.694Z #_acquireLock begin [33m10000[39m
GoTrueClient@sb-bgxknceshxxifwytalex-auth-token:0 (2.93.3) 2026-02-02T15:20:17.694Z #_acquireLock end
GoTrueClient@sb-bgxknceshxxifwytalex-auth-token:0 (2.93.3) 2026-02-02T15:20:17.694Z #_acquireLock begin [33m10000[39m
GoTrueClient@sb-bgxknceshxxifwytalex-auth-token:0 (2.93.3) 2026-02-02T15:20:17.694Z #_acquireLock end
GoTrueClient@sb-bgxknceshxxifwytalex-auth-token:0 (2.93.3) 2026-02-02T15:20:17.694Z #_acquireLock begin [33m10000[39m
GoTrueClient@sb-bgxknceshxxifwytalex-auth-token:0 (2.93.3) 2026-02-02T15:20:17.694Z #_acquireLock end
GoTrueClient@sb-bgxknceshxxifwytalex-auth-token:0 (2.93.3) 2026-02-02T15:20:17.694Z #_acquireLock begin [33m10000[39m
GoTrueClient@sb-bgxknceshxxifwytalex-auth-token:0 (2.93.3) 2026-02-02T15:20:17.694Z #_acquireLock end
GoTrueClient@sb-bgxknceshxxifwytalex-auth-token:0 (2.93.3) 2026-02-02T15:20:17.694Z #_acquireLock begin [33m10000[39m
GoTrueClient@sb-bgxknceshxxifwytalex-auth-token:0 (2.93.3) 2026-02-02T15:20:17.694Z #_acquireLock end
GoTrueClient@sb-bgxknceshxxifwytalex-auth-token:0 (2.93.3) 2026-02-02T15:20:17.694Z #_acquireLock begin [33m10000[39m
GoTrueClient@sb-bgxknceshxxifwytalex-auth-token:0 (2.93.3) 2026-02-02T15:20:17.695Z #_acquireLock end
GoTrueClient@sb-bgxknceshxxifwytalex-auth-token:0 (2.93.3) 2026-02-02T15:20:17.695Z #_acquireLock begin [33m10000[39m
GoTrueClient@sb-bgxknceshxxifwytalex-auth-token:0 (2.93.3) 2026-02-02T15:20:17.695Z #_acquireLock end
GoTrueClient@sb-bgxknceshxxifwytalex-auth-token:0 (2.93.3) 2026-02-02T15:20:17.695Z #_acquireLock begin [33m10000[39m
GoTrueClient@sb-bgxknceshxxifwytalex-auth-token:0 (2.93.3) 2026-02-02T15:20:17.695Z #_acquireLock end
GoTrueClient@sb-bgxknceshxxifwytalex-auth-token:0 (2.93.3) 2026-02-02T15:20:17.695Z #_acquireLock begin [33m10000[39m
GoTrueClient@sb-bgxknceshxxifwytalex-auth-token:0 (2.93.3) 2026-02-02T15:20:17.695Z #_acquireLock end
GoTrueClient@sb-bgxknceshxxifwytalex-auth-token:0 (2.93.3) 2026-02-02T15:20:17.695Z #_acquireLock begin [33m10000[39m
GoTrueClient@sb-bgxknceshxxifwytalex-auth-token:0 (2.93.3) 2026-02-02T15:20:17.695Z #_acquireLock end
GoTrueClient@sb-bgxknceshxxifwytalex-auth-token:0 (2.93.3) 2026-02-02T15:20:17.695Z #_acquireLock begin [33m10000[39m
GoTrueClient@sb-bgxknceshxxifwytalex-auth-token:0 (2.93.3) 2026-02-02T15:20:17.695Z #_acquireLock end
GoTrueClient@sb-bgxknceshxxifwytalex-auth-token:0 (2.93.3) 2026-02-02T15:20:17.695Z #_acquireLock begin [33m10000[39m
GoTrueClient@sb-bgxknceshxxifwytalex-auth-token:0 (2.93.3) 2026-02-02T15:20:17.695Z #_acquireLock end
GoTrueClient@sb-bgxknceshxxifwytalex-auth-token:0 (2.93.3) 2026-02-02T15:20:17.695Z #_acquireLock begin [33m10000[39m
GoTrueClient@sb-bgxknceshxxifwytalex-auth-token:0 (2.93.3) 2026-02-02T15:20:17.695Z #_acquireLock end
GoTrueClient@sb-bgxknceshxxifwytalex-auth-token:0 (2.93.3) 2026-02-02T15:20:17.695Z #_acquireLock begin [33m10000[39m
GoTrueClient@sb-bgxknceshxxifwytalex-auth-token:0 (2.93.3) 2026-02-02T15:20:17.695Z #_acquireLock end
GoTrueClient@sb-bgxknceshxxifwytalex-auth-token:0 (2.93.3) 2026-02-02T15:20:17.695Z #_acquireLock begin [33m10000[39m
GoTrueClient@sb-bgxknceshxxifwytalex-auth-token:0 (2.93.3) 2026-02-02T15:20:17.695Z #_acquireLock end
GoTrueClient@sb-bgxknceshxxifwytalex-auth-token:0 (2.93.3) 2026-02-02T15:20:17.695Z #_acquireLock begin [33m10000[39m
GoTrueClient@sb-bgxknceshxxifwytalex-auth-token:0 (2.93.3) 2026-02-02T15:20:17.695Z #_acquireLock end
GoTrueClient@sb-bgxknceshxxifwytalex-auth-token:0 (2.93.3) 2026-02-02T15:20:17.695Z #_acquireLock begin [33m10000[39m
GoTrueClient@sb-bgxknceshxxifwytalex-auth-token:0 (2.93.3) 2026-02-02T15:20:17.695Z #_acquireLock end
GoTrueClient@sb-bgxknceshxxifwytalex-auth-token:0 (2.93.3) 2026-02-02T15:20:17.695Z #_acquireLock begin [33m10000[39m
GoTrueClient@sb-bgxknceshxxifwytalex-auth-token:0 (2.93.3) 2026-02-02T15:20:17.695Z #_acquireLock end
GoTrueClient@sb-bgxknceshxxifwytalex-auth-token:0 (2.93.3) 2026-02-02T15:20:17.695Z #_acquireLock begin [33m10000[39m
GoTrueClient@sb-bgxknceshxxifwytalex-auth-token:0 (2.93.3) 2026-02-02T15:20:17.695Z #_acquireLock end
GoTrueClient@sb-bgxknceshxxifwytalex-auth-token:0 (2.93.3) 2026-02-02T15:20:17.695Z #_acquireLock begin [33m10000[39m
GoTrueClient@sb-bgxknceshxxifwytalex-auth-token:0 (2.93.3) 2026-02-02T15:20:17.695Z #_acquireLock end
GoTrueClient@sb-bgxknceshxxifwytalex-auth-token:0 (2.93.3) 2026-02-02T15:20:17.695Z #_acquireLock begin [33m10000[39m
GoTrueClient@sb-bgxknceshxxifwytalex-auth-token:0 (2.93.3) 2026-02-02T15:20:17.695Z #_acquireLock end
GoTrueClient@sb-bgxknceshxxifwytalex-auth-token:0 (2.93.3) 2026-02-02T15:20:17.695Z #_acquireLock begin [33m10000[39m
GoTrueClient@sb-bgxknceshxxifwytalex-auth-token:0 (2.93.3) 2026-02-02T15:20:17.695Z #_acquireLock end
GoTrueClient@sb-bgxknceshxxifwytalex-auth-token:0 (2.93.3) 2026-02-02T15:20:17.695Z #_acquireLock begin [33m10000[39m
GoTrueClient@sb-bgxknceshxxifwytalex-auth-token:0 (2.93.3) 2026-02-02T15:20:17.695Z #_acquireLock end
GoTrueClient@sb-bgxknceshxxifwytalex-auth-token:0 (2.93.3) 2026-02-02T15:20:17.695Z #_acquireLock begin [33m10000[39m
GoTrueClient@sb-bgxknceshxxifwytalex-auth-token:0 (2.93.3) 2026-02-02T15:20:17.695Z #_acquireLock end
GoTrueClient@sb-bgxknceshxxifwytalex-auth-token:0 (2.93.3) 2026-02-02T15:20:17.695Z #_acquireLock begin [33m10000[39m
GoTrueClient@sb-bgxknceshxxifwytalex-auth-token:0 (2.93.3) 2026-02-02T15:20:17.695Z #_acquireLock end
GoTrueClient@sb-bgxknceshxxifwytalex-auth-token:0 (2.93.3) 2026-02-02T15:20:17.695Z #_acquireLock begin [33m10000[39m
GoTrueClient@sb-bgxknceshxxifwytalex-auth-token:0 (2.93.3) 2026-02-02T15:20:17.695Z #_acquireLock end
GoTrueClient@sb-bgxknceshxxifwytalex-auth-token:0 (2.93.3) 2026-02-02T15:20:17.695Z #_acquireLock begin [33m10000[39m
GoTrueClient@sb-bgxknceshxxifwytalex-auth-token:0 (2.93.3) 2026-02-02T15:20:17.695Z #_acquireLock end
GoTrueClient@sb-bgxknceshxxifwytalex-auth-token:0 (2.93.3) 2026-02-02T15:20:17.695Z #_acquireLock begin [33m10000[39m
GoTrueClient@sb-bgxknceshxxifwytalex-auth-token:0 (2.93.3) 2026-02-02T15:20:17.695Z #_acquireLock end
GoTrueClient@sb-bgxknceshxxifwytalex-auth-token:0 (2.93.3) 2026-02-02T15:20:17.695Z #_acquireLock begin [33m10000[39m
GoTrueClient@sb-bgxknceshxxifwytalex-auth-token:0 (2.93.3) 2026-02-02T15:20:17.695Z #_acquireLock end

[90mstdout[2m | tests/property/scoped-roles-processing-efficiency.test.ts[2m > [22m[2mProperty 10: Scoped Roles Processing Efficiency[2m > [22m[2mProperty 10.9: Batch role hierarchy queries should maintain consistency
[22m[39mGoTrueClient@sb-bgxknceshxxifwytalex-auth-token:0 (2.93.3) 2026-02-02T15:20:17.701Z #getSession() session from storage [1mnull[22m
GoTrueClient@sb-bgxknceshxxifwytalex-auth-token:0 (2.93.3) 2026-02-02T15:20:17.702Z #__loadSession() end

[90mstdout[2m | tests/property/scoped-roles-processing-efficiency.test.ts[2m > [22m[2mProperty 10: Scoped Roles Processing Efficiency[2m > [22m[2mProperty 10.9: Batch role hierarchy queries should maintain consistency
[22m[39mGoTrueClient@sb-bgxknceshxxifwytalex-auth-token:0 (2.93.3) 2026-02-02T15:20:17.702Z #_useSession end

[90mstdout[2m | tests/property/scoped-roles-processing-efficiency.test.ts[2m > [22m[2mProperty 10: Scoped Roles Processing Efficiency[2m > [22m[2mProperty 10.9: Batch role hierarchy queries should maintain consistency
[22m[39mGoTrueClient@sb-bgxknceshxxifwytalex-auth-token:0 (2.93.3) 2026-02-02T15:20:17.702Z #_useSession begin
GoTrueClient@sb-bgxknceshxxifwytalex-auth-token:0 (2.93.3) 2026-02-02T15:20:17.702Z #__loadSession() begin

[90mstdout[2m | tests/property/scoped-roles-processing-efficiency.test.ts[2m > [22m[2mProperty 10: Scoped Roles Processing Efficiency[2m > [22m[2mProperty 10.9: Batch role hierarchy queries should maintain consistency
[22m[39mGoTrueClient@sb-bgxknceshxxifwytalex-auth-token:0 (2.93.3) 2026-02-02T15:20:17.702Z #getSession() session from storage [1mnull[22m
GoTrueClient@sb-bgxknceshxxifwytalex-auth-token:0 (2.93.3) 2026-02-02T15:20:17.702Z #__loadSession() end

[90mstdout[2m | tests/property/scoped-roles-processing-efficiency.test.ts[2m > [22m[2mProperty 10: Scoped Roles Processing Efficiency[2m > [22m[2mProperty 10.9: Batch role hierarchy queries should maintain consistency
[22m[39mGoTrueClient@sb-bgxknceshxxifwytalex-auth-token:0 (2.93.3) 2026-02-02T15:20:17.702Z #_useSession end

[90mstdout[2m | tests/property/scoped-roles-processing-efficiency.test.ts[2m > [22m[2mProperty 10: Scoped Roles Processing Efficiency[2m > [22m[2mProperty 10.9: Batch role hierarchy queries should maintain consistency
[22m[39mGoTrueClient@sb-bgxknceshxxifwytalex-auth-token:0 (2.93.3) 2026-02-02T15:20:17.702Z #_useSession begin
GoTrueClient@sb-bgxknceshxxifwytalex-auth-token:0 (2.93.3) 2026-02-02T15:20:17.702Z #__loadSession() begin

[90mstdout[2m | tests/property/scoped-roles-processing-efficiency.test.ts[2m > [22m[2mProperty 10: Scoped Roles Processing Efficiency[2m > [22m[2mProperty 10.9: Batch role hierarchy queries should maintain consistency
[22m[39mGoTrueClient@sb-bgxknceshxxifwytalex-auth-token:0 (2.93.3) 2026-02-02T15:20:17.702Z #getSession() session from storage [1mnull[22m
GoTrueClient@sb-bgxknceshxxifwytalex-auth-token:0 (2.93.3) 2026-02-02T15:20:17.702Z #__loadSession() end

[90mstdout[2m | tests/property/scoped-roles-processing-efficiency.test.ts[2m > [22m[2mProperty 10: Scoped Roles Processing Efficiency[2m > [22m[2mProperty 10.9: Batch role hierarchy queries should maintain consistency
[22m[39mGoTrueClient@sb-bgxknceshxxifwytalex-auth-token:0 (2.93.3) 2026-02-02T15:20:17.703Z #_useSession end

[90mstdout[2m | tests/property/scoped-roles-processing-efficiency.test.ts[2m > [22m[2mProperty 10: Scoped Roles Processing Efficiency[2m > [22m[2mProperty 10.9: Batch role hierarchy queries should maintain consistency
[22m[39mGoTrueClient@sb-bgxknceshxxifwytalex-auth-token:0 (2.93.3) 2026-02-02T15:20:17.703Z #_useSession begin
GoTrueClient@sb-bgxknceshxxifwytalex-auth-token:0 (2.93.3) 2026-02-02T15:20:17.703Z #__loadSession() begin

[90mstdout[2m | tests/property/scoped-roles-processing-efficiency.test.ts[2m > [22m[2mProperty 10: Scoped Roles Processing Efficiency[2m > [22m[2mProperty 10.9: Batch role hierarchy queries should maintain consistency
[22m[39mGoTrueClient@sb-bgxknceshxxifwytalex-auth-token:0 (2.93.3) 2026-02-02T15:20:17.703Z #getSession() session from storage [1mnull[22m
GoTrueClient@sb-bgxknceshxxifwytalex-auth-token:0 (2.93.3) 2026-02-02T15:20:17.703Z #__loadSession() end

[90mstdout[2m | tests/property/scoped-roles-processing-efficiency.test.ts[2m > [22m[2mProperty 10: Scoped Roles Processing Efficiency[2m > [22m[2mProperty 10.9: Batch role hierarchy queries should maintain consistency
[22m[39mGoTrueClient@sb-bgxknceshxxifwytalex-auth-token:0 (2.93.3) 2026-02-02T15:20:17.705Z #_useSession end

[90mstdout[2m | tests/property/scoped-roles-processing-efficiency.test.ts[2m > [22m[2mProperty 10: Scoped Roles Processing Efficiency[2m > [22m[2mProperty 10.9: Batch role hierarchy queries should maintain consistency
[22m[39mGoTrueClient@sb-bgxknceshxxifwytalex-auth-token:0 (2.93.3) 2026-02-02T15:20:17.705Z #_useSession begin
GoTrueClient@sb-bgxknceshxxifwytalex-auth-token:0 (2.93.3) 2026-02-02T15:20:17.705Z #__loadSession() begin

[90mstdout[2m | tests/property/scoped-roles-processing-efficiency.test.ts[2m > [22m[2mProperty 10: Scoped Roles Processing Efficiency[2m > [22m[2mProperty 10.9: Batch role hierarchy queries should maintain consistency
[22m[39mGoTrueClient@sb-bgxknceshxxifwytalex-auth-token:0 (2.93.3) 2026-02-02T15:20:17.706Z #getSession() session from storage [1mnull[22m
GoTrueClient@sb-bgxknceshxxifwytalex-auth-token:0 (2.93.3) 2026-02-02T15:20:17.706Z #__loadSession() end

[90mstdout[2m | tests/property/scoped-roles-processing-efficiency.test.ts[2m > [22m[2mProperty 10: Scoped Roles Processing Efficiency[2m > [22m[2mProperty 10.9: Batch role hierarchy queries should maintain consistency
[22m[39mGoTrueClient@sb-bgxknceshxxifwytalex-auth-token:0 (2.93.3) 2026-02-02T15:20:17.710Z #_useSession end

[90mstdout[2m | tests/property/scoped-roles-processing-efficiency.test.ts[2m > [22m[2mProperty 10: Scoped Roles Processing Efficiency[2m > [22m[2mProperty 10.9: Batch role hierarchy queries should maintain consistency
[22m[39mGoTrueClient@sb-bgxknceshxxifwytalex-auth-token:0 (2.93.3) 2026-02-02T15:20:17.710Z #_useSession begin
GoTrueClient@sb-bgxknceshxxifwytalex-auth-token:0 (2.93.3) 2026-02-02T15:20:17.710Z #__loadSession() begin

[90mstdout[2m | tests/property/scoped-roles-processing-efficiency.test.ts[2m > [22m[2mProperty 10: Scoped Roles Processing Efficiency[2m > [22m[2mProperty 10.9: Batch role hierarchy queries should maintain consistency
[22m[39mGoTrueClient@sb-bgxknceshxxifwytalex-auth-token:0 (2.93.3) 2026-02-02T15:20:17.711Z #getSession() session from storage [1mnull[22m
GoTrueClient@sb-bgxknceshxxifwytalex-auth-token:0 (2.93.3) 2026-02-02T15:20:17.711Z #__loadSession() end

[90mstdout[2m | tests/property/scoped-roles-processing-efficiency.test.ts[2m > [22m[2mProperty 10: Scoped Roles Processing Efficiency[2m > [22m[2mProperty 10.9: Batch role hierarchy queries should maintain consistency
[22m[39mGoTrueClient@sb-bgxknceshxxifwytalex-auth-token:0 (2.93.3) 2026-02-02T15:20:17.714Z #_useSession end

[90mstdout[2m | tests/property/scoped-roles-processing-efficiency.test.ts[2m > [22m[2mProperty 10: Scoped Roles Processing Efficiency[2m > [22m[2mProperty 10.9: Batch role hierarchy queries should maintain consistency
[22m[39mGoTrueClient@sb-bgxknceshxxifwytalex-auth-token:0 (2.93.3) 2026-02-02T15:20:17.714Z #_useSession begin
GoTrueClient@sb-bgxknceshxxifwytalex-auth-token:0 (2.93.3) 2026-02-02T15:20:17.714Z #__loadSession() begin

[90mstdout[2m | tests/property/scoped-roles-processing-efficiency.test.ts[2m > [22m[2mProperty 10: Scoped Roles Processing Efficiency[2m > [22m[2mProperty 10.9: Batch role hierarchy queries should maintain consistency
[22m[39mGoTrueClient@sb-bgxknceshxxifwytalex-auth-token:0 (2.93.3) 2026-02-02T15:20:17.714Z #getSession() session from storage [1mnull[22m
GoTrueClient@sb-bgxknceshxxifwytalex-auth-token:0 (2.93.3) 2026-02-02T15:20:17.714Z #__loadSession() end

[90mstdout[2m | tests/property/scoped-roles-processing-efficiency.test.ts[2m > [22m[2mProperty 10: Scoped Roles Processing Efficiency[2m > [22m[2mProperty 10.9: Batch role hierarchy queries should maintain consistency
[22m[39mGoTrueClient@sb-bgxknceshxxifwytalex-auth-token:0 (2.93.3) 2026-02-02T15:20:17.715Z #_useSession end

[90mstdout[2m | tests/property/scoped-roles-processing-efficiency.test.ts[2m > [22m[2mProperty 10: Scoped Roles Processing Efficiency[2m > [22m[2mProperty 10.9: Batch role hierarchy queries should maintain consistency
[22m[39mGoTrueClient@sb-bgxknceshxxifwytalex-auth-token:0 (2.93.3) 2026-02-02T15:20:17.716Z #_useSession begin
GoTrueClient@sb-bgxknceshxxifwytalex-auth-token:0 (2.93.3) 2026-02-02T15:20:17.716Z #__loadSession() begin

[90mstdout[2m | tests/property/scoped-roles-processing-efficiency.test.ts[2m > [22m[2mProperty 10: Scoped Roles Processing Efficiency[2m > [22m[2mProperty 10.9: Batch role hierarchy queries should maintain consistency
[22m[39mGoTrueClient@sb-bgxknceshxxifwytalex-auth-token:0 (2.93.3) 2026-02-02T15:20:17.716Z #getSession() session from storage [1mnull[22m
GoTrueClient@sb-bgxknceshxxifwytalex-auth-token:0 (2.93.3) 2026-02-02T15:20:17.716Z #__loadSession() end

[90mstdout[2m | tests/property/scoped-roles-processing-efficiency.test.ts[2m > [22m[2mProperty 10: Scoped Roles Processing Efficiency[2m > [22m[2mProperty 10.9: Batch role hierarchy queries should maintain consistency
[22m[39mGoTrueClient@sb-bgxknceshxxifwytalex-auth-token:0 (2.93.3) 2026-02-02T15:20:17.717Z #_useSession end

[90mstdout[2m | tests/property/scoped-roles-processing-efficiency.test.ts[2m > [22m[2mProperty 10: Scoped Roles Processing Efficiency[2m > [22m[2mProperty 10.9: Batch role hierarchy queries should maintain consistency
[22m[39mGoTrueClient@sb-bgxknceshxxifwytalex-auth-token:0 (2.93.3) 2026-02-02T15:20:17.717Z #_useSession begin
GoTrueClient@sb-bgxknceshxxifwytalex-auth-token:0 (2.93.3) 2026-02-02T15:20:17.718Z #__loadSession() begin

[90mstdout[2m | tests/property/scoped-roles-processing-efficiency.test.ts[2m > [22m[2mProperty 10: Scoped Roles Processing Efficiency[2m > [22m[2mProperty 10.9: Batch role hierarchy queries should maintain consistency
[22m[39mGoTrueClient@sb-bgxknceshxxifwytalex-auth-token:0 (2.93.3) 2026-02-02T15:20:17.718Z #getSession() session from storage [1mnull[22m
GoTrueClient@sb-bgxknceshxxifwytalex-auth-token:0 (2.93.3) 2026-02-02T15:20:17.718Z #__loadSession() end

[90mstdout[2m | tests/property/scoped-roles-processing-efficiency.test.ts[2m > [22m[2mProperty 10: Scoped Roles Processing Efficiency[2m > [22m[2mProperty 10.9: Batch role hierarchy queries should maintain consistency
[22m[39mGoTrueClient@sb-bgxknceshxxifwytalex-auth-token:0 (2.93.3) 2026-02-02T15:20:17.719Z #_useSession end

[90mstdout[2m | tests/property/scoped-roles-processing-efficiency.test.ts[2m > [22m[2mProperty 10: Scoped Roles Processing Efficiency[2m > [22m[2mProperty 10.9: Batch role hierarchy queries should maintain consistency
[22m[39mGoTrueClient@sb-bgxknceshxxifwytalex-auth-token:0 (2.93.3) 2026-02-02T15:20:17.720Z #_useSession begin
GoTrueClient@sb-bgxknceshxxifwytalex-auth-token:0 (2.93.3) 2026-02-02T15:20:17.720Z #__loadSession() begin

[90mstdout[2m | tests/property/scoped-roles-processing-efficiency.test.ts[2m > [22m[2mProperty 10: Scoped Roles Processing Efficiency[2m > [22m[2mProperty 10.9: Batch role hierarchy queries should maintain consistency
[22m[39mGoTrueClient@sb-bgxknceshxxifwytalex-auth-token:0 (2.93.3) 2026-02-02T15:20:17.720Z #getSession() session from storage [1mnull[22m
GoTrueClient@sb-bgxknceshxxifwytalex-auth-token:0 (2.93.3) 2026-02-02T15:20:17.720Z #__loadSession() end

[90mstdout[2m | tests/property/scoped-roles-processing-efficiency.test.ts[2m > [22m[2mProperty 10: Scoped Roles Processing Efficiency[2m > [22m[2mProperty 10.9: Batch role hierarchy queries should maintain consistency
[22m[39mGoTrueClient@sb-bgxknceshxxifwytalex-auth-token:0 (2.93.3) 2026-02-02T15:20:17.723Z #_useSession end

[90mstdout[2m | tests/property/scoped-roles-processing-efficiency.test.ts[2m > [22m[2mProperty 10: Scoped Roles Processing Efficiency[2m > [22m[2mProperty 10.9: Batch role hierarchy queries should maintain consistency
[22m[39mGoTrueClient@sb-bgxknceshxxifwytalex-auth-token:0 (2.93.3) 2026-02-02T15:20:17.723Z #_useSession begin
GoTrueClient@sb-bgxknceshxxifwytalex-auth-token:0 (2.93.3) 2026-02-02T15:20:17.723Z #__loadSession() begin

[90mstdout[2m | tests/property/scoped-roles-processing-efficiency.test.ts[2m > [22m[2mProperty 10: Scoped Roles Processing Efficiency[2m > [22m[2mProperty 10.9: Batch role hierarchy queries should maintain consistency
[22m[39mGoTrueClient@sb-bgxknceshxxifwytalex-auth-token:0 (2.93.3) 2026-02-02T15:20:17.724Z #getSession() session from storage [1mnull[22m
GoTrueClient@sb-bgxknceshxxifwytalex-auth-token:0 (2.93.3) 2026-02-02T15:20:17.724Z #__loadSession() end

[90mstdout[2m | tests/property/scoped-roles-processing-efficiency.test.ts[2m > [22m[2mProperty 10: Scoped Roles Processing Efficiency[2m > [22m[2mProperty 10.9: Batch role hierarchy queries should maintain consistency
[22m[39mGoTrueClient@sb-bgxknceshxxifwytalex-auth-token:0 (2.93.3) 2026-02-02T15:20:17.726Z #_useSession end

[90mstdout[2m | tests/property/scoped-roles-processing-efficiency.test.ts[2m > [22m[2mProperty 10: Scoped Roles Processing Efficiency[2m > [22m[2mProperty 10.9: Batch role hierarchy queries should maintain consistency
[22m[39mGoTrueClient@sb-bgxknceshxxifwytalex-auth-token:0 (2.93.3) 2026-02-02T15:20:17.726Z #_useSession begin
GoTrueClient@sb-bgxknceshxxifwytalex-auth-token:0 (2.93.3) 2026-02-02T15:20:17.726Z #__loadSession() begin

[90mstdout[2m | tests/property/scoped-roles-processing-efficiency.test.ts[2m > [22m[2mProperty 10: Scoped Roles Processing Efficiency[2m > [22m[2mProperty 10.9: Batch role hierarchy queries should maintain consistency
[22m[39mGoTrueClient@sb-bgxknceshxxifwytalex-auth-token:0 (2.93.3) 2026-02-02T15:20:17.726Z #getSession() session from storage [1mnull[22m
GoTrueClient@sb-bgxknceshxxifwytalex-auth-token:0 (2.93.3) 2026-02-02T15:20:17.726Z #__loadSession() end

[90mstdout[2m | tests/property/scoped-roles-processing-efficiency.test.ts[2m > [22m[2mProperty 10: Scoped Roles Processing Efficiency[2m > [22m[2mProperty 10.9: Batch role hierarchy queries should maintain consistency
[22m[39mGoTrueClient@sb-bgxknceshxxifwytalex-auth-token:0 (2.93.3) 2026-02-02T15:20:17.727Z #_useSession end

[90mstdout[2m | tests/property/scoped-roles-processing-efficiency.test.ts[2m > [22m[2mProperty 10: Scoped Roles Processing Efficiency[2m > [22m[2mProperty 10.9: Batch role hierarchy queries should maintain consistency
[22m[39mGoTrueClient@sb-bgxknceshxxifwytalex-auth-token:0 (2.93.3) 2026-02-02T15:20:17.727Z #_useSession begin
GoTrueClient@sb-bgxknceshxxifwytalex-auth-token:0 (2.93.3) 2026-02-02T15:20:17.727Z #__loadSession() begin

[90mstdout[2m | tests/property/scoped-roles-processing-efficiency.test.ts[2m > [22m[2mProperty 10: Scoped Roles Processing Efficiency[2m > [22m[2mProperty 10.9: Batch role hierarchy queries should maintain consistency
[22m[39mGoTrueClient@sb-bgxknceshxxifwytalex-auth-token:0 (2.93.3) 2026-02-02T15:20:17.727Z #getSession() session from storage [1mnull[22m
GoTrueClient@sb-bgxknceshxxifwytalex-auth-token:0 (2.93.3) 2026-02-02T15:20:17.727Z #__loadSession() end

[90mstdout[2m | tests/property/scoped-roles-processing-efficiency.test.ts[2m > [22m[2mProperty 10: Scoped Roles Processing Efficiency[2m > [22m[2mProperty 10.9: Batch role hierarchy queries should maintain consistency
[22m[39mGoTrueClient@sb-bgxknceshxxifwytalex-auth-token:0 (2.93.3) 2026-02-02T15:20:17.728Z #_useSession end

[90mstdout[2m | tests/property/scoped-roles-processing-efficiency.test.ts[2m > [22m[2mProperty 10: Scoped Roles Processing Efficiency[2m > [22m[2mProperty 10.9: Batch role hierarchy queries should maintain consistency
[22m[39mGoTrueClient@sb-bgxknceshxxifwytalex-auth-token:0 (2.93.3) 2026-02-02T15:20:17.728Z #_useSession begin
GoTrueClient@sb-bgxknceshxxifwytalex-auth-token:0 (2.93.3) 2026-02-02T15:20:17.728Z #__loadSession() begin

[90mstdout[2m | tests/property/scoped-roles-processing-efficiency.test.ts[2m > [22m[2mProperty 10: Scoped Roles Processing Efficiency[2m > [22m[2mProperty 10.9: Batch role hierarchy queries should maintain consistency
[22m[39mGoTrueClient@sb-bgxknceshxxifwytalex-auth-token:0 (2.93.3) 2026-02-02T15:20:17.728Z #getSession() session from storage [1mnull[22m
GoTrueClient@sb-bgxknceshxxifwytalex-auth-token:0 (2.93.3) 2026-02-02T15:20:17.728Z #__loadSession() end

[90mstdout[2m | tests/property/scoped-roles-processing-efficiency.test.ts[2m > [22m[2mProperty 10: Scoped Roles Processing Efficiency[2m > [22m[2mProperty 10.9: Batch role hierarchy queries should maintain consistency
[22m[39mGoTrueClient@sb-bgxknceshxxifwytalex-auth-token:0 (2.93.3) 2026-02-02T15:20:17.729Z #_useSession end

[90mstdout[2m | tests/property/scoped-roles-processing-efficiency.test.ts[2m > [22m[2mProperty 10: Scoped Roles Processing Efficiency[2m > [22m[2mProperty 10.9: Batch role hierarchy queries should maintain consistency
[22m[39mGoTrueClient@sb-bgxknceshxxifwytalex-auth-token:0 (2.93.3) 2026-02-02T15:20:17.729Z #_useSession begin
GoTrueClient@sb-bgxknceshxxifwytalex-auth-token:0 (2.93.3) 2026-02-02T15:20:17.729Z #__loadSession() begin

[90mstdout[2m | tests/property/scoped-roles-processing-efficiency.test.ts[2m > [22m[2mProperty 10: Scoped Roles Processing Efficiency[2m > [22m[2mProperty 10.9: Batch role hierarchy queries should maintain consistency
[22m[39mGoTrueClient@sb-bgxknceshxxifwytalex-auth-token:0 (2.93.3) 2026-02-02T15:20:17.729Z #getSession() session from storage [1mnull[22m
GoTrueClient@sb-bgxknceshxxifwytalex-auth-token:0 (2.93.3) 2026-02-02T15:20:17.729Z #__loadSession() end

[90mstdout[2m | tests/property/scoped-roles-processing-efficiency.test.ts[2m > [22m[2mProperty 10: Scoped Roles Processing Efficiency[2m > [22m[2mProperty 10.9: Batch role hierarchy queries should maintain consistency
[22m[39mGoTrueClient@sb-bgxknceshxxifwytalex-auth-token:0 (2.93.3) 2026-02-02T15:20:17.730Z #_useSession end

[90mstdout[2m | tests/property/scoped-roles-processing-efficiency.test.ts[2m > [22m[2mProperty 10: Scoped Roles Processing Efficiency[2m > [22m[2mProperty 10.9: Batch role hierarchy queries should maintain consistency
[22m[39mGoTrueClient@sb-bgxknceshxxifwytalex-auth-token:0 (2.93.3) 2026-02-02T15:20:17.730Z #_useSession begin
GoTrueClient@sb-bgxknceshxxifwytalex-auth-token:0 (2.93.3) 2026-02-02T15:20:17.730Z #__loadSession() begin

[90mstdout[2m | tests/property/scoped-roles-processing-efficiency.test.ts[2m > [22m[2mProperty 10: Scoped Roles Processing Efficiency[2m > [22m[2mProperty 10.9: Batch role hierarchy queries should maintain consistency
[22m[39mGoTrueClient@sb-bgxknceshxxifwytalex-auth-token:0 (2.93.3) 2026-02-02T15:20:17.730Z #getSession() session from storage [1mnull[22m
GoTrueClient@sb-bgxknceshxxifwytalex-auth-token:0 (2.93.3) 2026-02-02T15:20:17.730Z #__loadSession() end

[90mstdout[2m | tests/property/scoped-roles-processing-efficiency.test.ts[2m > [22m[2mProperty 10: Scoped Roles Processing Efficiency[2m > [22m[2mProperty 10.9: Batch role hierarchy queries should maintain consistency
[22m[39mGoTrueClient@sb-bgxknceshxxifwytalex-auth-token:0 (2.93.3) 2026-02-02T15:20:17.731Z #_useSession end

[90mstdout[2m | tests/property/scoped-roles-processing-efficiency.test.ts[2m > [22m[2mProperty 10: Scoped Roles Processing Efficiency[2m > [22m[2mProperty 10.9: Batch role hierarchy queries should maintain consistency
[22m[39mGoTrueClient@sb-bgxknceshxxifwytalex-auth-token:0 (2.93.3) 2026-02-02T15:20:17.731Z #_useSession begin
GoTrueClient@sb-bgxknceshxxifwytalex-auth-token:0 (2.93.3) 2026-02-02T15:20:17.731Z #__loadSession() begin

[90mstdout[2m | tests/property/scoped-roles-processing-efficiency.test.ts[2m > [22m[2mProperty 10: Scoped Roles Processing Efficiency[2m > [22m[2mProperty 10.9: Batch role hierarchy queries should maintain consistency
[22m[39mGoTrueClient@sb-bgxknceshxxifwytalex-auth-token:0 (2.93.3) 2026-02-02T15:20:17.731Z #getSession() session from storage [1mnull[22m
GoTrueClient@sb-bgxknceshxxifwytalex-auth-token:0 (2.93.3) 2026-02-02T15:20:17.731Z #__loadSession() end

[90mstdout[2m | tests/property/scoped-roles-processing-efficiency.test.ts[2m > [22m[2mProperty 10: Scoped Roles Processing Efficiency[2m > [22m[2mProperty 10.9: Batch role hierarchy queries should maintain consistency
[22m[39mGoTrueClient@sb-bgxknceshxxifwytalex-auth-token:0 (2.93.3) 2026-02-02T15:20:17.732Z #_useSession end

[90mstdout[2m | tests/property/scoped-roles-processing-efficiency.test.ts[2m > [22m[2mProperty 10: Scoped Roles Processing Efficiency[2m > [22m[2mProperty 10.9: Batch role hierarchy queries should maintain consistency
[22m[39mGoTrueClient@sb-bgxknceshxxifwytalex-auth-token:0 (2.93.3) 2026-02-02T15:20:17.732Z #_useSession begin
GoTrueClient@sb-bgxknceshxxifwytalex-auth-token:0 (2.93.3) 2026-02-02T15:20:17.732Z #__loadSession() begin

[90mstdout[2m | tests/property/scoped-roles-processing-efficiency.test.ts[2m > [22m[2mProperty 10: Scoped Roles Processing Efficiency[2m > [22m[2mProperty 10.9: Batch role hierarchy queries should maintain consistency
[22m[39mGoTrueClient@sb-bgxknceshxxifwytalex-auth-token:0 (2.93.3) 2026-02-02T15:20:17.732Z #getSession() session from storage [1mnull[22m
GoTrueClient@sb-bgxknceshxxifwytalex-auth-token:0 (2.93.3) 2026-02-02T15:20:17.732Z #__loadSession() end

[90mstdout[2m | tests/property/scoped-roles-processing-efficiency.test.ts[2m > [22m[2mProperty 10: Scoped Roles Processing Efficiency[2m > [22m[2mProperty 10.9: Batch role hierarchy queries should maintain consistency
[22m[39mGoTrueClient@sb-bgxknceshxxifwytalex-auth-token:0 (2.93.3) 2026-02-02T15:20:17.733Z #_useSession end

[90mstdout[2m | tests/property/scoped-roles-processing-efficiency.test.ts[2m > [22m[2mProperty 10: Scoped Roles Processing Efficiency[2m > [22m[2mProperty 10.9: Batch role hierarchy queries should maintain consistency
[22m[39mGoTrueClient@sb-bgxknceshxxifwytalex-auth-token:0 (2.93.3) 2026-02-02T15:20:17.733Z #_useSession begin
GoTrueClient@sb-bgxknceshxxifwytalex-auth-token:0 (2.93.3) 2026-02-02T15:20:17.733Z #__loadSession() begin

[90mstdout[2m | tests/property/scoped-roles-processing-efficiency.test.ts[2m > [22m[2mProperty 10: Scoped Roles Processing Efficiency[2m > [22m[2mProperty 10.9: Batch role hierarchy queries should maintain consistency
[22m[39mGoTrueClient@sb-bgxknceshxxifwytalex-auth-token:0 (2.93.3) 2026-02-02T15:20:17.733Z #getSession() session from storage [1mnull[22m
GoTrueClient@sb-bgxknceshxxifwytalex-auth-token:0 (2.93.3) 2026-02-02T15:20:17.733Z #__loadSession() end

[90mstdout[2m | tests/property/scoped-roles-processing-efficiency.test.ts[2m > [22m[2mProperty 10: Scoped Roles Processing Efficiency[2m > [22m[2mProperty 10.9: Batch role hierarchy queries should maintain consistency
[22m[39mGoTrueClient@sb-bgxknceshxxifwytalex-auth-token:0 (2.93.3) 2026-02-02T15:20:17.734Z #_useSession end

[90mstdout[2m | tests/property/scoped-roles-processing-efficiency.test.ts[2m > [22m[2mProperty 10: Scoped Roles Processing Efficiency[2m > [22m[2mProperty 10.9: Batch role hierarchy queries should maintain consistency
[22m[39mGoTrueClient@sb-bgxknceshxxifwytalex-auth-token:0 (2.93.3) 2026-02-02T15:20:17.734Z #_useSession begin
GoTrueClient@sb-bgxknceshxxifwytalex-auth-token:0 (2.93.3) 2026-02-02T15:20:17.734Z #__loadSession() begin

[90mstdout[2m | tests/property/scoped-roles-processing-efficiency.test.ts[2m > [22m[2mProperty 10: Scoped Roles Processing Efficiency[2m > [22m[2mProperty 10.9: Batch role hierarchy queries should maintain consistency
[22m[39mGoTrueClient@sb-bgxknceshxxifwytalex-auth-token:0 (2.93.3) 2026-02-02T15:20:17.734Z #getSession() session from storage [1mnull[22m
GoTrueClient@sb-bgxknceshxxifwytalex-auth-token:0 (2.93.3) 2026-02-02T15:20:17.734Z #__loadSession() end

[90mstdout[2m | tests/property/scoped-roles-processing-efficiency.test.ts[2m > [22m[2mProperty 10: Scoped Roles Processing Efficiency[2m > [22m[2mProperty 10.9: Batch role hierarchy queries should maintain consistency
[22m[39mGoTrueClient@sb-bgxknceshxxifwytalex-auth-token:0 (2.93.3) 2026-02-02T15:20:17.735Z #_useSession end

[90mstdout[2m | tests/property/scoped-roles-processing-efficiency.test.ts[2m > [22m[2mProperty 10: Scoped Roles Processing Efficiency[2m > [22m[2mProperty 10.9: Batch role hierarchy queries should maintain consistency
[22m[39mGoTrueClient@sb-bgxknceshxxifwytalex-auth-token:0 (2.93.3) 2026-02-02T15:20:17.735Z #_useSession begin
GoTrueClient@sb-bgxknceshxxifwytalex-auth-token:0 (2.93.3) 2026-02-02T15:20:17.735Z #__loadSession() begin

[90mstdout[2m | tests/property/scoped-roles-processing-efficiency.test.ts[2m > [22m[2mProperty 10: Scoped Roles Processing Efficiency[2m > [22m[2mProperty 10.9: Batch role hierarchy queries should maintain consistency
[22m[39mGoTrueClient@sb-bgxknceshxxifwytalex-auth-token:0 (2.93.3) 2026-02-02T15:20:17.735Z #getSession() session from storage [1mnull[22m
GoTrueClient@sb-bgxknceshxxifwytalex-auth-token:0 (2.93.3) 2026-02-02T15:20:17.735Z #__loadSession() end

[90mstdout[2m | tests/property/scoped-roles-processing-efficiency.test.ts[2m > [22m[2mProperty 10: Scoped Roles Processing Efficiency[2m > [22m[2mProperty 10.9: Batch role hierarchy queries should maintain consistency
[22m[39mGoTrueClient@sb-bgxknceshxxifwytalex-auth-token:0 (2.93.3) 2026-02-02T15:20:17.736Z #_useSession end

[90mstdout[2m | tests/property/scoped-roles-processing-efficiency.test.ts[2m > [22m[2mProperty 10: Scoped Roles Processing Efficiency[2m > [22m[2mProperty 10.9: Batch role hierarchy queries should maintain consistency
[22m[39mGoTrueClient@sb-bgxknceshxxifwytalex-auth-token:0 (2.93.3) 2026-02-02T15:20:17.736Z #_useSession begin
GoTrueClient@sb-bgxknceshxxifwytalex-auth-token:0 (2.93.3) 2026-02-02T15:20:17.736Z #__loadSession() begin

[90mstdout[2m | tests/property/scoped-roles-processing-efficiency.test.ts[2m > [22m[2mProperty 10: Scoped Roles Processing Efficiency[2m > [22m[2mProperty 10.9: Batch role hierarchy queries should maintain consistency
[22m[39mGoTrueClient@sb-bgxknceshxxifwytalex-auth-token:0 (2.93.3) 2026-02-02T15:20:17.736Z #getSession() session from storage [1mnull[22m
GoTrueClient@sb-bgxknceshxxifwytalex-auth-token:0 (2.93.3) 2026-02-02T15:20:17.736Z #__loadSession() end

[90mstdout[2m | tests/property/scoped-roles-processing-efficiency.test.ts[2m > [22m[2mProperty 10: Scoped Roles Processing Efficiency[2m > [22m[2mProperty 10.9: Batch role hierarchy queries should maintain consistency
[22m[39mGoTrueClient@sb-bgxknceshxxifwytalex-auth-token:0 (2.93.3) 2026-02-02T15:20:17.738Z #_useSession end

[90mstdout[2m | tests/property/scoped-roles-processing-efficiency.test.ts[2m > [22m[2mProperty 10: Scoped Roles Processing Efficiency[2m > [22m[2mProperty 10.9: Batch role hierarchy queries should maintain consistency
[22m[39mGoTrueClient@sb-bgxknceshxxifwytalex-auth-token:0 (2.93.3) 2026-02-02T15:20:17.739Z #_useSession begin
GoTrueClient@sb-bgxknceshxxifwytalex-auth-token:0 (2.93.3) 2026-02-02T15:20:17.739Z #__loadSession() begin

[90mstdout[2m | tests/property/scoped-roles-processing-efficiency.test.ts[2m > [22m[2mProperty 10: Scoped Roles Processing Efficiency[2m > [22m[2mProperty 10.9: Batch role hierarchy queries should maintain consistency
[22m[39mGoTrueClient@sb-bgxknceshxxifwytalex-auth-token:0 (2.93.3) 2026-02-02T15:20:17.739Z #getSession() session from storage [1mnull[22m
GoTrueClient@sb-bgxknceshxxifwytalex-auth-token:0 (2.93.3) 2026-02-02T15:20:17.739Z #__loadSession() end

[90mstdout[2m | tests/property/scoped-roles-processing-efficiency.test.ts[2m > [22m[2mProperty 10: Scoped Roles Processing Efficiency[2m > [22m[2mProperty 10.9: Batch role hierarchy queries should maintain consistency
[22m[39mGoTrueClient@sb-bgxknceshxxifwytalex-auth-token:0 (2.93.3) 2026-02-02T15:20:17.740Z #_useSession end

[90mstdout[2m | tests/property/scoped-roles-processing-efficiency.test.ts[2m > [22m[2mProperty 10: Scoped Roles Processing Efficiency[2m > [22m[2mProperty 10.9: Batch role hierarchy queries should maintain consistency
[22m[39mGoTrueClient@sb-bgxknceshxxifwytalex-auth-token:0 (2.93.3) 2026-02-02T15:20:17.740Z #_useSession begin
GoTrueClient@sb-bgxknceshxxifwytalex-auth-token:0 (2.93.3) 2026-02-02T15:20:17.740Z #__loadSession() begin

[90mstdout[2m | tests/property/scoped-roles-processing-efficiency.test.ts[2m > [22m[2mProperty 10: Scoped Roles Processing Efficiency[2m > [22m[2mProperty 10.9: Batch role hierarchy queries should maintain consistency
[22m[39mGoTrueClient@sb-bgxknceshxxifwytalex-auth-token:0 (2.93.3) 2026-02-02T15:20:17.740Z #getSession() session from storage [1mnull[22m
GoTrueClient@sb-bgxknceshxxifwytalex-auth-token:0 (2.93.3) 2026-02-02T15:20:17.740Z #__loadSession() end

[90mstdout[2m | tests/property/scoped-roles-processing-efficiency.test.ts[2m > [22m[2mProperty 10: Scoped Roles Processing Efficiency[2m > [22m[2mProperty 10.9: Batch role hierarchy queries should maintain consistency
[22m[39mGoTrueClient@sb-bgxknceshxxifwytalex-auth-token:0 (2.93.3) 2026-02-02T15:20:17.741Z #_useSession end

[90mstdout[2m | tests/property/scoped-roles-processing-efficiency.test.ts[2m > [22m[2mProperty 10: Scoped Roles Processing Efficiency[2m > [22m[2mProperty 10.9: Batch role hierarchy queries should maintain consistency
[22m[39mGoTrueClient@sb-bgxknceshxxifwytalex-auth-token:0 (2.93.3) 2026-02-02T15:20:17.741Z #_useSession begin
GoTrueClient@sb-bgxknceshxxifwytalex-auth-token:0 (2.93.3) 2026-02-02T15:20:17.741Z #__loadSession() begin

[90mstdout[2m | tests/property/scoped-roles-processing-efficiency.test.ts[2m > [22m[2mProperty 10: Scoped Roles Processing Efficiency[2m > [22m[2mProperty 10.9: Batch role hierarchy queries should maintain consistency
[22m[39mGoTrueClient@sb-bgxknceshxxifwytalex-auth-token:0 (2.93.3) 2026-02-02T15:20:17.741Z #getSession() session from storage [1mnull[22m
GoTrueClient@sb-bgxknceshxxifwytalex-auth-token:0 (2.93.3) 2026-02-02T15:20:17.741Z #__loadSession() end

[90mstdout[2m | tests/property/scoped-roles-processing-efficiency.test.ts[2m > [22m[2mProperty 10: Scoped Roles Processing Efficiency[2m > [22m[2mProperty 10.9: Batch role hierarchy queries should maintain consistency
[22m[39mGoTrueClient@sb-bgxknceshxxifwytalex-auth-token:0 (2.93.3) 2026-02-02T15:20:17.742Z #_useSession end

[90mstdout[2m | tests/property/scoped-roles-processing-efficiency.test.ts[2m > [22m[2mProperty 10: Scoped Roles Processing Efficiency[2m > [22m[2mProperty 10.9: Batch role hierarchy queries should maintain consistency
[22m[39mGoTrueClient@sb-bgxknceshxxifwytalex-auth-token:0 (2.93.3) 2026-02-02T15:20:17.742Z #_useSession begin
GoTrueClient@sb-bgxknceshxxifwytalex-auth-token:0 (2.93.3) 2026-02-02T15:20:17.742Z #__loadSession() begin

[90mstdout[2m | tests/property/scoped-roles-processing-efficiency.test.ts[2m > [22m[2mProperty 10: Scoped Roles Processing Efficiency[2m > [22m[2mProperty 10.9: Batch role hierarchy queries should maintain consistency
[22m[39mGoTrueClient@sb-bgxknceshxxifwytalex-auth-token:0 (2.93.3) 2026-02-02T15:20:17.742Z #getSession() session from storage [1mnull[22m
GoTrueClient@sb-bgxknceshxxifwytalex-auth-token:0 (2.93.3) 2026-02-02T15:20:17.742Z #__loadSession() end

[90mstdout[2m | tests/property/scoped-roles-processing-efficiency.test.ts[2m > [22m[2mProperty 10: Scoped Roles Processing Efficiency[2m > [22m[2mProperty 10.9: Batch role hierarchy queries should maintain consistency
[22m[39mGoTrueClient@sb-bgxknceshxxifwytalex-auth-token:0 (2.93.3) 2026-02-02T15:20:17.743Z #_useSession end

[90mstdout[2m | tests/property/scoped-roles-processing-efficiency.test.ts[2m > [22m[2mProperty 10: Scoped Roles Processing Efficiency[2m > [22m[2mProperty 10.9: Batch role hierarchy queries should maintain consistency
[22m[39mGoTrueClient@sb-bgxknceshxxifwytalex-auth-token:0 (2.93.3) 2026-02-02T15:20:17.743Z #_useSession begin
GoTrueClient@sb-bgxknceshxxifwytalex-auth-token:0 (2.93.3) 2026-02-02T15:20:17.743Z #__loadSession() begin

[90mstdout[2m | tests/property/scoped-roles-processing-efficiency.test.ts[2m > [22m[2mProperty 10: Scoped Roles Processing Efficiency[2m > [22m[2mProperty 10.9: Batch role hierarchy queries should maintain consistency
[22m[39mGoTrueClient@sb-bgxknceshxxifwytalex-auth-token:0 (2.93.3) 2026-02-02T15:20:17.743Z #getSession() session from storage [1mnull[22m
GoTrueClient@sb-bgxknceshxxifwytalex-auth-token:0 (2.93.3) 2026-02-02T15:20:17.743Z #__loadSession() end

[90mstdout[2m | tests/property/scoped-roles-processing-efficiency.test.ts[2m > [22m[2mProperty 10: Scoped Roles Processing Efficiency[2m > [22m[2mProperty 10.9: Batch role hierarchy queries should maintain consistency
[22m[39mGoTrueClient@sb-bgxknceshxxifwytalex-auth-token:0 (2.93.3) 2026-02-02T15:20:17.744Z #_useSession end

[90mstdout[2m | tests/property/scoped-roles-processing-efficiency.test.ts[2m > [22m[2mProperty 10: Scoped Roles Processing Efficiency[2m > [22m[2mProperty 10.9: Batch role hierarchy queries should maintain consistency
[22m[39mGoTrueClient@sb-bgxknceshxxifwytalex-auth-token:0 (2.93.3) 2026-02-02T15:20:17.744Z #_useSession begin
GoTrueClient@sb-bgxknceshxxifwytalex-auth-token:0 (2.93.3) 2026-02-02T15:20:17.744Z #__loadSession() begin

[90mstdout[2m | tests/property/scoped-roles-processing-efficiency.test.ts[2m > [22m[2mProperty 10: Scoped Roles Processing Efficiency[2m > [22m[2mProperty 10.9: Batch role hierarchy queries should maintain consistency
[22m[39mGoTrueClient@sb-bgxknceshxxifwytalex-auth-token:0 (2.93.3) 2026-02-02T15:20:17.744Z #getSession() session from storage [1mnull[22m
GoTrueClient@sb-bgxknceshxxifwytalex-auth-token:0 (2.93.3) 2026-02-02T15:20:17.744Z #__loadSession() end

[90mstdout[2m | tests/property/scoped-roles-processing-efficiency.test.ts[2m > [22m[2mProperty 10: Scoped Roles Processing Efficiency[2m > [22m[2mProperty 10.9: Batch role hierarchy queries should maintain consistency
[22m[39mGoTrueClient@sb-bgxknceshxxifwytalex-auth-token:0 (2.93.3) 2026-02-02T15:20:17.745Z #_useSession end

[90mstdout[2m | tests/property/scoped-roles-processing-efficiency.test.ts[2m > [22m[2mProperty 10: Scoped Roles Processing Efficiency[2m > [22m[2mProperty 10.9: Batch role hierarchy queries should maintain consistency
[22m[39mGoTrueClient@sb-bgxknceshxxifwytalex-auth-token:0 (2.93.3) 2026-02-02T15:20:17.745Z #_useSession begin
GoTrueClient@sb-bgxknceshxxifwytalex-auth-token:0 (2.93.3) 2026-02-02T15:20:17.745Z #__loadSession() begin

[90mstdout[2m | tests/property/scoped-roles-processing-efficiency.test.ts[2m > [22m[2mProperty 10: Scoped Roles Processing Efficiency[2m > [22m[2mProperty 10.9: Batch role hierarchy queries should maintain consistency
[22m[39mGoTrueClient@sb-bgxknceshxxifwytalex-auth-token:0 (2.93.3) 2026-02-02T15:20:17.745Z #getSession() session from storage [1mnull[22m
GoTrueClient@sb-bgxknceshxxifwytalex-auth-token:0 (2.93.3) 2026-02-02T15:20:17.745Z #__loadSession() end

[90mstdout[2m | tests/property/scoped-roles-processing-efficiency.test.ts[2m > [22m[2mProperty 10: Scoped Roles Processing Efficiency[2m > [22m[2mProperty 10.9: Batch role hierarchy queries should maintain consistency
[22m[39mGoTrueClient@sb-bgxknceshxxifwytalex-auth-token:0 (2.93.3) 2026-02-02T15:20:17.746Z #_useSession end

[90mstdout[2m | tests/property/scoped-roles-processing-efficiency.test.ts[2m > [22m[2mProperty 10: Scoped Roles Processing Efficiency[2m > [22m[2mProperty 10.9: Batch role hierarchy queries should maintain consistency
[22m[39mGoTrueClient@sb-bgxknceshxxifwytalex-auth-token:0 (2.93.3) 2026-02-02T15:20:17.746Z #_useSession begin
GoTrueClient@sb-bgxknceshxxifwytalex-auth-token:0 (2.93.3) 2026-02-02T15:20:17.746Z #__loadSession() begin

[90mstdout[2m | tests/property/scoped-roles-processing-efficiency.test.ts[2m > [22m[2mProperty 10: Scoped Roles Processing Efficiency[2m > [22m[2mProperty 10.9: Batch role hierarchy queries should maintain consistency
[22m[39mGoTrueClient@sb-bgxknceshxxifwytalex-auth-token:0 (2.93.3) 2026-02-02T15:20:17.746Z #getSession() session from storage [1mnull[22m
GoTrueClient@sb-bgxknceshxxifwytalex-auth-token:0 (2.93.3) 2026-02-02T15:20:17.746Z #__loadSession() end

[90mstdout[2m | tests/property/scoped-roles-processing-efficiency.test.ts[2m > [22m[2mProperty 10: Scoped Roles Processing Efficiency[2m > [22m[2mProperty 10.9: Batch role hierarchy queries should maintain consistency
[22m[39mGoTrueClient@sb-bgxknceshxxifwytalex-auth-token:0 (2.93.3) 2026-02-02T15:20:17.747Z #_useSession end

[90mstdout[2m | tests/property/scoped-roles-processing-efficiency.test.ts[2m > [22m[2mProperty 10: Scoped Roles Processing Efficiency[2m > [22m[2mProperty 10.9: Batch role hierarchy queries should maintain consistency
[22m[39mGoTrueClient@sb-bgxknceshxxifwytalex-auth-token:0 (2.93.3) 2026-02-02T15:20:17.747Z #_useSession begin
GoTrueClient@sb-bgxknceshxxifwytalex-auth-token:0 (2.93.3) 2026-02-02T15:20:17.747Z #__loadSession() begin

[90mstdout[2m | tests/property/scoped-roles-processing-efficiency.test.ts[2m > [22m[2mProperty 10: Scoped Roles Processing Efficiency[2m > [22m[2mProperty 10.9: Batch role hierarchy queries should maintain consistency
[22m[39mGoTrueClient@sb-bgxknceshxxifwytalex-auth-token:0 (2.93.3) 2026-02-02T15:20:17.747Z #getSession() session from storage [1mnull[22m
GoTrueClient@sb-bgxknceshxxifwytalex-auth-token:0 (2.93.3) 2026-02-02T15:20:17.747Z #__loadSession() end

[90mstdout[2m | tests/property/scoped-roles-processing-efficiency.test.ts[2m > [22m[2mProperty 10: Scoped Roles Processing Efficiency[2m > [22m[2mProperty 10.9: Batch role hierarchy queries should maintain consistency
[22m[39mGoTrueClient@sb-bgxknceshxxifwytalex-auth-token:0 (2.93.3) 2026-02-02T15:20:17.749Z #_useSession end

[90mstdout[2m | tests/property/scoped-roles-processing-efficiency.test.ts[2m > [22m[2mProperty 10: Scoped Roles Processing Efficiency[2m > [22m[2mProperty 10.9: Batch role hierarchy queries should maintain consistency
[22m[39mGoTrueClient@sb-bgxknceshxxifwytalex-auth-token:0 (2.93.3) 2026-02-02T15:20:17.749Z #_useSession begin
GoTrueClient@sb-bgxknceshxxifwytalex-auth-token:0 (2.93.3) 2026-02-02T15:20:17.749Z #__loadSession() begin

[90mstdout[2m | tests/property/scoped-roles-processing-efficiency.test.ts[2m > [22m[2mProperty 10: Scoped Roles Processing Efficiency[2m > [22m[2mProperty 10.9: Batch role hierarchy queries should maintain consistency
[22m[39mGoTrueClient@sb-bgxknceshxxifwytalex-auth-token:0 (2.93.3) 2026-02-02T15:20:17.749Z #getSession() session from storage [1mnull[22m
GoTrueClient@sb-bgxknceshxxifwytalex-auth-token:0 (2.93.3) 2026-02-02T15:20:17.749Z #__loadSession() end

[90mstdout[2m | tests/property/scoped-roles-processing-efficiency.test.ts[2m > [22m[2mProperty 10: Scoped Roles Processing Efficiency[2m > [22m[2mProperty 10.9: Batch role hierarchy queries should maintain consistency
[22m[39mGoTrueClient@sb-bgxknceshxxifwytalex-auth-token:0 (2.93.3) 2026-02-02T15:20:17.750Z #_useSession end

[90mstdout[2m | tests/property/scoped-roles-processing-efficiency.test.ts[2m > [22m[2mProperty 10: Scoped Roles Processing Efficiency[2m > [22m[2mProperty 10.9: Batch role hierarchy queries should maintain consistency
[22m[39mGoTrueClient@sb-bgxknceshxxifwytalex-auth-token:0 (2.93.3) 2026-02-02T15:20:17.750Z #_useSession begin
GoTrueClient@sb-bgxknceshxxifwytalex-auth-token:0 (2.93.3) 2026-02-02T15:20:17.750Z #__loadSession() begin

[90mstdout[2m | tests/property/scoped-roles-processing-efficiency.test.ts[2m > [22m[2mProperty 10: Scoped Roles Processing Efficiency[2m > [22m[2mProperty 10.9: Batch role hierarchy queries should maintain consistency
[22m[39mGoTrueClient@sb-bgxknceshxxifwytalex-auth-token:0 (2.93.3) 2026-02-02T15:20:17.750Z #getSession() session from storage [1mnull[22m
GoTrueClient@sb-bgxknceshxxifwytalex-auth-token:0 (2.93.3) 2026-02-02T15:20:17.750Z #__loadSession() end

[90mstdout[2m | tests/property/scoped-roles-processing-efficiency.test.ts[2m > [22m[2mProperty 10: Scoped Roles Processing Efficiency[2m > [22m[2mProperty 10.9: Batch role hierarchy queries should maintain consistency
[22m[39mGoTrueClient@sb-bgxknceshxxifwytalex-auth-token:0 (2.93.3) 2026-02-02T15:20:17.751Z #_useSession end

[90mstdout[2m | tests/property/scoped-roles-processing-efficiency.test.ts[2m > [22m[2mProperty 10: Scoped Roles Processing Efficiency[2m > [22m[2mProperty 10.9: Batch role hierarchy queries should maintain consistency
[22m[39mGoTrueClient@sb-bgxknceshxxifwytalex-auth-token:0 (2.93.3) 2026-02-02T15:20:17.751Z #_useSession begin
GoTrueClient@sb-bgxknceshxxifwytalex-auth-token:0 (2.93.3) 2026-02-02T15:20:17.751Z #__loadSession() begin

[90mstdout[2m | tests/property/scoped-roles-processing-efficiency.test.ts[2m > [22m[2mProperty 10: Scoped Roles Processing Efficiency[2m > [22m[2mProperty 10.9: Batch role hierarchy queries should maintain consistency
[22m[39mGoTrueClient@sb-bgxknceshxxifwytalex-auth-token:0 (2.93.3) 2026-02-02T15:20:17.751Z #getSession() session from storage [1mnull[22m
GoTrueClient@sb-bgxknceshxxifwytalex-auth-token:0 (2.93.3) 2026-02-02T15:20:17.751Z #__loadSession() end

[90mstdout[2m | tests/property/scoped-roles-processing-efficiency.test.ts[2m > [22m[2mProperty 10: Scoped Roles Processing Efficiency[2m > [22m[2mProperty 10.9: Batch role hierarchy queries should maintain consistency
[22m[39mGoTrueClient@sb-bgxknceshxxifwytalex-auth-token:0 (2.93.3) 2026-02-02T15:20:17.752Z #_useSession end

[90mstdout[2m | tests/property/scoped-roles-processing-efficiency.test.ts[2m > [22m[2mProperty 10: Scoped Roles Processing Efficiency[2m > [22m[2mProperty 10.9: Batch role hierarchy queries should maintain consistency
[22m[39mGoTrueClient@sb-bgxknceshxxifwytalex-auth-token:0 (2.93.3) 2026-02-02T15:20:17.752Z #_useSession begin
GoTrueClient@sb-bgxknceshxxifwytalex-auth-token:0 (2.93.3) 2026-02-02T15:20:17.752Z #__loadSession() begin

[90mstdout[2m | tests/property/scoped-roles-processing-efficiency.test.ts[2m > [22m[2mProperty 10: Scoped Roles Processing Efficiency[2m > [22m[2mProperty 10.9: Batch role hierarchy queries should maintain consistency
[22m[39mGoTrueClient@sb-bgxknceshxxifwytalex-auth-token:0 (2.93.3) 2026-02-02T15:20:17.752Z #getSession() session from storage [1mnull[22m
GoTrueClient@sb-bgxknceshxxifwytalex-auth-token:0 (2.93.3) 2026-02-02T15:20:17.752Z #__loadSession() end

[90mstdout[2m | tests/property/scoped-roles-processing-efficiency.test.ts[2m > [22m[2mProperty 10: Scoped Roles Processing Efficiency[2m > [22m[2mProperty 10.9: Batch role hierarchy queries should maintain consistency
[22m[39mGoTrueClient@sb-bgxknceshxxifwytalex-auth-token:0 (2.93.3) 2026-02-02T15:20:17.753Z #_useSession end

[90mstdout[2m | tests/property/scoped-roles-processing-efficiency.test.ts[2m > [22m[2mProperty 10: Scoped Roles Processing Efficiency[2m > [22m[2mProperty 10.9: Batch role hierarchy queries should maintain consistency
[22m[39mGoTrueClient@sb-bgxknceshxxifwytalex-auth-token:0 (2.93.3) 2026-02-02T15:20:17.753Z #_useSession begin
GoTrueClient@sb-bgxknceshxxifwytalex-auth-token:0 (2.93.3) 2026-02-02T15:20:17.753Z #__loadSession() begin

[90mstdout[2m | tests/property/scoped-roles-processing-efficiency.test.ts[2m > [22m[2mProperty 10: Scoped Roles Processing Efficiency[2m > [22m[2mProperty 10.9: Batch role hierarchy queries should maintain consistency
[22m[39mGoTrueClient@sb-bgxknceshxxifwytalex-auth-token:0 (2.93.3) 2026-02-02T15:20:17.753Z #getSession() session from storage [1mnull[22m
GoTrueClient@sb-bgxknceshxxifwytalex-auth-token:0 (2.93.3) 2026-02-02T15:20:17.753Z #__loadSession() end

[90mstdout[2m | tests/property/scoped-roles-processing-efficiency.test.ts[2m > [22m[2mProperty 10: Scoped Roles Processing Efficiency[2m > [22m[2mProperty 10.9: Batch role hierarchy queries should maintain consistency
[22m[39mGoTrueClient@sb-bgxknceshxxifwytalex-auth-token:0 (2.93.3) 2026-02-02T15:20:17.755Z #_useSession end

[90mstdout[2m | tests/property/scoped-roles-processing-efficiency.test.ts[2m > [22m[2mProperty 10: Scoped Roles Processing Efficiency[2m > [22m[2mProperty 10.9: Batch role hierarchy queries should maintain consistency
[22m[39mGoTrueClient@sb-bgxknceshxxifwytalex-auth-token:0 (2.93.3) 2026-02-02T15:20:17.755Z #_useSession begin
GoTrueClient@sb-bgxknceshxxifwytalex-auth-token:0 (2.93.3) 2026-02-02T15:20:17.755Z #__loadSession() begin

[90mstdout[2m | tests/property/scoped-roles-processing-efficiency.test.ts[2m > [22m[2mProperty 10: Scoped Roles Processing Efficiency[2m > [22m[2mProperty 10.9: Batch role hierarchy queries should maintain consistency
[22m[39mGoTrueClient@sb-bgxknceshxxifwytalex-auth-token:0 (2.93.3) 2026-02-02T15:20:17.755Z #getSession() session from storage [1mnull[22m
GoTrueClient@sb-bgxknceshxxifwytalex-auth-token:0 (2.93.3) 2026-02-02T15:20:17.755Z #__loadSession() end

[90mstdout[2m | tests/property/scoped-roles-processing-efficiency.test.ts[2m > [22m[2mProperty 10: Scoped Roles Processing Efficiency[2m > [22m[2mProperty 10.9: Batch role hierarchy queries should maintain consistency
[22m[39mGoTrueClient@sb-bgxknceshxxifwytalex-auth-token:0 (2.93.3) 2026-02-02T15:20:17.756Z #_useSession end

[90mstdout[2m | tests/property/scoped-roles-processing-efficiency.test.ts[2m > [22m[2mProperty 10: Scoped Roles Processing Efficiency[2m > [22m[2mProperty 10.9: Batch role hierarchy queries should maintain consistency
[22m[39mGoTrueClient@sb-bgxknceshxxifwytalex-auth-token:0 (2.93.3) 2026-02-02T15:20:17.756Z #_useSession begin
GoTrueClient@sb-bgxknceshxxifwytalex-auth-token:0 (2.93.3) 2026-02-02T15:20:17.756Z #__loadSession() begin

[90mstdout[2m | tests/property/scoped-roles-processing-efficiency.test.ts[2m > [22m[2mProperty 10: Scoped Roles Processing Efficiency[2m > [22m[2mProperty 10.9: Batch role hierarchy queries should maintain consistency
[22m[39mGoTrueClient@sb-bgxknceshxxifwytalex-auth-token:0 (2.93.3) 2026-02-02T15:20:17.757Z #getSession() session from storage [1mnull[22m
GoTrueClient@sb-bgxknceshxxifwytalex-auth-token:0 (2.93.3) 2026-02-02T15:20:17.757Z #__loadSession() end

[90mstdout[2m | tests/property/scoped-roles-processing-efficiency.test.ts[2m > [22m[2mProperty 10: Scoped Roles Processing Efficiency[2m > [22m[2mProperty 10.9: Batch role hierarchy queries should maintain consistency
[22m[39mGoTrueClient@sb-bgxknceshxxifwytalex-auth-token:0 (2.93.3) 2026-02-02T15:20:17.758Z #_useSession end

[90mstdout[2m | tests/property/scoped-roles-processing-efficiency.test.ts[2m > [22m[2mProperty 10: Scoped Roles Processing Efficiency[2m > [22m[2mProperty 10.9: Batch role hierarchy queries should maintain consistency
[22m[39mGoTrueClient@sb-bgxknceshxxifwytalex-auth-token:0 (2.93.3) 2026-02-02T15:20:17.758Z #_useSession begin
GoTrueClient@sb-bgxknceshxxifwytalex-auth-token:0 (2.93.3) 2026-02-02T15:20:17.758Z #__loadSession() begin

[90mstdout[2m | tests/property/scoped-roles-processing-efficiency.test.ts[2m > [22m[2mProperty 10: Scoped Roles Processing Efficiency[2m > [22m[2mProperty 10.9: Batch role hierarchy queries should maintain consistency
[22m[39mGoTrueClient@sb-bgxknceshxxifwytalex-auth-token:0 (2.93.3) 2026-02-02T15:20:17.759Z #getSession() session from storage [1mnull[22m
GoTrueClient@sb-bgxknceshxxifwytalex-auth-token:0 (2.93.3) 2026-02-02T15:20:17.759Z #__loadSession() end

[90mstdout[2m | tests/property/scoped-roles-processing-efficiency.test.ts[2m > [22m[2mProperty 10: Scoped Roles Processing Efficiency[2m > [22m[2mProperty 10.9: Batch role hierarchy queries should maintain consistency
[22m[39mGoTrueClient@sb-bgxknceshxxifwytalex-auth-token:0 (2.93.3) 2026-02-02T15:20:17.760Z #_useSession end

[90mstdout[2m | tests/property/scoped-roles-processing-efficiency.test.ts[2m > [22m[2mProperty 10: Scoped Roles Processing Efficiency[2m > [22m[2mProperty 10.9: Batch role hierarchy queries should maintain consistency
[22m[39mGoTrueClient@sb-bgxknceshxxifwytalex-auth-token:0 (2.93.3) 2026-02-02T15:20:17.760Z #_useSession begin
GoTrueClient@sb-bgxknceshxxifwytalex-auth-token:0 (2.93.3) 2026-02-02T15:20:17.760Z #__loadSession() begin

[90mstdout[2m | tests/property/scoped-roles-processing-efficiency.test.ts[2m > [22m[2mProperty 10: Scoped Roles Processing Efficiency[2m > [22m[2mProperty 10.9: Batch role hierarchy queries should maintain consistency
[22m[39mGoTrueClient@sb-bgxknceshxxifwytalex-auth-token:0 (2.93.3) 2026-02-02T15:20:17.760Z #getSession() session from storage [1mnull[22m
GoTrueClient@sb-bgxknceshxxifwytalex-auth-token:0 (2.93.3) 2026-02-02T15:20:17.760Z #__loadSession() end

[90mstdout[2m | tests/property/scoped-roles-processing-efficiency.test.ts[2m > [22m[2mProperty 10: Scoped Roles Processing Efficiency[2m > [22m[2mProperty 10.9: Batch role hierarchy queries should maintain consistency
[22m[39mGoTrueClient@sb-bgxknceshxxifwytalex-auth-token:0 (2.93.3) 2026-02-02T15:20:17.761Z #_useSession end

[90mstdout[2m | tests/property/scoped-roles-processing-efficiency.test.ts[2m > [22m[2mProperty 10: Scoped Roles Processing Efficiency[2m > [22m[2mProperty 10.9: Batch role hierarchy queries should maintain consistency
[22m[39mGoTrueClient@sb-bgxknceshxxifwytalex-auth-token:0 (2.93.3) 2026-02-02T15:20:17.761Z #_useSession begin
GoTrueClient@sb-bgxknceshxxifwytalex-auth-token:0 (2.93.3) 2026-02-02T15:20:17.761Z #__loadSession() begin

[90mstdout[2m | tests/property/scoped-roles-processing-efficiency.test.ts[2m > [22m[2mProperty 10: Scoped Roles Processing Efficiency[2m > [22m[2mProperty 10.9: Batch role hierarchy queries should maintain consistency
[22m[39mGoTrueClient@sb-bgxknceshxxifwytalex-auth-token:0 (2.93.3) 2026-02-02T15:20:17.761Z #getSession() session from storage [1mnull[22m
GoTrueClient@sb-bgxknceshxxifwytalex-auth-token:0 (2.93.3) 2026-02-02T15:20:17.761Z #__loadSession() end

[90mstdout[2m | tests/property/scoped-roles-processing-efficiency.test.ts[2m > [22m[2mProperty 10: Scoped Roles Processing Efficiency[2m > [22m[2mProperty 10.9: Batch role hierarchy queries should maintain consistency
[22m[39mGoTrueClient@sb-bgxknceshxxifwytalex-auth-token:0 (2.93.3) 2026-02-02T15:20:17.763Z #_useSession end

[90mstdout[2m | tests/property/scoped-roles-processing-efficiency.test.ts[2m > [22m[2mProperty 10: Scoped Roles Processing Efficiency[2m > [22m[2mProperty 10.9: Batch role hierarchy queries should maintain consistency
[22m[39mGoTrueClient@sb-bgxknceshxxifwytalex-auth-token:0 (2.93.3) 2026-02-02T15:20:17.763Z #_useSession begin
GoTrueClient@sb-bgxknceshxxifwytalex-auth-token:0 (2.93.3) 2026-02-02T15:20:17.763Z #__loadSession() begin

[90mstdout[2m | tests/property/scoped-roles-processing-efficiency.test.ts[2m > [22m[2mProperty 10: Scoped Roles Processing Efficiency[2m > [22m[2mProperty 10.9: Batch role hierarchy queries should maintain consistency
[22m[39mGoTrueClient@sb-bgxknceshxxifwytalex-auth-token:0 (2.93.3) 2026-02-02T15:20:17.763Z #getSession() session from storage [1mnull[22m
GoTrueClient@sb-bgxknceshxxifwytalex-auth-token:0 (2.93.3) 2026-02-02T15:20:17.763Z #__loadSession() end

[90mstdout[2m | tests/property/scoped-roles-processing-efficiency.test.ts[2m > [22m[2mProperty 10: Scoped Roles Processing Efficiency[2m > [22m[2mProperty 10.9: Batch role hierarchy queries should maintain consistency
[22m[39mGoTrueClient@sb-bgxknceshxxifwytalex-auth-token:0 (2.93.3) 2026-02-02T15:20:17.764Z #_useSession end

[90mstdout[2m | tests/property/scoped-roles-processing-efficiency.test.ts[2m > [22m[2mProperty 10: Scoped Roles Processing Efficiency[2m > [22m[2mProperty 10.9: Batch role hierarchy queries should maintain consistency
[22m[39mGoTrueClient@sb-bgxknceshxxifwytalex-auth-token:0 (2.93.3) 2026-02-02T15:20:17.764Z #_useSession begin
GoTrueClient@sb-bgxknceshxxifwytalex-auth-token:0 (2.93.3) 2026-02-02T15:20:17.764Z #__loadSession() begin

[90mstdout[2m | tests/property/scoped-roles-processing-efficiency.test.ts[2m > [22m[2mProperty 10: Scoped Roles Processing Efficiency[2m > [22m[2mProperty 10.9: Batch role hierarchy queries should maintain consistency
[22m[39mGoTrueClient@sb-bgxknceshxxifwytalex-auth-token:0 (2.93.3) 2026-02-02T15:20:17.764Z #getSession() session from storage [1mnull[22m
GoTrueClient@sb-bgxknceshxxifwytalex-auth-token:0 (2.93.3) 2026-02-02T15:20:17.764Z #__loadSession() end

[90mstdout[2m | tests/property/scoped-roles-processing-efficiency.test.ts[2m > [22m[2mProperty 10: Scoped Roles Processing Efficiency[2m > [22m[2mProperty 10.9: Batch role hierarchy queries should maintain consistency
[22m[39mGoTrueClient@sb-bgxknceshxxifwytalex-auth-token:0 (2.93.3) 2026-02-02T15:20:17.765Z #_useSession end

[90mstdout[2m | tests/property/scoped-roles-processing-efficiency.test.ts[2m > [22m[2mProperty 10: Scoped Roles Processing Efficiency[2m > [22m[2mProperty 10.9: Batch role hierarchy queries should maintain consistency
[22m[39mGoTrueClient@sb-bgxknceshxxifwytalex-auth-token:0 (2.93.3) 2026-02-02T15:20:17.765Z #_useSession begin
GoTrueClient@sb-bgxknceshxxifwytalex-auth-token:0 (2.93.3) 2026-02-02T15:20:17.765Z #__loadSession() begin

[90mstdout[2m | tests/property/scoped-roles-processing-efficiency.test.ts[2m > [22m[2mProperty 10: Scoped Roles Processing Efficiency[2m > [22m[2mProperty 10.9: Batch role hierarchy queries should maintain consistency
[22m[39mGoTrueClient@sb-bgxknceshxxifwytalex-auth-token:0 (2.93.3) 2026-02-02T15:20:17.765Z #getSession() session from storage [1mnull[22m
GoTrueClient@sb-bgxknceshxxifwytalex-auth-token:0 (2.93.3) 2026-02-02T15:20:17.765Z #__loadSession() end

[90mstdout[2m | tests/property/scoped-roles-processing-efficiency.test.ts[2m > [22m[2mProperty 10: Scoped Roles Processing Efficiency[2m > [22m[2mProperty 10.9: Batch role hierarchy queries should maintain consistency
[22m[39mGoTrueClient@sb-bgxknceshxxifwytalex-auth-token:0 (2.93.3) 2026-02-02T15:20:17.766Z #_useSession end

[90mstdout[2m | tests/property/scoped-roles-processing-efficiency.test.ts[2m > [22m[2mProperty 10: Scoped Roles Processing Efficiency[2m > [22m[2mProperty 10.9: Batch role hierarchy queries should maintain consistency
[22m[39mGoTrueClient@sb-bgxknceshxxifwytalex-auth-token:0 (2.93.3) 2026-02-02T15:20:17.766Z #_useSession begin
GoTrueClient@sb-bgxknceshxxifwytalex-auth-token:0 (2.93.3) 2026-02-02T15:20:17.766Z #__loadSession() begin

[90mstdout[2m | tests/property/scoped-roles-processing-efficiency.test.ts[2m > [22m[2mProperty 10: Scoped Roles Processing Efficiency[2m > [22m[2mProperty 10.9: Batch role hierarchy queries should maintain consistency
[22m[39mGoTrueClient@sb-bgxknceshxxifwytalex-auth-token:0 (2.93.3) 2026-02-02T15:20:17.766Z #getSession() session from storage [1mnull[22m
GoTrueClient@sb-bgxknceshxxifwytalex-auth-token:0 (2.93.3) 2026-02-02T15:20:17.766Z #__loadSession() end

[90mstdout[2m | tests/property/scoped-roles-processing-efficiency.test.ts[2m > [22m[2mProperty 10: Scoped Roles Processing Efficiency[2m > [22m[2mProperty 10.9: Batch role hierarchy queries should maintain consistency
[22m[39mGoTrueClient@sb-bgxknceshxxifwytalex-auth-token:0 (2.93.3) 2026-02-02T15:20:17.767Z #_useSession end

[90mstdout[2m | tests/property/scoped-roles-processing-efficiency.test.ts[2m > [22m[2mProperty 10: Scoped Roles Processing Efficiency[2m > [22m[2mProperty 10.9: Batch role hierarchy queries should maintain consistency
[22m[39mGoTrueClient@sb-bgxknceshxxifwytalex-auth-token:0 (2.93.3) 2026-02-02T15:20:17.767Z #_useSession begin
GoTrueClient@sb-bgxknceshxxifwytalex-auth-token:0 (2.93.3) 2026-02-02T15:20:17.767Z #__loadSession() begin

[90mstdout[2m | tests/property/scoped-roles-processing-efficiency.test.ts[2m > [22m[2mProperty 10: Scoped Roles Processing Efficiency[2m > [22m[2mProperty 10.9: Batch role hierarchy queries should maintain consistency
[22m[39mGoTrueClient@sb-bgxknceshxxifwytalex-auth-token:0 (2.93.3) 2026-02-02T15:20:17.767Z #getSession() session from storage [1mnull[22m
GoTrueClient@sb-bgxknceshxxifwytalex-auth-token:0 (2.93.3) 2026-02-02T15:20:17.767Z #__loadSession() end

[90mstdout[2m | tests/property/scoped-roles-processing-efficiency.test.ts[2m > [22m[2mProperty 10: Scoped Roles Processing Efficiency[2m > [22m[2mProperty 10.9: Batch role hierarchy queries should maintain consistency
[22m[39mGoTrueClient@sb-bgxknceshxxifwytalex-auth-token:0 (2.93.3) 2026-02-02T15:20:17.768Z #_useSession end

[90mstdout[2m | tests/property/scoped-roles-processing-efficiency.test.ts[2m > [22m[2mProperty 10: Scoped Roles Processing Efficiency[2m > [22m[2mProperty 10.9: Batch role hierarchy queries should maintain consistency
[22m[39mGoTrueClient@sb-bgxknceshxxifwytalex-auth-token:0 (2.93.3) 2026-02-02T15:20:17.768Z #_useSession begin
GoTrueClient@sb-bgxknceshxxifwytalex-auth-token:0 (2.93.3) 2026-02-02T15:20:17.768Z #__loadSession() begin

[90mstdout[2m | tests/property/scoped-roles-processing-efficiency.test.ts[2m > [22m[2mProperty 10: Scoped Roles Processing Efficiency[2m > [22m[2mProperty 10.9: Batch role hierarchy queries should maintain consistency
[22m[39mGoTrueClient@sb-bgxknceshxxifwytalex-auth-token:0 (2.93.3) 2026-02-02T15:20:17.768Z #getSession() session from storage [1mnull[22m
GoTrueClient@sb-bgxknceshxxifwytalex-auth-token:0 (2.93.3) 2026-02-02T15:20:17.768Z #__loadSession() end

[90mstdout[2m | tests/property/scoped-roles-processing-efficiency.test.ts[2m > [22m[2mProperty 10: Scoped Roles Processing Efficiency[2m > [22m[2mProperty 10.9: Batch role hierarchy queries should maintain consistency
[22m[39mGoTrueClient@sb-bgxknceshxxifwytalex-auth-token:0 (2.93.3) 2026-02-02T15:20:17.770Z #_useSession end

[90mstdout[2m | tests/property/scoped-roles-processing-efficiency.test.ts[2m > [22m[2mProperty 10: Scoped Roles Processing Efficiency[2m > [22m[2mProperty 10.9: Batch role hierarchy queries should maintain consistency
[22m[39mGoTrueClient@sb-bgxknceshxxifwytalex-auth-token:0 (2.93.3) 2026-02-02T15:20:17.770Z #_useSession begin
GoTrueClient@sb-bgxknceshxxifwytalex-auth-token:0 (2.93.3) 2026-02-02T15:20:17.770Z #__loadSession() begin

[90mstdout[2m | tests/property/scoped-roles-processing-efficiency.test.ts[2m > [22m[2mProperty 10: Scoped Roles Processing Efficiency[2m > [22m[2mProperty 10.9: Batch role hierarchy queries should maintain consistency
[22m[39mGoTrueClient@sb-bgxknceshxxifwytalex-auth-token:0 (2.93.3) 2026-02-02T15:20:17.771Z #getSession() session from storage [1mnull[22m
GoTrueClient@sb-bgxknceshxxifwytalex-auth-token:0 (2.93.3) 2026-02-02T15:20:17.771Z #__loadSession() end

[90mstdout[2m | tests/property/scoped-roles-processing-efficiency.test.ts[2m > [22m[2mProperty 10: Scoped Roles Processing Efficiency[2m > [22m[2mProperty 10.9: Batch role hierarchy queries should maintain consistency
[22m[39mGoTrueClient@sb-bgxknceshxxifwytalex-auth-token:0 (2.93.3) 2026-02-02T15:20:17.773Z #_useSession end

[90mstdout[2m | tests/property/scoped-roles-processing-efficiency.test.ts[2m > [22m[2mProperty 10: Scoped Roles Processing Efficiency[2m > [22m[2mProperty 10.9: Batch role hierarchy queries should maintain consistency
[22m[39mGoTrueClient@sb-bgxknceshxxifwytalex-auth-token:0 (2.93.3) 2026-02-02T15:20:17.773Z #_useSession begin
GoTrueClient@sb-bgxknceshxxifwytalex-auth-token:0 (2.93.3) 2026-02-02T15:20:17.773Z #__loadSession() begin

[90mstdout[2m | tests/property/scoped-roles-processing-efficiency.test.ts[2m > [22m[2mProperty 10: Scoped Roles Processing Efficiency[2m > [22m[2mProperty 10.9: Batch role hierarchy queries should maintain consistency
[22m[39mGoTrueClient@sb-bgxknceshxxifwytalex-auth-token:0 (2.93.3) 2026-02-02T15:20:17.774Z #getSession() session from storage [1mnull[22m
GoTrueClient@sb-bgxknceshxxifwytalex-auth-token:0 (2.93.3) 2026-02-02T15:20:17.774Z #__loadSession() end

[90mstdout[2m | tests/property/scoped-roles-processing-efficiency.test.ts[2m > [22m[2mProperty 10: Scoped Roles Processing Efficiency[2m > [22m[2mProperty 10.9: Batch role hierarchy queries should maintain consistency
[22m[39mGoTrueClient@sb-bgxknceshxxifwytalex-auth-token:0 (2.93.3) 2026-02-02T15:20:17.775Z #_useSession end

[90mstdout[2m | tests/property/scoped-roles-processing-efficiency.test.ts[2m > [22m[2mProperty 10: Scoped Roles Processing Efficiency[2m > [22m[2mProperty 10.9: Batch role hierarchy queries should maintain consistency
[22m[39mGoTrueClient@sb-bgxknceshxxifwytalex-auth-token:0 (2.93.3) 2026-02-02T15:20:17.775Z #_useSession begin
GoTrueClient@sb-bgxknceshxxifwytalex-auth-token:0 (2.93.3) 2026-02-02T15:20:17.775Z #__loadSession() begin

[90mstdout[2m | tests/property/scoped-roles-processing-efficiency.test.ts[2m > [22m[2mProperty 10: Scoped Roles Processing Efficiency[2m > [22m[2mProperty 10.9: Batch role hierarchy queries should maintain consistency
[22m[39mGoTrueClient@sb-bgxknceshxxifwytalex-auth-token:0 (2.93.3) 2026-02-02T15:20:17.775Z #getSession() session from storage [1mnull[22m
GoTrueClient@sb-bgxknceshxxifwytalex-auth-token:0 (2.93.3) 2026-02-02T15:20:17.775Z #__loadSession() end

[90mstdout[2m | tests/property/scoped-roles-processing-efficiency.test.ts[2m > [22m[2mProperty 10: Scoped Roles Processing Efficiency[2m > [22m[2mProperty 10.9: Batch role hierarchy queries should maintain consistency
[22m[39mGoTrueClient@sb-bgxknceshxxifwytalex-auth-token:0 (2.93.3) 2026-02-02T15:20:17.776Z #_useSession end

[90mstdout[2m | tests/property/scoped-roles-processing-efficiency.test.ts[2m > [22m[2mProperty 10: Scoped Roles Processing Efficiency[2m > [22m[2mProperty 10.9: Batch role hierarchy queries should maintain consistency
[22m[39mGoTrueClient@sb-bgxknceshxxifwytalex-auth-token:0 (2.93.3) 2026-02-02T15:20:17.776Z #_useSession begin
GoTrueClient@sb-bgxknceshxxifwytalex-auth-token:0 (2.93.3) 2026-02-02T15:20:17.776Z #__loadSession() begin

[90mstdout[2m | tests/property/scoped-roles-processing-efficiency.test.ts[2m > [22m[2mProperty 10: Scoped Roles Processing Efficiency[2m > [22m[2mProperty 10.9: Batch role hierarchy queries should maintain consistency
[22m[39mGoTrueClient@sb-bgxknceshxxifwytalex-auth-token:0 (2.93.3) 2026-02-02T15:20:17.776Z #getSession() session from storage [1mnull[22m
GoTrueClient@sb-bgxknceshxxifwytalex-auth-token:0 (2.93.3) 2026-02-02T15:20:17.776Z #__loadSession() end

[90mstdout[2m | tests/property/scoped-roles-processing-efficiency.test.ts[2m > [22m[2mProperty 10: Scoped Roles Processing Efficiency[2m > [22m[2mProperty 10.9: Batch role hierarchy queries should maintain consistency
[22m[39mGoTrueClient@sb-bgxknceshxxifwytalex-auth-token:0 (2.93.3) 2026-02-02T15:20:17.777Z #_useSession end

[90mstdout[2m | tests/property/scoped-roles-processing-efficiency.test.ts[2m > [22m[2mProperty 10: Scoped Roles Processing Efficiency[2m > [22m[2mProperty 10.9: Batch role hierarchy queries should maintain consistency
[22m[39mGoTrueClient@sb-bgxknceshxxifwytalex-auth-token:0 (2.93.3) 2026-02-02T15:20:17.777Z #_useSession begin
GoTrueClient@sb-bgxknceshxxifwytalex-auth-token:0 (2.93.3) 2026-02-02T15:20:17.777Z #__loadSession() begin

[90mstdout[2m | tests/property/scoped-roles-processing-efficiency.test.ts[2m > [22m[2mProperty 10: Scoped Roles Processing Efficiency[2m > [22m[2mProperty 10.9: Batch role hierarchy queries should maintain consistency
[22m[39mGoTrueClient@sb-bgxknceshxxifwytalex-auth-token:0 (2.93.3) 2026-02-02T15:20:17.777Z #getSession() session from storage [1mnull[22m
GoTrueClient@sb-bgxknceshxxifwytalex-auth-token:0 (2.93.3) 2026-02-02T15:20:17.777Z #__loadSession() end

[90mstdout[2m | tests/property/scoped-roles-processing-efficiency.test.ts[2m > [22m[2mProperty 10: Scoped Roles Processing Efficiency[2m > [22m[2mProperty 10.9: Batch role hierarchy queries should maintain consistency
[22m[39mGoTrueClient@sb-bgxknceshxxifwytalex-auth-token:0 (2.93.3) 2026-02-02T15:20:17.778Z #_useSession end

[90mstdout[2m | tests/property/scoped-roles-processing-efficiency.test.ts[2m > [22m[2mProperty 10: Scoped Roles Processing Efficiency[2m > [22m[2mProperty 10.9: Batch role hierarchy queries should maintain consistency
[22m[39mGoTrueClient@sb-bgxknceshxxifwytalex-auth-token:0 (2.93.3) 2026-02-02T15:20:17.778Z #_useSession begin
GoTrueClient@sb-bgxknceshxxifwytalex-auth-token:0 (2.93.3) 2026-02-02T15:20:17.778Z #__loadSession() begin

[90mstdout[2m | tests/property/scoped-roles-processing-efficiency.test.ts[2m > [22m[2mProperty 10: Scoped Roles Processing Efficiency[2m > [22m[2mProperty 10.9: Batch role hierarchy queries should maintain consistency
[22m[39mGoTrueClient@sb-bgxknceshxxifwytalex-auth-token:0 (2.93.3) 2026-02-02T15:20:17.778Z #getSession() session from storage [1mnull[22m
GoTrueClient@sb-bgxknceshxxifwytalex-auth-token:0 (2.93.3) 2026-02-02T15:20:17.778Z #__loadSession() end

[90mstdout[2m | tests/property/scoped-roles-processing-efficiency.test.ts[2m > [22m[2mProperty 10: Scoped Roles Processing Efficiency[2m > [22m[2mProperty 10.9: Batch role hierarchy queries should maintain consistency
[22m[39mGoTrueClient@sb-bgxknceshxxifwytalex-auth-token:0 (2.93.3) 2026-02-02T15:20:17.779Z #_useSession end

[90mstdout[2m | tests/property/scoped-roles-processing-efficiency.test.ts[2m > [22m[2mProperty 10: Scoped Roles Processing Efficiency[2m > [22m[2mProperty 10.9: Batch role hierarchy queries should maintain consistency
[22m[39mGoTrueClient@sb-bgxknceshxxifwytalex-auth-token:0 (2.93.3) 2026-02-02T15:20:17.779Z #_useSession begin
GoTrueClient@sb-bgxknceshxxifwytalex-auth-token:0 (2.93.3) 2026-02-02T15:20:17.779Z #__loadSession() begin

[90mstdout[2m | tests/property/scoped-roles-processing-efficiency.test.ts[2m > [22m[2mProperty 10: Scoped Roles Processing Efficiency[2m > [22m[2mProperty 10.9: Batch role hierarchy queries should maintain consistency
[22m[39mGoTrueClient@sb-bgxknceshxxifwytalex-auth-token:0 (2.93.3) 2026-02-02T15:20:17.779Z #getSession() session from storage [1mnull[22m
GoTrueClient@sb-bgxknceshxxifwytalex-auth-token:0 (2.93.3) 2026-02-02T15:20:17.779Z #__loadSession() end

[90mstdout[2m | tests/property/scoped-roles-processing-efficiency.test.ts[2m > [22m[2mProperty 10: Scoped Roles Processing Efficiency[2m > [22m[2mProperty 10.9: Batch role hierarchy queries should maintain consistency
[22m[39mGoTrueClient@sb-bgxknceshxxifwytalex-auth-token:0 (2.93.3) 2026-02-02T15:20:17.780Z #_useSession end

[90mstdout[2m | tests/property/scoped-roles-processing-efficiency.test.ts[2m > [22m[2mProperty 10: Scoped Roles Processing Efficiency[2m > [22m[2mProperty 10.9: Batch role hierarchy queries should maintain consistency
[22m[39mGoTrueClient@sb-bgxknceshxxifwytalex-auth-token:0 (2.93.3) 2026-02-02T15:20:17.780Z #_useSession begin
GoTrueClient@sb-bgxknceshxxifwytalex-auth-token:0 (2.93.3) 2026-02-02T15:20:17.780Z #__loadSession() begin

[90mstdout[2m | tests/property/scoped-roles-processing-efficiency.test.ts[2m > [22m[2mProperty 10: Scoped Roles Processing Efficiency[2m > [22m[2mProperty 10.9: Batch role hierarchy queries should maintain consistency
[22m[39mGoTrueClient@sb-bgxknceshxxifwytalex-auth-token:0 (2.93.3) 2026-02-02T15:20:17.780Z #getSession() session from storage [1mnull[22m
GoTrueClient@sb-bgxknceshxxifwytalex-auth-token:0 (2.93.3) 2026-02-02T15:20:17.780Z #__loadSession() end

[90mstdout[2m | tests/property/scoped-roles-processing-efficiency.test.ts[2m > [22m[2mProperty 10: Scoped Roles Processing Efficiency[2m > [22m[2mProperty 10.9: Batch role hierarchy queries should maintain consistency
[22m[39mGoTrueClient@sb-bgxknceshxxifwytalex-auth-token:0 (2.93.3) 2026-02-02T15:20:17.781Z #_useSession end

[90mstdout[2m | tests/property/scoped-roles-processing-efficiency.test.ts[2m > [22m[2mProperty 10: Scoped Roles Processing Efficiency[2m > [22m[2mProperty 10.9: Batch role hierarchy queries should maintain consistency
[22m[39mGoTrueClient@sb-bgxknceshxxifwytalex-auth-token:0 (2.93.3) 2026-02-02T15:20:17.781Z #_useSession begin
GoTrueClient@sb-bgxknceshxxifwytalex-auth-token:0 (2.93.3) 2026-02-02T15:20:17.781Z #__loadSession() begin

[90mstdout[2m | tests/property/scoped-roles-processing-efficiency.test.ts[2m > [22m[2mProperty 10: Scoped Roles Processing Efficiency[2m > [22m[2mProperty 10.9: Batch role hierarchy queries should maintain consistency
[22m[39mGoTrueClient@sb-bgxknceshxxifwytalex-auth-token:0 (2.93.3) 2026-02-02T15:20:17.781Z #getSession() session from storage [1mnull[22m
GoTrueClient@sb-bgxknceshxxifwytalex-auth-token:0 (2.93.3) 2026-02-02T15:20:17.781Z #__loadSession() end

[90mstdout[2m | tests/property/scoped-roles-processing-efficiency.test.ts[2m > [22m[2mProperty 10: Scoped Roles Processing Efficiency[2m > [22m[2mProperty 10.9: Batch role hierarchy queries should maintain consistency
[22m[39mGoTrueClient@sb-bgxknceshxxifwytalex-auth-token:0 (2.93.3) 2026-02-02T15:20:17.782Z #_useSession end

[90mstdout[2m | tests/property/scoped-roles-processing-efficiency.test.ts[2m > [22m[2mProperty 10: Scoped Roles Processing Efficiency[2m > [22m[2mProperty 10.9: Batch role hierarchy queries should maintain consistency
[22m[39mGoTrueClient@sb-bgxknceshxxifwytalex-auth-token:0 (2.93.3) 2026-02-02T15:20:17.782Z #_useSession begin
GoTrueClient@sb-bgxknceshxxifwytalex-auth-token:0 (2.93.3) 2026-02-02T15:20:17.782Z #__loadSession() begin

[90mstdout[2m | tests/property/scoped-roles-processing-efficiency.test.ts[2m > [22m[2mProperty 10: Scoped Roles Processing Efficiency[2m > [22m[2mProperty 10.9: Batch role hierarchy queries should maintain consistency
[22m[39mGoTrueClient@sb-bgxknceshxxifwytalex-auth-token:0 (2.93.3) 2026-02-02T15:20:17.782Z #getSession() session from storage [1mnull[22m
GoTrueClient@sb-bgxknceshxxifwytalex-auth-token:0 (2.93.3) 2026-02-02T15:20:17.782Z #__loadSession() end

[90mstdout[2m | tests/property/scoped-roles-processing-efficiency.test.ts[2m > [22m[2mProperty 10: Scoped Roles Processing Efficiency[2m > [22m[2mProperty 10.9: Batch role hierarchy queries should maintain consistency
[22m[39mGoTrueClient@sb-bgxknceshxxifwytalex-auth-token:0 (2.93.3) 2026-02-02T15:20:17.783Z #_useSession end

[90mstdout[2m | tests/property/scoped-roles-processing-efficiency.test.ts[2m > [22m[2mProperty 10: Scoped Roles Processing Efficiency[2m > [22m[2mProperty 10.9: Batch role hierarchy queries should maintain consistency
[22m[39mGoTrueClient@sb-bgxknceshxxifwytalex-auth-token:0 (2.93.3) 2026-02-02T15:20:17.783Z #_useSession begin
GoTrueClient@sb-bgxknceshxxifwytalex-auth-token:0 (2.93.3) 2026-02-02T15:20:17.783Z #__loadSession() begin

[90mstdout[2m | tests/property/scoped-roles-processing-efficiency.test.ts[2m > [22m[2mProperty 10: Scoped Roles Processing Efficiency[2m > [22m[2mProperty 10.9: Batch role hierarchy queries should maintain consistency
[22m[39mGoTrueClient@sb-bgxknceshxxifwytalex-auth-token:0 (2.93.3) 2026-02-02T15:20:17.783Z #getSession() session from storage [1mnull[22m
GoTrueClient@sb-bgxknceshxxifwytalex-auth-token:0 (2.93.3) 2026-02-02T15:20:17.783Z #__loadSession() end

[90mstdout[2m | tests/property/scoped-roles-processing-efficiency.test.ts[2m > [22m[2mProperty 10: Scoped Roles Processing Efficiency[2m > [22m[2mProperty 10.9: Batch role hierarchy queries should maintain consistency
[22m[39mGoTrueClient@sb-bgxknceshxxifwytalex-auth-token:0 (2.93.3) 2026-02-02T15:20:17.784Z #_useSession end

[90mstdout[2m | tests/property/scoped-roles-processing-efficiency.test.ts[2m > [22m[2mProperty 10: Scoped Roles Processing Efficiency[2m > [22m[2mProperty 10.9: Batch role hierarchy queries should maintain consistency
[22m[39mGoTrueClient@sb-bgxknceshxxifwytalex-auth-token:0 (2.93.3) 2026-02-02T15:20:17.784Z #_useSession begin
GoTrueClient@sb-bgxknceshxxifwytalex-auth-token:0 (2.93.3) 2026-02-02T15:20:17.784Z #__loadSession() begin

[90mstdout[2m | tests/property/scoped-roles-processing-efficiency.test.ts[2m > [22m[2mProperty 10: Scoped Roles Processing Efficiency[2m > [22m[2mProperty 10.9: Batch role hierarchy queries should maintain consistency
[22m[39mGoTrueClient@sb-bgxknceshxxifwytalex-auth-token:0 (2.93.3) 2026-02-02T15:20:17.784Z #getSession() session from storage [1mnull[22m
GoTrueClient@sb-bgxknceshxxifwytalex-auth-token:0 (2.93.3) 2026-02-02T15:20:17.784Z #__loadSession() end

[90mstdout[2m | tests/property/scoped-roles-processing-efficiency.test.ts[2m > [22m[2mProperty 10: Scoped Roles Processing Efficiency[2m > [22m[2mProperty 10.9: Batch role hierarchy queries should maintain consistency
[22m[39mGoTrueClient@sb-bgxknceshxxifwytalex-auth-token:0 (2.93.3) 2026-02-02T15:20:17.785Z #_useSession end

[90mstdout[2m | tests/property/scoped-roles-processing-efficiency.test.ts[2m > [22m[2mProperty 10: Scoped Roles Processing Efficiency[2m > [22m[2mProperty 10.9: Batch role hierarchy queries should maintain consistency
[22m[39mGoTrueClient@sb-bgxknceshxxifwytalex-auth-token:0 (2.93.3) 2026-02-02T15:20:17.785Z #_useSession begin
GoTrueClient@sb-bgxknceshxxifwytalex-auth-token:0 (2.93.3) 2026-02-02T15:20:17.785Z #__loadSession() begin

[90mstdout[2m | tests/property/scoped-roles-processing-efficiency.test.ts[2m > [22m[2mProperty 10: Scoped Roles Processing Efficiency[2m > [22m[2mProperty 10.9: Batch role hierarchy queries should maintain consistency
[22m[39mGoTrueClient@sb-bgxknceshxxifwytalex-auth-token:0 (2.93.3) 2026-02-02T15:20:17.786Z #getSession() session from storage [1mnull[22m
GoTrueClient@sb-bgxknceshxxifwytalex-auth-token:0 (2.93.3) 2026-02-02T15:20:17.786Z #__loadSession() end

[90mstdout[2m | tests/property/scoped-roles-processing-efficiency.test.ts[2m > [22m[2mProperty 10: Scoped Roles Processing Efficiency[2m > [22m[2mProperty 10.9: Batch role hierarchy queries should maintain consistency
[22m[39mGoTrueClient@sb-bgxknceshxxifwytalex-auth-token:0 (2.93.3) 2026-02-02T15:20:17.786Z #_useSession end

[90mstdout[2m | tests/property/scoped-roles-processing-efficiency.test.ts[2m > [22m[2mProperty 10: Scoped Roles Processing Efficiency[2m > [22m[2mProperty 10.9: Batch role hierarchy queries should maintain consistency
[22m[39mGoTrueClient@sb-bgxknceshxxifwytalex-auth-token:0 (2.93.3) 2026-02-02T15:20:17.786Z #_useSession begin
GoTrueClient@sb-bgxknceshxxifwytalex-auth-token:0 (2.93.3) 2026-02-02T15:20:17.786Z #__loadSession() begin

[90mstdout[2m | tests/property/scoped-roles-processing-efficiency.test.ts[2m > [22m[2mProperty 10: Scoped Roles Processing Efficiency[2m > [22m[2mProperty 10.9: Batch role hierarchy queries should maintain consistency
[22m[39mGoTrueClient@sb-bgxknceshxxifwytalex-auth-token:0 (2.93.3) 2026-02-02T15:20:17.786Z #getSession() session from storage [1mnull[22m
GoTrueClient@sb-bgxknceshxxifwytalex-auth-token:0 (2.93.3) 2026-02-02T15:20:17.787Z #__loadSession() end

[90mstdout[2m | tests/property/scoped-roles-processing-efficiency.test.ts[2m > [22m[2mProperty 10: Scoped Roles Processing Efficiency[2m > [22m[2mProperty 10.9: Batch role hierarchy queries should maintain consistency
[22m[39mGoTrueClient@sb-bgxknceshxxifwytalex-auth-token:0 (2.93.3) 2026-02-02T15:20:17.788Z #_useSession end

[90mstdout[2m | tests/property/scoped-roles-processing-efficiency.test.ts[2m > [22m[2mProperty 10: Scoped Roles Processing Efficiency[2m > [22m[2mProperty 10.9: Batch role hierarchy queries should maintain consistency
[22m[39mGoTrueClient@sb-bgxknceshxxifwytalex-auth-token:0 (2.93.3) 2026-02-02T15:20:17.789Z #_useSession begin
GoTrueClient@sb-bgxknceshxxifwytalex-auth-token:0 (2.93.3) 2026-02-02T15:20:17.789Z #__loadSession() begin

[90mstdout[2m | tests/property/scoped-roles-processing-efficiency.test.ts[2m > [22m[2mProperty 10: Scoped Roles Processing Efficiency[2m > [22m[2mProperty 10.9: Batch role hierarchy queries should maintain consistency
[22m[39mGoTrueClient@sb-bgxknceshxxifwytalex-auth-token:0 (2.93.3) 2026-02-02T15:20:17.789Z #getSession() session from storage [1mnull[22m
GoTrueClient@sb-bgxknceshxxifwytalex-auth-token:0 (2.93.3) 2026-02-02T15:20:17.789Z #__loadSession() end

[90mstdout[2m | tests/property/scoped-roles-processing-efficiency.test.ts[2m > [22m[2mProperty 10: Scoped Roles Processing Efficiency[2m > [22m[2mProperty 10.9: Batch role hierarchy queries should maintain consistency
[22m[39mGoTrueClient@sb-bgxknceshxxifwytalex-auth-token:0 (2.93.3) 2026-02-02T15:20:17.790Z #_useSession end

[90mstdout[2m | tests/property/scoped-roles-processing-efficiency.test.ts[2m > [22m[2mProperty 10: Scoped Roles Processing Efficiency[2m > [22m[2mProperty 10.9: Batch role hierarchy queries should maintain consistency
[22m[39mGoTrueClient@sb-bgxknceshxxifwytalex-auth-token:0 (2.93.3) 2026-02-02T15:20:17.790Z #_useSession begin
GoTrueClient@sb-bgxknceshxxifwytalex-auth-token:0 (2.93.3) 2026-02-02T15:20:17.790Z #__loadSession() begin

[90mstdout[2m | tests/property/scoped-roles-processing-efficiency.test.ts[2m > [22m[2mProperty 10: Scoped Roles Processing Efficiency[2m > [22m[2mProperty 10.9: Batch role hierarchy queries should maintain consistency
[22m[39mGoTrueClient@sb-bgxknceshxxifwytalex-auth-token:0 (2.93.3) 2026-02-02T15:20:17.790Z #getSession() session from storage [1mnull[22m
GoTrueClient@sb-bgxknceshxxifwytalex-auth-token:0 (2.93.3) 2026-02-02T15:20:17.790Z #__loadSession() end

[90mstdout[2m | tests/property/scoped-roles-processing-efficiency.test.ts[2m > [22m[2mProperty 10: Scoped Roles Processing Efficiency[2m > [22m[2mProperty 10.9: Batch role hierarchy queries should maintain consistency
[22m[39mGoTrueClient@sb-bgxknceshxxifwytalex-auth-token:0 (2.93.3) 2026-02-02T15:20:17.791Z #_useSession end

[90mstdout[2m | tests/property/scoped-roles-processing-efficiency.test.ts[2m > [22m[2mProperty 10: Scoped Roles Processing Efficiency[2m > [22m[2mProperty 10.9: Batch role hierarchy queries should maintain consistency
[22m[39mGoTrueClient@sb-bgxknceshxxifwytalex-auth-token:0 (2.93.3) 2026-02-02T15:20:17.791Z #_useSession begin
GoTrueClient@sb-bgxknceshxxifwytalex-auth-token:0 (2.93.3) 2026-02-02T15:20:17.791Z #__loadSession() begin

[90mstdout[2m | tests/property/scoped-roles-processing-efficiency.test.ts[2m > [22m[2mProperty 10: Scoped Roles Processing Efficiency[2m > [22m[2mProperty 10.9: Batch role hierarchy queries should maintain consistency
[22m[39mGoTrueClient@sb-bgxknceshxxifwytalex-auth-token:0 (2.93.3) 2026-02-02T15:20:17.792Z #getSession() session from storage [1mnull[22m
GoTrueClient@sb-bgxknceshxxifwytalex-auth-token:0 (2.93.3) 2026-02-02T15:20:17.792Z #__loadSession() end

[90mstdout[2m | tests/property/scoped-roles-processing-efficiency.test.ts[2m > [22m[2mProperty 10: Scoped Roles Processing Efficiency[2m > [22m[2mProperty 10.9: Batch role hierarchy queries should maintain consistency
[22m[39mGoTrueClient@sb-bgxknceshxxifwytalex-auth-token:0 (2.93.3) 2026-02-02T15:20:17.793Z #_useSession end

[90mstdout[2m | tests/property/scoped-roles-processing-efficiency.test.ts[2m > [22m[2mProperty 10: Scoped Roles Processing Efficiency[2m > [22m[2mProperty 10.9: Batch role hierarchy queries should maintain consistency
[22m[39mGoTrueClient@sb-bgxknceshxxifwytalex-auth-token:0 (2.93.3) 2026-02-02T15:20:17.793Z #_useSession begin
GoTrueClient@sb-bgxknceshxxifwytalex-auth-token:0 (2.93.3) 2026-02-02T15:20:17.793Z #__loadSession() begin

[90mstdout[2m | tests/property/scoped-roles-processing-efficiency.test.ts[2m > [22m[2mProperty 10: Scoped Roles Processing Efficiency[2m > [22m[2mProperty 10.9: Batch role hierarchy queries should maintain consistency
[22m[39mGoTrueClient@sb-bgxknceshxxifwytalex-auth-token:0 (2.93.3) 2026-02-02T15:20:17.793Z #getSession() session from storage [1mnull[22m
GoTrueClient@sb-bgxknceshxxifwytalex-auth-token:0 (2.93.3) 2026-02-02T15:20:17.793Z #__loadSession() end

[90mstdout[2m | tests/property/scoped-roles-processing-efficiency.test.ts[2m > [22m[2mProperty 10: Scoped Roles Processing Efficiency[2m > [22m[2mProperty 10.9: Batch role hierarchy queries should maintain consistency
[22m[39mGoTrueClient@sb-bgxknceshxxifwytalex-auth-token:0 (2.93.3) 2026-02-02T15:20:17.794Z #_useSession end

[90mstdout[2m | tests/property/scoped-roles-processing-efficiency.test.ts[2m > [22m[2mProperty 10: Scoped Roles Processing Efficiency[2m > [22m[2mProperty 10.9: Batch role hierarchy queries should maintain consistency
[22m[39mGoTrueClient@sb-bgxknceshxxifwytalex-auth-token:0 (2.93.3) 2026-02-02T15:20:17.794Z #_useSession begin
GoTrueClient@sb-bgxknceshxxifwytalex-auth-token:0 (2.93.3) 2026-02-02T15:20:17.794Z #__loadSession() begin

[90mstdout[2m | tests/property/scoped-roles-processing-efficiency.test.ts[2m > [22m[2mProperty 10: Scoped Roles Processing Efficiency[2m > [22m[2mProperty 10.9: Batch role hierarchy queries should maintain consistency
[22m[39mGoTrueClient@sb-bgxknceshxxifwytalex-auth-token:0 (2.93.3) 2026-02-02T15:20:17.794Z #getSession() session from storage [1mnull[22m
GoTrueClient@sb-bgxknceshxxifwytalex-auth-token:0 (2.93.3) 2026-02-02T15:20:17.794Z #__loadSession() end

[90mstdout[2m | tests/property/scoped-roles-processing-efficiency.test.ts[2m > [22m[2mProperty 10: Scoped Roles Processing Efficiency[2m > [22m[2mProperty 10.9: Batch role hierarchy queries should maintain consistency
[22m[39mGoTrueClient@sb-bgxknceshxxifwytalex-auth-token:0 (2.93.3) 2026-02-02T15:20:17.795Z #_useSession end

[90mstdout[2m | tests/property/scoped-roles-processing-efficiency.test.ts[2m > [22m[2mProperty 10: Scoped Roles Processing Efficiency[2m > [22m[2mProperty 10.9: Batch role hierarchy queries should maintain consistency
[22m[39mGoTrueClient@sb-bgxknceshxxifwytalex-auth-token:0 (2.93.3) 2026-02-02T15:20:17.795Z #_useSession begin
GoTrueClient@sb-bgxknceshxxifwytalex-auth-token:0 (2.93.3) 2026-02-02T15:20:17.795Z #__loadSession() begin

[90mstdout[2m | tests/property/scoped-roles-processing-efficiency.test.ts[2m > [22m[2mProperty 10: Scoped Roles Processing Efficiency[2m > [22m[2mProperty 10.9: Batch role hierarchy queries should maintain consistency
[22m[39mGoTrueClient@sb-bgxknceshxxifwytalex-auth-token:0 (2.93.3) 2026-02-02T15:20:17.795Z #getSession() session from storage [1mnull[22m
GoTrueClient@sb-bgxknceshxxifwytalex-auth-token:0 (2.93.3) 2026-02-02T15:20:17.795Z #__loadSession() end

[90mstdout[2m | tests/property/scoped-roles-processing-efficiency.test.ts[2m > [22m[2mProperty 10: Scoped Roles Processing Efficiency[2m > [22m[2mProperty 10.9: Batch role hierarchy queries should maintain consistency
[22m[39mGoTrueClient@sb-bgxknceshxxifwytalex-auth-token:0 (2.93.3) 2026-02-02T15:20:17.796Z #_useSession end

[90mstdout[2m | tests/property/scoped-roles-processing-efficiency.test.ts[2m > [22m[2mProperty 10: Scoped Roles Processing Efficiency[2m > [22m[2mProperty 10.9: Batch role hierarchy queries should maintain consistency
[22m[39mGoTrueClient@sb-bgxknceshxxifwytalex-auth-token:0 (2.93.3) 2026-02-02T15:20:17.796Z #_useSession begin
GoTrueClient@sb-bgxknceshxxifwytalex-auth-token:0 (2.93.3) 2026-02-02T15:20:17.796Z #__loadSession() begin

[90mstdout[2m | tests/property/scoped-roles-processing-efficiency.test.ts[2m > [22m[2mProperty 10: Scoped Roles Processing Efficiency[2m > [22m[2mProperty 10.9: Batch role hierarchy queries should maintain consistency
[22m[39mGoTrueClient@sb-bgxknceshxxifwytalex-auth-token:0 (2.93.3) 2026-02-02T15:20:17.796Z #getSession() session from storage [1mnull[22m
GoTrueClient@sb-bgxknceshxxifwytalex-auth-token:0 (2.93.3) 2026-02-02T15:20:17.796Z #__loadSession() end

[90mstdout[2m | tests/property/scoped-roles-processing-efficiency.test.ts[2m > [22m[2mProperty 10: Scoped Roles Processing Efficiency[2m > [22m[2mProperty 10.9: Batch role hierarchy queries should maintain consistency
[22m[39mGoTrueClient@sb-bgxknceshxxifwytalex-auth-token:0 (2.93.3) 2026-02-02T15:20:17.797Z #_useSession end

[90mstdout[2m | tests/property/scoped-roles-processing-efficiency.test.ts[2m > [22m[2mProperty 10: Scoped Roles Processing Efficiency[2m > [22m[2mProperty 10.9: Batch role hierarchy queries should maintain consistency
[22m[39mGoTrueClient@sb-bgxknceshxxifwytalex-auth-token:0 (2.93.3) 2026-02-02T15:20:17.797Z #_useSession begin
GoTrueClient@sb-bgxknceshxxifwytalex-auth-token:0 (2.93.3) 2026-02-02T15:20:17.797Z #__loadSession() begin

[90mstdout[2m | tests/property/scoped-roles-processing-efficiency.test.ts[2m > [22m[2mProperty 10: Scoped Roles Processing Efficiency[2m > [22m[2mProperty 10.9: Batch role hierarchy queries should maintain consistency
[22m[39mGoTrueClient@sb-bgxknceshxxifwytalex-auth-token:0 (2.93.3) 2026-02-02T15:20:17.797Z #getSession() session from storage [1mnull[22m
GoTrueClient@sb-bgxknceshxxifwytalex-auth-token:0 (2.93.3) 2026-02-02T15:20:17.797Z #__loadSession() end

[90mstdout[2m | tests/property/scoped-roles-processing-efficiency.test.ts[2m > [22m[2mProperty 10: Scoped Roles Processing Efficiency[2m > [22m[2mProperty 10.9: Batch role hierarchy queries should maintain consistency
[22m[39mGoTrueClient@sb-bgxknceshxxifwytalex-auth-token:0 (2.93.3) 2026-02-02T15:20:17.798Z #_useSession end

[90mstdout[2m | tests/property/scoped-roles-processing-efficiency.test.ts[2m > [22m[2mProperty 10: Scoped Roles Processing Efficiency[2m > [22m[2mProperty 10.9: Batch role hierarchy queries should maintain consistency
[22m[39mGoTrueClient@sb-bgxknceshxxifwytalex-auth-token:0 (2.93.3) 2026-02-02T15:20:17.798Z #_useSession begin
GoTrueClient@sb-bgxknceshxxifwytalex-auth-token:0 (2.93.3) 2026-02-02T15:20:17.798Z #__loadSession() begin

[90mstdout[2m | tests/property/scoped-roles-processing-efficiency.test.ts[2m > [22m[2mProperty 10: Scoped Roles Processing Efficiency[2m > [22m[2mProperty 10.9: Batch role hierarchy queries should maintain consistency
[22m[39mGoTrueClient@sb-bgxknceshxxifwytalex-auth-token:0 (2.93.3) 2026-02-02T15:20:17.799Z #getSession() session from storage [1mnull[22m
GoTrueClient@sb-bgxknceshxxifwytalex-auth-token:0 (2.93.3) 2026-02-02T15:20:17.799Z #__loadSession() end

[90mstdout[2m | tests/property/scoped-roles-processing-efficiency.test.ts[2m > [22m[2mProperty 10: Scoped Roles Processing Efficiency[2m > [22m[2mProperty 10.9: Batch role hierarchy queries should maintain consistency
[22m[39mGoTrueClient@sb-bgxknceshxxifwytalex-auth-token:0 (2.93.3) 2026-02-02T15:20:17.800Z #_useSession end

[90mstdout[2m | tests/property/scoped-roles-processing-efficiency.test.ts[2m > [22m[2mProperty 10: Scoped Roles Processing Efficiency[2m > [22m[2mProperty 10.9: Batch role hierarchy queries should maintain consistency
[22m[39mGoTrueClient@sb-bgxknceshxxifwytalex-auth-token:0 (2.93.3) 2026-02-02T15:20:17.800Z #_useSession begin
GoTrueClient@sb-bgxknceshxxifwytalex-auth-token:0 (2.93.3) 2026-02-02T15:20:17.800Z #__loadSession() begin

[90mstdout[2m | tests/property/scoped-roles-processing-efficiency.test.ts[2m > [22m[2mProperty 10: Scoped Roles Processing Efficiency[2m > [22m[2mProperty 10.9: Batch role hierarchy queries should maintain consistency
[22m[39mGoTrueClient@sb-bgxknceshxxifwytalex-auth-token:0 (2.93.3) 2026-02-02T15:20:17.800Z #getSession() session from storage [1mnull[22m
GoTrueClient@sb-bgxknceshxxifwytalex-auth-token:0 (2.93.3) 2026-02-02T15:20:17.800Z #__loadSession() end

[90mstdout[2m | tests/property/scoped-roles-processing-efficiency.test.ts[2m > [22m[2mProperty 10: Scoped Roles Processing Efficiency[2m > [22m[2mProperty 10.9: Batch role hierarchy queries should maintain consistency
[22m[39mGoTrueClient@sb-bgxknceshxxifwytalex-auth-token:0 (2.93.3) 2026-02-02T15:20:17.801Z #_useSession end

[90mstdout[2m | tests/property/scoped-roles-processing-efficiency.test.ts[2m > [22m[2mProperty 10: Scoped Roles Processing Efficiency[2m > [22m[2mProperty 10.9: Batch role hierarchy queries should maintain consistency
[22m[39mGoTrueClient@sb-bgxknceshxxifwytalex-auth-token:0 (2.93.3) 2026-02-02T15:20:17.801Z #_useSession begin
GoTrueClient@sb-bgxknceshxxifwytalex-auth-token:0 (2.93.3) 2026-02-02T15:20:17.801Z #__loadSession() begin

[90mstdout[2m | tests/property/scoped-roles-processing-efficiency.test.ts[2m > [22m[2mProperty 10: Scoped Roles Processing Efficiency[2m > [22m[2mProperty 10.9: Batch role hierarchy queries should maintain consistency
[22m[39mGoTrueClient@sb-bgxknceshxxifwytalex-auth-token:0 (2.93.3) 2026-02-02T15:20:17.801Z #getSession() session from storage [1mnull[22m
GoTrueClient@sb-bgxknceshxxifwytalex-auth-token:0 (2.93.3) 2026-02-02T15:20:17.801Z #__loadSession() end

[90mstdout[2m | tests/property/scoped-roles-processing-efficiency.test.ts[2m > [22m[2mProperty 10: Scoped Roles Processing Efficiency[2m > [22m[2mProperty 10.9: Batch role hierarchy queries should maintain consistency
[22m[39mGoTrueClient@sb-bgxknceshxxifwytalex-auth-token:0 (2.93.3) 2026-02-02T15:20:17.802Z #_useSession end

[90mstdout[2m | tests/property/scoped-roles-processing-efficiency.test.ts[2m > [22m[2mProperty 10: Scoped Roles Processing Efficiency[2m > [22m[2mProperty 10.9: Batch role hierarchy queries should maintain consistency
[22m[39mGoTrueClient@sb-bgxknceshxxifwytalex-auth-token:0 (2.93.3) 2026-02-02T15:20:17.802Z #_useSession begin
GoTrueClient@sb-bgxknceshxxifwytalex-auth-token:0 (2.93.3) 2026-02-02T15:20:17.802Z #__loadSession() begin

[90mstdout[2m | tests/property/scoped-roles-processing-efficiency.test.ts[2m > [22m[2mProperty 10: Scoped Roles Processing Efficiency[2m > [22m[2mProperty 10.9: Batch role hierarchy queries should maintain consistency
[22m[39mGoTrueClient@sb-bgxknceshxxifwytalex-auth-token:0 (2.93.3) 2026-02-02T15:20:17.802Z #getSession() session from storage [1mnull[22m
GoTrueClient@sb-bgxknceshxxifwytalex-auth-token:0 (2.93.3) 2026-02-02T15:20:17.802Z #__loadSession() end

[90mstdout[2m | tests/property/scoped-roles-processing-efficiency.test.ts[2m > [22m[2mProperty 10: Scoped Roles Processing Efficiency[2m > [22m[2mProperty 10.9: Batch role hierarchy queries should maintain consistency
[22m[39mGoTrueClient@sb-bgxknceshxxifwytalex-auth-token:0 (2.93.3) 2026-02-02T15:20:17.803Z #_useSession end

[90mstdout[2m | tests/property/scoped-roles-processing-efficiency.test.ts[2m > [22m[2mProperty 10: Scoped Roles Processing Efficiency[2m > [22m[2mProperty 10.9: Batch role hierarchy queries should maintain consistency
[22m[39mGoTrueClient@sb-bgxknceshxxifwytalex-auth-token:0 (2.93.3) 2026-02-02T15:20:17.803Z #_useSession begin
GoTrueClient@sb-bgxknceshxxifwytalex-auth-token:0 (2.93.3) 2026-02-02T15:20:17.803Z #__loadSession() begin

[90mstdout[2m | tests/property/scoped-roles-processing-efficiency.test.ts[2m > [22m[2mProperty 10: Scoped Roles Processing Efficiency[2m > [22m[2mProperty 10.9: Batch role hierarchy queries should maintain consistency
[22m[39mGoTrueClient@sb-bgxknceshxxifwytalex-auth-token:0 (2.93.3) 2026-02-02T15:20:17.803Z #getSession() session from storage [1mnull[22m
GoTrueClient@sb-bgxknceshxxifwytalex-auth-token:0 (2.93.3) 2026-02-02T15:20:17.803Z #__loadSession() end

[90mstdout[2m | tests/property/scoped-roles-processing-efficiency.test.ts[2m > [22m[2mProperty 10: Scoped Roles Processing Efficiency[2m > [22m[2mProperty 10.9: Batch role hierarchy queries should maintain consistency
[22m[39mGoTrueClient@sb-bgxknceshxxifwytalex-auth-token:0 (2.93.3) 2026-02-02T15:20:17.805Z #_useSession end

[90mstdout[2m | tests/property/scoped-roles-processing-efficiency.test.ts[2m > [22m[2mProperty 10: Scoped Roles Processing Efficiency[2m > [22m[2mProperty 10.9: Batch role hierarchy queries should maintain consistency
[22m[39mGoTrueClient@sb-bgxknceshxxifwytalex-auth-token:0 (2.93.3) 2026-02-02T15:20:17.805Z #_useSession begin
GoTrueClient@sb-bgxknceshxxifwytalex-auth-token:0 (2.93.3) 2026-02-02T15:20:17.805Z #__loadSession() begin

[90mstdout[2m | tests/property/scoped-roles-processing-efficiency.test.ts[2m > [22m[2mProperty 10: Scoped Roles Processing Efficiency[2m > [22m[2mProperty 10.9: Batch role hierarchy queries should maintain consistency
[22m[39mGoTrueClient@sb-bgxknceshxxifwytalex-auth-token:0 (2.93.3) 2026-02-02T15:20:17.806Z #getSession() session from storage [1mnull[22m
GoTrueClient@sb-bgxknceshxxifwytalex-auth-token:0 (2.93.3) 2026-02-02T15:20:17.806Z #__loadSession() end

[90mstdout[2m | tests/property/scoped-roles-processing-efficiency.test.ts[2m > [22m[2mProperty 10: Scoped Roles Processing Efficiency[2m > [22m[2mProperty 10.9: Batch role hierarchy queries should maintain consistency
[22m[39mGoTrueClient@sb-bgxknceshxxifwytalex-auth-token:0 (2.93.3) 2026-02-02T15:20:17.807Z #_useSession end

[90mstdout[2m | tests/property/scoped-roles-processing-efficiency.test.ts[2m > [22m[2mProperty 10: Scoped Roles Processing Efficiency[2m > [22m[2mProperty 10.9: Batch role hierarchy queries should maintain consistency
[22m[39mGoTrueClient@sb-bgxknceshxxifwytalex-auth-token:0 (2.93.3) 2026-02-02T15:20:17.807Z #_useSession begin
GoTrueClient@sb-bgxknceshxxifwytalex-auth-token:0 (2.93.3) 2026-02-02T15:20:17.807Z #__loadSession() begin

[90mstdout[2m | tests/property/scoped-roles-processing-efficiency.test.ts[2m > [22m[2mProperty 10: Scoped Roles Processing Efficiency[2m > [22m[2mProperty 10.9: Batch role hierarchy queries should maintain consistency
[22m[39mGoTrueClient@sb-bgxknceshxxifwytalex-auth-token:0 (2.93.3) 2026-02-02T15:20:17.807Z #getSession() session from storage [1mnull[22m
GoTrueClient@sb-bgxknceshxxifwytalex-auth-token:0 (2.93.3) 2026-02-02T15:20:17.807Z #__loadSession() end

[90mstdout[2m | tests/property/scoped-roles-processing-efficiency.test.ts[2m > [22m[2mProperty 10: Scoped Roles Processing Efficiency[2m > [22m[2mProperty 10.9: Batch role hierarchy queries should maintain consistency
[22m[39mGoTrueClient@sb-bgxknceshxxifwytalex-auth-token:0 (2.93.3) 2026-02-02T15:20:17.809Z #_useSession end

[90mstdout[2m | tests/property/scoped-roles-processing-efficiency.test.ts[2m > [22m[2mProperty 10: Scoped Roles Processing Efficiency[2m > [22m[2mProperty 10.9: Batch role hierarchy queries should maintain consistency
[22m[39mGoTrueClient@sb-bgxknceshxxifwytalex-auth-token:0 (2.93.3) 2026-02-02T15:20:17.809Z #_useSession begin
GoTrueClient@sb-bgxknceshxxifwytalex-auth-token:0 (2.93.3) 2026-02-02T15:20:17.809Z #__loadSession() begin

[90mstdout[2m | tests/property/scoped-roles-processing-efficiency.test.ts[2m > [22m[2mProperty 10: Scoped Roles Processing Efficiency[2m > [22m[2mProperty 10.9: Batch role hierarchy queries should maintain consistency
[22m[39mGoTrueClient@sb-bgxknceshxxifwytalex-auth-token:0 (2.93.3) 2026-02-02T15:20:17.809Z #getSession() session from storage [1mnull[22m
GoTrueClient@sb-bgxknceshxxifwytalex-auth-token:0 (2.93.3) 2026-02-02T15:20:17.809Z #__loadSession() end

[90mstdout[2m | tests/property/scoped-roles-processing-efficiency.test.ts[2m > [22m[2mProperty 10: Scoped Roles Processing Efficiency[2m > [22m[2mProperty 10.9: Batch role hierarchy queries should maintain consistency
[22m[39mGoTrueClient@sb-bgxknceshxxifwytalex-auth-token:0 (2.93.3) 2026-02-02T15:20:17.810Z #_useSession end

[90mstdout[2m | tests/property/scoped-roles-processing-efficiency.test.ts[2m > [22m[2mProperty 10: Scoped Roles Processing Efficiency[2m > [22m[2mProperty 10.9: Batch role hierarchy queries should maintain consistency
[22m[39mGoTrueClient@sb-bgxknceshxxifwytalex-auth-token:0 (2.93.3) 2026-02-02T15:20:17.810Z #_useSession begin
GoTrueClient@sb-bgxknceshxxifwytalex-auth-token:0 (2.93.3) 2026-02-02T15:20:17.810Z #__loadSession() begin

[90mstdout[2m | tests/property/scoped-roles-processing-efficiency.test.ts[2m > [22m[2mProperty 10: Scoped Roles Processing Efficiency[2m > [22m[2mProperty 10.9: Batch role hierarchy queries should maintain consistency
[22m[39mGoTrueClient@sb-bgxknceshxxifwytalex-auth-token:0 (2.93.3) 2026-02-02T15:20:17.810Z #getSession() session from storage [1mnull[22m
GoTrueClient@sb-bgxknceshxxifwytalex-auth-token:0 (2.93.3) 2026-02-02T15:20:17.810Z #__loadSession() end

[90mstdout[2m | tests/property/scoped-roles-processing-efficiency.test.ts[2m > [22m[2mProperty 10: Scoped Roles Processing Efficiency[2m > [22m[2mProperty 10.9: Batch role hierarchy queries should maintain consistency
[22m[39mGoTrueClient@sb-bgxknceshxxifwytalex-auth-token:0 (2.93.3) 2026-02-02T15:20:17.811Z #_useSession end

[90mstdout[2m | tests/property/scoped-roles-processing-efficiency.test.ts[2m > [22m[2mProperty 10: Scoped Roles Processing Efficiency[2m > [22m[2mProperty 10.9: Batch role hierarchy queries should maintain consistency
[22m[39mGoTrueClient@sb-bgxknceshxxifwytalex-auth-token:0 (2.93.3) 2026-02-02T15:20:17.811Z #_useSession begin
GoTrueClient@sb-bgxknceshxxifwytalex-auth-token:0 (2.93.3) 2026-02-02T15:20:17.811Z #__loadSession() begin

[90mstdout[2m | tests/property/scoped-roles-processing-efficiency.test.ts[2m > [22m[2mProperty 10: Scoped Roles Processing Efficiency[2m > [22m[2mProperty 10.9: Batch role hierarchy queries should maintain consistency
[22m[39mGoTrueClient@sb-bgxknceshxxifwytalex-auth-token:0 (2.93.3) 2026-02-02T15:20:17.811Z #getSession() session from storage [1mnull[22m
GoTrueClient@sb-bgxknceshxxifwytalex-auth-token:0 (2.93.3) 2026-02-02T15:20:17.811Z #__loadSession() end

[90mstdout[2m | tests/property/scoped-roles-processing-efficiency.test.ts[2m > [22m[2mProperty 10: Scoped Roles Processing Efficiency[2m > [22m[2mProperty 10.9: Batch role hierarchy queries should maintain consistency
[22m[39mGoTrueClient@sb-bgxknceshxxifwytalex-auth-token:0 (2.93.3) 2026-02-02T15:20:17.812Z #_useSession end

[90mstdout[2m | tests/property/scoped-roles-processing-efficiency.test.ts[2m > [22m[2mProperty 10: Scoped Roles Processing Efficiency[2m > [22m[2mProperty 10.9: Batch role hierarchy queries should maintain consistency
[22m[39mGoTrueClient@sb-bgxknceshxxifwytalex-auth-token:0 (2.93.3) 2026-02-02T15:20:17.812Z #_useSession begin
GoTrueClient@sb-bgxknceshxxifwytalex-auth-token:0 (2.93.3) 2026-02-02T15:20:17.812Z #__loadSession() begin

[90mstdout[2m | tests/property/scoped-roles-processing-efficiency.test.ts[2m > [22m[2mProperty 10: Scoped Roles Processing Efficiency[2m > [22m[2mProperty 10.9: Batch role hierarchy queries should maintain consistency
[22m[39mGoTrueClient@sb-bgxknceshxxifwytalex-auth-token:0 (2.93.3) 2026-02-02T15:20:17.812Z #getSession() session from storage [1mnull[22m
GoTrueClient@sb-bgxknceshxxifwytalex-auth-token:0 (2.93.3) 2026-02-02T15:20:17.812Z #__loadSession() end

[90mstdout[2m | tests/property/scoped-roles-processing-efficiency.test.ts[2m > [22m[2mProperty 10: Scoped Roles Processing Efficiency[2m > [22m[2mProperty 10.9: Batch role hierarchy queries should maintain consistency
[22m[39mGoTrueClient@sb-bgxknceshxxifwytalex-auth-token:0 (2.93.3) 2026-02-02T15:20:17.813Z #_useSession end

[90mstdout[2m | tests/property/scoped-roles-processing-efficiency.test.ts[2m > [22m[2mProperty 10: Scoped Roles Processing Efficiency[2m > [22m[2mProperty 10.9: Batch role hierarchy queries should maintain consistency
[22m[39mGoTrueClient@sb-bgxknceshxxifwytalex-auth-token:0 (2.93.3) 2026-02-02T15:20:17.813Z #_useSession begin
GoTrueClient@sb-bgxknceshxxifwytalex-auth-token:0 (2.93.3) 2026-02-02T15:20:17.813Z #__loadSession() begin

[90mstdout[2m | tests/property/scoped-roles-processing-efficiency.test.ts[2m > [22m[2mProperty 10: Scoped Roles Processing Efficiency[2m > [22m[2mProperty 10.9: Batch role hierarchy queries should maintain consistency
[22m[39mGoTrueClient@sb-bgxknceshxxifwytalex-auth-token:0 (2.93.3) 2026-02-02T15:20:17.813Z #getSession() session from storage [1mnull[22m
GoTrueClient@sb-bgxknceshxxifwytalex-auth-token:0 (2.93.3) 2026-02-02T15:20:17.813Z #__loadSession() end

[90mstdout[2m | tests/property/scoped-roles-processing-efficiency.test.ts[2m > [22m[2mProperty 10: Scoped Roles Processing Efficiency[2m > [22m[2mProperty 10.9: Batch role hierarchy queries should maintain consistency
[22m[39mGoTrueClient@sb-bgxknceshxxifwytalex-auth-token:0 (2.93.3) 2026-02-02T15:20:17.814Z #_useSession end

[90mstdout[2m | tests/property/scoped-roles-processing-efficiency.test.ts[2m > [22m[2mProperty 10: Scoped Roles Processing Efficiency[2m > [22m[2mProperty 10.9: Batch role hierarchy queries should maintain consistency
[22m[39mGoTrueClient@sb-bgxknceshxxifwytalex-auth-token:0 (2.93.3) 2026-02-02T15:20:17.814Z #_useSession begin
GoTrueClient@sb-bgxknceshxxifwytalex-auth-token:0 (2.93.3) 2026-02-02T15:20:17.814Z #__loadSession() begin

[90mstdout[2m | tests/property/scoped-roles-processing-efficiency.test.ts[2m > [22m[2mProperty 10: Scoped Roles Processing Efficiency[2m > [22m[2mProperty 10.9: Batch role hierarchy queries should maintain consistency
[22m[39mGoTrueClient@sb-bgxknceshxxifwytalex-auth-token:0 (2.93.3) 2026-02-02T15:20:17.814Z #getSession() session from storage [1mnull[22m
GoTrueClient@sb-bgxknceshxxifwytalex-auth-token:0 (2.93.3) 2026-02-02T15:20:17.814Z #__loadSession() end

[90mstdout[2m | tests/property/scoped-roles-processing-efficiency.test.ts[2m > [22m[2mProperty 10: Scoped Roles Processing Efficiency[2m > [22m[2mProperty 10.9: Batch role hierarchy queries should maintain consistency
[22m[39mGoTrueClient@sb-bgxknceshxxifwytalex-auth-token:0 (2.93.3) 2026-02-02T15:20:17.815Z #_useSession end

[90mstdout[2m | tests/property/scoped-roles-processing-efficiency.test.ts[2m > [22m[2mProperty 10: Scoped Roles Processing Efficiency[2m > [22m[2mProperty 10.9: Batch role hierarchy queries should maintain consistency
[22m[39mGoTrueClient@sb-bgxknceshxxifwytalex-auth-token:0 (2.93.3) 2026-02-02T15:20:17.815Z #_useSession begin
GoTrueClient@sb-bgxknceshxxifwytalex-auth-token:0 (2.93.3) 2026-02-02T15:20:17.815Z #__loadSession() begin

[90mstdout[2m | tests/property/scoped-roles-processing-efficiency.test.ts[2m > [22m[2mProperty 10: Scoped Roles Processing Efficiency[2m > [22m[2mProperty 10.9: Batch role hierarchy queries should maintain consistency
[22m[39mGoTrueClient@sb-bgxknceshxxifwytalex-auth-token:0 (2.93.3) 2026-02-02T15:20:17.815Z #getSession() session from storage [1mnull[22m
GoTrueClient@sb-bgxknceshxxifwytalex-auth-token:0 (2.93.3) 2026-02-02T15:20:17.815Z #__loadSession() end

[90mstdout[2m | tests/property/scoped-roles-processing-efficiency.test.ts[2m > [22m[2mProperty 10: Scoped Roles Processing Efficiency[2m > [22m[2mProperty 10.9: Batch role hierarchy queries should maintain consistency
[22m[39mGoTrueClient@sb-bgxknceshxxifwytalex-auth-token:0 (2.93.3) 2026-02-02T15:20:17.816Z #_useSession end

[90mstdout[2m | tests/property/scoped-roles-processing-efficiency.test.ts[2m > [22m[2mProperty 10: Scoped Roles Processing Efficiency[2m > [22m[2mProperty 10.9: Batch role hierarchy queries should maintain consistency
[22m[39mGoTrueClient@sb-bgxknceshxxifwytalex-auth-token:0 (2.93.3) 2026-02-02T15:20:17.816Z #_useSession begin
GoTrueClient@sb-bgxknceshxxifwytalex-auth-token:0 (2.93.3) 2026-02-02T15:20:17.816Z #__loadSession() begin

[90mstdout[2m | tests/property/scoped-roles-processing-efficiency.test.ts[2m > [22m[2mProperty 10: Scoped Roles Processing Efficiency[2m > [22m[2mProperty 10.9: Batch role hierarchy queries should maintain consistency
[22m[39mGoTrueClient@sb-bgxknceshxxifwytalex-auth-token:0 (2.93.3) 2026-02-02T15:20:17.816Z #getSession() session from storage [1mnull[22m
GoTrueClient@sb-bgxknceshxxifwytalex-auth-token:0 (2.93.3) 2026-02-02T15:20:17.816Z #__loadSession() end

[90mstdout[2m | tests/property/scoped-roles-processing-efficiency.test.ts[2m > [22m[2mProperty 10: Scoped Roles Processing Efficiency[2m > [22m[2mProperty 10.9: Batch role hierarchy queries should maintain consistency
[22m[39mGoTrueClient@sb-bgxknceshxxifwytalex-auth-token:0 (2.93.3) 2026-02-02T15:20:17.817Z #_useSession end

[90mstdout[2m | tests/property/scoped-roles-processing-efficiency.test.ts[2m > [22m[2mProperty 10: Scoped Roles Processing Efficiency[2m > [22m[2mProperty 10.9: Batch role hierarchy queries should maintain consistency
[22m[39mGoTrueClient@sb-bgxknceshxxifwytalex-auth-token:0 (2.93.3) 2026-02-02T15:20:17.817Z #_useSession begin
GoTrueClient@sb-bgxknceshxxifwytalex-auth-token:0 (2.93.3) 2026-02-02T15:20:17.817Z #__loadSession() begin

[90mstdout[2m | tests/property/scoped-roles-processing-efficiency.test.ts[2m > [22m[2mProperty 10: Scoped Roles Processing Efficiency[2m > [22m[2mProperty 10.9: Batch role hierarchy queries should maintain consistency
[22m[39mGoTrueClient@sb-bgxknceshxxifwytalex-auth-token:0 (2.93.3) 2026-02-02T15:20:17.817Z #getSession() session from storage [1mnull[22m
GoTrueClient@sb-bgxknceshxxifwytalex-auth-token:0 (2.93.3) 2026-02-02T15:20:17.817Z #__loadSession() end

[90mstdout[2m | tests/property/scoped-roles-processing-efficiency.test.ts[2m > [22m[2mProperty 10: Scoped Roles Processing Efficiency[2m > [22m[2mProperty 10.9: Batch role hierarchy queries should maintain consistency
[22m[39mGoTrueClient@sb-bgxknceshxxifwytalex-auth-token:0 (2.93.3) 2026-02-02T15:20:17.818Z #_useSession end

[90mstdout[2m | tests/property/scoped-roles-processing-efficiency.test.ts[2m > [22m[2mProperty 10: Scoped Roles Processing Efficiency[2m > [22m[2mProperty 10.9: Batch role hierarchy queries should maintain consistency
[22m[39mGoTrueClient@sb-bgxknceshxxifwytalex-auth-token:0 (2.93.3) 2026-02-02T15:20:17.818Z #_useSession begin
GoTrueClient@sb-bgxknceshxxifwytalex-auth-token:0 (2.93.3) 2026-02-02T15:20:17.818Z #__loadSession() begin

[90mstdout[2m | tests/property/scoped-roles-processing-efficiency.test.ts[2m > [22m[2mProperty 10: Scoped Roles Processing Efficiency[2m > [22m[2mProperty 10.9: Batch role hierarchy queries should maintain consistency
[22m[39mGoTrueClient@sb-bgxknceshxxifwytalex-auth-token:0 (2.93.3) 2026-02-02T15:20:17.818Z #getSession() session from storage [1mnull[22m
GoTrueClient@sb-bgxknceshxxifwytalex-auth-token:0 (2.93.3) 2026-02-02T15:20:17.818Z #__loadSession() end

[90mstdout[2m | tests/property/scoped-roles-processing-efficiency.test.ts[2m > [22m[2mProperty 10: Scoped Roles Processing Efficiency[2m > [22m[2mProperty 10.9: Batch role hierarchy queries should maintain consistency
[22m[39mGoTrueClient@sb-bgxknceshxxifwytalex-auth-token:0 (2.93.3) 2026-02-02T15:20:17.819Z #_useSession end

[90mstdout[2m | tests/property/scoped-roles-processing-efficiency.test.ts[2m > [22m[2mProperty 10: Scoped Roles Processing Efficiency[2m > [22m[2mProperty 10.9: Batch role hierarchy queries should maintain consistency
[22m[39mGoTrueClient@sb-bgxknceshxxifwytalex-auth-token:0 (2.93.3) 2026-02-02T15:20:17.819Z #_useSession begin
GoTrueClient@sb-bgxknceshxxifwytalex-auth-token:0 (2.93.3) 2026-02-02T15:20:17.819Z #__loadSession() begin

[90mstdout[2m | tests/property/scoped-roles-processing-efficiency.test.ts[2m > [22m[2mProperty 10: Scoped Roles Processing Efficiency[2m > [22m[2mProperty 10.9: Batch role hierarchy queries should maintain consistency
[22m[39mGoTrueClient@sb-bgxknceshxxifwytalex-auth-token:0 (2.93.3) 2026-02-02T15:20:17.819Z #getSession() session from storage [1mnull[22m
GoTrueClient@sb-bgxknceshxxifwytalex-auth-token:0 (2.93.3) 2026-02-02T15:20:17.819Z #__loadSession() end

[90mstdout[2m | tests/property/scoped-roles-processing-efficiency.test.ts[2m > [22m[2mProperty 10: Scoped Roles Processing Efficiency[2m > [22m[2mProperty 10.9: Batch role hierarchy queries should maintain consistency
[22m[39mGoTrueClient@sb-bgxknceshxxifwytalex-auth-token:0 (2.93.3) 2026-02-02T15:20:17.820Z #_useSession end

[90mstdout[2m | tests/property/scoped-roles-processing-efficiency.test.ts[2m > [22m[2mProperty 10: Scoped Roles Processing Efficiency[2m > [22m[2mProperty 10.9: Batch role hierarchy queries should maintain consistency
[22m[39mGoTrueClient@sb-bgxknceshxxifwytalex-auth-token:0 (2.93.3) 2026-02-02T15:20:17.820Z #_useSession begin
GoTrueClient@sb-bgxknceshxxifwytalex-auth-token:0 (2.93.3) 2026-02-02T15:20:17.820Z #__loadSession() begin

[90mstdout[2m | tests/property/scoped-roles-processing-efficiency.test.ts[2m > [22m[2mProperty 10: Scoped Roles Processing Efficiency[2m > [22m[2mProperty 10.9: Batch role hierarchy queries should maintain consistency
[22m[39mGoTrueClient@sb-bgxknceshxxifwytalex-auth-token:0 (2.93.3) 2026-02-02T15:20:17.821Z #getSession() session from storage [1mnull[22m
GoTrueClient@sb-bgxknceshxxifwytalex-auth-token:0 (2.93.3) 2026-02-02T15:20:17.822Z #__loadSession() end

[90mstdout[2m | tests/property/scoped-roles-processing-efficiency.test.ts[2m > [22m[2mProperty 10: Scoped Roles Processing Efficiency[2m > [22m[2mProperty 10.9: Batch role hierarchy queries should maintain consistency
[22m[39mGoTrueClient@sb-bgxknceshxxifwytalex-auth-token:0 (2.93.3) 2026-02-02T15:20:17.823Z #_useSession end

[90mstdout[2m | tests/property/scoped-roles-processing-efficiency.test.ts[2m > [22m[2mProperty 10: Scoped Roles Processing Efficiency[2m > [22m[2mProperty 10.9: Batch role hierarchy queries should maintain consistency
[22m[39mGoTrueClient@sb-bgxknceshxxifwytalex-auth-token:0 (2.93.3) 2026-02-02T15:20:17.824Z #_useSession begin
GoTrueClient@sb-bgxknceshxxifwytalex-auth-token:0 (2.93.3) 2026-02-02T15:20:17.824Z #__loadSession() begin

[90mstdout[2m | tests/property/scoped-roles-processing-efficiency.test.ts[2m > [22m[2mProperty 10: Scoped Roles Processing Efficiency[2m > [22m[2mProperty 10.9: Batch role hierarchy queries should maintain consistency
[22m[39mGoTrueClient@sb-bgxknceshxxifwytalex-auth-token:0 (2.93.3) 2026-02-02T15:20:17.824Z #getSession() session from storage [1mnull[22m
GoTrueClient@sb-bgxknceshxxifwytalex-auth-token:0 (2.93.3) 2026-02-02T15:20:17.824Z #__loadSession() end

[90mstdout[2m | tests/property/scoped-roles-processing-efficiency.test.ts[2m > [22m[2mProperty 10: Scoped Roles Processing Efficiency[2m > [22m[2mProperty 10.9: Batch role hierarchy queries should maintain consistency
[22m[39mGoTrueClient@sb-bgxknceshxxifwytalex-auth-token:0 (2.93.3) 2026-02-02T15:20:17.825Z #_useSession end

[90mstdout[2m | tests/property/scoped-roles-processing-efficiency.test.ts[2m > [22m[2mProperty 10: Scoped Roles Processing Efficiency[2m > [22m[2mProperty 10.9: Batch role hierarchy queries should maintain consistency
[22m[39mGoTrueClient@sb-bgxknceshxxifwytalex-auth-token:0 (2.93.3) 2026-02-02T15:20:17.825Z #_useSession begin
GoTrueClient@sb-bgxknceshxxifwytalex-auth-token:0 (2.93.3) 2026-02-02T15:20:17.825Z #__loadSession() begin

[90mstdout[2m | tests/property/scoped-roles-processing-efficiency.test.ts[2m > [22m[2mProperty 10: Scoped Roles Processing Efficiency[2m > [22m[2mProperty 10.9: Batch role hierarchy queries should maintain consistency
[22m[39mGoTrueClient@sb-bgxknceshxxifwytalex-auth-token:0 (2.93.3) 2026-02-02T15:20:17.825Z #getSession() session from storage [1mnull[22m
GoTrueClient@sb-bgxknceshxxifwytalex-auth-token:0 (2.93.3) 2026-02-02T15:20:17.825Z #__loadSession() end

[90mstdout[2m | tests/property/scoped-roles-processing-efficiency.test.ts[2m > [22m[2mProperty 10: Scoped Roles Processing Efficiency[2m > [22m[2mProperty 10.9: Batch role hierarchy queries should maintain consistency
[22m[39mGoTrueClient@sb-bgxknceshxxifwytalex-auth-token:0 (2.93.3) 2026-02-02T15:20:17.826Z #_useSession end

[90mstdout[2m | tests/property/scoped-roles-processing-efficiency.test.ts[2m > [22m[2mProperty 10: Scoped Roles Processing Efficiency[2m > [22m[2mProperty 10.9: Batch role hierarchy queries should maintain consistency
[22m[39mGoTrueClient@sb-bgxknceshxxifwytalex-auth-token:0 (2.93.3) 2026-02-02T15:20:17.826Z #_useSession begin
GoTrueClient@sb-bgxknceshxxifwytalex-auth-token:0 (2.93.3) 2026-02-02T15:20:17.826Z #__loadSession() begin

[90mstdout[2m | tests/property/scoped-roles-processing-efficiency.test.ts[2m > [22m[2mProperty 10: Scoped Roles Processing Efficiency[2m > [22m[2mProperty 10.9: Batch role hierarchy queries should maintain consistency
[22m[39mGoTrueClient@sb-bgxknceshxxifwytalex-auth-token:0 (2.93.3) 2026-02-02T15:20:17.826Z #getSession() session from storage [1mnull[22m
GoTrueClient@sb-bgxknceshxxifwytalex-auth-token:0 (2.93.3) 2026-02-02T15:20:17.827Z #__loadSession() end

[90mstdout[2m | tests/property/scoped-roles-processing-efficiency.test.ts[2m > [22m[2mProperty 10: Scoped Roles Processing Efficiency[2m > [22m[2mProperty 10.9: Batch role hierarchy queries should maintain consistency
[22m[39mGoTrueClient@sb-bgxknceshxxifwytalex-auth-token:0 (2.93.3) 2026-02-02T15:20:17.827Z #_useSession end

[90mstdout[2m | tests/property/scoped-roles-processing-efficiency.test.ts[2m > [22m[2mProperty 10: Scoped Roles Processing Efficiency[2m > [22m[2mProperty 10.9: Batch role hierarchy queries should maintain consistency
[22m[39mGoTrueClient@sb-bgxknceshxxifwytalex-auth-token:0 (2.93.3) 2026-02-02T15:20:17.827Z #_useSession begin
GoTrueClient@sb-bgxknceshxxifwytalex-auth-token:0 (2.93.3) 2026-02-02T15:20:17.827Z #__loadSession() begin

[90mstdout[2m | tests/property/scoped-roles-processing-efficiency.test.ts[2m > [22m[2mProperty 10: Scoped Roles Processing Efficiency[2m > [22m[2mProperty 10.9: Batch role hierarchy queries should maintain consistency
[22m[39mGoTrueClient@sb-bgxknceshxxifwytalex-auth-token:0 (2.93.3) 2026-02-02T15:20:17.827Z #getSession() session from storage [1mnull[22m
GoTrueClient@sb-bgxknceshxxifwytalex-auth-token:0 (2.93.3) 2026-02-02T15:20:17.827Z #__loadSession() end

[90mstdout[2m | tests/property/scoped-roles-processing-efficiency.test.ts[2m > [22m[2mProperty 10: Scoped Roles Processing Efficiency[2m > [22m[2mProperty 10.9: Batch role hierarchy queries should maintain consistency
[22m[39mGoTrueClient@sb-bgxknceshxxifwytalex-auth-token:0 (2.93.3) 2026-02-02T15:20:17.828Z #_useSession end

[90mstdout[2m | tests/property/scoped-roles-processing-efficiency.test.ts[2m > [22m[2mProperty 10: Scoped Roles Processing Efficiency[2m > [22m[2mProperty 10.9: Batch role hierarchy queries should maintain consistency
[22m[39mGoTrueClient@sb-bgxknceshxxifwytalex-auth-token:0 (2.93.3) 2026-02-02T15:20:17.828Z #_useSession begin
GoTrueClient@sb-bgxknceshxxifwytalex-auth-token:0 (2.93.3) 2026-02-02T15:20:17.828Z #__loadSession() begin

[90mstdout[2m | tests/property/scoped-roles-processing-efficiency.test.ts[2m > [22m[2mProperty 10: Scoped Roles Processing Efficiency[2m > [22m[2mProperty 10.9: Batch role hierarchy queries should maintain consistency
[22m[39mGoTrueClient@sb-bgxknceshxxifwytalex-auth-token:0 (2.93.3) 2026-02-02T15:20:17.829Z #getSession() session from storage [1mnull[22m
GoTrueClient@sb-bgxknceshxxifwytalex-auth-token:0 (2.93.3) 2026-02-02T15:20:17.829Z #__loadSession() end

[90mstdout[2m | tests/property/scoped-roles-processing-efficiency.test.ts[2m > [22m[2mProperty 10: Scoped Roles Processing Efficiency[2m > [22m[2mProperty 10.9: Batch role hierarchy queries should maintain consistency
[22m[39mGoTrueClient@sb-bgxknceshxxifwytalex-auth-token:0 (2.93.3) 2026-02-02T15:20:17.829Z #_useSession end

[90mstdout[2m | tests/property/scoped-roles-processing-efficiency.test.ts[2m > [22m[2mProperty 10: Scoped Roles Processing Efficiency[2m > [22m[2mProperty 10.9: Batch role hierarchy queries should maintain consistency
[22m[39mGoTrueClient@sb-bgxknceshxxifwytalex-auth-token:0 (2.93.3) 2026-02-02T15:20:17.829Z #_useSession begin
GoTrueClient@sb-bgxknceshxxifwytalex-auth-token:0 (2.93.3) 2026-02-02T15:20:17.829Z #__loadSession() begin

[90mstdout[2m | tests/property/scoped-roles-processing-efficiency.test.ts[2m > [22m[2mProperty 10: Scoped Roles Processing Efficiency[2m > [22m[2mProperty 10.9: Batch role hierarchy queries should maintain consistency
[22m[39mGoTrueClient@sb-bgxknceshxxifwytalex-auth-token:0 (2.93.3) 2026-02-02T15:20:17.829Z #getSession() session from storage [1mnull[22m
GoTrueClient@sb-bgxknceshxxifwytalex-auth-token:0 (2.93.3) 2026-02-02T15:20:17.830Z #__loadSession() end

[90mstdout[2m | tests/property/scoped-roles-processing-efficiency.test.ts[2m > [22m[2mProperty 10: Scoped Roles Processing Efficiency[2m > [22m[2mProperty 10.9: Batch role hierarchy queries should maintain consistency
[22m[39mGoTrueClient@sb-bgxknceshxxifwytalex-auth-token:0 (2.93.3) 2026-02-02T15:20:17.830Z #_useSession end

[90mstdout[2m | tests/property/scoped-roles-processing-efficiency.test.ts[2m > [22m[2mProperty 10: Scoped Roles Processing Efficiency[2m > [22m[2mProperty 10.9: Batch role hierarchy queries should maintain consistency
[22m[39mGoTrueClient@sb-bgxknceshxxifwytalex-auth-token:0 (2.93.3) 2026-02-02T15:20:17.830Z #_useSession begin
GoTrueClient@sb-bgxknceshxxifwytalex-auth-token:0 (2.93.3) 2026-02-02T15:20:17.830Z #__loadSession() begin

[90mstdout[2m | tests/property/scoped-roles-processing-efficiency.test.ts[2m > [22m[2mProperty 10: Scoped Roles Processing Efficiency[2m > [22m[2mProperty 10.9: Batch role hierarchy queries should maintain consistency
[22m[39mGoTrueClient@sb-bgxknceshxxifwytalex-auth-token:0 (2.93.3) 2026-02-02T15:20:17.831Z #getSession() session from storage [1mnull[22m
GoTrueClient@sb-bgxknceshxxifwytalex-auth-token:0 (2.93.3) 2026-02-02T15:20:17.831Z #__loadSession() end

[90mstdout[2m | tests/property/scoped-roles-processing-efficiency.test.ts[2m > [22m[2mProperty 10: Scoped Roles Processing Efficiency[2m > [22m[2mProperty 10.9: Batch role hierarchy queries should maintain consistency
[22m[39mGoTrueClient@sb-bgxknceshxxifwytalex-auth-token:0 (2.93.3) 2026-02-02T15:20:17.831Z #_useSession end

[90mstdout[2m | tests/property/scoped-roles-processing-efficiency.test.ts[2m > [22m[2mProperty 10: Scoped Roles Processing Efficiency[2m > [22m[2mProperty 10.9: Batch role hierarchy queries should maintain consistency
[22m[39mGoTrueClient@sb-bgxknceshxxifwytalex-auth-token:0 (2.93.3) 2026-02-02T15:20:17.831Z #_useSession begin
GoTrueClient@sb-bgxknceshxxifwytalex-auth-token:0 (2.93.3) 2026-02-02T15:20:17.831Z #__loadSession() begin

[90mstdout[2m | tests/property/scoped-roles-processing-efficiency.test.ts[2m > [22m[2mProperty 10: Scoped Roles Processing Efficiency[2m > [22m[2mProperty 10.9: Batch role hierarchy queries should maintain consistency
[22m[39mGoTrueClient@sb-bgxknceshxxifwytalex-auth-token:0 (2.93.3) 2026-02-02T15:20:17.832Z #getSession() session from storage [1mnull[22m
GoTrueClient@sb-bgxknceshxxifwytalex-auth-token:0 (2.93.3) 2026-02-02T15:20:17.832Z #__loadSession() end

[90mstdout[2m | tests/property/scoped-roles-processing-efficiency.test.ts[2m > [22m[2mProperty 10: Scoped Roles Processing Efficiency[2m > [22m[2mProperty 10.9: Batch role hierarchy queries should maintain consistency
[22m[39mGoTrueClient@sb-bgxknceshxxifwytalex-auth-token:0 (2.93.3) 2026-02-02T15:20:17.832Z #_useSession end

[90mstdout[2m | tests/property/scoped-roles-processing-efficiency.test.ts[2m > [22m[2mProperty 10: Scoped Roles Processing Efficiency[2m > [22m[2mProperty 10.9: Batch role hierarchy queries should maintain consistency
[22m[39mGoTrueClient@sb-bgxknceshxxifwytalex-auth-token:0 (2.93.3) 2026-02-02T15:20:17.832Z #_useSession begin
GoTrueClient@sb-bgxknceshxxifwytalex-auth-token:0 (2.93.3) 2026-02-02T15:20:17.832Z #__loadSession() begin

[90mstdout[2m | tests/property/scoped-roles-processing-efficiency.test.ts[2m > [22m[2mProperty 10: Scoped Roles Processing Efficiency[2m > [22m[2mProperty 10.9: Batch role hierarchy queries should maintain consistency
[22m[39mGoTrueClient@sb-bgxknceshxxifwytalex-auth-token:0 (2.93.3) 2026-02-02T15:20:17.832Z #getSession() session from storage [1mnull[22m
GoTrueClient@sb-bgxknceshxxifwytalex-auth-token:0 (2.93.3) 2026-02-02T15:20:17.833Z #__loadSession() end

[90mstdout[2m | tests/property/scoped-roles-processing-efficiency.test.ts[2m > [22m[2mProperty 10: Scoped Roles Processing Efficiency[2m > [22m[2mProperty 10.9: Batch role hierarchy queries should maintain consistency
[22m[39mGoTrueClient@sb-bgxknceshxxifwytalex-auth-token:0 (2.93.3) 2026-02-02T15:20:17.833Z #_useSession end

[90mstdout[2m | tests/property/scoped-roles-processing-efficiency.test.ts[2m > [22m[2mProperty 10: Scoped Roles Processing Efficiency[2m > [22m[2mProperty 10.9: Batch role hierarchy queries should maintain consistency
[22m[39mGoTrueClient@sb-bgxknceshxxifwytalex-auth-token:0 (2.93.3) 2026-02-02T15:20:17.833Z #_useSession begin
GoTrueClient@sb-bgxknceshxxifwytalex-auth-token:0 (2.93.3) 2026-02-02T15:20:17.833Z #__loadSession() begin

[90mstdout[2m | tests/property/scoped-roles-processing-efficiency.test.ts[2m > [22m[2mProperty 10: Scoped Roles Processing Efficiency[2m > [22m[2mProperty 10.9: Batch role hierarchy queries should maintain consistency
[22m[39mGoTrueClient@sb-bgxknceshxxifwytalex-auth-token:0 (2.93.3) 2026-02-02T15:20:17.834Z #getSession() session from storage [1mnull[22m
GoTrueClient@sb-bgxknceshxxifwytalex-auth-token:0 (2.93.3) 2026-02-02T15:20:17.834Z #__loadSession() end

[90mstdout[2m | tests/property/scoped-roles-processing-efficiency.test.ts[2m > [22m[2mProperty 10: Scoped Roles Processing Efficiency[2m > [22m[2mProperty 10.9: Batch role hierarchy queries should maintain consistency
[22m[39mGoTrueClient@sb-bgxknceshxxifwytalex-auth-token:0 (2.93.3) 2026-02-02T15:20:17.834Z #_useSession end

[90mstdout[2m | tests/property/scoped-roles-processing-efficiency.test.ts[2m > [22m[2mProperty 10: Scoped Roles Processing Efficiency[2m > [22m[2mProperty 10.9: Batch role hierarchy queries should maintain consistency
[22m[39mGoTrueClient@sb-bgxknceshxxifwytalex-auth-token:0 (2.93.3) 2026-02-02T15:20:17.834Z #_useSession begin
GoTrueClient@sb-bgxknceshxxifwytalex-auth-token:0 (2.93.3) 2026-02-02T15:20:17.834Z #__loadSession() begin

[90mstdout[2m | tests/property/scoped-roles-processing-efficiency.test.ts[2m > [22m[2mProperty 10: Scoped Roles Processing Efficiency[2m > [22m[2mProperty 10.9: Batch role hierarchy queries should maintain consistency
[22m[39mGoTrueClient@sb-bgxknceshxxifwytalex-auth-token:0 (2.93.3) 2026-02-02T15:20:17.834Z #getSession() session from storage [1mnull[22m
GoTrueClient@sb-bgxknceshxxifwytalex-auth-token:0 (2.93.3) 2026-02-02T15:20:17.834Z #__loadSession() end

[90mstdout[2m | tests/property/scoped-roles-processing-efficiency.test.ts[2m > [22m[2mProperty 10: Scoped Roles Processing Efficiency[2m > [22m[2mProperty 10.9: Batch role hierarchy queries should maintain consistency
[22m[39mGoTrueClient@sb-bgxknceshxxifwytalex-auth-token:0 (2.93.3) 2026-02-02T15:20:17.835Z #_useSession end

[90mstdout[2m | tests/property/scoped-roles-processing-efficiency.test.ts[2m > [22m[2mProperty 10: Scoped Roles Processing Efficiency[2m > [22m[2mProperty 10.9: Batch role hierarchy queries should maintain consistency
[22m[39mGoTrueClient@sb-bgxknceshxxifwytalex-auth-token:0 (2.93.3) 2026-02-02T15:20:17.835Z #_useSession begin
GoTrueClient@sb-bgxknceshxxifwytalex-auth-token:0 (2.93.3) 2026-02-02T15:20:17.835Z #__loadSession() begin

[90mstdout[2m | tests/property/scoped-roles-processing-efficiency.test.ts[2m > [22m[2mProperty 10: Scoped Roles Processing Efficiency[2m > [22m[2mProperty 10.9: Batch role hierarchy queries should maintain consistency
[22m[39mGoTrueClient@sb-bgxknceshxxifwytalex-auth-token:0 (2.93.3) 2026-02-02T15:20:17.835Z #getSession() session from storage [1mnull[22m
GoTrueClient@sb-bgxknceshxxifwytalex-auth-token:0 (2.93.3) 2026-02-02T15:20:17.836Z #__loadSession() end

[90mstdout[2m | tests/property/scoped-roles-processing-efficiency.test.ts[2m > [22m[2mProperty 10: Scoped Roles Processing Efficiency[2m > [22m[2mProperty 10.9: Batch role hierarchy queries should maintain consistency
[22m[39mGoTrueClient@sb-bgxknceshxxifwytalex-auth-token:0 (2.93.3) 2026-02-02T15:20:17.836Z #_useSession end

[90mstdout[2m | tests/property/scoped-roles-processing-efficiency.test.ts[2m > [22m[2mProperty 10: Scoped Roles Processing Efficiency[2m > [22m[2mProperty 10.9: Batch role hierarchy queries should maintain consistency
[22m[39mGoTrueClient@sb-bgxknceshxxifwytalex-auth-token:0 (2.93.3) 2026-02-02T15:20:17.836Z #_useSession begin
GoTrueClient@sb-bgxknceshxxifwytalex-auth-token:0 (2.93.3) 2026-02-02T15:20:17.836Z #__loadSession() begin

[90mstdout[2m | tests/property/scoped-roles-processing-efficiency.test.ts[2m > [22m[2mProperty 10: Scoped Roles Processing Efficiency[2m > [22m[2mProperty 10.9: Batch role hierarchy queries should maintain consistency
[22m[39mGoTrueClient@sb-bgxknceshxxifwytalex-auth-token:0 (2.93.3) 2026-02-02T15:20:17.836Z #getSession() session from storage [1mnull[22m
GoTrueClient@sb-bgxknceshxxifwytalex-auth-token:0 (2.93.3) 2026-02-02T15:20:17.836Z #__loadSession() end

[90mstdout[2m | tests/property/scoped-roles-processing-efficiency.test.ts[2m > [22m[2mProperty 10: Scoped Roles Processing Efficiency[2m > [22m[2mProperty 10.9: Batch role hierarchy queries should maintain consistency
[22m[39mGoTrueClient@sb-bgxknceshxxifwytalex-auth-token:0 (2.93.3) 2026-02-02T15:20:17.838Z #_useSession end

[90mstdout[2m | tests/property/scoped-roles-processing-efficiency.test.ts[2m > [22m[2mProperty 10: Scoped Roles Processing Efficiency[2m > [22m[2mProperty 10.9: Batch role hierarchy queries should maintain consistency
[22m[39mGoTrueClient@sb-bgxknceshxxifwytalex-auth-token:0 (2.93.3) 2026-02-02T15:20:17.838Z #_useSession begin
GoTrueClient@sb-bgxknceshxxifwytalex-auth-token:0 (2.93.3) 2026-02-02T15:20:17.839Z #__loadSession() begin

[90mstdout[2m | tests/property/scoped-roles-processing-efficiency.test.ts[2m > [22m[2mProperty 10: Scoped Roles Processing Efficiency[2m > [22m[2mProperty 10.9: Batch role hierarchy queries should maintain consistency
[22m[39mGoTrueClient@sb-bgxknceshxxifwytalex-auth-token:0 (2.93.3) 2026-02-02T15:20:17.839Z #getSession() session from storage [1mnull[22m
GoTrueClient@sb-bgxknceshxxifwytalex-auth-token:0 (2.93.3) 2026-02-02T15:20:17.839Z #__loadSession() end

[90mstdout[2m | tests/property/scoped-roles-processing-efficiency.test.ts[2m > [22m[2mProperty 10: Scoped Roles Processing Efficiency[2m > [22m[2mProperty 10.9: Batch role hierarchy queries should maintain consistency
[22m[39mGoTrueClient@sb-bgxknceshxxifwytalex-auth-token:0 (2.93.3) 2026-02-02T15:20:17.840Z #_useSession end

[90mstdout[2m | tests/property/scoped-roles-processing-efficiency.test.ts[2m > [22m[2mProperty 10: Scoped Roles Processing Efficiency[2m > [22m[2mProperty 10.9: Batch role hierarchy queries should maintain consistency
[22m[39mGoTrueClient@sb-bgxknceshxxifwytalex-auth-token:0 (2.93.3) 2026-02-02T15:20:17.840Z #_useSession begin
GoTrueClient@sb-bgxknceshxxifwytalex-auth-token:0 (2.93.3) 2026-02-02T15:20:17.840Z #__loadSession() begin

[90mstdout[2m | tests/property/scoped-roles-processing-efficiency.test.ts[2m > [22m[2mProperty 10: Scoped Roles Processing Efficiency[2m > [22m[2mProperty 10.9: Batch role hierarchy queries should maintain consistency
[22m[39mGoTrueClient@sb-bgxknceshxxifwytalex-auth-token:0 (2.93.3) 2026-02-02T15:20:17.840Z #getSession() session from storage [1mnull[22m
GoTrueClient@sb-bgxknceshxxifwytalex-auth-token:0 (2.93.3) 2026-02-02T15:20:17.840Z #__loadSession() end

[90mstdout[2m | tests/property/scoped-roles-processing-efficiency.test.ts[2m > [22m[2mProperty 10: Scoped Roles Processing Efficiency[2m > [22m[2mProperty 10.9: Batch role hierarchy queries should maintain consistency
[22m[39mGoTrueClient@sb-bgxknceshxxifwytalex-auth-token:0 (2.93.3) 2026-02-02T15:20:17.842Z #_useSession end

[90mstdout[2m | tests/property/scoped-roles-processing-efficiency.test.ts[2m > [22m[2mProperty 10: Scoped Roles Processing Efficiency[2m > [22m[2mProperty 10.9: Batch role hierarchy queries should maintain consistency
[22m[39mGoTrueClient@sb-bgxknceshxxifwytalex-auth-token:0 (2.93.3) 2026-02-02T15:20:17.842Z #_useSession begin
GoTrueClient@sb-bgxknceshxxifwytalex-auth-token:0 (2.93.3) 2026-02-02T15:20:17.842Z #__loadSession() begin

[90mstdout[2m | tests/property/scoped-roles-processing-efficiency.test.ts[2m > [22m[2mProperty 10: Scoped Roles Processing Efficiency[2m > [22m[2mProperty 10.9: Batch role hierarchy queries should maintain consistency
[22m[39mGoTrueClient@sb-bgxknceshxxifwytalex-auth-token:0 (2.93.3) 2026-02-02T15:20:17.842Z #getSession() session from storage [1mnull[22m
GoTrueClient@sb-bgxknceshxxifwytalex-auth-token:0 (2.93.3) 2026-02-02T15:20:17.842Z #__loadSession() end

[90mstdout[2m | tests/property/scoped-roles-processing-efficiency.test.ts[2m > [22m[2mProperty 10: Scoped Roles Processing Efficiency[2m > [22m[2mProperty 10.9: Batch role hierarchy queries should maintain consistency
[22m[39mGoTrueClient@sb-bgxknceshxxifwytalex-auth-token:0 (2.93.3) 2026-02-02T15:20:17.843Z #_useSession end

[90mstdout[2m | tests/property/scoped-roles-processing-efficiency.test.ts[2m > [22m[2mProperty 10: Scoped Roles Processing Efficiency[2m > [22m[2mProperty 10.9: Batch role hierarchy queries should maintain consistency
[22m[39mGoTrueClient@sb-bgxknceshxxifwytalex-auth-token:0 (2.93.3) 2026-02-02T15:20:17.843Z #_useSession begin
GoTrueClient@sb-bgxknceshxxifwytalex-auth-token:0 (2.93.3) 2026-02-02T15:20:17.843Z #__loadSession() begin

[90mstdout[2m | tests/property/scoped-roles-processing-efficiency.test.ts[2m > [22m[2mProperty 10: Scoped Roles Processing Efficiency[2m > [22m[2mProperty 10.9: Batch role hierarchy queries should maintain consistency
[22m[39mGoTrueClient@sb-bgxknceshxxifwytalex-auth-token:0 (2.93.3) 2026-02-02T15:20:17.843Z #getSession() session from storage [1mnull[22m
GoTrueClient@sb-bgxknceshxxifwytalex-auth-token:0 (2.93.3) 2026-02-02T15:20:17.843Z #__loadSession() end

[90mstdout[2m | tests/property/scoped-roles-processing-efficiency.test.ts[2m > [22m[2mProperty 10: Scoped Roles Processing Efficiency[2m > [22m[2mProperty 10.9: Batch role hierarchy queries should maintain consistency
[22m[39mGoTrueClient@sb-bgxknceshxxifwytalex-auth-token:0 (2.93.3) 2026-02-02T15:20:17.844Z #_useSession end

[90mstdout[2m | tests/property/scoped-roles-processing-efficiency.test.ts[2m > [22m[2mProperty 10: Scoped Roles Processing Efficiency[2m > [22m[2mProperty 10.9: Batch role hierarchy queries should maintain consistency
[22m[39mGoTrueClient@sb-bgxknceshxxifwytalex-auth-token:0 (2.93.3) 2026-02-02T15:20:17.844Z #_useSession begin
GoTrueClient@sb-bgxknceshxxifwytalex-auth-token:0 (2.93.3) 2026-02-02T15:20:17.844Z #__loadSession() begin

[90mstdout[2m | tests/property/scoped-roles-processing-efficiency.test.ts[2m > [22m[2mProperty 10: Scoped Roles Processing Efficiency[2m > [22m[2mProperty 10.9: Batch role hierarchy queries should maintain consistency
[22m[39mGoTrueClient@sb-bgxknceshxxifwytalex-auth-token:0 (2.93.3) 2026-02-02T15:20:17.844Z #getSession() session from storage [1mnull[22m
GoTrueClient@sb-bgxknceshxxifwytalex-auth-token:0 (2.93.3) 2026-02-02T15:20:17.844Z #__loadSession() end

[90mstdout[2m | tests/property/scoped-roles-processing-efficiency.test.ts[2m > [22m[2mProperty 10: Scoped Roles Processing Efficiency[2m > [22m[2mProperty 10.9: Batch role hierarchy queries should maintain consistency
[22m[39mGoTrueClient@sb-bgxknceshxxifwytalex-auth-token:0 (2.93.3) 2026-02-02T15:20:17.845Z #_useSession end

[90mstdout[2m | tests/property/scoped-roles-processing-efficiency.test.ts[2m > [22m[2mProperty 10: Scoped Roles Processing Efficiency[2m > [22m[2mProperty 10.9: Batch role hierarchy queries should maintain consistency
[22m[39mGoTrueClient@sb-bgxknceshxxifwytalex-auth-token:0 (2.93.3) 2026-02-02T15:20:17.845Z #_useSession begin
GoTrueClient@sb-bgxknceshxxifwytalex-auth-token:0 (2.93.3) 2026-02-02T15:20:17.845Z #__loadSession() begin

[90mstdout[2m | tests/property/scoped-roles-processing-efficiency.test.ts[2m > [22m[2mProperty 10: Scoped Roles Processing Efficiency[2m > [22m[2mProperty 10.9: Batch role hierarchy queries should maintain consistency
[22m[39mGoTrueClient@sb-bgxknceshxxifwytalex-auth-token:0 (2.93.3) 2026-02-02T15:20:17.845Z #getSession() session from storage [1mnull[22m
GoTrueClient@sb-bgxknceshxxifwytalex-auth-token:0 (2.93.3) 2026-02-02T15:20:17.845Z #__loadSession() end

[90mstdout[2m | tests/property/scoped-roles-processing-efficiency.test.ts[2m > [22m[2mProperty 10: Scoped Roles Processing Efficiency[2m > [22m[2mProperty 10.9: Batch role hierarchy queries should maintain consistency
[22m[39mGoTrueClient@sb-bgxknceshxxifwytalex-auth-token:0 (2.93.3) 2026-02-02T15:20:17.846Z #_useSession end

[90mstdout[2m | tests/property/scoped-roles-processing-efficiency.test.ts[2m > [22m[2mProperty 10: Scoped Roles Processing Efficiency[2m > [22m[2mProperty 10.9: Batch role hierarchy queries should maintain consistency
[22m[39mGoTrueClient@sb-bgxknceshxxifwytalex-auth-token:0 (2.93.3) 2026-02-02T15:20:17.846Z #_useSession begin
GoTrueClient@sb-bgxknceshxxifwytalex-auth-token:0 (2.93.3) 2026-02-02T15:20:17.846Z #__loadSession() begin

[90mstdout[2m | tests/property/scoped-roles-processing-efficiency.test.ts[2m > [22m[2mProperty 10: Scoped Roles Processing Efficiency[2m > [22m[2mProperty 10.9: Batch role hierarchy queries should maintain consistency
[22m[39mGoTrueClient@sb-bgxknceshxxifwytalex-auth-token:0 (2.93.3) 2026-02-02T15:20:17.846Z #getSession() session from storage [1mnull[22m
GoTrueClient@sb-bgxknceshxxifwytalex-auth-token:0 (2.93.3) 2026-02-02T15:20:17.846Z #__loadSession() end

[90mstdout[2m | tests/property/scoped-roles-processing-efficiency.test.ts[2m > [22m[2mProperty 10: Scoped Roles Processing Efficiency[2m > [22m[2mProperty 10.9: Batch role hierarchy queries should maintain consistency
[22m[39mGoTrueClient@sb-bgxknceshxxifwytalex-auth-token:0 (2.93.3) 2026-02-02T15:20:17.847Z #_useSession end

[90mstdout[2m | tests/property/scoped-roles-processing-efficiency.test.ts[2m > [22m[2mProperty 10: Scoped Roles Processing Efficiency[2m > [22m[2mProperty 10.9: Batch role hierarchy queries should maintain consistency
[22m[39mGoTrueClient@sb-bgxknceshxxifwytalex-auth-token:0 (2.93.3) 2026-02-02T15:20:17.847Z #_useSession begin
GoTrueClient@sb-bgxknceshxxifwytalex-auth-token:0 (2.93.3) 2026-02-02T15:20:17.847Z #__loadSession() begin

[90mstdout[2m | tests/property/scoped-roles-processing-efficiency.test.ts[2m > [22m[2mProperty 10: Scoped Roles Processing Efficiency[2m > [22m[2mProperty 10.9: Batch role hierarchy queries should maintain consistency
[22m[39mGoTrueClient@sb-bgxknceshxxifwytalex-auth-token:0 (2.93.3) 2026-02-02T15:20:17.847Z #getSession() session from storage [1mnull[22m
GoTrueClient@sb-bgxknceshxxifwytalex-auth-token:0 (2.93.3) 2026-02-02T15:20:17.847Z #__loadSession() end

[90mstdout[2m | tests/property/scoped-roles-processing-efficiency.test.ts[2m > [22m[2mProperty 10: Scoped Roles Processing Efficiency[2m > [22m[2mProperty 10.9: Batch role hierarchy queries should maintain consistency
[22m[39mGoTrueClient@sb-bgxknceshxxifwytalex-auth-token:0 (2.93.3) 2026-02-02T15:20:17.848Z #_useSession end

[90mstdout[2m | tests/property/scoped-roles-processing-efficiency.test.ts[2m > [22m[2mProperty 10: Scoped Roles Processing Efficiency[2m > [22m[2mProperty 10.9: Batch role hierarchy queries should maintain consistency
[22m[39mGoTrueClient@sb-bgxknceshxxifwytalex-auth-token:0 (2.93.3) 2026-02-02T15:20:17.848Z #_useSession begin
GoTrueClient@sb-bgxknceshxxifwytalex-auth-token:0 (2.93.3) 2026-02-02T15:20:17.848Z #__loadSession() begin

[90mstdout[2m | tests/property/scoped-roles-processing-efficiency.test.ts[2m > [22m[2mProperty 10: Scoped Roles Processing Efficiency[2m > [22m[2mProperty 10.9: Batch role hierarchy queries should maintain consistency
[22m[39mGoTrueClient@sb-bgxknceshxxifwytalex-auth-token:0 (2.93.3) 2026-02-02T15:20:17.848Z #getSession() session from storage [1mnull[22m
GoTrueClient@sb-bgxknceshxxifwytalex-auth-token:0 (2.93.3) 2026-02-02T15:20:17.848Z #__loadSession() end

[90mstdout[2m | tests/property/scoped-roles-processing-efficiency.test.ts[2m > [22m[2mProperty 10: Scoped Roles Processing Efficiency[2m > [22m[2mProperty 10.9: Batch role hierarchy queries should maintain consistency
[22m[39mGoTrueClient@sb-bgxknceshxxifwytalex-auth-token:0 (2.93.3) 2026-02-02T15:20:17.849Z #_useSession end

[90mstdout[2m | tests/property/scoped-roles-processing-efficiency.test.ts[2m > [22m[2mProperty 10: Scoped Roles Processing Efficiency[2m > [22m[2mProperty 10.9: Batch role hierarchy queries should maintain consistency
[22m[39mGoTrueClient@sb-bgxknceshxxifwytalex-auth-token:0 (2.93.3) 2026-02-02T15:20:17.849Z #_useSession begin
GoTrueClient@sb-bgxknceshxxifwytalex-auth-token:0 (2.93.3) 2026-02-02T15:20:17.849Z #__loadSession() begin

[90mstdout[2m | tests/property/scoped-roles-processing-efficiency.test.ts[2m > [22m[2mProperty 10: Scoped Roles Processing Efficiency[2m > [22m[2mProperty 10.9: Batch role hierarchy queries should maintain consistency
[22m[39mGoTrueClient@sb-bgxknceshxxifwytalex-auth-token:0 (2.93.3) 2026-02-02T15:20:17.849Z #getSession() session from storage [1mnull[22m
GoTrueClient@sb-bgxknceshxxifwytalex-auth-token:0 (2.93.3) 2026-02-02T15:20:17.849Z #__loadSession() end

[90mstdout[2m | tests/property/scoped-roles-processing-efficiency.test.ts[2m > [22m[2mProperty 10: Scoped Roles Processing Efficiency[2m > [22m[2mProperty 10.9: Batch role hierarchy queries should maintain consistency
[22m[39mGoTrueClient@sb-bgxknceshxxifwytalex-auth-token:0 (2.93.3) 2026-02-02T15:20:17.850Z #_useSession end

[90mstdout[2m | tests/property/scoped-roles-processing-efficiency.test.ts[2m > [22m[2mProperty 10: Scoped Roles Processing Efficiency[2m > [22m[2mProperty 10.9: Batch role hierarchy queries should maintain consistency
[22m[39mGoTrueClient@sb-bgxknceshxxifwytalex-auth-token:0 (2.93.3) 2026-02-02T15:20:17.850Z #_useSession begin
GoTrueClient@sb-bgxknceshxxifwytalex-auth-token:0 (2.93.3) 2026-02-02T15:20:17.850Z #__loadSession() begin

[90mstdout[2m | tests/property/scoped-roles-processing-efficiency.test.ts[2m > [22m[2mProperty 10: Scoped Roles Processing Efficiency[2m > [22m[2mProperty 10.9: Batch role hierarchy queries should maintain consistency
[22m[39mGoTrueClient@sb-bgxknceshxxifwytalex-auth-token:0 (2.93.3) 2026-02-02T15:20:17.850Z #getSession() session from storage [1mnull[22m
GoTrueClient@sb-bgxknceshxxifwytalex-auth-token:0 (2.93.3) 2026-02-02T15:20:17.850Z #__loadSession() end

[90mstdout[2m | tests/property/scoped-roles-processing-efficiency.test.ts[2m > [22m[2mProperty 10: Scoped Roles Processing Efficiency[2m > [22m[2mProperty 10.9: Batch role hierarchy queries should maintain consistency
[22m[39mGoTrueClient@sb-bgxknceshxxifwytalex-auth-token:0 (2.93.3) 2026-02-02T15:20:17.851Z #_useSession end

[90mstdout[2m | tests/property/scoped-roles-processing-efficiency.test.ts[2m > [22m[2mProperty 10: Scoped Roles Processing Efficiency[2m > [22m[2mProperty 10.9: Batch role hierarchy queries should maintain consistency
[22m[39mGoTrueClient@sb-bgxknceshxxifwytalex-auth-token:0 (2.93.3) 2026-02-02T15:20:17.851Z #_useSession begin
GoTrueClient@sb-bgxknceshxxifwytalex-auth-token:0 (2.93.3) 2026-02-02T15:20:17.851Z #__loadSession() begin

[90mstdout[2m | tests/property/scoped-roles-processing-efficiency.test.ts[2m > [22m[2mProperty 10: Scoped Roles Processing Efficiency[2m > [22m[2mProperty 10.9: Batch role hierarchy queries should maintain consistency
[22m[39mGoTrueClient@sb-bgxknceshxxifwytalex-auth-token:0 (2.93.3) 2026-02-02T15:20:17.851Z #getSession() session from storage [1mnull[22m
GoTrueClient@sb-bgxknceshxxifwytalex-auth-token:0 (2.93.3) 2026-02-02T15:20:17.851Z #__loadSession() end

[90mstdout[2m | tests/property/scoped-roles-processing-efficiency.test.ts[2m > [22m[2mProperty 10: Scoped Roles Processing Efficiency[2m > [22m[2mProperty 10.9: Batch role hierarchy queries should maintain consistency
[22m[39mGoTrueClient@sb-bgxknceshxxifwytalex-auth-token:0 (2.93.3) 2026-02-02T15:20:17.852Z #_useSession end

[90mstdout[2m | tests/property/scoped-roles-processing-efficiency.test.ts[2m > [22m[2mProperty 10: Scoped Roles Processing Efficiency[2m > [22m[2mProperty 10.9: Batch role hierarchy queries should maintain consistency
[22m[39mGoTrueClient@sb-bgxknceshxxifwytalex-auth-token:0 (2.93.3) 2026-02-02T15:20:17.852Z #_useSession begin
GoTrueClient@sb-bgxknceshxxifwytalex-auth-token:0 (2.93.3) 2026-02-02T15:20:17.852Z #__loadSession() begin

[90mstdout[2m | tests/property/scoped-roles-processing-efficiency.test.ts[2m > [22m[2mProperty 10: Scoped Roles Processing Efficiency[2m > [22m[2mProperty 10.9: Batch role hierarchy queries should maintain consistency
[22m[39mGoTrueClient@sb-bgxknceshxxifwytalex-auth-token:0 (2.93.3) 2026-02-02T15:20:17.852Z #getSession() session from storage [1mnull[22m
GoTrueClient@sb-bgxknceshxxifwytalex-auth-token:0 (2.93.3) 2026-02-02T15:20:17.852Z #__loadSession() end

[90mstdout[2m | tests/property/scoped-roles-processing-efficiency.test.ts[2m > [22m[2mProperty 10: Scoped Roles Processing Efficiency[2m > [22m[2mProperty 10.9: Batch role hierarchy queries should maintain consistency
[22m[39mGoTrueClient@sb-bgxknceshxxifwytalex-auth-token:0 (2.93.3) 2026-02-02T15:20:17.853Z #_useSession end

[90mstdout[2m | tests/property/scoped-roles-processing-efficiency.test.ts[2m > [22m[2mProperty 10: Scoped Roles Processing Efficiency[2m > [22m[2mProperty 10.9: Batch role hierarchy queries should maintain consistency
[22m[39mGoTrueClient@sb-bgxknceshxxifwytalex-auth-token:0 (2.93.3) 2026-02-02T15:20:17.854Z #_useSession begin
GoTrueClient@sb-bgxknceshxxifwytalex-auth-token:0 (2.93.3) 2026-02-02T15:20:17.854Z #__loadSession() begin

[90mstdout[2m | tests/property/scoped-roles-processing-efficiency.test.ts[2m > [22m[2mProperty 10: Scoped Roles Processing Efficiency[2m > [22m[2mProperty 10.9: Batch role hierarchy queries should maintain consistency
[22m[39mGoTrueClient@sb-bgxknceshxxifwytalex-auth-token:0 (2.93.3) 2026-02-02T15:20:17.855Z #getSession() session from storage [1mnull[22m
GoTrueClient@sb-bgxknceshxxifwytalex-auth-token:0 (2.93.3) 2026-02-02T15:20:17.855Z #__loadSession() end

[90mstdout[2m | tests/property/scoped-roles-processing-efficiency.test.ts[2m > [22m[2mProperty 10: Scoped Roles Processing Efficiency[2m > [22m[2mProperty 10.9: Batch role hierarchy queries should maintain consistency
[22m[39mGoTrueClient@sb-bgxknceshxxifwytalex-auth-token:0 (2.93.3) 2026-02-02T15:20:17.856Z #_useSession end

[90mstdout[2m | tests/property/scoped-roles-processing-efficiency.test.ts[2m > [22m[2mProperty 10: Scoped Roles Processing Efficiency[2m > [22m[2mProperty 10.9: Batch role hierarchy queries should maintain consistency
[22m[39mGoTrueClient@sb-bgxknceshxxifwytalex-auth-token:0 (2.93.3) 2026-02-02T15:20:17.856Z #_useSession begin
GoTrueClient@sb-bgxknceshxxifwytalex-auth-token:0 (2.93.3) 2026-02-02T15:20:17.856Z #__loadSession() begin

[90mstdout[2m | tests/property/scoped-roles-processing-efficiency.test.ts[2m > [22m[2mProperty 10: Scoped Roles Processing Efficiency[2m > [22m[2mProperty 10.9: Batch role hierarchy queries should maintain consistency
[22m[39mGoTrueClient@sb-bgxknceshxxifwytalex-auth-token:0 (2.93.3) 2026-02-02T15:20:17.857Z #getSession() session from storage [1mnull[22m
GoTrueClient@sb-bgxknceshxxifwytalex-auth-token:0 (2.93.3) 2026-02-02T15:20:17.857Z #__loadSession() end

[90mstdout[2m | tests/property/scoped-roles-processing-efficiency.test.ts[2m > [22m[2mProperty 10: Scoped Roles Processing Efficiency[2m > [22m[2mProperty 10.9: Batch role hierarchy queries should maintain consistency
[22m[39mGoTrueClient@sb-bgxknceshxxifwytalex-auth-token:0 (2.93.3) 2026-02-02T15:20:17.858Z #_useSession end

[90mstdout[2m | tests/property/scoped-roles-processing-efficiency.test.ts[2m > [22m[2mProperty 10: Scoped Roles Processing Efficiency[2m > [22m[2mProperty 10.9: Batch role hierarchy queries should maintain consistency
[22m[39mGoTrueClient@sb-bgxknceshxxifwytalex-auth-token:0 (2.93.3) 2026-02-02T15:20:17.858Z #_useSession begin
GoTrueClient@sb-bgxknceshxxifwytalex-auth-token:0 (2.93.3) 2026-02-02T15:20:17.858Z #__loadSession() begin

[90mstdout[2m | tests/property/scoped-roles-processing-efficiency.test.ts[2m > [22m[2mProperty 10: Scoped Roles Processing Efficiency[2m > [22m[2mProperty 10.9: Batch role hierarchy queries should maintain consistency
[22m[39mGoTrueClient@sb-bgxknceshxxifwytalex-auth-token:0 (2.93.3) 2026-02-02T15:20:17.858Z #getSession() session from storage [1mnull[22m
GoTrueClient@sb-bgxknceshxxifwytalex-auth-token:0 (2.93.3) 2026-02-02T15:20:17.858Z #__loadSession() end

[90mstdout[2m | tests/property/scoped-roles-processing-efficiency.test.ts[2m > [22m[2mProperty 10: Scoped Roles Processing Efficiency[2m > [22m[2mProperty 10.9: Batch role hierarchy queries should maintain consistency
[22m[39mGoTrueClient@sb-bgxknceshxxifwytalex-auth-token:0 (2.93.3) 2026-02-02T15:20:17.859Z #_useSession end

[90mstdout[2m | tests/property/scoped-roles-processing-efficiency.test.ts[2m > [22m[2mProperty 10: Scoped Roles Processing Efficiency[2m > [22m[2mProperty 10.9: Batch role hierarchy queries should maintain consistency
[22m[39mGoTrueClient@sb-bgxknceshxxifwytalex-auth-token:0 (2.93.3) 2026-02-02T15:20:17.859Z #_useSession begin
GoTrueClient@sb-bgxknceshxxifwytalex-auth-token:0 (2.93.3) 2026-02-02T15:20:17.859Z #__loadSession() begin

[90mstdout[2m | tests/property/scoped-roles-processing-efficiency.test.ts[2m > [22m[2mProperty 10: Scoped Roles Processing Efficiency[2m > [22m[2mProperty 10.9: Batch role hierarchy queries should maintain consistency
[22m[39mGoTrueClient@sb-bgxknceshxxifwytalex-auth-token:0 (2.93.3) 2026-02-02T15:20:17.859Z #getSession() session from storage [1mnull[22m
GoTrueClient@sb-bgxknceshxxifwytalex-auth-token:0 (2.93.3) 2026-02-02T15:20:17.859Z #__loadSession() end

[90mstdout[2m | tests/property/scoped-roles-processing-efficiency.test.ts[2m > [22m[2mProperty 10: Scoped Roles Processing Efficiency[2m > [22m[2mProperty 10.9: Batch role hierarchy queries should maintain consistency
[22m[39mGoTrueClient@sb-bgxknceshxxifwytalex-auth-token:0 (2.93.3) 2026-02-02T15:20:17.860Z #_useSession end

[90mstdout[2m | tests/property/scoped-roles-processing-efficiency.test.ts[2m > [22m[2mProperty 10: Scoped Roles Processing Efficiency[2m > [22m[2mProperty 10.9: Batch role hierarchy queries should maintain consistency
[22m[39mGoTrueClient@sb-bgxknceshxxifwytalex-auth-token:0 (2.93.3) 2026-02-02T15:20:17.860Z #_useSession begin
GoTrueClient@sb-bgxknceshxxifwytalex-auth-token:0 (2.93.3) 2026-02-02T15:20:17.860Z #__loadSession() begin

[90mstdout[2m | tests/property/scoped-roles-processing-efficiency.test.ts[2m > [22m[2mProperty 10: Scoped Roles Processing Efficiency[2m > [22m[2mProperty 10.9: Batch role hierarchy queries should maintain consistency
[22m[39mGoTrueClient@sb-bgxknceshxxifwytalex-auth-token:0 (2.93.3) 2026-02-02T15:20:17.860Z #getSession() session from storage [1mnull[22m
GoTrueClient@sb-bgxknceshxxifwytalex-auth-token:0 (2.93.3) 2026-02-02T15:20:17.860Z #__loadSession() end

[90mstdout[2m | tests/property/scoped-roles-processing-efficiency.test.ts[2m > [22m[2mProperty 10: Scoped Roles Processing Efficiency[2m > [22m[2mProperty 10.9: Batch role hierarchy queries should maintain consistency
[22m[39mGoTrueClient@sb-bgxknceshxxifwytalex-auth-token:0 (2.93.3) 2026-02-02T15:20:17.861Z #_useSession end

[90mstdout[2m | tests/property/scoped-roles-processing-efficiency.test.ts[2m > [22m[2mProperty 10: Scoped Roles Processing Efficiency[2m > [22m[2mProperty 10.9: Batch role hierarchy queries should maintain consistency
[22m[39mGoTrueClient@sb-bgxknceshxxifwytalex-auth-token:0 (2.93.3) 2026-02-02T15:20:17.861Z #_useSession begin
GoTrueClient@sb-bgxknceshxxifwytalex-auth-token:0 (2.93.3) 2026-02-02T15:20:17.861Z #__loadSession() begin

[90mstdout[2m | tests/property/scoped-roles-processing-efficiency.test.ts[2m > [22m[2mProperty 10: Scoped Roles Processing Efficiency[2m > [22m[2mProperty 10.9: Batch role hierarchy queries should maintain consistency
[22m[39mGoTrueClient@sb-bgxknceshxxifwytalex-auth-token:0 (2.93.3) 2026-02-02T15:20:17.861Z #getSession() session from storage [1mnull[22m
GoTrueClient@sb-bgxknceshxxifwytalex-auth-token:0 (2.93.3) 2026-02-02T15:20:17.861Z #__loadSession() end

[90mstdout[2m | tests/property/scoped-roles-processing-efficiency.test.ts[2m > [22m[2mProperty 10: Scoped Roles Processing Efficiency[2m > [22m[2mProperty 10.9: Batch role hierarchy queries should maintain consistency
[22m[39mGoTrueClient@sb-bgxknceshxxifwytalex-auth-token:0 (2.93.3) 2026-02-02T15:20:17.862Z #_useSession end

[90mstdout[2m | tests/property/scoped-roles-processing-efficiency.test.ts[2m > [22m[2mProperty 10: Scoped Roles Processing Efficiency[2m > [22m[2mProperty 10.9: Batch role hierarchy queries should maintain consistency
[22m[39mGoTrueClient@sb-bgxknceshxxifwytalex-auth-token:0 (2.93.3) 2026-02-02T15:20:17.862Z #_useSession begin
GoTrueClient@sb-bgxknceshxxifwytalex-auth-token:0 (2.93.3) 2026-02-02T15:20:17.862Z #__loadSession() begin

[90mstdout[2m | tests/property/scoped-roles-processing-efficiency.test.ts[2m > [22m[2mProperty 10: Scoped Roles Processing Efficiency[2m > [22m[2mProperty 10.9: Batch role hierarchy queries should maintain consistency
[22m[39mGoTrueClient@sb-bgxknceshxxifwytalex-auth-token:0 (2.93.3) 2026-02-02T15:20:17.862Z #getSession() session from storage [1mnull[22m
GoTrueClient@sb-bgxknceshxxifwytalex-auth-token:0 (2.93.3) 2026-02-02T15:20:17.862Z #__loadSession() end

[90mstdout[2m | tests/property/scoped-roles-processing-efficiency.test.ts[2m > [22m[2mProperty 10: Scoped Roles Processing Efficiency[2m > [22m[2mProperty 10.9: Batch role hierarchy queries should maintain consistency
[22m[39mGoTrueClient@sb-bgxknceshxxifwytalex-auth-token:0 (2.93.3) 2026-02-02T15:20:17.863Z #_useSession end

[90mstdout[2m | tests/property/scoped-roles-processing-efficiency.test.ts[2m > [22m[2mProperty 10: Scoped Roles Processing Efficiency[2m > [22m[2mProperty 10.9: Batch role hierarchy queries should maintain consistency
[22m[39mGoTrueClient@sb-bgxknceshxxifwytalex-auth-token:0 (2.93.3) 2026-02-02T15:20:17.863Z #_useSession begin
GoTrueClient@sb-bgxknceshxxifwytalex-auth-token:0 (2.93.3) 2026-02-02T15:20:17.863Z #__loadSession() begin

[90mstdout[2m | tests/property/scoped-roles-processing-efficiency.test.ts[2m > [22m[2mProperty 10: Scoped Roles Processing Efficiency[2m > [22m[2mProperty 10.9: Batch role hierarchy queries should maintain consistency
[22m[39mGoTrueClient@sb-bgxknceshxxifwytalex-auth-token:0 (2.93.3) 2026-02-02T15:20:17.863Z #getSession() session from storage [1mnull[22m
GoTrueClient@sb-bgxknceshxxifwytalex-auth-token:0 (2.93.3) 2026-02-02T15:20:17.863Z #__loadSession() end

[90mstdout[2m | tests/property/scoped-roles-processing-efficiency.test.ts[2m > [22m[2mProperty 10: Scoped Roles Processing Efficiency[2m > [22m[2mProperty 10.9: Batch role hierarchy queries should maintain consistency
[22m[39mGoTrueClient@sb-bgxknceshxxifwytalex-auth-token:0 (2.93.3) 2026-02-02T15:20:17.864Z #_useSession end

[90mstdout[2m | tests/property/scoped-roles-processing-efficiency.test.ts[2m > [22m[2mProperty 10: Scoped Roles Processing Efficiency[2m > [22m[2mProperty 10.9: Batch role hierarchy queries should maintain consistency
[22m[39mGoTrueClient@sb-bgxknceshxxifwytalex-auth-token:0 (2.93.3) 2026-02-02T15:20:17.864Z #_useSession begin
GoTrueClient@sb-bgxknceshxxifwytalex-auth-token:0 (2.93.3) 2026-02-02T15:20:17.864Z #__loadSession() begin

[90mstdout[2m | tests/property/scoped-roles-processing-efficiency.test.ts[2m > [22m[2mProperty 10: Scoped Roles Processing Efficiency[2m > [22m[2mProperty 10.9: Batch role hierarchy queries should maintain consistency
[22m[39mGoTrueClient@sb-bgxknceshxxifwytalex-auth-token:0 (2.93.3) 2026-02-02T15:20:17.864Z #getSession() session from storage [1mnull[22m
GoTrueClient@sb-bgxknceshxxifwytalex-auth-token:0 (2.93.3) 2026-02-02T15:20:17.864Z #__loadSession() end

[90mstdout[2m | tests/property/scoped-roles-processing-efficiency.test.ts[2m > [22m[2mProperty 10: Scoped Roles Processing Efficiency[2m > [22m[2mProperty 10.9: Batch role hierarchy queries should maintain consistency
[22m[39mGoTrueClient@sb-bgxknceshxxifwytalex-auth-token:0 (2.93.3) 2026-02-02T15:20:17.865Z #_useSession end

[90mstdout[2m | tests/property/scoped-roles-processing-efficiency.test.ts[2m > [22m[2mProperty 10: Scoped Roles Processing Efficiency[2m > [22m[2mProperty 10.9: Batch role hierarchy queries should maintain consistency
[22m[39mGoTrueClient@sb-bgxknceshxxifwytalex-auth-token:0 (2.93.3) 2026-02-02T15:20:17.865Z #_useSession begin
GoTrueClient@sb-bgxknceshxxifwytalex-auth-token:0 (2.93.3) 2026-02-02T15:20:17.865Z #__loadSession() begin

[90mstdout[2m | tests/property/scoped-roles-processing-efficiency.test.ts[2m > [22m[2mProperty 10: Scoped Roles Processing Efficiency[2m > [22m[2mProperty 10.9: Batch role hierarchy queries should maintain consistency
[22m[39mGoTrueClient@sb-bgxknceshxxifwytalex-auth-token:0 (2.93.3) 2026-02-02T15:20:17.865Z #getSession() session from storage [1mnull[22m
GoTrueClient@sb-bgxknceshxxifwytalex-auth-token:0 (2.93.3) 2026-02-02T15:20:17.865Z #__loadSession() end

[90mstdout[2m | tests/property/scoped-roles-processing-efficiency.test.ts[2m > [22m[2mProperty 10: Scoped Roles Processing Efficiency[2m > [22m[2mProperty 10.9: Batch role hierarchy queries should maintain consistency
[22m[39mGoTrueClient@sb-bgxknceshxxifwytalex-auth-token:0 (2.93.3) 2026-02-02T15:20:17.866Z #_useSession end

[90mstdout[2m | tests/property/scoped-roles-processing-efficiency.test.ts[2m > [22m[2mProperty 10: Scoped Roles Processing Efficiency[2m > [22m[2mProperty 10.9: Batch role hierarchy queries should maintain consistency
[22m[39mGoTrueClient@sb-bgxknceshxxifwytalex-auth-token:0 (2.93.3) 2026-02-02T15:20:17.866Z #_useSession begin
GoTrueClient@sb-bgxknceshxxifwytalex-auth-token:0 (2.93.3) 2026-02-02T15:20:17.866Z #__loadSession() begin

[90mstdout[2m | tests/property/scoped-roles-processing-efficiency.test.ts[2m > [22m[2mProperty 10: Scoped Roles Processing Efficiency[2m > [22m[2mProperty 10.9: Batch role hierarchy queries should maintain consistency
[22m[39mGoTrueClient@sb-bgxknceshxxifwytalex-auth-token:0 (2.93.3) 2026-02-02T15:20:17.867Z #getSession() session from storage [1mnull[22m
GoTrueClient@sb-bgxknceshxxifwytalex-auth-token:0 (2.93.3) 2026-02-02T15:20:17.867Z #__loadSession() end

[90mstdout[2m | tests/property/scoped-roles-processing-efficiency.test.ts[2m > [22m[2mProperty 10: Scoped Roles Processing Efficiency[2m > [22m[2mProperty 10.9: Batch role hierarchy queries should maintain consistency
[22m[39mGoTrueClient@sb-bgxknceshxxifwytalex-auth-token:0 (2.93.3) 2026-02-02T15:20:17.868Z #_useSession end

[90mstdout[2m | tests/property/scoped-roles-processing-efficiency.test.ts[2m > [22m[2mProperty 10: Scoped Roles Processing Efficiency[2m > [22m[2mProperty 10.9: Batch role hierarchy queries should maintain consistency
[22m[39mGoTrueClient@sb-bgxknceshxxifwytalex-auth-token:0 (2.93.3) 2026-02-02T15:20:17.868Z #_useSession begin
GoTrueClient@sb-bgxknceshxxifwytalex-auth-token:0 (2.93.3) 2026-02-02T15:20:17.868Z #__loadSession() begin

[90mstdout[2m | tests/property/scoped-roles-processing-efficiency.test.ts[2m > [22m[2mProperty 10: Scoped Roles Processing Efficiency[2m > [22m[2mProperty 10.9: Batch role hierarchy queries should maintain consistency
[22m[39mGoTrueClient@sb-bgxknceshxxifwytalex-auth-token:0 (2.93.3) 2026-02-02T15:20:17.868Z #getSession() session from storage [1mnull[22m
GoTrueClient@sb-bgxknceshxxifwytalex-auth-token:0 (2.93.3) 2026-02-02T15:20:17.868Z #__loadSession() end

[90mstdout[2m | tests/property/scoped-roles-processing-efficiency.test.ts[2m > [22m[2mProperty 10: Scoped Roles Processing Efficiency[2m > [22m[2mProperty 10.9: Batch role hierarchy queries should maintain consistency
[22m[39mGoTrueClient@sb-bgxknceshxxifwytalex-auth-token:0 (2.93.3) 2026-02-02T15:20:17.868Z #_useSession end

[90mstdout[2m | tests/property/scoped-roles-processing-efficiency.test.ts[2m > [22m[2mProperty 10: Scoped Roles Processing Efficiency[2m > [22m[2mProperty 10.9: Batch role hierarchy queries should maintain consistency
[22m[39mGoTrueClient@sb-bgxknceshxxifwytalex-auth-token:0 (2.93.3) 2026-02-02T15:20:17.868Z #_useSession begin
GoTrueClient@sb-bgxknceshxxifwytalex-auth-token:0 (2.93.3) 2026-02-02T15:20:17.868Z #__loadSession() begin

[90mstdout[2m | tests/property/scoped-roles-processing-efficiency.test.ts[2m > [22m[2mProperty 10: Scoped Roles Processing Efficiency[2m > [22m[2mProperty 10.9: Batch role hierarchy queries should maintain consistency
[22m[39mGoTrueClient@sb-bgxknceshxxifwytalex-auth-token:0 (2.93.3) 2026-02-02T15:20:17.869Z #getSession() session from storage [1mnull[22m
GoTrueClient@sb-bgxknceshxxifwytalex-auth-token:0 (2.93.3) 2026-02-02T15:20:17.869Z #__loadSession() end

[90mstdout[2m | tests/property/scoped-roles-processing-efficiency.test.ts[2m > [22m[2mProperty 10: Scoped Roles Processing Efficiency[2m > [22m[2mProperty 10.9: Batch role hierarchy queries should maintain consistency
[22m[39mGoTrueClient@sb-bgxknceshxxifwytalex-auth-token:0 (2.93.3) 2026-02-02T15:20:17.869Z #_useSession end

[90mstdout[2m | tests/property/scoped-roles-processing-efficiency.test.ts[2m > [22m[2mProperty 10: Scoped Roles Processing Efficiency[2m > [22m[2mProperty 10.9: Batch role hierarchy queries should maintain consistency
[22m[39mGoTrueClient@sb-bgxknceshxxifwytalex-auth-token:0 (2.93.3) 2026-02-02T15:20:17.870Z #_useSession begin
GoTrueClient@sb-bgxknceshxxifwytalex-auth-token:0 (2.93.3) 2026-02-02T15:20:17.870Z #__loadSession() begin

[90mstdout[2m | tests/property/scoped-roles-processing-efficiency.test.ts[2m > [22m[2mProperty 10: Scoped Roles Processing Efficiency[2m > [22m[2mProperty 10.9: Batch role hierarchy queries should maintain consistency
[22m[39mGoTrueClient@sb-bgxknceshxxifwytalex-auth-token:0 (2.93.3) 2026-02-02T15:20:17.870Z #getSession() session from storage [1mnull[22m
GoTrueClient@sb-bgxknceshxxifwytalex-auth-token:0 (2.93.3) 2026-02-02T15:20:17.870Z #__loadSession() end

[90mstdout[2m | tests/property/scoped-roles-processing-efficiency.test.ts[2m > [22m[2mProperty 10: Scoped Roles Processing Efficiency[2m > [22m[2mProperty 10.9: Batch role hierarchy queries should maintain consistency
[22m[39mGoTrueClient@sb-bgxknceshxxifwytalex-auth-token:0 (2.93.3) 2026-02-02T15:20:17.872Z #_useSession end

[90mstdout[2m | tests/property/scoped-roles-processing-efficiency.test.ts[2m > [22m[2mProperty 10: Scoped Roles Processing Efficiency[2m > [22m[2mProperty 10.9: Batch role hierarchy queries should maintain consistency
[22m[39mGoTrueClient@sb-bgxknceshxxifwytalex-auth-token:0 (2.93.3) 2026-02-02T15:20:17.873Z #_useSession begin
GoTrueClient@sb-bgxknceshxxifwytalex-auth-token:0 (2.93.3) 2026-02-02T15:20:17.873Z #__loadSession() begin

[90mstdout[2m | tests/property/scoped-roles-processing-efficiency.test.ts[2m > [22m[2mProperty 10: Scoped Roles Processing Efficiency[2m > [22m[2mProperty 10.9: Batch role hierarchy queries should maintain consistency
[22m[39mGoTrueClient@sb-bgxknceshxxifwytalex-auth-token:0 (2.93.3) 2026-02-02T15:20:17.873Z #getSession() session from storage [1mnull[22m
GoTrueClient@sb-bgxknceshxxifwytalex-auth-token:0 (2.93.3) 2026-02-02T15:20:17.873Z #__loadSession() end

[90mstdout[2m | tests/property/scoped-roles-processing-efficiency.test.ts[2m > [22m[2mProperty 10: Scoped Roles Processing Efficiency[2m > [22m[2mProperty 10.9: Batch role hierarchy queries should maintain consistency
[22m[39mGoTrueClient@sb-bgxknceshxxifwytalex-auth-token:0 (2.93.3) 2026-02-02T15:20:17.875Z #_useSession end

[90mstdout[2m | tests/property/scoped-roles-processing-efficiency.test.ts[2m > [22m[2mProperty 10: Scoped Roles Processing Efficiency[2m > [22m[2mProperty 10.9: Batch role hierarchy queries should maintain consistency
[22m[39mGoTrueClient@sb-bgxknceshxxifwytalex-auth-token:0 (2.93.3) 2026-02-02T15:20:17.875Z #_useSession begin
GoTrueClient@sb-bgxknceshxxifwytalex-auth-token:0 (2.93.3) 2026-02-02T15:20:17.875Z #__loadSession() begin

[90mstdout[2m | tests/property/scoped-roles-processing-efficiency.test.ts[2m > [22m[2mProperty 10: Scoped Roles Processing Efficiency[2m > [22m[2mProperty 10.9: Batch role hierarchy queries should maintain consistency
[22m[39mGoTrueClient@sb-bgxknceshxxifwytalex-auth-token:0 (2.93.3) 2026-02-02T15:20:17.875Z #getSession() session from storage [1mnull[22m
GoTrueClient@sb-bgxknceshxxifwytalex-auth-token:0 (2.93.3) 2026-02-02T15:20:17.875Z #__loadSession() end

[90mstdout[2m | tests/property/scoped-roles-processing-efficiency.test.ts[2m > [22m[2mProperty 10: Scoped Roles Processing Efficiency[2m > [22m[2mProperty 10.9: Batch role hierarchy queries should maintain consistency
[22m[39mGoTrueClient@sb-bgxknceshxxifwytalex-auth-token:0 (2.93.3) 2026-02-02T15:20:17.877Z #_useSession end

[90mstdout[2m | tests/property/scoped-roles-processing-efficiency.test.ts[2m > [22m[2mProperty 10: Scoped Roles Processing Efficiency[2m > [22m[2mProperty 10.9: Batch role hierarchy queries should maintain consistency
[22m[39mGoTrueClient@sb-bgxknceshxxifwytalex-auth-token:0 (2.93.3) 2026-02-02T15:20:17.877Z #_useSession begin
GoTrueClient@sb-bgxknceshxxifwytalex-auth-token:0 (2.93.3) 2026-02-02T15:20:17.877Z #__loadSession() begin

[90mstdout[2m | tests/property/scoped-roles-processing-efficiency.test.ts[2m > [22m[2mProperty 10: Scoped Roles Processing Efficiency[2m > [22m[2mProperty 10.9: Batch role hierarchy queries should maintain consistency
[22m[39mGoTrueClient@sb-bgxknceshxxifwytalex-auth-token:0 (2.93.3) 2026-02-02T15:20:17.877Z #getSession() session from storage [1mnull[22m
GoTrueClient@sb-bgxknceshxxifwytalex-auth-token:0 (2.93.3) 2026-02-02T15:20:17.877Z #__loadSession() end

[90mstdout[2m | tests/property/scoped-roles-processing-efficiency.test.ts[2m > [22m[2mProperty 10: Scoped Roles Processing Efficiency[2m > [22m[2mProperty 10.9: Batch role hierarchy queries should maintain consistency
[22m[39mGoTrueClient@sb-bgxknceshxxifwytalex-auth-token:0 (2.93.3) 2026-02-02T15:20:17.878Z #_useSession end

[90mstdout[2m | tests/property/scoped-roles-processing-efficiency.test.ts[2m > [22m[2mProperty 10: Scoped Roles Processing Efficiency[2m > [22m[2mProperty 10.9: Batch role hierarchy queries should maintain consistency
[22m[39mGoTrueClient@sb-bgxknceshxxifwytalex-auth-token:0 (2.93.3) 2026-02-02T15:20:17.878Z #_useSession begin
GoTrueClient@sb-bgxknceshxxifwytalex-auth-token:0 (2.93.3) 2026-02-02T15:20:17.878Z #__loadSession() begin

[90mstdout[2m | tests/property/scoped-roles-processing-efficiency.test.ts[2m > [22m[2mProperty 10: Scoped Roles Processing Efficiency[2m > [22m[2mProperty 10.9: Batch role hierarchy queries should maintain consistency
[22m[39mGoTrueClient@sb-bgxknceshxxifwytalex-auth-token:0 (2.93.3) 2026-02-02T15:20:17.878Z #getSession() session from storage [1mnull[22m
GoTrueClient@sb-bgxknceshxxifwytalex-auth-token:0 (2.93.3) 2026-02-02T15:20:17.878Z #__loadSession() end

[90mstdout[2m | tests/property/scoped-roles-processing-efficiency.test.ts[2m > [22m[2mProperty 10: Scoped Roles Processing Efficiency[2m > [22m[2mProperty 10.9: Batch role hierarchy queries should maintain consistency
[22m[39mGoTrueClient@sb-bgxknceshxxifwytalex-auth-token:0 (2.93.3) 2026-02-02T15:20:17.879Z #_useSession end

[90mstdout[2m | tests/property/scoped-roles-processing-efficiency.test.ts[2m > [22m[2mProperty 10: Scoped Roles Processing Efficiency[2m > [22m[2mProperty 10.9: Batch role hierarchy queries should maintain consistency
[22m[39mGoTrueClient@sb-bgxknceshxxifwytalex-auth-token:0 (2.93.3) 2026-02-02T15:20:17.879Z #_useSession begin
GoTrueClient@sb-bgxknceshxxifwytalex-auth-token:0 (2.93.3) 2026-02-02T15:20:17.879Z #__loadSession() begin

[90mstdout[2m | tests/property/scoped-roles-processing-efficiency.test.ts[2m > [22m[2mProperty 10: Scoped Roles Processing Efficiency[2m > [22m[2mProperty 10.9: Batch role hierarchy queries should maintain consistency
[22m[39mGoTrueClient@sb-bgxknceshxxifwytalex-auth-token:0 (2.93.3) 2026-02-02T15:20:17.879Z #getSession() session from storage [1mnull[22m
GoTrueClient@sb-bgxknceshxxifwytalex-auth-token:0 (2.93.3) 2026-02-02T15:20:17.879Z #__loadSession() end

[90mstdout[2m | tests/property/scoped-roles-processing-efficiency.test.ts[2m > [22m[2mProperty 10: Scoped Roles Processing Efficiency[2m > [22m[2mProperty 10.9: Batch role hierarchy queries should maintain consistency
[22m[39mGoTrueClient@sb-bgxknceshxxifwytalex-auth-token:0 (2.93.3) 2026-02-02T15:20:17.880Z #_useSession end

[90mstdout[2m | tests/property/scoped-roles-processing-efficiency.test.ts[2m > [22m[2mProperty 10: Scoped Roles Processing Efficiency[2m > [22m[2mProperty 10.9: Batch role hierarchy queries should maintain consistency
[22m[39mGoTrueClient@sb-bgxknceshxxifwytalex-auth-token:0 (2.93.3) 2026-02-02T15:20:17.880Z #_useSession begin
GoTrueClient@sb-bgxknceshxxifwytalex-auth-token:0 (2.93.3) 2026-02-02T15:20:17.880Z #__loadSession() begin

[90mstdout[2m | tests/property/scoped-roles-processing-efficiency.test.ts[2m > [22m[2mProperty 10: Scoped Roles Processing Efficiency[2m > [22m[2mProperty 10.9: Batch role hierarchy queries should maintain consistency
[22m[39mGoTrueClient@sb-bgxknceshxxifwytalex-auth-token:0 (2.93.3) 2026-02-02T15:20:17.880Z #getSession() session from storage [1mnull[22m
GoTrueClient@sb-bgxknceshxxifwytalex-auth-token:0 (2.93.3) 2026-02-02T15:20:17.880Z #__loadSession() end

[90mstdout[2m | tests/property/scoped-roles-processing-efficiency.test.ts[2m > [22m[2mProperty 10: Scoped Roles Processing Efficiency[2m > [22m[2mProperty 10.9: Batch role hierarchy queries should maintain consistency
[22m[39mGoTrueClient@sb-bgxknceshxxifwytalex-auth-token:0 (2.93.3) 2026-02-02T15:20:17.881Z #_useSession end

[90mstdout[2m | tests/property/scoped-roles-processing-efficiency.test.ts[2m > [22m[2mProperty 10: Scoped Roles Processing Efficiency[2m > [22m[2mProperty 10.9: Batch role hierarchy queries should maintain consistency
[22m[39mGoTrueClient@sb-bgxknceshxxifwytalex-auth-token:0 (2.93.3) 2026-02-02T15:20:17.881Z #_useSession begin
GoTrueClient@sb-bgxknceshxxifwytalex-auth-token:0 (2.93.3) 2026-02-02T15:20:17.881Z #__loadSession() begin

[90mstdout[2m | tests/property/scoped-roles-processing-efficiency.test.ts[2m > [22m[2mProperty 10: Scoped Roles Processing Efficiency[2m > [22m[2mProperty 10.9: Batch role hierarchy queries should maintain consistency
[22m[39mGoTrueClient@sb-bgxknceshxxifwytalex-auth-token:0 (2.93.3) 2026-02-02T15:20:17.881Z #getSession() session from storage [1mnull[22m
GoTrueClient@sb-bgxknceshxxifwytalex-auth-token:0 (2.93.3) 2026-02-02T15:20:17.881Z #__loadSession() end

[90mstdout[2m | tests/property/scoped-roles-processing-efficiency.test.ts[2m > [22m[2mProperty 10: Scoped Roles Processing Efficiency[2m > [22m[2mProperty 10.9: Batch role hierarchy queries should maintain consistency
[22m[39mGoTrueClient@sb-bgxknceshxxifwytalex-auth-token:0 (2.93.3) 2026-02-02T15:20:17.882Z #_useSession end

[90mstdout[2m | tests/property/scoped-roles-processing-efficiency.test.ts[2m > [22m[2mProperty 10: Scoped Roles Processing Efficiency[2m > [22m[2mProperty 10.9: Batch role hierarchy queries should maintain consistency
[22m[39mGoTrueClient@sb-bgxknceshxxifwytalex-auth-token:0 (2.93.3) 2026-02-02T15:20:17.882Z #_useSession begin
GoTrueClient@sb-bgxknceshxxifwytalex-auth-token:0 (2.93.3) 2026-02-02T15:20:17.882Z #__loadSession() begin

[90mstdout[2m | tests/property/scoped-roles-processing-efficiency.test.ts[2m > [22m[2mProperty 10: Scoped Roles Processing Efficiency[2m > [22m[2mProperty 10.9: Batch role hierarchy queries should maintain consistency
[22m[39mGoTrueClient@sb-bgxknceshxxifwytalex-auth-token:0 (2.93.3) 2026-02-02T15:20:17.882Z #getSession() session from storage [1mnull[22m
GoTrueClient@sb-bgxknceshxxifwytalex-auth-token:0 (2.93.3) 2026-02-02T15:20:17.882Z #__loadSession() end

[90mstdout[2m | tests/property/scoped-roles-processing-efficiency.test.ts[2m > [22m[2mProperty 10: Scoped Roles Processing Efficiency[2m > [22m[2mProperty 10.9: Batch role hierarchy queries should maintain consistency
[22m[39mGoTrueClient@sb-bgxknceshxxifwytalex-auth-token:0 (2.93.3) 2026-02-02T15:20:17.883Z #_useSession end

[90mstdout[2m | tests/property/scoped-roles-processing-efficiency.test.ts[2m > [22m[2mProperty 10: Scoped Roles Processing Efficiency[2m > [22m[2mProperty 10.9: Batch role hierarchy queries should maintain consistency
[22m[39mGoTrueClient@sb-bgxknceshxxifwytalex-auth-token:0 (2.93.3) 2026-02-02T15:20:17.883Z #_useSession begin
GoTrueClient@sb-bgxknceshxxifwytalex-auth-token:0 (2.93.3) 2026-02-02T15:20:17.883Z #__loadSession() begin

[90mstdout[2m | tests/property/scoped-roles-processing-efficiency.test.ts[2m > [22m[2mProperty 10: Scoped Roles Processing Efficiency[2m > [22m[2mProperty 10.9: Batch role hierarchy queries should maintain consistency
[22m[39mGoTrueClient@sb-bgxknceshxxifwytalex-auth-token:0 (2.93.3) 2026-02-02T15:20:17.883Z #getSession() session from storage [1mnull[22m
GoTrueClient@sb-bgxknceshxxifwytalex-auth-token:0 (2.93.3) 2026-02-02T15:20:17.883Z #__loadSession() end

[90mstdout[2m | tests/property/scoped-roles-processing-efficiency.test.ts[2m > [22m[2mProperty 10: Scoped Roles Processing Efficiency[2m > [22m[2mProperty 10.9: Batch role hierarchy queries should maintain consistency
[22m[39mGoTrueClient@sb-bgxknceshxxifwytalex-auth-token:0 (2.93.3) 2026-02-02T15:20:17.884Z #_useSession end

[90mstdout[2m | tests/property/scoped-roles-processing-efficiency.test.ts[2m > [22m[2mProperty 10: Scoped Roles Processing Efficiency[2m > [22m[2mProperty 10.9: Batch role hierarchy queries should maintain consistency
[22m[39mGoTrueClient@sb-bgxknceshxxifwytalex-auth-token:0 (2.93.3) 2026-02-02T15:20:17.884Z #_useSession begin
GoTrueClient@sb-bgxknceshxxifwytalex-auth-token:0 (2.93.3) 2026-02-02T15:20:17.884Z #__loadSession() begin

[90mstdout[2m | tests/property/scoped-roles-processing-efficiency.test.ts[2m > [22m[2mProperty 10: Scoped Roles Processing Efficiency[2m > [22m[2mProperty 10.9: Batch role hierarchy queries should maintain consistency
[22m[39mGoTrueClient@sb-bgxknceshxxifwytalex-auth-token:0 (2.93.3) 2026-02-02T15:20:17.884Z #getSession() session from storage [1mnull[22m
GoTrueClient@sb-bgxknceshxxifwytalex-auth-token:0 (2.93.3) 2026-02-02T15:20:17.885Z #__loadSession() end

[90mstdout[2m | tests/property/scoped-roles-processing-efficiency.test.ts[2m > [22m[2mProperty 10: Scoped Roles Processing Efficiency[2m > [22m[2mProperty 10.9: Batch role hierarchy queries should maintain consistency
[22m[39mGoTrueClient@sb-bgxknceshxxifwytalex-auth-token:0 (2.93.3) 2026-02-02T15:20:17.885Z #_useSession end

[90mstdout[2m | tests/property/scoped-roles-processing-efficiency.test.ts[2m > [22m[2mProperty 10: Scoped Roles Processing Efficiency[2m > [22m[2mProperty 10.9: Batch role hierarchy queries should maintain consistency
[22m[39mGoTrueClient@sb-bgxknceshxxifwytalex-auth-token:0 (2.93.3) 2026-02-02T15:20:17.885Z #_useSession begin
GoTrueClient@sb-bgxknceshxxifwytalex-auth-token:0 (2.93.3) 2026-02-02T15:20:17.885Z #__loadSession() begin

[90mstdout[2m | tests/property/scoped-roles-processing-efficiency.test.ts[2m > [22m[2mProperty 10: Scoped Roles Processing Efficiency[2m > [22m[2mProperty 10.9: Batch role hierarchy queries should maintain consistency
[22m[39mGoTrueClient@sb-bgxknceshxxifwytalex-auth-token:0 (2.93.3) 2026-02-02T15:20:17.885Z #getSession() session from storage [1mnull[22m
GoTrueClient@sb-bgxknceshxxifwytalex-auth-token:0 (2.93.3) 2026-02-02T15:20:17.885Z #__loadSession() end

[90mstdout[2m | tests/property/scoped-roles-processing-efficiency.test.ts[2m > [22m[2mProperty 10: Scoped Roles Processing Efficiency[2m > [22m[2mProperty 10.9: Batch role hierarchy queries should maintain consistency
[22m[39mGoTrueClient@sb-bgxknceshxxifwytalex-auth-token:0 (2.93.3) 2026-02-02T15:20:17.886Z #_useSession end

[90mstdout[2m | tests/property/scoped-roles-processing-efficiency.test.ts[2m > [22m[2mProperty 10: Scoped Roles Processing Efficiency[2m > [22m[2mProperty 10.9: Batch role hierarchy queries should maintain consistency
[22m[39mGoTrueClient@sb-bgxknceshxxifwytalex-auth-token:0 (2.93.3) 2026-02-02T15:20:17.886Z #_useSession begin
GoTrueClient@sb-bgxknceshxxifwytalex-auth-token:0 (2.93.3) 2026-02-02T15:20:17.886Z #__loadSession() begin

[90mstdout[2m | tests/property/scoped-roles-processing-efficiency.test.ts[2m > [22m[2mProperty 10: Scoped Roles Processing Efficiency[2m > [22m[2mProperty 10.9: Batch role hierarchy queries should maintain consistency
[22m[39mGoTrueClient@sb-bgxknceshxxifwytalex-auth-token:0 (2.93.3) 2026-02-02T15:20:17.886Z #getSession() session from storage [1mnull[22m
GoTrueClient@sb-bgxknceshxxifwytalex-auth-token:0 (2.93.3) 2026-02-02T15:20:17.886Z #__loadSession() end

[90mstdout[2m | tests/property/scoped-roles-processing-efficiency.test.ts[2m > [22m[2mProperty 10: Scoped Roles Processing Efficiency[2m > [22m[2mProperty 10.9: Batch role hierarchy queries should maintain consistency
[22m[39mGoTrueClient@sb-bgxknceshxxifwytalex-auth-token:0 (2.93.3) 2026-02-02T15:20:17.888Z #_useSession end

[90mstdout[2m | tests/property/scoped-roles-processing-efficiency.test.ts[2m > [22m[2mProperty 10: Scoped Roles Processing Efficiency[2m > [22m[2mProperty 10.9: Batch role hierarchy queries should maintain consistency
[22m[39mGoTrueClient@sb-bgxknceshxxifwytalex-auth-token:0 (2.93.3) 2026-02-02T15:20:17.888Z #_useSession begin
GoTrueClient@sb-bgxknceshxxifwytalex-auth-token:0 (2.93.3) 2026-02-02T15:20:17.888Z #__loadSession() begin

[90mstdout[2m | tests/property/scoped-roles-processing-efficiency.test.ts[2m > [22m[2mProperty 10: Scoped Roles Processing Efficiency[2m > [22m[2mProperty 10.9: Batch role hierarchy queries should maintain consistency
[22m[39mGoTrueClient@sb-bgxknceshxxifwytalex-auth-token:0 (2.93.3) 2026-02-02T15:20:17.889Z #getSession() session from storage [1mnull[22m
GoTrueClient@sb-bgxknceshxxifwytalex-auth-token:0 (2.93.3) 2026-02-02T15:20:17.889Z #__loadSession() end

[90mstdout[2m | tests/property/scoped-roles-processing-efficiency.test.ts[2m > [22m[2mProperty 10: Scoped Roles Processing Efficiency[2m > [22m[2mProperty 10.9: Batch role hierarchy queries should maintain consistency
[22m[39mGoTrueClient@sb-bgxknceshxxifwytalex-auth-token:0 (2.93.3) 2026-02-02T15:20:17.891Z #_useSession end

[90mstdout[2m | tests/property/scoped-roles-processing-efficiency.test.ts[2m > [22m[2mProperty 10: Scoped Roles Processing Efficiency[2m > [22m[2mProperty 10.9: Batch role hierarchy queries should maintain consistency
[22m[39mGoTrueClient@sb-bgxknceshxxifwytalex-auth-token:0 (2.93.3) 2026-02-02T15:20:17.891Z #_useSession begin
GoTrueClient@sb-bgxknceshxxifwytalex-auth-token:0 (2.93.3) 2026-02-02T15:20:17.891Z #__loadSession() begin

[90mstdout[2m | tests/property/scoped-roles-processing-efficiency.test.ts[2m > [22m[2mProperty 10: Scoped Roles Processing Efficiency[2m > [22m[2mProperty 10.9: Batch role hierarchy queries should maintain consistency
[22m[39mGoTrueClient@sb-bgxknceshxxifwytalex-auth-token:0 (2.93.3) 2026-02-02T15:20:17.891Z #getSession() session from storage [1mnull[22m
GoTrueClient@sb-bgxknceshxxifwytalex-auth-token:0 (2.93.3) 2026-02-02T15:20:17.892Z #__loadSession() end

[90mstdout[2m | tests/property/scoped-roles-processing-efficiency.test.ts[2m > [22m[2mProperty 10: Scoped Roles Processing Efficiency[2m > [22m[2mProperty 10.9: Batch role hierarchy queries should maintain consistency
[22m[39mGoTrueClient@sb-bgxknceshxxifwytalex-auth-token:0 (2.93.3) 2026-02-02T15:20:17.893Z #_useSession end

[90mstdout[2m | tests/property/scoped-roles-processing-efficiency.test.ts[2m > [22m[2mProperty 10: Scoped Roles Processing Efficiency[2m > [22m[2mProperty 10.9: Batch role hierarchy queries should maintain consistency
[22m[39mGoTrueClient@sb-bgxknceshxxifwytalex-auth-token:0 (2.93.3) 2026-02-02T15:20:17.893Z #_useSession begin
GoTrueClient@sb-bgxknceshxxifwytalex-auth-token:0 (2.93.3) 2026-02-02T15:20:17.893Z #__loadSession() begin

[90mstdout[2m | tests/property/scoped-roles-processing-efficiency.test.ts[2m > [22m[2mProperty 10: Scoped Roles Processing Efficiency[2m > [22m[2mProperty 10.9: Batch role hierarchy queries should maintain consistency
[22m[39mGoTrueClient@sb-bgxknceshxxifwytalex-auth-token:0 (2.93.3) 2026-02-02T15:20:17.893Z #getSession() session from storage [1mnull[22m
GoTrueClient@sb-bgxknceshxxifwytalex-auth-token:0 (2.93.3) 2026-02-02T15:20:17.893Z #__loadSession() end

[90mstdout[2m | tests/property/scoped-roles-processing-efficiency.test.ts[2m > [22m[2mProperty 10: Scoped Roles Processing Efficiency[2m > [22m[2mProperty 10.9: Batch role hierarchy queries should maintain consistency
[22m[39mGoTrueClient@sb-bgxknceshxxifwytalex-auth-token:0 (2.93.3) 2026-02-02T15:20:17.894Z #_useSession end

[90mstdout[2m | tests/property/scoped-roles-processing-efficiency.test.ts[2m > [22m[2mProperty 10: Scoped Roles Processing Efficiency[2m > [22m[2mProperty 10.9: Batch role hierarchy queries should maintain consistency
[22m[39mGoTrueClient@sb-bgxknceshxxifwytalex-auth-token:0 (2.93.3) 2026-02-02T15:20:17.895Z #_useSession begin
GoTrueClient@sb-bgxknceshxxifwytalex-auth-token:0 (2.93.3) 2026-02-02T15:20:17.895Z #__loadSession() begin

[90mstdout[2m | tests/property/scoped-roles-processing-efficiency.test.ts[2m > [22m[2mProperty 10: Scoped Roles Processing Efficiency[2m > [22m[2mProperty 10.9: Batch role hierarchy queries should maintain consistency
[22m[39mGoTrueClient@sb-bgxknceshxxifwytalex-auth-token:0 (2.93.3) 2026-02-02T15:20:17.895Z #getSession() session from storage [1mnull[22m
GoTrueClient@sb-bgxknceshxxifwytalex-auth-token:0 (2.93.3) 2026-02-02T15:20:17.895Z #__loadSession() end

[90mstdout[2m | tests/property/scoped-roles-processing-efficiency.test.ts[2m > [22m[2mProperty 10: Scoped Roles Processing Efficiency[2m > [22m[2mProperty 10.9: Batch role hierarchy queries should maintain consistency
[22m[39mGoTrueClient@sb-bgxknceshxxifwytalex-auth-token:0 (2.93.3) 2026-02-02T15:20:17.895Z #_useSession end

[90mstdout[2m | tests/property/scoped-roles-processing-efficiency.test.ts[2m > [22m[2mProperty 10: Scoped Roles Processing Efficiency[2m > [22m[2mProperty 10.9: Batch role hierarchy queries should maintain consistency
[22m[39mGoTrueClient@sb-bgxknceshxxifwytalex-auth-token:0 (2.93.3) 2026-02-02T15:20:17.896Z #_useSession begin
GoTrueClient@sb-bgxknceshxxifwytalex-auth-token:0 (2.93.3) 2026-02-02T15:20:17.896Z #__loadSession() begin

[90mstdout[2m | tests/property/scoped-roles-processing-efficiency.test.ts[2m > [22m[2mProperty 10: Scoped Roles Processing Efficiency[2m > [22m[2mProperty 10.9: Batch role hierarchy queries should maintain consistency
[22m[39mGoTrueClient@sb-bgxknceshxxifwytalex-auth-token:0 (2.93.3) 2026-02-02T15:20:17.896Z #getSession() session from storage [1mnull[22m
GoTrueClient@sb-bgxknceshxxifwytalex-auth-token:0 (2.93.3) 2026-02-02T15:20:17.896Z #__loadSession() end

[90mstdout[2m | tests/property/scoped-roles-processing-efficiency.test.ts[2m > [22m[2mProperty 10: Scoped Roles Processing Efficiency[2m > [22m[2mProperty 10.9: Batch role hierarchy queries should maintain consistency
[22m[39mGoTrueClient@sb-bgxknceshxxifwytalex-auth-token:0 (2.93.3) 2026-02-02T15:20:17.896Z #_useSession end

[90mstdout[2m | tests/property/scoped-roles-processing-efficiency.test.ts[2m > [22m[2mProperty 10: Scoped Roles Processing Efficiency[2m > [22m[2mProperty 10.9: Batch role hierarchy queries should maintain consistency
[22m[39mGoTrueClient@sb-bgxknceshxxifwytalex-auth-token:0 (2.93.3) 2026-02-02T15:20:17.897Z #_useSession begin
GoTrueClient@sb-bgxknceshxxifwytalex-auth-token:0 (2.93.3) 2026-02-02T15:20:17.897Z #__loadSession() begin

[90mstdout[2m | tests/property/scoped-roles-processing-efficiency.test.ts[2m > [22m[2mProperty 10: Scoped Roles Processing Efficiency[2m > [22m[2mProperty 10.9: Batch role hierarchy queries should maintain consistency
[22m[39mGoTrueClient@sb-bgxknceshxxifwytalex-auth-token:0 (2.93.3) 2026-02-02T15:20:17.897Z #getSession() session from storage [1mnull[22m
GoTrueClient@sb-bgxknceshxxifwytalex-auth-token:0 (2.93.3) 2026-02-02T15:20:17.897Z #__loadSession() end

[90mstdout[2m | tests/property/scoped-roles-processing-efficiency.test.ts[2m > [22m[2mProperty 10: Scoped Roles Processing Efficiency[2m > [22m[2mProperty 10.9: Batch role hierarchy queries should maintain consistency
[22m[39mGoTrueClient@sb-bgxknceshxxifwytalex-auth-token:0 (2.93.3) 2026-02-02T15:20:17.898Z #_useSession end

[90mstdout[2m | tests/property/scoped-roles-processing-efficiency.test.ts[2m > [22m[2mProperty 10: Scoped Roles Processing Efficiency[2m > [22m[2mProperty 10.9: Batch role hierarchy queries should maintain consistency
[22m[39mGoTrueClient@sb-bgxknceshxxifwytalex-auth-token:0 (2.93.3) 2026-02-02T15:20:17.898Z #_useSession begin
GoTrueClient@sb-bgxknceshxxifwytalex-auth-token:0 (2.93.3) 2026-02-02T15:20:17.898Z #__loadSession() begin

[90mstdout[2m | tests/property/scoped-roles-processing-efficiency.test.ts[2m > [22m[2mProperty 10: Scoped Roles Processing Efficiency[2m > [22m[2mProperty 10.9: Batch role hierarchy queries should maintain consistency
[22m[39mGoTrueClient@sb-bgxknceshxxifwytalex-auth-token:0 (2.93.3) 2026-02-02T15:20:17.898Z #getSession() session from storage [1mnull[22m
GoTrueClient@sb-bgxknceshxxifwytalex-auth-token:0 (2.93.3) 2026-02-02T15:20:17.898Z #__loadSession() end

[90mstdout[2m | tests/property/scoped-roles-processing-efficiency.test.ts[2m > [22m[2mProperty 10: Scoped Roles Processing Efficiency[2m > [22m[2mProperty 10.9: Batch role hierarchy queries should maintain consistency
[22m[39mGoTrueClient@sb-bgxknceshxxifwytalex-auth-token:0 (2.93.3) 2026-02-02T15:20:17.899Z #_useSession end

[90mstdout[2m | tests/property/scoped-roles-processing-efficiency.test.ts[2m > [22m[2mProperty 10: Scoped Roles Processing Efficiency[2m > [22m[2mProperty 10.9: Batch role hierarchy queries should maintain consistency
[22m[39mGoTrueClient@sb-bgxknceshxxifwytalex-auth-token:0 (2.93.3) 2026-02-02T15:20:17.899Z #_useSession begin
GoTrueClient@sb-bgxknceshxxifwytalex-auth-token:0 (2.93.3) 2026-02-02T15:20:17.899Z #__loadSession() begin

[90mstdout[2m | tests/property/scoped-roles-processing-efficiency.test.ts[2m > [22m[2mProperty 10: Scoped Roles Processing Efficiency[2m > [22m[2mProperty 10.9: Batch role hierarchy queries should maintain consistency
[22m[39mGoTrueClient@sb-bgxknceshxxifwytalex-auth-token:0 (2.93.3) 2026-02-02T15:20:17.899Z #getSession() session from storage [1mnull[22m
GoTrueClient@sb-bgxknceshxxifwytalex-auth-token:0 (2.93.3) 2026-02-02T15:20:17.899Z #__loadSession() end

[90mstdout[2m | tests/property/scoped-roles-processing-efficiency.test.ts[2m > [22m[2mProperty 10: Scoped Roles Processing Efficiency[2m > [22m[2mProperty 10.9: Batch role hierarchy queries should maintain consistency
[22m[39mGoTrueClient@sb-bgxknceshxxifwytalex-auth-token:0 (2.93.3) 2026-02-02T15:20:17.900Z #_useSession end

[90mstdout[2m | tests/property/scoped-roles-processing-efficiency.test.ts[2m > [22m[2mProperty 10: Scoped Roles Processing Efficiency[2m > [22m[2mProperty 10.9: Batch role hierarchy queries should maintain consistency
[22m[39mGoTrueClient@sb-bgxknceshxxifwytalex-auth-token:0 (2.93.3) 2026-02-02T15:20:17.900Z #_useSession begin
GoTrueClient@sb-bgxknceshxxifwytalex-auth-token:0 (2.93.3) 2026-02-02T15:20:17.900Z #__loadSession() begin

[90mstdout[2m | tests/property/scoped-roles-processing-efficiency.test.ts[2m > [22m[2mProperty 10: Scoped Roles Processing Efficiency[2m > [22m[2mProperty 10.9: Batch role hierarchy queries should maintain consistency
[22m[39mGoTrueClient@sb-bgxknceshxxifwytalex-auth-token:0 (2.93.3) 2026-02-02T15:20:17.900Z #getSession() session from storage [1mnull[22m
GoTrueClient@sb-bgxknceshxxifwytalex-auth-token:0 (2.93.3) 2026-02-02T15:20:17.900Z #__loadSession() end

[90mstdout[2m | tests/property/scoped-roles-processing-efficiency.test.ts[2m > [22m[2mProperty 10: Scoped Roles Processing Efficiency[2m > [22m[2mProperty 10.9: Batch role hierarchy queries should maintain consistency
[22m[39mGoTrueClient@sb-bgxknceshxxifwytalex-auth-token:0 (2.93.3) 2026-02-02T15:20:17.901Z #_useSession end

[90mstdout[2m | tests/property/scoped-roles-processing-efficiency.test.ts[2m > [22m[2mProperty 10: Scoped Roles Processing Efficiency[2m > [22m[2mProperty 10.9: Batch role hierarchy queries should maintain consistency
[22m[39mGoTrueClient@sb-bgxknceshxxifwytalex-auth-token:0 (2.93.3) 2026-02-02T15:20:17.901Z #_useSession begin
GoTrueClient@sb-bgxknceshxxifwytalex-auth-token:0 (2.93.3) 2026-02-02T15:20:17.901Z #__loadSession() begin

[90mstdout[2m | tests/property/scoped-roles-processing-efficiency.test.ts[2m > [22m[2mProperty 10: Scoped Roles Processing Efficiency[2m > [22m[2mProperty 10.9: Batch role hierarchy queries should maintain consistency
[22m[39mGoTrueClient@sb-bgxknceshxxifwytalex-auth-token:0 (2.93.3) 2026-02-02T15:20:17.901Z #getSession() session from storage [1mnull[22m
GoTrueClient@sb-bgxknceshxxifwytalex-auth-token:0 (2.93.3) 2026-02-02T15:20:17.901Z #__loadSession() end

[90mstdout[2m | tests/property/scoped-roles-processing-efficiency.test.ts[2m > [22m[2mProperty 10: Scoped Roles Processing Efficiency[2m > [22m[2mProperty 10.9: Batch role hierarchy queries should maintain consistency
[22m[39mGoTrueClient@sb-bgxknceshxxifwytalex-auth-token:0 (2.93.3) 2026-02-02T15:20:17.902Z #_useSession end

[90mstdout[2m | tests/property/scoped-roles-processing-efficiency.test.ts[2m > [22m[2mProperty 10: Scoped Roles Processing Efficiency[2m > [22m[2mProperty 10.9: Batch role hierarchy queries should maintain consistency
[22m[39mGoTrueClient@sb-bgxknceshxxifwytalex-auth-token:0 (2.93.3) 2026-02-02T15:20:17.902Z #_useSession begin
GoTrueClient@sb-bgxknceshxxifwytalex-auth-token:0 (2.93.3) 2026-02-02T15:20:17.902Z #__loadSession() begin

[90mstdout[2m | tests/property/scoped-roles-processing-efficiency.test.ts[2m > [22m[2mProperty 10: Scoped Roles Processing Efficiency[2m > [22m[2mProperty 10.9: Batch role hierarchy queries should maintain consistency
[22m[39mGoTrueClient@sb-bgxknceshxxifwytalex-auth-token:0 (2.93.3) 2026-02-02T15:20:17.902Z #getSession() session from storage [1mnull[22m
GoTrueClient@sb-bgxknceshxxifwytalex-auth-token:0 (2.93.3) 2026-02-02T15:20:17.902Z #__loadSession() end

[90mstdout[2m | tests/property/scoped-roles-processing-efficiency.test.ts[2m > [22m[2mProperty 10: Scoped Roles Processing Efficiency[2m > [22m[2mProperty 10.9: Batch role hierarchy queries should maintain consistency
[22m[39mGoTrueClient@sb-bgxknceshxxifwytalex-auth-token:0 (2.93.3) 2026-02-02T15:20:17.903Z #_useSession end

[90mstdout[2m | tests/property/scoped-roles-processing-efficiency.test.ts[2m > [22m[2mProperty 10: Scoped Roles Processing Efficiency[2m > [22m[2mProperty 10.9: Batch role hierarchy queries should maintain consistency
[22m[39mGoTrueClient@sb-bgxknceshxxifwytalex-auth-token:0 (2.93.3) 2026-02-02T15:20:17.903Z #_useSession begin
GoTrueClient@sb-bgxknceshxxifwytalex-auth-token:0 (2.93.3) 2026-02-02T15:20:17.903Z #__loadSession() begin

[90mstdout[2m | tests/property/scoped-roles-processing-efficiency.test.ts[2m > [22m[2mProperty 10: Scoped Roles Processing Efficiency[2m > [22m[2mProperty 10.9: Batch role hierarchy queries should maintain consistency
[22m[39mGoTrueClient@sb-bgxknceshxxifwytalex-auth-token:0 (2.93.3) 2026-02-02T15:20:17.903Z #getSession() session from storage [1mnull[22m
GoTrueClient@sb-bgxknceshxxifwytalex-auth-token:0 (2.93.3) 2026-02-02T15:20:17.903Z #__loadSession() end

[90mstdout[2m | tests/property/scoped-roles-processing-efficiency.test.ts[2m > [22m[2mProperty 10: Scoped Roles Processing Efficiency[2m > [22m[2mProperty 10.9: Batch role hierarchy queries should maintain consistency
[22m[39mGoTrueClient@sb-bgxknceshxxifwytalex-auth-token:0 (2.93.3) 2026-02-02T15:20:17.905Z #_useSession end

[90mstdout[2m | tests/property/scoped-roles-processing-efficiency.test.ts[2m > [22m[2mProperty 10: Scoped Roles Processing Efficiency[2m > [22m[2mProperty 10.9: Batch role hierarchy queries should maintain consistency
[22m[39mGoTrueClient@sb-bgxknceshxxifwytalex-auth-token:0 (2.93.3) 2026-02-02T15:20:17.905Z #_useSession begin
GoTrueClient@sb-bgxknceshxxifwytalex-auth-token:0 (2.93.3) 2026-02-02T15:20:17.905Z #__loadSession() begin

[90mstdout[2m | tests/property/scoped-roles-processing-efficiency.test.ts[2m > [22m[2mProperty 10: Scoped Roles Processing Efficiency[2m > [22m[2mProperty 10.9: Batch role hierarchy queries should maintain consistency
[22m[39mGoTrueClient@sb-bgxknceshxxifwytalex-auth-token:0 (2.93.3) 2026-02-02T15:20:17.905Z #getSession() session from storage [1mnull[22m
GoTrueClient@sb-bgxknceshxxifwytalex-auth-token:0 (2.93.3) 2026-02-02T15:20:17.905Z #__loadSession() end

[90mstdout[2m | tests/property/scoped-roles-processing-efficiency.test.ts[2m > [22m[2mProperty 10: Scoped Roles Processing Efficiency[2m > [22m[2mProperty 10.9: Batch role hierarchy queries should maintain consistency
[22m[39mGoTrueClient@sb-bgxknceshxxifwytalex-auth-token:0 (2.93.3) 2026-02-02T15:20:17.907Z #_useSession end

[90mstdout[2m | tests/property/scoped-roles-processing-efficiency.test.ts[2m > [22m[2mProperty 10: Scoped Roles Processing Efficiency[2m > [22m[2mProperty 10.9: Batch role hierarchy queries should maintain consistency
[22m[39mGoTrueClient@sb-bgxknceshxxifwytalex-auth-token:0 (2.93.3) 2026-02-02T15:20:17.907Z #_useSession begin
GoTrueClient@sb-bgxknceshxxifwytalex-auth-token:0 (2.93.3) 2026-02-02T15:20:17.907Z #__loadSession() begin

[90mstdout[2m | tests/property/scoped-roles-processing-efficiency.test.ts[2m > [22m[2mProperty 10: Scoped Roles Processing Efficiency[2m > [22m[2mProperty 10.9: Batch role hierarchy queries should maintain consistency
[22m[39mGoTrueClient@sb-bgxknceshxxifwytalex-auth-token:0 (2.93.3) 2026-02-02T15:20:17.907Z #getSession() session from storage [1mnull[22m
GoTrueClient@sb-bgxknceshxxifwytalex-auth-token:0 (2.93.3) 2026-02-02T15:20:17.907Z #__loadSession() end

[90mstdout[2m | tests/property/scoped-roles-processing-efficiency.test.ts[2m > [22m[2mProperty 10: Scoped Roles Processing Efficiency[2m > [22m[2mProperty 10.9: Batch role hierarchy queries should maintain consistency
[22m[39mGoTrueClient@sb-bgxknceshxxifwytalex-auth-token:0 (2.93.3) 2026-02-02T15:20:17.908Z #_useSession end

[90mstdout[2m | tests/property/scoped-roles-processing-efficiency.test.ts[2m > [22m[2mProperty 10: Scoped Roles Processing Efficiency[2m > [22m[2mProperty 10.9: Batch role hierarchy queries should maintain consistency
[22m[39mGoTrueClient@sb-bgxknceshxxifwytalex-auth-token:0 (2.93.3) 2026-02-02T15:20:17.908Z #_useSession begin
GoTrueClient@sb-bgxknceshxxifwytalex-auth-token:0 (2.93.3) 2026-02-02T15:20:17.908Z #__loadSession() begin

[90mstdout[2m | tests/property/scoped-roles-processing-efficiency.test.ts[2m > [22m[2mProperty 10: Scoped Roles Processing Efficiency[2m > [22m[2mProperty 10.9: Batch role hierarchy queries should maintain consistency
[22m[39mGoTrueClient@sb-bgxknceshxxifwytalex-auth-token:0 (2.93.3) 2026-02-02T15:20:17.908Z #getSession() session from storage [1mnull[22m
GoTrueClient@sb-bgxknceshxxifwytalex-auth-token:0 (2.93.3) 2026-02-02T15:20:17.909Z #__loadSession() end

[90mstdout[2m | tests/property/scoped-roles-processing-efficiency.test.ts[2m > [22m[2mProperty 10: Scoped Roles Processing Efficiency[2m > [22m[2mProperty 10.9: Batch role hierarchy queries should maintain consistency
[22m[39mGoTrueClient@sb-bgxknceshxxifwytalex-auth-token:0 (2.93.3) 2026-02-02T15:20:17.909Z #_useSession end

[90mstdout[2m | tests/property/scoped-roles-processing-efficiency.test.ts[2m > [22m[2mProperty 10: Scoped Roles Processing Efficiency[2m > [22m[2mProperty 10.9: Batch role hierarchy queries should maintain consistency
[22m[39mGoTrueClient@sb-bgxknceshxxifwytalex-auth-token:0 (2.93.3) 2026-02-02T15:20:17.910Z #_useSession begin
GoTrueClient@sb-bgxknceshxxifwytalex-auth-token:0 (2.93.3) 2026-02-02T15:20:17.910Z #__loadSession() begin

[90mstdout[2m | tests/property/scoped-roles-processing-efficiency.test.ts[2m > [22m[2mProperty 10: Scoped Roles Processing Efficiency[2m > [22m[2mProperty 10.9: Batch role hierarchy queries should maintain consistency
[22m[39mGoTrueClient@sb-bgxknceshxxifwytalex-auth-token:0 (2.93.3) 2026-02-02T15:20:17.910Z #getSession() session from storage [1mnull[22m
GoTrueClient@sb-bgxknceshxxifwytalex-auth-token:0 (2.93.3) 2026-02-02T15:20:17.910Z #__loadSession() end

[90mstdout[2m | tests/property/scoped-roles-processing-efficiency.test.ts[2m > [22m[2mProperty 10: Scoped Roles Processing Efficiency[2m > [22m[2mProperty 10.9: Batch role hierarchy queries should maintain consistency
[22m[39mGoTrueClient@sb-bgxknceshxxifwytalex-auth-token:0 (2.93.3) 2026-02-02T15:20:17.911Z #_useSession end

[90mstdout[2m | tests/property/scoped-roles-processing-efficiency.test.ts[2m > [22m[2mProperty 10: Scoped Roles Processing Efficiency[2m > [22m[2mProperty 10.9: Batch role hierarchy queries should maintain consistency
[22m[39mGoTrueClient@sb-bgxknceshxxifwytalex-auth-token:0 (2.93.3) 2026-02-02T15:20:17.911Z #_useSession begin
GoTrueClient@sb-bgxknceshxxifwytalex-auth-token:0 (2.93.3) 2026-02-02T15:20:17.911Z #__loadSession() begin

[90mstdout[2m | tests/property/scoped-roles-processing-efficiency.test.ts[2m > [22m[2mProperty 10: Scoped Roles Processing Efficiency[2m > [22m[2mProperty 10.9: Batch role hierarchy queries should maintain consistency
[22m[39mGoTrueClient@sb-bgxknceshxxifwytalex-auth-token:0 (2.93.3) 2026-02-02T15:20:17.911Z #getSession() session from storage [1mnull[22m
GoTrueClient@sb-bgxknceshxxifwytalex-auth-token:0 (2.93.3) 2026-02-02T15:20:17.911Z #__loadSession() end

[90mstdout[2m | tests/property/scoped-roles-processing-efficiency.test.ts[2m > [22m[2mProperty 10: Scoped Roles Processing Efficiency[2m > [22m[2mProperty 10.9: Batch role hierarchy queries should maintain consistency
[22m[39mGoTrueClient@sb-bgxknceshxxifwytalex-auth-token:0 (2.93.3) 2026-02-02T15:20:17.912Z #_useSession end

[90mstdout[2m | tests/property/scoped-roles-processing-efficiency.test.ts[2m > [22m[2mProperty 10: Scoped Roles Processing Efficiency[2m > [22m[2mProperty 10.9: Batch role hierarchy queries should maintain consistency
[22m[39mGoTrueClient@sb-bgxknceshxxifwytalex-auth-token:0 (2.93.3) 2026-02-02T15:20:17.912Z #_useSession begin
GoTrueClient@sb-bgxknceshxxifwytalex-auth-token:0 (2.93.3) 2026-02-02T15:20:17.912Z #__loadSession() begin

[90mstdout[2m | tests/property/scoped-roles-processing-efficiency.test.ts[2m > [22m[2mProperty 10: Scoped Roles Processing Efficiency[2m > [22m[2mProperty 10.9: Batch role hierarchy queries should maintain consistency
[22m[39mGoTrueClient@sb-bgxknceshxxifwytalex-auth-token:0 (2.93.3) 2026-02-02T15:20:17.912Z #getSession() session from storage [1mnull[22m
GoTrueClient@sb-bgxknceshxxifwytalex-auth-token:0 (2.93.3) 2026-02-02T15:20:17.912Z #__loadSession() end

[90mstdout[2m | tests/property/scoped-roles-processing-efficiency.test.ts[2m > [22m[2mProperty 10: Scoped Roles Processing Efficiency[2m > [22m[2mProperty 10.9: Batch role hierarchy queries should maintain consistency
[22m[39mGoTrueClient@sb-bgxknceshxxifwytalex-auth-token:0 (2.93.3) 2026-02-02T15:20:17.913Z #_useSession end

[90mstdout[2m | tests/property/scoped-roles-processing-efficiency.test.ts[2m > [22m[2mProperty 10: Scoped Roles Processing Efficiency[2m > [22m[2mProperty 10.9: Batch role hierarchy queries should maintain consistency
[22m[39mGoTrueClient@sb-bgxknceshxxifwytalex-auth-token:0 (2.93.3) 2026-02-02T15:20:17.913Z #_useSession begin
GoTrueClient@sb-bgxknceshxxifwytalex-auth-token:0 (2.93.3) 2026-02-02T15:20:17.913Z #__loadSession() begin

[90mstdout[2m | tests/property/scoped-roles-processing-efficiency.test.ts[2m > [22m[2mProperty 10: Scoped Roles Processing Efficiency[2m > [22m[2mProperty 10.9: Batch role hierarchy queries should maintain consistency
[22m[39mGoTrueClient@sb-bgxknceshxxifwytalex-auth-token:0 (2.93.3) 2026-02-02T15:20:17.913Z #getSession() session from storage [1mnull[22m
GoTrueClient@sb-bgxknceshxxifwytalex-auth-token:0 (2.93.3) 2026-02-02T15:20:17.913Z #__loadSession() end

[90mstdout[2m | tests/property/scoped-roles-processing-efficiency.test.ts[2m > [22m[2mProperty 10: Scoped Roles Processing Efficiency[2m > [22m[2mProperty 10.9: Batch role hierarchy queries should maintain consistency
[22m[39mGoTrueClient@sb-bgxknceshxxifwytalex-auth-token:0 (2.93.3) 2026-02-02T15:20:17.914Z #_useSession end

[90mstdout[2m | tests/property/scoped-roles-processing-efficiency.test.ts[2m > [22m[2mProperty 10: Scoped Roles Processing Efficiency[2m > [22m[2mProperty 10.9: Batch role hierarchy queries should maintain consistency
[22m[39mGoTrueClient@sb-bgxknceshxxifwytalex-auth-token:0 (2.93.3) 2026-02-02T15:20:17.915Z #_useSession begin
GoTrueClient@sb-bgxknceshxxifwytalex-auth-token:0 (2.93.3) 2026-02-02T15:20:17.915Z #__loadSession() begin

[90mstdout[2m | tests/property/scoped-roles-processing-efficiency.test.ts[2m > [22m[2mProperty 10: Scoped Roles Processing Efficiency[2m > [22m[2mProperty 10.9: Batch role hierarchy queries should maintain consistency
[22m[39mGoTrueClient@sb-bgxknceshxxifwytalex-auth-token:0 (2.93.3) 2026-02-02T15:20:17.915Z #getSession() session from storage [1mnull[22m
GoTrueClient@sb-bgxknceshxxifwytalex-auth-token:0 (2.93.3) 2026-02-02T15:20:17.915Z #__loadSession() end

[90mstdout[2m | tests/property/scoped-roles-processing-efficiency.test.ts[2m > [22m[2mProperty 10: Scoped Roles Processing Efficiency[2m > [22m[2mProperty 10.9: Batch role hierarchy queries should maintain consistency
[22m[39mGoTrueClient@sb-bgxknceshxxifwytalex-auth-token:0 (2.93.3) 2026-02-02T15:20:17.915Z #_useSession end

[90mstdout[2m | tests/property/scoped-roles-processing-efficiency.test.ts[2m > [22m[2mProperty 10: Scoped Roles Processing Efficiency[2m > [22m[2mProperty 10.9: Batch role hierarchy queries should maintain consistency
[22m[39mGoTrueClient@sb-bgxknceshxxifwytalex-auth-token:0 (2.93.3) 2026-02-02T15:20:17.916Z #_useSession begin
GoTrueClient@sb-bgxknceshxxifwytalex-auth-token:0 (2.93.3) 2026-02-02T15:20:17.916Z #__loadSession() begin

[90mstdout[2m | tests/property/scoped-roles-processing-efficiency.test.ts[2m > [22m[2mProperty 10: Scoped Roles Processing Efficiency[2m > [22m[2mProperty 10.9: Batch role hierarchy queries should maintain consistency
[22m[39mGoTrueClient@sb-bgxknceshxxifwytalex-auth-token:0 (2.93.3) 2026-02-02T15:20:17.916Z #getSession() session from storage [1mnull[22m
GoTrueClient@sb-bgxknceshxxifwytalex-auth-token:0 (2.93.3) 2026-02-02T15:20:17.916Z #__loadSession() end

[90mstdout[2m | tests/property/scoped-roles-processing-efficiency.test.ts[2m > [22m[2mProperty 10: Scoped Roles Processing Efficiency[2m > [22m[2mProperty 10.9: Batch role hierarchy queries should maintain consistency
[22m[39mGoTrueClient@sb-bgxknceshxxifwytalex-auth-token:0 (2.93.3) 2026-02-02T15:20:17.917Z #_useSession end

[90mstdout[2m | tests/property/scoped-roles-processing-efficiency.test.ts[2m > [22m[2mProperty 10: Scoped Roles Processing Efficiency[2m > [22m[2mProperty 10.9: Batch role hierarchy queries should maintain consistency
[22m[39mGoTrueClient@sb-bgxknceshxxifwytalex-auth-token:0 (2.93.3) 2026-02-02T15:20:17.917Z #_useSession begin
GoTrueClient@sb-bgxknceshxxifwytalex-auth-token:0 (2.93.3) 2026-02-02T15:20:17.917Z #__loadSession() begin

[90mstdout[2m | tests/property/scoped-roles-processing-efficiency.test.ts[2m > [22m[2mProperty 10: Scoped Roles Processing Efficiency[2m > [22m[2mProperty 10.9: Batch role hierarchy queries should maintain consistency
[22m[39mGoTrueClient@sb-bgxknceshxxifwytalex-auth-token:0 (2.93.3) 2026-02-02T15:20:17.917Z #getSession() session from storage [1mnull[22m
GoTrueClient@sb-bgxknceshxxifwytalex-auth-token:0 (2.93.3) 2026-02-02T15:20:17.917Z #__loadSession() end

[90mstdout[2m | tests/property/scoped-roles-processing-efficiency.test.ts[2m > [22m[2mProperty 10: Scoped Roles Processing Efficiency[2m > [22m[2mProperty 10.9: Batch role hierarchy queries should maintain consistency
[22m[39mGoTrueClient@sb-bgxknceshxxifwytalex-auth-token:0 (2.93.3) 2026-02-02T15:20:17.918Z #_useSession end

[90mstdout[2m | tests/property/scoped-roles-processing-efficiency.test.ts[2m > [22m[2mProperty 10: Scoped Roles Processing Efficiency[2m > [22m[2mProperty 10.9: Batch role hierarchy queries should maintain consistency
[22m[39mGoTrueClient@sb-bgxknceshxxifwytalex-auth-token:0 (2.93.3) 2026-02-02T15:20:17.918Z #_useSession begin
GoTrueClient@sb-bgxknceshxxifwytalex-auth-token:0 (2.93.3) 2026-02-02T15:20:17.918Z #__loadSession() begin

[90mstdout[2m | tests/property/scoped-roles-processing-efficiency.test.ts[2m > [22m[2mProperty 10: Scoped Roles Processing Efficiency[2m > [22m[2mProperty 10.9: Batch role hierarchy queries should maintain consistency
[22m[39mGoTrueClient@sb-bgxknceshxxifwytalex-auth-token:0 (2.93.3) 2026-02-02T15:20:17.918Z #getSession() session from storage [1mnull[22m
GoTrueClient@sb-bgxknceshxxifwytalex-auth-token:0 (2.93.3) 2026-02-02T15:20:17.918Z #__loadSession() end

[90mstdout[2m | tests/property/scoped-roles-processing-efficiency.test.ts[2m > [22m[2mProperty 10: Scoped Roles Processing Efficiency[2m > [22m[2mProperty 10.9: Batch role hierarchy queries should maintain consistency
[22m[39mGoTrueClient@sb-bgxknceshxxifwytalex-auth-token:0 (2.93.3) 2026-02-02T15:20:17.919Z #_useSession end

[90mstdout[2m | tests/property/scoped-roles-processing-efficiency.test.ts[2m > [22m[2mProperty 10: Scoped Roles Processing Efficiency[2m > [22m[2mProperty 10.9: Batch role hierarchy queries should maintain consistency
[22m[39mGoTrueClient@sb-bgxknceshxxifwytalex-auth-token:0 (2.93.3) 2026-02-02T15:20:17.919Z #_useSession begin
GoTrueClient@sb-bgxknceshxxifwytalex-auth-token:0 (2.93.3) 2026-02-02T15:20:17.919Z #__loadSession() begin

[90mstdout[2m | tests/property/scoped-roles-processing-efficiency.test.ts[2m > [22m[2mProperty 10: Scoped Roles Processing Efficiency[2m > [22m[2mProperty 10.9: Batch role hierarchy queries should maintain consistency
[22m[39mGoTrueClient@sb-bgxknceshxxifwytalex-auth-token:0 (2.93.3) 2026-02-02T15:20:17.919Z #getSession() session from storage [1mnull[22m
GoTrueClient@sb-bgxknceshxxifwytalex-auth-token:0 (2.93.3) 2026-02-02T15:20:17.919Z #__loadSession() end

[90mstdout[2m | tests/property/scoped-roles-processing-efficiency.test.ts[2m > [22m[2mProperty 10: Scoped Roles Processing Efficiency[2m > [22m[2mProperty 10.9: Batch role hierarchy queries should maintain consistency
[22m[39mGoTrueClient@sb-bgxknceshxxifwytalex-auth-token:0 (2.93.3) 2026-02-02T15:20:17.920Z #_useSession end

[90mstdout[2m | tests/property/scoped-roles-processing-efficiency.test.ts[2m > [22m[2mProperty 10: Scoped Roles Processing Efficiency[2m > [22m[2mProperty 10.9: Batch role hierarchy queries should maintain consistency
[22m[39mGoTrueClient@sb-bgxknceshxxifwytalex-auth-token:0 (2.93.3) 2026-02-02T15:20:17.920Z #_useSession begin
GoTrueClient@sb-bgxknceshxxifwytalex-auth-token:0 (2.93.3) 2026-02-02T15:20:17.920Z #__loadSession() begin

[90mstdout[2m | tests/property/scoped-roles-processing-efficiency.test.ts[2m > [22m[2mProperty 10: Scoped Roles Processing Efficiency[2m > [22m[2mProperty 10.9: Batch role hierarchy queries should maintain consistency
[22m[39mGoTrueClient@sb-bgxknceshxxifwytalex-auth-token:0 (2.93.3) 2026-02-02T15:20:17.921Z #getSession() session from storage [1mnull[22m
GoTrueClient@sb-bgxknceshxxifwytalex-auth-token:0 (2.93.3) 2026-02-02T15:20:17.921Z #__loadSession() end

[90mstdout[2m | tests/property/scoped-roles-processing-efficiency.test.ts[2m > [22m[2mProperty 10: Scoped Roles Processing Efficiency[2m > [22m[2mProperty 10.9: Batch role hierarchy queries should maintain consistency
[22m[39mGoTrueClient@sb-bgxknceshxxifwytalex-auth-token:0 (2.93.3) 2026-02-02T15:20:17.923Z #_useSession end

[90mstdout[2m | tests/property/scoped-roles-processing-efficiency.test.ts[2m > [22m[2mProperty 10: Scoped Roles Processing Efficiency[2m > [22m[2mProperty 10.9: Batch role hierarchy queries should maintain consistency
[22m[39mGoTrueClient@sb-bgxknceshxxifwytalex-auth-token:0 (2.93.3) 2026-02-02T15:20:17.923Z #_useSession begin
GoTrueClient@sb-bgxknceshxxifwytalex-auth-token:0 (2.93.3) 2026-02-02T15:20:17.923Z #__loadSession() begin

[90mstdout[2m | tests/property/scoped-roles-processing-efficiency.test.ts[2m > [22m[2mProperty 10: Scoped Roles Processing Efficiency[2m > [22m[2mProperty 10.9: Batch role hierarchy queries should maintain consistency
[22m[39mGoTrueClient@sb-bgxknceshxxifwytalex-auth-token:0 (2.93.3) 2026-02-02T15:20:17.923Z #getSession() session from storage [1mnull[22m
GoTrueClient@sb-bgxknceshxxifwytalex-auth-token:0 (2.93.3) 2026-02-02T15:20:17.923Z #__loadSession() end

[90mstdout[2m | tests/property/scoped-roles-processing-efficiency.test.ts[2m > [22m[2mProperty 10: Scoped Roles Processing Efficiency[2m > [22m[2mProperty 10.9: Batch role hierarchy queries should maintain consistency
[22m[39mGoTrueClient@sb-bgxknceshxxifwytalex-auth-token:0 (2.93.3) 2026-02-02T15:20:17.925Z #_useSession end

[90mstdout[2m | tests/property/scoped-roles-processing-efficiency.test.ts[2m > [22m[2mProperty 10: Scoped Roles Processing Efficiency[2m > [22m[2mProperty 10.9: Batch role hierarchy queries should maintain consistency
[22m[39mGoTrueClient@sb-bgxknceshxxifwytalex-auth-token:0 (2.93.3) 2026-02-02T15:20:17.925Z #_useSession begin
GoTrueClient@sb-bgxknceshxxifwytalex-auth-token:0 (2.93.3) 2026-02-02T15:20:17.925Z #__loadSession() begin

[90mstdout[2m | tests/property/scoped-roles-processing-efficiency.test.ts[2m > [22m[2mProperty 10: Scoped Roles Processing Efficiency[2m > [22m[2mProperty 10.9: Batch role hierarchy queries should maintain consistency
[22m[39mGoTrueClient@sb-bgxknceshxxifwytalex-auth-token:0 (2.93.3) 2026-02-02T15:20:17.925Z #getSession() session from storage [1mnull[22m
GoTrueClient@sb-bgxknceshxxifwytalex-auth-token:0 (2.93.3) 2026-02-02T15:20:17.925Z #__loadSession() end

[90mstdout[2m | tests/property/scoped-roles-processing-efficiency.test.ts[2m > [22m[2mProperty 10: Scoped Roles Processing Efficiency[2m > [22m[2mProperty 10.9: Batch role hierarchy queries should maintain consistency
[22m[39mGoTrueClient@sb-bgxknceshxxifwytalex-auth-token:0 (2.93.3) 2026-02-02T15:20:17.926Z #_useSession end

[90mstdout[2m | tests/property/scoped-roles-processing-efficiency.test.ts[2m > [22m[2mProperty 10: Scoped Roles Processing Efficiency[2m > [22m[2mProperty 10.9: Batch role hierarchy queries should maintain consistency
[22m[39mGoTrueClient@sb-bgxknceshxxifwytalex-auth-token:0 (2.93.3) 2026-02-02T15:20:17.926Z #_useSession begin
GoTrueClient@sb-bgxknceshxxifwytalex-auth-token:0 (2.93.3) 2026-02-02T15:20:17.926Z #__loadSession() begin

[90mstdout[2m | tests/property/scoped-roles-processing-efficiency.test.ts[2m > [22m[2mProperty 10: Scoped Roles Processing Efficiency[2m > [22m[2mProperty 10.9: Batch role hierarchy queries should maintain consistency
[22m[39mGoTrueClient@sb-bgxknceshxxifwytalex-auth-token:0 (2.93.3) 2026-02-02T15:20:17.926Z #getSession() session from storage [1mnull[22m
GoTrueClient@sb-bgxknceshxxifwytalex-auth-token:0 (2.93.3) 2026-02-02T15:20:17.926Z #__loadSession() end

[90mstdout[2m | tests/property/scoped-roles-processing-efficiency.test.ts[2m > [22m[2mProperty 10: Scoped Roles Processing Efficiency[2m > [22m[2mProperty 10.9: Batch role hierarchy queries should maintain consistency
[22m[39mGoTrueClient@sb-bgxknceshxxifwytalex-auth-token:0 (2.93.3) 2026-02-02T15:20:17.927Z #_useSession end

[90mstdout[2m | tests/property/scoped-roles-processing-efficiency.test.ts[2m > [22m[2mProperty 10: Scoped Roles Processing Efficiency[2m > [22m[2mProperty 10.9: Batch role hierarchy queries should maintain consistency
[22m[39mGoTrueClient@sb-bgxknceshxxifwytalex-auth-token:0 (2.93.3) 2026-02-02T15:20:17.927Z #_useSession begin
GoTrueClient@sb-bgxknceshxxifwytalex-auth-token:0 (2.93.3) 2026-02-02T15:20:17.927Z #__loadSession() begin

[90mstdout[2m | tests/property/scoped-roles-processing-efficiency.test.ts[2m > [22m[2mProperty 10: Scoped Roles Processing Efficiency[2m > [22m[2mProperty 10.9: Batch role hierarchy queries should maintain consistency
[22m[39mGoTrueClient@sb-bgxknceshxxifwytalex-auth-token:0 (2.93.3) 2026-02-02T15:20:17.927Z #getSession() session from storage [1mnull[22m
GoTrueClient@sb-bgxknceshxxifwytalex-auth-token:0 (2.93.3) 2026-02-02T15:20:17.927Z #__loadSession() end

[90mstdout[2m | tests/property/scoped-roles-processing-efficiency.test.ts[2m > [22m[2mProperty 10: Scoped Roles Processing Efficiency[2m > [22m[2mProperty 10.9: Batch role hierarchy queries should maintain consistency
[22m[39mGoTrueClient@sb-bgxknceshxxifwytalex-auth-token:0 (2.93.3) 2026-02-02T15:20:17.928Z #_useSession end

[90mstdout[2m | tests/property/scoped-roles-processing-efficiency.test.ts[2m > [22m[2mProperty 10: Scoped Roles Processing Efficiency[2m > [22m[2mProperty 10.9: Batch role hierarchy queries should maintain consistency
[22m[39mGoTrueClient@sb-bgxknceshxxifwytalex-auth-token:0 (2.93.3) 2026-02-02T15:20:17.928Z #_useSession begin
GoTrueClient@sb-bgxknceshxxifwytalex-auth-token:0 (2.93.3) 2026-02-02T15:20:17.928Z #__loadSession() begin

[90mstdout[2m | tests/property/scoped-roles-processing-efficiency.test.ts[2m > [22m[2mProperty 10: Scoped Roles Processing Efficiency[2m > [22m[2mProperty 10.9: Batch role hierarchy queries should maintain consistency
[22m[39mGoTrueClient@sb-bgxknceshxxifwytalex-auth-token:0 (2.93.3) 2026-02-02T15:20:17.928Z #getSession() session from storage [1mnull[22m
GoTrueClient@sb-bgxknceshxxifwytalex-auth-token:0 (2.93.3) 2026-02-02T15:20:17.928Z #__loadSession() end

[90mstdout[2m | tests/property/scoped-roles-processing-efficiency.test.ts[2m > [22m[2mProperty 10: Scoped Roles Processing Efficiency[2m > [22m[2mProperty 10.9: Batch role hierarchy queries should maintain consistency
[22m[39mGoTrueClient@sb-bgxknceshxxifwytalex-auth-token:0 (2.93.3) 2026-02-02T15:20:17.929Z #_useSession end

[90mstdout[2m | tests/property/scoped-roles-processing-efficiency.test.ts[2m > [22m[2mProperty 10: Scoped Roles Processing Efficiency[2m > [22m[2mProperty 10.9: Batch role hierarchy queries should maintain consistency
[22m[39mGoTrueClient@sb-bgxknceshxxifwytalex-auth-token:0 (2.93.3) 2026-02-02T15:20:17.929Z #_useSession begin
GoTrueClient@sb-bgxknceshxxifwytalex-auth-token:0 (2.93.3) 2026-02-02T15:20:17.929Z #__loadSession() begin

[90mstdout[2m | tests/property/scoped-roles-processing-efficiency.test.ts[2m > [22m[2mProperty 10: Scoped Roles Processing Efficiency[2m > [22m[2mProperty 10.9: Batch role hierarchy queries should maintain consistency
[22m[39mGoTrueClient@sb-bgxknceshxxifwytalex-auth-token:0 (2.93.3) 2026-02-02T15:20:17.930Z #getSession() session from storage [1mnull[22m
GoTrueClient@sb-bgxknceshxxifwytalex-auth-token:0 (2.93.3) 2026-02-02T15:20:17.930Z #__loadSession() end

[90mstdout[2m | tests/property/scoped-roles-processing-efficiency.test.ts[2m > [22m[2mProperty 10: Scoped Roles Processing Efficiency[2m > [22m[2mProperty 10.9: Batch role hierarchy queries should maintain consistency
[22m[39mGoTrueClient@sb-bgxknceshxxifwytalex-auth-token:0 (2.93.3) 2026-02-02T15:20:17.930Z #_useSession end

[90mstdout[2m | tests/property/scoped-roles-processing-efficiency.test.ts[2m > [22m[2mProperty 10: Scoped Roles Processing Efficiency[2m > [22m[2mProperty 10.9: Batch role hierarchy queries should maintain consistency
[22m[39mGoTrueClient@sb-bgxknceshxxifwytalex-auth-token:0 (2.93.3) 2026-02-02T15:20:17.930Z #_useSession begin
GoTrueClient@sb-bgxknceshxxifwytalex-auth-token:0 (2.93.3) 2026-02-02T15:20:17.930Z #__loadSession() begin

[90mstdout[2m | tests/property/scoped-roles-processing-efficiency.test.ts[2m > [22m[2mProperty 10: Scoped Roles Processing Efficiency[2m > [22m[2mProperty 10.9: Batch role hierarchy queries should maintain consistency
[22m[39mGoTrueClient@sb-bgxknceshxxifwytalex-auth-token:0 (2.93.3) 2026-02-02T15:20:17.931Z #getSession() session from storage [1mnull[22m
GoTrueClient@sb-bgxknceshxxifwytalex-auth-token:0 (2.93.3) 2026-02-02T15:20:17.931Z #__loadSession() end

[90mstdout[2m | tests/property/scoped-roles-processing-efficiency.test.ts[2m > [22m[2mProperty 10: Scoped Roles Processing Efficiency[2m > [22m[2mProperty 10.9: Batch role hierarchy queries should maintain consistency
[22m[39mGoTrueClient@sb-bgxknceshxxifwytalex-auth-token:0 (2.93.3) 2026-02-02T15:20:17.931Z #_useSession end

[90mstdout[2m | tests/property/scoped-roles-processing-efficiency.test.ts[2m > [22m[2mProperty 10: Scoped Roles Processing Efficiency[2m > [22m[2mProperty 10.9: Batch role hierarchy queries should maintain consistency
[22m[39mGoTrueClient@sb-bgxknceshxxifwytalex-auth-token:0 (2.93.3) 2026-02-02T15:20:17.931Z #_useSession begin
GoTrueClient@sb-bgxknceshxxifwytalex-auth-token:0 (2.93.3) 2026-02-02T15:20:17.931Z #__loadSession() begin

[90mstdout[2m | tests/property/scoped-roles-processing-efficiency.test.ts[2m > [22m[2mProperty 10: Scoped Roles Processing Efficiency[2m > [22m[2mProperty 10.9: Batch role hierarchy queries should maintain consistency
[22m[39mGoTrueClient@sb-bgxknceshxxifwytalex-auth-token:0 (2.93.3) 2026-02-02T15:20:17.931Z #getSession() session from storage [1mnull[22m
GoTrueClient@sb-bgxknceshxxifwytalex-auth-token:0 (2.93.3) 2026-02-02T15:20:17.931Z #__loadSession() end

[90mstdout[2m | tests/property/scoped-roles-processing-efficiency.test.ts[2m > [22m[2mProperty 10: Scoped Roles Processing Efficiency[2m > [22m[2mProperty 10.9: Batch role hierarchy queries should maintain consistency
[22m[39mGoTrueClient@sb-bgxknceshxxifwytalex-auth-token:0 (2.93.3) 2026-02-02T15:20:17.932Z #_useSession end

[90mstdout[2m | tests/property/scoped-roles-processing-efficiency.test.ts[2m > [22m[2mProperty 10: Scoped Roles Processing Efficiency[2m > [22m[2mProperty 10.9: Batch role hierarchy queries should maintain consistency
[22m[39mGoTrueClient@sb-bgxknceshxxifwytalex-auth-token:0 (2.93.3) 2026-02-02T15:20:17.932Z #_useSession begin
GoTrueClient@sb-bgxknceshxxifwytalex-auth-token:0 (2.93.3) 2026-02-02T15:20:17.932Z #__loadSession() begin

[90mstdout[2m | tests/property/scoped-roles-processing-efficiency.test.ts[2m > [22m[2mProperty 10: Scoped Roles Processing Efficiency[2m > [22m[2mProperty 10.9: Batch role hierarchy queries should maintain consistency
[22m[39mGoTrueClient@sb-bgxknceshxxifwytalex-auth-token:0 (2.93.3) 2026-02-02T15:20:17.933Z #getSession() session from storage [1mnull[22m
GoTrueClient@sb-bgxknceshxxifwytalex-auth-token:0 (2.93.3) 2026-02-02T15:20:17.933Z #__loadSession() end

[90mstdout[2m | tests/property/scoped-roles-processing-efficiency.test.ts[2m > [22m[2mProperty 10: Scoped Roles Processing Efficiency[2m > [22m[2mProperty 10.9: Batch role hierarchy queries should maintain consistency
[22m[39mGoTrueClient@sb-bgxknceshxxifwytalex-auth-token:0 (2.93.3) 2026-02-02T15:20:17.943Z #_useSession end

[90mstdout[2m | tests/property/scoped-roles-processing-efficiency.test.ts[2m > [22m[2mProperty 10: Scoped Roles Processing Efficiency[2m > [22m[2mProperty 10.9: Batch role hierarchy queries should maintain consistency
[22m[39mGoTrueClient@sb-bgxknceshxxifwytalex-auth-token:0 (2.93.3) 2026-02-02T15:20:17.943Z #_useSession begin
GoTrueClient@sb-bgxknceshxxifwytalex-auth-token:0 (2.93.3) 2026-02-02T15:20:17.943Z #__loadSession() begin

[90mstdout[2m | tests/property/scoped-roles-processing-efficiency.test.ts[2m > [22m[2mProperty 10: Scoped Roles Processing Efficiency[2m > [22m[2mProperty 10.9: Batch role hierarchy queries should maintain consistency
[22m[39mGoTrueClient@sb-bgxknceshxxifwytalex-auth-token:0 (2.93.3) 2026-02-02T15:20:17.943Z #getSession() session from storage [1mnull[22m
GoTrueClient@sb-bgxknceshxxifwytalex-auth-token:0 (2.93.3) 2026-02-02T15:20:17.943Z #__loadSession() end

[90mstdout[2m | tests/property/scoped-roles-processing-efficiency.test.ts[2m > [22m[2mProperty 10: Scoped Roles Processing Efficiency[2m > [22m[2mProperty 10.9: Batch role hierarchy queries should maintain consistency
[22m[39mGoTrueClient@sb-bgxknceshxxifwytalex-auth-token:0 (2.93.3) 2026-02-02T15:20:17.944Z #_useSession end

[90mstdout[2m | tests/property/scoped-roles-processing-efficiency.test.ts[2m > [22m[2mProperty 10: Scoped Roles Processing Efficiency[2m > [22m[2mProperty 10.9: Batch role hierarchy queries should maintain consistency
[22m[39mGoTrueClient@sb-bgxknceshxxifwytalex-auth-token:0 (2.93.3) 2026-02-02T15:20:17.945Z #_useSession begin
GoTrueClient@sb-bgxknceshxxifwytalex-auth-token:0 (2.93.3) 2026-02-02T15:20:17.945Z #__loadSession() begin

[90mstdout[2m | tests/property/scoped-roles-processing-efficiency.test.ts[2m > [22m[2mProperty 10: Scoped Roles Processing Efficiency[2m > [22m[2mProperty 10.9: Batch role hierarchy queries should maintain consistency
[22m[39mGoTrueClient@sb-bgxknceshxxifwytalex-auth-token:0 (2.93.3) 2026-02-02T15:20:17.945Z #getSession() session from storage [1mnull[22m
GoTrueClient@sb-bgxknceshxxifwytalex-auth-token:0 (2.93.3) 2026-02-02T15:20:17.945Z #__loadSession() end

[90mstdout[2m | tests/property/scoped-roles-processing-efficiency.test.ts[2m > [22m[2mProperty 10: Scoped Roles Processing Efficiency[2m > [22m[2mProperty 10.9: Batch role hierarchy queries should maintain consistency
[22m[39mGoTrueClient@sb-bgxknceshxxifwytalex-auth-token:0 (2.93.3) 2026-02-02T15:20:17.946Z #_useSession end

[90mstdout[2m | tests/property/scoped-roles-processing-efficiency.test.ts[2m > [22m[2mProperty 10: Scoped Roles Processing Efficiency[2m > [22m[2mProperty 10.9: Batch role hierarchy queries should maintain consistency
[22m[39mGoTrueClient@sb-bgxknceshxxifwytalex-auth-token:0 (2.93.3) 2026-02-02T15:20:17.946Z #_useSession begin
GoTrueClient@sb-bgxknceshxxifwytalex-auth-token:0 (2.93.3) 2026-02-02T15:20:17.946Z #__loadSession() begin

[90mstdout[2m | tests/property/scoped-roles-processing-efficiency.test.ts[2m > [22m[2mProperty 10: Scoped Roles Processing Efficiency[2m > [22m[2mProperty 10.9: Batch role hierarchy queries should maintain consistency
[22m[39mGoTrueClient@sb-bgxknceshxxifwytalex-auth-token:0 (2.93.3) 2026-02-02T15:20:17.946Z #getSession() session from storage [1mnull[22m
GoTrueClient@sb-bgxknceshxxifwytalex-auth-token:0 (2.93.3) 2026-02-02T15:20:17.946Z #__loadSession() end

[90mstdout[2m | tests/property/scoped-roles-processing-efficiency.test.ts[2m > [22m[2mProperty 10: Scoped Roles Processing Efficiency[2m > [22m[2mProperty 10.9: Batch role hierarchy queries should maintain consistency
[22m[39mGoTrueClient@sb-bgxknceshxxifwytalex-auth-token:0 (2.93.3) 2026-02-02T15:20:17.947Z #_useSession end

[90mstdout[2m | tests/property/scoped-roles-processing-efficiency.test.ts[2m > [22m[2mProperty 10: Scoped Roles Processing Efficiency[2m > [22m[2mProperty 10.9: Batch role hierarchy queries should maintain consistency
[22m[39mGoTrueClient@sb-bgxknceshxxifwytalex-auth-token:0 (2.93.3) 2026-02-02T15:20:17.947Z #_useSession begin
GoTrueClient@sb-bgxknceshxxifwytalex-auth-token:0 (2.93.3) 2026-02-02T15:20:17.947Z #__loadSession() begin

[90mstdout[2m | tests/property/scoped-roles-processing-efficiency.test.ts[2m > [22m[2mProperty 10: Scoped Roles Processing Efficiency[2m > [22m[2mProperty 10.9: Batch role hierarchy queries should maintain consistency
[22m[39mGoTrueClient@sb-bgxknceshxxifwytalex-auth-token:0 (2.93.3) 2026-02-02T15:20:17.947Z #getSession() session from storage [1mnull[22m
GoTrueClient@sb-bgxknceshxxifwytalex-auth-token:0 (2.93.3) 2026-02-02T15:20:17.947Z #__loadSession() end

[90mstdout[2m | tests/property/scoped-roles-processing-efficiency.test.ts[2m > [22m[2mProperty 10: Scoped Roles Processing Efficiency[2m > [22m[2mProperty 10.9: Batch role hierarchy queries should maintain consistency
[22m[39mGoTrueClient@sb-bgxknceshxxifwytalex-auth-token:0 (2.93.3) 2026-02-02T15:20:17.948Z #_useSession end

[90mstdout[2m | tests/property/scoped-roles-processing-efficiency.test.ts[2m > [22m[2mProperty 10: Scoped Roles Processing Efficiency[2m > [22m[2mProperty 10.9: Batch role hierarchy queries should maintain consistency
[22m[39mGoTrueClient@sb-bgxknceshxxifwytalex-auth-token:0 (2.93.3) 2026-02-02T15:20:17.948Z #_useSession begin
GoTrueClient@sb-bgxknceshxxifwytalex-auth-token:0 (2.93.3) 2026-02-02T15:20:17.948Z #__loadSession() begin

[90mstdout[2m | tests/property/scoped-roles-processing-efficiency.test.ts[2m > [22m[2mProperty 10: Scoped Roles Processing Efficiency[2m > [22m[2mProperty 10.9: Batch role hierarchy queries should maintain consistency
[22m[39mGoTrueClient@sb-bgxknceshxxifwytalex-auth-token:0 (2.93.3) 2026-02-02T15:20:17.948Z #getSession() session from storage [1mnull[22m
GoTrueClient@sb-bgxknceshxxifwytalex-auth-token:0 (2.93.3) 2026-02-02T15:20:17.948Z #__loadSession() end

[90mstdout[2m | tests/property/scoped-roles-processing-efficiency.test.ts[2m > [22m[2mProperty 10: Scoped Roles Processing Efficiency[2m > [22m[2mProperty 10.9: Batch role hierarchy queries should maintain consistency
[22m[39mGoTrueClient@sb-bgxknceshxxifwytalex-auth-token:0 (2.93.3) 2026-02-02T15:20:17.949Z #_useSession end

[90mstdout[2m | tests/property/scoped-roles-processing-efficiency.test.ts[2m > [22m[2mProperty 10: Scoped Roles Processing Efficiency[2m > [22m[2mProperty 10.9: Batch role hierarchy queries should maintain consistency
[22m[39mGoTrueClient@sb-bgxknceshxxifwytalex-auth-token:0 (2.93.3) 2026-02-02T15:20:17.949Z #_useSession begin
GoTrueClient@sb-bgxknceshxxifwytalex-auth-token:0 (2.93.3) 2026-02-02T15:20:17.949Z #__loadSession() begin

[90mstdout[2m | tests/property/scoped-roles-processing-efficiency.test.ts[2m > [22m[2mProperty 10: Scoped Roles Processing Efficiency[2m > [22m[2mProperty 10.9: Batch role hierarchy queries should maintain consistency
[22m[39mGoTrueClient@sb-bgxknceshxxifwytalex-auth-token:0 (2.93.3) 2026-02-02T15:20:17.949Z #getSession() session from storage [1mnull[22m
GoTrueClient@sb-bgxknceshxxifwytalex-auth-token:0 (2.93.3) 2026-02-02T15:20:17.949Z #__loadSession() end

[90mstdout[2m | tests/property/scoped-roles-processing-efficiency.test.ts[2m > [22m[2mProperty 10: Scoped Roles Processing Efficiency[2m > [22m[2mProperty 10.9: Batch role hierarchy queries should maintain consistency
[22m[39mGoTrueClient@sb-bgxknceshxxifwytalex-auth-token:0 (2.93.3) 2026-02-02T15:20:17.950Z #_useSession end

[90mstdout[2m | tests/property/scoped-roles-processing-efficiency.test.ts[2m > [22m[2mProperty 10: Scoped Roles Processing Efficiency[2m > [22m[2mProperty 10.9: Batch role hierarchy queries should maintain consistency
[22m[39mGoTrueClient@sb-bgxknceshxxifwytalex-auth-token:0 (2.93.3) 2026-02-02T15:20:17.950Z #_useSession begin
GoTrueClient@sb-bgxknceshxxifwytalex-auth-token:0 (2.93.3) 2026-02-02T15:20:17.950Z #__loadSession() begin

[90mstdout[2m | tests/property/scoped-roles-processing-efficiency.test.ts[2m > [22m[2mProperty 10: Scoped Roles Processing Efficiency[2m > [22m[2mProperty 10.9: Batch role hierarchy queries should maintain consistency
[22m[39mGoTrueClient@sb-bgxknceshxxifwytalex-auth-token:0 (2.93.3) 2026-02-02T15:20:17.950Z #getSession() session from storage [1mnull[22m
GoTrueClient@sb-bgxknceshxxifwytalex-auth-token:0 (2.93.3) 2026-02-02T15:20:17.950Z #__loadSession() end

[90mstdout[2m | tests/property/scoped-roles-processing-efficiency.test.ts[2m > [22m[2mProperty 10: Scoped Roles Processing Efficiency[2m > [22m[2mProperty 10.9: Batch role hierarchy queries should maintain consistency
[22m[39mGoTrueClient@sb-bgxknceshxxifwytalex-auth-token:0 (2.93.3) 2026-02-02T15:20:17.951Z #_useSession end

[90mstdout[2m | tests/property/scoped-roles-processing-efficiency.test.ts[2m > [22m[2mProperty 10: Scoped Roles Processing Efficiency[2m > [22m[2mProperty 10.9: Batch role hierarchy queries should maintain consistency
[22m[39mGoTrueClient@sb-bgxknceshxxifwytalex-auth-token:0 (2.93.3) 2026-02-02T15:20:17.951Z #_useSession begin
GoTrueClient@sb-bgxknceshxxifwytalex-auth-token:0 (2.93.3) 2026-02-02T15:20:17.951Z #__loadSession() begin

[90mstdout[2m | tests/property/scoped-roles-processing-efficiency.test.ts[2m > [22m[2mProperty 10: Scoped Roles Processing Efficiency[2m > [22m[2mProperty 10.9: Batch role hierarchy queries should maintain consistency
[22m[39mGoTrueClient@sb-bgxknceshxxifwytalex-auth-token:0 (2.93.3) 2026-02-02T15:20:17.951Z #getSession() session from storage [1mnull[22m
GoTrueClient@sb-bgxknceshxxifwytalex-auth-token:0 (2.93.3) 2026-02-02T15:20:17.951Z #__loadSession() end

[90mstdout[2m | tests/property/scoped-roles-processing-efficiency.test.ts[2m > [22m[2mProperty 10: Scoped Roles Processing Efficiency[2m > [22m[2mProperty 10.9: Batch role hierarchy queries should maintain consistency
[22m[39mGoTrueClient@sb-bgxknceshxxifwytalex-auth-token:0 (2.93.3) 2026-02-02T15:20:17.952Z #_useSession end

[90mstdout[2m | tests/property/scoped-roles-processing-efficiency.test.ts[2m > [22m[2mProperty 10: Scoped Roles Processing Efficiency[2m > [22m[2mProperty 10.9: Batch role hierarchy queries should maintain consistency
[22m[39mGoTrueClient@sb-bgxknceshxxifwytalex-auth-token:0 (2.93.3) 2026-02-02T15:20:17.952Z #_useSession begin
GoTrueClient@sb-bgxknceshxxifwytalex-auth-token:0 (2.93.3) 2026-02-02T15:20:17.952Z #__loadSession() begin

[90mstdout[2m | tests/property/scoped-roles-processing-efficiency.test.ts[2m > [22m[2mProperty 10: Scoped Roles Processing Efficiency[2m > [22m[2mProperty 10.9: Batch role hierarchy queries should maintain consistency
[22m[39mGoTrueClient@sb-bgxknceshxxifwytalex-auth-token:0 (2.93.3) 2026-02-02T15:20:17.952Z #getSession() session from storage [1mnull[22m
GoTrueClient@sb-bgxknceshxxifwytalex-auth-token:0 (2.93.3) 2026-02-02T15:20:17.952Z #__loadSession() end

[90mstdout[2m | tests/property/scoped-roles-processing-efficiency.test.ts[2m > [22m[2mProperty 10: Scoped Roles Processing Efficiency[2m > [22m[2mProperty 10.9: Batch role hierarchy queries should maintain consistency
[22m[39mGoTrueClient@sb-bgxknceshxxifwytalex-auth-token:0 (2.93.3) 2026-02-02T15:20:17.953Z #_useSession end

[90mstdout[2m | tests/property/scoped-roles-processing-efficiency.test.ts[2m > [22m[2mProperty 10: Scoped Roles Processing Efficiency[2m > [22m[2mProperty 10.9: Batch role hierarchy queries should maintain consistency
[22m[39mGoTrueClient@sb-bgxknceshxxifwytalex-auth-token:0 (2.93.3) 2026-02-02T15:20:17.953Z #_useSession begin
GoTrueClient@sb-bgxknceshxxifwytalex-auth-token:0 (2.93.3) 2026-02-02T15:20:17.953Z #__loadSession() begin

[90mstdout[2m | tests/property/scoped-roles-processing-efficiency.test.ts[2m > [22m[2mProperty 10: Scoped Roles Processing Efficiency[2m > [22m[2mProperty 10.9: Batch role hierarchy queries should maintain consistency
[22m[39mGoTrueClient@sb-bgxknceshxxifwytalex-auth-token:0 (2.93.3) 2026-02-02T15:20:17.953Z #getSession() session from storage [1mnull[22m
GoTrueClient@sb-bgxknceshxxifwytalex-auth-token:0 (2.93.3) 2026-02-02T15:20:17.953Z #__loadSession() end

[90mstdout[2m | tests/property/scoped-roles-processing-efficiency.test.ts[2m > [22m[2mProperty 10: Scoped Roles Processing Efficiency[2m > [22m[2mProperty 10.9: Batch role hierarchy queries should maintain consistency
[22m[39mGoTrueClient@sb-bgxknceshxxifwytalex-auth-token:0 (2.93.3) 2026-02-02T15:20:17.955Z #_useSession end

[90mstdout[2m | tests/property/scoped-roles-processing-efficiency.test.ts[2m > [22m[2mProperty 10: Scoped Roles Processing Efficiency[2m > [22m[2mProperty 10.9: Batch role hierarchy queries should maintain consistency
[22m[39mGoTrueClient@sb-bgxknceshxxifwytalex-auth-token:0 (2.93.3) 2026-02-02T15:20:17.955Z #_useSession begin
GoTrueClient@sb-bgxknceshxxifwytalex-auth-token:0 (2.93.3) 2026-02-02T15:20:17.955Z #__loadSession() begin

[90mstdout[2m | tests/property/scoped-roles-processing-efficiency.test.ts[2m > [22m[2mProperty 10: Scoped Roles Processing Efficiency[2m > [22m[2mProperty 10.9: Batch role hierarchy queries should maintain consistency
[22m[39mGoTrueClient@sb-bgxknceshxxifwytalex-auth-token:0 (2.93.3) 2026-02-02T15:20:17.955Z #getSession() session from storage [1mnull[22m
GoTrueClient@sb-bgxknceshxxifwytalex-auth-token:0 (2.93.3) 2026-02-02T15:20:17.956Z #__loadSession() end

[90mstdout[2m | tests/property/scoped-roles-processing-efficiency.test.ts[2m > [22m[2mProperty 10: Scoped Roles Processing Efficiency[2m > [22m[2mProperty 10.9: Batch role hierarchy queries should maintain consistency
[22m[39mGoTrueClient@sb-bgxknceshxxifwytalex-auth-token:0 (2.93.3) 2026-02-02T15:20:17.957Z #_useSession end

[90mstdout[2m | tests/property/scoped-roles-processing-efficiency.test.ts[2m > [22m[2mProperty 10: Scoped Roles Processing Efficiency[2m > [22m[2mProperty 10.9: Batch role hierarchy queries should maintain consistency
[22m[39mGoTrueClient@sb-bgxknceshxxifwytalex-auth-token:0 (2.93.3) 2026-02-02T15:20:17.957Z #_useSession begin
GoTrueClient@sb-bgxknceshxxifwytalex-auth-token:0 (2.93.3) 2026-02-02T15:20:17.957Z #__loadSession() begin

[90mstdout[2m | tests/property/scoped-roles-processing-efficiency.test.ts[2m > [22m[2mProperty 10: Scoped Roles Processing Efficiency[2m > [22m[2mProperty 10.9: Batch role hierarchy queries should maintain consistency
[22m[39mGoTrueClient@sb-bgxknceshxxifwytalex-auth-token:0 (2.93.3) 2026-02-02T15:20:17.957Z #getSession() session from storage [1mnull[22m
GoTrueClient@sb-bgxknceshxxifwytalex-auth-token:0 (2.93.3) 2026-02-02T15:20:17.957Z #__loadSession() end

[90mstdout[2m | tests/property/scoped-roles-processing-efficiency.test.ts[2m > [22m[2mProperty 10: Scoped Roles Processing Efficiency[2m > [22m[2mProperty 10.9: Batch role hierarchy queries should maintain consistency
[22m[39mGoTrueClient@sb-bgxknceshxxifwytalex-auth-token:0 (2.93.3) 2026-02-02T15:20:17.958Z #_useSession end

[90mstdout[2m | tests/property/scoped-roles-processing-efficiency.test.ts[2m > [22m[2mProperty 10: Scoped Roles Processing Efficiency[2m > [22m[2mProperty 10.9: Batch role hierarchy queries should maintain consistency
[22m[39mGoTrueClient@sb-bgxknceshxxifwytalex-auth-token:0 (2.93.3) 2026-02-02T15:20:17.958Z #_useSession begin
GoTrueClient@sb-bgxknceshxxifwytalex-auth-token:0 (2.93.3) 2026-02-02T15:20:17.958Z #__loadSession() begin

[90mstdout[2m | tests/property/scoped-roles-processing-efficiency.test.ts[2m > [22m[2mProperty 10: Scoped Roles Processing Efficiency[2m > [22m[2mProperty 10.9: Batch role hierarchy queries should maintain consistency
[22m[39mGoTrueClient@sb-bgxknceshxxifwytalex-auth-token:0 (2.93.3) 2026-02-02T15:20:17.958Z #getSession() session from storage [1mnull[22m
GoTrueClient@sb-bgxknceshxxifwytalex-auth-token:0 (2.93.3) 2026-02-02T15:20:17.958Z #__loadSession() end

[90mstdout[2m | tests/property/scoped-roles-processing-efficiency.test.ts[2m > [22m[2mProperty 10: Scoped Roles Processing Efficiency[2m > [22m[2mProperty 10.9: Batch role hierarchy queries should maintain consistency
[22m[39mGoTrueClient@sb-bgxknceshxxifwytalex-auth-token:0 (2.93.3) 2026-02-02T15:20:17.959Z #_useSession end

[90mstdout[2m | tests/property/scoped-roles-processing-efficiency.test.ts[2m > [22m[2mProperty 10: Scoped Roles Processing Efficiency[2m > [22m[2mProperty 10.9: Batch role hierarchy queries should maintain consistency
[22m[39mGoTrueClient@sb-bgxknceshxxifwytalex-auth-token:0 (2.93.3) 2026-02-02T15:20:17.959Z #_useSession begin
GoTrueClient@sb-bgxknceshxxifwytalex-auth-token:0 (2.93.3) 2026-02-02T15:20:17.959Z #__loadSession() begin

[90mstdout[2m | tests/property/scoped-roles-processing-efficiency.test.ts[2m > [22m[2mProperty 10: Scoped Roles Processing Efficiency[2m > [22m[2mProperty 10.9: Batch role hierarchy queries should maintain consistency
[22m[39mGoTrueClient@sb-bgxknceshxxifwytalex-auth-token:0 (2.93.3) 2026-02-02T15:20:17.959Z #getSession() session from storage [1mnull[22m
GoTrueClient@sb-bgxknceshxxifwytalex-auth-token:0 (2.93.3) 2026-02-02T15:20:17.959Z #__loadSession() end

[90mstdout[2m | tests/property/scoped-roles-processing-efficiency.test.ts[2m > [22m[2mProperty 10: Scoped Roles Processing Efficiency[2m > [22m[2mProperty 10.9: Batch role hierarchy queries should maintain consistency
[22m[39mGoTrueClient@sb-bgxknceshxxifwytalex-auth-token:0 (2.93.3) 2026-02-02T15:20:17.960Z #_useSession end

[90mstdout[2m | tests/property/scoped-roles-processing-efficiency.test.ts[2m > [22m[2mProperty 10: Scoped Roles Processing Efficiency[2m > [22m[2mProperty 10.9: Batch role hierarchy queries should maintain consistency
[22m[39mGoTrueClient@sb-bgxknceshxxifwytalex-auth-token:0 (2.93.3) 2026-02-02T15:20:17.960Z #_useSession begin
GoTrueClient@sb-bgxknceshxxifwytalex-auth-token:0 (2.93.3) 2026-02-02T15:20:17.960Z #__loadSession() begin

[90mstdout[2m | tests/property/scoped-roles-processing-efficiency.test.ts[2m > [22m[2mProperty 10: Scoped Roles Processing Efficiency[2m > [22m[2mProperty 10.9: Batch role hierarchy queries should maintain consistency
[22m[39mGoTrueClient@sb-bgxknceshxxifwytalex-auth-token:0 (2.93.3) 2026-02-02T15:20:17.960Z #getSession() session from storage [1mnull[22m
GoTrueClient@sb-bgxknceshxxifwytalex-auth-token:0 (2.93.3) 2026-02-02T15:20:17.960Z #__loadSession() end

[90mstdout[2m | tests/property/scoped-roles-processing-efficiency.test.ts[2m > [22m[2mProperty 10: Scoped Roles Processing Efficiency[2m > [22m[2mProperty 10.9: Batch role hierarchy queries should maintain consistency
[22m[39mGoTrueClient@sb-bgxknceshxxifwytalex-auth-token:0 (2.93.3) 2026-02-02T15:20:17.961Z #_useSession end

[90mstdout[2m | tests/property/scoped-roles-processing-efficiency.test.ts[2m > [22m[2mProperty 10: Scoped Roles Processing Efficiency[2m > [22m[2mProperty 10.9: Batch role hierarchy queries should maintain consistency
[22m[39mGoTrueClient@sb-bgxknceshxxifwytalex-auth-token:0 (2.93.3) 2026-02-02T15:20:17.961Z #_useSession begin
GoTrueClient@sb-bgxknceshxxifwytalex-auth-token:0 (2.93.3) 2026-02-02T15:20:17.961Z #__loadSession() begin

[90mstdout[2m | tests/property/scoped-roles-processing-efficiency.test.ts[2m > [22m[2mProperty 10: Scoped Roles Processing Efficiency[2m > [22m[2mProperty 10.9: Batch role hierarchy queries should maintain consistency
[22m[39mGoTrueClient@sb-bgxknceshxxifwytalex-auth-token:0 (2.93.3) 2026-02-02T15:20:17.961Z #getSession() session from storage [1mnull[22m
GoTrueClient@sb-bgxknceshxxifwytalex-auth-token:0 (2.93.3) 2026-02-02T15:20:17.961Z #__loadSession() end

[90mstdout[2m | tests/property/scoped-roles-processing-efficiency.test.ts[2m > [22m[2mProperty 10: Scoped Roles Processing Efficiency[2m > [22m[2mProperty 10.9: Batch role hierarchy queries should maintain consistency
[22m[39mGoTrueClient@sb-bgxknceshxxifwytalex-auth-token:0 (2.93.3) 2026-02-02T15:20:17.962Z #_useSession end

[90mstdout[2m | tests/property/scoped-roles-processing-efficiency.test.ts[2m > [22m[2mProperty 10: Scoped Roles Processing Efficiency[2m > [22m[2mProperty 10.9: Batch role hierarchy queries should maintain consistency
[22m[39mGoTrueClient@sb-bgxknceshxxifwytalex-auth-token:0 (2.93.3) 2026-02-02T15:20:17.962Z #_useSession begin
GoTrueClient@sb-bgxknceshxxifwytalex-auth-token:0 (2.93.3) 2026-02-02T15:20:17.962Z #__loadSession() begin

[90mstdout[2m | tests/property/scoped-roles-processing-efficiency.test.ts[2m > [22m[2mProperty 10: Scoped Roles Processing Efficiency[2m > [22m[2mProperty 10.9: Batch role hierarchy queries should maintain consistency
[22m[39mGoTrueClient@sb-bgxknceshxxifwytalex-auth-token:0 (2.93.3) 2026-02-02T15:20:17.962Z #getSession() session from storage [1mnull[22m
GoTrueClient@sb-bgxknceshxxifwytalex-auth-token:0 (2.93.3) 2026-02-02T15:20:17.962Z #__loadSession() end

[90mstdout[2m | tests/property/scoped-roles-processing-efficiency.test.ts[2m > [22m[2mProperty 10: Scoped Roles Processing Efficiency[2m > [22m[2mProperty 10.9: Batch role hierarchy queries should maintain consistency
[22m[39mGoTrueClient@sb-bgxknceshxxifwytalex-auth-token:0 (2.93.3) 2026-02-02T15:20:17.963Z #_useSession end

[90mstdout[2m | tests/property/scoped-roles-processing-efficiency.test.ts[2m > [22m[2mProperty 10: Scoped Roles Processing Efficiency[2m > [22m[2mProperty 10.9: Batch role hierarchy queries should maintain consistency
[22m[39mGoTrueClient@sb-bgxknceshxxifwytalex-auth-token:0 (2.93.3) 2026-02-02T15:20:17.963Z #_useSession begin
GoTrueClient@sb-bgxknceshxxifwytalex-auth-token:0 (2.93.3) 2026-02-02T15:20:17.963Z #__loadSession() begin

[90mstdout[2m | tests/property/scoped-roles-processing-efficiency.test.ts[2m > [22m[2mProperty 10: Scoped Roles Processing Efficiency[2m > [22m[2mProperty 10.9: Batch role hierarchy queries should maintain consistency
[22m[39mGoTrueClient@sb-bgxknceshxxifwytalex-auth-token:0 (2.93.3) 2026-02-02T15:20:17.963Z #getSession() session from storage [1mnull[22m
GoTrueClient@sb-bgxknceshxxifwytalex-auth-token:0 (2.93.3) 2026-02-02T15:20:17.963Z #__loadSession() end

[90mstdout[2m | tests/property/scoped-roles-processing-efficiency.test.ts[2m > [22m[2mProperty 10: Scoped Roles Processing Efficiency[2m > [22m[2mProperty 10.9: Batch role hierarchy queries should maintain consistency
[22m[39mGoTrueClient@sb-bgxknceshxxifwytalex-auth-token:0 (2.93.3) 2026-02-02T15:20:17.964Z #_useSession end

[90mstdout[2m | tests/property/scoped-roles-processing-efficiency.test.ts[2m > [22m[2mProperty 10: Scoped Roles Processing Efficiency[2m > [22m[2mProperty 10.9: Batch role hierarchy queries should maintain consistency
[22m[39mGoTrueClient@sb-bgxknceshxxifwytalex-auth-token:0 (2.93.3) 2026-02-02T15:20:17.964Z #_useSession begin
GoTrueClient@sb-bgxknceshxxifwytalex-auth-token:0 (2.93.3) 2026-02-02T15:20:17.964Z #__loadSession() begin

[90mstdout[2m | tests/property/scoped-roles-processing-efficiency.test.ts[2m > [22m[2mProperty 10: Scoped Roles Processing Efficiency[2m > [22m[2mProperty 10.9: Batch role hierarchy queries should maintain consistency
[22m[39mGoTrueClient@sb-bgxknceshxxifwytalex-auth-token:0 (2.93.3) 2026-02-02T15:20:17.964Z #getSession() session from storage [1mnull[22m
GoTrueClient@sb-bgxknceshxxifwytalex-auth-token:0 (2.93.3) 2026-02-02T15:20:17.964Z #__loadSession() end

[90mstdout[2m | tests/property/scoped-roles-processing-efficiency.test.ts[2m > [22m[2mProperty 10: Scoped Roles Processing Efficiency[2m > [22m[2mProperty 10.9: Batch role hierarchy queries should maintain consistency
[22m[39mGoTrueClient@sb-bgxknceshxxifwytalex-auth-token:0 (2.93.3) 2026-02-02T15:20:17.965Z #_useSession end

[90mstdout[2m | tests/property/scoped-roles-processing-efficiency.test.ts[2m > [22m[2mProperty 10: Scoped Roles Processing Efficiency[2m > [22m[2mProperty 10.9: Batch role hierarchy queries should maintain consistency
[22m[39mGoTrueClient@sb-bgxknceshxxifwytalex-auth-token:0 (2.93.3) 2026-02-02T15:20:17.965Z #_useSession begin
GoTrueClient@sb-bgxknceshxxifwytalex-auth-token:0 (2.93.3) 2026-02-02T15:20:17.965Z #__loadSession() begin

[90mstdout[2m | tests/property/scoped-roles-processing-efficiency.test.ts[2m > [22m[2mProperty 10: Scoped Roles Processing Efficiency[2m > [22m[2mProperty 10.9: Batch role hierarchy queries should maintain consistency
[22m[39mGoTrueClient@sb-bgxknceshxxifwytalex-auth-token:0 (2.93.3) 2026-02-02T15:20:17.965Z #getSession() session from storage [1mnull[22m
GoTrueClient@sb-bgxknceshxxifwytalex-auth-token:0 (2.93.3) 2026-02-02T15:20:17.965Z #__loadSession() end

[90mstdout[2m | tests/property/scoped-roles-processing-efficiency.test.ts[2m > [22m[2mProperty 10: Scoped Roles Processing Efficiency[2m > [22m[2mProperty 10.9: Batch role hierarchy queries should maintain consistency
[22m[39mGoTrueClient@sb-bgxknceshxxifwytalex-auth-token:0 (2.93.3) 2026-02-02T15:20:17.966Z #_useSession end

[90mstdout[2m | tests/property/scoped-roles-processing-efficiency.test.ts[2m > [22m[2mProperty 10: Scoped Roles Processing Efficiency[2m > [22m[2mProperty 10.9: Batch role hierarchy queries should maintain consistency
[22m[39mGoTrueClient@sb-bgxknceshxxifwytalex-auth-token:0 (2.93.3) 2026-02-02T15:20:17.966Z #_useSession begin
GoTrueClient@sb-bgxknceshxxifwytalex-auth-token:0 (2.93.3) 2026-02-02T15:20:17.966Z #__loadSession() begin

[90mstdout[2m | tests/property/scoped-roles-processing-efficiency.test.ts[2m > [22m[2mProperty 10: Scoped Roles Processing Efficiency[2m > [22m[2mProperty 10.9: Batch role hierarchy queries should maintain consistency
[22m[39mGoTrueClient@sb-bgxknceshxxifwytalex-auth-token:0 (2.93.3) 2026-02-02T15:20:17.966Z #getSession() session from storage [1mnull[22m
GoTrueClient@sb-bgxknceshxxifwytalex-auth-token:0 (2.93.3) 2026-02-02T15:20:17.966Z #__loadSession() end

[90mstdout[2m | tests/property/scoped-roles-processing-efficiency.test.ts[2m > [22m[2mProperty 10: Scoped Roles Processing Efficiency[2m > [22m[2mProperty 10.9: Batch role hierarchy queries should maintain consistency
[22m[39mGoTrueClient@sb-bgxknceshxxifwytalex-auth-token:0 (2.93.3) 2026-02-02T15:20:17.967Z #_useSession end

[90mstdout[2m | tests/property/scoped-roles-processing-efficiency.test.ts[2m > [22m[2mProperty 10: Scoped Roles Processing Efficiency[2m > [22m[2mProperty 10.9: Batch role hierarchy queries should maintain consistency
[22m[39mGoTrueClient@sb-bgxknceshxxifwytalex-auth-token:0 (2.93.3) 2026-02-02T15:20:17.967Z #_useSession begin
GoTrueClient@sb-bgxknceshxxifwytalex-auth-token:0 (2.93.3) 2026-02-02T15:20:17.967Z #__loadSession() begin

[90mstdout[2m | tests/property/scoped-roles-processing-efficiency.test.ts[2m > [22m[2mProperty 10: Scoped Roles Processing Efficiency[2m > [22m[2mProperty 10.9: Batch role hierarchy queries should maintain consistency
[22m[39mGoTrueClient@sb-bgxknceshxxifwytalex-auth-token:0 (2.93.3) 2026-02-02T15:20:17.967Z #getSession() session from storage [1mnull[22m
GoTrueClient@sb-bgxknceshxxifwytalex-auth-token:0 (2.93.3) 2026-02-02T15:20:17.967Z #__loadSession() end

[90mstdout[2m | tests/property/scoped-roles-processing-efficiency.test.ts[2m > [22m[2mProperty 10: Scoped Roles Processing Efficiency[2m > [22m[2mProperty 10.9: Batch role hierarchy queries should maintain consistency
[22m[39mGoTrueClient@sb-bgxknceshxxifwytalex-auth-token:0 (2.93.3) 2026-02-02T15:20:17.968Z #_useSession end

[90mstdout[2m | tests/property/scoped-roles-processing-efficiency.test.ts[2m > [22m[2mProperty 10: Scoped Roles Processing Efficiency[2m > [22m[2mProperty 10.9: Batch role hierarchy queries should maintain consistency
[22m[39mGoTrueClient@sb-bgxknceshxxifwytalex-auth-token:0 (2.93.3) 2026-02-02T15:20:17.968Z #_useSession begin
GoTrueClient@sb-bgxknceshxxifwytalex-auth-token:0 (2.93.3) 2026-02-02T15:20:17.968Z #__loadSession() begin

[90mstdout[2m | tests/property/scoped-roles-processing-efficiency.test.ts[2m > [22m[2mProperty 10: Scoped Roles Processing Efficiency[2m > [22m[2mProperty 10.9: Batch role hierarchy queries should maintain consistency
[22m[39mGoTrueClient@sb-bgxknceshxxifwytalex-auth-token:0 (2.93.3) 2026-02-02T15:20:17.968Z #getSession() session from storage [1mnull[22m
GoTrueClient@sb-bgxknceshxxifwytalex-auth-token:0 (2.93.3) 2026-02-02T15:20:17.968Z #__loadSession() end

[90mstdout[2m | tests/property/scoped-roles-processing-efficiency.test.ts[2m > [22m[2mProperty 10: Scoped Roles Processing Efficiency[2m > [22m[2mProperty 10.9: Batch role hierarchy queries should maintain consistency
[22m[39mGoTrueClient@sb-bgxknceshxxifwytalex-auth-token:0 (2.93.3) 2026-02-02T15:20:17.969Z #_useSession end

[90mstdout[2m | tests/property/scoped-roles-processing-efficiency.test.ts[2m > [22m[2mProperty 10: Scoped Roles Processing Efficiency[2m > [22m[2mProperty 10.9: Batch role hierarchy queries should maintain consistency
[22m[39mGoTrueClient@sb-bgxknceshxxifwytalex-auth-token:0 (2.93.3) 2026-02-02T15:20:17.969Z #_useSession begin
GoTrueClient@sb-bgxknceshxxifwytalex-auth-token:0 (2.93.3) 2026-02-02T15:20:17.969Z #__loadSession() begin

[90mstdout[2m | tests/property/scoped-roles-processing-efficiency.test.ts[2m > [22m[2mProperty 10: Scoped Roles Processing Efficiency[2m > [22m[2mProperty 10.9: Batch role hierarchy queries should maintain consistency
[22m[39mGoTrueClient@sb-bgxknceshxxifwytalex-auth-token:0 (2.93.3) 2026-02-02T15:20:17.969Z #getSession() session from storage [1mnull[22m
GoTrueClient@sb-bgxknceshxxifwytalex-auth-token:0 (2.93.3) 2026-02-02T15:20:17.969Z #__loadSession() end

[90mstdout[2m | tests/property/scoped-roles-processing-efficiency.test.ts[2m > [22m[2mProperty 10: Scoped Roles Processing Efficiency[2m > [22m[2mProperty 10.9: Batch role hierarchy queries should maintain consistency
[22m[39mGoTrueClient@sb-bgxknceshxxifwytalex-auth-token:0 (2.93.3) 2026-02-02T15:20:17.971Z #_useSession end

[90mstdout[2m | tests/property/scoped-roles-processing-efficiency.test.ts[2m > [22m[2mProperty 10: Scoped Roles Processing Efficiency[2m > [22m[2mProperty 10.9: Batch role hierarchy queries should maintain consistency
[22m[39mGoTrueClient@sb-bgxknceshxxifwytalex-auth-token:0 (2.93.3) 2026-02-02T15:20:17.971Z #_useSession begin
GoTrueClient@sb-bgxknceshxxifwytalex-auth-token:0 (2.93.3) 2026-02-02T15:20:17.971Z #__loadSession() begin

[90mstdout[2m | tests/property/scoped-roles-processing-efficiency.test.ts[2m > [22m[2mProperty 10: Scoped Roles Processing Efficiency[2m > [22m[2mProperty 10.9: Batch role hierarchy queries should maintain consistency
[22m[39mGoTrueClient@sb-bgxknceshxxifwytalex-auth-token:0 (2.93.3) 2026-02-02T15:20:17.972Z #getSession() session from storage [1mnull[22m
GoTrueClient@sb-bgxknceshxxifwytalex-auth-token:0 (2.93.3) 2026-02-02T15:20:17.972Z #__loadSession() end

[90mstdout[2m | tests/property/scoped-roles-processing-efficiency.test.ts[2m > [22m[2mProperty 10: Scoped Roles Processing Efficiency[2m > [22m[2mProperty 10.9: Batch role hierarchy queries should maintain consistency
[22m[39mGoTrueClient@sb-bgxknceshxxifwytalex-auth-token:0 (2.93.3) 2026-02-02T15:20:17.974Z #_useSession end

[90mstdout[2m | tests/property/scoped-roles-processing-efficiency.test.ts[2m > [22m[2mProperty 10: Scoped Roles Processing Efficiency[2m > [22m[2mProperty 10.9: Batch role hierarchy queries should maintain consistency
[22m[39mGoTrueClient@sb-bgxknceshxxifwytalex-auth-token:0 (2.93.3) 2026-02-02T15:20:17.974Z #_useSession begin
GoTrueClient@sb-bgxknceshxxifwytalex-auth-token:0 (2.93.3) 2026-02-02T15:20:17.974Z #__loadSession() begin

[90mstdout[2m | tests/property/scoped-roles-processing-efficiency.test.ts[2m > [22m[2mProperty 10: Scoped Roles Processing Efficiency[2m > [22m[2mProperty 10.9: Batch role hierarchy queries should maintain consistency
[22m[39mGoTrueClient@sb-bgxknceshxxifwytalex-auth-token:0 (2.93.3) 2026-02-02T15:20:17.974Z #getSession() session from storage [1mnull[22m
GoTrueClient@sb-bgxknceshxxifwytalex-auth-token:0 (2.93.3) 2026-02-02T15:20:17.974Z #__loadSession() end

[90mstdout[2m | tests/property/scoped-roles-processing-efficiency.test.ts[2m > [22m[2mProperty 10: Scoped Roles Processing Efficiency[2m > [22m[2mProperty 10.9: Batch role hierarchy queries should maintain consistency
[22m[39mGoTrueClient@sb-bgxknceshxxifwytalex-auth-token:0 (2.93.3) 2026-02-02T15:20:17.975Z #_useSession end

[90mstdout[2m | tests/property/scoped-roles-processing-efficiency.test.ts[2m > [22m[2mProperty 10: Scoped Roles Processing Efficiency[2m > [22m[2mProperty 10.9: Batch role hierarchy queries should maintain consistency
[22m[39mGoTrueClient@sb-bgxknceshxxifwytalex-auth-token:0 (2.93.3) 2026-02-02T15:20:17.975Z #_useSession begin
GoTrueClient@sb-bgxknceshxxifwytalex-auth-token:0 (2.93.3) 2026-02-02T15:20:17.976Z #__loadSession() begin

[90mstdout[2m | tests/property/scoped-roles-processing-efficiency.test.ts[2m > [22m[2mProperty 10: Scoped Roles Processing Efficiency[2m > [22m[2mProperty 10.9: Batch role hierarchy queries should maintain consistency
[22m[39mGoTrueClient@sb-bgxknceshxxifwytalex-auth-token:0 (2.93.3) 2026-02-02T15:20:17.976Z #getSession() session from storage [1mnull[22m
GoTrueClient@sb-bgxknceshxxifwytalex-auth-token:0 (2.93.3) 2026-02-02T15:20:17.976Z #__loadSession() end

[90mstdout[2m | tests/property/scoped-roles-processing-efficiency.test.ts[2m > [22m[2mProperty 10: Scoped Roles Processing Efficiency[2m > [22m[2mProperty 10.9: Batch role hierarchy queries should maintain consistency
[22m[39mGoTrueClient@sb-bgxknceshxxifwytalex-auth-token:0 (2.93.3) 2026-02-02T15:20:17.977Z #_useSession end

[90mstdout[2m | tests/property/scoped-roles-processing-efficiency.test.ts[2m > [22m[2mProperty 10: Scoped Roles Processing Efficiency[2m > [22m[2mProperty 10.9: Batch role hierarchy queries should maintain consistency
[22m[39mGoTrueClient@sb-bgxknceshxxifwytalex-auth-token:0 (2.93.3) 2026-02-02T15:20:17.977Z #_useSession begin
GoTrueClient@sb-bgxknceshxxifwytalex-auth-token:0 (2.93.3) 2026-02-02T15:20:17.977Z #__loadSession() begin

[90mstdout[2m | tests/property/scoped-roles-processing-efficiency.test.ts[2m > [22m[2mProperty 10: Scoped Roles Processing Efficiency[2m > [22m[2mProperty 10.9: Batch role hierarchy queries should maintain consistency
[22m[39mGoTrueClient@sb-bgxknceshxxifwytalex-auth-token:0 (2.93.3) 2026-02-02T15:20:17.977Z #getSession() session from storage [1mnull[22m
GoTrueClient@sb-bgxknceshxxifwytalex-auth-token:0 (2.93.3) 2026-02-02T15:20:17.977Z #__loadSession() end

[90mstdout[2m | tests/property/scoped-roles-processing-efficiency.test.ts[2m > [22m[2mProperty 10: Scoped Roles Processing Efficiency[2m > [22m[2mProperty 10.9: Batch role hierarchy queries should maintain consistency
[22m[39mGoTrueClient@sb-bgxknceshxxifwytalex-auth-token:0 (2.93.3) 2026-02-02T15:20:17.978Z #_useSession end

[90mstdout[2m | tests/property/scoped-roles-processing-efficiency.test.ts[2m > [22m[2mProperty 10: Scoped Roles Processing Efficiency[2m > [22m[2mProperty 10.9: Batch role hierarchy queries should maintain consistency
[22m[39mGoTrueClient@sb-bgxknceshxxifwytalex-auth-token:0 (2.93.3) 2026-02-02T15:20:17.978Z #_useSession begin
GoTrueClient@sb-bgxknceshxxifwytalex-auth-token:0 (2.93.3) 2026-02-02T15:20:17.978Z #__loadSession() begin

[90mstdout[2m | tests/property/scoped-roles-processing-efficiency.test.ts[2m > [22m[2mProperty 10: Scoped Roles Processing Efficiency[2m > [22m[2mProperty 10.9: Batch role hierarchy queries should maintain consistency
[22m[39mGoTrueClient@sb-bgxknceshxxifwytalex-auth-token:0 (2.93.3) 2026-02-02T15:20:17.978Z #getSession() session from storage [1mnull[22m
GoTrueClient@sb-bgxknceshxxifwytalex-auth-token:0 (2.93.3) 2026-02-02T15:20:17.978Z #__loadSession() end

[90mstdout[2m | tests/property/scoped-roles-processing-efficiency.test.ts[2m > [22m[2mProperty 10: Scoped Roles Processing Efficiency[2m > [22m[2mProperty 10.9: Batch role hierarchy queries should maintain consistency
[22m[39mGoTrueClient@sb-bgxknceshxxifwytalex-auth-token:0 (2.93.3) 2026-02-02T15:20:17.979Z #_useSession end

[90mstdout[2m | tests/property/scoped-roles-processing-efficiency.test.ts[2m > [22m[2mProperty 10: Scoped Roles Processing Efficiency[2m > [22m[2mProperty 10.9: Batch role hierarchy queries should maintain consistency
[22m[39mGoTrueClient@sb-bgxknceshxxifwytalex-auth-token:0 (2.93.3) 2026-02-02T15:20:17.979Z #_useSession begin
GoTrueClient@sb-bgxknceshxxifwytalex-auth-token:0 (2.93.3) 2026-02-02T15:20:17.979Z #__loadSession() begin

[90mstdout[2m | tests/property/scoped-roles-processing-efficiency.test.ts[2m > [22m[2mProperty 10: Scoped Roles Processing Efficiency[2m > [22m[2mProperty 10.9: Batch role hierarchy queries should maintain consistency
[22m[39mGoTrueClient@sb-bgxknceshxxifwytalex-auth-token:0 (2.93.3) 2026-02-02T15:20:17.979Z #getSession() session from storage [1mnull[22m
GoTrueClient@sb-bgxknceshxxifwytalex-auth-token:0 (2.93.3) 2026-02-02T15:20:17.979Z #__loadSession() end

[90mstdout[2m | tests/property/scoped-roles-processing-efficiency.test.ts[2m > [22m[2mProperty 10: Scoped Roles Processing Efficiency[2m > [22m[2mProperty 10.9: Batch role hierarchy queries should maintain consistency
[22m[39mGoTrueClient@sb-bgxknceshxxifwytalex-auth-token:0 (2.93.3) 2026-02-02T15:20:17.980Z #_useSession end

[90mstdout[2m | tests/property/scoped-roles-processing-efficiency.test.ts[2m > [22m[2mProperty 10: Scoped Roles Processing Efficiency[2m > [22m[2mProperty 10.9: Batch role hierarchy queries should maintain consistency
[22m[39mGoTrueClient@sb-bgxknceshxxifwytalex-auth-token:0 (2.93.3) 2026-02-02T15:20:17.980Z #_useSession begin
GoTrueClient@sb-bgxknceshxxifwytalex-auth-token:0 (2.93.3) 2026-02-02T15:20:17.980Z #__loadSession() begin

[90mstdout[2m | tests/property/scoped-roles-processing-efficiency.test.ts[2m > [22m[2mProperty 10: Scoped Roles Processing Efficiency[2m > [22m[2mProperty 10.9: Batch role hierarchy queries should maintain consistency
[22m[39mGoTrueClient@sb-bgxknceshxxifwytalex-auth-token:0 (2.93.3) 2026-02-02T15:20:17.980Z #getSession() session from storage [1mnull[22m
GoTrueClient@sb-bgxknceshxxifwytalex-auth-token:0 (2.93.3) 2026-02-02T15:20:17.980Z #__loadSession() end

[90mstdout[2m | tests/property/scoped-roles-processing-efficiency.test.ts[2m > [22m[2mProperty 10: Scoped Roles Processing Efficiency[2m > [22m[2mProperty 10.9: Batch role hierarchy queries should maintain consistency
[22m[39mGoTrueClient@sb-bgxknceshxxifwytalex-auth-token:0 (2.93.3) 2026-02-02T15:20:17.981Z #_useSession end

[90mstdout[2m | tests/property/scoped-roles-processing-efficiency.test.ts[2m > [22m[2mProperty 10: Scoped Roles Processing Efficiency[2m > [22m[2mProperty 10.9: Batch role hierarchy queries should maintain consistency
[22m[39mGoTrueClient@sb-bgxknceshxxifwytalex-auth-token:0 (2.93.3) 2026-02-02T15:20:17.981Z #_useSession begin
GoTrueClient@sb-bgxknceshxxifwytalex-auth-token:0 (2.93.3) 2026-02-02T15:20:17.981Z #__loadSession() begin

[90mstdout[2m | tests/property/scoped-roles-processing-efficiency.test.ts[2m > [22m[2mProperty 10: Scoped Roles Processing Efficiency[2m > [22m[2mProperty 10.9: Batch role hierarchy queries should maintain consistency
[22m[39mGoTrueClient@sb-bgxknceshxxifwytalex-auth-token:0 (2.93.3) 2026-02-02T15:20:17.981Z #getSession() session from storage [1mnull[22m
GoTrueClient@sb-bgxknceshxxifwytalex-auth-token:0 (2.93.3) 2026-02-02T15:20:17.981Z #__loadSession() end

[90mstdout[2m | tests/property/scoped-roles-processing-efficiency.test.ts[2m > [22m[2mProperty 10: Scoped Roles Processing Efficiency[2m > [22m[2mProperty 10.9: Batch role hierarchy queries should maintain consistency
[22m[39mGoTrueClient@sb-bgxknceshxxifwytalex-auth-token:0 (2.93.3) 2026-02-02T15:20:17.982Z #_useSession end

[90mstdout[2m | tests/property/scoped-roles-processing-efficiency.test.ts[2m > [22m[2mProperty 10: Scoped Roles Processing Efficiency[2m > [22m[2mProperty 10.9: Batch role hierarchy queries should maintain consistency
[22m[39mGoTrueClient@sb-bgxknceshxxifwytalex-auth-token:0 (2.93.3) 2026-02-02T15:20:17.982Z #_useSession begin
GoTrueClient@sb-bgxknceshxxifwytalex-auth-token:0 (2.93.3) 2026-02-02T15:20:17.982Z #__loadSession() begin

[90mstdout[2m | tests/property/scoped-roles-processing-efficiency.test.ts[2m > [22m[2mProperty 10: Scoped Roles Processing Efficiency[2m > [22m[2mProperty 10.9: Batch role hierarchy queries should maintain consistency
[22m[39mGoTrueClient@sb-bgxknceshxxifwytalex-auth-token:0 (2.93.3) 2026-02-02T15:20:17.982Z #getSession() session from storage [1mnull[22m
GoTrueClient@sb-bgxknceshxxifwytalex-auth-token:0 (2.93.3) 2026-02-02T15:20:17.982Z #__loadSession() end

[90mstdout[2m | tests/property/scoped-roles-processing-efficiency.test.ts[2m > [22m[2mProperty 10: Scoped Roles Processing Efficiency[2m > [22m[2mProperty 10.9: Batch role hierarchy queries should maintain consistency
[22m[39mGoTrueClient@sb-bgxknceshxxifwytalex-auth-token:0 (2.93.3) 2026-02-02T15:20:17.983Z #_useSession end

[90mstdout[2m | tests/property/scoped-roles-processing-efficiency.test.ts[2m > [22m[2mProperty 10: Scoped Roles Processing Efficiency[2m > [22m[2mProperty 10.9: Batch role hierarchy queries should maintain consistency
[22m[39mGoTrueClient@sb-bgxknceshxxifwytalex-auth-token:0 (2.93.3) 2026-02-02T15:20:17.983Z #_useSession begin
GoTrueClient@sb-bgxknceshxxifwytalex-auth-token:0 (2.93.3) 2026-02-02T15:20:17.983Z #__loadSession() begin

[90mstdout[2m | tests/property/scoped-roles-processing-efficiency.test.ts[2m > [22m[2mProperty 10: Scoped Roles Processing Efficiency[2m > [22m[2mProperty 10.9: Batch role hierarchy queries should maintain consistency
[22m[39mGoTrueClient@sb-bgxknceshxxifwytalex-auth-token:0 (2.93.3) 2026-02-02T15:20:17.983Z #getSession() session from storage [1mnull[22m
GoTrueClient@sb-bgxknceshxxifwytalex-auth-token:0 (2.93.3) 2026-02-02T15:20:17.983Z #__loadSession() end

[90mstdout[2m | tests/property/scoped-roles-processing-efficiency.test.ts[2m > [22m[2mProperty 10: Scoped Roles Processing Efficiency[2m > [22m[2mProperty 10.9: Batch role hierarchy queries should maintain consistency
[22m[39mGoTrueClient@sb-bgxknceshxxifwytalex-auth-token:0 (2.93.3) 2026-02-02T15:20:17.984Z #_useSession end

[90mstdout[2m | tests/property/scoped-roles-processing-efficiency.test.ts[2m > [22m[2mProperty 10: Scoped Roles Processing Efficiency[2m > [22m[2mProperty 10.9: Batch role hierarchy queries should maintain consistency
[22m[39mGoTrueClient@sb-bgxknceshxxifwytalex-auth-token:0 (2.93.3) 2026-02-02T15:20:17.984Z #_useSession begin
GoTrueClient@sb-bgxknceshxxifwytalex-auth-token:0 (2.93.3) 2026-02-02T15:20:17.984Z #__loadSession() begin

[90mstdout[2m | tests/property/scoped-roles-processing-efficiency.test.ts[2m > [22m[2mProperty 10: Scoped Roles Processing Efficiency[2m > [22m[2mProperty 10.9: Batch role hierarchy queries should maintain consistency
[22m[39mGoTrueClient@sb-bgxknceshxxifwytalex-auth-token:0 (2.93.3) 2026-02-02T15:20:17.984Z #getSession() session from storage [1mnull[22m
GoTrueClient@sb-bgxknceshxxifwytalex-auth-token:0 (2.93.3) 2026-02-02T15:20:17.984Z #__loadSession() end

[90mstdout[2m | tests/property/scoped-roles-processing-efficiency.test.ts[2m > [22m[2mProperty 10: Scoped Roles Processing Efficiency[2m > [22m[2mProperty 10.9: Batch role hierarchy queries should maintain consistency
[22m[39mGoTrueClient@sb-bgxknceshxxifwytalex-auth-token:0 (2.93.3) 2026-02-02T15:20:17.985Z #_useSession end

[90mstdout[2m | tests/property/scoped-roles-processing-efficiency.test.ts[2m > [22m[2mProperty 10: Scoped Roles Processing Efficiency[2m > [22m[2mProperty 10.9: Batch role hierarchy queries should maintain consistency
[22m[39mGoTrueClient@sb-bgxknceshxxifwytalex-auth-token:0 (2.93.3) 2026-02-02T15:20:17.985Z #_useSession begin
GoTrueClient@sb-bgxknceshxxifwytalex-auth-token:0 (2.93.3) 2026-02-02T15:20:17.985Z #__loadSession() begin

[90mstdout[2m | tests/property/scoped-roles-processing-efficiency.test.ts[2m > [22m[2mProperty 10: Scoped Roles Processing Efficiency[2m > [22m[2mProperty 10.9: Batch role hierarchy queries should maintain consistency
[22m[39mGoTrueClient@sb-bgxknceshxxifwytalex-auth-token:0 (2.93.3) 2026-02-02T15:20:17.985Z #getSession() session from storage [1mnull[22m
GoTrueClient@sb-bgxknceshxxifwytalex-auth-token:0 (2.93.3) 2026-02-02T15:20:17.985Z #__loadSession() end

[90mstdout[2m | tests/property/scoped-roles-processing-efficiency.test.ts[2m > [22m[2mProperty 10: Scoped Roles Processing Efficiency[2m > [22m[2mProperty 10.9: Batch role hierarchy queries should maintain consistency
[22m[39mGoTrueClient@sb-bgxknceshxxifwytalex-auth-token:0 (2.93.3) 2026-02-02T15:20:17.986Z #_useSession end

[90mstdout[2m | tests/property/scoped-roles-processing-efficiency.test.ts[2m > [22m[2mProperty 10: Scoped Roles Processing Efficiency[2m > [22m[2mProperty 10.9: Batch role hierarchy queries should maintain consistency
[22m[39mGoTrueClient@sb-bgxknceshxxifwytalex-auth-token:0 (2.93.3) 2026-02-02T15:20:17.986Z #_useSession begin
GoTrueClient@sb-bgxknceshxxifwytalex-auth-token:0 (2.93.3) 2026-02-02T15:20:17.986Z #__loadSession() begin

[90mstdout[2m | tests/property/scoped-roles-processing-efficiency.test.ts[2m > [22m[2mProperty 10: Scoped Roles Processing Efficiency[2m > [22m[2mProperty 10.9: Batch role hierarchy queries should maintain consistency
[22m[39mGoTrueClient@sb-bgxknceshxxifwytalex-auth-token:0 (2.93.3) 2026-02-02T15:20:17.986Z #getSession() session from storage [1mnull[22m
GoTrueClient@sb-bgxknceshxxifwytalex-auth-token:0 (2.93.3) 2026-02-02T15:20:17.986Z #__loadSession() end

[90mstdout[2m | tests/property/scoped-roles-processing-efficiency.test.ts[2m > [22m[2mProperty 10: Scoped Roles Processing Efficiency[2m > [22m[2mProperty 10.9: Batch role hierarchy queries should maintain consistency
[22m[39mGoTrueClient@sb-bgxknceshxxifwytalex-auth-token:0 (2.93.3) 2026-02-02T15:20:17.988Z #_useSession end

[90mstdout[2m | tests/property/scoped-roles-processing-efficiency.test.ts[2m > [22m[2mProperty 10: Scoped Roles Processing Efficiency[2m > [22m[2mProperty 10.9: Batch role hierarchy queries should maintain consistency
[22m[39mGoTrueClient@sb-bgxknceshxxifwytalex-auth-token:0 (2.93.3) 2026-02-02T15:20:17.988Z #_useSession begin
GoTrueClient@sb-bgxknceshxxifwytalex-auth-token:0 (2.93.3) 2026-02-02T15:20:17.988Z #__loadSession() begin

[90mstdout[2m | tests/property/scoped-roles-processing-efficiency.test.ts[2m > [22m[2mProperty 10: Scoped Roles Processing Efficiency[2m > [22m[2mProperty 10.9: Batch role hierarchy queries should maintain consistency
[22m[39mGoTrueClient@sb-bgxknceshxxifwytalex-auth-token:0 (2.93.3) 2026-02-02T15:20:17.988Z #getSession() session from storage [1mnull[22m
GoTrueClient@sb-bgxknceshxxifwytalex-auth-token:0 (2.93.3) 2026-02-02T15:20:17.988Z #__loadSession() end

[90mstdout[2m | tests/property/scoped-roles-processing-efficiency.test.ts[2m > [22m[2mProperty 10: Scoped Roles Processing Efficiency[2m > [22m[2mProperty 10.9: Batch role hierarchy queries should maintain consistency
[22m[39mGoTrueClient@sb-bgxknceshxxifwytalex-auth-token:0 (2.93.3) 2026-02-02T15:20:17.989Z #_useSession end

[90mstdout[2m | tests/property/scoped-roles-processing-efficiency.test.ts[2m > [22m[2mProperty 10: Scoped Roles Processing Efficiency[2m > [22m[2mProperty 10.9: Batch role hierarchy queries should maintain consistency
[22m[39mGoTrueClient@sb-bgxknceshxxifwytalex-auth-token:0 (2.93.3) 2026-02-02T15:20:17.990Z #_useSession begin
GoTrueClient@sb-bgxknceshxxifwytalex-auth-token:0 (2.93.3) 2026-02-02T15:20:17.990Z #__loadSession() begin

[90mstdout[2m | tests/property/scoped-roles-processing-efficiency.test.ts[2m > [22m[2mProperty 10: Scoped Roles Processing Efficiency[2m > [22m[2mProperty 10.9: Batch role hierarchy queries should maintain consistency
[22m[39mGoTrueClient@sb-bgxknceshxxifwytalex-auth-token:0 (2.93.3) 2026-02-02T15:20:17.990Z #getSession() session from storage [1mnull[22m
GoTrueClient@sb-bgxknceshxxifwytalex-auth-token:0 (2.93.3) 2026-02-02T15:20:17.990Z #__loadSession() end

[90mstdout[2m | tests/property/scoped-roles-processing-efficiency.test.ts[2m > [22m[2mProperty 10: Scoped Roles Processing Efficiency[2m > [22m[2mProperty 10.9: Batch role hierarchy queries should maintain consistency
[22m[39mGoTrueClient@sb-bgxknceshxxifwytalex-auth-token:0 (2.93.3) 2026-02-02T15:20:17.991Z #_useSession end

[90mstdout[2m | tests/property/scoped-roles-processing-efficiency.test.ts[2m > [22m[2mProperty 10: Scoped Roles Processing Efficiency[2m > [22m[2mProperty 10.9: Batch role hierarchy queries should maintain consistency
[22m[39mGoTrueClient@sb-bgxknceshxxifwytalex-auth-token:0 (2.93.3) 2026-02-02T15:20:17.992Z #_useSession begin
GoTrueClient@sb-bgxknceshxxifwytalex-auth-token:0 (2.93.3) 2026-02-02T15:20:17.992Z #__loadSession() begin

[90mstdout[2m | tests/property/scoped-roles-processing-efficiency.test.ts[2m > [22m[2mProperty 10: Scoped Roles Processing Efficiency[2m > [22m[2mProperty 10.9: Batch role hierarchy queries should maintain consistency
[22m[39mGoTrueClient@sb-bgxknceshxxifwytalex-auth-token:0 (2.93.3) 2026-02-02T15:20:17.992Z #getSession() session from storage [1mnull[22m
GoTrueClient@sb-bgxknceshxxifwytalex-auth-token:0 (2.93.3) 2026-02-02T15:20:17.992Z #__loadSession() end

[90mstdout[2m | tests/property/scoped-roles-processing-efficiency.test.ts[2m > [22m[2mProperty 10: Scoped Roles Processing Efficiency[2m > [22m[2mProperty 10.9: Batch role hierarchy queries should maintain consistency
[22m[39mGoTrueClient@sb-bgxknceshxxifwytalex-auth-token:0 (2.93.3) 2026-02-02T15:20:17.993Z #_useSession end

[90mstdout[2m | tests/property/scoped-roles-processing-efficiency.test.ts[2m > [22m[2mProperty 10: Scoped Roles Processing Efficiency[2m > [22m[2mProperty 10.9: Batch role hierarchy queries should maintain consistency
[22m[39mGoTrueClient@sb-bgxknceshxxifwytalex-auth-token:0 (2.93.3) 2026-02-02T15:20:17.993Z #_useSession begin
GoTrueClient@sb-bgxknceshxxifwytalex-auth-token:0 (2.93.3) 2026-02-02T15:20:17.993Z #__loadSession() begin

[90mstdout[2m | tests/property/scoped-roles-processing-efficiency.test.ts[2m > [22m[2mProperty 10: Scoped Roles Processing Efficiency[2m > [22m[2mProperty 10.9: Batch role hierarchy queries should maintain consistency
[22m[39mGoTrueClient@sb-bgxknceshxxifwytalex-auth-token:0 (2.93.3) 2026-02-02T15:20:17.994Z #getSession() session from storage [1mnull[22m
GoTrueClient@sb-bgxknceshxxifwytalex-auth-token:0 (2.93.3) 2026-02-02T15:20:17.994Z #__loadSession() end

[90mstdout[2m | tests/property/scoped-roles-processing-efficiency.test.ts[2m > [22m[2mProperty 10: Scoped Roles Processing Efficiency[2m > [22m[2mProperty 10.9: Batch role hierarchy queries should maintain consistency
[22m[39mGoTrueClient@sb-bgxknceshxxifwytalex-auth-token:0 (2.93.3) 2026-02-02T15:20:17.995Z #_useSession end

[90mstdout[2m | tests/property/scoped-roles-processing-efficiency.test.ts[2m > [22m[2mProperty 10: Scoped Roles Processing Efficiency[2m > [22m[2mProperty 10.9: Batch role hierarchy queries should maintain consistency
[22m[39mGoTrueClient@sb-bgxknceshxxifwytalex-auth-token:0 (2.93.3) 2026-02-02T15:20:17.995Z #_useSession begin
GoTrueClient@sb-bgxknceshxxifwytalex-auth-token:0 (2.93.3) 2026-02-02T15:20:17.995Z #__loadSession() begin

[90mstdout[2m | tests/property/scoped-roles-processing-efficiency.test.ts[2m > [22m[2mProperty 10: Scoped Roles Processing Efficiency[2m > [22m[2mProperty 10.9: Batch role hierarchy queries should maintain consistency
[22m[39mGoTrueClient@sb-bgxknceshxxifwytalex-auth-token:0 (2.93.3) 2026-02-02T15:20:17.995Z #getSession() session from storage [1mnull[22m
GoTrueClient@sb-bgxknceshxxifwytalex-auth-token:0 (2.93.3) 2026-02-02T15:20:17.995Z #__loadSession() end

[90mstdout[2m | tests/property/scoped-roles-processing-efficiency.test.ts[2m > [22m[2mProperty 10: Scoped Roles Processing Efficiency[2m > [22m[2mProperty 10.9: Batch role hierarchy queries should maintain consistency
[22m[39mGoTrueClient@sb-bgxknceshxxifwytalex-auth-token:0 (2.93.3) 2026-02-02T15:20:17.996Z #_useSession end

[90mstdout[2m | tests/property/scoped-roles-processing-efficiency.test.ts[2m > [22m[2mProperty 10: Scoped Roles Processing Efficiency[2m > [22m[2mProperty 10.9: Batch role hierarchy queries should maintain consistency
[22m[39mGoTrueClient@sb-bgxknceshxxifwytalex-auth-token:0 (2.93.3) 2026-02-02T15:20:17.996Z #_useSession begin
GoTrueClient@sb-bgxknceshxxifwytalex-auth-token:0 (2.93.3) 2026-02-02T15:20:17.996Z #__loadSession() begin

[90mstdout[2m | tests/property/scoped-roles-processing-efficiency.test.ts[2m > [22m[2mProperty 10: Scoped Roles Processing Efficiency[2m > [22m[2mProperty 10.9: Batch role hierarchy queries should maintain consistency
[22m[39mGoTrueClient@sb-bgxknceshxxifwytalex-auth-token:0 (2.93.3) 2026-02-02T15:20:17.996Z #getSession() session from storage [1mnull[22m
GoTrueClient@sb-bgxknceshxxifwytalex-auth-token:0 (2.93.3) 2026-02-02T15:20:17.996Z #__loadSession() end

[90mstdout[2m | tests/property/scoped-roles-processing-efficiency.test.ts[2m > [22m[2mProperty 10: Scoped Roles Processing Efficiency[2m > [22m[2mProperty 10.9: Batch role hierarchy queries should maintain consistency
[22m[39mGoTrueClient@sb-bgxknceshxxifwytalex-auth-token:0 (2.93.3) 2026-02-02T15:20:17.997Z #_useSession end

[90mstdout[2m | tests/property/scoped-roles-processing-efficiency.test.ts[2m > [22m[2mProperty 10: Scoped Roles Processing Efficiency[2m > [22m[2mProperty 10.9: Batch role hierarchy queries should maintain consistency
[22m[39mGoTrueClient@sb-bgxknceshxxifwytalex-auth-token:0 (2.93.3) 2026-02-02T15:20:17.997Z #_useSession begin
GoTrueClient@sb-bgxknceshxxifwytalex-auth-token:0 (2.93.3) 2026-02-02T15:20:17.997Z #__loadSession() begin

[90mstdout[2m | tests/property/scoped-roles-processing-efficiency.test.ts[2m > [22m[2mProperty 10: Scoped Roles Processing Efficiency[2m > [22m[2mProperty 10.9: Batch role hierarchy queries should maintain consistency
[22m[39mGoTrueClient@sb-bgxknceshxxifwytalex-auth-token:0 (2.93.3) 2026-02-02T15:20:17.997Z #getSession() session from storage [1mnull[22m
GoTrueClient@sb-bgxknceshxxifwytalex-auth-token:0 (2.93.3) 2026-02-02T15:20:17.997Z #__loadSession() end

[90mstdout[2m | tests/property/scoped-roles-processing-efficiency.test.ts[2m > [22m[2mProperty 10: Scoped Roles Processing Efficiency[2m > [22m[2mProperty 10.9: Batch role hierarchy queries should maintain consistency
[22m[39mGoTrueClient@sb-bgxknceshxxifwytalex-auth-token:0 (2.93.3) 2026-02-02T15:20:17.998Z #_useSession end

[90mstdout[2m | tests/property/scoped-roles-processing-efficiency.test.ts[2m > [22m[2mProperty 10: Scoped Roles Processing Efficiency[2m > [22m[2mProperty 10.9: Batch role hierarchy queries should maintain consistency
[22m[39mGoTrueClient@sb-bgxknceshxxifwytalex-auth-token:0 (2.93.3) 2026-02-02T15:20:17.998Z #_useSession begin
GoTrueClient@sb-bgxknceshxxifwytalex-auth-token:0 (2.93.3) 2026-02-02T15:20:17.998Z #__loadSession() begin

[90mstdout[2m | tests/property/scoped-roles-processing-efficiency.test.ts[2m > [22m[2mProperty 10: Scoped Roles Processing Efficiency[2m > [22m[2mProperty 10.9: Batch role hierarchy queries should maintain consistency
[22m[39mGoTrueClient@sb-bgxknceshxxifwytalex-auth-token:0 (2.93.3) 2026-02-02T15:20:17.998Z #getSession() session from storage [1mnull[22m
GoTrueClient@sb-bgxknceshxxifwytalex-auth-token:0 (2.93.3) 2026-02-02T15:20:17.998Z #__loadSession() end

[90mstdout[2m | tests/property/scoped-roles-processing-efficiency.test.ts[2m > [22m[2mProperty 10: Scoped Roles Processing Efficiency[2m > [22m[2mProperty 10.9: Batch role hierarchy queries should maintain consistency
[22m[39mGoTrueClient@sb-bgxknceshxxifwytalex-auth-token:0 (2.93.3) 2026-02-02T15:20:17.999Z #_useSession end

[90mstdout[2m | tests/property/scoped-roles-processing-efficiency.test.ts[2m > [22m[2mProperty 10: Scoped Roles Processing Efficiency[2m > [22m[2mProperty 10.9: Batch role hierarchy queries should maintain consistency
[22m[39mGoTrueClient@sb-bgxknceshxxifwytalex-auth-token:0 (2.93.3) 2026-02-02T15:20:17.999Z #_useSession begin
GoTrueClient@sb-bgxknceshxxifwytalex-auth-token:0 (2.93.3) 2026-02-02T15:20:17.999Z #__loadSession() begin

[90mstdout[2m | tests/property/scoped-roles-processing-efficiency.test.ts[2m > [22m[2mProperty 10: Scoped Roles Processing Efficiency[2m > [22m[2mProperty 10.9: Batch role hierarchy queries should maintain consistency
[22m[39mGoTrueClient@sb-bgxknceshxxifwytalex-auth-token:0 (2.93.3) 2026-02-02T15:20:17.999Z #getSession() session from storage [1mnull[22m
GoTrueClient@sb-bgxknceshxxifwytalex-auth-token:0 (2.93.3) 2026-02-02T15:20:17.999Z #__loadSession() end

[90mstdout[2m | tests/property/scoped-roles-processing-efficiency.test.ts[2m > [22m[2mProperty 10: Scoped Roles Processing Efficiency[2m > [22m[2mProperty 10.9: Batch role hierarchy queries should maintain consistency
[22m[39mGoTrueClient@sb-bgxknceshxxifwytalex-auth-token:0 (2.93.3) 2026-02-02T15:20:18.000Z #_useSession end

[90mstdout[2m | tests/property/scoped-roles-processing-efficiency.test.ts[2m > [22m[2mProperty 10: Scoped Roles Processing Efficiency[2m > [22m[2mProperty 10.9: Batch role hierarchy queries should maintain consistency
[22m[39mGoTrueClient@sb-bgxknceshxxifwytalex-auth-token:0 (2.93.3) 2026-02-02T15:20:18.000Z #_useSession begin
GoTrueClient@sb-bgxknceshxxifwytalex-auth-token:0 (2.93.3) 2026-02-02T15:20:18.000Z #__loadSession() begin

[90mstdout[2m | tests/property/scoped-roles-processing-efficiency.test.ts[2m > [22m[2mProperty 10: Scoped Roles Processing Efficiency[2m > [22m[2mProperty 10.9: Batch role hierarchy queries should maintain consistency
[22m[39mGoTrueClient@sb-bgxknceshxxifwytalex-auth-token:0 (2.93.3) 2026-02-02T15:20:18.001Z #getSession() session from storage [1mnull[22m
GoTrueClient@sb-bgxknceshxxifwytalex-auth-token:0 (2.93.3) 2026-02-02T15:20:18.001Z #__loadSession() end

[90mstdout[2m | tests/property/scoped-roles-processing-efficiency.test.ts[2m > [22m[2mProperty 10: Scoped Roles Processing Efficiency[2m > [22m[2mProperty 10.9: Batch role hierarchy queries should maintain consistency
[22m[39mGoTrueClient@sb-bgxknceshxxifwytalex-auth-token:0 (2.93.3) 2026-02-02T15:20:18.002Z #_useSession end

[90mstdout[2m | tests/property/scoped-roles-processing-efficiency.test.ts[2m > [22m[2mProperty 10: Scoped Roles Processing Efficiency[2m > [22m[2mProperty 10.9: Batch role hierarchy queries should maintain consistency
[22m[39mGoTrueClient@sb-bgxknceshxxifwytalex-auth-token:0 (2.93.3) 2026-02-02T15:20:18.002Z #_useSession begin
GoTrueClient@sb-bgxknceshxxifwytalex-auth-token:0 (2.93.3) 2026-02-02T15:20:18.002Z #__loadSession() begin

[90mstdout[2m | tests/property/scoped-roles-processing-efficiency.test.ts[2m > [22m[2mProperty 10: Scoped Roles Processing Efficiency[2m > [22m[2mProperty 10.9: Batch role hierarchy queries should maintain consistency
[22m[39mGoTrueClient@sb-bgxknceshxxifwytalex-auth-token:0 (2.93.3) 2026-02-02T15:20:18.002Z #getSession() session from storage [1mnull[22m
GoTrueClient@sb-bgxknceshxxifwytalex-auth-token:0 (2.93.3) 2026-02-02T15:20:18.002Z #__loadSession() end

[90mstdout[2m | tests/property/scoped-roles-processing-efficiency.test.ts[2m > [22m[2mProperty 10: Scoped Roles Processing Efficiency[2m > [22m[2mProperty 10.9: Batch role hierarchy queries should maintain consistency
[22m[39mGoTrueClient@sb-bgxknceshxxifwytalex-auth-token:0 (2.93.3) 2026-02-02T15:20:18.005Z #_useSession end

[90mstdout[2m | tests/property/scoped-roles-processing-efficiency.test.ts[2m > [22m[2mProperty 10: Scoped Roles Processing Efficiency[2m > [22m[2mProperty 10.9: Batch role hierarchy queries should maintain consistency
[22m[39mGoTrueClient@sb-bgxknceshxxifwytalex-auth-token:0 (2.93.3) 2026-02-02T15:20:18.006Z #_useSession begin
GoTrueClient@sb-bgxknceshxxifwytalex-auth-token:0 (2.93.3) 2026-02-02T15:20:18.006Z #__loadSession() begin

[90mstdout[2m | tests/property/scoped-roles-processing-efficiency.test.ts[2m > [22m[2mProperty 10: Scoped Roles Processing Efficiency[2m > [22m[2mProperty 10.9: Batch role hierarchy queries should maintain consistency
[22m[39mGoTrueClient@sb-bgxknceshxxifwytalex-auth-token:0 (2.93.3) 2026-02-02T15:20:18.006Z #getSession() session from storage [1mnull[22m
GoTrueClient@sb-bgxknceshxxifwytalex-auth-token:0 (2.93.3) 2026-02-02T15:20:18.006Z #__loadSession() end

[90mstdout[2m | tests/property/scoped-roles-processing-efficiency.test.ts[2m > [22m[2mProperty 10: Scoped Roles Processing Efficiency[2m > [22m[2mProperty 10.9: Batch role hierarchy queries should maintain consistency
[22m[39mGoTrueClient@sb-bgxknceshxxifwytalex-auth-token:0 (2.93.3) 2026-02-02T15:20:18.007Z #_useSession end

[90mstdout[2m | tests/property/scoped-roles-processing-efficiency.test.ts[2m > [22m[2mProperty 10: Scoped Roles Processing Efficiency[2m > [22m[2mProperty 10.9: Batch role hierarchy queries should maintain consistency
[22m[39mGoTrueClient@sb-bgxknceshxxifwytalex-auth-token:0 (2.93.3) 2026-02-02T15:20:18.008Z #_useSession begin
GoTrueClient@sb-bgxknceshxxifwytalex-auth-token:0 (2.93.3) 2026-02-02T15:20:18.008Z #__loadSession() begin

[90mstdout[2m | tests/property/scoped-roles-processing-efficiency.test.ts[2m > [22m[2mProperty 10: Scoped Roles Processing Efficiency[2m > [22m[2mProperty 10.9: Batch role hierarchy queries should maintain consistency
[22m[39mGoTrueClient@sb-bgxknceshxxifwytalex-auth-token:0 (2.93.3) 2026-02-02T15:20:18.008Z #getSession() session from storage [1mnull[22m
GoTrueClient@sb-bgxknceshxxifwytalex-auth-token:0 (2.93.3) 2026-02-02T15:20:18.008Z #__loadSession() end

[90mstdout[2m | tests/property/scoped-roles-processing-efficiency.test.ts[2m > [22m[2mProperty 10: Scoped Roles Processing Efficiency[2m > [22m[2mProperty 10.9: Batch role hierarchy queries should maintain consistency
[22m[39mGoTrueClient@sb-bgxknceshxxifwytalex-auth-token:0 (2.93.3) 2026-02-02T15:20:18.009Z #_useSession end

[90mstdout[2m | tests/property/scoped-roles-processing-efficiency.test.ts[2m > [22m[2mProperty 10: Scoped Roles Processing Efficiency[2m > [22m[2mProperty 10.9: Batch role hierarchy queries should maintain consistency
[22m[39mGoTrueClient@sb-bgxknceshxxifwytalex-auth-token:0 (2.93.3) 2026-02-02T15:20:18.009Z #_useSession begin
GoTrueClient@sb-bgxknceshxxifwytalex-auth-token:0 (2.93.3) 2026-02-02T15:20:18.009Z #__loadSession() begin

[90mstdout[2m | tests/property/scoped-roles-processing-efficiency.test.ts[2m > [22m[2mProperty 10: Scoped Roles Processing Efficiency[2m > [22m[2mProperty 10.9: Batch role hierarchy queries should maintain consistency
[22m[39mGoTrueClient@sb-bgxknceshxxifwytalex-auth-token:0 (2.93.3) 2026-02-02T15:20:18.009Z #getSession() session from storage [1mnull[22m
GoTrueClient@sb-bgxknceshxxifwytalex-auth-token:0 (2.93.3) 2026-02-02T15:20:18.009Z #__loadSession() end

[90mstdout[2m | tests/property/scoped-roles-processing-efficiency.test.ts[2m > [22m[2mProperty 10: Scoped Roles Processing Efficiency[2m > [22m[2mProperty 10.9: Batch role hierarchy queries should maintain consistency
[22m[39mGoTrueClient@sb-bgxknceshxxifwytalex-auth-token:0 (2.93.3) 2026-02-02T15:20:18.010Z #_useSession end

[90mstdout[2m | tests/property/scoped-roles-processing-efficiency.test.ts[2m > [22m[2mProperty 10: Scoped Roles Processing Efficiency[2m > [22m[2mProperty 10.9: Batch role hierarchy queries should maintain consistency
[22m[39mGoTrueClient@sb-bgxknceshxxifwytalex-auth-token:0 (2.93.3) 2026-02-02T15:20:18.010Z #_useSession begin
GoTrueClient@sb-bgxknceshxxifwytalex-auth-token:0 (2.93.3) 2026-02-02T15:20:18.010Z #__loadSession() begin

[90mstdout[2m | tests/property/scoped-roles-processing-efficiency.test.ts[2m > [22m[2mProperty 10: Scoped Roles Processing Efficiency[2m > [22m[2mProperty 10.9: Batch role hierarchy queries should maintain consistency
[22m[39mGoTrueClient@sb-bgxknceshxxifwytalex-auth-token:0 (2.93.3) 2026-02-02T15:20:18.010Z #getSession() session from storage [1mnull[22m
GoTrueClient@sb-bgxknceshxxifwytalex-auth-token:0 (2.93.3) 2026-02-02T15:20:18.010Z #__loadSession() end

[90mstdout[2m | tests/property/scoped-roles-processing-efficiency.test.ts[2m > [22m[2mProperty 10: Scoped Roles Processing Efficiency[2m > [22m[2mProperty 10.9: Batch role hierarchy queries should maintain consistency
[22m[39mGoTrueClient@sb-bgxknceshxxifwytalex-auth-token:0 (2.93.3) 2026-02-02T15:20:18.011Z #_useSession end

[90mstdout[2m | tests/property/scoped-roles-processing-efficiency.test.ts[2m > [22m[2mProperty 10: Scoped Roles Processing Efficiency[2m > [22m[2mProperty 10.9: Batch role hierarchy queries should maintain consistency
[22m[39mGoTrueClient@sb-bgxknceshxxifwytalex-auth-token:0 (2.93.3) 2026-02-02T15:20:18.011Z #_useSession begin
GoTrueClient@sb-bgxknceshxxifwytalex-auth-token:0 (2.93.3) 2026-02-02T15:20:18.011Z #__loadSession() begin

[90mstdout[2m | tests/property/scoped-roles-processing-efficiency.test.ts[2m > [22m[2mProperty 10: Scoped Roles Processing Efficiency[2m > [22m[2mProperty 10.9: Batch role hierarchy queries should maintain consistency
[22m[39mGoTrueClient@sb-bgxknceshxxifwytalex-auth-token:0 (2.93.3) 2026-02-02T15:20:18.011Z #getSession() session from storage [1mnull[22m
GoTrueClient@sb-bgxknceshxxifwytalex-auth-token:0 (2.93.3) 2026-02-02T15:20:18.011Z #__loadSession() end

[90mstdout[2m | tests/property/scoped-roles-processing-efficiency.test.ts[2m > [22m[2mProperty 10: Scoped Roles Processing Efficiency[2m > [22m[2mProperty 10.9: Batch role hierarchy queries should maintain consistency
[22m[39mGoTrueClient@sb-bgxknceshxxifwytalex-auth-token:0 (2.93.3) 2026-02-02T15:20:18.013Z #_useSession end

[90mstdout[2m | tests/property/scoped-roles-processing-efficiency.test.ts[2m > [22m[2mProperty 10: Scoped Roles Processing Efficiency[2m > [22m[2mProperty 10.9: Batch role hierarchy queries should maintain consistency
[22m[39mGoTrueClient@sb-bgxknceshxxifwytalex-auth-token:0 (2.93.3) 2026-02-02T15:20:18.013Z #_useSession begin
GoTrueClient@sb-bgxknceshxxifwytalex-auth-token:0 (2.93.3) 2026-02-02T15:20:18.013Z #__loadSession() begin

[90mstdout[2m | tests/property/scoped-roles-processing-efficiency.test.ts[2m > [22m[2mProperty 10: Scoped Roles Processing Efficiency[2m > [22m[2mProperty 10.9: Batch role hierarchy queries should maintain consistency
[22m[39mGoTrueClient@sb-bgxknceshxxifwytalex-auth-token:0 (2.93.3) 2026-02-02T15:20:18.013Z #getSession() session from storage [1mnull[22m
GoTrueClient@sb-bgxknceshxxifwytalex-auth-token:0 (2.93.3) 2026-02-02T15:20:18.013Z #__loadSession() end

[90mstdout[2m | tests/property/scoped-roles-processing-efficiency.test.ts[2m > [22m[2mProperty 10: Scoped Roles Processing Efficiency[2m > [22m[2mProperty 10.9: Batch role hierarchy queries should maintain consistency
[22m[39mGoTrueClient@sb-bgxknceshxxifwytalex-auth-token:0 (2.93.3) 2026-02-02T15:20:18.014Z #_useSession end

[90mstdout[2m | tests/property/scoped-roles-processing-efficiency.test.ts[2m > [22m[2mProperty 10: Scoped Roles Processing Efficiency[2m > [22m[2mProperty 10.9: Batch role hierarchy queries should maintain consistency
[22m[39mGoTrueClient@sb-bgxknceshxxifwytalex-auth-token:0 (2.93.3) 2026-02-02T15:20:18.014Z #_useSession begin
GoTrueClient@sb-bgxknceshxxifwytalex-auth-token:0 (2.93.3) 2026-02-02T15:20:18.014Z #__loadSession() begin

[90mstdout[2m | tests/property/scoped-roles-processing-efficiency.test.ts[2m > [22m[2mProperty 10: Scoped Roles Processing Efficiency[2m > [22m[2mProperty 10.9: Batch role hierarchy queries should maintain consistency
[22m[39mGoTrueClient@sb-bgxknceshxxifwytalex-auth-token:0 (2.93.3) 2026-02-02T15:20:18.014Z #getSession() session from storage [1mnull[22m
GoTrueClient@sb-bgxknceshxxifwytalex-auth-token:0 (2.93.3) 2026-02-02T15:20:18.014Z #__loadSession() end

[90mstdout[2m | tests/property/scoped-roles-processing-efficiency.test.ts[2m > [22m[2mProperty 10: Scoped Roles Processing Efficiency[2m > [22m[2mProperty 10.9: Batch role hierarchy queries should maintain consistency
[22m[39mGoTrueClient@sb-bgxknceshxxifwytalex-auth-token:0 (2.93.3) 2026-02-02T15:20:18.015Z #_useSession end

[90mstdout[2m | tests/property/scoped-roles-processing-efficiency.test.ts[2m > [22m[2mProperty 10: Scoped Roles Processing Efficiency[2m > [22m[2mProperty 10.9: Batch role hierarchy queries should maintain consistency
[22m[39mGoTrueClient@sb-bgxknceshxxifwytalex-auth-token:0 (2.93.3) 2026-02-02T15:20:18.015Z #_useSession begin
GoTrueClient@sb-bgxknceshxxifwytalex-auth-token:0 (2.93.3) 2026-02-02T15:20:18.015Z #__loadSession() begin

[90mstdout[2m | tests/property/scoped-roles-processing-efficiency.test.ts[2m > [22m[2mProperty 10: Scoped Roles Processing Efficiency[2m > [22m[2mProperty 10.9: Batch role hierarchy queries should maintain consistency
[22m[39mGoTrueClient@sb-bgxknceshxxifwytalex-auth-token:0 (2.93.3) 2026-02-02T15:20:18.015Z #getSession() session from storage [1mnull[22m
GoTrueClient@sb-bgxknceshxxifwytalex-auth-token:0 (2.93.3) 2026-02-02T15:20:18.015Z #__loadSession() end

[90mstdout[2m | tests/property/scoped-roles-processing-efficiency.test.ts[2m > [22m[2mProperty 10: Scoped Roles Processing Efficiency[2m > [22m[2mProperty 10.9: Batch role hierarchy queries should maintain consistency
[22m[39mGoTrueClient@sb-bgxknceshxxifwytalex-auth-token:0 (2.93.3) 2026-02-02T15:20:18.016Z #_useSession end

[90mstdout[2m | tests/property/scoped-roles-processing-efficiency.test.ts[2m > [22m[2mProperty 10: Scoped Roles Processing Efficiency[2m > [22m[2mProperty 10.9: Batch role hierarchy queries should maintain consistency
[22m[39mGoTrueClient@sb-bgxknceshxxifwytalex-auth-token:0 (2.93.3) 2026-02-02T15:20:18.016Z #_useSession begin
GoTrueClient@sb-bgxknceshxxifwytalex-auth-token:0 (2.93.3) 2026-02-02T15:20:18.016Z #__loadSession() begin

[90mstdout[2m | tests/property/scoped-roles-processing-efficiency.test.ts[2m > [22m[2mProperty 10: Scoped Roles Processing Efficiency[2m > [22m[2mProperty 10.9: Batch role hierarchy queries should maintain consistency
[22m[39mGoTrueClient@sb-bgxknceshxxifwytalex-auth-token:0 (2.93.3) 2026-02-02T15:20:18.016Z #getSession() session from storage [1mnull[22m
GoTrueClient@sb-bgxknceshxxifwytalex-auth-token:0 (2.93.3) 2026-02-02T15:20:18.016Z #__loadSession() end

[90mstdout[2m | tests/property/scoped-roles-processing-efficiency.test.ts[2m > [22m[2mProperty 10: Scoped Roles Processing Efficiency[2m > [22m[2mProperty 10.9: Batch role hierarchy queries should maintain consistency
[22m[39mGoTrueClient@sb-bgxknceshxxifwytalex-auth-token:0 (2.93.3) 2026-02-02T15:20:18.017Z #_useSession end

[90mstdout[2m | tests/property/scoped-roles-processing-efficiency.test.ts[2m > [22m[2mProperty 10: Scoped Roles Processing Efficiency[2m > [22m[2mProperty 10.9: Batch role hierarchy queries should maintain consistency
[22m[39mGoTrueClient@sb-bgxknceshxxifwytalex-auth-token:0 (2.93.3) 2026-02-02T15:20:18.017Z #_useSession begin
GoTrueClient@sb-bgxknceshxxifwytalex-auth-token:0 (2.93.3) 2026-02-02T15:20:18.017Z #__loadSession() begin

[90mstdout[2m | tests/property/scoped-roles-processing-efficiency.test.ts[2m > [22m[2mProperty 10: Scoped Roles Processing Efficiency[2m > [22m[2mProperty 10.9: Batch role hierarchy queries should maintain consistency
[22m[39mGoTrueClient@sb-bgxknceshxxifwytalex-auth-token:0 (2.93.3) 2026-02-02T15:20:18.017Z #getSession() session from storage [1mnull[22m
GoTrueClient@sb-bgxknceshxxifwytalex-auth-token:0 (2.93.3) 2026-02-02T15:20:18.017Z #__loadSession() end

[90mstdout[2m | tests/property/scoped-roles-processing-efficiency.test.ts[2m > [22m[2mProperty 10: Scoped Roles Processing Efficiency[2m > [22m[2mProperty 10.9: Batch role hierarchy queries should maintain consistency
[22m[39mGoTrueClient@sb-bgxknceshxxifwytalex-auth-token:0 (2.93.3) 2026-02-02T15:20:18.018Z #_useSession end

[90mstdout[2m | tests/property/scoped-roles-processing-efficiency.test.ts[2m > [22m[2mProperty 10: Scoped Roles Processing Efficiency[2m > [22m[2mProperty 10.9: Batch role hierarchy queries should maintain consistency
[22m[39mGoTrueClient@sb-bgxknceshxxifwytalex-auth-token:0 (2.93.3) 2026-02-02T15:20:18.018Z #_useSession begin
GoTrueClient@sb-bgxknceshxxifwytalex-auth-token:0 (2.93.3) 2026-02-02T15:20:18.018Z #__loadSession() begin

[90mstdout[2m | tests/property/scoped-roles-processing-efficiency.test.ts[2m > [22m[2mProperty 10: Scoped Roles Processing Efficiency[2m > [22m[2mProperty 10.9: Batch role hierarchy queries should maintain consistency
[22m[39mGoTrueClient@sb-bgxknceshxxifwytalex-auth-token:0 (2.93.3) 2026-02-02T15:20:18.018Z #getSession() session from storage [1mnull[22m
GoTrueClient@sb-bgxknceshxxifwytalex-auth-token:0 (2.93.3) 2026-02-02T15:20:18.018Z #__loadSession() end

[90mstdout[2m | tests/property/scoped-roles-processing-efficiency.test.ts[2m > [22m[2mProperty 10: Scoped Roles Processing Efficiency[2m > [22m[2mProperty 10.9: Batch role hierarchy queries should maintain consistency
[22m[39mGoTrueClient@sb-bgxknceshxxifwytalex-auth-token:0 (2.93.3) 2026-02-02T15:20:18.019Z #_useSession end

[90mstdout[2m | tests/property/scoped-roles-processing-efficiency.test.ts[2m > [22m[2mProperty 10: Scoped Roles Processing Efficiency[2m > [22m[2mProperty 10.9: Batch role hierarchy queries should maintain consistency
[22m[39mGoTrueClient@sb-bgxknceshxxifwytalex-auth-token:0 (2.93.3) 2026-02-02T15:20:18.020Z #_useSession begin
GoTrueClient@sb-bgxknceshxxifwytalex-auth-token:0 (2.93.3) 2026-02-02T15:20:18.020Z #__loadSession() begin

[90mstdout[2m | tests/property/scoped-roles-processing-efficiency.test.ts[2m > [22m[2mProperty 10: Scoped Roles Processing Efficiency[2m > [22m[2mProperty 10.9: Batch role hierarchy queries should maintain consistency
[22m[39mGoTrueClient@sb-bgxknceshxxifwytalex-auth-token:0 (2.93.3) 2026-02-02T15:20:18.020Z #getSession() session from storage [1mnull[22m
GoTrueClient@sb-bgxknceshxxifwytalex-auth-token:0 (2.93.3) 2026-02-02T15:20:18.020Z #__loadSession() end

[90mstdout[2m | tests/property/scoped-roles-processing-efficiency.test.ts[2m > [22m[2mProperty 10: Scoped Roles Processing Efficiency[2m > [22m[2mProperty 10.9: Batch role hierarchy queries should maintain consistency
[22m[39mGoTrueClient@sb-bgxknceshxxifwytalex-auth-token:0 (2.93.3) 2026-02-02T15:20:18.026Z #_useSession end

[90mstdout[2m | tests/property/scoped-roles-processing-efficiency.test.ts[2m > [22m[2mProperty 10: Scoped Roles Processing Efficiency[2m > [22m[2mProperty 10.9: Batch role hierarchy queries should maintain consistency
[22m[39mGoTrueClient@sb-bgxknceshxxifwytalex-auth-token:0 (2.93.3) 2026-02-02T15:20:18.026Z #_useSession begin
GoTrueClient@sb-bgxknceshxxifwytalex-auth-token:0 (2.93.3) 2026-02-02T15:20:18.026Z #__loadSession() begin

[90mstdout[2m | tests/property/scoped-roles-processing-efficiency.test.ts[2m > [22m[2mProperty 10: Scoped Roles Processing Efficiency[2m > [22m[2mProperty 10.9: Batch role hierarchy queries should maintain consistency
[22m[39mGoTrueClient@sb-bgxknceshxxifwytalex-auth-token:0 (2.93.3) 2026-02-02T15:20:18.026Z #getSession() session from storage [1mnull[22m
GoTrueClient@sb-bgxknceshxxifwytalex-auth-token:0 (2.93.3) 2026-02-02T15:20:18.026Z #__loadSession() end

[90mstdout[2m | tests/property/scoped-roles-processing-efficiency.test.ts[2m > [22m[2mProperty 10: Scoped Roles Processing Efficiency[2m > [22m[2mProperty 10.9: Batch role hierarchy queries should maintain consistency
[22m[39mGoTrueClient@sb-bgxknceshxxifwytalex-auth-token:0 (2.93.3) 2026-02-02T15:20:18.027Z #_useSession end

[90mstdout[2m | tests/property/scoped-roles-processing-efficiency.test.ts[2m > [22m[2mProperty 10: Scoped Roles Processing Efficiency[2m > [22m[2mProperty 10.9: Batch role hierarchy queries should maintain consistency
[22m[39mGoTrueClient@sb-bgxknceshxxifwytalex-auth-token:0 (2.93.3) 2026-02-02T15:20:18.027Z #_useSession begin
GoTrueClient@sb-bgxknceshxxifwytalex-auth-token:0 (2.93.3) 2026-02-02T15:20:18.027Z #__loadSession() begin

[90mstdout[2m | tests/property/scoped-roles-processing-efficiency.test.ts[2m > [22m[2mProperty 10: Scoped Roles Processing Efficiency[2m > [22m[2mProperty 10.9: Batch role hierarchy queries should maintain consistency
[22m[39mGoTrueClient@sb-bgxknceshxxifwytalex-auth-token:0 (2.93.3) 2026-02-02T15:20:18.027Z #getSession() session from storage [1mnull[22m
GoTrueClient@sb-bgxknceshxxifwytalex-auth-token:0 (2.93.3) 2026-02-02T15:20:18.027Z #__loadSession() end

[90mstdout[2m | tests/property/scoped-roles-processing-efficiency.test.ts[2m > [22m[2mProperty 10: Scoped Roles Processing Efficiency[2m > [22m[2mProperty 10.9: Batch role hierarchy queries should maintain consistency
[22m[39mGoTrueClient@sb-bgxknceshxxifwytalex-auth-token:0 (2.93.3) 2026-02-02T15:20:18.028Z #_useSession end

[90mstdout[2m | tests/property/scoped-roles-processing-efficiency.test.ts[2m > [22m[2mProperty 10: Scoped Roles Processing Efficiency[2m > [22m[2mProperty 10.9: Batch role hierarchy queries should maintain consistency
[22m[39mGoTrueClient@sb-bgxknceshxxifwytalex-auth-token:0 (2.93.3) 2026-02-02T15:20:18.028Z #_useSession begin
GoTrueClient@sb-bgxknceshxxifwytalex-auth-token:0 (2.93.3) 2026-02-02T15:20:18.028Z #__loadSession() begin

[90mstdout[2m | tests/property/scoped-roles-processing-efficiency.test.ts[2m > [22m[2mProperty 10: Scoped Roles Processing Efficiency[2m > [22m[2mProperty 10.9: Batch role hierarchy queries should maintain consistency
[22m[39mGoTrueClient@sb-bgxknceshxxifwytalex-auth-token:0 (2.93.3) 2026-02-02T15:20:18.028Z #getSession() session from storage [1mnull[22m
GoTrueClient@sb-bgxknceshxxifwytalex-auth-token:0 (2.93.3) 2026-02-02T15:20:18.028Z #__loadSession() end

[90mstdout[2m | tests/property/scoped-roles-processing-efficiency.test.ts[2m > [22m[2mProperty 10: Scoped Roles Processing Efficiency[2m > [22m[2mProperty 10.9: Batch role hierarchy queries should maintain consistency
[22m[39mGoTrueClient@sb-bgxknceshxxifwytalex-auth-token:0 (2.93.3) 2026-02-02T15:20:18.029Z #_useSession end

[90mstdout[2m | tests/property/scoped-roles-processing-efficiency.test.ts[2m > [22m[2mProperty 10: Scoped Roles Processing Efficiency[2m > [22m[2mProperty 10.9: Batch role hierarchy queries should maintain consistency
[22m[39mGoTrueClient@sb-bgxknceshxxifwytalex-auth-token:0 (2.93.3) 2026-02-02T15:20:18.029Z #_useSession begin
GoTrueClient@sb-bgxknceshxxifwytalex-auth-token:0 (2.93.3) 2026-02-02T15:20:18.029Z #__loadSession() begin

[90mstdout[2m | tests/property/scoped-roles-processing-efficiency.test.ts[2m > [22m[2mProperty 10: Scoped Roles Processing Efficiency[2m > [22m[2mProperty 10.9: Batch role hierarchy queries should maintain consistency
[22m[39mGoTrueClient@sb-bgxknceshxxifwytalex-auth-token:0 (2.93.3) 2026-02-02T15:20:18.030Z #getSession() session from storage [1mnull[22m
GoTrueClient@sb-bgxknceshxxifwytalex-auth-token:0 (2.93.3) 2026-02-02T15:20:18.030Z #__loadSession() end

[90mstdout[2m | tests/property/scoped-roles-processing-efficiency.test.ts[2m > [22m[2mProperty 10: Scoped Roles Processing Efficiency[2m > [22m[2mProperty 10.9: Batch role hierarchy queries should maintain consistency
[22m[39mGoTrueClient@sb-bgxknceshxxifwytalex-auth-token:0 (2.93.3) 2026-02-02T15:20:18.030Z #_useSession end

[90mstdout[2m | tests/property/scoped-roles-processing-efficiency.test.ts[2m > [22m[2mProperty 10: Scoped Roles Processing Efficiency[2m > [22m[2mProperty 10.9: Batch role hierarchy queries should maintain consistency
[22m[39mGoTrueClient@sb-bgxknceshxxifwytalex-auth-token:0 (2.93.3) 2026-02-02T15:20:18.030Z #_useSession begin
GoTrueClient@sb-bgxknceshxxifwytalex-auth-token:0 (2.93.3) 2026-02-02T15:20:18.030Z #__loadSession() begin

[90mstdout[2m | tests/property/scoped-roles-processing-efficiency.test.ts[2m > [22m[2mProperty 10: Scoped Roles Processing Efficiency[2m > [22m[2mProperty 10.9: Batch role hierarchy queries should maintain consistency
[22m[39mGoTrueClient@sb-bgxknceshxxifwytalex-auth-token:0 (2.93.3) 2026-02-02T15:20:18.030Z #getSession() session from storage [1mnull[22m
GoTrueClient@sb-bgxknceshxxifwytalex-auth-token:0 (2.93.3) 2026-02-02T15:20:18.031Z #__loadSession() end

[90mstdout[2m | tests/property/scoped-roles-processing-efficiency.test.ts[2m > [22m[2mProperty 10: Scoped Roles Processing Efficiency[2m > [22m[2mProperty 10.9: Batch role hierarchy queries should maintain consistency
[22m[39mGoTrueClient@sb-bgxknceshxxifwytalex-auth-token:0 (2.93.3) 2026-02-02T15:20:18.031Z #_useSession end

[90mstdout[2m | tests/property/scoped-roles-processing-efficiency.test.ts[2m > [22m[2mProperty 10: Scoped Roles Processing Efficiency[2m > [22m[2mProperty 10.9: Batch role hierarchy queries should maintain consistency
[22m[39mGoTrueClient@sb-bgxknceshxxifwytalex-auth-token:0 (2.93.3) 2026-02-02T15:20:18.031Z #_useSession begin
GoTrueClient@sb-bgxknceshxxifwytalex-auth-token:0 (2.93.3) 2026-02-02T15:20:18.031Z #__loadSession() begin

[90mstdout[2m | tests/property/scoped-roles-processing-efficiency.test.ts[2m > [22m[2mProperty 10: Scoped Roles Processing Efficiency[2m > [22m[2mProperty 10.9: Batch role hierarchy queries should maintain consistency
[22m[39mGoTrueClient@sb-bgxknceshxxifwytalex-auth-token:0 (2.93.3) 2026-02-02T15:20:18.032Z #getSession() session from storage [1mnull[22m
GoTrueClient@sb-bgxknceshxxifwytalex-auth-token:0 (2.93.3) 2026-02-02T15:20:18.032Z #__loadSession() end

[90mstdout[2m | tests/property/scoped-roles-processing-efficiency.test.ts[2m > [22m[2mProperty 10: Scoped Roles Processing Efficiency[2m > [22m[2mProperty 10.9: Batch role hierarchy queries should maintain consistency
[22m[39mGoTrueClient@sb-bgxknceshxxifwytalex-auth-token:0 (2.93.3) 2026-02-02T15:20:18.033Z #_useSession end

[90mstdout[2m | tests/property/scoped-roles-processing-efficiency.test.ts[2m > [22m[2mProperty 10: Scoped Roles Processing Efficiency[2m > [22m[2mProperty 10.9: Batch role hierarchy queries should maintain consistency
[22m[39mGoTrueClient@sb-bgxknceshxxifwytalex-auth-token:0 (2.93.3) 2026-02-02T15:20:18.033Z #_useSession begin
GoTrueClient@sb-bgxknceshxxifwytalex-auth-token:0 (2.93.3) 2026-02-02T15:20:18.033Z #__loadSession() begin

[90mstdout[2m | tests/property/scoped-roles-processing-efficiency.test.ts[2m > [22m[2mProperty 10: Scoped Roles Processing Efficiency[2m > [22m[2mProperty 10.9: Batch role hierarchy queries should maintain consistency
[22m[39mGoTrueClient@sb-bgxknceshxxifwytalex-auth-token:0 (2.93.3) 2026-02-02T15:20:18.033Z #getSession() session from storage [1mnull[22m
GoTrueClient@sb-bgxknceshxxifwytalex-auth-token:0 (2.93.3) 2026-02-02T15:20:18.033Z #__loadSession() end

[90mstdout[2m | tests/property/scoped-roles-processing-efficiency.test.ts[2m > [22m[2mProperty 10: Scoped Roles Processing Efficiency[2m > [22m[2mProperty 10.9: Batch role hierarchy queries should maintain consistency
[22m[39mGoTrueClient@sb-bgxknceshxxifwytalex-auth-token:0 (2.93.3) 2026-02-02T15:20:18.034Z #_useSession end

[90mstdout[2m | tests/property/scoped-roles-processing-efficiency.test.ts[2m > [22m[2mProperty 10: Scoped Roles Processing Efficiency[2m > [22m[2mProperty 10.9: Batch role hierarchy queries should maintain consistency
[22m[39mGoTrueClient@sb-bgxknceshxxifwytalex-auth-token:0 (2.93.3) 2026-02-02T15:20:18.034Z #_useSession begin
GoTrueClient@sb-bgxknceshxxifwytalex-auth-token:0 (2.93.3) 2026-02-02T15:20:18.034Z #__loadSession() begin

[90mstdout[2m | tests/property/scoped-roles-processing-efficiency.test.ts[2m > [22m[2mProperty 10: Scoped Roles Processing Efficiency[2m > [22m[2mProperty 10.9: Batch role hierarchy queries should maintain consistency
[22m[39mGoTrueClient@sb-bgxknceshxxifwytalex-auth-token:0 (2.93.3) 2026-02-02T15:20:18.034Z #getSession() session from storage [1mnull[22m
GoTrueClient@sb-bgxknceshxxifwytalex-auth-token:0 (2.93.3) 2026-02-02T15:20:18.034Z #__loadSession() end

[90mstdout[2m | tests/property/scoped-roles-processing-efficiency.test.ts[2m > [22m[2mProperty 10: Scoped Roles Processing Efficiency[2m > [22m[2mProperty 10.9: Batch role hierarchy queries should maintain consistency
[22m[39mGoTrueClient@sb-bgxknceshxxifwytalex-auth-token:0 (2.93.3) 2026-02-02T15:20:18.035Z #_useSession end

[90mstdout[2m | tests/property/scoped-roles-processing-efficiency.test.ts[2m > [22m[2mProperty 10: Scoped Roles Processing Efficiency[2m > [22m[2mProperty 10.9: Batch role hierarchy queries should maintain consistency
[22m[39mGoTrueClient@sb-bgxknceshxxifwytalex-auth-token:0 (2.93.3) 2026-02-02T15:20:18.035Z #_useSession begin
GoTrueClient@sb-bgxknceshxxifwytalex-auth-token:0 (2.93.3) 2026-02-02T15:20:18.035Z #__loadSession() begin

[90mstdout[2m | tests/property/scoped-roles-processing-efficiency.test.ts[2m > [22m[2mProperty 10: Scoped Roles Processing Efficiency[2m > [22m[2mProperty 10.9: Batch role hierarchy queries should maintain consistency
[22m[39mGoTrueClient@sb-bgxknceshxxifwytalex-auth-token:0 (2.93.3) 2026-02-02T15:20:18.035Z #getSession() session from storage [1mnull[22m
GoTrueClient@sb-bgxknceshxxifwytalex-auth-token:0 (2.93.3) 2026-02-02T15:20:18.035Z #__loadSession() end

[90mstdout[2m | tests/property/scoped-roles-processing-efficiency.test.ts[2m > [22m[2mProperty 10: Scoped Roles Processing Efficiency[2m > [22m[2mProperty 10.9: Batch role hierarchy queries should maintain consistency
[22m[39mGoTrueClient@sb-bgxknceshxxifwytalex-auth-token:0 (2.93.3) 2026-02-02T15:20:18.036Z #_useSession end

[90mstdout[2m | tests/property/scoped-roles-processing-efficiency.test.ts[2m > [22m[2mProperty 10: Scoped Roles Processing Efficiency[2m > [22m[2mProperty 10.9: Batch role hierarchy queries should maintain consistency
[22m[39mGoTrueClient@sb-bgxknceshxxifwytalex-auth-token:0 (2.93.3) 2026-02-02T15:20:18.036Z #_useSession begin
GoTrueClient@sb-bgxknceshxxifwytalex-auth-token:0 (2.93.3) 2026-02-02T15:20:18.036Z #__loadSession() begin

[90mstdout[2m | tests/property/scoped-roles-processing-efficiency.test.ts[2m > [22m[2mProperty 10: Scoped Roles Processing Efficiency[2m > [22m[2mProperty 10.9: Batch role hierarchy queries should maintain consistency
[22m[39mGoTrueClient@sb-bgxknceshxxifwytalex-auth-token:0 (2.93.3) 2026-02-02T15:20:18.036Z #getSession() session from storage [1mnull[22m
GoTrueClient@sb-bgxknceshxxifwytalex-auth-token:0 (2.93.3) 2026-02-02T15:20:18.036Z #__loadSession() end

[90mstdout[2m | tests/property/scoped-roles-processing-efficiency.test.ts[2m > [22m[2mProperty 10: Scoped Roles Processing Efficiency[2m > [22m[2mProperty 10.9: Batch role hierarchy queries should maintain consistency
[22m[39mGoTrueClient@sb-bgxknceshxxifwytalex-auth-token:0 (2.93.3) 2026-02-02T15:20:18.036Z #_useSession end

[90mstdout[2m | tests/property/scoped-roles-processing-efficiency.test.ts[2m > [22m[2mProperty 10: Scoped Roles Processing Efficiency[2m > [22m[2mProperty 10.9: Batch role hierarchy queries should maintain consistency
[22m[39mGoTrueClient@sb-bgxknceshxxifwytalex-auth-token:0 (2.93.3) 2026-02-02T15:20:18.037Z #_useSession begin
GoTrueClient@sb-bgxknceshxxifwytalex-auth-token:0 (2.93.3) 2026-02-02T15:20:18.037Z #__loadSession() begin

[90mstdout[2m | tests/property/scoped-roles-processing-efficiency.test.ts[2m > [22m[2mProperty 10: Scoped Roles Processing Efficiency[2m > [22m[2mProperty 10.9: Batch role hierarchy queries should maintain consistency
[22m[39mGoTrueClient@sb-bgxknceshxxifwytalex-auth-token:0 (2.93.3) 2026-02-02T15:20:18.037Z #getSession() session from storage [1mnull[22m
GoTrueClient@sb-bgxknceshxxifwytalex-auth-token:0 (2.93.3) 2026-02-02T15:20:18.037Z #__loadSession() end

[90mstdout[2m | tests/property/scoped-roles-processing-efficiency.test.ts[2m > [22m[2mProperty 10: Scoped Roles Processing Efficiency[2m > [22m[2mProperty 10.9: Batch role hierarchy queries should maintain consistency
[22m[39mGoTrueClient@sb-bgxknceshxxifwytalex-auth-token:0 (2.93.3) 2026-02-02T15:20:18.039Z #_useSession end

[90mstdout[2m | tests/property/scoped-roles-processing-efficiency.test.ts[2m > [22m[2mProperty 10: Scoped Roles Processing Efficiency[2m > [22m[2mProperty 10.9: Batch role hierarchy queries should maintain consistency
[22m[39mGoTrueClient@sb-bgxknceshxxifwytalex-auth-token:0 (2.93.3) 2026-02-02T15:20:18.039Z #_useSession begin
GoTrueClient@sb-bgxknceshxxifwytalex-auth-token:0 (2.93.3) 2026-02-02T15:20:18.039Z #__loadSession() begin

[90mstdout[2m | tests/property/scoped-roles-processing-efficiency.test.ts[2m > [22m[2mProperty 10: Scoped Roles Processing Efficiency[2m > [22m[2mProperty 10.9: Batch role hierarchy queries should maintain consistency
[22m[39mGoTrueClient@sb-bgxknceshxxifwytalex-auth-token:0 (2.93.3) 2026-02-02T15:20:18.039Z #getSession() session from storage [1mnull[22m
GoTrueClient@sb-bgxknceshxxifwytalex-auth-token:0 (2.93.3) 2026-02-02T15:20:18.039Z #__loadSession() end

[90mstdout[2m | tests/property/scoped-roles-processing-efficiency.test.ts[2m > [22m[2mProperty 10: Scoped Roles Processing Efficiency[2m > [22m[2mProperty 10.9: Batch role hierarchy queries should maintain consistency
[22m[39mGoTrueClient@sb-bgxknceshxxifwytalex-auth-token:0 (2.93.3) 2026-02-02T15:20:18.040Z #_useSession end

[90mstdout[2m | tests/property/scoped-roles-processing-efficiency.test.ts[2m > [22m[2mProperty 10: Scoped Roles Processing Efficiency[2m > [22m[2mProperty 10.9: Batch role hierarchy queries should maintain consistency
[22m[39mGoTrueClient@sb-bgxknceshxxifwytalex-auth-token:0 (2.93.3) 2026-02-02T15:20:18.040Z #_useSession begin
GoTrueClient@sb-bgxknceshxxifwytalex-auth-token:0 (2.93.3) 2026-02-02T15:20:18.040Z #__loadSession() begin

[90mstdout[2m | tests/property/scoped-roles-processing-efficiency.test.ts[2m > [22m[2mProperty 10: Scoped Roles Processing Efficiency[2m > [22m[2mProperty 10.9: Batch role hierarchy queries should maintain consistency
[22m[39mGoTrueClient@sb-bgxknceshxxifwytalex-auth-token:0 (2.93.3) 2026-02-02T15:20:18.041Z #getSession() session from storage [1mnull[22m
GoTrueClient@sb-bgxknceshxxifwytalex-auth-token:0 (2.93.3) 2026-02-02T15:20:18.041Z #__loadSession() end

[90mstdout[2m | tests/property/scoped-roles-processing-efficiency.test.ts[2m > [22m[2mProperty 10: Scoped Roles Processing Efficiency[2m > [22m[2mProperty 10.9: Batch role hierarchy queries should maintain consistency
[22m[39mGoTrueClient@sb-bgxknceshxxifwytalex-auth-token:0 (2.93.3) 2026-02-02T15:20:18.042Z #_useSession end

[90mstdout[2m | tests/property/scoped-roles-processing-efficiency.test.ts[2m > [22m[2mProperty 10: Scoped Roles Processing Efficiency[2m > [22m[2mProperty 10.9: Batch role hierarchy queries should maintain consistency
[22m[39mGoTrueClient@sb-bgxknceshxxifwytalex-auth-token:0 (2.93.3) 2026-02-02T15:20:18.042Z #_useSession begin
GoTrueClient@sb-bgxknceshxxifwytalex-auth-token:0 (2.93.3) 2026-02-02T15:20:18.042Z #__loadSession() begin

[90mstdout[2m | tests/property/scoped-roles-processing-efficiency.test.ts[2m > [22m[2mProperty 10: Scoped Roles Processing Efficiency[2m > [22m[2mProperty 10.9: Batch role hierarchy queries should maintain consistency
[22m[39mGoTrueClient@sb-bgxknceshxxifwytalex-auth-token:0 (2.93.3) 2026-02-02T15:20:18.042Z #getSession() session from storage [1mnull[22m
GoTrueClient@sb-bgxknceshxxifwytalex-auth-token:0 (2.93.3) 2026-02-02T15:20:18.042Z #__loadSession() end

[90mstdout[2m | tests/property/scoped-roles-processing-efficiency.test.ts[2m > [22m[2mProperty 10: Scoped Roles Processing Efficiency[2m > [22m[2mProperty 10.9: Batch role hierarchy queries should maintain consistency
[22m[39mGoTrueClient@sb-bgxknceshxxifwytalex-auth-token:0 (2.93.3) 2026-02-02T15:20:18.043Z #_useSession end

[90mstdout[2m | tests/property/scoped-roles-processing-efficiency.test.ts[2m > [22m[2mProperty 10: Scoped Roles Processing Efficiency[2m > [22m[2mProperty 10.9: Batch role hierarchy queries should maintain consistency
[22m[39mGoTrueClient@sb-bgxknceshxxifwytalex-auth-token:0 (2.93.3) 2026-02-02T15:20:18.043Z #_useSession begin
GoTrueClient@sb-bgxknceshxxifwytalex-auth-token:0 (2.93.3) 2026-02-02T15:20:18.043Z #__loadSession() begin

[90mstdout[2m | tests/property/scoped-roles-processing-efficiency.test.ts[2m > [22m[2mProperty 10: Scoped Roles Processing Efficiency[2m > [22m[2mProperty 10.9: Batch role hierarchy queries should maintain consistency
[22m[39mGoTrueClient@sb-bgxknceshxxifwytalex-auth-token:0 (2.93.3) 2026-02-02T15:20:18.043Z #getSession() session from storage [1mnull[22m
GoTrueClient@sb-bgxknceshxxifwytalex-auth-token:0 (2.93.3) 2026-02-02T15:20:18.043Z #__loadSession() end

[90mstdout[2m | tests/property/scoped-roles-processing-efficiency.test.ts[2m > [22m[2mProperty 10: Scoped Roles Processing Efficiency[2m > [22m[2mProperty 10.9: Batch role hierarchy queries should maintain consistency
[22m[39mGoTrueClient@sb-bgxknceshxxifwytalex-auth-token:0 (2.93.3) 2026-02-02T15:20:18.044Z #_useSession end

[90mstdout[2m | tests/property/scoped-roles-processing-efficiency.test.ts[2m > [22m[2mProperty 10: Scoped Roles Processing Efficiency[2m > [22m[2mProperty 10.9: Batch role hierarchy queries should maintain consistency
[22m[39mGoTrueClient@sb-bgxknceshxxifwytalex-auth-token:0 (2.93.3) 2026-02-02T15:20:18.044Z #_useSession begin
GoTrueClient@sb-bgxknceshxxifwytalex-auth-token:0 (2.93.3) 2026-02-02T15:20:18.044Z #__loadSession() begin

[90mstdout[2m | tests/property/scoped-roles-processing-efficiency.test.ts[2m > [22m[2mProperty 10: Scoped Roles Processing Efficiency[2m > [22m[2mProperty 10.9: Batch role hierarchy queries should maintain consistency
[22m[39mGoTrueClient@sb-bgxknceshxxifwytalex-auth-token:0 (2.93.3) 2026-02-02T15:20:18.044Z #getSession() session from storage [1mnull[22m
GoTrueClient@sb-bgxknceshxxifwytalex-auth-token:0 (2.93.3) 2026-02-02T15:20:18.044Z #__loadSession() end

[90mstdout[2m | tests/property/scoped-roles-processing-efficiency.test.ts[2m > [22m[2mProperty 10: Scoped Roles Processing Efficiency[2m > [22m[2mProperty 10.9: Batch role hierarchy queries should maintain consistency
[22m[39mGoTrueClient@sb-bgxknceshxxifwytalex-auth-token:0 (2.93.3) 2026-02-02T15:20:18.045Z #_useSession end

[90mstdout[2m | tests/property/scoped-roles-processing-efficiency.test.ts[2m > [22m[2mProperty 10: Scoped Roles Processing Efficiency[2m > [22m[2mProperty 10.9: Batch role hierarchy queries should maintain consistency
[22m[39mGoTrueClient@sb-bgxknceshxxifwytalex-auth-token:0 (2.93.3) 2026-02-02T15:20:18.045Z #_useSession begin
GoTrueClient@sb-bgxknceshxxifwytalex-auth-token:0 (2.93.3) 2026-02-02T15:20:18.045Z #__loadSession() begin

[90mstdout[2m | tests/property/scoped-roles-processing-efficiency.test.ts[2m > [22m[2mProperty 10: Scoped Roles Processing Efficiency[2m > [22m[2mProperty 10.9: Batch role hierarchy queries should maintain consistency
[22m[39mGoTrueClient@sb-bgxknceshxxifwytalex-auth-token:0 (2.93.3) 2026-02-02T15:20:18.046Z #getSession() session from storage [1mnull[22m
GoTrueClient@sb-bgxknceshxxifwytalex-auth-token:0 (2.93.3) 2026-02-02T15:20:18.046Z #__loadSession() end

[90mstdout[2m | tests/property/scoped-roles-processing-efficiency.test.ts[2m > [22m[2mProperty 10: Scoped Roles Processing Efficiency[2m > [22m[2mProperty 10.9: Batch role hierarchy queries should maintain consistency
[22m[39mGoTrueClient@sb-bgxknceshxxifwytalex-auth-token:0 (2.93.3) 2026-02-02T15:20:18.046Z #_useSession end

[90mstdout[2m | tests/property/scoped-roles-processing-efficiency.test.ts[2m > [22m[2mProperty 10: Scoped Roles Processing Efficiency[2m > [22m[2mProperty 10.9: Batch role hierarchy queries should maintain consistency
[22m[39mGoTrueClient@sb-bgxknceshxxifwytalex-auth-token:0 (2.93.3) 2026-02-02T15:20:18.047Z #_useSession begin
GoTrueClient@sb-bgxknceshxxifwytalex-auth-token:0 (2.93.3) 2026-02-02T15:20:18.047Z #__loadSession() begin

[90mstdout[2m | tests/property/scoped-roles-processing-efficiency.test.ts[2m > [22m[2mProperty 10: Scoped Roles Processing Efficiency[2m > [22m[2mProperty 10.9: Batch role hierarchy queries should maintain consistency
[22m[39mGoTrueClient@sb-bgxknceshxxifwytalex-auth-token:0 (2.93.3) 2026-02-02T15:20:18.047Z #getSession() session from storage [1mnull[22m
GoTrueClient@sb-bgxknceshxxifwytalex-auth-token:0 (2.93.3) 2026-02-02T15:20:18.047Z #__loadSession() end

[90mstdout[2m | tests/property/scoped-roles-processing-efficiency.test.ts[2m > [22m[2mProperty 10: Scoped Roles Processing Efficiency[2m > [22m[2mProperty 10.9: Batch role hierarchy queries should maintain consistency
[22m[39mGoTrueClient@sb-bgxknceshxxifwytalex-auth-token:0 (2.93.3) 2026-02-02T15:20:18.047Z #_useSession end

[90mstdout[2m | tests/property/scoped-roles-processing-efficiency.test.ts[2m > [22m[2mProperty 10: Scoped Roles Processing Efficiency[2m > [22m[2mProperty 10.9: Batch role hierarchy queries should maintain consistency
[22m[39mGoTrueClient@sb-bgxknceshxxifwytalex-auth-token:0 (2.93.3) 2026-02-02T15:20:18.048Z #_useSession begin
GoTrueClient@sb-bgxknceshxxifwytalex-auth-token:0 (2.93.3) 2026-02-02T15:20:18.048Z #__loadSession() begin

[90mstdout[2m | tests/property/scoped-roles-processing-efficiency.test.ts[2m > [22m[2mProperty 10: Scoped Roles Processing Efficiency[2m > [22m[2mProperty 10.9: Batch role hierarchy queries should maintain consistency
[22m[39mGoTrueClient@sb-bgxknceshxxifwytalex-auth-token:0 (2.93.3) 2026-02-02T15:20:18.048Z #getSession() session from storage [1mnull[22m
GoTrueClient@sb-bgxknceshxxifwytalex-auth-token:0 (2.93.3) 2026-02-02T15:20:18.048Z #__loadSession() end

[90mstdout[2m | tests/property/scoped-roles-processing-efficiency.test.ts[2m > [22m[2mProperty 10: Scoped Roles Processing Efficiency[2m > [22m[2mProperty 10.9: Batch role hierarchy queries should maintain consistency
[22m[39mGoTrueClient@sb-bgxknceshxxifwytalex-auth-token:0 (2.93.3) 2026-02-02T15:20:18.049Z #_useSession end

[90mstdout[2m | tests/property/scoped-roles-processing-efficiency.test.ts[2m > [22m[2mProperty 10: Scoped Roles Processing Efficiency[2m > [22m[2mProperty 10.9: Batch role hierarchy queries should maintain consistency
[22m[39mGoTrueClient@sb-bgxknceshxxifwytalex-auth-token:0 (2.93.3) 2026-02-02T15:20:18.049Z #_useSession begin
GoTrueClient@sb-bgxknceshxxifwytalex-auth-token:0 (2.93.3) 2026-02-02T15:20:18.049Z #__loadSession() begin

[90mstdout[2m | tests/property/scoped-roles-processing-efficiency.test.ts[2m > [22m[2mProperty 10: Scoped Roles Processing Efficiency[2m > [22m[2mProperty 10.9: Batch role hierarchy queries should maintain consistency
[22m[39mGoTrueClient@sb-bgxknceshxxifwytalex-auth-token:0 (2.93.3) 2026-02-02T15:20:18.049Z #getSession() session from storage [1mnull[22m
GoTrueClient@sb-bgxknceshxxifwytalex-auth-token:0 (2.93.3) 2026-02-02T15:20:18.049Z #__loadSession() end

[90mstdout[2m | tests/property/scoped-roles-processing-efficiency.test.ts[2m > [22m[2mProperty 10: Scoped Roles Processing Efficiency[2m > [22m[2mProperty 10.9: Batch role hierarchy queries should maintain consistency
[22m[39mGoTrueClient@sb-bgxknceshxxifwytalex-auth-token:0 (2.93.3) 2026-02-02T15:20:18.050Z #_useSession end

[90mstdout[2m | tests/property/scoped-roles-processing-efficiency.test.ts[2m > [22m[2mProperty 10: Scoped Roles Processing Efficiency[2m > [22m[2mProperty 10.9: Batch role hierarchy queries should maintain consistency
[22m[39mGoTrueClient@sb-bgxknceshxxifwytalex-auth-token:0 (2.93.3) 2026-02-02T15:20:18.050Z #_useSession begin
GoTrueClient@sb-bgxknceshxxifwytalex-auth-token:0 (2.93.3) 2026-02-02T15:20:18.050Z #__loadSession() begin

[90mstdout[2m | tests/property/scoped-roles-processing-efficiency.test.ts[2m > [22m[2mProperty 10: Scoped Roles Processing Efficiency[2m > [22m[2mProperty 10.9: Batch role hierarchy queries should maintain consistency
[22m[39mGoTrueClient@sb-bgxknceshxxifwytalex-auth-token:0 (2.93.3) 2026-02-02T15:20:18.050Z #getSession() session from storage [1mnull[22m
GoTrueClient@sb-bgxknceshxxifwytalex-auth-token:0 (2.93.3) 2026-02-02T15:20:18.050Z #__loadSession() end

[90mstdout[2m | tests/property/scoped-roles-processing-efficiency.test.ts[2m > [22m[2mProperty 10: Scoped Roles Processing Efficiency[2m > [22m[2mProperty 10.9: Batch role hierarchy queries should maintain consistency
[22m[39mGoTrueClient@sb-bgxknceshxxifwytalex-auth-token:0 (2.93.3) 2026-02-02T15:20:18.051Z #_useSession end

[90mstdout[2m | tests/property/scoped-roles-processing-efficiency.test.ts[2m > [22m[2mProperty 10: Scoped Roles Processing Efficiency[2m > [22m[2mProperty 10.9: Batch role hierarchy queries should maintain consistency
[22m[39mGoTrueClient@sb-bgxknceshxxifwytalex-auth-token:0 (2.93.3) 2026-02-02T15:20:18.051Z #_useSession begin
GoTrueClient@sb-bgxknceshxxifwytalex-auth-token:0 (2.93.3) 2026-02-02T15:20:18.051Z #__loadSession() begin

[90mstdout[2m | tests/property/scoped-roles-processing-efficiency.test.ts[2m > [22m[2mProperty 10: Scoped Roles Processing Efficiency[2m > [22m[2mProperty 10.9: Batch role hierarchy queries should maintain consistency
[22m[39mGoTrueClient@sb-bgxknceshxxifwytalex-auth-token:0 (2.93.3) 2026-02-02T15:20:18.051Z #getSession() session from storage [1mnull[22m
GoTrueClient@sb-bgxknceshxxifwytalex-auth-token:0 (2.93.3) 2026-02-02T15:20:18.051Z #__loadSession() end

[90mstdout[2m | tests/property/scoped-roles-processing-efficiency.test.ts[2m > [22m[2mProperty 10: Scoped Roles Processing Efficiency[2m > [22m[2mProperty 10.9: Batch role hierarchy queries should maintain consistency
[22m[39mGoTrueClient@sb-bgxknceshxxifwytalex-auth-token:0 (2.93.3) 2026-02-02T15:20:18.052Z #_useSession end

[90mstdout[2m | tests/property/scoped-roles-processing-efficiency.test.ts[2m > [22m[2mProperty 10: Scoped Roles Processing Efficiency[2m > [22m[2mProperty 10.9: Batch role hierarchy queries should maintain consistency
[22m[39mGoTrueClient@sb-bgxknceshxxifwytalex-auth-token:0 (2.93.3) 2026-02-02T15:20:18.052Z #_useSession begin
GoTrueClient@sb-bgxknceshxxifwytalex-auth-token:0 (2.93.3) 2026-02-02T15:20:18.052Z #__loadSession() begin

[90mstdout[2m | tests/property/scoped-roles-processing-efficiency.test.ts[2m > [22m[2mProperty 10: Scoped Roles Processing Efficiency[2m > [22m[2mProperty 10.9: Batch role hierarchy queries should maintain consistency
[22m[39mGoTrueClient@sb-bgxknceshxxifwytalex-auth-token:0 (2.93.3) 2026-02-02T15:20:18.052Z #getSession() session from storage [1mnull[22m
GoTrueClient@sb-bgxknceshxxifwytalex-auth-token:0 (2.93.3) 2026-02-02T15:20:18.052Z #__loadSession() end

[90mstdout[2m | tests/property/scoped-roles-processing-efficiency.test.ts[2m > [22m[2mProperty 10: Scoped Roles Processing Efficiency[2m > [22m[2mProperty 10.9: Batch role hierarchy queries should maintain consistency
[22m[39mGoTrueClient@sb-bgxknceshxxifwytalex-auth-token:0 (2.93.3) 2026-02-02T15:20:18.053Z #_useSession end

[90mstdout[2m | tests/property/scoped-roles-processing-efficiency.test.ts[2m > [22m[2mProperty 10: Scoped Roles Processing Efficiency[2m > [22m[2mProperty 10.9: Batch role hierarchy queries should maintain consistency
[22m[39mGoTrueClient@sb-bgxknceshxxifwytalex-auth-token:0 (2.93.3) 2026-02-02T15:20:18.053Z #_useSession begin
GoTrueClient@sb-bgxknceshxxifwytalex-auth-token:0 (2.93.3) 2026-02-02T15:20:18.053Z #__loadSession() begin

[90mstdout[2m | tests/property/scoped-roles-processing-efficiency.test.ts[2m > [22m[2mProperty 10: Scoped Roles Processing Efficiency[2m > [22m[2mProperty 10.9: Batch role hierarchy queries should maintain consistency
[22m[39mGoTrueClient@sb-bgxknceshxxifwytalex-auth-token:0 (2.93.3) 2026-02-02T15:20:18.053Z #getSession() session from storage [1mnull[22m
GoTrueClient@sb-bgxknceshxxifwytalex-auth-token:0 (2.93.3) 2026-02-02T15:20:18.053Z #__loadSession() end

[90mstdout[2m | tests/property/scoped-roles-processing-efficiency.test.ts[2m > [22m[2mProperty 10: Scoped Roles Processing Efficiency[2m > [22m[2mProperty 10.9: Batch role hierarchy queries should maintain consistency
[22m[39mGoTrueClient@sb-bgxknceshxxifwytalex-auth-token:0 (2.93.3) 2026-02-02T15:20:18.054Z #_useSession end

[90mstdout[2m | tests/property/scoped-roles-processing-efficiency.test.ts[2m > [22m[2mProperty 10: Scoped Roles Processing Efficiency[2m > [22m[2mProperty 10.9: Batch role hierarchy queries should maintain consistency
[22m[39mGoTrueClient@sb-bgxknceshxxifwytalex-auth-token:0 (2.93.3) 2026-02-02T15:20:18.055Z #_useSession begin
GoTrueClient@sb-bgxknceshxxifwytalex-auth-token:0 (2.93.3) 2026-02-02T15:20:18.055Z #__loadSession() begin

[90mstdout[2m | tests/property/scoped-roles-processing-efficiency.test.ts[2m > [22m[2mProperty 10: Scoped Roles Processing Efficiency[2m > [22m[2mProperty 10.9: Batch role hierarchy queries should maintain consistency
[22m[39mGoTrueClient@sb-bgxknceshxxifwytalex-auth-token:0 (2.93.3) 2026-02-02T15:20:18.055Z #getSession() session from storage [1mnull[22m
GoTrueClient@sb-bgxknceshxxifwytalex-auth-token:0 (2.93.3) 2026-02-02T15:20:18.055Z #__loadSession() end

[90mstdout[2m | tests/property/scoped-roles-processing-efficiency.test.ts[2m > [22m[2mProperty 10: Scoped Roles Processing Efficiency[2m > [22m[2mProperty 10.9: Batch role hierarchy queries should maintain consistency
[22m[39mGoTrueClient@sb-bgxknceshxxifwytalex-auth-token:0 (2.93.3) 2026-02-02T15:20:18.057Z #_useSession end

[90mstdout[2m | tests/property/scoped-roles-processing-efficiency.test.ts[2m > [22m[2mProperty 10: Scoped Roles Processing Efficiency[2m > [22m[2mProperty 10.9: Batch role hierarchy queries should maintain consistency
[22m[39mGoTrueClient@sb-bgxknceshxxifwytalex-auth-token:0 (2.93.3) 2026-02-02T15:20:18.057Z #_useSession begin
GoTrueClient@sb-bgxknceshxxifwytalex-auth-token:0 (2.93.3) 2026-02-02T15:20:18.057Z #__loadSession() begin

[90mstdout[2m | tests/property/scoped-roles-processing-efficiency.test.ts[2m > [22m[2mProperty 10: Scoped Roles Processing Efficiency[2m > [22m[2mProperty 10.9: Batch role hierarchy queries should maintain consistency
[22m[39mGoTrueClient@sb-bgxknceshxxifwytalex-auth-token:0 (2.93.3) 2026-02-02T15:20:18.057Z #getSession() session from storage [1mnull[22m
GoTrueClient@sb-bgxknceshxxifwytalex-auth-token:0 (2.93.3) 2026-02-02T15:20:18.058Z #__loadSession() end

[90mstdout[2m | tests/property/scoped-roles-processing-efficiency.test.ts[2m > [22m[2mProperty 10: Scoped Roles Processing Efficiency[2m > [22m[2mProperty 10.9: Batch role hierarchy queries should maintain consistency
[22m[39mGoTrueClient@sb-bgxknceshxxifwytalex-auth-token:0 (2.93.3) 2026-02-02T15:20:18.059Z #_useSession end

[90mstdout[2m | tests/property/scoped-roles-processing-efficiency.test.ts[2m > [22m[2mProperty 10: Scoped Roles Processing Efficiency[2m > [22m[2mProperty 10.9: Batch role hierarchy queries should maintain consistency
[22m[39mGoTrueClient@sb-bgxknceshxxifwytalex-auth-token:0 (2.93.3) 2026-02-02T15:20:18.059Z #_useSession begin
GoTrueClient@sb-bgxknceshxxifwytalex-auth-token:0 (2.93.3) 2026-02-02T15:20:18.059Z #__loadSession() begin

[90mstdout[2m | tests/property/scoped-roles-processing-efficiency.test.ts[2m > [22m[2mProperty 10: Scoped Roles Processing Efficiency[2m > [22m[2mProperty 10.9: Batch role hierarchy queries should maintain consistency
[22m[39mGoTrueClient@sb-bgxknceshxxifwytalex-auth-token:0 (2.93.3) 2026-02-02T15:20:18.059Z #getSession() session from storage [1mnull[22m
GoTrueClient@sb-bgxknceshxxifwytalex-auth-token:0 (2.93.3) 2026-02-02T15:20:18.059Z #__loadSession() end

[90mstdout[2m | tests/property/scoped-roles-processing-efficiency.test.ts[2m > [22m[2mProperty 10: Scoped Roles Processing Efficiency[2m > [22m[2mProperty 10.9: Batch role hierarchy queries should maintain consistency
[22m[39mGoTrueClient@sb-bgxknceshxxifwytalex-auth-token:0 (2.93.3) 2026-02-02T15:20:18.060Z #_useSession end

[90mstdout[2m | tests/property/scoped-roles-processing-efficiency.test.ts[2m > [22m[2mProperty 10: Scoped Roles Processing Efficiency[2m > [22m[2mProperty 10.9: Batch role hierarchy queries should maintain consistency
[22m[39mGoTrueClient@sb-bgxknceshxxifwytalex-auth-token:0 (2.93.3) 2026-02-02T15:20:18.060Z #_useSession begin
GoTrueClient@sb-bgxknceshxxifwytalex-auth-token:0 (2.93.3) 2026-02-02T15:20:18.060Z #__loadSession() begin

[90mstdout[2m | tests/property/scoped-roles-processing-efficiency.test.ts[2m > [22m[2mProperty 10: Scoped Roles Processing Efficiency[2m > [22m[2mProperty 10.9: Batch role hierarchy queries should maintain consistency
[22m[39mGoTrueClient@sb-bgxknceshxxifwytalex-auth-token:0 (2.93.3) 2026-02-02T15:20:18.060Z #getSession() session from storage [1mnull[22m
GoTrueClient@sb-bgxknceshxxifwytalex-auth-token:0 (2.93.3) 2026-02-02T15:20:18.060Z #__loadSession() end

[90mstdout[2m | tests/property/scoped-roles-processing-efficiency.test.ts[2m > [22m[2mProperty 10: Scoped Roles Processing Efficiency[2m > [22m[2mProperty 10.9: Batch role hierarchy queries should maintain consistency
[22m[39mGoTrueClient@sb-bgxknceshxxifwytalex-auth-token:0 (2.93.3) 2026-02-02T15:20:18.062Z #_useSession end

[90mstdout[2m | tests/property/scoped-roles-processing-efficiency.test.ts[2m > [22m[2mProperty 10: Scoped Roles Processing Efficiency[2m > [22m[2mProperty 10.9: Batch role hierarchy queries should maintain consistency
[22m[39mGoTrueClient@sb-bgxknceshxxifwytalex-auth-token:0 (2.93.3) 2026-02-02T15:20:18.062Z #_useSession begin
GoTrueClient@sb-bgxknceshxxifwytalex-auth-token:0 (2.93.3) 2026-02-02T15:20:18.062Z #__loadSession() begin

[90mstdout[2m | tests/property/scoped-roles-processing-efficiency.test.ts[2m > [22m[2mProperty 10: Scoped Roles Processing Efficiency[2m > [22m[2mProperty 10.9: Batch role hierarchy queries should maintain consistency
[22m[39mGoTrueClient@sb-bgxknceshxxifwytalex-auth-token:0 (2.93.3) 2026-02-02T15:20:18.062Z #getSession() session from storage [1mnull[22m
GoTrueClient@sb-bgxknceshxxifwytalex-auth-token:0 (2.93.3) 2026-02-02T15:20:18.062Z #__loadSession() end

[90mstdout[2m | tests/property/scoped-roles-processing-efficiency.test.ts[2m > [22m[2mProperty 10: Scoped Roles Processing Efficiency[2m > [22m[2mProperty 10.9: Batch role hierarchy queries should maintain consistency
[22m[39mGoTrueClient@sb-bgxknceshxxifwytalex-auth-token:0 (2.93.3) 2026-02-02T15:20:18.063Z #_useSession end

[90mstdout[2m | tests/property/scoped-roles-processing-efficiency.test.ts[2m > [22m[2mProperty 10: Scoped Roles Processing Efficiency[2m > [22m[2mProperty 10.9: Batch role hierarchy queries should maintain consistency
[22m[39mGoTrueClient@sb-bgxknceshxxifwytalex-auth-token:0 (2.93.3) 2026-02-02T15:20:18.063Z #_useSession begin
GoTrueClient@sb-bgxknceshxxifwytalex-auth-token:0 (2.93.3) 2026-02-02T15:20:18.063Z #__loadSession() begin

[90mstdout[2m | tests/property/scoped-roles-processing-efficiency.test.ts[2m > [22m[2mProperty 10: Scoped Roles Processing Efficiency[2m > [22m[2mProperty 10.9: Batch role hierarchy queries should maintain consistency
[22m[39mGoTrueClient@sb-bgxknceshxxifwytalex-auth-token:0 (2.93.3) 2026-02-02T15:20:18.064Z #getSession() session from storage [1mnull[22m
GoTrueClient@sb-bgxknceshxxifwytalex-auth-token:0 (2.93.3) 2026-02-02T15:20:18.064Z #__loadSession() end

[90mstdout[2m | tests/property/scoped-roles-processing-efficiency.test.ts[2m > [22m[2mProperty 10: Scoped Roles Processing Efficiency[2m > [22m[2mProperty 10.9: Batch role hierarchy queries should maintain consistency
[22m[39mGoTrueClient@sb-bgxknceshxxifwytalex-auth-token:0 (2.93.3) 2026-02-02T15:20:18.064Z #_useSession end

[90mstdout[2m | tests/property/scoped-roles-processing-efficiency.test.ts[2m > [22m[2mProperty 10: Scoped Roles Processing Efficiency[2m > [22m[2mProperty 10.9: Batch role hierarchy queries should maintain consistency
[22m[39mGoTrueClient@sb-bgxknceshxxifwytalex-auth-token:0 (2.93.3) 2026-02-02T15:20:18.065Z #_useSession begin
GoTrueClient@sb-bgxknceshxxifwytalex-auth-token:0 (2.93.3) 2026-02-02T15:20:18.065Z #__loadSession() begin

[90mstdout[2m | tests/property/scoped-roles-processing-efficiency.test.ts[2m > [22m[2mProperty 10: Scoped Roles Processing Efficiency[2m > [22m[2mProperty 10.9: Batch role hierarchy queries should maintain consistency
[22m[39mGoTrueClient@sb-bgxknceshxxifwytalex-auth-token:0 (2.93.3) 2026-02-02T15:20:18.065Z #getSession() session from storage [1mnull[22m
GoTrueClient@sb-bgxknceshxxifwytalex-auth-token:0 (2.93.3) 2026-02-02T15:20:18.065Z #__loadSession() end

[90mstdout[2m | tests/property/scoped-roles-processing-efficiency.test.ts[2m > [22m[2mProperty 10: Scoped Roles Processing Efficiency[2m > [22m[2mProperty 10.9: Batch role hierarchy queries should maintain consistency
[22m[39mGoTrueClient@sb-bgxknceshxxifwytalex-auth-token:0 (2.93.3) 2026-02-02T15:20:18.066Z #_useSession end

[90mstdout[2m | tests/property/scoped-roles-processing-efficiency.test.ts[2m > [22m[2mProperty 10: Scoped Roles Processing Efficiency[2m > [22m[2mProperty 10.9: Batch role hierarchy queries should maintain consistency
[22m[39mGoTrueClient@sb-bgxknceshxxifwytalex-auth-token:0 (2.93.3) 2026-02-02T15:20:18.066Z #_useSession begin
GoTrueClient@sb-bgxknceshxxifwytalex-auth-token:0 (2.93.3) 2026-02-02T15:20:18.066Z #__loadSession() begin

[90mstdout[2m | tests/property/scoped-roles-processing-efficiency.test.ts[2m > [22m[2mProperty 10: Scoped Roles Processing Efficiency[2m > [22m[2mProperty 10.9: Batch role hierarchy queries should maintain consistency
[22m[39mGoTrueClient@sb-bgxknceshxxifwytalex-auth-token:0 (2.93.3) 2026-02-02T15:20:18.066Z #getSession() session from storage [1mnull[22m
GoTrueClient@sb-bgxknceshxxifwytalex-auth-token:0 (2.93.3) 2026-02-02T15:20:18.066Z #__loadSession() end

[90mstdout[2m | tests/property/scoped-roles-processing-efficiency.test.ts[2m > [22m[2mProperty 10: Scoped Roles Processing Efficiency[2m > [22m[2mProperty 10.9: Batch role hierarchy queries should maintain consistency
[22m[39mGoTrueClient@sb-bgxknceshxxifwytalex-auth-token:0 (2.93.3) 2026-02-02T15:20:18.067Z #_useSession end

[90mstdout[2m | tests/property/scoped-roles-processing-efficiency.test.ts[2m > [22m[2mProperty 10: Scoped Roles Processing Efficiency[2m > [22m[2mProperty 10.9: Batch role hierarchy queries should maintain consistency
[22m[39mGoTrueClient@sb-bgxknceshxxifwytalex-auth-token:0 (2.93.3) 2026-02-02T15:20:18.067Z #_useSession begin
GoTrueClient@sb-bgxknceshxxifwytalex-auth-token:0 (2.93.3) 2026-02-02T15:20:18.067Z #__loadSession() begin

[90mstdout[2m | tests/property/scoped-roles-processing-efficiency.test.ts[2m > [22m[2mProperty 10: Scoped Roles Processing Efficiency[2m > [22m[2mProperty 10.9: Batch role hierarchy queries should maintain consistency
[22m[39mGoTrueClient@sb-bgxknceshxxifwytalex-auth-token:0 (2.93.3) 2026-02-02T15:20:18.068Z #getSession() session from storage [1mnull[22m
GoTrueClient@sb-bgxknceshxxifwytalex-auth-token:0 (2.93.3) 2026-02-02T15:20:18.068Z #__loadSession() end

[90mstdout[2m | tests/property/scoped-roles-processing-efficiency.test.ts[2m > [22m[2mProperty 10: Scoped Roles Processing Efficiency[2m > [22m[2mProperty 10.9: Batch role hierarchy queries should maintain consistency
[22m[39mGoTrueClient@sb-bgxknceshxxifwytalex-auth-token:0 (2.93.3) 2026-02-02T15:20:18.068Z #_useSession end

[90mstdout[2m | tests/property/scoped-roles-processing-efficiency.test.ts[2m > [22m[2mProperty 10: Scoped Roles Processing Efficiency[2m > [22m[2mProperty 10.9: Batch role hierarchy queries should maintain consistency
[22m[39mGoTrueClient@sb-bgxknceshxxifwytalex-auth-token:0 (2.93.3) 2026-02-02T15:20:18.068Z #_useSession begin
GoTrueClient@sb-bgxknceshxxifwytalex-auth-token:0 (2.93.3) 2026-02-02T15:20:18.068Z #__loadSession() begin

[90mstdout[2m | tests/property/scoped-roles-processing-efficiency.test.ts[2m > [22m[2mProperty 10: Scoped Roles Processing Efficiency[2m > [22m[2mProperty 10.9: Batch role hierarchy queries should maintain consistency
[22m[39mGoTrueClient@sb-bgxknceshxxifwytalex-auth-token:0 (2.93.3) 2026-02-02T15:20:18.069Z #getSession() session from storage [1mnull[22m
GoTrueClient@sb-bgxknceshxxifwytalex-auth-token:0 (2.93.3) 2026-02-02T15:20:18.069Z #__loadSession() end

[90mstdout[2m | tests/property/scoped-roles-processing-efficiency.test.ts[2m > [22m[2mProperty 10: Scoped Roles Processing Efficiency[2m > [22m[2mProperty 10.9: Batch role hierarchy queries should maintain consistency
[22m[39mGoTrueClient@sb-bgxknceshxxifwytalex-auth-token:0 (2.93.3) 2026-02-02T15:20:18.069Z #_useSession end

[90mstdout[2m | tests/property/scoped-roles-processing-efficiency.test.ts[2m > [22m[2mProperty 10: Scoped Roles Processing Efficiency[2m > [22m[2mProperty 10.9: Batch role hierarchy queries should maintain consistency
[22m[39mGoTrueClient@sb-bgxknceshxxifwytalex-auth-token:0 (2.93.3) 2026-02-02T15:20:18.070Z #_useSession begin
GoTrueClient@sb-bgxknceshxxifwytalex-auth-token:0 (2.93.3) 2026-02-02T15:20:18.070Z #__loadSession() begin

[90mstdout[2m | tests/property/scoped-roles-processing-efficiency.test.ts[2m > [22m[2mProperty 10: Scoped Roles Processing Efficiency[2m > [22m[2mProperty 10.9: Batch role hierarchy queries should maintain consistency
[22m[39mGoTrueClient@sb-bgxknceshxxifwytalex-auth-token:0 (2.93.3) 2026-02-02T15:20:18.070Z #getSession() session from storage [1mnull[22m
GoTrueClient@sb-bgxknceshxxifwytalex-auth-token:0 (2.93.3) 2026-02-02T15:20:18.070Z #__loadSession() end

[90mstdout[2m | tests/property/scoped-roles-processing-efficiency.test.ts[2m > [22m[2mProperty 10: Scoped Roles Processing Efficiency[2m > [22m[2mProperty 10.9: Batch role hierarchy queries should maintain consistency
[22m[39mGoTrueClient@sb-bgxknceshxxifwytalex-auth-token:0 (2.93.3) 2026-02-02T15:20:18.072Z #_useSession end

[90mstdout[2m | tests/property/scoped-roles-processing-efficiency.test.ts[2m > [22m[2mProperty 10: Scoped Roles Processing Efficiency[2m > [22m[2mProperty 10.9: Batch role hierarchy queries should maintain consistency
[22m[39mGoTrueClient@sb-bgxknceshxxifwytalex-auth-token:0 (2.93.3) 2026-02-02T15:20:18.072Z #_useSession begin
GoTrueClient@sb-bgxknceshxxifwytalex-auth-token:0 (2.93.3) 2026-02-02T15:20:18.072Z #__loadSession() begin

[90mstdout[2m | tests/property/scoped-roles-processing-efficiency.test.ts[2m > [22m[2mProperty 10: Scoped Roles Processing Efficiency[2m > [22m[2mProperty 10.9: Batch role hierarchy queries should maintain consistency
[22m[39mGoTrueClient@sb-bgxknceshxxifwytalex-auth-token:0 (2.93.3) 2026-02-02T15:20:18.073Z #getSession() session from storage [1mnull[22m
GoTrueClient@sb-bgxknceshxxifwytalex-auth-token:0 (2.93.3) 2026-02-02T15:20:18.073Z #__loadSession() end

[90mstdout[2m | tests/property/scoped-roles-processing-efficiency.test.ts[2m > [22m[2mProperty 10: Scoped Roles Processing Efficiency[2m > [22m[2mProperty 10.9: Batch role hierarchy queries should maintain consistency
[22m[39mGoTrueClient@sb-bgxknceshxxifwytalex-auth-token:0 (2.93.3) 2026-02-02T15:20:18.074Z #_useSession end

[90mstdout[2m | tests/property/scoped-roles-processing-efficiency.test.ts[2m > [22m[2mProperty 10: Scoped Roles Processing Efficiency[2m > [22m[2mProperty 10.9: Batch role hierarchy queries should maintain consistency
[22m[39mGoTrueClient@sb-bgxknceshxxifwytalex-auth-token:0 (2.93.3) 2026-02-02T15:20:18.074Z #_useSession begin
GoTrueClient@sb-bgxknceshxxifwytalex-auth-token:0 (2.93.3) 2026-02-02T15:20:18.074Z #__loadSession() begin

[90mstdout[2m | tests/property/scoped-roles-processing-efficiency.test.ts[2m > [22m[2mProperty 10: Scoped Roles Processing Efficiency[2m > [22m[2mProperty 10.9: Batch role hierarchy queries should maintain consistency
[22m[39mGoTrueClient@sb-bgxknceshxxifwytalex-auth-token:0 (2.93.3) 2026-02-02T15:20:18.075Z #getSession() session from storage [1mnull[22m
GoTrueClient@sb-bgxknceshxxifwytalex-auth-token:0 (2.93.3) 2026-02-02T15:20:18.075Z #__loadSession() end

[90mstdout[2m | tests/property/scoped-roles-processing-efficiency.test.ts[2m > [22m[2mProperty 10: Scoped Roles Processing Efficiency[2m > [22m[2mProperty 10.9: Batch role hierarchy queries should maintain consistency
[22m[39mGoTrueClient@sb-bgxknceshxxifwytalex-auth-token:0 (2.93.3) 2026-02-02T15:20:18.076Z #_useSession end

[90mstdout[2m | tests/property/scoped-roles-processing-efficiency.test.ts[2m > [22m[2mProperty 10: Scoped Roles Processing Efficiency[2m > [22m[2mProperty 10.9: Batch role hierarchy queries should maintain consistency
[22m[39mGoTrueClient@sb-bgxknceshxxifwytalex-auth-token:0 (2.93.3) 2026-02-02T15:20:18.076Z #_useSession begin
GoTrueClient@sb-bgxknceshxxifwytalex-auth-token:0 (2.93.3) 2026-02-02T15:20:18.077Z #__loadSession() begin

[90mstdout[2m | tests/property/scoped-roles-processing-efficiency.test.ts[2m > [22m[2mProperty 10: Scoped Roles Processing Efficiency[2m > [22m[2mProperty 10.9: Batch role hierarchy queries should maintain consistency
[22m[39mGoTrueClient@sb-bgxknceshxxifwytalex-auth-token:0 (2.93.3) 2026-02-02T15:20:18.077Z #getSession() session from storage [1mnull[22m
GoTrueClient@sb-bgxknceshxxifwytalex-auth-token:0 (2.93.3) 2026-02-02T15:20:18.077Z #__loadSession() end

[90mstdout[2m | tests/property/scoped-roles-processing-efficiency.test.ts[2m > [22m[2mProperty 10: Scoped Roles Processing Efficiency[2m > [22m[2mProperty 10.9: Batch role hierarchy queries should maintain consistency
[22m[39mGoTrueClient@sb-bgxknceshxxifwytalex-auth-token:0 (2.93.3) 2026-02-02T15:20:18.079Z #_useSession end

[90mstdout[2m | tests/property/scoped-roles-processing-efficiency.test.ts[2m > [22m[2mProperty 10: Scoped Roles Processing Efficiency[2m > [22m[2mProperty 10.9: Batch role hierarchy queries should maintain consistency
[22m[39mGoTrueClient@sb-bgxknceshxxifwytalex-auth-token:0 (2.93.3) 2026-02-02T15:20:18.079Z #_useSession begin
GoTrueClient@sb-bgxknceshxxifwytalex-auth-token:0 (2.93.3) 2026-02-02T15:20:18.079Z #__loadSession() begin

[90mstdout[2m | tests/property/scoped-roles-processing-efficiency.test.ts[2m > [22m[2mProperty 10: Scoped Roles Processing Efficiency[2m > [22m[2mProperty 10.9: Batch role hierarchy queries should maintain consistency
[22m[39mGoTrueClient@sb-bgxknceshxxifwytalex-auth-token:0 (2.93.3) 2026-02-02T15:20:18.079Z #getSession() session from storage [1mnull[22m
GoTrueClient@sb-bgxknceshxxifwytalex-auth-token:0 (2.93.3) 2026-02-02T15:20:18.079Z #__loadSession() end

[90mstdout[2m | tests/property/scoped-roles-processing-efficiency.test.ts[2m > [22m[2mProperty 10: Scoped Roles Processing Efficiency[2m > [22m[2mProperty 10.9: Batch role hierarchy queries should maintain consistency
[22m[39mGoTrueClient@sb-bgxknceshxxifwytalex-auth-token:0 (2.93.3) 2026-02-02T15:20:18.080Z #_useSession end

[90mstdout[2m | tests/property/scoped-roles-processing-efficiency.test.ts[2m > [22m[2mProperty 10: Scoped Roles Processing Efficiency[2m > [22m[2mProperty 10.9: Batch role hierarchy queries should maintain consistency
[22m[39mGoTrueClient@sb-bgxknceshxxifwytalex-auth-token:0 (2.93.3) 2026-02-02T15:20:18.080Z #_useSession begin
GoTrueClient@sb-bgxknceshxxifwytalex-auth-token:0 (2.93.3) 2026-02-02T15:20:18.080Z #__loadSession() begin

[90mstdout[2m | tests/property/scoped-roles-processing-efficiency.test.ts[2m > [22m[2mProperty 10: Scoped Roles Processing Efficiency[2m > [22m[2mProperty 10.9: Batch role hierarchy queries should maintain consistency
[22m[39mGoTrueClient@sb-bgxknceshxxifwytalex-auth-token:0 (2.93.3) 2026-02-02T15:20:18.080Z #getSession() session from storage [1mnull[22m
GoTrueClient@sb-bgxknceshxxifwytalex-auth-token:0 (2.93.3) 2026-02-02T15:20:18.080Z #__loadSession() end

[90mstdout[2m | tests/property/scoped-roles-processing-efficiency.test.ts[2m > [22m[2mProperty 10: Scoped Roles Processing Efficiency[2m > [22m[2mProperty 10.9: Batch role hierarchy queries should maintain consistency
[22m[39mGoTrueClient@sb-bgxknceshxxifwytalex-auth-token:0 (2.93.3) 2026-02-02T15:20:18.081Z #_useSession end

[90mstdout[2m | tests/property/scoped-roles-processing-efficiency.test.ts[2m > [22m[2mProperty 10: Scoped Roles Processing Efficiency[2m > [22m[2mProperty 10.9: Batch role hierarchy queries should maintain consistency
[22m[39mGoTrueClient@sb-bgxknceshxxifwytalex-auth-token:0 (2.93.3) 2026-02-02T15:20:18.081Z #_useSession begin
GoTrueClient@sb-bgxknceshxxifwytalex-auth-token:0 (2.93.3) 2026-02-02T15:20:18.081Z #__loadSession() begin

[90mstdout[2m | tests/property/scoped-roles-processing-efficiency.test.ts[2m > [22m[2mProperty 10: Scoped Roles Processing Efficiency[2m > [22m[2mProperty 10.9: Batch role hierarchy queries should maintain consistency
[22m[39mGoTrueClient@sb-bgxknceshxxifwytalex-auth-token:0 (2.93.3) 2026-02-02T15:20:18.081Z #getSession() session from storage [1mnull[22m
GoTrueClient@sb-bgxknceshxxifwytalex-auth-token:0 (2.93.3) 2026-02-02T15:20:18.081Z #__loadSession() end

[90mstdout[2m | tests/property/scoped-roles-processing-efficiency.test.ts[2m > [22m[2mProperty 10: Scoped Roles Processing Efficiency[2m > [22m[2mProperty 10.9: Batch role hierarchy queries should maintain consistency
[22m[39mGoTrueClient@sb-bgxknceshxxifwytalex-auth-token:0 (2.93.3) 2026-02-02T15:20:18.082Z #_useSession end

[90mstdout[2m | tests/property/scoped-roles-processing-efficiency.test.ts[2m > [22m[2mProperty 10: Scoped Roles Processing Efficiency[2m > [22m[2mProperty 10.9: Batch role hierarchy queries should maintain consistency
[22m[39mGoTrueClient@sb-bgxknceshxxifwytalex-auth-token:0 (2.93.3) 2026-02-02T15:20:18.082Z #_useSession begin
GoTrueClient@sb-bgxknceshxxifwytalex-auth-token:0 (2.93.3) 2026-02-02T15:20:18.082Z #__loadSession() begin

[90mstdout[2m | tests/property/scoped-roles-processing-efficiency.test.ts[2m > [22m[2mProperty 10: Scoped Roles Processing Efficiency[2m > [22m[2mProperty 10.9: Batch role hierarchy queries should maintain consistency
[22m[39mGoTrueClient@sb-bgxknceshxxifwytalex-auth-token:0 (2.93.3) 2026-02-02T15:20:18.082Z #getSession() session from storage [1mnull[22m
GoTrueClient@sb-bgxknceshxxifwytalex-auth-token:0 (2.93.3) 2026-02-02T15:20:18.082Z #__loadSession() end

[90mstdout[2m | tests/property/scoped-roles-processing-efficiency.test.ts[2m > [22m[2mProperty 10: Scoped Roles Processing Efficiency[2m > [22m[2mProperty 10.9: Batch role hierarchy queries should maintain consistency
[22m[39mGoTrueClient@sb-bgxknceshxxifwytalex-auth-token:0 (2.93.3) 2026-02-02T15:20:18.083Z #_useSession end

[90mstdout[2m | tests/property/scoped-roles-processing-efficiency.test.ts[2m > [22m[2mProperty 10: Scoped Roles Processing Efficiency[2m > [22m[2mProperty 10.9: Batch role hierarchy queries should maintain consistency
[22m[39mGoTrueClient@sb-bgxknceshxxifwytalex-auth-token:0 (2.93.3) 2026-02-02T15:20:18.083Z #_useSession begin
GoTrueClient@sb-bgxknceshxxifwytalex-auth-token:0 (2.93.3) 2026-02-02T15:20:18.083Z #__loadSession() begin

[90mstdout[2m | tests/property/scoped-roles-processing-efficiency.test.ts[2m > [22m[2mProperty 10: Scoped Roles Processing Efficiency[2m > [22m[2mProperty 10.9: Batch role hierarchy queries should maintain consistency
[22m[39mGoTrueClient@sb-bgxknceshxxifwytalex-auth-token:0 (2.93.3) 2026-02-02T15:20:18.083Z #getSession() session from storage [1mnull[22m
GoTrueClient@sb-bgxknceshxxifwytalex-auth-token:0 (2.93.3) 2026-02-02T15:20:18.083Z #__loadSession() end

[90mstdout[2m | tests/property/scoped-roles-processing-efficiency.test.ts[2m > [22m[2mProperty 10: Scoped Roles Processing Efficiency[2m > [22m[2mProperty 10.9: Batch role hierarchy queries should maintain consistency
[22m[39mGoTrueClient@sb-bgxknceshxxifwytalex-auth-token:0 (2.93.3) 2026-02-02T15:20:18.084Z #_useSession end

[90mstdout[2m | tests/property/scoped-roles-processing-efficiency.test.ts[2m > [22m[2mProperty 10: Scoped Roles Processing Efficiency[2m > [22m[2mProperty 10.9: Batch role hierarchy queries should maintain consistency
[22m[39mGoTrueClient@sb-bgxknceshxxifwytalex-auth-token:0 (2.93.3) 2026-02-02T15:20:18.084Z #_useSession begin
GoTrueClient@sb-bgxknceshxxifwytalex-auth-token:0 (2.93.3) 2026-02-02T15:20:18.084Z #__loadSession() begin

[90mstdout[2m | tests/property/scoped-roles-processing-efficiency.test.ts[2m > [22m[2mProperty 10: Scoped Roles Processing Efficiency[2m > [22m[2mProperty 10.9: Batch role hierarchy queries should maintain consistency
[22m[39mGoTrueClient@sb-bgxknceshxxifwytalex-auth-token:0 (2.93.3) 2026-02-02T15:20:18.084Z #getSession() session from storage [1mnull[22m
GoTrueClient@sb-bgxknceshxxifwytalex-auth-token:0 (2.93.3) 2026-02-02T15:20:18.084Z #__loadSession() end

[90mstdout[2m | tests/property/scoped-roles-processing-efficiency.test.ts[2m > [22m[2mProperty 10: Scoped Roles Processing Efficiency[2m > [22m[2mProperty 10.9: Batch role hierarchy queries should maintain consistency
[22m[39mGoTrueClient@sb-bgxknceshxxifwytalex-auth-token:0 (2.93.3) 2026-02-02T15:20:18.085Z #_useSession end

[90mstdout[2m | tests/property/scoped-roles-processing-efficiency.test.ts[2m > [22m[2mProperty 10: Scoped Roles Processing Efficiency[2m > [22m[2mProperty 10.9: Batch role hierarchy queries should maintain consistency
[22m[39mGoTrueClient@sb-bgxknceshxxifwytalex-auth-token:0 (2.93.3) 2026-02-02T15:20:18.085Z #_useSession begin
GoTrueClient@sb-bgxknceshxxifwytalex-auth-token:0 (2.93.3) 2026-02-02T15:20:18.085Z #__loadSession() begin

[90mstdout[2m | tests/property/scoped-roles-processing-efficiency.test.ts[2m > [22m[2mProperty 10: Scoped Roles Processing Efficiency[2m > [22m[2mProperty 10.9: Batch role hierarchy queries should maintain consistency
[22m[39mGoTrueClient@sb-bgxknceshxxifwytalex-auth-token:0 (2.93.3) 2026-02-02T15:20:18.085Z #getSession() session from storage [1mnull[22m
GoTrueClient@sb-bgxknceshxxifwytalex-auth-token:0 (2.93.3) 2026-02-02T15:20:18.085Z #__loadSession() end

[90mstdout[2m | tests/property/scoped-roles-processing-efficiency.test.ts[2m > [22m[2mProperty 10: Scoped Roles Processing Efficiency[2m > [22m[2mProperty 10.9: Batch role hierarchy queries should maintain consistency
[22m[39mGoTrueClient@sb-bgxknceshxxifwytalex-auth-token:0 (2.93.3) 2026-02-02T15:20:18.086Z #_useSession end

[90mstdout[2m | tests/property/scoped-roles-processing-efficiency.test.ts[2m > [22m[2mProperty 10: Scoped Roles Processing Efficiency[2m > [22m[2mProperty 10.9: Batch role hierarchy queries should maintain consistency
[22m[39mGoTrueClient@sb-bgxknceshxxifwytalex-auth-token:0 (2.93.3) 2026-02-02T15:20:18.086Z #_useSession begin
GoTrueClient@sb-bgxknceshxxifwytalex-auth-token:0 (2.93.3) 2026-02-02T15:20:18.086Z #__loadSession() begin

[90mstdout[2m | tests/property/scoped-roles-processing-efficiency.test.ts[2m > [22m[2mProperty 10: Scoped Roles Processing Efficiency[2m > [22m[2mProperty 10.9: Batch role hierarchy queries should maintain consistency
[22m[39mGoTrueClient@sb-bgxknceshxxifwytalex-auth-token:0 (2.93.3) 2026-02-02T15:20:18.086Z #getSession() session from storage [1mnull[22m
GoTrueClient@sb-bgxknceshxxifwytalex-auth-token:0 (2.93.3) 2026-02-02T15:20:18.086Z #__loadSession() end

[90mstdout[2m | tests/property/scoped-roles-processing-efficiency.test.ts[2m > [22m[2mProperty 10: Scoped Roles Processing Efficiency[2m > [22m[2mProperty 10.9: Batch role hierarchy queries should maintain consistency
[22m[39mGoTrueClient@sb-bgxknceshxxifwytalex-auth-token:0 (2.93.3) 2026-02-02T15:20:18.087Z #_useSession end

[90mstdout[2m | tests/property/scoped-roles-processing-efficiency.test.ts[2m > [22m[2mProperty 10: Scoped Roles Processing Efficiency[2m > [22m[2mProperty 10.9: Batch role hierarchy queries should maintain consistency
[22m[39mGoTrueClient@sb-bgxknceshxxifwytalex-auth-token:0 (2.93.3) 2026-02-02T15:20:18.088Z #_useSession begin
GoTrueClient@sb-bgxknceshxxifwytalex-auth-token:0 (2.93.3) 2026-02-02T15:20:18.088Z #__loadSession() begin

[90mstdout[2m | tests/property/scoped-roles-processing-efficiency.test.ts[2m > [22m[2mProperty 10: Scoped Roles Processing Efficiency[2m > [22m[2mProperty 10.9: Batch role hierarchy queries should maintain consistency
[22m[39mGoTrueClient@sb-bgxknceshxxifwytalex-auth-token:0 (2.93.3) 2026-02-02T15:20:18.088Z #getSession() session from storage [1mnull[22m
GoTrueClient@sb-bgxknceshxxifwytalex-auth-token:0 (2.93.3) 2026-02-02T15:20:18.088Z #__loadSession() end

[90mstdout[2m | tests/property/scoped-roles-processing-efficiency.test.ts[2m > [22m[2mProperty 10: Scoped Roles Processing Efficiency[2m > [22m[2mProperty 10.9: Batch role hierarchy queries should maintain consistency
[22m[39mGoTrueClient@sb-bgxknceshxxifwytalex-auth-token:0 (2.93.3) 2026-02-02T15:20:18.089Z #_useSession end

[90mstdout[2m | tests/property/scoped-roles-processing-efficiency.test.ts[2m > [22m[2mProperty 10: Scoped Roles Processing Efficiency[2m > [22m[2mProperty 10.9: Batch role hierarchy queries should maintain consistency
[22m[39mGoTrueClient@sb-bgxknceshxxifwytalex-auth-token:0 (2.93.3) 2026-02-02T15:20:18.089Z #_useSession begin
GoTrueClient@sb-bgxknceshxxifwytalex-auth-token:0 (2.93.3) 2026-02-02T15:20:18.089Z #__loadSession() begin

[90mstdout[2m | tests/property/scoped-roles-processing-efficiency.test.ts[2m > [22m[2mProperty 10: Scoped Roles Processing Efficiency[2m > [22m[2mProperty 10.9: Batch role hierarchy queries should maintain consistency
[22m[39mGoTrueClient@sb-bgxknceshxxifwytalex-auth-token:0 (2.93.3) 2026-02-02T15:20:18.090Z #getSession() session from storage [1mnull[22m
GoTrueClient@sb-bgxknceshxxifwytalex-auth-token:0 (2.93.3) 2026-02-02T15:20:18.090Z #__loadSession() end

[90mstdout[2m | tests/property/scoped-roles-processing-efficiency.test.ts[2m > [22m[2mProperty 10: Scoped Roles Processing Efficiency[2m > [22m[2mProperty 10.9: Batch role hierarchy queries should maintain consistency
[22m[39mGoTrueClient@sb-bgxknceshxxifwytalex-auth-token:0 (2.93.3) 2026-02-02T15:20:18.091Z #_useSession end

[90mstdout[2m | tests/property/scoped-roles-processing-efficiency.test.ts[2m > [22m[2mProperty 10: Scoped Roles Processing Efficiency[2m > [22m[2mProperty 10.9: Batch role hierarchy queries should maintain consistency
[22m[39mGoTrueClient@sb-bgxknceshxxifwytalex-auth-token:0 (2.93.3) 2026-02-02T15:20:18.091Z #_useSession begin
GoTrueClient@sb-bgxknceshxxifwytalex-auth-token:0 (2.93.3) 2026-02-02T15:20:18.091Z #__loadSession() begin

[90mstdout[2m | tests/property/scoped-roles-processing-efficiency.test.ts[2m > [22m[2mProperty 10: Scoped Roles Processing Efficiency[2m > [22m[2mProperty 10.9: Batch role hierarchy queries should maintain consistency
[22m[39mGoTrueClient@sb-bgxknceshxxifwytalex-auth-token:0 (2.93.3) 2026-02-02T15:20:18.091Z #getSession() session from storage [1mnull[22m
GoTrueClient@sb-bgxknceshxxifwytalex-auth-token:0 (2.93.3) 2026-02-02T15:20:18.091Z #__loadSession() end

[90mstdout[2m | tests/property/scoped-roles-processing-efficiency.test.ts[2m > [22m[2mProperty 10: Scoped Roles Processing Efficiency[2m > [22m[2mProperty 10.9: Batch role hierarchy queries should maintain consistency
[22m[39mGoTrueClient@sb-bgxknceshxxifwytalex-auth-token:0 (2.93.3) 2026-02-02T15:20:18.092Z #_useSession end

[90mstdout[2m | tests/property/scoped-roles-processing-efficiency.test.ts[2m > [22m[2mProperty 10: Scoped Roles Processing Efficiency[2m > [22m[2mProperty 10.9: Batch role hierarchy queries should maintain consistency
[22m[39mGoTrueClient@sb-bgxknceshxxifwytalex-auth-token:0 (2.93.3) 2026-02-02T15:20:18.092Z #_useSession begin
GoTrueClient@sb-bgxknceshxxifwytalex-auth-token:0 (2.93.3) 2026-02-02T15:20:18.092Z #__loadSession() begin

[90mstdout[2m | tests/property/scoped-roles-processing-efficiency.test.ts[2m > [22m[2mProperty 10: Scoped Roles Processing Efficiency[2m > [22m[2mProperty 10.9: Batch role hierarchy queries should maintain consistency
[22m[39mGoTrueClient@sb-bgxknceshxxifwytalex-auth-token:0 (2.93.3) 2026-02-02T15:20:18.092Z #getSession() session from storage [1mnull[22m
GoTrueClient@sb-bgxknceshxxifwytalex-auth-token:0 (2.93.3) 2026-02-02T15:20:18.092Z #__loadSession() end

[90mstdout[2m | tests/property/scoped-roles-processing-efficiency.test.ts[2m > [22m[2mProperty 10: Scoped Roles Processing Efficiency[2m > [22m[2mProperty 10.9: Batch role hierarchy queries should maintain consistency
[22m[39mGoTrueClient@sb-bgxknceshxxifwytalex-auth-token:0 (2.93.3) 2026-02-02T15:20:18.093Z #_useSession end

[90mstdout[2m | tests/property/scoped-roles-processing-efficiency.test.ts[2m > [22m[2mProperty 10: Scoped Roles Processing Efficiency[2m > [22m[2mProperty 10.9: Batch role hierarchy queries should maintain consistency
[22m[39mGoTrueClient@sb-bgxknceshxxifwytalex-auth-token:0 (2.93.3) 2026-02-02T15:20:18.093Z #_useSession begin
GoTrueClient@sb-bgxknceshxxifwytalex-auth-token:0 (2.93.3) 2026-02-02T15:20:18.093Z #__loadSession() begin

[90mstdout[2m | tests/property/scoped-roles-processing-efficiency.test.ts[2m > [22m[2mProperty 10: Scoped Roles Processing Efficiency[2m > [22m[2mProperty 10.9: Batch role hierarchy queries should maintain consistency
[22m[39mGoTrueClient@sb-bgxknceshxxifwytalex-auth-token:0 (2.93.3) 2026-02-02T15:20:18.094Z #getSession() session from storage [1mnull[22m
GoTrueClient@sb-bgxknceshxxifwytalex-auth-token:0 (2.93.3) 2026-02-02T15:20:18.094Z #__loadSession() end

[90mstdout[2m | tests/property/scoped-roles-processing-efficiency.test.ts[2m > [22m[2mProperty 10: Scoped Roles Processing Efficiency[2m > [22m[2mProperty 10.9: Batch role hierarchy queries should maintain consistency
[22m[39mGoTrueClient@sb-bgxknceshxxifwytalex-auth-token:0 (2.93.3) 2026-02-02T15:20:18.094Z #_useSession end

[90mstdout[2m | tests/property/scoped-roles-processing-efficiency.test.ts[2m > [22m[2mProperty 10: Scoped Roles Processing Efficiency[2m > [22m[2mProperty 10.9: Batch role hierarchy queries should maintain consistency
[22m[39mGoTrueClient@sb-bgxknceshxxifwytalex-auth-token:0 (2.93.3) 2026-02-02T15:20:18.094Z #_useSession begin
GoTrueClient@sb-bgxknceshxxifwytalex-auth-token:0 (2.93.3) 2026-02-02T15:20:18.094Z #__loadSession() begin

[90mstdout[2m | tests/property/scoped-roles-processing-efficiency.test.ts[2m > [22m[2mProperty 10: Scoped Roles Processing Efficiency[2m > [22m[2mProperty 10.9: Batch role hierarchy queries should maintain consistency
[22m[39mGoTrueClient@sb-bgxknceshxxifwytalex-auth-token:0 (2.93.3) 2026-02-02T15:20:18.095Z #getSession() session from storage [1mnull[22m
GoTrueClient@sb-bgxknceshxxifwytalex-auth-token:0 (2.93.3) 2026-02-02T15:20:18.095Z #__loadSession() end

[90mstdout[2m | tests/property/scoped-roles-processing-efficiency.test.ts[2m > [22m[2mProperty 10: Scoped Roles Processing Efficiency[2m > [22m[2mProperty 10.9: Batch role hierarchy queries should maintain consistency
[22m[39mGoTrueClient@sb-bgxknceshxxifwytalex-auth-token:0 (2.93.3) 2026-02-02T15:20:18.095Z #_useSession end

[90mstdout[2m | tests/property/scoped-roles-processing-efficiency.test.ts[2m > [22m[2mProperty 10: Scoped Roles Processing Efficiency[2m > [22m[2mProperty 10.9: Batch role hierarchy queries should maintain consistency
[22m[39mGoTrueClient@sb-bgxknceshxxifwytalex-auth-token:0 (2.93.3) 2026-02-02T15:20:18.095Z #_useSession begin
GoTrueClient@sb-bgxknceshxxifwytalex-auth-token:0 (2.93.3) 2026-02-02T15:20:18.096Z #__loadSession() begin

[90mstdout[2m | tests/property/scoped-roles-processing-efficiency.test.ts[2m > [22m[2mProperty 10: Scoped Roles Processing Efficiency[2m > [22m[2mProperty 10.9: Batch role hierarchy queries should maintain consistency
[22m[39mGoTrueClient@sb-bgxknceshxxifwytalex-auth-token:0 (2.93.3) 2026-02-02T15:20:18.096Z #getSession() session from storage [1mnull[22m
GoTrueClient@sb-bgxknceshxxifwytalex-auth-token:0 (2.93.3) 2026-02-02T15:20:18.096Z #__loadSession() end

[90mstdout[2m | tests/property/scoped-roles-processing-efficiency.test.ts[2m > [22m[2mProperty 10: Scoped Roles Processing Efficiency[2m > [22m[2mProperty 10.9: Batch role hierarchy queries should maintain consistency
[22m[39mGoTrueClient@sb-bgxknceshxxifwytalex-auth-token:0 (2.93.3) 2026-02-02T15:20:18.097Z #_useSession end

[90mstdout[2m | tests/property/scoped-roles-processing-efficiency.test.ts[2m > [22m[2mProperty 10: Scoped Roles Processing Efficiency[2m > [22m[2mProperty 10.9: Batch role hierarchy queries should maintain consistency
[22m[39mGoTrueClient@sb-bgxknceshxxifwytalex-auth-token:0 (2.93.3) 2026-02-02T15:20:18.097Z #_useSession begin
GoTrueClient@sb-bgxknceshxxifwytalex-auth-token:0 (2.93.3) 2026-02-02T15:20:18.097Z #__loadSession() begin

[90mstdout[2m | tests/property/scoped-roles-processing-efficiency.test.ts[2m > [22m[2mProperty 10: Scoped Roles Processing Efficiency[2m > [22m[2mProperty 10.9: Batch role hierarchy queries should maintain consistency
[22m[39mGoTrueClient@sb-bgxknceshxxifwytalex-auth-token:0 (2.93.3) 2026-02-02T15:20:18.097Z #getSession() session from storage [1mnull[22m
GoTrueClient@sb-bgxknceshxxifwytalex-auth-token:0 (2.93.3) 2026-02-02T15:20:18.097Z #__loadSession() end

[90mstdout[2m | tests/property/scoped-roles-processing-efficiency.test.ts[2m > [22m[2mProperty 10: Scoped Roles Processing Efficiency[2m > [22m[2mProperty 10.9: Batch role hierarchy queries should maintain consistency
[22m[39mGoTrueClient@sb-bgxknceshxxifwytalex-auth-token:0 (2.93.3) 2026-02-02T15:20:18.098Z #_useSession end

[90mstdout[2m | tests/property/scoped-roles-processing-efficiency.test.ts[2m > [22m[2mProperty 10: Scoped Roles Processing Efficiency[2m > [22m[2mProperty 10.9: Batch role hierarchy queries should maintain consistency
[22m[39mGoTrueClient@sb-bgxknceshxxifwytalex-auth-token:0 (2.93.3) 2026-02-02T15:20:18.098Z #_useSession begin
GoTrueClient@sb-bgxknceshxxifwytalex-auth-token:0 (2.93.3) 2026-02-02T15:20:18.098Z #__loadSession() begin

[90mstdout[2m | tests/property/scoped-roles-processing-efficiency.test.ts[2m > [22m[2mProperty 10: Scoped Roles Processing Efficiency[2m > [22m[2mProperty 10.9: Batch role hierarchy queries should maintain consistency
[22m[39mGoTrueClient@sb-bgxknceshxxifwytalex-auth-token:0 (2.93.3) 2026-02-02T15:20:18.098Z #getSession() session from storage [1mnull[22m
GoTrueClient@sb-bgxknceshxxifwytalex-auth-token:0 (2.93.3) 2026-02-02T15:20:18.098Z #__loadSession() end

[90mstdout[2m | tests/property/scoped-roles-processing-efficiency.test.ts[2m > [22m[2mProperty 10: Scoped Roles Processing Efficiency[2m > [22m[2mProperty 10.9: Batch role hierarchy queries should maintain consistency
[22m[39mGoTrueClient@sb-bgxknceshxxifwytalex-auth-token:0 (2.93.3) 2026-02-02T15:20:18.099Z #_useSession end

[90mstdout[2m | tests/property/scoped-roles-processing-efficiency.test.ts[2m > [22m[2mProperty 10: Scoped Roles Processing Efficiency[2m > [22m[2mProperty 10.9: Batch role hierarchy queries should maintain consistency
[22m[39mGoTrueClient@sb-bgxknceshxxifwytalex-auth-token:0 (2.93.3) 2026-02-02T15:20:18.099Z #_useSession begin
GoTrueClient@sb-bgxknceshxxifwytalex-auth-token:0 (2.93.3) 2026-02-02T15:20:18.099Z #__loadSession() begin

[90mstdout[2m | tests/property/scoped-roles-processing-efficiency.test.ts[2m > [22m[2mProperty 10: Scoped Roles Processing Efficiency[2m > [22m[2mProperty 10.9: Batch role hierarchy queries should maintain consistency
[22m[39mGoTrueClient@sb-bgxknceshxxifwytalex-auth-token:0 (2.93.3) 2026-02-02T15:20:18.099Z #getSession() session from storage [1mnull[22m
GoTrueClient@sb-bgxknceshxxifwytalex-auth-token:0 (2.93.3) 2026-02-02T15:20:18.099Z #__loadSession() end

[90mstdout[2m | tests/property/scoped-roles-processing-efficiency.test.ts[2m > [22m[2mProperty 10: Scoped Roles Processing Efficiency[2m > [22m[2mProperty 10.9: Batch role hierarchy queries should maintain consistency
[22m[39mGoTrueClient@sb-bgxknceshxxifwytalex-auth-token:0 (2.93.3) 2026-02-02T15:20:18.100Z #_useSession end

[90mstdout[2m | tests/property/scoped-roles-processing-efficiency.test.ts[2m > [22m[2mProperty 10: Scoped Roles Processing Efficiency[2m > [22m[2mProperty 10.9: Batch role hierarchy queries should maintain consistency
[22m[39mGoTrueClient@sb-bgxknceshxxifwytalex-auth-token:0 (2.93.3) 2026-02-02T15:20:18.100Z #_useSession begin
GoTrueClient@sb-bgxknceshxxifwytalex-auth-token:0 (2.93.3) 2026-02-02T15:20:18.100Z #__loadSession() begin

[90mstdout[2m | tests/property/scoped-roles-processing-efficiency.test.ts[2m > [22m[2mProperty 10: Scoped Roles Processing Efficiency[2m > [22m[2mProperty 10.9: Batch role hierarchy queries should maintain consistency
[22m[39mGoTrueClient@sb-bgxknceshxxifwytalex-auth-token:0 (2.93.3) 2026-02-02T15:20:18.100Z #getSession() session from storage [1mnull[22m
GoTrueClient@sb-bgxknceshxxifwytalex-auth-token:0 (2.93.3) 2026-02-02T15:20:18.100Z #__loadSession() end

[90mstdout[2m | tests/property/scoped-roles-processing-efficiency.test.ts[2m > [22m[2mProperty 10: Scoped Roles Processing Efficiency[2m > [22m[2mProperty 10.9: Batch role hierarchy queries should maintain consistency
[22m[39mGoTrueClient@sb-bgxknceshxxifwytalex-auth-token:0 (2.93.3) 2026-02-02T15:20:18.101Z #_useSession end

[90mstdout[2m | tests/property/scoped-roles-processing-efficiency.test.ts[2m > [22m[2mProperty 10: Scoped Roles Processing Efficiency[2m > [22m[2mProperty 10.9: Batch role hierarchy queries should maintain consistency
[22m[39mGoTrueClient@sb-bgxknceshxxifwytalex-auth-token:0 (2.93.3) 2026-02-02T15:20:18.101Z #_useSession begin
GoTrueClient@sb-bgxknceshxxifwytalex-auth-token:0 (2.93.3) 2026-02-02T15:20:18.101Z #__loadSession() begin

[90mstdout[2m | tests/property/scoped-roles-processing-efficiency.test.ts[2m > [22m[2mProperty 10: Scoped Roles Processing Efficiency[2m > [22m[2mProperty 10.9: Batch role hierarchy queries should maintain consistency
[22m[39mGoTrueClient@sb-bgxknceshxxifwytalex-auth-token:0 (2.93.3) 2026-02-02T15:20:18.101Z #getSession() session from storage [1mnull[22m
GoTrueClient@sb-bgxknceshxxifwytalex-auth-token:0 (2.93.3) 2026-02-02T15:20:18.101Z #__loadSession() end

[90mstdout[2m | tests/property/scoped-roles-processing-efficiency.test.ts[2m > [22m[2mProperty 10: Scoped Roles Processing Efficiency[2m > [22m[2mProperty 10.9: Batch role hierarchy queries should maintain consistency
[22m[39mGoTrueClient@sb-bgxknceshxxifwytalex-auth-token:0 (2.93.3) 2026-02-02T15:20:18.102Z #_useSession end

[90mstdout[2m | tests/property/scoped-roles-processing-efficiency.test.ts[2m > [22m[2mProperty 10: Scoped Roles Processing Efficiency[2m > [22m[2mProperty 10.9: Batch role hierarchy queries should maintain consistency
[22m[39mGoTrueClient@sb-bgxknceshxxifwytalex-auth-token:0 (2.93.3) 2026-02-02T15:20:18.102Z #_useSession begin
GoTrueClient@sb-bgxknceshxxifwytalex-auth-token:0 (2.93.3) 2026-02-02T15:20:18.102Z #__loadSession() begin

[90mstdout[2m | tests/property/scoped-roles-processing-efficiency.test.ts[2m > [22m[2mProperty 10: Scoped Roles Processing Efficiency[2m > [22m[2mProperty 10.9: Batch role hierarchy queries should maintain consistency
[22m[39mGoTrueClient@sb-bgxknceshxxifwytalex-auth-token:0 (2.93.3) 2026-02-02T15:20:18.102Z #getSession() session from storage [1mnull[22m
GoTrueClient@sb-bgxknceshxxifwytalex-auth-token:0 (2.93.3) 2026-02-02T15:20:18.102Z #__loadSession() end

[90mstdout[2m | tests/property/scoped-roles-processing-efficiency.test.ts[2m > [22m[2mProperty 10: Scoped Roles Processing Efficiency[2m > [22m[2mProperty 10.9: Batch role hierarchy queries should maintain consistency
[22m[39mGoTrueClient@sb-bgxknceshxxifwytalex-auth-token:0 (2.93.3) 2026-02-02T15:20:18.103Z #_useSession end

[90mstdout[2m | tests/property/scoped-roles-processing-efficiency.test.ts[2m > [22m[2mProperty 10: Scoped Roles Processing Efficiency[2m > [22m[2mProperty 10.9: Batch role hierarchy queries should maintain consistency
[22m[39mGoTrueClient@sb-bgxknceshxxifwytalex-auth-token:0 (2.93.3) 2026-02-02T15:20:18.103Z #_useSession begin
GoTrueClient@sb-bgxknceshxxifwytalex-auth-token:0 (2.93.3) 2026-02-02T15:20:18.103Z #__loadSession() begin

[90mstdout[2m | tests/property/scoped-roles-processing-efficiency.test.ts[2m > [22m[2mProperty 10: Scoped Roles Processing Efficiency[2m > [22m[2mProperty 10.9: Batch role hierarchy queries should maintain consistency
[22m[39mGoTrueClient@sb-bgxknceshxxifwytalex-auth-token:0 (2.93.3) 2026-02-02T15:20:18.103Z #getSession() session from storage [1mnull[22m
GoTrueClient@sb-bgxknceshxxifwytalex-auth-token:0 (2.93.3) 2026-02-02T15:20:18.103Z #__loadSession() end

[90mstdout[2m | tests/property/scoped-roles-processing-efficiency.test.ts[2m > [22m[2mProperty 10: Scoped Roles Processing Efficiency[2m > [22m[2mProperty 10.9: Batch role hierarchy queries should maintain consistency
[22m[39mGoTrueClient@sb-bgxknceshxxifwytalex-auth-token:0 (2.93.3) 2026-02-02T15:20:18.105Z #_useSession end

[90mstdout[2m | tests/property/scoped-roles-processing-efficiency.test.ts[2m > [22m[2mProperty 10: Scoped Roles Processing Efficiency[2m > [22m[2mProperty 10.9: Batch role hierarchy queries should maintain consistency
[22m[39mGoTrueClient@sb-bgxknceshxxifwytalex-auth-token:0 (2.93.3) 2026-02-02T15:20:18.105Z #_useSession begin
GoTrueClient@sb-bgxknceshxxifwytalex-auth-token:0 (2.93.3) 2026-02-02T15:20:18.105Z #__loadSession() begin

[90mstdout[2m | tests/property/scoped-roles-processing-efficiency.test.ts[2m > [22m[2mProperty 10: Scoped Roles Processing Efficiency[2m > [22m[2mProperty 10.9: Batch role hierarchy queries should maintain consistency
[22m[39mGoTrueClient@sb-bgxknceshxxifwytalex-auth-token:0 (2.93.3) 2026-02-02T15:20:18.105Z #getSession() session from storage [1mnull[22m
GoTrueClient@sb-bgxknceshxxifwytalex-auth-token:0 (2.93.3) 2026-02-02T15:20:18.105Z #__loadSession() end

[90mstdout[2m | tests/property/scoped-roles-processing-efficiency.test.ts[2m > [22m[2mProperty 10: Scoped Roles Processing Efficiency[2m > [22m[2mProperty 10.9: Batch role hierarchy queries should maintain consistency
[22m[39mGoTrueClient@sb-bgxknceshxxifwytalex-auth-token:0 (2.93.3) 2026-02-02T15:20:18.106Z #_useSession end

[90mstdout[2m | tests/property/scoped-roles-processing-efficiency.test.ts[2m > [22m[2mProperty 10: Scoped Roles Processing Efficiency[2m > [22m[2mProperty 10.9: Batch role hierarchy queries should maintain consistency
[22m[39mGoTrueClient@sb-bgxknceshxxifwytalex-auth-token:0 (2.93.3) 2026-02-02T15:20:18.106Z #_useSession begin
GoTrueClient@sb-bgxknceshxxifwytalex-auth-token:0 (2.93.3) 2026-02-02T15:20:18.106Z #__loadSession() begin

[90mstdout[2m | tests/property/scoped-roles-processing-efficiency.test.ts[2m > [22m[2mProperty 10: Scoped Roles Processing Efficiency[2m > [22m[2mProperty 10.9: Batch role hierarchy queries should maintain consistency
[22m[39mGoTrueClient@sb-bgxknceshxxifwytalex-auth-token:0 (2.93.3) 2026-02-02T15:20:18.106Z #getSession() session from storage [1mnull[22m
GoTrueClient@sb-bgxknceshxxifwytalex-auth-token:0 (2.93.3) 2026-02-02T15:20:18.106Z #__loadSession() end

[90mstdout[2m | tests/property/scoped-roles-processing-efficiency.test.ts[2m > [22m[2mProperty 10: Scoped Roles Processing Efficiency[2m > [22m[2mProperty 10.9: Batch role hierarchy queries should maintain consistency
[22m[39mGoTrueClient@sb-bgxknceshxxifwytalex-auth-token:0 (2.93.3) 2026-02-02T15:20:18.108Z #_useSession end

[90mstdout[2m | tests/property/scoped-roles-processing-efficiency.test.ts[2m > [22m[2mProperty 10: Scoped Roles Processing Efficiency[2m > [22m[2mProperty 10.9: Batch role hierarchy queries should maintain consistency
[22m[39mGoTrueClient@sb-bgxknceshxxifwytalex-auth-token:0 (2.93.3) 2026-02-02T15:20:18.108Z #_useSession begin
GoTrueClient@sb-bgxknceshxxifwytalex-auth-token:0 (2.93.3) 2026-02-02T15:20:18.108Z #__loadSession() begin

[90mstdout[2m | tests/property/scoped-roles-processing-efficiency.test.ts[2m > [22m[2mProperty 10: Scoped Roles Processing Efficiency[2m > [22m[2mProperty 10.9: Batch role hierarchy queries should maintain consistency
[22m[39mGoTrueClient@sb-bgxknceshxxifwytalex-auth-token:0 (2.93.3) 2026-02-02T15:20:18.108Z #getSession() session from storage [1mnull[22m
GoTrueClient@sb-bgxknceshxxifwytalex-auth-token:0 (2.93.3) 2026-02-02T15:20:18.108Z #__loadSession() end

[90mstdout[2m | tests/property/scoped-roles-processing-efficiency.test.ts[2m > [22m[2mProperty 10: Scoped Roles Processing Efficiency[2m > [22m[2mProperty 10.9: Batch role hierarchy queries should maintain consistency
[22m[39mGoTrueClient@sb-bgxknceshxxifwytalex-auth-token:0 (2.93.3) 2026-02-02T15:20:18.109Z #_useSession end

[90mstdout[2m | tests/property/scoped-roles-processing-efficiency.test.ts[2m > [22m[2mProperty 10: Scoped Roles Processing Efficiency[2m > [22m[2mProperty 10.9: Batch role hierarchy queries should maintain consistency
[22m[39mGoTrueClient@sb-bgxknceshxxifwytalex-auth-token:0 (2.93.3) 2026-02-02T15:20:18.109Z #_useSession begin
GoTrueClient@sb-bgxknceshxxifwytalex-auth-token:0 (2.93.3) 2026-02-02T15:20:18.109Z #__loadSession() begin

[90mstdout[2m | tests/property/scoped-roles-processing-efficiency.test.ts[2m > [22m[2mProperty 10: Scoped Roles Processing Efficiency[2m > [22m[2mProperty 10.9: Batch role hierarchy queries should maintain consistency
[22m[39mGoTrueClient@sb-bgxknceshxxifwytalex-auth-token:0 (2.93.3) 2026-02-02T15:20:18.109Z #getSession() session from storage [1mnull[22m
GoTrueClient@sb-bgxknceshxxifwytalex-auth-token:0 (2.93.3) 2026-02-02T15:20:18.109Z #__loadSession() end

[90mstdout[2m | tests/property/scoped-roles-processing-efficiency.test.ts[2m > [22m[2mProperty 10: Scoped Roles Processing Efficiency[2m > [22m[2mProperty 10.9: Batch role hierarchy queries should maintain consistency
[22m[39mGoTrueClient@sb-bgxknceshxxifwytalex-auth-token:0 (2.93.3) 2026-02-02T15:20:18.110Z #_useSession end

[90mstdout[2m | tests/property/scoped-roles-processing-efficiency.test.ts[2m > [22m[2mProperty 10: Scoped Roles Processing Efficiency[2m > [22m[2mProperty 10.9: Batch role hierarchy queries should maintain consistency
[22m[39mGoTrueClient@sb-bgxknceshxxifwytalex-auth-token:0 (2.93.3) 2026-02-02T15:20:18.110Z #_useSession begin
GoTrueClient@sb-bgxknceshxxifwytalex-auth-token:0 (2.93.3) 2026-02-02T15:20:18.110Z #__loadSession() begin

[90mstdout[2m | tests/property/scoped-roles-processing-efficiency.test.ts[2m > [22m[2mProperty 10: Scoped Roles Processing Efficiency[2m > [22m[2mProperty 10.9: Batch role hierarchy queries should maintain consistency
[22m[39mGoTrueClient@sb-bgxknceshxxifwytalex-auth-token:0 (2.93.3) 2026-02-02T15:20:18.110Z #getSession() session from storage [1mnull[22m
GoTrueClient@sb-bgxknceshxxifwytalex-auth-token:0 (2.93.3) 2026-02-02T15:20:18.110Z #__loadSession() end

[90mstdout[2m | tests/property/scoped-roles-processing-efficiency.test.ts[2m > [22m[2mProperty 10: Scoped Roles Processing Efficiency[2m > [22m[2mProperty 10.9: Batch role hierarchy queries should maintain consistency
[22m[39mGoTrueClient@sb-bgxknceshxxifwytalex-auth-token:0 (2.93.3) 2026-02-02T15:20:18.111Z #_useSession end

[90mstdout[2m | tests/property/scoped-roles-processing-efficiency.test.ts[2m > [22m[2mProperty 10: Scoped Roles Processing Efficiency[2m > [22m[2mProperty 10.9: Batch role hierarchy queries should maintain consistency
[22m[39mGoTrueClient@sb-bgxknceshxxifwytalex-auth-token:0 (2.93.3) 2026-02-02T15:20:18.111Z #_useSession begin
GoTrueClient@sb-bgxknceshxxifwytalex-auth-token:0 (2.93.3) 2026-02-02T15:20:18.111Z #__loadSession() begin

[90mstdout[2m | tests/property/scoped-roles-processing-efficiency.test.ts[2m > [22m[2mProperty 10: Scoped Roles Processing Efficiency[2m > [22m[2mProperty 10.9: Batch role hierarchy queries should maintain consistency
[22m[39mGoTrueClient@sb-bgxknceshxxifwytalex-auth-token:0 (2.93.3) 2026-02-02T15:20:18.111Z #getSession() session from storage [1mnull[22m
GoTrueClient@sb-bgxknceshxxifwytalex-auth-token:0 (2.93.3) 2026-02-02T15:20:18.111Z #__loadSession() end

[90mstdout[2m | tests/property/scoped-roles-processing-efficiency.test.ts[2m > [22m[2mProperty 10: Scoped Roles Processing Efficiency[2m > [22m[2mProperty 10.9: Batch role hierarchy queries should maintain consistency
[22m[39mGoTrueClient@sb-bgxknceshxxifwytalex-auth-token:0 (2.93.3) 2026-02-02T15:20:18.112Z #_useSession end

[90mstdout[2m | tests/property/scoped-roles-processing-efficiency.test.ts[2m > [22m[2mProperty 10: Scoped Roles Processing Efficiency[2m > [22m[2mProperty 10.9: Batch role hierarchy queries should maintain consistency
[22m[39mGoTrueClient@sb-bgxknceshxxifwytalex-auth-token:0 (2.93.3) 2026-02-02T15:20:18.112Z #_useSession begin
GoTrueClient@sb-bgxknceshxxifwytalex-auth-token:0 (2.93.3) 2026-02-02T15:20:18.112Z #__loadSession() begin

[90mstdout[2m | tests/property/scoped-roles-processing-efficiency.test.ts[2m > [22m[2mProperty 10: Scoped Roles Processing Efficiency[2m > [22m[2mProperty 10.9: Batch role hierarchy queries should maintain consistency
[22m[39mGoTrueClient@sb-bgxknceshxxifwytalex-auth-token:0 (2.93.3) 2026-02-02T15:20:18.112Z #getSession() session from storage [1mnull[22m
GoTrueClient@sb-bgxknceshxxifwytalex-auth-token:0 (2.93.3) 2026-02-02T15:20:18.112Z #__loadSession() end

[90mstdout[2m | tests/property/scoped-roles-processing-efficiency.test.ts[2m > [22m[2mProperty 10: Scoped Roles Processing Efficiency[2m > [22m[2mProperty 10.9: Batch role hierarchy queries should maintain consistency
[22m[39mGoTrueClient@sb-bgxknceshxxifwytalex-auth-token:0 (2.93.3) 2026-02-02T15:20:18.113Z #_useSession end

[90mstdout[2m | tests/property/scoped-roles-processing-efficiency.test.ts[2m > [22m[2mProperty 10: Scoped Roles Processing Efficiency[2m > [22m[2mProperty 10.9: Batch role hierarchy queries should maintain consistency
[22m[39mGoTrueClient@sb-bgxknceshxxifwytalex-auth-token:0 (2.93.3) 2026-02-02T15:20:18.113Z #_useSession begin
GoTrueClient@sb-bgxknceshxxifwytalex-auth-token:0 (2.93.3) 2026-02-02T15:20:18.113Z #__loadSession() begin

[90mstdout[2m | tests/property/scoped-roles-processing-efficiency.test.ts[2m > [22m[2mProperty 10: Scoped Roles Processing Efficiency[2m > [22m[2mProperty 10.9: Batch role hierarchy queries should maintain consistency
[22m[39mGoTrueClient@sb-bgxknceshxxifwytalex-auth-token:0 (2.93.3) 2026-02-02T15:20:18.113Z #getSession() session from storage [1mnull[22m
GoTrueClient@sb-bgxknceshxxifwytalex-auth-token:0 (2.93.3) 2026-02-02T15:20:18.113Z #__loadSession() end

[90mstdout[2m | tests/property/scoped-roles-processing-efficiency.test.ts[2m > [22m[2mProperty 10: Scoped Roles Processing Efficiency[2m > [22m[2mProperty 10.9: Batch role hierarchy queries should maintain consistency
[22m[39mGoTrueClient@sb-bgxknceshxxifwytalex-auth-token:0 (2.93.3) 2026-02-02T15:20:18.114Z #_useSession end

[90mstdout[2m | tests/property/scoped-roles-processing-efficiency.test.ts[2m > [22m[2mProperty 10: Scoped Roles Processing Efficiency[2m > [22m[2mProperty 10.9: Batch role hierarchy queries should maintain consistency
[22m[39mGoTrueClient@sb-bgxknceshxxifwytalex-auth-token:0 (2.93.3) 2026-02-02T15:20:18.114Z #_useSession begin
GoTrueClient@sb-bgxknceshxxifwytalex-auth-token:0 (2.93.3) 2026-02-02T15:20:18.114Z #__loadSession() begin

[90mstdout[2m | tests/property/scoped-roles-processing-efficiency.test.ts[2m > [22m[2mProperty 10: Scoped Roles Processing Efficiency[2m > [22m[2mProperty 10.9: Batch role hierarchy queries should maintain consistency
[22m[39mGoTrueClient@sb-bgxknceshxxifwytalex-auth-token:0 (2.93.3) 2026-02-02T15:20:18.115Z #getSession() session from storage [1mnull[22m
GoTrueClient@sb-bgxknceshxxifwytalex-auth-token:0 (2.93.3) 2026-02-02T15:20:18.115Z #__loadSession() end

[90mstdout[2m | tests/property/scoped-roles-processing-efficiency.test.ts[2m > [22m[2mProperty 10: Scoped Roles Processing Efficiency[2m > [22m[2mProperty 10.9: Batch role hierarchy queries should maintain consistency
[22m[39mGoTrueClient@sb-bgxknceshxxifwytalex-auth-token:0 (2.93.3) 2026-02-02T15:20:18.115Z #_useSession end

[90mstdout[2m | tests/property/scoped-roles-processing-efficiency.test.ts[2m > [22m[2mProperty 10: Scoped Roles Processing Efficiency[2m > [22m[2mProperty 10.9: Batch role hierarchy queries should maintain consistency
[22m[39mGoTrueClient@sb-bgxknceshxxifwytalex-auth-token:0 (2.93.3) 2026-02-02T15:20:18.115Z #_useSession begin
GoTrueClient@sb-bgxknceshxxifwytalex-auth-token:0 (2.93.3) 2026-02-02T15:20:18.115Z #__loadSession() begin

[90mstdout[2m | tests/property/scoped-roles-processing-efficiency.test.ts[2m > [22m[2mProperty 10: Scoped Roles Processing Efficiency[2m > [22m[2mProperty 10.9: Batch role hierarchy queries should maintain consistency
[22m[39mGoTrueClient@sb-bgxknceshxxifwytalex-auth-token:0 (2.93.3) 2026-02-02T15:20:18.116Z #getSession() session from storage [1mnull[22m
GoTrueClient@sb-bgxknceshxxifwytalex-auth-token:0 (2.93.3) 2026-02-02T15:20:18.116Z #__loadSession() end

[90mstdout[2m | tests/property/scoped-roles-processing-efficiency.test.ts[2m > [22m[2mProperty 10: Scoped Roles Processing Efficiency[2m > [22m[2mProperty 10.9: Batch role hierarchy queries should maintain consistency
[22m[39mGoTrueClient@sb-bgxknceshxxifwytalex-auth-token:0 (2.93.3) 2026-02-02T15:20:18.116Z #_useSession end

[90mstdout[2m | tests/property/scoped-roles-processing-efficiency.test.ts[2m > [22m[2mProperty 10: Scoped Roles Processing Efficiency[2m > [22m[2mProperty 10.9: Batch role hierarchy queries should maintain consistency
[22m[39mGoTrueClient@sb-bgxknceshxxifwytalex-auth-token:0 (2.93.3) 2026-02-02T15:20:18.116Z #_useSession begin
GoTrueClient@sb-bgxknceshxxifwytalex-auth-token:0 (2.93.3) 2026-02-02T15:20:18.116Z #__loadSession() begin

[90mstdout[2m | tests/property/scoped-roles-processing-efficiency.test.ts[2m > [22m[2mProperty 10: Scoped Roles Processing Efficiency[2m > [22m[2mProperty 10.9: Batch role hierarchy queries should maintain consistency
[22m[39mGoTrueClient@sb-bgxknceshxxifwytalex-auth-token:0 (2.93.3) 2026-02-02T15:20:18.116Z #getSession() session from storage [1mnull[22m
GoTrueClient@sb-bgxknceshxxifwytalex-auth-token:0 (2.93.3) 2026-02-02T15:20:18.117Z #__loadSession() end

[90mstdout[2m | tests/property/scoped-roles-processing-efficiency.test.ts[2m > [22m[2mProperty 10: Scoped Roles Processing Efficiency[2m > [22m[2mProperty 10.9: Batch role hierarchy queries should maintain consistency
[22m[39mGoTrueClient@sb-bgxknceshxxifwytalex-auth-token:0 (2.93.3) 2026-02-02T15:20:18.117Z #_useSession end

[90mstdout[2m | tests/property/scoped-roles-processing-efficiency.test.ts[2m > [22m[2mProperty 10: Scoped Roles Processing Efficiency[2m > [22m[2mProperty 10.9: Batch role hierarchy queries should maintain consistency
[22m[39mGoTrueClient@sb-bgxknceshxxifwytalex-auth-token:0 (2.93.3) 2026-02-02T15:20:18.117Z #_useSession begin
GoTrueClient@sb-bgxknceshxxifwytalex-auth-token:0 (2.93.3) 2026-02-02T15:20:18.118Z #__loadSession() begin

[90mstdout[2m | tests/property/scoped-roles-processing-efficiency.test.ts[2m > [22m[2mProperty 10: Scoped Roles Processing Efficiency[2m > [22m[2mProperty 10.9: Batch role hierarchy queries should maintain consistency
[22m[39mGoTrueClient@sb-bgxknceshxxifwytalex-auth-token:0 (2.93.3) 2026-02-02T15:20:18.118Z #getSession() session from storage [1mnull[22m
GoTrueClient@sb-bgxknceshxxifwytalex-auth-token:0 (2.93.3) 2026-02-02T15:20:18.118Z #__loadSession() end

[90mstdout[2m | tests/property/scoped-roles-processing-efficiency.test.ts[2m > [22m[2mProperty 10: Scoped Roles Processing Efficiency[2m > [22m[2mProperty 10.9: Batch role hierarchy queries should maintain consistency
[22m[39mGoTrueClient@sb-bgxknceshxxifwytalex-auth-token:0 (2.93.3) 2026-02-02T15:20:18.119Z #_useSession end

[90mstdout[2m | tests/property/scoped-roles-processing-efficiency.test.ts[2m > [22m[2mProperty 10: Scoped Roles Processing Efficiency[2m > [22m[2mProperty 10.9: Batch role hierarchy queries should maintain consistency
[22m[39mGoTrueClient@sb-bgxknceshxxifwytalex-auth-token:0 (2.93.3) 2026-02-02T15:20:18.119Z #_useSession begin
GoTrueClient@sb-bgxknceshxxifwytalex-auth-token:0 (2.93.3) 2026-02-02T15:20:18.119Z #__loadSession() begin

[90mstdout[2m | tests/property/scoped-roles-processing-efficiency.test.ts[2m > [22m[2mProperty 10: Scoped Roles Processing Efficiency[2m > [22m[2mProperty 10.9: Batch role hierarchy queries should maintain consistency
[22m[39mGoTrueClient@sb-bgxknceshxxifwytalex-auth-token:0 (2.93.3) 2026-02-02T15:20:18.119Z #getSession() session from storage [1mnull[22m
GoTrueClient@sb-bgxknceshxxifwytalex-auth-token:0 (2.93.3) 2026-02-02T15:20:18.119Z #__loadSession() end

[90mstdout[2m | tests/property/scoped-roles-processing-efficiency.test.ts[2m > [22m[2mProperty 10: Scoped Roles Processing Efficiency[2m > [22m[2mProperty 10.9: Batch role hierarchy queries should maintain consistency
[22m[39mGoTrueClient@sb-bgxknceshxxifwytalex-auth-token:0 (2.93.3) 2026-02-02T15:20:18.121Z #_useSession end

[90mstdout[2m | tests/property/scoped-roles-processing-efficiency.test.ts[2m > [22m[2mProperty 10: Scoped Roles Processing Efficiency[2m > [22m[2mProperty 10.9: Batch role hierarchy queries should maintain consistency
[22m[39mGoTrueClient@sb-bgxknceshxxifwytalex-auth-token:0 (2.93.3) 2026-02-02T15:20:18.121Z #_useSession begin
GoTrueClient@sb-bgxknceshxxifwytalex-auth-token:0 (2.93.3) 2026-02-02T15:20:18.122Z #__loadSession() begin

[90mstdout[2m | tests/property/scoped-roles-processing-efficiency.test.ts[2m > [22m[2mProperty 10: Scoped Roles Processing Efficiency[2m > [22m[2mProperty 10.9: Batch role hierarchy queries should maintain consistency
[22m[39mGoTrueClient@sb-bgxknceshxxifwytalex-auth-token:0 (2.93.3) 2026-02-02T15:20:18.122Z #getSession() session from storage [1mnull[22m
GoTrueClient@sb-bgxknceshxxifwytalex-auth-token:0 (2.93.3) 2026-02-02T15:20:18.122Z #__loadSession() end

[90mstdout[2m | tests/property/scoped-roles-processing-efficiency.test.ts[2m > [22m[2mProperty 10: Scoped Roles Processing Efficiency[2m > [22m[2mProperty 10.9: Batch role hierarchy queries should maintain consistency
[22m[39mGoTrueClient@sb-bgxknceshxxifwytalex-auth-token:0 (2.93.3) 2026-02-02T15:20:18.124Z #_useSession end

[90mstdout[2m | tests/property/scoped-roles-processing-efficiency.test.ts[2m > [22m[2mProperty 10: Scoped Roles Processing Efficiency[2m > [22m[2mProperty 10.9: Batch role hierarchy queries should maintain consistency
[22m[39mGoTrueClient@sb-bgxknceshxxifwytalex-auth-token:0 (2.93.3) 2026-02-02T15:20:18.124Z #_useSession begin
GoTrueClient@sb-bgxknceshxxifwytalex-auth-token:0 (2.93.3) 2026-02-02T15:20:18.124Z #__loadSession() begin

[90mstdout[2m | tests/property/scoped-roles-processing-efficiency.test.ts[2m > [22m[2mProperty 10: Scoped Roles Processing Efficiency[2m > [22m[2mProperty 10.9: Batch role hierarchy queries should maintain consistency
[22m[39mGoTrueClient@sb-bgxknceshxxifwytalex-auth-token:0 (2.93.3) 2026-02-02T15:20:18.124Z #getSession() session from storage [1mnull[22m
GoTrueClient@sb-bgxknceshxxifwytalex-auth-token:0 (2.93.3) 2026-02-02T15:20:18.124Z #__loadSession() end

[90mstdout[2m | tests/property/scoped-roles-processing-efficiency.test.ts[2m > [22m[2mProperty 10: Scoped Roles Processing Efficiency[2m > [22m[2mProperty 10.9: Batch role hierarchy queries should maintain consistency
[22m[39mGoTrueClient@sb-bgxknceshxxifwytalex-auth-token:0 (2.93.3) 2026-02-02T15:20:18.125Z #_useSession end

[90mstdout[2m | tests/property/scoped-roles-processing-efficiency.test.ts[2m > [22m[2mProperty 10: Scoped Roles Processing Efficiency[2m > [22m[2mProperty 10.9: Batch role hierarchy queries should maintain consistency
[22m[39mGoTrueClient@sb-bgxknceshxxifwytalex-auth-token:0 (2.93.3) 2026-02-02T15:20:18.125Z #_useSession begin
GoTrueClient@sb-bgxknceshxxifwytalex-auth-token:0 (2.93.3) 2026-02-02T15:20:18.125Z #__loadSession() begin

[90mstdout[2m | tests/property/scoped-roles-processing-efficiency.test.ts[2m > [22m[2mProperty 10: Scoped Roles Processing Efficiency[2m > [22m[2mProperty 10.9: Batch role hierarchy queries should maintain consistency
[22m[39mGoTrueClient@sb-bgxknceshxxifwytalex-auth-token:0 (2.93.3) 2026-02-02T15:20:18.125Z #getSession() session from storage [1mnull[22m
GoTrueClient@sb-bgxknceshxxifwytalex-auth-token:0 (2.93.3) 2026-02-02T15:20:18.126Z #__loadSession() end

[90mstdout[2m | tests/property/scoped-roles-processing-efficiency.test.ts[2m > [22m[2mProperty 10: Scoped Roles Processing Efficiency[2m > [22m[2mProperty 10.9: Batch role hierarchy queries should maintain consistency
[22m[39mGoTrueClient@sb-bgxknceshxxifwytalex-auth-token:0 (2.93.3) 2026-02-02T15:20:18.126Z #_useSession end

[90mstdout[2m | tests/property/scoped-roles-processing-efficiency.test.ts[2m > [22m[2mProperty 10: Scoped Roles Processing Efficiency[2m > [22m[2mProperty 10.9: Batch role hierarchy queries should maintain consistency
[22m[39mGoTrueClient@sb-bgxknceshxxifwytalex-auth-token:0 (2.93.3) 2026-02-02T15:20:18.126Z #_useSession begin
GoTrueClient@sb-bgxknceshxxifwytalex-auth-token:0 (2.93.3) 2026-02-02T15:20:18.126Z #__loadSession() begin

[90mstdout[2m | tests/property/scoped-roles-processing-efficiency.test.ts[2m > [22m[2mProperty 10: Scoped Roles Processing Efficiency[2m > [22m[2mProperty 10.9: Batch role hierarchy queries should maintain consistency
[22m[39mGoTrueClient@sb-bgxknceshxxifwytalex-auth-token:0 (2.93.3) 2026-02-02T15:20:18.127Z #getSession() session from storage [1mnull[22m
GoTrueClient@sb-bgxknceshxxifwytalex-auth-token:0 (2.93.3) 2026-02-02T15:20:18.127Z #__loadSession() end

[90mstdout[2m | tests/property/scoped-roles-processing-efficiency.test.ts[2m > [22m[2mProperty 10: Scoped Roles Processing Efficiency[2m > [22m[2mProperty 10.9: Batch role hierarchy queries should maintain consistency
[22m[39mGoTrueClient@sb-bgxknceshxxifwytalex-auth-token:0 (2.93.3) 2026-02-02T15:20:18.127Z #_useSession end

[90mstdout[2m | tests/property/scoped-roles-processing-efficiency.test.ts[2m > [22m[2mProperty 10: Scoped Roles Processing Efficiency[2m > [22m[2mProperty 10.9: Batch role hierarchy queries should maintain consistency
[22m[39mGoTrueClient@sb-bgxknceshxxifwytalex-auth-token:0 (2.93.3) 2026-02-02T15:20:18.128Z #_useSession begin
GoTrueClient@sb-bgxknceshxxifwytalex-auth-token:0 (2.93.3) 2026-02-02T15:20:18.128Z #__loadSession() begin

[90mstdout[2m | tests/property/scoped-roles-processing-efficiency.test.ts[2m > [22m[2mProperty 10: Scoped Roles Processing Efficiency[2m > [22m[2mProperty 10.9: Batch role hierarchy queries should maintain consistency
[22m[39mGoTrueClient@sb-bgxknceshxxifwytalex-auth-token:0 (2.93.3) 2026-02-02T15:20:18.128Z #getSession() session from storage [1mnull[22m
GoTrueClient@sb-bgxknceshxxifwytalex-auth-token:0 (2.93.3) 2026-02-02T15:20:18.128Z #__loadSession() end

[90mstdout[2m | tests/property/scoped-roles-processing-efficiency.test.ts[2m > [22m[2mProperty 10: Scoped Roles Processing Efficiency[2m > [22m[2mProperty 10.9: Batch role hierarchy queries should maintain consistency
[22m[39mGoTrueClient@sb-bgxknceshxxifwytalex-auth-token:0 (2.93.3) 2026-02-02T15:20:18.128Z #_useSession end

[90mstdout[2m | tests/property/scoped-roles-processing-efficiency.test.ts[2m > [22m[2mProperty 10: Scoped Roles Processing Efficiency[2m > [22m[2mProperty 10.9: Batch role hierarchy queries should maintain consistency
[22m[39mGoTrueClient@sb-bgxknceshxxifwytalex-auth-token:0 (2.93.3) 2026-02-02T15:20:18.129Z #_useSession begin
GoTrueClient@sb-bgxknceshxxifwytalex-auth-token:0 (2.93.3) 2026-02-02T15:20:18.129Z #__loadSession() begin

[90mstdout[2m | tests/property/scoped-roles-processing-efficiency.test.ts[2m > [22m[2mProperty 10: Scoped Roles Processing Efficiency[2m > [22m[2mProperty 10.9: Batch role hierarchy queries should maintain consistency
[22m[39mGoTrueClient@sb-bgxknceshxxifwytalex-auth-token:0 (2.93.3) 2026-02-02T15:20:18.129Z #getSession() session from storage [1mnull[22m
GoTrueClient@sb-bgxknceshxxifwytalex-auth-token:0 (2.93.3) 2026-02-02T15:20:18.129Z #__loadSession() end

[90mstdout[2m | tests/property/scoped-roles-processing-efficiency.test.ts[2m > [22m[2mProperty 10: Scoped Roles Processing Efficiency[2m > [22m[2mProperty 10.9: Batch role hierarchy queries should maintain consistency
[22m[39mGoTrueClient@sb-bgxknceshxxifwytalex-auth-token:0 (2.93.3) 2026-02-02T15:20:18.130Z #_useSession end

[90mstdout[2m | tests/property/scoped-roles-processing-efficiency.test.ts[2m > [22m[2mProperty 10: Scoped Roles Processing Efficiency[2m > [22m[2mProperty 10.9: Batch role hierarchy queries should maintain consistency
[22m[39mGoTrueClient@sb-bgxknceshxxifwytalex-auth-token:0 (2.93.3) 2026-02-02T15:20:18.130Z #_useSession begin
GoTrueClient@sb-bgxknceshxxifwytalex-auth-token:0 (2.93.3) 2026-02-02T15:20:18.130Z #__loadSession() begin

[90mstdout[2m | tests/property/scoped-roles-processing-efficiency.test.ts[2m > [22m[2mProperty 10: Scoped Roles Processing Efficiency[2m > [22m[2mProperty 10.9: Batch role hierarchy queries should maintain consistency
[22m[39mGoTrueClient@sb-bgxknceshxxifwytalex-auth-token:0 (2.93.3) 2026-02-02T15:20:18.130Z #getSession() session from storage [1mnull[22m
GoTrueClient@sb-bgxknceshxxifwytalex-auth-token:0 (2.93.3) 2026-02-02T15:20:18.130Z #__loadSession() end

[90mstdout[2m | tests/property/scoped-roles-processing-efficiency.test.ts[2m > [22m[2mProperty 10: Scoped Roles Processing Efficiency[2m > [22m[2mProperty 10.9: Batch role hierarchy queries should maintain consistency
[22m[39mGoTrueClient@sb-bgxknceshxxifwytalex-auth-token:0 (2.93.3) 2026-02-02T15:20:18.131Z #_useSession end

[90mstdout[2m | tests/property/scoped-roles-processing-efficiency.test.ts[2m > [22m[2mProperty 10: Scoped Roles Processing Efficiency[2m > [22m[2mProperty 10.9: Batch role hierarchy queries should maintain consistency
[22m[39mGoTrueClient@sb-bgxknceshxxifwytalex-auth-token:0 (2.93.3) 2026-02-02T15:20:18.131Z #_useSession begin
GoTrueClient@sb-bgxknceshxxifwytalex-auth-token:0 (2.93.3) 2026-02-02T15:20:18.131Z #__loadSession() begin

[90mstdout[2m | tests/property/scoped-roles-processing-efficiency.test.ts[2m > [22m[2mProperty 10: Scoped Roles Processing Efficiency[2m > [22m[2mProperty 10.9: Batch role hierarchy queries should maintain consistency
[22m[39mGoTrueClient@sb-bgxknceshxxifwytalex-auth-token:0 (2.93.3) 2026-02-02T15:20:18.131Z #getSession() session from storage [1mnull[22m
GoTrueClient@sb-bgxknceshxxifwytalex-auth-token:0 (2.93.3) 2026-02-02T15:20:18.131Z #__loadSession() end

[90mstdout[2m | tests/property/scoped-roles-processing-efficiency.test.ts[2m > [22m[2mProperty 10: Scoped Roles Processing Efficiency[2m > [22m[2mProperty 10.9: Batch role hierarchy queries should maintain consistency
[22m[39mGoTrueClient@sb-bgxknceshxxifwytalex-auth-token:0 (2.93.3) 2026-02-02T15:20:18.132Z #_useSession end

[90mstdout[2m | tests/property/scoped-roles-processing-efficiency.test.ts[2m > [22m[2mProperty 10: Scoped Roles Processing Efficiency[2m > [22m[2mProperty 10.9: Batch role hierarchy queries should maintain consistency
[22m[39mGoTrueClient@sb-bgxknceshxxifwytalex-auth-token:0 (2.93.3) 2026-02-02T15:20:18.132Z #_useSession begin
GoTrueClient@sb-bgxknceshxxifwytalex-auth-token:0 (2.93.3) 2026-02-02T15:20:18.132Z #__loadSession() begin

[90mstdout[2m | tests/property/scoped-roles-processing-efficiency.test.ts[2m > [22m[2mProperty 10: Scoped Roles Processing Efficiency[2m > [22m[2mProperty 10.9: Batch role hierarchy queries should maintain consistency
[22m[39mGoTrueClient@sb-bgxknceshxxifwytalex-auth-token:0 (2.93.3) 2026-02-02T15:20:18.132Z #getSession() session from storage [1mnull[22m
GoTrueClient@sb-bgxknceshxxifwytalex-auth-token:0 (2.93.3) 2026-02-02T15:20:18.132Z #__loadSession() end

[90mstdout[2m | tests/property/scoped-roles-processing-efficiency.test.ts[2m > [22m[2mProperty 10: Scoped Roles Processing Efficiency[2m > [22m[2mProperty 10.9: Batch role hierarchy queries should maintain consistency
[22m[39mGoTrueClient@sb-bgxknceshxxifwytalex-auth-token:0 (2.93.3) 2026-02-02T15:20:18.133Z #_useSession end

[90mstdout[2m | tests/property/scoped-roles-processing-efficiency.test.ts[2m > [22m[2mProperty 10: Scoped Roles Processing Efficiency[2m > [22m[2mProperty 10.9: Batch role hierarchy queries should maintain consistency
[22m[39mGoTrueClient@sb-bgxknceshxxifwytalex-auth-token:0 (2.93.3) 2026-02-02T15:20:18.133Z #_useSession begin
GoTrueClient@sb-bgxknceshxxifwytalex-auth-token:0 (2.93.3) 2026-02-02T15:20:18.133Z #__loadSession() begin

[90mstdout[2m | tests/property/scoped-roles-processing-efficiency.test.ts[2m > [22m[2mProperty 10: Scoped Roles Processing Efficiency[2m > [22m[2mProperty 10.9: Batch role hierarchy queries should maintain consistency
[22m[39mGoTrueClient@sb-bgxknceshxxifwytalex-auth-token:0 (2.93.3) 2026-02-02T15:20:18.133Z #getSession() session from storage [1mnull[22m
GoTrueClient@sb-bgxknceshxxifwytalex-auth-token:0 (2.93.3) 2026-02-02T15:20:18.133Z #__loadSession() end

[90mstdout[2m | tests/property/scoped-roles-processing-efficiency.test.ts[2m > [22m[2mProperty 10: Scoped Roles Processing Efficiency[2m > [22m[2mProperty 10.9: Batch role hierarchy queries should maintain consistency
[22m[39mGoTrueClient@sb-bgxknceshxxifwytalex-auth-token:0 (2.93.3) 2026-02-02T15:20:18.134Z #_useSession end

[90mstdout[2m | tests/property/scoped-roles-processing-efficiency.test.ts[2m > [22m[2mProperty 10: Scoped Roles Processing Efficiency[2m > [22m[2mProperty 10.9: Batch role hierarchy queries should maintain consistency
[22m[39mGoTrueClient@sb-bgxknceshxxifwytalex-auth-token:0 (2.93.3) 2026-02-02T15:20:18.134Z #_useSession begin
GoTrueClient@sb-bgxknceshxxifwytalex-auth-token:0 (2.93.3) 2026-02-02T15:20:18.134Z #__loadSession() begin

[90mstdout[2m | tests/property/scoped-roles-processing-efficiency.test.ts[2m > [22m[2mProperty 10: Scoped Roles Processing Efficiency[2m > [22m[2mProperty 10.9: Batch role hierarchy queries should maintain consistency
[22m[39mGoTrueClient@sb-bgxknceshxxifwytalex-auth-token:0 (2.93.3) 2026-02-02T15:20:18.134Z #getSession() session from storage [1mnull[22m
GoTrueClient@sb-bgxknceshxxifwytalex-auth-token:0 (2.93.3) 2026-02-02T15:20:18.134Z #__loadSession() end

[90mstdout[2m | tests/property/scoped-roles-processing-efficiency.test.ts[2m > [22m[2mProperty 10: Scoped Roles Processing Efficiency[2m > [22m[2mProperty 10.9: Batch role hierarchy queries should maintain consistency
[22m[39mGoTrueClient@sb-bgxknceshxxifwytalex-auth-token:0 (2.93.3) 2026-02-02T15:20:18.135Z #_useSession end

[90mstdout[2m | tests/property/scoped-roles-processing-efficiency.test.ts[2m > [22m[2mProperty 10: Scoped Roles Processing Efficiency[2m > [22m[2mProperty 10.9: Batch role hierarchy queries should maintain consistency
[22m[39mGoTrueClient@sb-bgxknceshxxifwytalex-auth-token:0 (2.93.3) 2026-02-02T15:20:18.135Z #_useSession begin
GoTrueClient@sb-bgxknceshxxifwytalex-auth-token:0 (2.93.3) 2026-02-02T15:20:18.135Z #__loadSession() begin

[90mstdout[2m | tests/property/scoped-roles-processing-efficiency.test.ts[2m > [22m[2mProperty 10: Scoped Roles Processing Efficiency[2m > [22m[2mProperty 10.9: Batch role hierarchy queries should maintain consistency
[22m[39mGoTrueClient@sb-bgxknceshxxifwytalex-auth-token:0 (2.93.3) 2026-02-02T15:20:18.135Z #getSession() session from storage [1mnull[22m
GoTrueClient@sb-bgxknceshxxifwytalex-auth-token:0 (2.93.3) 2026-02-02T15:20:18.135Z #__loadSession() end

[90mstdout[2m | tests/property/scoped-roles-processing-efficiency.test.ts[2m > [22m[2mProperty 10: Scoped Roles Processing Efficiency[2m > [22m[2mProperty 10.9: Batch role hierarchy queries should maintain consistency
[22m[39mGoTrueClient@sb-bgxknceshxxifwytalex-auth-token:0 (2.93.3) 2026-02-02T15:20:18.136Z #_useSession end

[90mstdout[2m | tests/property/scoped-roles-processing-efficiency.test.ts[2m > [22m[2mProperty 10: Scoped Roles Processing Efficiency[2m > [22m[2mProperty 10.9: Batch role hierarchy queries should maintain consistency
[22m[39mGoTrueClient@sb-bgxknceshxxifwytalex-auth-token:0 (2.93.3) 2026-02-02T15:20:18.136Z #_useSession begin
GoTrueClient@sb-bgxknceshxxifwytalex-auth-token:0 (2.93.3) 2026-02-02T15:20:18.136Z #__loadSession() begin

[90mstdout[2m | tests/property/scoped-roles-processing-efficiency.test.ts[2m > [22m[2mProperty 10: Scoped Roles Processing Efficiency[2m > [22m[2mProperty 10.9: Batch role hierarchy queries should maintain consistency
[22m[39mGoTrueClient@sb-bgxknceshxxifwytalex-auth-token:0 (2.93.3) 2026-02-02T15:20:18.136Z #getSession() session from storage [1mnull[22m
GoTrueClient@sb-bgxknceshxxifwytalex-auth-token:0 (2.93.3) 2026-02-02T15:20:18.136Z #__loadSession() end

[90mstdout[2m | tests/property/scoped-roles-processing-efficiency.test.ts[2m > [22m[2mProperty 10: Scoped Roles Processing Efficiency[2m > [22m[2mProperty 10.9: Batch role hierarchy queries should maintain consistency
[22m[39mGoTrueClient@sb-bgxknceshxxifwytalex-auth-token:0 (2.93.3) 2026-02-02T15:20:18.136Z #_useSession end

[90mstdout[2m | tests/property/scoped-roles-processing-efficiency.test.ts[2m > [22m[2mProperty 10: Scoped Roles Processing Efficiency[2m > [22m[2mProperty 10.9: Batch role hierarchy queries should maintain consistency
[22m[39mGoTrueClient@sb-bgxknceshxxifwytalex-auth-token:0 (2.93.3) 2026-02-02T15:20:18.137Z #_acquireLock lock released for storage key sb-bgxknceshxxifwytalex-auth-token

[90mstdout[2m | tests/property/scoped-roles-processing-efficiency.test.ts[2m > [22m[2mProperty 10: Scoped Roles Processing Efficiency[2m > [22m[2mProperty 10.9: Batch role hierarchy queries should maintain consistency
[22m[39mGoTrueClient@sb-bgxknceshxxifwytalex-auth-token:0 (2.93.3) 2026-02-02T15:20:18.138Z #_acquireLock end

[90mstdout[2m | tests/property/scoped-roles-processing-efficiency.test.ts[2m > [22m[2mProperty 10: Scoped Roles Processing Efficiency[2m > [22m[2mProperty 10.9: Batch role hierarchy queries should maintain consistency
[22m[39mGoTrueClient@sb-bgxknceshxxifwytalex-auth-token:0 (2.93.3) 2026-02-02T15:20:18.183Z #_acquireLock begin [33m10000[39m
GoTrueClient@sb-bgxknceshxxifwytalex-auth-token:0 (2.93.3) 2026-02-02T15:20:18.184Z #_acquireLock lock acquired for storage key sb-bgxknceshxxifwytalex-auth-token
GoTrueClient@sb-bgxknceshxxifwytalex-auth-token:0 (2.93.3) 2026-02-02T15:20:18.184Z #_useSession begin
GoTrueClient@sb-bgxknceshxxifwytalex-auth-token:0 (2.93.3) 2026-02-02T15:20:18.184Z #__loadSession() begin

[90mstdout[2m | tests/property/scoped-roles-processing-efficiency.test.ts[2m > [22m[2mProperty 10: Scoped Roles Processing Efficiency[2m > [22m[2mProperty 10.9: Batch role hierarchy queries should maintain consistency
[22m[39mGoTrueClient@sb-bgxknceshxxifwytalex-auth-token:0 (2.93.3) 2026-02-02T15:20:18.184Z #getSession() session from storage [1mnull[22m
GoTrueClient@sb-bgxknceshxxifwytalex-auth-token:0 (2.93.3) 2026-02-02T15:20:18.184Z #__loadSession() end

[90mstdout[2m | tests/property/scoped-roles-processing-efficiency.test.ts[2m > [22m[2mProperty 10: Scoped Roles Processing Efficiency[2m > [22m[2mProperty 10.9: Batch role hierarchy queries should maintain consistency
[22m[39mGoTrueClient@sb-bgxknceshxxifwytalex-auth-token:0 (2.93.3) 2026-02-02T15:20:18.184Z #_useSession end

[90mstdout[2m | tests/property/scoped-roles-processing-efficiency.test.ts[2m > [22m[2mProperty 10: Scoped Roles Processing Efficiency[2m > [22m[2mProperty 10.9: Batch role hierarchy queries should maintain consistency
[22m[39mGoTrueClient@sb-bgxknceshxxifwytalex-auth-token:0 (2.93.3) 2026-02-02T15:20:18.184Z #_acquireLock lock released for storage key sb-bgxknceshxxifwytalex-auth-token

[90mstdout[2m | tests/property/scoped-roles-processing-efficiency.test.ts[2m > [22m[2mProperty 10: Scoped Roles Processing Efficiency[2m > [22m[2mProperty 10.9: Batch role hierarchy queries should maintain consistency
[22m[39mGoTrueClient@sb-bgxknceshxxifwytalex-auth-token:0 (2.93.3) 2026-02-02T15:20:18.184Z #_acquireLock end

stderr | tests/property/scoped-roles-processing-efficiency.test.ts > Property 10: Scoped Roles Processing Efficiency > Property 10.9: Batch role hierarchy queries should maintain consistency
Error fetching org roles: {
  code: 'PGRST200',
  details: "Searched for a foreign key relationship between 'org_roles' and 'user_profiles' in the schema 'public', but no matches were found.",
  hint: null,
  message: "Could not find a relationship between 'org_roles' and 'user_profiles' in the schema cache"
}

[90mstdout[2m | tests/property/scoped-roles-processing-efficiency.test.ts[2m > [22m[2mProperty 10: Scoped Roles Processing Efficiency[2m > [22m[2mProperty 10.9: Batch role hierarchy queries should maintain consistency
[22m[39mGoTrueClient@sb-bgxknceshxxifwytalex-auth-token:0 (2.93.3) 2026-02-02T15:20:18.231Z #_acquireLock begin [33m10000[39m
GoTrueClient@sb-bgxknceshxxifwytalex-auth-token:0 (2.93.3) 2026-02-02T15:20:18.231Z #_acquireLock lock acquired for storage key sb-bgxknceshxxifwytalex-auth-token
GoTrueClient@sb-bgxknceshxxifwytalex-auth-token:0 (2.93.3) 2026-02-02T15:20:18.231Z #_useSession begin
GoTrueClient@sb-bgxknceshxxifwytalex-auth-token:0 (2.93.3) 2026-02-02T15:20:18.231Z #__loadSession() begin

[90mstdout[2m | tests/property/scoped-roles-processing-efficiency.test.ts[2m > [22m[2mProperty 10: Scoped Roles Processing Efficiency[2m > [22m[2mProperty 10.9: Batch role hierarchy queries should maintain consistency
[22m[39mGoTrueClient@sb-bgxknceshxxifwytalex-auth-token:0 (2.93.3) 2026-02-02T15:20:18.232Z #getSession() session from storage [1mnull[22m
GoTrueClient@sb-bgxknceshxxifwytalex-auth-token:0 (2.93.3) 2026-02-02T15:20:18.232Z #__loadSession() end

[90mstdout[2m | tests/property/scoped-roles-processing-efficiency.test.ts[2m > [22m[2mProperty 10: Scoped Roles Processing Efficiency[2m > [22m[2mProperty 10.9: Batch role hierarchy queries should maintain consistency
[22m[39mGoTrueClient@sb-bgxknceshxxifwytalex-auth-token:0 (2.93.3) 2026-02-02T15:20:18.232Z #_useSession end

[90mstdout[2m | tests/property/scoped-roles-processing-efficiency.test.ts[2m > [22m[2mProperty 10: Scoped Roles Processing Efficiency[2m > [22m[2mProperty 10.9: Batch role hierarchy queries should maintain consistency
[22m[39mGoTrueClient@sb-bgxknceshxxifwytalex-auth-token:0 (2.93.3) 2026-02-02T15:20:18.232Z #_acquireLock lock released for storage key sb-bgxknceshxxifwytalex-auth-token

[90mstdout[2m | tests/property/scoped-roles-processing-efficiency.test.ts[2m > [22m[2mProperty 10: Scoped Roles Processing Efficiency[2m > [22m[2mProperty 10.9: Batch role hierarchy queries should maintain consistency
[22m[39mGoTrueClient@sb-bgxknceshxxifwytalex-auth-token:0 (2.93.3) 2026-02-02T15:20:18.232Z #_acquireLock end

stderr | tests/property/scoped-roles-processing-efficiency.test.ts > Property 10: Scoped Roles Processing Efficiency > Property 10.9: Batch role hierarchy queries should maintain consistency
Error fetching project roles: {
  code: 'PGRST200',
  details: "Searched for a foreign key relationship between 'project_roles' and 'user_profiles' in the schema 'public', but no matches were found.",
  hint: null,
  message: "Could not find a relationship between 'project_roles' and 'user_profiles' in the schema cache"
}

[90mstdout[2m | tests/property/scoped-roles-processing-efficiency.test.ts[2m > [22m[2mProperty 10: Scoped Roles Processing Efficiency[2m > [22m[2mProperty 10.9: Batch role hierarchy queries should maintain consistency
[22m[39mGoTrueClient@sb-bgxknceshxxifwytalex-auth-token:0 (2.93.3) 2026-02-02T15:20:18.235Z #_acquireLock begin [33m10000[39m
GoTrueClient@sb-bgxknceshxxifwytalex-auth-token:0 (2.93.3) 2026-02-02T15:20:18.235Z #_acquireLock lock acquired for storage key sb-bgxknceshxxifwytalex-auth-token
GoTrueClient@sb-bgxknceshxxifwytalex-auth-token:0 (2.93.3) 2026-02-02T15:20:18.235Z #_useSession begin
GoTrueClient@sb-bgxknceshxxifwytalex-auth-token:0 (2.93.3) 2026-02-02T15:20:18.235Z #__loadSession() begin

[90mstdout[2m | tests/property/scoped-roles-processing-efficiency.test.ts[2m > [22m[2mProperty 10: Scoped Roles Processing Efficiency[2m > [22m[2mProperty 10.9: Batch role hierarchy queries should maintain consistency
[22m[39mGoTrueClient@sb-bgxknceshxxifwytalex-auth-token:0 (2.93.3) 2026-02-02T15:20:18.235Z #getSession() session from storage [1mnull[22m
GoTrueClient@sb-bgxknceshxxifwytalex-auth-token:0 (2.93.3) 2026-02-02T15:20:18.235Z #__loadSession() end

[90mstdout[2m | tests/property/scoped-roles-processing-efficiency.test.ts[2m > [22m[2mProperty 10: Scoped Roles Processing Efficiency[2m > [22m[2mProperty 10.9: Batch role hierarchy queries should maintain consistency
[22m[39mGoTrueClient@sb-bgxknceshxxifwytalex-auth-token:0 (2.93.3) 2026-02-02T15:20:18.235Z #_useSession end

[90mstdout[2m | tests/property/scoped-roles-processing-efficiency.test.ts[2m > [22m[2mProperty 10: Scoped Roles Processing Efficiency[2m > [22m[2mProperty 10.9: Batch role hierarchy queries should maintain consistency
[22m[39mGoTrueClient@sb-bgxknceshxxifwytalex-auth-token:0 (2.93.3) 2026-02-02T15:20:18.235Z #_acquireLock lock released for storage key sb-bgxknceshxxifwytalex-auth-token

[90mstdout[2m | tests/property/scoped-roles-processing-efficiency.test.ts[2m > [22m[2mProperty 10: Scoped Roles Processing Efficiency[2m > [22m[2mProperty 10.9: Batch role hierarchy queries should maintain consistency
[22m[39mGoTrueClient@sb-bgxknceshxxifwytalex-auth-token:0 (2.93.3) 2026-02-02T15:20:18.235Z #_acquireLock end

stderr | tests/property/scoped-roles-processing-efficiency.test.ts > Property 10: Scoped Roles Processing Efficiency > Property 10.9: Batch role hierarchy queries should maintain consistency
Error fetching project roles: {
  code: 'PGRST200',
  details: "Searched for a foreign key relationship between 'project_roles' and 'user_profiles' in the schema 'public', but no matches were found.",
  hint: null,
  message: "Could not find a relationship between 'project_roles' and 'user_profiles' in the schema cache"
}

[90mstdout[2m | tests/property/scoped-roles-processing-efficiency.test.ts[2m > [22m[2mProperty 10: Scoped Roles Processing Efficiency[2m > [22m[2mProperty 10.9: Batch role hierarchy queries should maintain consistency
[22m[39mGoTrueClient@sb-bgxknceshxxifwytalex-auth-token:0 (2.93.3) 2026-02-02T15:20:18.241Z #_acquireLock begin [33m10000[39m
GoTrueClient@sb-bgxknceshxxifwytalex-auth-token:0 (2.93.3) 2026-02-02T15:20:18.241Z #_acquireLock lock acquired for storage key sb-bgxknceshxxifwytalex-auth-token
GoTrueClient@sb-bgxknceshxxifwytalex-auth-token:0 (2.93.3) 2026-02-02T15:20:18.241Z #_useSession begin
GoTrueClient@sb-bgxknceshxxifwytalex-auth-token:0 (2.93.3) 2026-02-02T15:20:18.241Z #__loadSession() begin

[90mstdout[2m | tests/property/scoped-roles-processing-efficiency.test.ts[2m > [22m[2mProperty 10: Scoped Roles Processing Efficiency[2m > [22m[2mProperty 10.9: Batch role hierarchy queries should maintain consistency
[22m[39mGoTrueClient@sb-bgxknceshxxifwytalex-auth-token:0 (2.93.3) 2026-02-02T15:20:18.241Z #getSession() session from storage [1mnull[22m
GoTrueClient@sb-bgxknceshxxifwytalex-auth-token:0 (2.93.3) 2026-02-02T15:20:18.241Z #__loadSession() end

[90mstdout[2m | tests/property/scoped-roles-processing-efficiency.test.ts[2m > [22m[2mProperty 10: Scoped Roles Processing Efficiency[2m > [22m[2mProperty 10.9: Batch role hierarchy queries should maintain consistency
[22m[39mGoTrueClient@sb-bgxknceshxxifwytalex-auth-token:0 (2.93.3) 2026-02-02T15:20:18.242Z #_useSession end

[90mstdout[2m | tests/property/scoped-roles-processing-efficiency.test.ts[2m > [22m[2mProperty 10: Scoped Roles Processing Efficiency[2m > [22m[2mProperty 10.9: Batch role hierarchy queries should maintain consistency
[22m[39mGoTrueClient@sb-bgxknceshxxifwytalex-auth-token:0 (2.93.3) 2026-02-02T15:20:18.242Z #_acquireLock lock released for storage key sb-bgxknceshxxifwytalex-auth-token

[90mstdout[2m | tests/property/scoped-roles-processing-efficiency.test.ts[2m > [22m[2mProperty 10: Scoped Roles Processing Efficiency[2m > [22m[2mProperty 10.9: Batch role hierarchy queries should maintain consistency
[22m[39mGoTrueClient@sb-bgxknceshxxifwytalex-auth-token:0 (2.93.3) 2026-02-02T15:20:18.242Z #_acquireLock end

stderr | tests/property/scoped-roles-processing-efficiency.test.ts > Property 10: Scoped Roles Processing Efficiency > Property 10.9: Batch role hierarchy queries should maintain consistency
Error fetching project roles: {
  code: 'PGRST200',
  details: "Searched for a foreign key relationship between 'project_roles' and 'user_profiles' in the schema 'public', but no matches were found.",
  hint: null,
  message: "Could not find a relationship between 'project_roles' and 'user_profiles' in the schema cache"
}

[90mstdout[2m | tests/property/scoped-roles-processing-efficiency.test.ts[2m > [22m[2mProperty 10: Scoped Roles Processing Efficiency[2m > [22m[2mProperty 10.9: Batch role hierarchy queries should maintain consistency
[22m[39mGoTrueClient@sb-bgxknceshxxifwytalex-auth-token:0 (2.93.3) 2026-02-02T15:20:18.248Z #_acquireLock begin [33m10000[39m
GoTrueClient@sb-bgxknceshxxifwytalex-auth-token:0 (2.93.3) 2026-02-02T15:20:18.248Z #_acquireLock lock acquired for storage key sb-bgxknceshxxifwytalex-auth-token
GoTrueClient@sb-bgxknceshxxifwytalex-auth-token:0 (2.93.3) 2026-02-02T15:20:18.248Z #_useSession begin
GoTrueClient@sb-bgxknceshxxifwytalex-auth-token:0 (2.93.3) 2026-02-02T15:20:18.248Z #__loadSession() begin

[90mstdout[2m | tests/property/scoped-roles-processing-efficiency.test.ts[2m > [22m[2mProperty 10: Scoped Roles Processing Efficiency[2m > [22m[2mProperty 10.9: Batch role hierarchy queries should maintain consistency
[22m[39mGoTrueClient@sb-bgxknceshxxifwytalex-auth-token:0 (2.93.3) 2026-02-02T15:20:18.248Z #getSession() session from storage [1mnull[22m
GoTrueClient@sb-bgxknceshxxifwytalex-auth-token:0 (2.93.3) 2026-02-02T15:20:18.249Z #__loadSession() end

[90mstdout[2m | tests/property/scoped-roles-processing-efficiency.test.ts[2m > [22m[2mProperty 10: Scoped Roles Processing Efficiency[2m > [22m[2mProperty 10.9: Batch role hierarchy queries should maintain consistency
[22m[39mGoTrueClient@sb-bgxknceshxxifwytalex-auth-token:0 (2.93.3) 2026-02-02T15:20:18.249Z #_useSession end

[90mstdout[2m | tests/property/scoped-roles-processing-efficiency.test.ts[2m > [22m[2mProperty 10: Scoped Roles Processing Efficiency[2m > [22m[2mProperty 10.9: Batch role hierarchy queries should maintain consistency
[22m[39mGoTrueClient@sb-bgxknceshxxifwytalex-auth-token:0 (2.93.3) 2026-02-02T15:20:18.249Z #_acquireLock lock released for storage key sb-bgxknceshxxifwytalex-auth-token

[90mstdout[2m | tests/property/scoped-roles-processing-efficiency.test.ts[2m > [22m[2mProperty 10: Scoped Roles Processing Efficiency[2m > [22m[2mProperty 10.9: Batch role hierarchy queries should maintain consistency
[22m[39mGoTrueClient@sb-bgxknceshxxifwytalex-auth-token:0 (2.93.3) 2026-02-02T15:20:18.249Z #_acquireLock end

stderr | tests/property/scoped-roles-processing-efficiency.test.ts > Property 10: Scoped Roles Processing Efficiency > Property 10.9: Batch role hierarchy queries should maintain consistency
Error fetching org roles: {
  code: 'PGRST200',
  details: "Searched for a foreign key relationship between 'org_roles' and 'user_profiles' in the schema 'public', but no matches were found.",
  hint: null,
  message: "Could not find a relationship between 'org_roles' and 'user_profiles' in the schema cache"
}

[90mstdout[2m | tests/property/scoped-roles-processing-efficiency.test.ts[2m > [22m[2mProperty 10: Scoped Roles Processing Efficiency[2m > [22m[2mProperty 10.9: Batch role hierarchy queries should maintain consistency
[22m[39mGoTrueClient@sb-bgxknceshxxifwytalex-auth-token:0 (2.93.3) 2026-02-02T15:20:18.252Z #_acquireLock begin [33m10000[39m
GoTrueClient@sb-bgxknceshxxifwytalex-auth-token:0 (2.93.3) 2026-02-02T15:20:18.252Z #_acquireLock lock acquired for storage key sb-bgxknceshxxifwytalex-auth-token
GoTrueClient@sb-bgxknceshxxifwytalex-auth-token:0 (2.93.3) 2026-02-02T15:20:18.252Z #_useSession begin
GoTrueClient@sb-bgxknceshxxifwytalex-auth-token:0 (2.93.3) 2026-02-02T15:20:18.252Z #__loadSession() begin

[90mstdout[2m | tests/property/scoped-roles-processing-efficiency.test.ts[2m > [22m[2mProperty 10: Scoped Roles Processing Efficiency[2m > [22m[2mProperty 10.9: Batch role hierarchy queries should maintain consistency
[22m[39mGoTrueClient@sb-bgxknceshxxifwytalex-auth-token:0 (2.93.3) 2026-02-02T15:20:18.252Z #getSession() session from storage [1mnull[22m
GoTrueClient@sb-bgxknceshxxifwytalex-auth-token:0 (2.93.3) 2026-02-02T15:20:18.252Z #__loadSession() end

[90mstdout[2m | tests/property/scoped-roles-processing-efficiency.test.ts[2m > [22m[2mProperty 10: Scoped Roles Processing Efficiency[2m > [22m[2mProperty 10.9: Batch role hierarchy queries should maintain consistency
[22m[39mGoTrueClient@sb-bgxknceshxxifwytalex-auth-token:0 (2.93.3) 2026-02-02T15:20:18.252Z #_useSession end

[90mstdout[2m | tests/property/scoped-roles-processing-efficiency.test.ts[2m > [22m[2mProperty 10: Scoped Roles Processing Efficiency[2m > [22m[2mProperty 10.9: Batch role hierarchy queries should maintain consistency
[22m[39mGoTrueClient@sb-bgxknceshxxifwytalex-auth-token:0 (2.93.3) 2026-02-02T15:20:18.252Z #_acquireLock lock released for storage key sb-bgxknceshxxifwytalex-auth-token

[90mstdout[2m | tests/property/scoped-roles-processing-efficiency.test.ts[2m > [22m[2mProperty 10: Scoped Roles Processing Efficiency[2m > [22m[2mProperty 10.9: Batch role hierarchy queries should maintain consistency
[22m[39mGoTrueClient@sb-bgxknceshxxifwytalex-auth-token:0 (2.93.3) 2026-02-02T15:20:18.252Z #_acquireLock end

stderr | tests/property/scoped-roles-processing-efficiency.test.ts > Property 10: Scoped Roles Processing Efficiency > Property 10.9: Batch role hierarchy queries should maintain consistency
Error fetching org roles: {
  code: 'PGRST200',
  details: "Searched for a foreign key relationship between 'org_roles' and 'user_profiles' in the schema 'public', but no matches were found.",
  hint: null,
  message: "Could not find a relationship between 'org_roles' and 'user_profiles' in the schema cache"
}

stderr | tests/property/scoped-roles-processing-efficiency.test.ts > Property 10: Scoped Roles Processing Efficiency > Property 10.9: Batch role hierarchy queries should maintain consistency
Error fetching org roles: {
  code: 'PGRST200',
  details: "Searched for a foreign key relationship between 'org_roles' and 'user_profiles' in the schema 'public', but no matches were found.",
  hint: null,
  message: "Could not find a relationship between 'org_roles' and 'user_profiles' in the schema cache"
}

[90mstdout[2m | tests/property/scoped-roles-processing-efficiency.test.ts[2m > [22m[2mProperty 10: Scoped Roles Processing Efficiency[2m > [22m[2mProperty 10.9: Batch role hierarchy queries should maintain consistency
[22m[39mGoTrueClient@sb-bgxknceshxxifwytalex-auth-token:0 (2.93.3) 2026-02-02T15:20:19.427Z #_acquireLock begin [33m10000[39m
GoTrueClient@sb-bgxknceshxxifwytalex-auth-token:0 (2.93.3) 2026-02-02T15:20:19.427Z #_acquireLock lock acquired for storage key sb-bgxknceshxxifwytalex-auth-token
GoTrueClient@sb-bgxknceshxxifwytalex-auth-token:0 (2.93.3) 2026-02-02T15:20:19.427Z #_useSession begin
GoTrueClient@sb-bgxknceshxxifwytalex-auth-token:0 (2.93.3) 2026-02-02T15:20:19.427Z #__loadSession() begin

[90mstdout[2m | tests/property/scoped-roles-processing-efficiency.test.ts[2m > [22m[2mProperty 10: Scoped Roles Processing Efficiency[2m > [22m[2mProperty 10.9: Batch role hierarchy queries should maintain consistency
[22m[39mGoTrueClient@sb-bgxknceshxxifwytalex-auth-token:0 (2.93.3) 2026-02-02T15:20:19.427Z #getSession() session from storage [1mnull[22m
GoTrueClient@sb-bgxknceshxxifwytalex-auth-token:0 (2.93.3) 2026-02-02T15:20:19.428Z #__loadSession() end

[90mstdout[2m | tests/property/scoped-roles-processing-efficiency.test.ts[2m > [22m[2mProperty 10: Scoped Roles Processing Efficiency[2m > [22m[2mProperty 10.9: Batch role hierarchy queries should maintain consistency
[22m[39mGoTrueClient@sb-bgxknceshxxifwytalex-auth-token:0 (2.93.3) 2026-02-02T15:20:19.428Z #_useSession end

[90mstdout[2m | tests/property/scoped-roles-processing-efficiency.test.ts[2m > [22m[2mProperty 10: Scoped Roles Processing Efficiency[2m > [22m[2mProperty 10.9: Batch role hierarchy queries should maintain consistency
[22m[39mGoTrueClient@sb-bgxknceshxxifwytalex-auth-token:0 (2.93.3) 2026-02-02T15:20:19.428Z #_acquireLock lock released for storage key sb-bgxknceshxxifwytalex-auth-token

[90mstdout[2m | tests/property/scoped-roles-processing-efficiency.test.ts[2m > [22m[2mProperty 10: Scoped Roles Processing Efficiency[2m > [22m[2mProperty 10.9: Batch role hierarchy queries should maintain consistency
[22m[39mGoTrueClient@sb-bgxknceshxxifwytalex-auth-token:0 (2.93.3) 2026-02-02T15:20:19.428Z #_acquireLock end

[90mstdout[2m | tests/property/scoped-roles-processing-efficiency.test.ts[2m > [22m[2mProperty 10: Scoped Roles Processing Efficiency[2m > [22m[2mProperty 10.9: Batch role hierarchy queries should maintain consistency
[22m[39mGoTrueClient@sb-bgxknceshxxifwytalex-auth-token:0 (2.93.3) 2026-02-02T15:20:19.429Z #_acquireLock begin [33m10000[39m
GoTrueClient@sb-bgxknceshxxifwytalex-auth-token:0 (2.93.3) 2026-02-02T15:20:19.429Z #_acquireLock lock acquired for storage key sb-bgxknceshxxifwytalex-auth-token
GoTrueClient@sb-bgxknceshxxifwytalex-auth-token:0 (2.93.3) 2026-02-02T15:20:19.429Z #_useSession begin
GoTrueClient@sb-bgxknceshxxifwytalex-auth-token:0 (2.93.3) 2026-02-02T15:20:19.429Z #__loadSession() begin

[90mstdout[2m | tests/property/scoped-roles-processing-efficiency.test.ts[2m > [22m[2mProperty 10: Scoped Roles Processing Efficiency[2m > [22m[2mProperty 10.9: Batch role hierarchy queries should maintain consistency
[22m[39mGoTrueClient@sb-bgxknceshxxifwytalex-auth-token:0 (2.93.3) 2026-02-02T15:20:19.429Z #getSession() session from storage [1mnull[22m
GoTrueClient@sb-bgxknceshxxifwytalex-auth-token:0 (2.93.3) 2026-02-02T15:20:19.429Z #__loadSession() end

[90mstdout[2m | tests/property/scoped-roles-processing-efficiency.test.ts[2m > [22m[2mProperty 10: Scoped Roles Processing Efficiency[2m > [22m[2mProperty 10.9: Batch role hierarchy queries should maintain consistency
[22m[39mGoTrueClient@sb-bgxknceshxxifwytalex-auth-token:0 (2.93.3) 2026-02-02T15:20:19.430Z #_useSession end

[90mstdout[2m | tests/property/scoped-roles-processing-efficiency.test.ts[2m > [22m[2mProperty 10: Scoped Roles Processing Efficiency[2m > [22m[2mProperty 10.9: Batch role hierarchy queries should maintain consistency
[22m[39mGoTrueClient@sb-bgxknceshxxifwytalex-auth-token:0 (2.93.3) 2026-02-02T15:20:19.430Z #_acquireLock lock released for storage key sb-bgxknceshxxifwytalex-auth-token

[90mstdout[2m | tests/property/scoped-roles-processing-efficiency.test.ts[2m > [22m[2mProperty 10: Scoped Roles Processing Efficiency[2m > [22m[2mProperty 10.9: Batch role hierarchy queries should maintain consistency
[22m[39mGoTrueClient@sb-bgxknceshxxifwytalex-auth-token:0 (2.93.3) 2026-02-02T15:20:19.430Z #_acquireLock end

stderr | tests/property/scoped-roles-processing-efficiency.test.ts > Property 10: Scoped Roles Processing Efficiency > Property 10.9: Batch role hierarchy queries should maintain consistency
Error fetching project roles: {
  code: 'PGRST200',
  details: "Searched for a foreign key relationship between 'project_roles' and 'user_profiles' in the schema 'public', but no matches were found.",
  hint: null,
  message: "Could not find a relationship between 'project_roles' and 'user_profiles' in the schema cache"
}

[90mstdout[2m | tests/property/scoped-roles-processing-efficiency.test.ts[2m > [22m[2mProperty 10: Scoped Roles Processing Efficiency[2m > [22m[2mProperty 10.9: Batch role hierarchy queries should maintain consistency
[22m[39mGoTrueClient@sb-bgxknceshxxifwytalex-auth-token:0 (2.93.3) 2026-02-02T15:20:19.681Z #_acquireLock begin [33m10000[39m
GoTrueClient@sb-bgxknceshxxifwytalex-auth-token:0 (2.93.3) 2026-02-02T15:20:19.681Z #_acquireLock lock acquired for storage key sb-bgxknceshxxifwytalex-auth-token
GoTrueClient@sb-bgxknceshxxifwytalex-auth-token:0 (2.93.3) 2026-02-02T15:20:19.681Z #_useSession begin
GoTrueClient@sb-bgxknceshxxifwytalex-auth-token:0 (2.93.3) 2026-02-02T15:20:19.681Z #__loadSession() begin

[90mstdout[2m | tests/property/scoped-roles-processing-efficiency.test.ts[2m > [22m[2mProperty 10: Scoped Roles Processing Efficiency[2m > [22m[2mProperty 10.9: Batch role hierarchy queries should maintain consistency
[22m[39mGoTrueClient@sb-bgxknceshxxifwytalex-auth-token:0 (2.93.3) 2026-02-02T15:20:19.681Z #getSession() session from storage [1mnull[22m
GoTrueClient@sb-bgxknceshxxifwytalex-auth-token:0 (2.93.3) 2026-02-02T15:20:19.681Z #__loadSession() end

[90mstdout[2m | tests/property/scoped-roles-processing-efficiency.test.ts[2m > [22m[2mProperty 10: Scoped Roles Processing Efficiency[2m > [22m[2mProperty 10.9: Batch role hierarchy queries should maintain consistency
[22m[39mGoTrueClient@sb-bgxknceshxxifwytalex-auth-token:0 (2.93.3) 2026-02-02T15:20:19.682Z #_useSession end

[90mstdout[2m | tests/property/scoped-roles-processing-efficiency.test.ts[2m > [22m[2mProperty 10: Scoped Roles Processing Efficiency[2m > [22m[2mProperty 10.9: Batch role hierarchy queries should maintain consistency
[22m[39mGoTrueClient@sb-bgxknceshxxifwytalex-auth-token:0 (2.93.3) 2026-02-02T15:20:19.682Z #_acquireLock lock released for storage key sb-bgxknceshxxifwytalex-auth-token

[90mstdout[2m | tests/property/scoped-roles-processing-efficiency.test.ts[2m > [22m[2mProperty 10: Scoped Roles Processing Efficiency[2m > [22m[2mProperty 10.9: Batch role hierarchy queries should maintain consistency
[22m[39mGoTrueClient@sb-bgxknceshxxifwytalex-auth-token:0 (2.93.3) 2026-02-02T15:20:19.682Z #_acquireLock end

stderr | tests/property/scoped-roles-processing-efficiency.test.ts > Property 10: Scoped Roles Processing Efficiency > Property 10.9: Batch role hierarchy queries should maintain consistency
Error fetching project roles: {
  code: 'PGRST200',
  details: "Searched for a foreign key relationship between 'project_roles' and 'user_profiles' in the schema 'public', but no matches were found.",
  hint: null,
  message: "Could not find a relationship between 'project_roles' and 'user_profiles' in the schema cache"
}

[90mstdout[2m | tests/property/scoped-roles-processing-efficiency.test.ts[2m > [22m[2mProperty 10: Scoped Roles Processing Efficiency[2m > [22m[2mProperty 10.9: Batch role hierarchy queries should maintain consistency
[22m[39mGoTrueClient@sb-bgxknceshxxifwytalex-auth-token:0 (2.93.3) 2026-02-02T15:20:19.683Z #_acquireLock begin [33m10000[39m
GoTrueClient@sb-bgxknceshxxifwytalex-auth-token:0 (2.93.3) 2026-02-02T15:20:19.683Z #_acquireLock lock acquired for storage key sb-bgxknceshxxifwytalex-auth-token
GoTrueClient@sb-bgxknceshxxifwytalex-auth-token:0 (2.93.3) 2026-02-02T15:20:19.683Z #_useSession begin
GoTrueClient@sb-bgxknceshxxifwytalex-auth-token:0 (2.93.3) 2026-02-02T15:20:19.683Z #__loadSession() begin

[90mstdout[2m | tests/property/scoped-roles-processing-efficiency.test.ts[2m > [22m[2mProperty 10: Scoped Roles Processing Efficiency[2m > [22m[2mProperty 10.9: Batch role hierarchy queries should maintain consistency
[22m[39mGoTrueClient@sb-bgxknceshxxifwytalex-auth-token:0 (2.93.3) 2026-02-02T15:20:19.683Z #getSession() session from storage [1mnull[22m
GoTrueClient@sb-bgxknceshxxifwytalex-auth-token:0 (2.93.3) 2026-02-02T15:20:19.683Z #__loadSession() end

[90mstdout[2m | tests/property/scoped-roles-processing-efficiency.test.ts[2m > [22m[2mProperty 10: Scoped Roles Processing Efficiency[2m > [22m[2mProperty 10.9: Batch role hierarchy queries should maintain consistency
[22m[39mGoTrueClient@sb-bgxknceshxxifwytalex-auth-token:0 (2.93.3) 2026-02-02T15:20:19.683Z #_useSession end

[90mstdout[2m | tests/property/scoped-roles-processing-efficiency.test.ts[2m > [22m[2mProperty 10: Scoped Roles Processing Efficiency[2m > [22m[2mProperty 10.9: Batch role hierarchy queries should maintain consistency
[22m[39mGoTrueClient@sb-bgxknceshxxifwytalex-auth-token:0 (2.93.3) 2026-02-02T15:20:19.683Z #_acquireLock lock released for storage key sb-bgxknceshxxifwytalex-auth-token

[90mstdout[2m | tests/property/scoped-roles-processing-efficiency.test.ts[2m > [22m[2mProperty 10: Scoped Roles Processing Efficiency[2m > [22m[2mProperty 10.9: Batch role hierarchy queries should maintain consistency
[22m[39mGoTrueClient@sb-bgxknceshxxifwytalex-auth-token:0 (2.93.3) 2026-02-02T15:20:19.683Z #_acquireLock end

stderr | tests/property/scoped-roles-processing-efficiency.test.ts > Property 10: Scoped Roles Processing Efficiency > Property 10.9: Batch role hierarchy queries should maintain consistency
Error fetching org roles: {
  code: 'PGRST200',
  details: "Searched for a foreign key relationship between 'org_roles' and 'user_profiles' in the schema 'public', but no matches were found.",
  hint: null,
  message: "Could not find a relationship between 'org_roles' and 'user_profiles' in the schema cache"
}

[90mstdout[2m | tests/property/scoped-roles-processing-efficiency.test.ts[2m > [22m[2mProperty 10: Scoped Roles Processing Efficiency[2m > [22m[2mProperty 10.9: Batch role hierarchy queries should maintain consistency
[22m[39mGoTrueClient@sb-bgxknceshxxifwytalex-auth-token:0 (2.93.3) 2026-02-02T15:20:19.685Z #_acquireLock begin [33m10000[39m
GoTrueClient@sb-bgxknceshxxifwytalex-auth-token:0 (2.93.3) 2026-02-02T15:20:19.685Z #_acquireLock lock acquired for storage key sb-bgxknceshxxifwytalex-auth-token
GoTrueClient@sb-bgxknceshxxifwytalex-auth-token:0 (2.93.3) 2026-02-02T15:20:19.685Z #_useSession begin
GoTrueClient@sb-bgxknceshxxifwytalex-auth-token:0 (2.93.3) 2026-02-02T15:20:19.685Z #__loadSession() begin

[90mstdout[2m | tests/property/scoped-roles-processing-efficiency.test.ts[2m > [22m[2mProperty 10: Scoped Roles Processing Efficiency[2m > [22m[2mProperty 10.9: Batch role hierarchy queries should maintain consistency
[22m[39mGoTrueClient@sb-bgxknceshxxifwytalex-auth-token:0 (2.93.3) 2026-02-02T15:20:19.685Z #getSession() session from storage [1mnull[22m
GoTrueClient@sb-bgxknceshxxifwytalex-auth-token:0 (2.93.3) 2026-02-02T15:20:19.685Z #__loadSession() end

[90mstdout[2m | tests/property/scoped-roles-processing-efficiency.test.ts[2m > [22m[2mProperty 10: Scoped Roles Processing Efficiency[2m > [22m[2mProperty 10.9: Batch role hierarchy queries should maintain consistency
[22m[39mGoTrueClient@sb-bgxknceshxxifwytalex-auth-token:0 (2.93.3) 2026-02-02T15:20:19.685Z #_useSession end

[90mstdout[2m | tests/property/scoped-roles-processing-efficiency.test.ts[2m > [22m[2mProperty 10: Scoped Roles Processing Efficiency[2m > [22m[2mProperty 10.9: Batch role hierarchy queries should maintain consistency
[22m[39mGoTrueClient@sb-bgxknceshxxifwytalex-auth-token:0 (2.93.3) 2026-02-02T15:20:19.686Z #_acquireLock lock released for storage key sb-bgxknceshxxifwytalex-auth-token

[90mstdout[2m | tests/property/scoped-roles-processing-efficiency.test.ts[2m > [22m[2mProperty 10: Scoped Roles Processing Efficiency[2m > [22m[2mProperty 10.9: Batch role hierarchy queries should maintain consistency
[22m[39mGoTrueClient@sb-bgxknceshxxifwytalex-auth-token:0 (2.93.3) 2026-02-02T15:20:19.686Z #_acquireLock end

stderr | tests/property/scoped-roles-processing-efficiency.test.ts > Property 10: Scoped Roles Processing Efficiency > Property 10.9: Batch role hierarchy queries should maintain consistency
Error fetching org roles: {
  code: 'PGRST200',
  details: "Searched for a foreign key relationship between 'org_roles' and 'user_profiles' in the schema 'public', but no matches were found.",
  hint: null,
  message: "Could not find a relationship between 'org_roles' and 'user_profiles' in the schema cache"
}

stderr | tests/property/scoped-roles-processing-efficiency.test.ts > Property 10: Scoped Roles Processing Efficiency > Property 10.9: Batch role hierarchy queries should maintain consistency
Error fetching org roles: {
  code: 'PGRST200',
  details: "Searched for a foreign key relationship between 'org_roles' and 'user_profiles' in the schema 'public', but no matches were found.",
  hint: null,
  message: "Could not find a relationship between 'org_roles' and 'user_profiles' in the schema cache"
}

stderr | tests/property/scoped-roles-processing-efficiency.test.ts > Property 10: Scoped Roles Processing Efficiency > Property 10.9: Batch role hierarchy queries should maintain consistency
Error fetching org roles: {
  code: 'PGRST200',
  details: "Searched for a foreign key relationship between 'org_roles' and 'user_profiles' in the schema 'public', but no matches were found.",
  hint: null,
  message: "Could not find a relationship between 'org_roles' and 'user_profiles' in the schema cache"
}

stderr | tests/property/scoped-roles-processing-efficiency.test.ts > Property 10: Scoped Roles Processing Efficiency > Property 10.9: Batch role hierarchy queries should maintain consistency
Error fetching org roles: {
  code: 'PGRST200',
  details: "Searched for a foreign key relationship between 'org_roles' and 'user_profiles' in the schema 'public', but no matches were found.",
  hint: null,
  message: "Could not find a relationship between 'org_roles' and 'user_profiles' in the schema cache"
}

stderr | tests/property/scoped-roles-processing-efficiency.test.ts > Property 10: Scoped Roles Processing Efficiency > Property 10.9: Batch role hierarchy queries should maintain consistency
Error fetching org roles: {
  code: 'PGRST200',
  details: "Searched for a foreign key relationship between 'org_roles' and 'user_profiles' in the schema 'public', but no matches were found.",
  hint: null,
  message: "Could not find a relationship between 'org_roles' and 'user_profiles' in the schema cache"
}

stderr | tests/property/scoped-roles-processing-efficiency.test.ts > Property 10: Scoped Roles Processing Efficiency > Property 10.9: Batch role hierarchy queries should maintain consistency
Error fetching org roles: {
  code: 'PGRST200',
  details: "Searched for a foreign key relationship between 'org_roles' and 'user_profiles' in the schema 'public', but no matches were found.",
  hint: null,
  message: "Could not find a relationship between 'org_roles' and 'user_profiles' in the schema cache"
}

stderr | tests/property/scoped-roles-processing-efficiency.test.ts > Property 10: Scoped Roles Processing Efficiency > Property 10.9: Batch role hierarchy queries should maintain consistency
Error fetching org roles: {
  code: 'PGRST200',
  details: "Searched for a foreign key relationship between 'org_roles' and 'user_profiles' in the schema 'public', but no matches were found.",
  hint: null,
  message: "Could not find a relationship between 'org_roles' and 'user_profiles' in the schema cache"
}

stderr | tests/property/scoped-roles-processing-efficiency.test.ts > Property 10: Scoped Roles Processing Efficiency > Property 10.9: Batch role hierarchy queries should maintain consistency
Error fetching org roles: {
  code: 'PGRST200',
  details: "Searched for a foreign key relationship between 'org_roles' and 'user_profiles' in the schema 'public', but no matches were found.",
  hint: null,
  message: "Could not find a relationship between 'org_roles' and 'user_profiles' in the schema cache"
}

stderr | tests/property/scoped-roles-processing-efficiency.test.ts > Property 10: Scoped Roles Processing Efficiency > Property 10.9: Batch role hierarchy queries should maintain consistency
Error fetching org roles: {
  code: 'PGRST200',
  details: "Searched for a foreign key relationship between 'org_roles' and 'user_profiles' in the schema 'public', but no matches were found.",
  hint: null,
  message: "Could not find a relationship between 'org_roles' and 'user_profiles' in the schema cache"
}

stderr | tests/property/scoped-roles-processing-efficiency.test.ts > Property 10: Scoped Roles Processing Efficiency > Property 10.9: Batch role hierarchy queries should maintain consistency
Error fetching org roles: {
  code: 'PGRST200',
  details: "Searched for a foreign key relationship between 'org_roles' and 'user_profiles' in the schema 'public', but no matches were found.",
  hint: null,
  message: "Could not find a relationship between 'org_roles' and 'user_profiles' in the schema cache"
}

stderr | tests/property/scoped-roles-processing-efficiency.test.ts > Property 10: Scoped Roles Processing Efficiency > Property 10.9: Batch role hierarchy queries should maintain consistency
Error fetching org roles: {
  code: 'PGRST200',
  details: "Searched for a foreign key relationship between 'org_roles' and 'user_profiles' in the schema 'public', but no matches were found.",
  hint: null,
  message: "Could not find a relationship between 'org_roles' and 'user_profiles' in the schema cache"
}

stderr | tests/property/scoped-roles-processing-efficiency.test.ts > Property 10: Scoped Roles Processing Efficiency > Property 10.9: Batch role hierarchy queries should maintain consistency
Error fetching org roles: {
  code: 'PGRST200',
  details: "Searched for a foreign key relationship between 'org_roles' and 'user_profiles' in the schema 'public', but no matches were found.",
  hint: null,
  message: "Could not find a relationship between 'org_roles' and 'user_profiles' in the schema cache"
}

stderr | tests/property/scoped-roles-processing-efficiency.test.ts > Property 10: Scoped Roles Processing Efficiency > Property 10.9: Batch role hierarchy queries should maintain consistency
Error fetching org roles: {
  code: 'PGRST200',
  details: "Searched for a foreign key relationship between 'org_roles' and 'user_profiles' in the schema 'public', but no matches were found.",
  hint: null,
  message: "Could not find a relationship between 'org_roles' and 'user_profiles' in the schema cache"
}

stderr | tests/property/scoped-roles-processing-efficiency.test.ts > Property 10: Scoped Roles Processing Efficiency > Property 10.9: Batch role hierarchy queries should maintain consistency
Error fetching org roles: {
  code: 'PGRST200',
  details: "Searched for a foreign key relationship between 'org_roles' and 'user_profiles' in the schema 'public', but no matches were found.",
  hint: null,
  message: "Could not find a relationship between 'org_roles' and 'user_profiles' in the schema cache"
}

stderr | tests/property/scoped-roles-processing-efficiency.test.ts > Property 10: Scoped Roles Processing Efficiency > Property 10.9: Batch role hierarchy queries should maintain consistency
Error fetching org roles: {
  code: 'PGRST200',
  details: "Searched for a foreign key relationship between 'org_roles' and 'user_profiles' in the schema 'public', but no matches were found.",
  hint: null,
  message: "Could not find a relationship between 'org_roles' and 'user_profiles' in the schema cache"
}

stderr | tests/property/scoped-roles-processing-efficiency.test.ts > Property 10: Scoped Roles Processing Efficiency > Property 10.9: Batch role hierarchy queries should maintain consistency
Error fetching org roles: {
  code: 'PGRST200',
  details: "Searched for a foreign key relationship between 'org_roles' and 'user_profiles' in the schema 'public', but no matches were found.",
  hint: null,
  message: "Could not find a relationship between 'org_roles' and 'user_profiles' in the schema cache"
}

stderr | tests/property/scoped-roles-processing-efficiency.test.ts > Property 10: Scoped Roles Processing Efficiency > Property 10.9: Batch role hierarchy queries should maintain consistency
Error fetching org roles: {
  code: 'PGRST200',
  details: "Searched for a foreign key relationship between 'org_roles' and 'user_profiles' in the schema 'public', but no matches were found.",
  hint: null,
  message: "Could not find a relationship between 'org_roles' and 'user_profiles' in the schema cache"
}

stderr | tests/property/scoped-roles-processing-efficiency.test.ts > Property 10: Scoped Roles Processing Efficiency > Property 10.9: Batch role hierarchy queries should maintain consistency
Error fetching org roles: {
  code: 'PGRST200',
  details: "Searched for a foreign key relationship between 'org_roles' and 'user_profiles' in the schema 'public', but no matches were found.",
  hint: null,
  message: "Could not find a relationship between 'org_roles' and 'user_profiles' in the schema cache"
}

stderr | tests/property/scoped-roles-processing-efficiency.test.ts > Property 10: Scoped Roles Processing Efficiency > Property 10.9: Batch role hierarchy queries should maintain consistency
Error fetching org roles: {
  code: 'PGRST200',
  details: "Searched for a foreign key relationship between 'org_roles' and 'user_profiles' in the schema 'public', but no matches were found.",
  hint: null,
  message: "Could not find a relationship between 'org_roles' and 'user_profiles' in the schema cache"
}

stderr | tests/property/scoped-roles-processing-efficiency.test.ts > Property 10: Scoped Roles Processing Efficiency > Property 10.9: Batch role hierarchy queries should maintain consistency
Error fetching org roles: {
  code: 'PGRST200',
  details: "Searched for a foreign key relationship between 'org_roles' and 'user_profiles' in the schema 'public', but no matches were found.",
  hint: null,
  message: "Could not find a relationship between 'org_roles' and 'user_profiles' in the schema cache"
}

stderr | tests/property/scoped-roles-processing-efficiency.test.ts > Property 10: Scoped Roles Processing Efficiency > Property 10.9: Batch role hierarchy queries should maintain consistency
Error fetching org roles: {
  code: 'PGRST200',
  details: "Searched for a foreign key relationship between 'org_roles' and 'user_profiles' in the schema 'public', but no matches were found.",
  hint: null,
  message: "Could not find a relationship between 'org_roles' and 'user_profiles' in the schema cache"
}

stderr | tests/property/scoped-roles-processing-efficiency.test.ts > Property 10: Scoped Roles Processing Efficiency > Property 10.9: Batch role hierarchy queries should maintain consistency
Error fetching org roles: {
  code: 'PGRST200',
  details: "Searched for a foreign key relationship between 'org_roles' and 'user_profiles' in the schema 'public', but no matches were found.",
  hint: null,
  message: "Could not find a relationship between 'org_roles' and 'user_profiles' in the schema cache"
}

stderr | tests/property/scoped-roles-processing-efficiency.test.ts > Property 10: Scoped Roles Processing Efficiency > Property 10.9: Batch role hierarchy queries should maintain consistency
Error fetching org roles: {
  code: 'PGRST200',
  details: "Searched for a foreign key relationship between 'org_roles' and 'user_profiles' in the schema 'public', but no matches were found.",
  hint: null,
  message: "Could not find a relationship between 'org_roles' and 'user_profiles' in the schema cache"
}

stderr | tests/property/scoped-roles-processing-efficiency.test.ts > Property 10: Scoped Roles Processing Efficiency > Property 10.9: Batch role hierarchy queries should maintain consistency
Error fetching org roles: {
  code: 'PGRST200',
  details: "Searched for a foreign key relationship between 'org_roles' and 'user_profiles' in the schema 'public', but no matches were found.",
  hint: null,
  message: "Could not find a relationship between 'org_roles' and 'user_profiles' in the schema cache"
}

stderr | tests/property/scoped-roles-processing-efficiency.test.ts > Property 10: Scoped Roles Processing Efficiency > Property 10.9: Batch role hierarchy queries should maintain consistency
Error fetching org roles: {
  code: 'PGRST200',
  details: "Searched for a foreign key relationship between 'org_roles' and 'user_profiles' in the schema 'public', but no matches were found.",
  hint: null,
  message: "Could not find a relationship between 'org_roles' and 'user_profiles' in the schema cache"
}

stderr | tests/property/scoped-roles-processing-efficiency.test.ts > Property 10: Scoped Roles Processing Efficiency > Property 10.9: Batch role hierarchy queries should maintain consistency
Error fetching org roles: {
  code: 'PGRST200',
  details: "Searched for a foreign key relationship between 'org_roles' and 'user_profiles' in the schema 'public', but no matches were found.",
  hint: null,
  message: "Could not find a relationship between 'org_roles' and 'user_profiles' in the schema cache"
}

stderr | tests/property/scoped-roles-processing-efficiency.test.ts > Property 10: Scoped Roles Processing Efficiency > Property 10.9: Batch role hierarchy queries should maintain consistency
Error fetching org roles: {
  code: 'PGRST200',
  details: "Searched for a foreign key relationship between 'org_roles' and 'user_profiles' in the schema 'public', but no matches were found.",
  hint: null,
  message: "Could not find a relationship between 'org_roles' and 'user_profiles' in the schema cache"
}

stderr | tests/property/scoped-roles-processing-efficiency.test.ts > Property 10: Scoped Roles Processing Efficiency > Property 10.9: Batch role hierarchy queries should maintain consistency
Error fetching org roles: {
  code: 'PGRST200',
  details: "Searched for a foreign key relationship between 'org_roles' and 'user_profiles' in the schema 'public', but no matches were found.",
  hint: null,
  message: "Could not find a relationship between 'org_roles' and 'user_profiles' in the schema cache"
}

stderr | tests/property/scoped-roles-processing-efficiency.test.ts > Property 10: Scoped Roles Processing Efficiency > Property 10.9: Batch role hierarchy queries should maintain consistency
Error fetching org roles: {
  code: 'PGRST200',
  details: "Searched for a foreign key relationship between 'org_roles' and 'user_profiles' in the schema 'public', but no matches were found.",
  hint: null,
  message: "Could not find a relationship between 'org_roles' and 'user_profiles' in the schema cache"
}

stderr | tests/property/scoped-roles-processing-efficiency.test.ts > Property 10: Scoped Roles Processing Efficiency > Property 10.9: Batch role hierarchy queries should maintain consistency
Error fetching org roles: {
  code: 'PGRST200',
  details: "Searched for a foreign key relationship between 'org_roles' and 'user_profiles' in the schema 'public', but no matches were found.",
  hint: null,
  message: "Could not find a relationship between 'org_roles' and 'user_profiles' in the schema cache"
}

stderr | tests/property/scoped-roles-processing-efficiency.test.ts > Property 10: Scoped Roles Processing Efficiency > Property 10.9: Batch role hierarchy queries should maintain consistency
Error fetching org roles: {
  code: 'PGRST200',
  details: "Searched for a foreign key relationship between 'org_roles' and 'user_profiles' in the schema 'public', but no matches were found.",
  hint: null,
  message: "Could not find a relationship between 'org_roles' and 'user_profiles' in the schema cache"
}

stderr | tests/property/scoped-roles-processing-efficiency.test.ts > Property 10: Scoped Roles Processing Efficiency > Property 10.9: Batch role hierarchy queries should maintain consistency
Error fetching org roles: {
  code: 'PGRST200',
  details: "Searched for a foreign key relationship between 'org_roles' and 'user_profiles' in the schema 'public', but no matches were found.",
  hint: null,
  message: "Could not find a relationship between 'org_roles' and 'user_profiles' in the schema cache"
}

stderr | tests/property/scoped-roles-processing-efficiency.test.ts > Property 10: Scoped Roles Processing Efficiency > Property 10.9: Batch role hierarchy queries should maintain consistency
Error fetching org roles: {
  code: 'PGRST200',
  details: "Searched for a foreign key relationship between 'org_roles' and 'user_profiles' in the schema 'public', but no matches were found.",
  hint: null,
  message: "Could not find a relationship between 'org_roles' and 'user_profiles' in the schema cache"
}

stderr | tests/property/scoped-roles-processing-efficiency.test.ts > Property 10: Scoped Roles Processing Efficiency > Property 10.9: Batch role hierarchy queries should maintain consistency
Error fetching org roles: {
  code: 'PGRST200',
  details: "Searched for a foreign key relationship between 'org_roles' and 'user_profiles' in the schema 'public', but no matches were found.",
  hint: null,
  message: "Could not find a relationship between 'org_roles' and 'user_profiles' in the schema cache"
}

stderr | tests/property/scoped-roles-processing-efficiency.test.ts > Property 10: Scoped Roles Processing Efficiency > Property 10.9: Batch role hierarchy queries should maintain consistency
Error fetching org roles: {
  code: 'PGRST200',
  details: "Searched for a foreign key relationship between 'org_roles' and 'user_profiles' in the schema 'public', but no matches were found.",
  hint: null,
  message: "Could not find a relationship between 'org_roles' and 'user_profiles' in the schema cache"
}

stderr | tests/property/scoped-roles-processing-efficiency.test.ts > Property 10: Scoped Roles Processing Efficiency > Property 10.9: Batch role hierarchy queries should maintain consistency
Error fetching org roles: {
  code: 'PGRST200',
  details: "Searched for a foreign key relationship between 'org_roles' and 'user_profiles' in the schema 'public', but no matches were found.",
  hint: null,
  message: "Could not find a relationship between 'org_roles' and 'user_profiles' in the schema cache"
}

stderr | tests/property/scoped-roles-processing-efficiency.test.ts > Property 10: Scoped Roles Processing Efficiency > Property 10.9: Batch role hierarchy queries should maintain consistency
Error fetching org roles: {
  code: 'PGRST200',
  details: "Searched for a foreign key relationship between 'org_roles' and 'user_profiles' in the schema 'public', but no matches were found.",
  hint: null,
  message: "Could not find a relationship between 'org_roles' and 'user_profiles' in the schema cache"
}

stderr | tests/property/scoped-roles-processing-efficiency.test.ts > Property 10: Scoped Roles Processing Efficiency > Property 10.9: Batch role hierarchy queries should maintain consistency
Error fetching org roles: {
  code: 'PGRST200',
  details: "Searched for a foreign key relationship between 'org_roles' and 'user_profiles' in the schema 'public', but no matches were found.",
  hint: null,
  message: "Could not find a relationship between 'org_roles' and 'user_profiles' in the schema cache"
}

stderr | tests/property/scoped-roles-processing-efficiency.test.ts > Property 10: Scoped Roles Processing Efficiency > Property 10.9: Batch role hierarchy queries should maintain consistency
Error fetching org roles: {
  code: 'PGRST200',
  details: "Searched for a foreign key relationship between 'org_roles' and 'user_profiles' in the schema 'public', but no matches were found.",
  hint: null,
  message: "Could not find a relationship between 'org_roles' and 'user_profiles' in the schema cache"
}

stderr | tests/property/scoped-roles-processing-efficiency.test.ts > Property 10: Scoped Roles Processing Efficiency > Property 10.9: Batch role hierarchy queries should maintain consistency
Error fetching org roles: {
  code: 'PGRST200',
  details: "Searched for a foreign key relationship between 'org_roles' and 'user_profiles' in the schema 'public', but no matches were found.",
  hint: null,
  message: "Could not find a relationship between 'org_roles' and 'user_profiles' in the schema cache"
}

stderr | tests/property/scoped-roles-processing-efficiency.test.ts > Property 10: Scoped Roles Processing Efficiency > Property 10.9: Batch role hierarchy queries should maintain consistency
Error fetching org roles: {
  code: 'PGRST200',
  details: "Searched for a foreign key relationship between 'org_roles' and 'user_profiles' in the schema 'public', but no matches were found.",
  hint: null,
  message: "Could not find a relationship between 'org_roles' and 'user_profiles' in the schema cache"
}

stderr | tests/property/scoped-roles-processing-efficiency.test.ts > Property 10: Scoped Roles Processing Efficiency > Property 10.9: Batch role hierarchy queries should maintain consistency
Error fetching org roles: {
  code: 'PGRST200',
  details: "Searched for a foreign key relationship between 'org_roles' and 'user_profiles' in the schema 'public', but no matches were found.",
  hint: null,
  message: "Could not find a relationship between 'org_roles' and 'user_profiles' in the schema cache"
}

stderr | tests/property/scoped-roles-processing-efficiency.test.ts > Property 10: Scoped Roles Processing Efficiency > Property 10.9: Batch role hierarchy queries should maintain consistency
Error fetching org roles: {
  code: 'PGRST200',
  details: "Searched for a foreign key relationship between 'org_roles' and 'user_profiles' in the schema 'public', but no matches were found.",
  hint: null,
  message: "Could not find a relationship between 'org_roles' and 'user_profiles' in the schema cache"
}

stderr | tests/property/scoped-roles-processing-efficiency.test.ts > Property 10: Scoped Roles Processing Efficiency > Property 10.9: Batch role hierarchy queries should maintain consistency
Error fetching org roles: {
  code: 'PGRST200',
  details: "Searched for a foreign key relationship between 'org_roles' and 'user_profiles' in the schema 'public', but no matches were found.",
  hint: null,
  message: "Could not find a relationship between 'org_roles' and 'user_profiles' in the schema cache"
}

stderr | tests/property/scoped-roles-processing-efficiency.test.ts > Property 10: Scoped Roles Processing Efficiency > Property 10.9: Batch role hierarchy queries should maintain consistency
Error fetching org roles: {
  code: 'PGRST200',
  details: "Searched for a foreign key relationship between 'org_roles' and 'user_profiles' in the schema 'public', but no matches were found.",
  hint: null,
  message: "Could not find a relationship between 'org_roles' and 'user_profiles' in the schema cache"
}

stderr | tests/property/scoped-roles-processing-efficiency.test.ts > Property 10: Scoped Roles Processing Efficiency > Property 10.9: Batch role hierarchy queries should maintain consistency
Error fetching org roles: {
  code: 'PGRST200',
  details: "Searched for a foreign key relationship between 'org_roles' and 'user_profiles' in the schema 'public', but no matches were found.",
  hint: null,
  message: "Could not find a relationship between 'org_roles' and 'user_profiles' in the schema cache"
}

stderr | tests/property/scoped-roles-processing-efficiency.test.ts > Property 10: Scoped Roles Processing Efficiency > Property 10.9: Batch role hierarchy queries should maintain consistency
Error fetching org roles: {
  code: 'PGRST200',
  details: "Searched for a foreign key relationship between 'org_roles' and 'user_profiles' in the schema 'public', but no matches were found.",
  hint: null,
  message: "Could not find a relationship between 'org_roles' and 'user_profiles' in the schema cache"
}

stderr | tests/property/scoped-roles-processing-efficiency.test.ts > Property 10: Scoped Roles Processing Efficiency > Property 10.9: Batch role hierarchy queries should maintain consistency
Error fetching org roles: {
  code: 'PGRST200',
  details: "Searched for a foreign key relationship between 'org_roles' and 'user_profiles' in the schema 'public', but no matches were found.",
  hint: null,
  message: "Could not find a relationship between 'org_roles' and 'user_profiles' in the schema cache"
}

stderr | tests/property/scoped-roles-processing-efficiency.test.ts > Property 10: Scoped Roles Processing Efficiency > Property 10.9: Batch role hierarchy queries should maintain consistency
Error fetching org roles: {
  code: 'PGRST200',
  details: "Searched for a foreign key relationship between 'org_roles' and 'user_profiles' in the schema 'public', but no matches were found.",
  hint: null,
  message: "Could not find a relationship between 'org_roles' and 'user_profiles' in the schema cache"
}

stderr | tests/property/scoped-roles-processing-efficiency.test.ts > Property 10: Scoped Roles Processing Efficiency > Property 10.9: Batch role hierarchy queries should maintain consistency
Error fetching org roles: {
  code: 'PGRST200',
  details: "Searched for a foreign key relationship between 'org_roles' and 'user_profiles' in the schema 'public', but no matches were found.",
  hint: null,
  message: "Could not find a relationship between 'org_roles' and 'user_profiles' in the schema cache"
}

stderr | tests/property/scoped-roles-processing-efficiency.test.ts > Property 10: Scoped Roles Processing Efficiency > Property 10.9: Batch role hierarchy queries should maintain consistency
Error fetching org roles: {
  code: 'PGRST200',
  details: "Searched for a foreign key relationship between 'org_roles' and 'user_profiles' in the schema 'public', but no matches were found.",
  hint: null,
  message: "Could not find a relationship between 'org_roles' and 'user_profiles' in the schema cache"
}

stderr | tests/property/scoped-roles-processing-efficiency.test.ts > Property 10: Scoped Roles Processing Efficiency > Property 10.9: Batch role hierarchy queries should maintain consistency
Error fetching org roles: {
  code: 'PGRST200',
  details: "Searched for a foreign key relationship between 'org_roles' and 'user_profiles' in the schema 'public', but no matches were found.",
  hint: null,
  message: "Could not find a relationship between 'org_roles' and 'user_profiles' in the schema cache"
}

stderr | tests/property/scoped-roles-processing-efficiency.test.ts > Property 10: Scoped Roles Processing Efficiency > Property 10.9: Batch role hierarchy queries should maintain consistency
Error fetching org roles: {
  code: 'PGRST200',
  details: "Searched for a foreign key relationship between 'org_roles' and 'user_profiles' in the schema 'public', but no matches were found.",
  hint: null,
  message: "Could not find a relationship between 'org_roles' and 'user_profiles' in the schema cache"
}

stderr | tests/property/scoped-roles-processing-efficiency.test.ts > Property 10: Scoped Roles Processing Efficiency > Property 10.9: Batch role hierarchy queries should maintain consistency
Error fetching org roles: {
  code: 'PGRST200',
  details: "Searched for a foreign key relationship between 'org_roles' and 'user_profiles' in the schema 'public', but no matches were found.",
  hint: null,
  message: "Could not find a relationship between 'org_roles' and 'user_profiles' in the schema cache"
}

stderr | tests/property/scoped-roles-processing-efficiency.test.ts > Property 10: Scoped Roles Processing Efficiency > Property 10.9: Batch role hierarchy queries should maintain consistency
Error fetching org roles: {
  code: 'PGRST200',
  details: "Searched for a foreign key relationship between 'org_roles' and 'user_profiles' in the schema 'public', but no matches were found.",
  hint: null,
  message: "Could not find a relationship between 'org_roles' and 'user_profiles' in the schema cache"
}

stderr | tests/property/scoped-roles-processing-efficiency.test.ts > Property 10: Scoped Roles Processing Efficiency > Property 10.9: Batch role hierarchy queries should maintain consistency
Error fetching org roles: {
  code: 'PGRST200',
  details: "Searched for a foreign key relationship between 'org_roles' and 'user_profiles' in the schema 'public', but no matches were found.",
  hint: null,
  message: "Could not find a relationship between 'org_roles' and 'user_profiles' in the schema cache"
}

stderr | tests/property/scoped-roles-processing-efficiency.test.ts > Property 10: Scoped Roles Processing Efficiency > Property 10.9: Batch role hierarchy queries should maintain consistency
Error fetching org roles: {
  code: 'PGRST200',
  details: "Searched for a foreign key relationship between 'org_roles' and 'user_profiles' in the schema 'public', but no matches were found.",
  hint: null,
  message: "Could not find a relationship between 'org_roles' and 'user_profiles' in the schema cache"
}

stderr | tests/property/scoped-roles-processing-efficiency.test.ts > Property 10: Scoped Roles Processing Efficiency > Property 10.9: Batch role hierarchy queries should maintain consistency
Error fetching org roles: {
  code: 'PGRST200',
  details: "Searched for a foreign key relationship between 'org_roles' and 'user_profiles' in the schema 'public', but no matches were found.",
  hint: null,
  message: "Could not find a relationship between 'org_roles' and 'user_profiles' in the schema cache"
}

stderr | tests/property/scoped-roles-processing-efficiency.test.ts > Property 10: Scoped Roles Processing Efficiency > Property 10.9: Batch role hierarchy queries should maintain consistency
Error fetching org roles: {
  code: 'PGRST200',
  details: "Searched for a foreign key relationship between 'org_roles' and 'user_profiles' in the schema 'public', but no matches were found.",
  hint: null,
  message: "Could not find a relationship between 'org_roles' and 'user_profiles' in the schema cache"
}

stderr | tests/property/scoped-roles-processing-efficiency.test.ts > Property 10: Scoped Roles Processing Efficiency > Property 10.9: Batch role hierarchy queries should maintain consistency
Error fetching org roles: {
  code: 'PGRST200',
  details: "Searched for a foreign key relationship between 'org_roles' and 'user_profiles' in the schema 'public', but no matches were found.",
  hint: null,
  message: "Could not find a relationship between 'org_roles' and 'user_profiles' in the schema cache"
}

stderr | tests/property/scoped-roles-processing-efficiency.test.ts > Property 10: Scoped Roles Processing Efficiency > Property 10.9: Batch role hierarchy queries should maintain consistency
Error fetching org roles: {
  code: 'PGRST200',
  details: "Searched for a foreign key relationship between 'org_roles' and 'user_profiles' in the schema 'public', but no matches were found.",
  hint: null,
  message: "Could not find a relationship between 'org_roles' and 'user_profiles' in the schema cache"
}

stderr | tests/property/scoped-roles-processing-efficiency.test.ts > Property 10: Scoped Roles Processing Efficiency > Property 10.9: Batch role hierarchy queries should maintain consistency
Error fetching org roles: {
  code: 'PGRST200',
  details: "Searched for a foreign key relationship between 'org_roles' and 'user_profiles' in the schema 'public', but no matches were found.",
  hint: null,
  message: "Could not find a relationship between 'org_roles' and 'user_profiles' in the schema cache"
}

stderr | tests/property/scoped-roles-processing-efficiency.test.ts > Property 10: Scoped Roles Processing Efficiency > Property 10.9: Batch role hierarchy queries should maintain consistency
Error fetching org roles: {
  code: 'PGRST200',
  details: "Searched for a foreign key relationship between 'org_roles' and 'user_profiles' in the schema 'public', but no matches were found.",
  hint: null,
  message: "Could not find a relationship between 'org_roles' and 'user_profiles' in the schema cache"
}

stderr | tests/property/scoped-roles-processing-efficiency.test.ts > Property 10: Scoped Roles Processing Efficiency > Property 10.9: Batch role hierarchy queries should maintain consistency
Error fetching org roles: {
  code: 'PGRST200',
  details: "Searched for a foreign key relationship between 'org_roles' and 'user_profiles' in the schema 'public', but no matches were found.",
  hint: null,
  message: "Could not find a relationship between 'org_roles' and 'user_profiles' in the schema cache"
}

stderr | tests/property/scoped-roles-processing-efficiency.test.ts > Property 10: Scoped Roles Processing Efficiency > Property 10.9: Batch role hierarchy queries should maintain consistency
Error fetching org roles: {
  code: 'PGRST200',
  details: "Searched for a foreign key relationship between 'org_roles' and 'user_profiles' in the schema 'public', but no matches were found.",
  hint: null,
  message: "Could not find a relationship between 'org_roles' and 'user_profiles' in the schema cache"
}

stderr | tests/property/scoped-roles-processing-efficiency.test.ts > Property 10: Scoped Roles Processing Efficiency > Property 10.9: Batch role hierarchy queries should maintain consistency
Error fetching org roles: {
  code: 'PGRST200',
  details: "Searched for a foreign key relationship between 'org_roles' and 'user_profiles' in the schema 'public', but no matches were found.",
  hint: null,
  message: "Could not find a relationship between 'org_roles' and 'user_profiles' in the schema cache"
}

stderr | tests/property/scoped-roles-processing-efficiency.test.ts > Property 10: Scoped Roles Processing Efficiency > Property 10.9: Batch role hierarchy queries should maintain consistency
Error fetching org roles: {
  code: 'PGRST200',
  details: "Searched for a foreign key relationship between 'org_roles' and 'user_profiles' in the schema 'public', but no matches were found.",
  hint: null,
  message: "Could not find a relationship between 'org_roles' and 'user_profiles' in the schema cache"
}

stderr | tests/property/scoped-roles-processing-efficiency.test.ts > Property 10: Scoped Roles Processing Efficiency > Property 10.9: Batch role hierarchy queries should maintain consistency
Error fetching org roles: {
  code: 'PGRST200',
  details: "Searched for a foreign key relationship between 'org_roles' and 'user_profiles' in the schema 'public', but no matches were found.",
  hint: null,
  message: "Could not find a relationship between 'org_roles' and 'user_profiles' in the schema cache"
}

stderr | tests/property/scoped-roles-processing-efficiency.test.ts > Property 10: Scoped Roles Processing Efficiency > Property 10.9: Batch role hierarchy queries should maintain consistency
Error fetching org roles: {
  code: 'PGRST200',
  details: "Searched for a foreign key relationship between 'org_roles' and 'user_profiles' in the schema 'public', but no matches were found.",
  hint: null,
  message: "Could not find a relationship between 'org_roles' and 'user_profiles' in the schema cache"
}

stderr | tests/property/scoped-roles-processing-efficiency.test.ts > Property 10: Scoped Roles Processing Efficiency > Property 10.9: Batch role hierarchy queries should maintain consistency
Error fetching org roles: {
  code: 'PGRST200',
  details: "Searched for a foreign key relationship between 'org_roles' and 'user_profiles' in the schema 'public', but no matches were found.",
  hint: null,
  message: "Could not find a relationship between 'org_roles' and 'user_profiles' in the schema cache"
}

stderr | tests/property/scoped-roles-processing-efficiency.test.ts > Property 10: Scoped Roles Processing Efficiency > Property 10.9: Batch role hierarchy queries should maintain consistency
Error fetching org roles: {
  code: 'PGRST200',
  details: "Searched for a foreign key relationship between 'org_roles' and 'user_profiles' in the schema 'public', but no matches were found.",
  hint: null,
  message: "Could not find a relationship between 'org_roles' and 'user_profiles' in the schema cache"
}

stderr | tests/property/scoped-roles-processing-efficiency.test.ts > Property 10: Scoped Roles Processing Efficiency > Property 10.9: Batch role hierarchy queries should maintain consistency
Error fetching org roles: {
  code: 'PGRST200',
  details: "Searched for a foreign key relationship between 'org_roles' and 'user_profiles' in the schema 'public', but no matches were found.",
  hint: null,
  message: "Could not find a relationship between 'org_roles' and 'user_profiles' in the schema cache"
}

stderr | tests/property/scoped-roles-processing-efficiency.test.ts > Property 10: Scoped Roles Processing Efficiency > Property 10.9: Batch role hierarchy queries should maintain consistency
Error fetching org roles: {
  code: 'PGRST200',
  details: "Searched for a foreign key relationship between 'org_roles' and 'user_profiles' in the schema 'public', but no matches were found.",
  hint: null,
  message: "Could not find a relationship between 'org_roles' and 'user_profiles' in the schema cache"
}

stderr | tests/property/scoped-roles-processing-efficiency.test.ts > Property 10: Scoped Roles Processing Efficiency > Property 10.9: Batch role hierarchy queries should maintain consistency
Error fetching org roles: {
  code: 'PGRST200',
  details: "Searched for a foreign key relationship between 'org_roles' and 'user_profiles' in the schema 'public', but no matches were found.",
  hint: null,
  message: "Could not find a relationship between 'org_roles' and 'user_profiles' in the schema cache"
}

stderr | tests/property/scoped-roles-processing-efficiency.test.ts > Property 10: Scoped Roles Processing Efficiency > Property 10.9: Batch role hierarchy queries should maintain consistency
Error fetching org roles: {
  code: 'PGRST200',
  details: "Searched for a foreign key relationship between 'org_roles' and 'user_profiles' in the schema 'public', but no matches were found.",
  hint: null,
  message: "Could not find a relationship between 'org_roles' and 'user_profiles' in the schema cache"
}

stderr | tests/property/scoped-roles-processing-efficiency.test.ts > Property 10: Scoped Roles Processing Efficiency > Property 10.9: Batch role hierarchy queries should maintain consistency
Error fetching org roles: {
  code: 'PGRST200',
  details: "Searched for a foreign key relationship between 'org_roles' and 'user_profiles' in the schema 'public', but no matches were found.",
  hint: null,
  message: "Could not find a relationship between 'org_roles' and 'user_profiles' in the schema cache"
}

stderr | tests/property/scoped-roles-processing-efficiency.test.ts > Property 10: Scoped Roles Processing Efficiency > Property 10.9: Batch role hierarchy queries should maintain consistency
Error fetching org roles: {
  code: 'PGRST200',
  details: "Searched for a foreign key relationship between 'org_roles' and 'user_profiles' in the schema 'public', but no matches were found.",
  hint: null,
  message: "Could not find a relationship between 'org_roles' and 'user_profiles' in the schema cache"
}

stderr | tests/property/scoped-roles-processing-efficiency.test.ts > Property 10: Scoped Roles Processing Efficiency > Property 10.9: Batch role hierarchy queries should maintain consistency
Error fetching org roles: {
  code: 'PGRST200',
  details: "Searched for a foreign key relationship between 'org_roles' and 'user_profiles' in the schema 'public', but no matches were found.",
  hint: null,
  message: "Could not find a relationship between 'org_roles' and 'user_profiles' in the schema cache"
}

stderr | tests/property/scoped-roles-processing-efficiency.test.ts > Property 10: Scoped Roles Processing Efficiency > Property 10.9: Batch role hierarchy queries should maintain consistency
Error fetching org roles: {
  code: 'PGRST200',
  details: "Searched for a foreign key relationship between 'org_roles' and 'user_profiles' in the schema 'public', but no matches were found.",
  hint: null,
  message: "Could not find a relationship between 'org_roles' and 'user_profiles' in the schema cache"
}

stderr | tests/property/scoped-roles-processing-efficiency.test.ts > Property 10: Scoped Roles Processing Efficiency > Property 10.9: Batch role hierarchy queries should maintain consistency
Error fetching org roles: {
  code: 'PGRST200',
  details: "Searched for a foreign key relationship between 'org_roles' and 'user_profiles' in the schema 'public', but no matches were found.",
  hint: null,
  message: "Could not find a relationship between 'org_roles' and 'user_profiles' in the schema cache"
}

stderr | tests/property/scoped-roles-processing-efficiency.test.ts > Property 10: Scoped Roles Processing Efficiency > Property 10.9: Batch role hierarchy queries should maintain consistency
Error fetching org roles: {
  code: 'PGRST200',
  details: "Searched for a foreign key relationship between 'org_roles' and 'user_profiles' in the schema 'public', but no matches were found.",
  hint: null,
  message: "Could not find a relationship between 'org_roles' and 'user_profiles' in the schema cache"
}

stderr | tests/property/scoped-roles-processing-efficiency.test.ts > Property 10: Scoped Roles Processing Efficiency > Property 10.9: Batch role hierarchy queries should maintain consistency
Error fetching org roles: {
  code: 'PGRST200',
  details: "Searched for a foreign key relationship between 'org_roles' and 'user_profiles' in the schema 'public', but no matches were found.",
  hint: null,
  message: "Could not find a relationship between 'org_roles' and 'user_profiles' in the schema cache"
}

stderr | tests/property/scoped-roles-processing-efficiency.test.ts > Property 10: Scoped Roles Processing Efficiency > Property 10.9: Batch role hierarchy queries should maintain consistency
Error fetching org roles: {
  code: 'PGRST200',
  details: "Searched for a foreign key relationship between 'org_roles' and 'user_profiles' in the schema 'public', but no matches were found.",
  hint: null,
  message: "Could not find a relationship between 'org_roles' and 'user_profiles' in the schema cache"
}

stderr | tests/property/scoped-roles-processing-efficiency.test.ts > Property 10: Scoped Roles Processing Efficiency > Property 10.9: Batch role hierarchy queries should maintain consistency
Error fetching org roles: {
  code: 'PGRST200',
  details: "Searched for a foreign key relationship between 'org_roles' and 'user_profiles' in the schema 'public', but no matches were found.",
  hint: null,
  message: "Could not find a relationship between 'org_roles' and 'user_profiles' in the schema cache"
}

stderr | tests/property/scoped-roles-processing-efficiency.test.ts > Property 10: Scoped Roles Processing Efficiency > Property 10.9: Batch role hierarchy queries should maintain consistency
Error fetching org roles: {
  code: 'PGRST200',
  details: "Searched for a foreign key relationship between 'org_roles' and 'user_profiles' in the schema 'public', but no matches were found.",
  hint: null,
  message: "Could not find a relationship between 'org_roles' and 'user_profiles' in the schema cache"
}

stderr | tests/property/scoped-roles-processing-efficiency.test.ts > Property 10: Scoped Roles Processing Efficiency > Property 10.9: Batch role hierarchy queries should maintain consistency
Error fetching org roles: {
  code: 'PGRST200',
  details: "Searched for a foreign key relationship between 'org_roles' and 'user_profiles' in the schema 'public', but no matches were found.",
  hint: null,
  message: "Could not find a relationship between 'org_roles' and 'user_profiles' in the schema cache"
}

stderr | tests/property/scoped-roles-processing-efficiency.test.ts > Property 10: Scoped Roles Processing Efficiency > Property 10.9: Batch role hierarchy queries should maintain consistency
Error fetching org roles: {
  code: 'PGRST200',
  details: "Searched for a foreign key relationship between 'org_roles' and 'user_profiles' in the schema 'public', but no matches were found.",
  hint: null,
  message: "Could not find a relationship between 'org_roles' and 'user_profiles' in the schema cache"
}

stderr | tests/property/scoped-roles-processing-efficiency.test.ts > Property 10: Scoped Roles Processing Efficiency > Property 10.9: Batch role hierarchy queries should maintain consistency
Error fetching org roles: {
  code: 'PGRST200',
  details: "Searched for a foreign key relationship between 'org_roles' and 'user_profiles' in the schema 'public', but no matches were found.",
  hint: null,
  message: "Could not find a relationship between 'org_roles' and 'user_profiles' in the schema cache"
}

stderr | tests/property/scoped-roles-processing-efficiency.test.ts > Property 10: Scoped Roles Processing Efficiency > Property 10.9: Batch role hierarchy queries should maintain consistency
Error fetching org roles: {
  code: 'PGRST200',
  details: "Searched for a foreign key relationship between 'org_roles' and 'user_profiles' in the schema 'public', but no matches were found.",
  hint: null,
  message: "Could not find a relationship between 'org_roles' and 'user_profiles' in the schema cache"
}

stderr | tests/property/scoped-roles-processing-efficiency.test.ts > Property 10: Scoped Roles Processing Efficiency > Property 10.9: Batch role hierarchy queries should maintain consistency
Error fetching org roles: {
  code: 'PGRST200',
  details: "Searched for a foreign key relationship between 'org_roles' and 'user_profiles' in the schema 'public', but no matches were found.",
  hint: null,
  message: "Could not find a relationship between 'org_roles' and 'user_profiles' in the schema cache"
}

stderr | tests/property/scoped-roles-processing-efficiency.test.ts > Property 10: Scoped Roles Processing Efficiency > Property 10.9: Batch role hierarchy queries should maintain consistency
Error fetching org roles: {
  code: 'PGRST200',
  details: "Searched for a foreign key relationship between 'org_roles' and 'user_profiles' in the schema 'public', but no matches were found.",
  hint: null,
  message: "Could not find a relationship between 'org_roles' and 'user_profiles' in the schema cache"
}

stderr | tests/property/scoped-roles-processing-efficiency.test.ts > Property 10: Scoped Roles Processing Efficiency > Property 10.9: Batch role hierarchy queries should maintain consistency
Error fetching org roles: {
  code: 'PGRST200',
  details: "Searched for a foreign key relationship between 'org_roles' and 'user_profiles' in the schema 'public', but no matches were found.",
  hint: null,
  message: "Could not find a relationship between 'org_roles' and 'user_profiles' in the schema cache"
}

stderr | tests/property/scoped-roles-processing-efficiency.test.ts > Property 10: Scoped Roles Processing Efficiency > Property 10.9: Batch role hierarchy queries should maintain consistency
Error fetching org roles: {
  code: 'PGRST200',
  details: "Searched for a foreign key relationship between 'org_roles' and 'user_profiles' in the schema 'public', but no matches were found.",
  hint: null,
  message: "Could not find a relationship between 'org_roles' and 'user_profiles' in the schema cache"
}

stderr | tests/property/scoped-roles-processing-efficiency.test.ts > Property 10: Scoped Roles Processing Efficiency > Property 10.9: Batch role hierarchy queries should maintain consistency
Error fetching org roles: {
  code: 'PGRST200',
  details: "Searched for a foreign key relationship between 'org_roles' and 'user_profiles' in the schema 'public', but no matches were found.",
  hint: null,
  message: "Could not find a relationship between 'org_roles' and 'user_profiles' in the schema cache"
}

stderr | tests/property/scoped-roles-processing-efficiency.test.ts > Property 10: Scoped Roles Processing Efficiency > Property 10.9: Batch role hierarchy queries should maintain consistency
Error fetching org roles: {
  code: 'PGRST200',
  details: "Searched for a foreign key relationship between 'org_roles' and 'user_profiles' in the schema 'public', but no matches were found.",
  hint: null,
  message: "Could not find a relationship between 'org_roles' and 'user_profiles' in the schema cache"
}

stderr | tests/property/scoped-roles-processing-efficiency.test.ts > Property 10: Scoped Roles Processing Efficiency > Property 10.9: Batch role hierarchy queries should maintain consistency
Error fetching org roles: {
  code: 'PGRST200',
  details: "Searched for a foreign key relationship between 'org_roles' and 'user_profiles' in the schema 'public', but no matches were found.",
  hint: null,
  message: "Could not find a relationship between 'org_roles' and 'user_profiles' in the schema cache"
}

stderr | tests/property/scoped-roles-processing-efficiency.test.ts > Property 10: Scoped Roles Processing Efficiency > Property 10.9: Batch role hierarchy queries should maintain consistency
Error fetching org roles: {
  code: 'PGRST200',
  details: "Searched for a foreign key relationship between 'org_roles' and 'user_profiles' in the schema 'public', but no matches were found.",
  hint: null,
  message: "Could not find a relationship between 'org_roles' and 'user_profiles' in the schema cache"
}

stderr | tests/property/scoped-roles-processing-efficiency.test.ts > Property 10: Scoped Roles Processing Efficiency > Property 10.9: Batch role hierarchy queries should maintain consistency
Error fetching org roles: {
  code: 'PGRST200',
  details: "Searched for a foreign key relationship between 'org_roles' and 'user_profiles' in the schema 'public', but no matches were found.",
  hint: null,
  message: "Could not find a relationship between 'org_roles' and 'user_profiles' in the schema cache"
}

stderr | tests/property/scoped-roles-processing-efficiency.test.ts > Property 10: Scoped Roles Processing Efficiency > Property 10.9: Batch role hierarchy queries should maintain consistency
Error fetching org roles: {
  code: 'PGRST200',
  details: "Searched for a foreign key relationship between 'org_roles' and 'user_profiles' in the schema 'public', but no matches were found.",
  hint: null,
  message: "Could not find a relationship between 'org_roles' and 'user_profiles' in the schema cache"
}

stderr | tests/property/scoped-roles-processing-efficiency.test.ts > Property 10: Scoped Roles Processing Efficiency > Property 10.9: Batch role hierarchy queries should maintain consistency
Error fetching org roles: {
  code: 'PGRST200',
  details: "Searched for a foreign key relationship between 'org_roles' and 'user_profiles' in the schema 'public', but no matches were found.",
  hint: null,
  message: "Could not find a relationship between 'org_roles' and 'user_profiles' in the schema cache"
}

stderr | tests/property/scoped-roles-processing-efficiency.test.ts > Property 10: Scoped Roles Processing Efficiency > Property 10.9: Batch role hierarchy queries should maintain consistency
Error fetching org roles: {
  code: 'PGRST200',
  details: "Searched for a foreign key relationship between 'org_roles' and 'user_profiles' in the schema 'public', but no matches were found.",
  hint: null,
  message: "Could not find a relationship between 'org_roles' and 'user_profiles' in the schema cache"
}

stderr | tests/property/scoped-roles-processing-efficiency.test.ts > Property 10: Scoped Roles Processing Efficiency > Property 10.9: Batch role hierarchy queries should maintain consistency
Error fetching org roles: {
  code: 'PGRST200',
  details: "Searched for a foreign key relationship between 'org_roles' and 'user_profiles' in the schema 'public', but no matches were found.",
  hint: null,
  message: "Could not find a relationship between 'org_roles' and 'user_profiles' in the schema cache"
}

stderr | tests/property/scoped-roles-processing-efficiency.test.ts > Property 10: Scoped Roles Processing Efficiency > Property 10.9: Batch role hierarchy queries should maintain consistency
Error fetching org roles: {
  code: 'PGRST200',
  details: "Searched for a foreign key relationship between 'org_roles' and 'user_profiles' in the schema 'public', but no matches were found.",
  hint: null,
  message: "Could not find a relationship between 'org_roles' and 'user_profiles' in the schema cache"
}

stderr | tests/property/scoped-roles-processing-efficiency.test.ts > Property 10: Scoped Roles Processing Efficiency > Property 10.9: Batch role hierarchy queries should maintain consistency
Error fetching org roles: {
  code: 'PGRST200',
  details: "Searched for a foreign key relationship between 'org_roles' and 'user_profiles' in the schema 'public', but no matches were found.",
  hint: null,
  message: "Could not find a relationship between 'org_roles' and 'user_profiles' in the schema cache"
}

stderr | tests/property/scoped-roles-processing-efficiency.test.ts > Property 10: Scoped Roles Processing Efficiency > Property 10.9: Batch role hierarchy queries should maintain consistency
Error fetching org roles: {
  code: 'PGRST200',
  details: "Searched for a foreign key relationship between 'org_roles' and 'user_profiles' in the schema 'public', but no matches were found.",
  hint: null,
  message: "Could not find a relationship between 'org_roles' and 'user_profiles' in the schema cache"
}

stderr | tests/property/scoped-roles-processing-efficiency.test.ts > Property 10: Scoped Roles Processing Efficiency > Property 10.9: Batch role hierarchy queries should maintain consistency
Error fetching org roles: {
  code: 'PGRST200',
  details: "Searched for a foreign key relationship between 'org_roles' and 'user_profiles' in the schema 'public', but no matches were found.",
  hint: null,
  message: "Could not find a relationship between 'org_roles' and 'user_profiles' in the schema cache"
}

stderr | tests/property/scoped-roles-processing-efficiency.test.ts > Property 10: Scoped Roles Processing Efficiency > Property 10.9: Batch role hierarchy queries should maintain consistency
Error fetching org roles: {
  code: 'PGRST200',
  details: "Searched for a foreign key relationship between 'org_roles' and 'user_profiles' in the schema 'public', but no matches were found.",
  hint: null,
  message: "Could not find a relationship between 'org_roles' and 'user_profiles' in the schema cache"
}

stderr | tests/property/scoped-roles-processing-efficiency.test.ts > Property 10: Scoped Roles Processing Efficiency > Property 10.9: Batch role hierarchy queries should maintain consistency
Error fetching org roles: {
  code: 'PGRST200',
  details: "Searched for a foreign key relationship between 'org_roles' and 'user_profiles' in the schema 'public', but no matches were found.",
  hint: null,
  message: "Could not find a relationship between 'org_roles' and 'user_profiles' in the schema cache"
}

stderr | tests/property/scoped-roles-processing-efficiency.test.ts > Property 10: Scoped Roles Processing Efficiency > Property 10.9: Batch role hierarchy queries should maintain consistency
Error fetching org roles: {
  code: 'PGRST200',
  details: "Searched for a foreign key relationship between 'org_roles' and 'user_profiles' in the schema 'public', but no matches were found.",
  hint: null,
  message: "Could not find a relationship between 'org_roles' and 'user_profiles' in the schema cache"
}

stderr | tests/property/scoped-roles-processing-efficiency.test.ts > Property 10: Scoped Roles Processing Efficiency > Property 10.9: Batch role hierarchy queries should maintain consistency
Error fetching org roles: {
  code: 'PGRST200',
  details: "Searched for a foreign key relationship between 'org_roles' and 'user_profiles' in the schema 'public', but no matches were found.",
  hint: null,
  message: "Could not find a relationship between 'org_roles' and 'user_profiles' in the schema cache"
}

stderr | tests/property/scoped-roles-processing-efficiency.test.ts > Property 10: Scoped Roles Processing Efficiency > Property 10.9: Batch role hierarchy queries should maintain consistency
Error fetching org roles: {
  code: 'PGRST200',
  details: "Searched for a foreign key relationship between 'org_roles' and 'user_profiles' in the schema 'public', but no matches were found.",
  hint: null,
  message: "Could not find a relationship between 'org_roles' and 'user_profiles' in the schema cache"
}

stderr | tests/property/scoped-roles-processing-efficiency.test.ts > Property 10: Scoped Roles Processing Efficiency > Property 10.9: Batch role hierarchy queries should maintain consistency
Error fetching org roles: {
  code: 'PGRST200',
  details: "Searched for a foreign key relationship between 'org_roles' and 'user_profiles' in the schema 'public', but no matches were found.",
  hint: null,
  message: "Could not find a relationship between 'org_roles' and 'user_profiles' in the schema cache"
}

stderr | tests/property/scoped-roles-processing-efficiency.test.ts > Property 10: Scoped Roles Processing Efficiency > Property 10.9: Batch role hierarchy queries should maintain consistency
Error fetching org roles: {
  code: 'PGRST200',
  details: "Searched for a foreign key relationship between 'org_roles' and 'user_profiles' in the schema 'public', but no matches were found.",
  hint: null,
  message: "Could not find a relationship between 'org_roles' and 'user_profiles' in the schema cache"
}

stderr | tests/property/scoped-roles-processing-efficiency.test.ts > Property 10: Scoped Roles Processing Efficiency > Property 10.9: Batch role hierarchy queries should maintain consistency
Error fetching org roles: {
  code: 'PGRST200',
  details: "Searched for a foreign key relationship between 'org_roles' and 'user_profiles' in the schema 'public', but no matches were found.",
  hint: null,
  message: "Could not find a relationship between 'org_roles' and 'user_profiles' in the schema cache"
}

stderr | tests/property/scoped-roles-processing-efficiency.test.ts > Property 10: Scoped Roles Processing Efficiency > Property 10.9: Batch role hierarchy queries should maintain consistency
Error fetching org roles: {
  code: 'PGRST200',
  details: "Searched for a foreign key relationship between 'org_roles' and 'user_profiles' in the schema 'public', but no matches were found.",
  hint: null,
  message: "Could not find a relationship between 'org_roles' and 'user_profiles' in the schema cache"
}

stderr | tests/property/scoped-roles-processing-efficiency.test.ts > Property 10: Scoped Roles Processing Efficiency > Property 10.9: Batch role hierarchy queries should maintain consistency
Error fetching org roles: {
  code: 'PGRST200',
  details: "Searched for a foreign key relationship between 'org_roles' and 'user_profiles' in the schema 'public', but no matches were found.",
  hint: null,
  message: "Could not find a relationship between 'org_roles' and 'user_profiles' in the schema cache"
}

stderr | tests/property/scoped-roles-processing-efficiency.test.ts > Property 10: Scoped Roles Processing Efficiency > Property 10.9: Batch role hierarchy queries should maintain consistency
Error fetching org roles: {
  code: 'PGRST200',
  details: "Searched for a foreign key relationship between 'org_roles' and 'user_profiles' in the schema 'public', but no matches were found.",
  hint: null,
  message: "Could not find a relationship between 'org_roles' and 'user_profiles' in the schema cache"
}

stderr | tests/property/scoped-roles-processing-efficiency.test.ts > Property 10: Scoped Roles Processing Efficiency > Property 10.9: Batch role hierarchy queries should maintain consistency
Error fetching org roles: {
  code: 'PGRST200',
  details: "Searched for a foreign key relationship between 'org_roles' and 'user_profiles' in the schema 'public', but no matches were found.",
  hint: null,
  message: "Could not find a relationship between 'org_roles' and 'user_profiles' in the schema cache"
}

stderr | tests/property/scoped-roles-processing-efficiency.test.ts > Property 10: Scoped Roles Processing Efficiency > Property 10.9: Batch role hierarchy queries should maintain consistency
Error fetching org roles: {
  code: 'PGRST200',
  details: "Searched for a foreign key relationship between 'org_roles' and 'user_profiles' in the schema 'public', but no matches were found.",
  hint: null,
  message: "Could not find a relationship between 'org_roles' and 'user_profiles' in the schema cache"
}

stderr | tests/property/scoped-roles-processing-efficiency.test.ts > Property 10: Scoped Roles Processing Efficiency > Property 10.9: Batch role hierarchy queries should maintain consistency
Error fetching org roles: {
  code: 'PGRST200',
  details: "Searched for a foreign key relationship between 'org_roles' and 'user_profiles' in the schema 'public', but no matches were found.",
  hint: null,
  message: "Could not find a relationship between 'org_roles' and 'user_profiles' in the schema cache"
}

stderr | tests/property/scoped-roles-processing-efficiency.test.ts > Property 10: Scoped Roles Processing Efficiency > Property 10.9: Batch role hierarchy queries should maintain consistency
Error fetching org roles: {
  code: 'PGRST200',
  details: "Searched for a foreign key relationship between 'org_roles' and 'user_profiles' in the schema 'public', but no matches were found.",
  hint: null,
  message: "Could not find a relationship between 'org_roles' and 'user_profiles' in the schema cache"
}

stderr | tests/property/scoped-roles-processing-efficiency.test.ts > Property 10: Scoped Roles Processing Efficiency > Property 10.9: Batch role hierarchy queries should maintain consistency
Error fetching org roles: {
  code: 'PGRST200',
  details: "Searched for a foreign key relationship between 'org_roles' and 'user_profiles' in the schema 'public', but no matches were found.",
  hint: null,
  message: "Could not find a relationship between 'org_roles' and 'user_profiles' in the schema cache"
}

stderr | tests/property/scoped-roles-processing-efficiency.test.ts > Property 10: Scoped Roles Processing Efficiency > Property 10.9: Batch role hierarchy queries should maintain consistency
Error fetching org roles: {
  code: 'PGRST200',
  details: "Searched for a foreign key relationship between 'org_roles' and 'user_profiles' in the schema 'public', but no matches were found.",
  hint: null,
  message: "Could not find a relationship between 'org_roles' and 'user_profiles' in the schema cache"
}

stderr | tests/property/scoped-roles-processing-efficiency.test.ts > Property 10: Scoped Roles Processing Efficiency > Property 10.9: Batch role hierarchy queries should maintain consistency
Error fetching org roles: {
  code: 'PGRST200',
  details: "Searched for a foreign key relationship between 'org_roles' and 'user_profiles' in the schema 'public', but no matches were found.",
  hint: null,
  message: "Could not find a relationship between 'org_roles' and 'user_profiles' in the schema cache"
}

stderr | tests/property/scoped-roles-processing-efficiency.test.ts > Property 10: Scoped Roles Processing Efficiency > Property 10.9: Batch role hierarchy queries should maintain consistency
Error fetching org roles: {
  code: 'PGRST200',
  details: "Searched for a foreign key relationship between 'org_roles' and 'user_profiles' in the schema 'public', but no matches were found.",
  hint: null,
  message: "Could not find a relationship between 'org_roles' and 'user_profiles' in the schema cache"
}

stderr | tests/property/scoped-roles-processing-efficiency.test.ts > Property 10: Scoped Roles Processing Efficiency > Property 10.9: Batch role hierarchy queries should maintain consistency
Error fetching org roles: {
  code: 'PGRST200',
  details: "Searched for a foreign key relationship between 'org_roles' and 'user_profiles' in the schema 'public', but no matches were found.",
  hint: null,
  message: "Could not find a relationship between 'org_roles' and 'user_profiles' in the schema cache"
}

stderr | tests/property/scoped-roles-processing-efficiency.test.ts > Property 10: Scoped Roles Processing Efficiency > Property 10.9: Batch role hierarchy queries should maintain consistency
Error fetching org roles: {
  code: 'PGRST200',
  details: "Searched for a foreign key relationship between 'org_roles' and 'user_profiles' in the schema 'public', but no matches were found.",
  hint: null,
  message: "Could not find a relationship between 'org_roles' and 'user_profiles' in the schema cache"
}

stderr | tests/property/scoped-roles-processing-efficiency.test.ts > Property 10: Scoped Roles Processing Efficiency > Property 10.9: Batch role hierarchy queries should maintain consistency
Error fetching org roles: {
  code: 'PGRST200',
  details: "Searched for a foreign key relationship between 'org_roles' and 'user_profiles' in the schema 'public', but no matches were found.",
  hint: null,
  message: "Could not find a relationship between 'org_roles' and 'user_profiles' in the schema cache"
}

stderr | tests/property/scoped-roles-processing-efficiency.test.ts > Property 10: Scoped Roles Processing Efficiency > Property 10.9: Batch role hierarchy queries should maintain consistency
Error fetching org roles: {
  code: 'PGRST200',
  details: "Searched for a foreign key relationship between 'org_roles' and 'user_profiles' in the schema 'public', but no matches were found.",
  hint: null,
  message: "Could not find a relationship between 'org_roles' and 'user_profiles' in the schema cache"
}

stderr | tests/property/scoped-roles-processing-efficiency.test.ts > Property 10: Scoped Roles Processing Efficiency > Property 10.9: Batch role hierarchy queries should maintain consistency
Error fetching org roles: {
  code: 'PGRST200',
  details: "Searched for a foreign key relationship between 'org_roles' and 'user_profiles' in the schema 'public', but no matches were found.",
  hint: null,
  message: "Could not find a relationship between 'org_roles' and 'user_profiles' in the schema cache"
}

stderr | tests/property/scoped-roles-processing-efficiency.test.ts > Property 10: Scoped Roles Processing Efficiency > Property 10.9: Batch role hierarchy queries should maintain consistency
Error fetching org roles: {
  code: 'PGRST200',
  details: "Searched for a foreign key relationship between 'org_roles' and 'user_profiles' in the schema 'public', but no matches were found.",
  hint: null,
  message: "Could not find a relationship between 'org_roles' and 'user_profiles' in the schema cache"
}

stderr | tests/property/scoped-roles-processing-efficiency.test.ts > Property 10: Scoped Roles Processing Efficiency > Property 10.9: Batch role hierarchy queries should maintain consistency
Error fetching org roles: {
  code: 'PGRST200',
  details: "Searched for a foreign key relationship between 'org_roles' and 'user_profiles' in the schema 'public', but no matches were found.",
  hint: null,
  message: "Could not find a relationship between 'org_roles' and 'user_profiles' in the schema cache"
}

stderr | tests/property/scoped-roles-processing-efficiency.test.ts > Property 10: Scoped Roles Processing Efficiency > Property 10.9: Batch role hierarchy queries should maintain consistency
Error fetching org roles: {
  code: 'PGRST200',
  details: "Searched for a foreign key relationship between 'org_roles' and 'user_profiles' in the schema 'public', but no matches were found.",
  hint: null,
  message: "Could not find a relationship between 'org_roles' and 'user_profiles' in the schema cache"
}

stderr | tests/property/scoped-roles-processing-efficiency.test.ts > Property 10: Scoped Roles Processing Efficiency > Property 10.9: Batch role hierarchy queries should maintain consistency
Error fetching org roles: {
  code: 'PGRST200',
  details: "Searched for a foreign key relationship between 'org_roles' and 'user_profiles' in the schema 'public', but no matches were found.",
  hint: null,
  message: "Could not find a relationship between 'org_roles' and 'user_profiles' in the schema cache"
}

stderr | tests/property/scoped-roles-processing-efficiency.test.ts > Property 10: Scoped Roles Processing Efficiency > Property 10.9: Batch role hierarchy queries should maintain consistency
Error fetching org roles: {
  code: 'PGRST200',
  details: "Searched for a foreign key relationship between 'org_roles' and 'user_profiles' in the schema 'public', but no matches were found.",
  hint: null,
  message: "Could not find a relationship between 'org_roles' and 'user_profiles' in the schema cache"
}

stderr | tests/property/scoped-roles-processing-efficiency.test.ts > Property 10: Scoped Roles Processing Efficiency > Property 10.9: Batch role hierarchy queries should maintain consistency
Error fetching org roles: {
  code: 'PGRST200',
  details: "Searched for a foreign key relationship between 'org_roles' and 'user_profiles' in the schema 'public', but no matches were found.",
  hint: null,
  message: "Could not find a relationship between 'org_roles' and 'user_profiles' in the schema cache"
}

stderr | tests/property/scoped-roles-processing-efficiency.test.ts > Property 10: Scoped Roles Processing Efficiency > Property 10.9: Batch role hierarchy queries should maintain consistency
Error fetching org roles: {
  code: 'PGRST200',
  details: "Searched for a foreign key relationship between 'org_roles' and 'user_profiles' in the schema 'public', but no matches were found.",
  hint: null,
  message: "Could not find a relationship between 'org_roles' and 'user_profiles' in the schema cache"
}

stderr | tests/property/scoped-roles-processing-efficiency.test.ts > Property 10: Scoped Roles Processing Efficiency > Property 10.9: Batch role hierarchy queries should maintain consistency
Error fetching org roles: {
  code: 'PGRST200',
  details: "Searched for a foreign key relationship between 'org_roles' and 'user_profiles' in the schema 'public', but no matches were found.",
  hint: null,
  message: "Could not find a relationship between 'org_roles' and 'user_profiles' in the schema cache"
}

stderr | tests/property/scoped-roles-processing-efficiency.test.ts > Property 10: Scoped Roles Processing Efficiency > Property 10.9: Batch role hierarchy queries should maintain consistency
Error fetching org roles: {
  code: 'PGRST200',
  details: "Searched for a foreign key relationship between 'org_roles' and 'user_profiles' in the schema 'public', but no matches were found.",
  hint: null,
  message: "Could not find a relationship between 'org_roles' and 'user_profiles' in the schema cache"
}

stderr | tests/property/scoped-roles-processing-efficiency.test.ts > Property 10: Scoped Roles Processing Efficiency > Property 10.9: Batch role hierarchy queries should maintain consistency
Error fetching org roles: {
  code: 'PGRST200',
  details: "Searched for a foreign key relationship between 'org_roles' and 'user_profiles' in the schema 'public', but no matches were found.",
  hint: null,
  message: "Could not find a relationship between 'org_roles' and 'user_profiles' in the schema cache"
}

stderr | tests/property/scoped-roles-processing-efficiency.test.ts > Property 10: Scoped Roles Processing Efficiency > Property 10.9: Batch role hierarchy queries should maintain consistency
Error fetching org roles: {
  code: 'PGRST200',
  details: "Searched for a foreign key relationship between 'org_roles' and 'user_profiles' in the schema 'public', but no matches were found.",
  hint: null,
  message: "Could not find a relationship between 'org_roles' and 'user_profiles' in the schema cache"
}

stderr | tests/property/scoped-roles-processing-efficiency.test.ts > Property 10: Scoped Roles Processing Efficiency > Property 10.9: Batch role hierarchy queries should maintain consistency
Error fetching org roles: {
  code: 'PGRST200',
  details: "Searched for a foreign key relationship between 'org_roles' and 'user_profiles' in the schema 'public', but no matches were found.",
  hint: null,
  message: "Could not find a relationship between 'org_roles' and 'user_profiles' in the schema cache"
}

stderr | tests/property/scoped-roles-processing-efficiency.test.ts > Property 10: Scoped Roles Processing Efficiency > Property 10.9: Batch role hierarchy queries should maintain consistency
Error fetching org roles: {
  code: 'PGRST200',
  details: "Searched for a foreign key relationship between 'org_roles' and 'user_profiles' in the schema 'public', but no matches were found.",
  hint: null,
  message: "Could not find a relationship between 'org_roles' and 'user_profiles' in the schema cache"
}

stderr | tests/property/scoped-roles-processing-efficiency.test.ts > Property 10: Scoped Roles Processing Efficiency > Property 10.9: Batch role hierarchy queries should maintain consistency
Error fetching org roles: {
  code: 'PGRST200',
  details: "Searched for a foreign key relationship between 'org_roles' and 'user_profiles' in the schema 'public', but no matches were found.",
  hint: null,
  message: "Could not find a relationship between 'org_roles' and 'user_profiles' in the schema cache"
}

stderr | tests/property/scoped-roles-processing-efficiency.test.ts > Property 10: Scoped Roles Processing Efficiency > Property 10.9: Batch role hierarchy queries should maintain consistency
Error fetching org roles: {
  code: 'PGRST200',
  details: "Searched for a foreign key relationship between 'org_roles' and 'user_profiles' in the schema 'public', but no matches were found.",
  hint: null,
  message: "Could not find a relationship between 'org_roles' and 'user_profiles' in the schema cache"
}

stderr | tests/property/scoped-roles-processing-efficiency.test.ts > Property 10: Scoped Roles Processing Efficiency > Property 10.9: Batch role hierarchy queries should maintain consistency
Error fetching org roles: {
  code: 'PGRST200',
  details: "Searched for a foreign key relationship between 'org_roles' and 'user_profiles' in the schema 'public', but no matches were found.",
  hint: null,
  message: "Could not find a relationship between 'org_roles' and 'user_profiles' in the schema cache"
}

stderr | tests/property/scoped-roles-processing-efficiency.test.ts > Property 10: Scoped Roles Processing Efficiency > Property 10.9: Batch role hierarchy queries should maintain consistency
Error fetching org roles: {
  code: 'PGRST200',
  details: "Searched for a foreign key relationship between 'org_roles' and 'user_profiles' in the schema 'public', but no matches were found.",
  hint: null,
  message: "Could not find a relationship between 'org_roles' and 'user_profiles' in the schema cache"
}

stderr | tests/property/scoped-roles-processing-efficiency.test.ts > Property 10: Scoped Roles Processing Efficiency > Property 10.9: Batch role hierarchy queries should maintain consistency
Error fetching org roles: {
  code: 'PGRST200',
  details: "Searched for a foreign key relationship between 'org_roles' and 'user_profiles' in the schema 'public', but no matches were found.",
  hint: null,
  message: "Could not find a relationship between 'org_roles' and 'user_profiles' in the schema cache"
}

stderr | tests/property/scoped-roles-processing-efficiency.test.ts > Property 10: Scoped Roles Processing Efficiency > Property 10.9: Batch role hierarchy queries should maintain consistency
Error fetching org roles: {
  code: 'PGRST200',
  details: "Searched for a foreign key relationship between 'org_roles' and 'user_profiles' in the schema 'public', but no matches were found.",
  hint: null,
  message: "Could not find a relationship between 'org_roles' and 'user_profiles' in the schema cache"
}

stderr | tests/property/scoped-roles-processing-efficiency.test.ts > Property 10: Scoped Roles Processing Efficiency > Property 10.9: Batch role hierarchy queries should maintain consistency
Error fetching org roles: {
  code: 'PGRST200',
  details: "Searched for a foreign key relationship between 'org_roles' and 'user_profiles' in the schema 'public', but no matches were found.",
  hint: null,
  message: "Could not find a relationship between 'org_roles' and 'user_profiles' in the schema cache"
}

stderr | tests/property/scoped-roles-processing-efficiency.test.ts > Property 10: Scoped Roles Processing Efficiency > Property 10.9: Batch role hierarchy queries should maintain consistency
Error fetching org roles: {
  code: 'PGRST200',
  details: "Searched for a foreign key relationship between 'org_roles' and 'user_profiles' in the schema 'public', but no matches were found.",
  hint: null,
  message: "Could not find a relationship between 'org_roles' and 'user_profiles' in the schema cache"
}

stderr | tests/property/scoped-roles-processing-efficiency.test.ts > Property 10: Scoped Roles Processing Efficiency > Property 10.9: Batch role hierarchy queries should maintain consistency
Error fetching org roles: {
  code: 'PGRST200',
  details: "Searched for a foreign key relationship between 'org_roles' and 'user_profiles' in the schema 'public', but no matches were found.",
  hint: null,
  message: "Could not find a relationship between 'org_roles' and 'user_profiles' in the schema cache"
}

stderr | tests/property/scoped-roles-processing-efficiency.test.ts > Property 10: Scoped Roles Processing Efficiency > Property 10.9: Batch role hierarchy queries should maintain consistency
Error fetching org roles: {
  code: 'PGRST200',
  details: "Searched for a foreign key relationship between 'org_roles' and 'user_profiles' in the schema 'public', but no matches were found.",
  hint: null,
  message: "Could not find a relationship between 'org_roles' and 'user_profiles' in the schema cache"
}

stderr | tests/property/scoped-roles-processing-efficiency.test.ts > Property 10: Scoped Roles Processing Efficiency > Property 10.9: Batch role hierarchy queries should maintain consistency
Error fetching org roles: {
  code: 'PGRST200',
  details: "Searched for a foreign key relationship between 'org_roles' and 'user_profiles' in the schema 'public', but no matches were found.",
  hint: null,
  message: "Could not find a relationship between 'org_roles' and 'user_profiles' in the schema cache"
}

stderr | tests/property/scoped-roles-processing-efficiency.test.ts > Property 10: Scoped Roles Processing Efficiency > Property 10.9: Batch role hierarchy queries should maintain consistency
Error fetching org roles: {
  code: 'PGRST200',
  details: "Searched for a foreign key relationship between 'org_roles' and 'user_profiles' in the schema 'public', but no matches were found.",
  hint: null,
  message: "Could not find a relationship between 'org_roles' and 'user_profiles' in the schema cache"
}

stderr | tests/property/scoped-roles-processing-efficiency.test.ts > Property 10: Scoped Roles Processing Efficiency > Property 10.9: Batch role hierarchy queries should maintain consistency
Error fetching org roles: {
  code: 'PGRST200',
  details: "Searched for a foreign key relationship between 'org_roles' and 'user_profiles' in the schema 'public', but no matches were found.",
  hint: null,
  message: "Could not find a relationship between 'org_roles' and 'user_profiles' in the schema cache"
}

stderr | tests/property/scoped-roles-processing-efficiency.test.ts > Property 10: Scoped Roles Processing Efficiency > Property 10.9: Batch role hierarchy queries should maintain consistency
Error fetching org roles: {
  code: 'PGRST200',
  details: "Searched for a foreign key relationship between 'org_roles' and 'user_profiles' in the schema 'public', but no matches were found.",
  hint: null,
  message: "Could not find a relationship between 'org_roles' and 'user_profiles' in the schema cache"
}

stderr | tests/property/scoped-roles-processing-efficiency.test.ts > Property 10: Scoped Roles Processing Efficiency > Property 10.9: Batch role hierarchy queries should maintain consistency
Error fetching org roles: {
  code: 'PGRST200',
  details: "Searched for a foreign key relationship between 'org_roles' and 'user_profiles' in the schema 'public', but no matches were found.",
  hint: null,
  message: "Could not find a relationship between 'org_roles' and 'user_profiles' in the schema cache"
}

stderr | tests/property/scoped-roles-processing-efficiency.test.ts > Property 10: Scoped Roles Processing Efficiency > Property 10.9: Batch role hierarchy queries should maintain consistency
Error fetching org roles: {
  code: 'PGRST200',
  details: "Searched for a foreign key relationship between 'org_roles' and 'user_profiles' in the schema 'public', but no matches were found.",
  hint: null,
  message: "Could not find a relationship between 'org_roles' and 'user_profiles' in the schema cache"
}

stderr | tests/property/scoped-roles-processing-efficiency.test.ts > Property 10: Scoped Roles Processing Efficiency > Property 10.9: Batch role hierarchy queries should maintain consistency
Error fetching org roles: {
  code: 'PGRST200',
  details: "Searched for a foreign key relationship between 'org_roles' and 'user_profiles' in the schema 'public', but no matches were found.",
  hint: null,
  message: "Could not find a relationship between 'org_roles' and 'user_profiles' in the schema cache"
}

stderr | tests/property/scoped-roles-processing-efficiency.test.ts > Property 10: Scoped Roles Processing Efficiency > Property 10.9: Batch role hierarchy queries should maintain consistency
Error fetching org roles: {
  code: 'PGRST200',
  details: "Searched for a foreign key relationship between 'org_roles' and 'user_profiles' in the schema 'public', but no matches were found.",
  hint: null,
  message: "Could not find a relationship between 'org_roles' and 'user_profiles' in the schema cache"
}

stderr | tests/property/scoped-roles-processing-efficiency.test.ts > Property 10: Scoped Roles Processing Efficiency > Property 10.9: Batch role hierarchy queries should maintain consistency
Error fetching org roles: {
  code: 'PGRST200',
  details: "Searched for a foreign key relationship between 'org_roles' and 'user_profiles' in the schema 'public', but no matches were found.",
  hint: null,
  message: "Could not find a relationship between 'org_roles' and 'user_profiles' in the schema cache"
}

stderr | tests/property/scoped-roles-processing-efficiency.test.ts > Property 10: Scoped Roles Processing Efficiency > Property 10.9: Batch role hierarchy queries should maintain consistency
Error fetching org roles: {
  code: 'PGRST200',
  details: "Searched for a foreign key relationship between 'org_roles' and 'user_profiles' in the schema 'public', but no matches were found.",
  hint: null,
  message: "Could not find a relationship between 'org_roles' and 'user_profiles' in the schema cache"
}

stderr | tests/property/scoped-roles-processing-efficiency.test.ts > Property 10: Scoped Roles Processing Efficiency > Property 10.9: Batch role hierarchy queries should maintain consistency
Error fetching org roles: {
  code: 'PGRST200',
  details: "Searched for a foreign key relationship between 'org_roles' and 'user_profiles' in the schema 'public', but no matches were found.",
  hint: null,
  message: "Could not find a relationship between 'org_roles' and 'user_profiles' in the schema cache"
}

stderr | tests/property/scoped-roles-processing-efficiency.test.ts > Property 10: Scoped Roles Processing Efficiency > Property 10.9: Batch role hierarchy queries should maintain consistency
Error fetching org roles: {
  code: 'PGRST200',
  details: "Searched for a foreign key relationship between 'org_roles' and 'user_profiles' in the schema 'public', but no matches were found.",
  hint: null,
  message: "Could not find a relationship between 'org_roles' and 'user_profiles' in the schema cache"
}

stderr | tests/property/scoped-roles-processing-efficiency.test.ts > Property 10: Scoped Roles Processing Efficiency > Property 10.9: Batch role hierarchy queries should maintain consistency
Error fetching org roles: {
  code: 'PGRST200',
  details: "Searched for a foreign key relationship between 'org_roles' and 'user_profiles' in the schema 'public', but no matches were found.",
  hint: null,
  message: "Could not find a relationship between 'org_roles' and 'user_profiles' in the schema cache"
}

stderr | tests/property/scoped-roles-processing-efficiency.test.ts > Property 10: Scoped Roles Processing Efficiency > Property 10.9: Batch role hierarchy queries should maintain consistency
Error fetching org roles: {
  code: 'PGRST200',
  details: "Searched for a foreign key relationship between 'org_roles' and 'user_profiles' in the schema 'public', but no matches were found.",
  hint: null,
  message: "Could not find a relationship between 'org_roles' and 'user_profiles' in the schema cache"
}

stderr | tests/property/scoped-roles-processing-efficiency.test.ts > Property 10: Scoped Roles Processing Efficiency > Property 10.9: Batch role hierarchy queries should maintain consistency
Error fetching org roles: {
  code: 'PGRST200',
  details: "Searched for a foreign key relationship between 'org_roles' and 'user_profiles' in the schema 'public', but no matches were found.",
  hint: null,
  message: "Could not find a relationship between 'org_roles' and 'user_profiles' in the schema cache"
}

stderr | tests/property/scoped-roles-processing-efficiency.test.ts > Property 10: Scoped Roles Processing Efficiency > Property 10.9: Batch role hierarchy queries should maintain consistency
Error fetching org roles: {
  code: 'PGRST200',
  details: "Searched for a foreign key relationship between 'org_roles' and 'user_profiles' in the schema 'public', but no matches were found.",
  hint: null,
  message: "Could not find a relationship between 'org_roles' and 'user_profiles' in the schema cache"
}

stderr | tests/property/scoped-roles-processing-efficiency.test.ts > Property 10: Scoped Roles Processing Efficiency > Property 10.9: Batch role hierarchy queries should maintain consistency
Error fetching org roles: {
  code: 'PGRST200',
  details: "Searched for a foreign key relationship between 'org_roles' and 'user_profiles' in the schema 'public', but no matches were found.",
  hint: null,
  message: "Could not find a relationship between 'org_roles' and 'user_profiles' in the schema cache"
}

stderr | tests/property/scoped-roles-processing-efficiency.test.ts > Property 10: Scoped Roles Processing Efficiency > Property 10.9: Batch role hierarchy queries should maintain consistency
Error fetching org roles: {
  code: 'PGRST200',
  details: "Searched for a foreign key relationship between 'org_roles' and 'user_profiles' in the schema 'public', but no matches were found.",
  hint: null,
  message: "Could not find a relationship between 'org_roles' and 'user_profiles' in the schema cache"
}

stderr | tests/property/scoped-roles-processing-efficiency.test.ts > Property 10: Scoped Roles Processing Efficiency > Property 10.9: Batch role hierarchy queries should maintain consistency
Error fetching org roles: {
  code: 'PGRST200',
  details: "Searched for a foreign key relationship between 'org_roles' and 'user_profiles' in the schema 'public', but no matches were found.",
  hint: null,
  message: "Could not find a relationship between 'org_roles' and 'user_profiles' in the schema cache"
}

stderr | tests/property/scoped-roles-processing-efficiency.test.ts > Property 10: Scoped Roles Processing Efficiency > Property 10.9: Batch role hierarchy queries should maintain consistency
Error fetching org roles: {
  code: 'PGRST200',
  details: "Searched for a foreign key relationship between 'org_roles' and 'user_profiles' in the schema 'public', but no matches were found.",
  hint: null,
  message: "Could not find a relationship between 'org_roles' and 'user_profiles' in the schema cache"
}

stderr | tests/property/scoped-roles-processing-efficiency.test.ts > Property 10: Scoped Roles Processing Efficiency > Property 10.9: Batch role hierarchy queries should maintain consistency
Error fetching org roles: {
  code: 'PGRST200',
  details: "Searched for a foreign key relationship between 'org_roles' and 'user_profiles' in the schema 'public', but no matches were found.",
  hint: null,
  message: "Could not find a relationship between 'org_roles' and 'user_profiles' in the schema cache"
}

stderr | tests/property/scoped-roles-processing-efficiency.test.ts > Property 10: Scoped Roles Processing Efficiency > Property 10.9: Batch role hierarchy queries should maintain consistency
Error fetching org roles: {
  code: 'PGRST200',
  details: "Searched for a foreign key relationship between 'org_roles' and 'user_profiles' in the schema 'public', but no matches were found.",
  hint: null,
  message: "Could not find a relationship between 'org_roles' and 'user_profiles' in the schema cache"
}

stderr | tests/property/scoped-roles-processing-efficiency.test.ts > Property 10: Scoped Roles Processing Efficiency > Property 10.9: Batch role hierarchy queries should maintain consistency
Error fetching org roles: {
  code: 'PGRST200',
  details: "Searched for a foreign key relationship between 'org_roles' and 'user_profiles' in the schema 'public', but no matches were found.",
  hint: null,
  message: "Could not find a relationship between 'org_roles' and 'user_profiles' in the schema cache"
}

stderr | tests/property/scoped-roles-processing-efficiency.test.ts > Property 10: Scoped Roles Processing Efficiency > Property 10.9: Batch role hierarchy queries should maintain consistency
Error fetching org roles: {
  code: 'PGRST200',
  details: "Searched for a foreign key relationship between 'org_roles' and 'user_profiles' in the schema 'public', but no matches were found.",
  hint: null,
  message: "Could not find a relationship between 'org_roles' and 'user_profiles' in the schema cache"
}

stderr | tests/property/scoped-roles-processing-efficiency.test.ts > Property 10: Scoped Roles Processing Efficiency > Property 10.9: Batch role hierarchy queries should maintain consistency
Error fetching org roles: {
  code: 'PGRST200',
  details: "Searched for a foreign key relationship between 'org_roles' and 'user_profiles' in the schema 'public', but no matches were found.",
  hint: null,
  message: "Could not find a relationship between 'org_roles' and 'user_profiles' in the schema cache"
}

stderr | tests/property/scoped-roles-processing-efficiency.test.ts > Property 10: Scoped Roles Processing Efficiency > Property 10.9: Batch role hierarchy queries should maintain consistency
Error fetching org roles: {
  code: 'PGRST200',
  details: "Searched for a foreign key relationship between 'org_roles' and 'user_profiles' in the schema 'public', but no matches were found.",
  hint: null,
  message: "Could not find a relationship between 'org_roles' and 'user_profiles' in the schema cache"
}

stderr | tests/property/scoped-roles-processing-efficiency.test.ts > Property 10: Scoped Roles Processing Efficiency > Property 10.9: Batch role hierarchy queries should maintain consistency
Error fetching org roles: {
  code: 'PGRST200',
  details: "Searched for a foreign key relationship between 'org_roles' and 'user_profiles' in the schema 'public', but no matches were found.",
  hint: null,
  message: "Could not find a relationship between 'org_roles' and 'user_profiles' in the schema cache"
}

stderr | tests/property/scoped-roles-processing-efficiency.test.ts > Property 10: Scoped Roles Processing Efficiency > Property 10.9: Batch role hierarchy queries should maintain consistency
Error fetching org roles: {
  code: 'PGRST200',
  details: "Searched for a foreign key relationship between 'org_roles' and 'user_profiles' in the schema 'public', but no matches were found.",
  hint: null,
  message: "Could not find a relationship between 'org_roles' and 'user_profiles' in the schema cache"
}

stderr | tests/property/scoped-roles-processing-efficiency.test.ts > Property 10: Scoped Roles Processing Efficiency > Property 10.9: Batch role hierarchy queries should maintain consistency
Error fetching org roles: {
  code: 'PGRST200',
  details: "Searched for a foreign key relationship between 'org_roles' and 'user_profiles' in the schema 'public', but no matches were found.",
  hint: null,
  message: "Could not find a relationship between 'org_roles' and 'user_profiles' in the schema cache"
}

stderr | tests/property/scoped-roles-processing-efficiency.test.ts > Property 10: Scoped Roles Processing Efficiency > Property 10.9: Batch role hierarchy queries should maintain consistency
Error fetching org roles: {
  code: 'PGRST200',
  details: "Searched for a foreign key relationship between 'org_roles' and 'user_profiles' in the schema 'public', but no matches were found.",
  hint: null,
  message: "Could not find a relationship between 'org_roles' and 'user_profiles' in the schema cache"
}

stderr | tests/property/scoped-roles-processing-efficiency.test.ts > Property 10: Scoped Roles Processing Efficiency > Property 10.9: Batch role hierarchy queries should maintain consistency
Error fetching org roles: {
  code: 'PGRST200',
  details: "Searched for a foreign key relationship between 'org_roles' and 'user_profiles' in the schema 'public', but no matches were found.",
  hint: null,
  message: "Could not find a relationship between 'org_roles' and 'user_profiles' in the schema cache"
}

stderr | tests/property/scoped-roles-processing-efficiency.test.ts > Property 10: Scoped Roles Processing Efficiency > Property 10.9: Batch role hierarchy queries should maintain consistency
Error fetching org roles: {
  code: 'PGRST200',
  details: "Searched for a foreign key relationship between 'org_roles' and 'user_profiles' in the schema 'public', but no matches were found.",
  hint: null,
  message: "Could not find a relationship between 'org_roles' and 'user_profiles' in the schema cache"
}

stderr | tests/property/scoped-roles-processing-efficiency.test.ts > Property 10: Scoped Roles Processing Efficiency > Property 10.9: Batch role hierarchy queries should maintain consistency
Error fetching org roles: {
  code: 'PGRST200',
  details: "Searched for a foreign key relationship between 'org_roles' and 'user_profiles' in the schema 'public', but no matches were found.",
  hint: null,
  message: "Could not find a relationship between 'org_roles' and 'user_profiles' in the schema cache"
}

stderr | tests/property/scoped-roles-processing-efficiency.test.ts > Property 10: Scoped Roles Processing Efficiency > Property 10.9: Batch role hierarchy queries should maintain consistency
Error fetching org roles: {
  code: 'PGRST200',
  details: "Searched for a foreign key relationship between 'org_roles' and 'user_profiles' in the schema 'public', but no matches were found.",
  hint: null,
  message: "Could not find a relationship between 'org_roles' and 'user_profiles' in the schema cache"
}

stderr | tests/property/scoped-roles-processing-efficiency.test.ts > Property 10: Scoped Roles Processing Efficiency > Property 10.9: Batch role hierarchy queries should maintain consistency
Error fetching org roles: {
  code: 'PGRST200',
  details: "Searched for a foreign key relationship between 'org_roles' and 'user_profiles' in the schema 'public', but no matches were found.",
  hint: null,
  message: "Could not find a relationship between 'org_roles' and 'user_profiles' in the schema cache"
}

stderr | tests/property/scoped-roles-processing-efficiency.test.ts > Property 10: Scoped Roles Processing Efficiency > Property 10.9: Batch role hierarchy queries should maintain consistency
Error fetching org roles: {
  code: 'PGRST200',
  details: "Searched for a foreign key relationship between 'org_roles' and 'user_profiles' in the schema 'public', but no matches were found.",
  hint: null,
  message: "Could not find a relationship between 'org_roles' and 'user_profiles' in the schema cache"
}

stderr | tests/property/scoped-roles-processing-efficiency.test.ts > Property 10: Scoped Roles Processing Efficiency > Property 10.9: Batch role hierarchy queries should maintain consistency
Error fetching org roles: {
  code: 'PGRST200',
  details: "Searched for a foreign key relationship between 'org_roles' and 'user_profiles' in the schema 'public', but no matches were found.",
  hint: null,
  message: "Could not find a relationship between 'org_roles' and 'user_profiles' in the schema cache"
}

stderr | tests/property/scoped-roles-processing-efficiency.test.ts > Property 10: Scoped Roles Processing Efficiency > Property 10.9: Batch role hierarchy queries should maintain consistency
Error fetching org roles: {
  code: 'PGRST200',
  details: "Searched for a foreign key relationship between 'org_roles' and 'user_profiles' in the schema 'public', but no matches were found.",
  hint: null,
  message: "Could not find a relationship between 'org_roles' and 'user_profiles' in the schema cache"
}

[90mstdout[2m | tests/property/scoped-roles-processing-efficiency.test.ts[2m > [22m[2mProperty 10: Scoped Roles Processing Efficiency[2m > [22m[2mProperty 10.9: Batch role hierarchy queries should maintain consistency
[22m[39mGoTrueClient@sb-bgxknceshxxifwytalex-auth-token:0 (2.93.3) 2026-02-02T15:20:20.359Z #_acquireLock begin [33m10000[39m
GoTrueClient@sb-bgxknceshxxifwytalex-auth-token:0 (2.93.3) 2026-02-02T15:20:20.359Z #_acquireLock lock acquired for storage key sb-bgxknceshxxifwytalex-auth-token
GoTrueClient@sb-bgxknceshxxifwytalex-auth-token:0 (2.93.3) 2026-02-02T15:20:20.359Z #_useSession begin
GoTrueClient@sb-bgxknceshxxifwytalex-auth-token:0 (2.93.3) 2026-02-02T15:20:20.359Z #__loadSession() begin

[90mstdout[2m | tests/property/scoped-roles-processing-efficiency.test.ts[2m > [22m[2mProperty 10: Scoped Roles Processing Efficiency[2m > [22m[2mProperty 10.9: Batch role hierarchy queries should maintain consistency
[22m[39mGoTrueClient@sb-bgxknceshxxifwytalex-auth-token:0 (2.93.3) 2026-02-02T15:20:20.359Z #getSession() session from storage [1mnull[22m
GoTrueClient@sb-bgxknceshxxifwytalex-auth-token:0 (2.93.3) 2026-02-02T15:20:20.359Z #__loadSession() end

[90mstdout[2m | tests/property/scoped-roles-processing-efficiency.test.ts[2m > [22m[2mProperty 10: Scoped Roles Processing Efficiency[2m > [22m[2mProperty 10.9: Batch role hierarchy queries should maintain consistency
[22m[39mGoTrueClient@sb-bgxknceshxxifwytalex-auth-token:0 (2.93.3) 2026-02-02T15:20:20.359Z #_useSession end

[90mstdout[2m | tests/property/scoped-roles-processing-efficiency.test.ts[2m > [22m[2mProperty 10: Scoped Roles Processing Efficiency[2m > [22m[2mProperty 10.9: Batch role hierarchy queries should maintain consistency
[22m[39mGoTrueClient@sb-bgxknceshxxifwytalex-auth-token:0 (2.93.3) 2026-02-02T15:20:20.359Z #_acquireLock lock released for storage key sb-bgxknceshxxifwytalex-auth-token

[90mstdout[2m | tests/property/scoped-roles-processing-efficiency.test.ts[2m > [22m[2mProperty 10: Scoped Roles Processing Efficiency[2m > [22m[2mProperty 10.9: Batch role hierarchy queries should maintain consistency
[22m[39mGoTrueClient@sb-bgxknceshxxifwytalex-auth-token:0 (2.93.3) 2026-02-02T15:20:20.359Z #_acquireLock end

stderr | tests/property/scoped-roles-processing-efficiency.test.ts > Property 10: Scoped Roles Processing Efficiency > Property 10.9: Batch role hierarchy queries should maintain consistency
Error fetching org roles: {
  code: 'PGRST200',
  details: "Searched for a foreign key relationship between 'org_roles' and 'user_profiles' in the schema 'public', but no matches were found.",
  hint: null,
  message: "Could not find a relationship between 'org_roles' and 'user_profiles' in the schema cache"
}

stderr | tests/property/scoped-roles-processing-efficiency.test.ts > Property 10: Scoped Roles Processing Efficiency > Property 10.9: Batch role hierarchy queries should maintain consistency
Error fetching org roles: {
  code: 'PGRST200',
  details: "Searched for a foreign key relationship between 'org_roles' and 'user_profiles' in the schema 'public', but no matches were found.",
  hint: null,
  message: "Could not find a relationship between 'org_roles' and 'user_profiles' in the schema cache"
}

[90mstdout[2m | tests/property/scoped-roles-processing-efficiency.test.ts[2m > [22m[2mProperty 10: Scoped Roles Processing Efficiency[2m > [22m[2mProperty 10.9: Batch role hierarchy queries should maintain consistency
[22m[39mGoTrueClient@sb-bgxknceshxxifwytalex-auth-token:0 (2.93.3) 2026-02-02T15:20:20.366Z #_acquireLock begin [33m10000[39m
GoTrueClient@sb-bgxknceshxxifwytalex-auth-token:0 (2.93.3) 2026-02-02T15:20:20.366Z #_acquireLock lock acquired for storage key sb-bgxknceshxxifwytalex-auth-token
GoTrueClient@sb-bgxknceshxxifwytalex-auth-token:0 (2.93.3) 2026-02-02T15:20:20.366Z #_useSession begin
GoTrueClient@sb-bgxknceshxxifwytalex-auth-token:0 (2.93.3) 2026-02-02T15:20:20.366Z #__loadSession() begin

[90mstdout[2m | tests/property/scoped-roles-processing-efficiency.test.ts[2m > [22m[2mProperty 10: Scoped Roles Processing Efficiency[2m > [22m[2mProperty 10.9: Batch role hierarchy queries should maintain consistency
[22m[39mGoTrueClient@sb-bgxknceshxxifwytalex-auth-token:0 (2.93.3) 2026-02-02T15:20:20.367Z #getSession() session from storage [1mnull[22m
GoTrueClient@sb-bgxknceshxxifwytalex-auth-token:0 (2.93.3) 2026-02-02T15:20:20.367Z #__loadSession() end

[90mstdout[2m | tests/property/scoped-roles-processing-efficiency.test.ts[2m > [22m[2mProperty 10: Scoped Roles Processing Efficiency[2m > [22m[2mProperty 10.9: Batch role hierarchy queries should maintain consistency
[22m[39mGoTrueClient@sb-bgxknceshxxifwytalex-auth-token:0 (2.93.3) 2026-02-02T15:20:20.367Z #_useSession end

[90mstdout[2m | tests/property/scoped-roles-processing-efficiency.test.ts[2m > [22m[2mProperty 10: Scoped Roles Processing Efficiency[2m > [22m[2mProperty 10.9: Batch role hierarchy queries should maintain consistency
[22m[39mGoTrueClient@sb-bgxknceshxxifwytalex-auth-token:0 (2.93.3) 2026-02-02T15:20:20.367Z #_acquireLock lock released for storage key sb-bgxknceshxxifwytalex-auth-token

[90mstdout[2m | tests/property/scoped-roles-processing-efficiency.test.ts[2m > [22m[2mProperty 10: Scoped Roles Processing Efficiency[2m > [22m[2mProperty 10.9: Batch role hierarchy queries should maintain consistency
[22m[39mGoTrueClient@sb-bgxknceshxxifwytalex-auth-token:0 (2.93.3) 2026-02-02T15:20:20.367Z #_acquireLock end

stderr | tests/property/scoped-roles-processing-efficiency.test.ts > Property 10: Scoped Roles Processing Efficiency > Property 10.9: Batch role hierarchy queries should maintain consistency
Error fetching org roles: {
  code: 'PGRST200',
  details: "Searched for a foreign key relationship between 'org_roles' and 'user_profiles' in the schema 'public', but no matches were found.",
  hint: null,
  message: "Could not find a relationship between 'org_roles' and 'user_profiles' in the schema cache"
}

[90mstdout[2m | tests/property/scoped-roles-processing-efficiency.test.ts[2m > [22m[2mProperty 10: Scoped Roles Processing Efficiency[2m > [22m[2mProperty 10.9: Batch role hierarchy queries should maintain consistency
[22m[39mGoTrueClient@sb-bgxknceshxxifwytalex-auth-token:0 (2.93.3) 2026-02-02T15:20:20.368Z #_acquireLock begin [33m10000[39m
GoTrueClient@sb-bgxknceshxxifwytalex-auth-token:0 (2.93.3) 2026-02-02T15:20:20.368Z #_acquireLock lock acquired for storage key sb-bgxknceshxxifwytalex-auth-token
GoTrueClient@sb-bgxknceshxxifwytalex-auth-token:0 (2.93.3) 2026-02-02T15:20:20.368Z #_useSession begin
GoTrueClient@sb-bgxknceshxxifwytalex-auth-token:0 (2.93.3) 2026-02-02T15:20:20.368Z #__loadSession() begin

[90mstdout[2m | tests/property/scoped-roles-processing-efficiency.test.ts[2m > [22m[2mProperty 10: Scoped Roles Processing Efficiency[2m > [22m[2mProperty 10.9: Batch role hierarchy queries should maintain consistency
[22m[39mGoTrueClient@sb-bgxknceshxxifwytalex-auth-token:0 (2.93.3) 2026-02-02T15:20:20.368Z #getSession() session from storage [1mnull[22m
GoTrueClient@sb-bgxknceshxxifwytalex-auth-token:0 (2.93.3) 2026-02-02T15:20:20.368Z #__loadSession() end

[90mstdout[2m | tests/property/scoped-roles-processing-efficiency.test.ts[2m > [22m[2mProperty 10: Scoped Roles Processing Efficiency[2m > [22m[2mProperty 10.9: Batch role hierarchy queries should maintain consistency
[22m[39mGoTrueClient@sb-bgxknceshxxifwytalex-auth-token:0 (2.93.3) 2026-02-02T15:20:20.369Z #_useSession end

[90mstdout[2m | tests/property/scoped-roles-processing-efficiency.test.ts[2m > [22m[2mProperty 10: Scoped Roles Processing Efficiency[2m > [22m[2mProperty 10.9: Batch role hierarchy queries should maintain consistency
[22m[39mGoTrueClient@sb-bgxknceshxxifwytalex-auth-token:0 (2.93.3) 2026-02-02T15:20:20.369Z #_acquireLock lock released for storage key sb-bgxknceshxxifwytalex-auth-token

[90mstdout[2m | tests/property/scoped-roles-processing-efficiency.test.ts[2m > [22m[2mProperty 10: Scoped Roles Processing Efficiency[2m > [22m[2mProperty 10.9: Batch role hierarchy queries should maintain consistency
[22m[39mGoTrueClient@sb-bgxknceshxxifwytalex-auth-token:0 (2.93.3) 2026-02-02T15:20:20.369Z #_acquireLock end

stderr | tests/property/scoped-roles-processing-efficiency.test.ts > Property 10: Scoped Roles Processing Efficiency > Property 10.9: Batch role hierarchy queries should maintain consistency
Error fetching org roles: {
  code: 'PGRST200',
  details: "Searched for a foreign key relationship between 'org_roles' and 'user_profiles' in the schema 'public', but no matches were found.",
  hint: null,
  message: "Could not find a relationship between 'org_roles' and 'user_profiles' in the schema cache"
}

stderr | tests/property/scoped-roles-processing-efficiency.test.ts > Property 10: Scoped Roles Processing Efficiency > Property 10.9: Batch role hierarchy queries should maintain consistency
Error fetching org roles: {
  code: 'PGRST200',
  details: "Searched for a foreign key relationship between 'org_roles' and 'user_profiles' in the schema 'public', but no matches were found.",
  hint: null,
  message: "Could not find a relationship between 'org_roles' and 'user_profiles' in the schema cache"
}

stderr | tests/property/scoped-roles-processing-efficiency.test.ts > Property 10: Scoped Roles Processing Efficiency > Property 10.9: Batch role hierarchy queries should maintain consistency
Error fetching org roles: {
  code: 'PGRST200',
  details: "Searched for a foreign key relationship between 'org_roles' and 'user_profiles' in the schema 'public', but no matches were found.",
  hint: null,
  message: "Could not find a relationship between 'org_roles' and 'user_profiles' in the schema cache"
}

stderr | tests/property/scoped-roles-processing-efficiency.test.ts > Property 10: Scoped Roles Processing Efficiency > Property 10.9: Batch role hierarchy queries should maintain consistency
Error fetching org roles: {
  code: 'PGRST200',
  details: "Searched for a foreign key relationship between 'org_roles' and 'user_profiles' in the schema 'public', but no matches were found.",
  hint: null,
  message: "Could not find a relationship between 'org_roles' and 'user_profiles' in the schema cache"
}

stderr | tests/property/scoped-roles-processing-efficiency.test.ts > Property 10: Scoped Roles Processing Efficiency > Property 10.9: Batch role hierarchy queries should maintain consistency
Error fetching org roles: {
  code: 'PGRST200',
  details: "Searched for a foreign key relationship between 'org_roles' and 'user_profiles' in the schema 'public', but no matches were found.",
  hint: null,
  message: "Could not find a relationship between 'org_roles' and 'user_profiles' in the schema cache"
}

stderr | tests/property/scoped-roles-processing-efficiency.test.ts > Property 10: Scoped Roles Processing Efficiency > Property 10.9: Batch role hierarchy queries should maintain consistency
Error fetching org roles: {
  code: 'PGRST200',
  details: "Searched for a foreign key relationship between 'org_roles' and 'user_profiles' in the schema 'public', but no matches were found.",
  hint: null,
  message: "Could not find a relationship between 'org_roles' and 'user_profiles' in the schema cache"
}

stderr | tests/property/scoped-roles-processing-efficiency.test.ts > Property 10: Scoped Roles Processing Efficiency > Property 10.9: Batch role hierarchy queries should maintain consistency
Error fetching org roles: {
  code: 'PGRST200',
  details: "Searched for a foreign key relationship between 'org_roles' and 'user_profiles' in the schema 'public', but no matches were found.",
  hint: null,
  message: "Could not find a relationship between 'org_roles' and 'user_profiles' in the schema cache"
}

stderr | tests/property/scoped-roles-processing-efficiency.test.ts > Property 10: Scoped Roles Processing Efficiency > Property 10.9: Batch role hierarchy queries should maintain consistency
Error fetching org roles: {
  code: 'PGRST200',
  details: "Searched for a foreign key relationship between 'org_roles' and 'user_profiles' in the schema 'public', but no matches were found.",
  hint: null,
  message: "Could not find a relationship between 'org_roles' and 'user_profiles' in the schema cache"
}

stderr | tests/property/scoped-roles-processing-efficiency.test.ts > Property 10: Scoped Roles Processing Efficiency > Property 10.9: Batch role hierarchy queries should maintain consistency
Error fetching org roles: {
  code: 'PGRST200',
  details: "Searched for a foreign key relationship between 'org_roles' and 'user_profiles' in the schema 'public', but no matches were found.",
  hint: null,
  message: "Could not find a relationship between 'org_roles' and 'user_profiles' in the schema cache"
}

[90mstdout[2m | tests/property/scoped-roles-processing-efficiency.test.ts[2m > [22m[2mProperty 10: Scoped Roles Processing Efficiency[2m > [22m[2mProperty 10.9: Batch role hierarchy queries should maintain consistency
[22m[39mGoTrueClient@sb-bgxknceshxxifwytalex-auth-token:0 (2.93.3) 2026-02-02T15:20:20.434Z #_acquireLock begin [33m10000[39m
GoTrueClient@sb-bgxknceshxxifwytalex-auth-token:0 (2.93.3) 2026-02-02T15:20:20.434Z #_acquireLock lock acquired for storage key sb-bgxknceshxxifwytalex-auth-token
GoTrueClient@sb-bgxknceshxxifwytalex-auth-token:0 (2.93.3) 2026-02-02T15:20:20.434Z #_useSession begin
GoTrueClient@sb-bgxknceshxxifwytalex-auth-token:0 (2.93.3) 2026-02-02T15:20:20.434Z #__loadSession() begin

[90mstdout[2m | tests/property/scoped-roles-processing-efficiency.test.ts[2m > [22m[2mProperty 10: Scoped Roles Processing Efficiency[2m > [22m[2mProperty 10.9: Batch role hierarchy queries should maintain consistency
[22m[39mGoTrueClient@sb-bgxknceshxxifwytalex-auth-token:0 (2.93.3) 2026-02-02T15:20:20.435Z #getSession() session from storage [1mnull[22m
GoTrueClient@sb-bgxknceshxxifwytalex-auth-token:0 (2.93.3) 2026-02-02T15:20:20.435Z #__loadSession() end

[90mstdout[2m | tests/property/scoped-roles-processing-efficiency.test.ts[2m > [22m[2mProperty 10: Scoped Roles Processing Efficiency[2m > [22m[2mProperty 10.9: Batch role hierarchy queries should maintain consistency
[22m[39mGoTrueClient@sb-bgxknceshxxifwytalex-auth-token:0 (2.93.3) 2026-02-02T15:20:20.435Z #_useSession end

[90mstdout[2m | tests/property/scoped-roles-processing-efficiency.test.ts[2m > [22m[2mProperty 10: Scoped Roles Processing Efficiency[2m > [22m[2mProperty 10.9: Batch role hierarchy queries should maintain consistency
[22m[39mGoTrueClient@sb-bgxknceshxxifwytalex-auth-token:0 (2.93.3) 2026-02-02T15:20:20.435Z #_acquireLock lock released for storage key sb-bgxknceshxxifwytalex-auth-token

[90mstdout[2m | tests/property/scoped-roles-processing-efficiency.test.ts[2m > [22m[2mProperty 10: Scoped Roles Processing Efficiency[2m > [22m[2mProperty 10.9: Batch role hierarchy queries should maintain consistency
[22m[39mGoTrueClient@sb-bgxknceshxxifwytalex-auth-token:0 (2.93.3) 2026-02-02T15:20:20.435Z #_acquireLock end

stderr | tests/property/scoped-roles-processing-efficiency.test.ts > Property 10: Scoped Roles Processing Efficiency > Property 10.9: Batch role hierarchy queries should maintain consistency
Error fetching project roles: {
  code: 'PGRST200',
  details: "Searched for a foreign key relationship between 'project_roles' and 'user_profiles' in the schema 'public', but no matches were found.",
  hint: null,
  message: "Could not find a relationship between 'project_roles' and 'user_profiles' in the schema cache"
}

[90mstdout[2m | tests/property/scoped-roles-processing-efficiency.test.ts[2m > [22m[2mProperty 10: Scoped Roles Processing Efficiency[2m > [22m[2mProperty 10.9: Batch role hierarchy queries should maintain consistency
[22m[39mGoTrueClient@sb-bgxknceshxxifwytalex-auth-token:0 (2.93.3) 2026-02-02T15:20:20.436Z #_acquireLock begin [33m10000[39m
GoTrueClient@sb-bgxknceshxxifwytalex-auth-token:0 (2.93.3) 2026-02-02T15:20:20.436Z #_acquireLock lock acquired for storage key sb-bgxknceshxxifwytalex-auth-token
GoTrueClient@sb-bgxknceshxxifwytalex-auth-token:0 (2.93.3) 2026-02-02T15:20:20.437Z #_useSession begin
GoTrueClient@sb-bgxknceshxxifwytalex-auth-token:0 (2.93.3) 2026-02-02T15:20:20.437Z #__loadSession() begin

[90mstdout[2m | tests/property/scoped-roles-processing-efficiency.test.ts[2m > [22m[2mProperty 10: Scoped Roles Processing Efficiency[2m > [22m[2mProperty 10.9: Batch role hierarchy queries should maintain consistency
[22m[39mGoTrueClient@sb-bgxknceshxxifwytalex-auth-token:0 (2.93.3) 2026-02-02T15:20:20.437Z #getSession() session from storage [1mnull[22m
GoTrueClient@sb-bgxknceshxxifwytalex-auth-token:0 (2.93.3) 2026-02-02T15:20:20.437Z #__loadSession() end

[90mstdout[2m | tests/property/scoped-roles-processing-efficiency.test.ts[2m > [22m[2mProperty 10: Scoped Roles Processing Efficiency[2m > [22m[2mProperty 10.9: Batch role hierarchy queries should maintain consistency
[22m[39mGoTrueClient@sb-bgxknceshxxifwytalex-auth-token:0 (2.93.3) 2026-02-02T15:20:20.437Z #_useSession end

[90mstdout[2m | tests/property/scoped-roles-processing-efficiency.test.ts[2m > [22m[2mProperty 10: Scoped Roles Processing Efficiency[2m > [22m[2mProperty 10.9: Batch role hierarchy queries should maintain consistency
[22m[39mGoTrueClient@sb-bgxknceshxxifwytalex-auth-token:0 (2.93.3) 2026-02-02T15:20:20.437Z #_acquireLock lock released for storage key sb-bgxknceshxxifwytalex-auth-token

[90mstdout[2m | tests/property/scoped-roles-processing-efficiency.test.ts[2m > [22m[2mProperty 10: Scoped Roles Processing Efficiency[2m > [22m[2mProperty 10.9: Batch role hierarchy queries should maintain consistency
[22m[39mGoTrueClient@sb-bgxknceshxxifwytalex-auth-token:0 (2.93.3) 2026-02-02T15:20:20.437Z #_acquireLock end

stderr | tests/property/scoped-roles-processing-efficiency.test.ts > Property 10: Scoped Roles Processing Efficiency > Property 10.9: Batch role hierarchy queries should maintain consistency
Error fetching org roles: {
  code: 'PGRST200',
  details: "Searched for a foreign key relationship between 'org_roles' and 'user_profiles' in the schema 'public', but no matches were found.",
  hint: null,
  message: "Could not find a relationship between 'org_roles' and 'user_profiles' in the schema cache"
}

stderr | tests/property/scoped-roles-processing-efficiency.test.ts > Property 10: Scoped Roles Processing Efficiency > Property 10.9: Batch role hierarchy queries should maintain consistency
Error fetching org roles: {
  code: 'PGRST200',
  details: "Searched for a foreign key relationship between 'org_roles' and 'user_profiles' in the schema 'public', but no matches were found.",
  hint: null,
  message: "Could not find a relationship between 'org_roles' and 'user_profiles' in the schema cache"
}

stderr | tests/property/scoped-roles-processing-efficiency.test.ts > Property 10: Scoped Roles Processing Efficiency > Property 10.9: Batch role hierarchy queries should maintain consistency
Error fetching org roles: {
  code: 'PGRST200',
  details: "Searched for a foreign key relationship between 'org_roles' and 'user_profiles' in the schema 'public', but no matches were found.",
  hint: null,
  message: "Could not find a relationship between 'org_roles' and 'user_profiles' in the schema cache"
}

stderr | tests/property/scoped-roles-processing-efficiency.test.ts > Property 10: Scoped Roles Processing Efficiency > Property 10.9: Batch role hierarchy queries should maintain consistency
Error fetching org roles: {
  code: 'PGRST200',
  details: "Searched for a foreign key relationship between 'org_roles' and 'user_profiles' in the schema 'public', but no matches were found.",
  hint: null,
  message: "Could not find a relationship between 'org_roles' and 'user_profiles' in the schema cache"
}

stderr | tests/property/scoped-roles-processing-efficiency.test.ts > Property 10: Scoped Roles Processing Efficiency > Property 10.9: Batch role hierarchy queries should maintain consistency
Error fetching org roles: {
  code: 'PGRST200',
  details: "Searched for a foreign key relationship between 'org_roles' and 'user_profiles' in the schema 'public', but no matches were found.",
  hint: null,
  message: "Could not find a relationship between 'org_roles' and 'user_profiles' in the schema cache"
}

stderr | tests/property/scoped-roles-processing-efficiency.test.ts > Property 10: Scoped Roles Processing Efficiency > Property 10.9: Batch role hierarchy queries should maintain consistency
Error fetching org roles: {
  code: 'PGRST200',
  details: "Searched for a foreign key relationship between 'org_roles' and 'user_profiles' in the schema 'public', but no matches were found.",
  hint: null,
  message: "Could not find a relationship between 'org_roles' and 'user_profiles' in the schema cache"
}

stderr | tests/property/scoped-roles-processing-efficiency.test.ts > Property 10: Scoped Roles Processing Efficiency > Property 10.9: Batch role hierarchy queries should maintain consistency
Error fetching org roles: {
  code: 'PGRST200',
  details: "Searched for a foreign key relationship between 'org_roles' and 'user_profiles' in the schema 'public', but no matches were found.",
  hint: null,
  message: "Could not find a relationship between 'org_roles' and 'user_profiles' in the schema cache"
}

stderr | tests/property/scoped-roles-processing-efficiency.test.ts > Property 10: Scoped Roles Processing Efficiency > Property 10.9: Batch role hierarchy queries should maintain consistency
Error fetching org roles: {
  code: 'PGRST200',
  details: "Searched for a foreign key relationship between 'org_roles' and 'user_profiles' in the schema 'public', but no matches were found.",
  hint: null,
  message: "Could not find a relationship between 'org_roles' and 'user_profiles' in the schema cache"
}

stderr | tests/property/scoped-roles-processing-efficiency.test.ts > Property 10: Scoped Roles Processing Efficiency > Property 10.9: Batch role hierarchy queries should maintain consistency
Error fetching org roles: {
  code: 'PGRST200',
  details: "Searched for a foreign key relationship between 'org_roles' and 'user_profiles' in the schema 'public', but no matches were found.",
  hint: null,
  message: "Could not find a relationship between 'org_roles' and 'user_profiles' in the schema cache"
}

stderr | tests/property/scoped-roles-processing-efficiency.test.ts > Property 10: Scoped Roles Processing Efficiency > Property 10.9: Batch role hierarchy queries should maintain consistency
Error fetching org roles: {
  code: 'PGRST200',
  details: "Searched for a foreign key relationship between 'org_roles' and 'user_profiles' in the schema 'public', but no matches were found.",
  hint: null,
  message: "Could not find a relationship between 'org_roles' and 'user_profiles' in the schema cache"
}

stderr | tests/property/scoped-roles-processing-efficiency.test.ts > Property 10: Scoped Roles Processing Efficiency > Property 10.9: Batch role hierarchy queries should maintain consistency
Error fetching org roles: {
  code: 'PGRST200',
  details: "Searched for a foreign key relationship between 'org_roles' and 'user_profiles' in the schema 'public', but no matches were found.",
  hint: null,
  message: "Could not find a relationship between 'org_roles' and 'user_profiles' in the schema cache"
}

stderr | tests/property/scoped-roles-processing-efficiency.test.ts > Property 10: Scoped Roles Processing Efficiency > Property 10.9: Batch role hierarchy queries should maintain consistency
Error fetching org roles: {
  code: 'PGRST200',
  details: "Searched for a foreign key relationship between 'org_roles' and 'user_profiles' in the schema 'public', but no matches were found.",
  hint: null,
  message: "Could not find a relationship between 'org_roles' and 'user_profiles' in the schema cache"
}

stderr | tests/property/scoped-roles-processing-efficiency.test.ts > Property 10: Scoped Roles Processing Efficiency > Property 10.9: Batch role hierarchy queries should maintain consistency
Error fetching org roles: {
  code: 'PGRST200',
  details: "Searched for a foreign key relationship between 'org_roles' and 'user_profiles' in the schema 'public', but no matches were found.",
  hint: null,
  message: "Could not find a relationship between 'org_roles' and 'user_profiles' in the schema cache"
}

stderr | tests/property/scoped-roles-processing-efficiency.test.ts > Property 10: Scoped Roles Processing Efficiency > Property 10.9: Batch role hierarchy queries should maintain consistency
Error fetching org roles: {
  code: 'PGRST200',
  details: "Searched for a foreign key relationship between 'org_roles' and 'user_profiles' in the schema 'public', but no matches were found.",
  hint: null,
  message: "Could not find a relationship between 'org_roles' and 'user_profiles' in the schema cache"
}

stderr | tests/property/scoped-roles-processing-efficiency.test.ts > Property 10: Scoped Roles Processing Efficiency > Property 10.9: Batch role hierarchy queries should maintain consistency
Error fetching org roles: {
  code: 'PGRST200',
  details: "Searched for a foreign key relationship between 'org_roles' and 'user_profiles' in the schema 'public', but no matches were found.",
  hint: null,
  message: "Could not find a relationship between 'org_roles' and 'user_profiles' in the schema cache"
}

stderr | tests/property/scoped-roles-processing-efficiency.test.ts > Property 10: Scoped Roles Processing Efficiency > Property 10.9: Batch role hierarchy queries should maintain consistency
Error fetching org roles: {
  code: 'PGRST200',
  details: "Searched for a foreign key relationship between 'org_roles' and 'user_profiles' in the schema 'public', but no matches were found.",
  hint: null,
  message: "Could not find a relationship between 'org_roles' and 'user_profiles' in the schema cache"
}

stderr | tests/property/scoped-roles-processing-efficiency.test.ts > Property 10: Scoped Roles Processing Efficiency > Property 10.9: Batch role hierarchy queries should maintain consistency
Error fetching org roles: {
  code: 'PGRST200',
  details: "Searched for a foreign key relationship between 'org_roles' and 'user_profiles' in the schema 'public', but no matches were found.",
  hint: null,
  message: "Could not find a relationship between 'org_roles' and 'user_profiles' in the schema cache"
}

stderr | tests/property/scoped-roles-processing-efficiency.test.ts > Property 10: Scoped Roles Processing Efficiency > Property 10.9: Batch role hierarchy queries should maintain consistency
Error fetching org roles: {
  code: 'PGRST200',
  details: "Searched for a foreign key relationship between 'org_roles' and 'user_profiles' in the schema 'public', but no matches were found.",
  hint: null,
  message: "Could not find a relationship between 'org_roles' and 'user_profiles' in the schema cache"
}

stderr | tests/property/scoped-roles-processing-efficiency.test.ts > Property 10: Scoped Roles Processing Efficiency > Property 10.9: Batch role hierarchy queries should maintain consistency
Error fetching org roles: {
  code: 'PGRST200',
  details: "Searched for a foreign key relationship between 'org_roles' and 'user_profiles' in the schema 'public', but no matches were found.",
  hint: null,
  message: "Could not find a relationship between 'org_roles' and 'user_profiles' in the schema cache"
}

stderr | tests/property/scoped-roles-processing-efficiency.test.ts > Property 10: Scoped Roles Processing Efficiency > Property 10.9: Batch role hierarchy queries should maintain consistency
Error fetching org roles: {
  code: 'PGRST200',
  details: "Searched for a foreign key relationship between 'org_roles' and 'user_profiles' in the schema 'public', but no matches were found.",
  hint: null,
  message: "Could not find a relationship between 'org_roles' and 'user_profiles' in the schema cache"
}

stderr | tests/property/scoped-roles-processing-efficiency.test.ts > Property 10: Scoped Roles Processing Efficiency > Property 10.9: Batch role hierarchy queries should maintain consistency
Error fetching org roles: {
  code: 'PGRST200',
  details: "Searched for a foreign key relationship between 'org_roles' and 'user_profiles' in the schema 'public', but no matches were found.",
  hint: null,
  message: "Could not find a relationship between 'org_roles' and 'user_profiles' in the schema cache"
}

stderr | tests/property/scoped-roles-processing-efficiency.test.ts > Property 10: Scoped Roles Processing Efficiency > Property 10.9: Batch role hierarchy queries should maintain consistency
Error fetching org roles: {
  code: 'PGRST200',
  details: "Searched for a foreign key relationship between 'org_roles' and 'user_profiles' in the schema 'public', but no matches were found.",
  hint: null,
  message: "Could not find a relationship between 'org_roles' and 'user_profiles' in the schema cache"
}

stderr | tests/property/scoped-roles-processing-efficiency.test.ts > Property 10: Scoped Roles Processing Efficiency > Property 10.9: Batch role hierarchy queries should maintain consistency
Error fetching org roles: {
  code: 'PGRST200',
  details: "Searched for a foreign key relationship between 'org_roles' and 'user_profiles' in the schema 'public', but no matches were found.",
  hint: null,
  message: "Could not find a relationship between 'org_roles' and 'user_profiles' in the schema cache"
}

stderr | tests/property/scoped-roles-processing-efficiency.test.ts > Property 10: Scoped Roles Processing Efficiency > Property 10.9: Batch role hierarchy queries should maintain consistency
Error fetching org roles: {
  code: 'PGRST200',
  details: "Searched for a foreign key relationship between 'org_roles' and 'user_profiles' in the schema 'public', but no matches were found.",
  hint: null,
  message: "Could not find a relationship between 'org_roles' and 'user_profiles' in the schema cache"
}

stderr | tests/property/scoped-roles-processing-efficiency.test.ts > Property 10: Scoped Roles Processing Efficiency > Property 10.9: Batch role hierarchy queries should maintain consistency
Error fetching org roles: {
  code: 'PGRST200',
  details: "Searched for a foreign key relationship between 'org_roles' and 'user_profiles' in the schema 'public', but no matches were found.",
  hint: null,
  message: "Could not find a relationship between 'org_roles' and 'user_profiles' in the schema cache"
}

stderr | tests/property/scoped-roles-processing-efficiency.test.ts > Property 10: Scoped Roles Processing Efficiency > Property 10.9: Batch role hierarchy queries should maintain consistency
Error fetching org roles: {
  code: 'PGRST200',
  details: "Searched for a foreign key relationship between 'org_roles' and 'user_profiles' in the schema 'public', but no matches were found.",
  hint: null,
  message: "Could not find a relationship between 'org_roles' and 'user_profiles' in the schema cache"
}

stderr | tests/property/scoped-roles-processing-efficiency.test.ts > Property 10: Scoped Roles Processing Efficiency > Property 10.9: Batch role hierarchy queries should maintain consistency
Error fetching org roles: {
  code: 'PGRST200',
  details: "Searched for a foreign key relationship between 'org_roles' and 'user_profiles' in the schema 'public', but no matches were found.",
  hint: null,
  message: "Could not find a relationship between 'org_roles' and 'user_profiles' in the schema cache"
}

stderr | tests/property/scoped-roles-processing-efficiency.test.ts > Property 10: Scoped Roles Processing Efficiency > Property 10.9: Batch role hierarchy queries should maintain consistency
Error fetching org roles: {
  code: 'PGRST200',
  details: "Searched for a foreign key relationship between 'org_roles' and 'user_profiles' in the schema 'public', but no matches were found.",
  hint: null,
  message: "Could not find a relationship between 'org_roles' and 'user_profiles' in the schema cache"
}

stderr | tests/property/scoped-roles-processing-efficiency.test.ts > Property 10: Scoped Roles Processing Efficiency > Property 10.9: Batch role hierarchy queries should maintain consistency
Error fetching org roles: {
  code: 'PGRST200',
  details: "Searched for a foreign key relationship between 'org_roles' and 'user_profiles' in the schema 'public', but no matches were found.",
  hint: null,
  message: "Could not find a relationship between 'org_roles' and 'user_profiles' in the schema cache"
}

stderr | tests/property/scoped-roles-processing-efficiency.test.ts > Property 10: Scoped Roles Processing Efficiency > Property 10.9: Batch role hierarchy queries should maintain consistency
Error fetching org roles: {
  code: 'PGRST200',
  details: "Searched for a foreign key relationship between 'org_roles' and 'user_profiles' in the schema 'public', but no matches were found.",
  hint: null,
  message: "Could not find a relationship between 'org_roles' and 'user_profiles' in the schema cache"
}

stderr | tests/property/scoped-roles-processing-efficiency.test.ts > Property 10: Scoped Roles Processing Efficiency > Property 10.9: Batch role hierarchy queries should maintain consistency
Error fetching org roles: {
  code: 'PGRST200',
  details: "Searched for a foreign key relationship between 'org_roles' and 'user_profiles' in the schema 'public', but no matches were found.",
  hint: null,
  message: "Could not find a relationship between 'org_roles' and 'user_profiles' in the schema cache"
}

stderr | tests/property/scoped-roles-processing-efficiency.test.ts > Property 10: Scoped Roles Processing Efficiency > Property 10.9: Batch role hierarchy queries should maintain consistency
Error fetching org roles: {
  code: 'PGRST200',
  details: "Searched for a foreign key relationship between 'org_roles' and 'user_profiles' in the schema 'public', but no matches were found.",
  hint: null,
  message: "Could not find a relationship between 'org_roles' and 'user_profiles' in the schema cache"
}

stderr | tests/property/scoped-roles-processing-efficiency.test.ts > Property 10: Scoped Roles Processing Efficiency > Property 10.9: Batch role hierarchy queries should maintain consistency
Error fetching org roles: {
  code: 'PGRST200',
  details: "Searched for a foreign key relationship between 'org_roles' and 'user_profiles' in the schema 'public', but no matches were found.",
  hint: null,
  message: "Could not find a relationship between 'org_roles' and 'user_profiles' in the schema cache"
}

stderr | tests/property/scoped-roles-processing-efficiency.test.ts > Property 10: Scoped Roles Processing Efficiency > Property 10.9: Batch role hierarchy queries should maintain consistency
Error fetching org roles: {
  code: 'PGRST200',
  details: "Searched for a foreign key relationship between 'org_roles' and 'user_profiles' in the schema 'public', but no matches were found.",
  hint: null,
  message: "Could not find a relationship between 'org_roles' and 'user_profiles' in the schema cache"
}

stderr | tests/property/scoped-roles-processing-efficiency.test.ts > Property 10: Scoped Roles Processing Efficiency > Property 10.9: Batch role hierarchy queries should maintain consistency
Error fetching org roles: {
  code: 'PGRST200',
  details: "Searched for a foreign key relationship between 'org_roles' and 'user_profiles' in the schema 'public', but no matches were found.",
  hint: null,
  message: "Could not find a relationship between 'org_roles' and 'user_profiles' in the schema cache"
}

stderr | tests/property/scoped-roles-processing-efficiency.test.ts > Property 10: Scoped Roles Processing Efficiency > Property 10.9: Batch role hierarchy queries should maintain consistency
Error fetching org roles: {
  code: 'PGRST200',
  details: "Searched for a foreign key relationship between 'org_roles' and 'user_profiles' in the schema 'public', but no matches were found.",
  hint: null,
  message: "Could not find a relationship between 'org_roles' and 'user_profiles' in the schema cache"
}

stderr | tests/property/scoped-roles-processing-efficiency.test.ts > Property 10: Scoped Roles Processing Efficiency > Property 10.9: Batch role hierarchy queries should maintain consistency
Error fetching org roles: {
  code: 'PGRST200',
  details: "Searched for a foreign key relationship between 'org_roles' and 'user_profiles' in the schema 'public', but no matches were found.",
  hint: null,
  message: "Could not find a relationship between 'org_roles' and 'user_profiles' in the schema cache"
}

stderr | tests/property/scoped-roles-processing-efficiency.test.ts > Property 10: Scoped Roles Processing Efficiency > Property 10.9: Batch role hierarchy queries should maintain consistency
Error fetching org roles: {
  code: 'PGRST200',
  details: "Searched for a foreign key relationship between 'org_roles' and 'user_profiles' in the schema 'public', but no matches were found.",
  hint: null,
  message: "Could not find a relationship between 'org_roles' and 'user_profiles' in the schema cache"
}

stderr | tests/property/scoped-roles-processing-efficiency.test.ts > Property 10: Scoped Roles Processing Efficiency > Property 10.9: Batch role hierarchy queries should maintain consistency
Error fetching org roles: {
  code: 'PGRST200',
  details: "Searched for a foreign key relationship between 'org_roles' and 'user_profiles' in the schema 'public', but no matches were found.",
  hint: null,
  message: "Could not find a relationship between 'org_roles' and 'user_profiles' in the schema cache"
}

stderr | tests/property/scoped-roles-processing-efficiency.test.ts > Property 10: Scoped Roles Processing Efficiency > Property 10.9: Batch role hierarchy queries should maintain consistency
Error fetching org roles: {
  code: 'PGRST200',
  details: "Searched for a foreign key relationship between 'org_roles' and 'user_profiles' in the schema 'public', but no matches were found.",
  hint: null,
  message: "Could not find a relationship between 'org_roles' and 'user_profiles' in the schema cache"
}

stderr | tests/property/scoped-roles-processing-efficiency.test.ts > Property 10: Scoped Roles Processing Efficiency > Property 10.9: Batch role hierarchy queries should maintain consistency
Error fetching org roles: {
  code: 'PGRST200',
  details: "Searched for a foreign key relationship between 'org_roles' and 'user_profiles' in the schema 'public', but no matches were found.",
  hint: null,
  message: "Could not find a relationship between 'org_roles' and 'user_profiles' in the schema cache"
}

stderr | tests/property/scoped-roles-processing-efficiency.test.ts > Property 10: Scoped Roles Processing Efficiency > Property 10.9: Batch role hierarchy queries should maintain consistency
Error fetching org roles: {
  code: 'PGRST200',
  details: "Searched for a foreign key relationship between 'org_roles' and 'user_profiles' in the schema 'public', but no matches were found.",
  hint: null,
  message: "Could not find a relationship between 'org_roles' and 'user_profiles' in the schema cache"
}

stderr | tests/property/scoped-roles-processing-efficiency.test.ts > Property 10: Scoped Roles Processing Efficiency > Property 10.9: Batch role hierarchy queries should maintain consistency
Error fetching org roles: {
  code: 'PGRST200',
  details: "Searched for a foreign key relationship between 'org_roles' and 'user_profiles' in the schema 'public', but no matches were found.",
  hint: null,
  message: "Could not find a relationship between 'org_roles' and 'user_profiles' in the schema cache"
}

stderr | tests/property/scoped-roles-processing-efficiency.test.ts > Property 10: Scoped Roles Processing Efficiency > Property 10.9: Batch role hierarchy queries should maintain consistency
Error fetching org roles: {
  code: 'PGRST200',
  details: "Searched for a foreign key relationship between 'org_roles' and 'user_profiles' in the schema 'public', but no matches were found.",
  hint: null,
  message: "Could not find a relationship between 'org_roles' and 'user_profiles' in the schema cache"
}

stderr | tests/property/scoped-roles-processing-efficiency.test.ts > Property 10: Scoped Roles Processing Efficiency > Property 10.9: Batch role hierarchy queries should maintain consistency
Error fetching org roles: {
  code: 'PGRST200',
  details: "Searched for a foreign key relationship between 'org_roles' and 'user_profiles' in the schema 'public', but no matches were found.",
  hint: null,
  message: "Could not find a relationship between 'org_roles' and 'user_profiles' in the schema cache"
}

stderr | tests/property/scoped-roles-processing-efficiency.test.ts > Property 10: Scoped Roles Processing Efficiency > Property 10.9: Batch role hierarchy queries should maintain consistency
Error fetching org roles: {
  code: 'PGRST200',
  details: "Searched for a foreign key relationship between 'org_roles' and 'user_profiles' in the schema 'public', but no matches were found.",
  hint: null,
  message: "Could not find a relationship between 'org_roles' and 'user_profiles' in the schema cache"
}

stderr | tests/property/scoped-roles-processing-efficiency.test.ts > Property 10: Scoped Roles Processing Efficiency > Property 10.9: Batch role hierarchy queries should maintain consistency
Error fetching org roles: {
  code: 'PGRST200',
  details: "Searched for a foreign key relationship between 'org_roles' and 'user_profiles' in the schema 'public', but no matches were found.",
  hint: null,
  message: "Could not find a relationship between 'org_roles' and 'user_profiles' in the schema cache"
}

stderr | tests/property/scoped-roles-processing-efficiency.test.ts > Property 10: Scoped Roles Processing Efficiency > Property 10.9: Batch role hierarchy queries should maintain consistency
Error fetching org roles: {
  code: 'PGRST200',
  details: "Searched for a foreign key relationship between 'org_roles' and 'user_profiles' in the schema 'public', but no matches were found.",
  hint: null,
  message: "Could not find a relationship between 'org_roles' and 'user_profiles' in the schema cache"
}

stderr | tests/property/scoped-roles-processing-efficiency.test.ts > Property 10: Scoped Roles Processing Efficiency > Property 10.9: Batch role hierarchy queries should maintain consistency
Error fetching org roles: {
  code: 'PGRST200',
  details: "Searched for a foreign key relationship between 'org_roles' and 'user_profiles' in the schema 'public', but no matches were found.",
  hint: null,
  message: "Could not find a relationship between 'org_roles' and 'user_profiles' in the schema cache"
}

stderr | tests/property/scoped-roles-processing-efficiency.test.ts > Property 10: Scoped Roles Processing Efficiency > Property 10.9: Batch role hierarchy queries should maintain consistency
Error fetching org roles: {
  code: 'PGRST200',
  details: "Searched for a foreign key relationship between 'org_roles' and 'user_profiles' in the schema 'public', but no matches were found.",
  hint: null,
  message: "Could not find a relationship between 'org_roles' and 'user_profiles' in the schema cache"
}

stderr | tests/property/scoped-roles-processing-efficiency.test.ts > Property 10: Scoped Roles Processing Efficiency > Property 10.9: Batch role hierarchy queries should maintain consistency
Error fetching org roles: {
  code: 'PGRST200',
  details: "Searched for a foreign key relationship between 'org_roles' and 'user_profiles' in the schema 'public', but no matches were found.",
  hint: null,
  message: "Could not find a relationship between 'org_roles' and 'user_profiles' in the schema cache"
}

stderr | tests/property/scoped-roles-processing-efficiency.test.ts > Property 10: Scoped Roles Processing Efficiency > Property 10.9: Batch role hierarchy queries should maintain consistency
Error fetching org roles: {
  code: 'PGRST200',
  details: "Searched for a foreign key relationship between 'org_roles' and 'user_profiles' in the schema 'public', but no matches were found.",
  hint: null,
  message: "Could not find a relationship between 'org_roles' and 'user_profiles' in the schema cache"
}

stderr | tests/property/scoped-roles-processing-efficiency.test.ts > Property 10: Scoped Roles Processing Efficiency > Property 10.9: Batch role hierarchy queries should maintain consistency
Error fetching org roles: {
  code: 'PGRST200',
  details: "Searched for a foreign key relationship between 'org_roles' and 'user_profiles' in the schema 'public', but no matches were found.",
  hint: null,
  message: "Could not find a relationship between 'org_roles' and 'user_profiles' in the schema cache"
}

stderr | tests/property/scoped-roles-processing-efficiency.test.ts > Property 10: Scoped Roles Processing Efficiency > Property 10.9: Batch role hierarchy queries should maintain consistency
Error fetching org roles: {
  code: 'PGRST200',
  details: "Searched for a foreign key relationship between 'org_roles' and 'user_profiles' in the schema 'public', but no matches were found.",
  hint: null,
  message: "Could not find a relationship between 'org_roles' and 'user_profiles' in the schema cache"
}

stderr | tests/property/scoped-roles-processing-efficiency.test.ts > Property 10: Scoped Roles Processing Efficiency > Property 10.9: Batch role hierarchy queries should maintain consistency
Error fetching org roles: {
  code: 'PGRST200',
  details: "Searched for a foreign key relationship between 'org_roles' and 'user_profiles' in the schema 'public', but no matches were found.",
  hint: null,
  message: "Could not find a relationship between 'org_roles' and 'user_profiles' in the schema cache"
}

stderr | tests/property/scoped-roles-processing-efficiency.test.ts > Property 10: Scoped Roles Processing Efficiency > Property 10.9: Batch role hierarchy queries should maintain consistency
Error fetching org roles: {
  code: 'PGRST200',
  details: "Searched for a foreign key relationship between 'org_roles' and 'user_profiles' in the schema 'public', but no matches were found.",
  hint: null,
  message: "Could not find a relationship between 'org_roles' and 'user_profiles' in the schema cache"
}

stderr | tests/property/scoped-roles-processing-efficiency.test.ts > Property 10: Scoped Roles Processing Efficiency > Property 10.9: Batch role hierarchy queries should maintain consistency
Error fetching org roles: {
  code: 'PGRST200',
  details: "Searched for a foreign key relationship between 'org_roles' and 'user_profiles' in the schema 'public', but no matches were found.",
  hint: null,
  message: "Could not find a relationship between 'org_roles' and 'user_profiles' in the schema cache"
}

stderr | tests/property/scoped-roles-processing-efficiency.test.ts > Property 10: Scoped Roles Processing Efficiency > Property 10.9: Batch role hierarchy queries should maintain consistency
Error fetching org roles: {
  code: 'PGRST200',
  details: "Searched for a foreign key relationship between 'org_roles' and 'user_profiles' in the schema 'public', but no matches were found.",
  hint: null,
  message: "Could not find a relationship between 'org_roles' and 'user_profiles' in the schema cache"
}

stderr | tests/property/scoped-roles-processing-efficiency.test.ts > Property 10: Scoped Roles Processing Efficiency > Property 10.9: Batch role hierarchy queries should maintain consistency
Error fetching org roles: {
  code: 'PGRST200',
  details: "Searched for a foreign key relationship between 'org_roles' and 'user_profiles' in the schema 'public', but no matches were found.",
  hint: null,
  message: "Could not find a relationship between 'org_roles' and 'user_profiles' in the schema cache"
}

stderr | tests/property/scoped-roles-processing-efficiency.test.ts > Property 10: Scoped Roles Processing Efficiency > Property 10.9: Batch role hierarchy queries should maintain consistency
Error fetching org roles: {
  code: 'PGRST200',
  details: "Searched for a foreign key relationship between 'org_roles' and 'user_profiles' in the schema 'public', but no matches were found.",
  hint: null,
  message: "Could not find a relationship between 'org_roles' and 'user_profiles' in the schema cache"
}

stderr | tests/property/scoped-roles-processing-efficiency.test.ts > Property 10: Scoped Roles Processing Efficiency > Property 10.9: Batch role hierarchy queries should maintain consistency
Error fetching org roles: {
  code: 'PGRST200',
  details: "Searched for a foreign key relationship between 'org_roles' and 'user_profiles' in the schema 'public', but no matches were found.",
  hint: null,
  message: "Could not find a relationship between 'org_roles' and 'user_profiles' in the schema cache"
}

stderr | tests/property/scoped-roles-processing-efficiency.test.ts > Property 10: Scoped Roles Processing Efficiency > Property 10.9: Batch role hierarchy queries should maintain consistency
Error fetching org roles: {
  code: 'PGRST200',
  details: "Searched for a foreign key relationship between 'org_roles' and 'user_profiles' in the schema 'public', but no matches were found.",
  hint: null,
  message: "Could not find a relationship between 'org_roles' and 'user_profiles' in the schema cache"
}

stderr | tests/property/scoped-roles-processing-efficiency.test.ts > Property 10: Scoped Roles Processing Efficiency > Property 10.9: Batch role hierarchy queries should maintain consistency
Error fetching org roles: {
  code: 'PGRST200',
  details: "Searched for a foreign key relationship between 'org_roles' and 'user_profiles' in the schema 'public', but no matches were found.",
  hint: null,
  message: "Could not find a relationship between 'org_roles' and 'user_profiles' in the schema cache"
}

stderr | tests/property/scoped-roles-processing-efficiency.test.ts > Property 10: Scoped Roles Processing Efficiency > Property 10.9: Batch role hierarchy queries should maintain consistency
Error fetching org roles: {
  code: 'PGRST200',
  details: "Searched for a foreign key relationship between 'org_roles' and 'user_profiles' in the schema 'public', but no matches were found.",
  hint: null,
  message: "Could not find a relationship between 'org_roles' and 'user_profiles' in the schema cache"
}

stderr | tests/property/scoped-roles-processing-efficiency.test.ts > Property 10: Scoped Roles Processing Efficiency > Property 10.9: Batch role hierarchy queries should maintain consistency
Error fetching org roles: {
  code: 'PGRST200',
  details: "Searched for a foreign key relationship between 'org_roles' and 'user_profiles' in the schema 'public', but no matches were found.",
  hint: null,
  message: "Could not find a relationship between 'org_roles' and 'user_profiles' in the schema cache"
}

stderr | tests/property/scoped-roles-processing-efficiency.test.ts > Property 10: Scoped Roles Processing Efficiency > Property 10.9: Batch role hierarchy queries should maintain consistency
Error fetching org roles: {
  code: 'PGRST200',
  details: "Searched for a foreign key relationship between 'org_roles' and 'user_profiles' in the schema 'public', but no matches were found.",
  hint: null,
  message: "Could not find a relationship between 'org_roles' and 'user_profiles' in the schema cache"
}

stderr | tests/property/scoped-roles-processing-efficiency.test.ts > Property 10: Scoped Roles Processing Efficiency > Property 10.9: Batch role hierarchy queries should maintain consistency
Error fetching org roles: {
  code: 'PGRST200',
  details: "Searched for a foreign key relationship between 'org_roles' and 'user_profiles' in the schema 'public', but no matches were found.",
  hint: null,
  message: "Could not find a relationship between 'org_roles' and 'user_profiles' in the schema cache"
}

stderr | tests/property/scoped-roles-processing-efficiency.test.ts > Property 10: Scoped Roles Processing Efficiency > Property 10.9: Batch role hierarchy queries should maintain consistency
Error fetching org roles: {
  code: 'PGRST200',
  details: "Searched for a foreign key relationship between 'org_roles' and 'user_profiles' in the schema 'public', but no matches were found.",
  hint: null,
  message: "Could not find a relationship between 'org_roles' and 'user_profiles' in the schema cache"
}

stderr | tests/property/scoped-roles-processing-efficiency.test.ts > Property 10: Scoped Roles Processing Efficiency > Property 10.9: Batch role hierarchy queries should maintain consistency
Error fetching org roles: {
  code: 'PGRST200',
  details: "Searched for a foreign key relationship between 'org_roles' and 'user_profiles' in the schema 'public', but no matches were found.",
  hint: null,
  message: "Could not find a relationship between 'org_roles' and 'user_profiles' in the schema cache"
}

stderr | tests/property/scoped-roles-processing-efficiency.test.ts > Property 10: Scoped Roles Processing Efficiency > Property 10.9: Batch role hierarchy queries should maintain consistency
Error fetching org roles: {
  code: 'PGRST200',
  details: "Searched for a foreign key relationship between 'org_roles' and 'user_profiles' in the schema 'public', but no matches were found.",
  hint: null,
  message: "Could not find a relationship between 'org_roles' and 'user_profiles' in the schema cache"
}

stderr | tests/property/scoped-roles-processing-efficiency.test.ts > Property 10: Scoped Roles Processing Efficiency > Property 10.9: Batch role hierarchy queries should maintain consistency
Error fetching org roles: {
  code: 'PGRST200',
  details: "Searched for a foreign key relationship between 'org_roles' and 'user_profiles' in the schema 'public', but no matches were found.",
  hint: null,
  message: "Could not find a relationship between 'org_roles' and 'user_profiles' in the schema cache"
}

stderr | tests/property/scoped-roles-processing-efficiency.test.ts > Property 10: Scoped Roles Processing Efficiency > Property 10.9: Batch role hierarchy queries should maintain consistency
Error fetching org roles: {
  code: 'PGRST200',
  details: "Searched for a foreign key relationship between 'org_roles' and 'user_profiles' in the schema 'public', but no matches were found.",
  hint: null,
  message: "Could not find a relationship between 'org_roles' and 'user_profiles' in the schema cache"
}

stderr | tests/property/scoped-roles-processing-efficiency.test.ts > Property 10: Scoped Roles Processing Efficiency > Property 10.9: Batch role hierarchy queries should maintain consistency
Error fetching org roles: {
  code: 'PGRST200',
  details: "Searched for a foreign key relationship between 'org_roles' and 'user_profiles' in the schema 'public', but no matches were found.",
  hint: null,
  message: "Could not find a relationship between 'org_roles' and 'user_profiles' in the schema cache"
}

stderr | tests/property/scoped-roles-processing-efficiency.test.ts > Property 10: Scoped Roles Processing Efficiency > Property 10.9: Batch role hierarchy queries should maintain consistency
Error fetching org roles: {
  code: 'PGRST200',
  details: "Searched for a foreign key relationship between 'org_roles' and 'user_profiles' in the schema 'public', but no matches were found.",
  hint: null,
  message: "Could not find a relationship between 'org_roles' and 'user_profiles' in the schema cache"
}

stderr | tests/property/scoped-roles-processing-efficiency.test.ts > Property 10: Scoped Roles Processing Efficiency > Property 10.9: Batch role hierarchy queries should maintain consistency
Error fetching org roles: {
  code: 'PGRST200',
  details: "Searched for a foreign key relationship between 'org_roles' and 'user_profiles' in the schema 'public', but no matches were found.",
  hint: null,
  message: "Could not find a relationship between 'org_roles' and 'user_profiles' in the schema cache"
}

stderr | tests/property/scoped-roles-processing-efficiency.test.ts > Property 10: Scoped Roles Processing Efficiency > Property 10.9: Batch role hierarchy queries should maintain consistency
Error fetching org roles: {
  code: 'PGRST200',
  details: "Searched for a foreign key relationship between 'org_roles' and 'user_profiles' in the schema 'public', but no matches were found.",
  hint: null,
  message: "Could not find a relationship between 'org_roles' and 'user_profiles' in the schema cache"
}

stderr | tests/property/scoped-roles-processing-efficiency.test.ts > Property 10: Scoped Roles Processing Efficiency > Property 10.9: Batch role hierarchy queries should maintain consistency
Error fetching org roles: {
  code: 'PGRST200',
  details: "Searched for a foreign key relationship between 'org_roles' and 'user_profiles' in the schema 'public', but no matches were found.",
  hint: null,
  message: "Could not find a relationship between 'org_roles' and 'user_profiles' in the schema cache"
}

stderr | tests/property/scoped-roles-processing-efficiency.test.ts > Property 10: Scoped Roles Processing Efficiency > Property 10.9: Batch role hierarchy queries should maintain consistency
Error fetching org roles: {
  code: 'PGRST200',
  details: "Searched for a foreign key relationship between 'org_roles' and 'user_profiles' in the schema 'public', but no matches were found.",
  hint: null,
  message: "Could not find a relationship between 'org_roles' and 'user_profiles' in the schema cache"
}

stderr | tests/property/scoped-roles-processing-efficiency.test.ts > Property 10: Scoped Roles Processing Efficiency > Property 10.9: Batch role hierarchy queries should maintain consistency
Error fetching org roles: {
  code: 'PGRST200',
  details: "Searched for a foreign key relationship between 'org_roles' and 'user_profiles' in the schema 'public', but no matches were found.",
  hint: null,
  message: "Could not find a relationship between 'org_roles' and 'user_profiles' in the schema cache"
}

stderr | tests/property/scoped-roles-processing-efficiency.test.ts > Property 10: Scoped Roles Processing Efficiency > Property 10.9: Batch role hierarchy queries should maintain consistency
Error fetching org roles: {
  code: 'PGRST200',
  details: "Searched for a foreign key relationship between 'org_roles' and 'user_profiles' in the schema 'public', but no matches were found.",
  hint: null,
  message: "Could not find a relationship between 'org_roles' and 'user_profiles' in the schema cache"
}

stderr | tests/property/scoped-roles-processing-efficiency.test.ts > Property 10: Scoped Roles Processing Efficiency > Property 10.9: Batch role hierarchy queries should maintain consistency
Error fetching org roles: {
  code: 'PGRST200',
  details: "Searched for a foreign key relationship between 'org_roles' and 'user_profiles' in the schema 'public', but no matches were found.",
  hint: null,
  message: "Could not find a relationship between 'org_roles' and 'user_profiles' in the schema cache"
}

stderr | tests/property/scoped-roles-processing-efficiency.test.ts > Property 10: Scoped Roles Processing Efficiency > Property 10.9: Batch role hierarchy queries should maintain consistency
Error fetching org roles: {
  code: 'PGRST200',
  details: "Searched for a foreign key relationship between 'org_roles' and 'user_profiles' in the schema 'public', but no matches were found.",
  hint: null,
  message: "Could not find a relationship between 'org_roles' and 'user_profiles' in the schema cache"
}

stderr | tests/property/scoped-roles-processing-efficiency.test.ts > Property 10: Scoped Roles Processing Efficiency > Property 10.9: Batch role hierarchy queries should maintain consistency
Error fetching org roles: {
  code: 'PGRST200',
  details: "Searched for a foreign key relationship between 'org_roles' and 'user_profiles' in the schema 'public', but no matches were found.",
  hint: null,
  message: "Could not find a relationship between 'org_roles' and 'user_profiles' in the schema cache"
}

stderr | tests/property/scoped-roles-processing-efficiency.test.ts > Property 10: Scoped Roles Processing Efficiency > Property 10.9: Batch role hierarchy queries should maintain consistency
Error fetching org roles: {
  code: 'PGRST200',
  details: "Searched for a foreign key relationship between 'org_roles' and 'user_profiles' in the schema 'public', but no matches were found.",
  hint: null,
  message: "Could not find a relationship between 'org_roles' and 'user_profiles' in the schema cache"
}

stderr | tests/property/scoped-roles-processing-efficiency.test.ts > Property 10: Scoped Roles Processing Efficiency > Property 10.9: Batch role hierarchy queries should maintain consistency
Error fetching org roles: {
  code: 'PGRST200',
  details: "Searched for a foreign key relationship between 'org_roles' and 'user_profiles' in the schema 'public', but no matches were found.",
  hint: null,
  message: "Could not find a relationship between 'org_roles' and 'user_profiles' in the schema cache"
}

stderr | tests/property/scoped-roles-processing-efficiency.test.ts > Property 10: Scoped Roles Processing Efficiency > Property 10.9: Batch role hierarchy queries should maintain consistency
Error fetching org roles: {
  code: 'PGRST200',
  details: "Searched for a foreign key relationship between 'org_roles' and 'user_profiles' in the schema 'public', but no matches were found.",
  hint: null,
  message: "Could not find a relationship between 'org_roles' and 'user_profiles' in the schema cache"
}

stderr | tests/property/scoped-roles-processing-efficiency.test.ts > Property 10: Scoped Roles Processing Efficiency > Property 10.9: Batch role hierarchy queries should maintain consistency
Error fetching org roles: {
  code: 'PGRST200',
  details: "Searched for a foreign key relationship between 'org_roles' and 'user_profiles' in the schema 'public', but no matches were found.",
  hint: null,
  message: "Could not find a relationship between 'org_roles' and 'user_profiles' in the schema cache"
}

stderr | tests/property/scoped-roles-processing-efficiency.test.ts > Property 10: Scoped Roles Processing Efficiency > Property 10.9: Batch role hierarchy queries should maintain consistency
Error fetching org roles: {
  code: 'PGRST200',
  details: "Searched for a foreign key relationship between 'org_roles' and 'user_profiles' in the schema 'public', but no matches were found.",
  hint: null,
  message: "Could not find a relationship between 'org_roles' and 'user_profiles' in the schema cache"
}

stderr | tests/property/scoped-roles-processing-efficiency.test.ts > Property 10: Scoped Roles Processing Efficiency > Property 10.9: Batch role hierarchy queries should maintain consistency
Error fetching org roles: {
  code: 'PGRST200',
  details: "Searched for a foreign key relationship between 'org_roles' and 'user_profiles' in the schema 'public', but no matches were found.",
  hint: null,
  message: "Could not find a relationship between 'org_roles' and 'user_profiles' in the schema cache"
}

stderr | tests/property/scoped-roles-processing-efficiency.test.ts > Property 10: Scoped Roles Processing Efficiency > Property 10.9: Batch role hierarchy queries should maintain consistency
Error fetching org roles: {
  code: 'PGRST200',
  details: "Searched for a foreign key relationship between 'org_roles' and 'user_profiles' in the schema 'public', but no matches were found.",
  hint: null,
  message: "Could not find a relationship between 'org_roles' and 'user_profiles' in the schema cache"
}

stderr | tests/property/scoped-roles-processing-efficiency.test.ts > Property 10: Scoped Roles Processing Efficiency > Property 10.9: Batch role hierarchy queries should maintain consistency
Error fetching org roles: {
  code: 'PGRST200',
  details: "Searched for a foreign key relationship between 'org_roles' and 'user_profiles' in the schema 'public', but no matches were found.",
  hint: null,
  message: "Could not find a relationship between 'org_roles' and 'user_profiles' in the schema cache"
}

stderr | tests/property/scoped-roles-processing-efficiency.test.ts > Property 10: Scoped Roles Processing Efficiency > Property 10.9: Batch role hierarchy queries should maintain consistency
Error fetching org roles: {
  code: 'PGRST200',
  details: "Searched for a foreign key relationship between 'org_roles' and 'user_profiles' in the schema 'public', but no matches were found.",
  hint: null,
  message: "Could not find a relationship between 'org_roles' and 'user_profiles' in the schema cache"
}

stderr | tests/property/scoped-roles-processing-efficiency.test.ts > Property 10: Scoped Roles Processing Efficiency > Property 10.9: Batch role hierarchy queries should maintain consistency
Error fetching org roles: {
  code: 'PGRST200',
  details: "Searched for a foreign key relationship between 'org_roles' and 'user_profiles' in the schema 'public', but no matches were found.",
  hint: null,
  message: "Could not find a relationship between 'org_roles' and 'user_profiles' in the schema cache"
}

stderr | tests/property/scoped-roles-processing-efficiency.test.ts > Property 10: Scoped Roles Processing Efficiency > Property 10.9: Batch role hierarchy queries should maintain consistency
Error fetching org roles: {
  code: 'PGRST200',
  details: "Searched for a foreign key relationship between 'org_roles' and 'user_profiles' in the schema 'public', but no matches were found.",
  hint: null,
  message: "Could not find a relationship between 'org_roles' and 'user_profiles' in the schema cache"
}

stderr | tests/property/scoped-roles-processing-efficiency.test.ts > Property 10: Scoped Roles Processing Efficiency > Property 10.9: Batch role hierarchy queries should maintain consistency
Error fetching org roles: {
  code: 'PGRST200',
  details: "Searched for a foreign key relationship between 'org_roles' and 'user_profiles' in the schema 'public', but no matches were found.",
  hint: null,
  message: "Could not find a relationship between 'org_roles' and 'user_profiles' in the schema cache"
}

stderr | tests/property/scoped-roles-processing-efficiency.test.ts > Property 10: Scoped Roles Processing Efficiency > Property 10.9: Batch role hierarchy queries should maintain consistency
Error fetching org roles: {
  code: 'PGRST200',
  details: "Searched for a foreign key relationship between 'org_roles' and 'user_profiles' in the schema 'public', but no matches were found.",
  hint: null,
  message: "Could not find a relationship between 'org_roles' and 'user_profiles' in the schema cache"
}

[90mstdout[2m | tests/property/scoped-roles-processing-efficiency.test.ts[2m > [22m[2mProperty 10: Scoped Roles Processing Efficiency[2m > [22m[2mProperty 10.9: Batch role hierarchy queries should maintain consistency
[22m[39mGoTrueClient@sb-bgxknceshxxifwytalex-auth-token:0 (2.93.3) 2026-02-02T15:20:20.492Z #_acquireLock begin [33m10000[39m
GoTrueClient@sb-bgxknceshxxifwytalex-auth-token:0 (2.93.3) 2026-02-02T15:20:20.492Z #_acquireLock lock acquired for storage key sb-bgxknceshxxifwytalex-auth-token
GoTrueClient@sb-bgxknceshxxifwytalex-auth-token:0 (2.93.3) 2026-02-02T15:20:20.492Z #_useSession begin
GoTrueClient@sb-bgxknceshxxifwytalex-auth-token:0 (2.93.3) 2026-02-02T15:20:20.492Z #__loadSession() begin

[90mstdout[2m | tests/property/scoped-roles-processing-efficiency.test.ts[2m > [22m[2mProperty 10: Scoped Roles Processing Efficiency[2m > [22m[2mProperty 10.9: Batch role hierarchy queries should maintain consistency
[22m[39mGoTrueClient@sb-bgxknceshxxifwytalex-auth-token:0 (2.93.3) 2026-02-02T15:20:20.492Z #getSession() session from storage [1mnull[22m
GoTrueClient@sb-bgxknceshxxifwytalex-auth-token:0 (2.93.3) 2026-02-02T15:20:20.492Z #__loadSession() end

[90mstdout[2m | tests/property/scoped-roles-processing-efficiency.test.ts[2m > [22m[2mProperty 10: Scoped Roles Processing Efficiency[2m > [22m[2mProperty 10.9: Batch role hierarchy queries should maintain consistency
[22m[39mGoTrueClient@sb-bgxknceshxxifwytalex-auth-token:0 (2.93.3) 2026-02-02T15:20:20.492Z #_useSession end

[90mstdout[2m | tests/property/scoped-roles-processing-efficiency.test.ts[2m > [22m[2mProperty 10: Scoped Roles Processing Efficiency[2m > [22m[2mProperty 10.9: Batch role hierarchy queries should maintain consistency
[22m[39mGoTrueClient@sb-bgxknceshxxifwytalex-auth-token:0 (2.93.3) 2026-02-02T15:20:20.492Z #_acquireLock lock released for storage key sb-bgxknceshxxifwytalex-auth-token

[90mstdout[2m | tests/property/scoped-roles-processing-efficiency.test.ts[2m > [22m[2mProperty 10: Scoped Roles Processing Efficiency[2m > [22m[2mProperty 10.9: Batch role hierarchy queries should maintain consistency
[22m[39mGoTrueClient@sb-bgxknceshxxifwytalex-auth-token:0 (2.93.3) 2026-02-02T15:20:20.492Z #_acquireLock end

stderr | tests/property/scoped-roles-processing-efficiency.test.ts > Property 10: Scoped Roles Processing Efficiency > Property 10.9: Batch role hierarchy queries should maintain consistency
Error fetching org roles: {
  code: 'PGRST200',
  details: "Searched for a foreign key relationship between 'org_roles' and 'user_profiles' in the schema 'public', but no matches were found.",
  hint: null,
  message: "Could not find a relationship between 'org_roles' and 'user_profiles' in the schema cache"
}

stderr | tests/property/scoped-roles-processing-efficiency.test.ts > Property 10: Scoped Roles Processing Efficiency > Property 10.9: Batch role hierarchy queries should maintain consistency
Error fetching org roles: {
  code: 'PGRST200',
  details: "Searched for a foreign key relationship between 'org_roles' and 'user_profiles' in the schema 'public', but no matches were found.",
  hint: null,
  message: "Could not find a relationship between 'org_roles' and 'user_profiles' in the schema cache"
}

stderr | tests/property/scoped-roles-processing-efficiency.test.ts > Property 10: Scoped Roles Processing Efficiency > Property 10.9: Batch role hierarchy queries should maintain consistency
Error fetching org roles: {
  code: 'PGRST200',
  details: "Searched for a foreign key relationship between 'org_roles' and 'user_profiles' in the schema 'public', but no matches were found.",
  hint: null,
  message: "Could not find a relationship between 'org_roles' and 'user_profiles' in the schema cache"
}

stderr | tests/property/scoped-roles-processing-efficiency.test.ts > Property 10: Scoped Roles Processing Efficiency > Property 10.9: Batch role hierarchy queries should maintain consistency
Error fetching org roles: {
  code: 'PGRST200',
  details: "Searched for a foreign key relationship between 'org_roles' and 'user_profiles' in the schema 'public', but no matches were found.",
  hint: null,
  message: "Could not find a relationship between 'org_roles' and 'user_profiles' in the schema cache"
}

stderr | tests/property/scoped-roles-processing-efficiency.test.ts > Property 10: Scoped Roles Processing Efficiency > Property 10.9: Batch role hierarchy queries should maintain consistency
Error fetching org roles: {
  code: 'PGRST200',
  details: "Searched for a foreign key relationship between 'org_roles' and 'user_profiles' in the schema 'public', but no matches were found.",
  hint: null,
  message: "Could not find a relationship between 'org_roles' and 'user_profiles' in the schema cache"
}

stderr | tests/property/scoped-roles-processing-efficiency.test.ts > Property 10: Scoped Roles Processing Efficiency > Property 10.9: Batch role hierarchy queries should maintain consistency
Error fetching org roles: {
  code: 'PGRST200',
  details: "Searched for a foreign key relationship between 'org_roles' and 'user_profiles' in the schema 'public', but no matches were found.",
  hint: null,
  message: "Could not find a relationship between 'org_roles' and 'user_profiles' in the schema cache"
}

stderr | tests/property/scoped-roles-processing-efficiency.test.ts > Property 10: Scoped Roles Processing Efficiency > Property 10.9: Batch role hierarchy queries should maintain consistency
Error fetching org roles: {
  code: 'PGRST200',
  details: "Searched for a foreign key relationship between 'org_roles' and 'user_profiles' in the schema 'public', but no matches were found.",
  hint: null,
  message: "Could not find a relationship between 'org_roles' and 'user_profiles' in the schema cache"
}

stderr | tests/property/scoped-roles-processing-efficiency.test.ts > Property 10: Scoped Roles Processing Efficiency > Property 10.9: Batch role hierarchy queries should maintain consistency
Error fetching org roles: {
  code: 'PGRST200',
  details: "Searched for a foreign key relationship between 'org_roles' and 'user_profiles' in the schema 'public', but no matches were found.",
  hint: null,
  message: "Could not find a relationship between 'org_roles' and 'user_profiles' in the schema cache"
}

stderr | tests/property/scoped-roles-processing-efficiency.test.ts > Property 10: Scoped Roles Processing Efficiency > Property 10.9: Batch role hierarchy queries should maintain consistency
Error fetching org roles: {
  code: 'PGRST200',
  details: "Searched for a foreign key relationship between 'org_roles' and 'user_profiles' in the schema 'public', but no matches were found.",
  hint: null,
  message: "Could not find a relationship between 'org_roles' and 'user_profiles' in the schema cache"
}

stderr | tests/property/scoped-roles-processing-efficiency.test.ts > Property 10: Scoped Roles Processing Efficiency > Property 10.9: Batch role hierarchy queries should maintain consistency
Error fetching org roles: {
  code: 'PGRST200',
  details: "Searched for a foreign key relationship between 'org_roles' and 'user_profiles' in the schema 'public', but no matches were found.",
  hint: null,
  message: "Could not find a relationship between 'org_roles' and 'user_profiles' in the schema cache"
}

stderr | tests/property/scoped-roles-processing-efficiency.test.ts > Property 10: Scoped Roles Processing Efficiency > Property 10.9: Batch role hierarchy queries should maintain consistency
Error fetching org roles: {
  code: 'PGRST200',
  details: "Searched for a foreign key relationship between 'org_roles' and 'user_profiles' in the schema 'public', but no matches were found.",
  hint: null,
  message: "Could not find a relationship between 'org_roles' and 'user_profiles' in the schema cache"
}

stderr | tests/property/scoped-roles-processing-efficiency.test.ts > Property 10: Scoped Roles Processing Efficiency > Property 10.9: Batch role hierarchy queries should maintain consistency
Error fetching org roles: {
  code: 'PGRST200',
  details: "Searched for a foreign key relationship between 'org_roles' and 'user_profiles' in the schema 'public', but no matches were found.",
  hint: null,
  message: "Could not find a relationship between 'org_roles' and 'user_profiles' in the schema cache"
}

stderr | tests/property/scoped-roles-processing-efficiency.test.ts > Property 10: Scoped Roles Processing Efficiency > Property 10.9: Batch role hierarchy queries should maintain consistency
Error fetching org roles: {
  code: 'PGRST200',
  details: "Searched for a foreign key relationship between 'org_roles' and 'user_profiles' in the schema 'public', but no matches were found.",
  hint: null,
  message: "Could not find a relationship between 'org_roles' and 'user_profiles' in the schema cache"
}

stderr | tests/property/scoped-roles-processing-efficiency.test.ts > Property 10: Scoped Roles Processing Efficiency > Property 10.9: Batch role hierarchy queries should maintain consistency
Error fetching org roles: {
  code: 'PGRST200',
  details: "Searched for a foreign key relationship between 'org_roles' and 'user_profiles' in the schema 'public', but no matches were found.",
  hint: null,
  message: "Could not find a relationship between 'org_roles' and 'user_profiles' in the schema cache"
}

stderr | tests/property/scoped-roles-processing-efficiency.test.ts > Property 10: Scoped Roles Processing Efficiency > Property 10.9: Batch role hierarchy queries should maintain consistency
Error fetching org roles: {
  code: 'PGRST200',
  details: "Searched for a foreign key relationship between 'org_roles' and 'user_profiles' in the schema 'public', but no matches were found.",
  hint: null,
  message: "Could not find a relationship between 'org_roles' and 'user_profiles' in the schema cache"
}

stderr | tests/property/scoped-roles-processing-efficiency.test.ts > Property 10: Scoped Roles Processing Efficiency > Property 10.9: Batch role hierarchy queries should maintain consistency
Error fetching org roles: {
  code: 'PGRST200',
  details: "Searched for a foreign key relationship between 'org_roles' and 'user_profiles' in the schema 'public', but no matches were found.",
  hint: null,
  message: "Could not find a relationship between 'org_roles' and 'user_profiles' in the schema cache"
}

stderr | tests/property/scoped-roles-processing-efficiency.test.ts > Property 10: Scoped Roles Processing Efficiency > Property 10.9: Batch role hierarchy queries should maintain consistency
Error fetching org roles: {
  code: 'PGRST200',
  details: "Searched for a foreign key relationship between 'org_roles' and 'user_profiles' in the schema 'public', but no matches were found.",
  hint: null,
  message: "Could not find a relationship between 'org_roles' and 'user_profiles' in the schema cache"
}

stderr | tests/property/scoped-roles-processing-efficiency.test.ts > Property 10: Scoped Roles Processing Efficiency > Property 10.9: Batch role hierarchy queries should maintain consistency
Error fetching org roles: {
  code: 'PGRST200',
  details: "Searched for a foreign key relationship between 'org_roles' and 'user_profiles' in the schema 'public', but no matches were found.",
  hint: null,
  message: "Could not find a relationship between 'org_roles' and 'user_profiles' in the schema cache"
}

stderr | tests/property/scoped-roles-processing-efficiency.test.ts > Property 10: Scoped Roles Processing Efficiency > Property 10.9: Batch role hierarchy queries should maintain consistency
Error fetching org roles: {
  code: 'PGRST200',
  details: "Searched for a foreign key relationship between 'org_roles' and 'user_profiles' in the schema 'public', but no matches were found.",
  hint: null,
  message: "Could not find a relationship between 'org_roles' and 'user_profiles' in the schema cache"
}

stderr | tests/property/scoped-roles-processing-efficiency.test.ts > Property 10: Scoped Roles Processing Efficiency > Property 10.9: Batch role hierarchy queries should maintain consistency
Error fetching org roles: {
  code: 'PGRST200',
  details: "Searched for a foreign key relationship between 'org_roles' and 'user_profiles' in the schema 'public', but no matches were found.",
  hint: null,
  message: "Could not find a relationship between 'org_roles' and 'user_profiles' in the schema cache"
}

stderr | tests/property/scoped-roles-processing-efficiency.test.ts > Property 10: Scoped Roles Processing Efficiency > Property 10.9: Batch role hierarchy queries should maintain consistency
Error fetching org roles: {
  code: 'PGRST200',
  details: "Searched for a foreign key relationship between 'org_roles' and 'user_profiles' in the schema 'public', but no matches were found.",
  hint: null,
  message: "Could not find a relationship between 'org_roles' and 'user_profiles' in the schema cache"
}

stderr | tests/property/scoped-roles-processing-efficiency.test.ts > Property 10: Scoped Roles Processing Efficiency > Property 10.9: Batch role hierarchy queries should maintain consistency
Error fetching org roles: {
  code: 'PGRST200',
  details: "Searched for a foreign key relationship between 'org_roles' and 'user_profiles' in the schema 'public', but no matches were found.",
  hint: null,
  message: "Could not find a relationship between 'org_roles' and 'user_profiles' in the schema cache"
}

stderr | tests/property/scoped-roles-processing-efficiency.test.ts > Property 10: Scoped Roles Processing Efficiency > Property 10.9: Batch role hierarchy queries should maintain consistency
Error fetching org roles: {
  code: 'PGRST200',
  details: "Searched for a foreign key relationship between 'org_roles' and 'user_profiles' in the schema 'public', but no matches were found.",
  hint: null,
  message: "Could not find a relationship between 'org_roles' and 'user_profiles' in the schema cache"
}

[90mstdout[2m | tests/property/scoped-roles-processing-efficiency.test.ts[2m > [22m[2mProperty 10: Scoped Roles Processing Efficiency[2m > [22m[2mProperty 10.9: Batch role hierarchy queries should maintain consistency
[22m[39mGoTrueClient@sb-bgxknceshxxifwytalex-auth-token:0 (2.93.3) 2026-02-02T15:20:20.576Z #_acquireLock begin [33m10000[39m
GoTrueClient@sb-bgxknceshxxifwytalex-auth-token:0 (2.93.3) 2026-02-02T15:20:20.576Z #_acquireLock lock acquired for storage key sb-bgxknceshxxifwytalex-auth-token
GoTrueClient@sb-bgxknceshxxifwytalex-auth-token:0 (2.93.3) 2026-02-02T15:20:20.576Z #_useSession begin
GoTrueClient@sb-bgxknceshxxifwytalex-auth-token:0 (2.93.3) 2026-02-02T15:20:20.576Z #__loadSession() begin
GoTrueClient@sb-bgxknceshxxifwytalex-auth-token:0 (2.93.3) 2026-02-02T15:20:20.576Z #_acquireLock begin [33m10000[39m
GoTrueClient@sb-bgxknceshxxifwytalex-auth-token:0 (2.93.3) 2026-02-02T15:20:20.576Z #_acquireLock end
GoTrueClient@sb-bgxknceshxxifwytalex-auth-token:0 (2.93.3) 2026-02-02T15:20:20.576Z #_acquireLock begin [33m10000[39m
GoTrueClient@sb-bgxknceshxxifwytalex-auth-token:0 (2.93.3) 2026-02-02T15:20:20.576Z #_acquireLock end
GoTrueClient@sb-bgxknceshxxifwytalex-auth-token:0 (2.93.3) 2026-02-02T15:20:20.576Z #_acquireLock begin [33m10000[39m
GoTrueClient@sb-bgxknceshxxifwytalex-auth-token:0 (2.93.3) 2026-02-02T15:20:20.576Z #_acquireLock end
GoTrueClient@sb-bgxknceshxxifwytalex-auth-token:0 (2.93.3) 2026-02-02T15:20:20.576Z #_acquireLock begin [33m10000[39m
GoTrueClient@sb-bgxknceshxxifwytalex-auth-token:0 (2.93.3) 2026-02-02T15:20:20.576Z #_acquireLock end
GoTrueClient@sb-bgxknceshxxifwytalex-auth-token:0 (2.93.3) 2026-02-02T15:20:20.576Z #_acquireLock begin [33m10000[39m
GoTrueClient@sb-bgxknceshxxifwytalex-auth-token:0 (2.93.3) 2026-02-02T15:20:20.576Z #_acquireLock end
GoTrueClient@sb-bgxknceshxxifwytalex-auth-token:0 (2.93.3) 2026-02-02T15:20:20.576Z #_acquireLock begin [33m10000[39m
GoTrueClient@sb-bgxknceshxxifwytalex-auth-token:0 (2.93.3) 2026-02-02T15:20:20.576Z #_acquireLock end
GoTrueClient@sb-bgxknceshxxifwytalex-auth-token:0 (2.93.3) 2026-02-02T15:20:20.576Z #_acquireLock begin [33m10000[39m
GoTrueClient@sb-bgxknceshxxifwytalex-auth-token:0 (2.93.3) 2026-02-02T15:20:20.576Z #_acquireLock end
GoTrueClient@sb-bgxknceshxxifwytalex-auth-token:0 (2.93.3) 2026-02-02T15:20:20.576Z #_acquireLock begin [33m10000[39m
GoTrueClient@sb-bgxknceshxxifwytalex-auth-token:0 (2.93.3) 2026-02-02T15:20:20.576Z #_acquireLock end
GoTrueClient@sb-bgxknceshxxifwytalex-auth-token:0 (2.93.3) 2026-02-02T15:20:20.576Z #_acquireLock begin [33m10000[39m
GoTrueClient@sb-bgxknceshxxifwytalex-auth-token:0 (2.93.3) 2026-02-02T15:20:20.576Z #_acquireLock end
GoTrueClient@sb-bgxknceshxxifwytalex-auth-token:0 (2.93.3) 2026-02-02T15:20:20.576Z #_acquireLock begin [33m10000[39m
GoTrueClient@sb-bgxknceshxxifwytalex-auth-token:0 (2.93.3) 2026-02-02T15:20:20.576Z #_acquireLock end
GoTrueClient@sb-bgxknceshxxifwytalex-auth-token:0 (2.93.3) 2026-02-02T15:20:20.576Z #_acquireLock begin [33m10000[39m
GoTrueClient@sb-bgxknceshxxifwytalex-auth-token:0 (2.93.3) 2026-02-02T15:20:20.576Z #_acquireLock end
GoTrueClient@sb-bgxknceshxxifwytalex-auth-token:0 (2.93.3) 2026-02-02T15:20:20.576Z #_acquireLock begin [33m10000[39m
GoTrueClient@sb-bgxknceshxxifwytalex-auth-token:0 (2.93.3) 2026-02-02T15:20:20.576Z #_acquireLock end
GoTrueClient@sb-bgxknceshxxifwytalex-auth-token:0 (2.93.3) 2026-02-02T15:20:20.576Z #_acquireLock begin [33m10000[39m
GoTrueClient@sb-bgxknceshxxifwytalex-auth-token:0 (2.93.3) 2026-02-02T15:20:20.576Z #_acquireLock end
GoTrueClient@sb-bgxknceshxxifwytalex-auth-token:0 (2.93.3) 2026-02-02T15:20:20.576Z #_acquireLock begin [33m10000[39m
GoTrueClient@sb-bgxknceshxxifwytalex-auth-token:0 (2.93.3) 2026-02-02T15:20:20.576Z #_acquireLock end
GoTrueClient@sb-bgxknceshxxifwytalex-auth-token:0 (2.93.3) 2026-02-02T15:20:20.576Z #_acquireLock begin [33m10000[39m
GoTrueClient@sb-bgxknceshxxifwytalex-auth-token:0 (2.93.3) 2026-02-02T15:20:20.576Z #_acquireLock end
GoTrueClient@sb-bgxknceshxxifwytalex-auth-token:0 (2.93.3) 2026-02-02T15:20:20.576Z #_acquireLock begin [33m10000[39m
GoTrueClient@sb-bgxknceshxxifwytalex-auth-token:0 (2.93.3) 2026-02-02T15:20:20.576Z #_acquireLock end
GoTrueClient@sb-bgxknceshxxifwytalex-auth-token:0 (2.93.3) 2026-02-02T15:20:20.576Z #_acquireLock begin [33m10000[39m
GoTrueClient@sb-bgxknceshxxifwytalex-auth-token:0 (2.93.3) 2026-02-02T15:20:20.576Z #_acquireLock end
GoTrueClient@sb-bgxknceshxxifwytalex-auth-token:0 (2.93.3) 2026-02-02T15:20:20.576Z #_acquireLock begin [33m10000[39m
GoTrueClient@sb-bgxknceshxxifwytalex-auth-token:0 (2.93.3) 2026-02-02T15:20:20.576Z #_acquireLock end
GoTrueClient@sb-bgxknceshxxifwytalex-auth-token:0 (2.93.3) 2026-02-02T15:20:20.576Z #_acquireLock begin [33m10000[39m
GoTrueClient@sb-bgxknceshxxifwytalex-auth-token:0 (2.93.3) 2026-02-02T15:20:20.576Z #_acquireLock end
GoTrueClient@sb-bgxknceshxxifwytalex-auth-token:0 (2.93.3) 2026-02-02T15:20:20.576Z #_acquireLock begin [33m10000[39m
GoTrueClient@sb-bgxknceshxxifwytalex-auth-token:0 (2.93.3) 2026-02-02T15:20:20.576Z #_acquireLock end
GoTrueClient@sb-bgxknceshxxifwytalex-auth-token:0 (2.93.3) 2026-02-02T15:20:20.576Z #_acquireLock begin [33m10000[39m
GoTrueClient@sb-bgxknceshxxifwytalex-auth-token:0 (2.93.3) 2026-02-02T15:20:20.576Z #_acquireLock end
GoTrueClient@sb-bgxknceshxxifwytalex-auth-token:0 (2.93.3) 2026-02-02T15:20:20.576Z #_acquireLock begin [33m10000[39m
GoTrueClient@sb-bgxknceshxxifwytalex-auth-token:0 (2.93.3) 2026-02-02T15:20:20.576Z #_acquireLock end
GoTrueClient@sb-bgxknceshxxifwytalex-auth-token:0 (2.93.3) 2026-02-02T15:20:20.576Z #_acquireLock begin [33m10000[39m
GoTrueClient@sb-bgxknceshxxifwytalex-auth-token:0 (2.93.3) 2026-02-02T15:20:20.576Z #_acquireLock end
GoTrueClient@sb-bgxknceshxxifwytalex-auth-token:0 (2.93.3) 2026-02-02T15:20:20.576Z #_acquireLock begin [33m10000[39m
GoTrueClient@sb-bgxknceshxxifwytalex-auth-token:0 (2.93.3) 2026-02-02T15:20:20.576Z #_acquireLock end
GoTrueClient@sb-bgxknceshxxifwytalex-auth-token:0 (2.93.3) 2026-02-02T15:20:20.576Z #_acquireLock begin [33m10000[39m
GoTrueClient@sb-bgxknceshxxifwytalex-auth-token:0 (2.93.3) 2026-02-02T15:20:20.576Z #_acquireLock end
GoTrueClient@sb-bgxknceshxxifwytalex-auth-token:0 (2.93.3) 2026-02-02T15:20:20.576Z #_acquireLock begin [33m10000[39m
GoTrueClient@sb-bgxknceshxxifwytalex-auth-token:0 (2.93.3) 2026-02-02T15:20:20.576Z #_acquireLock end
GoTrueClient@sb-bgxknceshxxifwytalex-auth-token:0 (2.93.3) 2026-02-02T15:20:20.576Z #_acquireLock begin [33m10000[39m
GoTrueClient@sb-bgxknceshxxifwytalex-auth-token:0 (2.93.3) 2026-02-02T15:20:20.576Z #_acquireLock end
GoTrueClient@sb-bgxknceshxxifwytalex-auth-token:0 (2.93.3) 2026-02-02T15:20:20.576Z #_acquireLock begin [33m10000[39m
GoTrueClient@sb-bgxknceshxxifwytalex-auth-token:0 (2.93.3) 2026-02-02T15:20:20.576Z #_acquireLock end
GoTrueClient@sb-bgxknceshxxifwytalex-auth-token:0 (2.93.3) 2026-02-02T15:20:20.576Z #_acquireLock begin [33m10000[39m
GoTrueClient@sb-bgxknceshxxifwytalex-auth-token:0 (2.93.3) 2026-02-02T15:20:20.576Z #_acquireLock end
GoTrueClient@sb-bgxknceshxxifwytalex-auth-token:0 (2.93.3) 2026-02-02T15:20:20.576Z #_acquireLock begin [33m10000[39m
GoTrueClient@sb-bgxknceshxxifwytalex-auth-token:0 (2.93.3) 2026-02-02T15:20:20.576Z #_acquireLock end
GoTrueClient@sb-bgxknceshxxifwytalex-auth-token:0 (2.93.3) 2026-02-02T15:20:20.576Z #_acquireLock begin [33m10000[39m
GoTrueClient@sb-bgxknceshxxifwytalex-auth-token:0 (2.93.3) 2026-02-02T15:20:20.576Z #_acquireLock end
GoTrueClient@sb-bgxknceshxxifwytalex-auth-token:0 (2.93.3) 2026-02-02T15:20:20.576Z #_acquireLock begin [33m10000[39m
GoTrueClient@sb-bgxknceshxxifwytalex-auth-token:0 (2.93.3) 2026-02-02T15:20:20.576Z #_acquireLock end
GoTrueClient@sb-bgxknceshxxifwytalex-auth-token:0 (2.93.3) 2026-02-02T15:20:20.576Z #_acquireLock begin [33m10000[39m
GoTrueClient@sb-bgxknceshxxifwytalex-auth-token:0 (2.93.3) 2026-02-02T15:20:20.576Z #_acquireLock end
GoTrueClient@sb-bgxknceshxxifwytalex-auth-token:0 (2.93.3) 2026-02-02T15:20:20.576Z #_acquireLock begin [33m10000[39m
GoTrueClient@sb-bgxknceshxxifwytalex-auth-token:0 (2.93.3) 2026-02-02T15:20:20.576Z #_acquireLock end
GoTrueClient@sb-bgxknceshxxifwytalex-auth-token:0 (2.93.3) 2026-02-02T15:20:20.576Z #_acquireLock begin [33m10000[39m
GoTrueClient@sb-bgxknceshxxifwytalex-auth-token:0 (2.93.3) 2026-02-02T15:20:20.576Z #_acquireLock end

[90mstdout[2m | tests/property/scoped-roles-processing-efficiency.test.ts[2m > [22m[2mProperty 10: Scoped Roles Processing Efficiency[2m > [22m[2mProperty 10.9: Batch role hierarchy queries should maintain consistency
[22m[39mGoTrueClient@sb-bgxknceshxxifwytalex-auth-token:0 (2.93.3) 2026-02-02T15:20:20.577Z #getSession() session from storage [1mnull[22m
GoTrueClient@sb-bgxknceshxxifwytalex-auth-token:0 (2.93.3) 2026-02-02T15:20:20.577Z #__loadSession() end

[90mstdout[2m | tests/property/scoped-roles-processing-efficiency.test.ts[2m > [22m[2mProperty 10: Scoped Roles Processing Efficiency[2m > [22m[2mProperty 10.9: Batch role hierarchy queries should maintain consistency
[22m[39mGoTrueClient@sb-bgxknceshxxifwytalex-auth-token:0 (2.93.3) 2026-02-02T15:20:20.577Z #_useSession end

[90mstdout[2m | tests/property/scoped-roles-processing-efficiency.test.ts[2m > [22m[2mProperty 10: Scoped Roles Processing Efficiency[2m > [22m[2mProperty 10.9: Batch role hierarchy queries should maintain consistency
[22m[39mGoTrueClient@sb-bgxknceshxxifwytalex-auth-token:0 (2.93.3) 2026-02-02T15:20:20.577Z #_useSession begin
GoTrueClient@sb-bgxknceshxxifwytalex-auth-token:0 (2.93.3) 2026-02-02T15:20:20.577Z #__loadSession() begin

[90mstdout[2m | tests/property/scoped-roles-processing-efficiency.test.ts[2m > [22m[2mProperty 10: Scoped Roles Processing Efficiency[2m > [22m[2mProperty 10.9: Batch role hierarchy queries should maintain consistency
[22m[39mGoTrueClient@sb-bgxknceshxxifwytalex-auth-token:0 (2.93.3) 2026-02-02T15:20:20.577Z #getSession() session from storage [1mnull[22m
GoTrueClient@sb-bgxknceshxxifwytalex-auth-token:0 (2.93.3) 2026-02-02T15:20:20.577Z #__loadSession() end

[90mstdout[2m | tests/property/scoped-roles-processing-efficiency.test.ts[2m > [22m[2mProperty 10: Scoped Roles Processing Efficiency[2m > [22m[2mProperty 10.9: Batch role hierarchy queries should maintain consistency
[22m[39mGoTrueClient@sb-bgxknceshxxifwytalex-auth-token:0 (2.93.3) 2026-02-02T15:20:20.577Z #_useSession end

[90mstdout[2m | tests/property/scoped-roles-processing-efficiency.test.ts[2m > [22m[2mProperty 10: Scoped Roles Processing Efficiency[2m > [22m[2mProperty 10.9: Batch role hierarchy queries should maintain consistency
[22m[39mGoTrueClient@sb-bgxknceshxxifwytalex-auth-token:0 (2.93.3) 2026-02-02T15:20:20.577Z #_useSession begin
GoTrueClient@sb-bgxknceshxxifwytalex-auth-token:0 (2.93.3) 2026-02-02T15:20:20.577Z #__loadSession() begin

[90mstdout[2m | tests/property/scoped-roles-processing-efficiency.test.ts[2m > [22m[2mProperty 10: Scoped Roles Processing Efficiency[2m > [22m[2mProperty 10.9: Batch role hierarchy queries should maintain consistency
[22m[39mGoTrueClient@sb-bgxknceshxxifwytalex-auth-token:0 (2.93.3) 2026-02-02T15:20:20.578Z #getSession() session from storage [1mnull[22m
GoTrueClient@sb-bgxknceshxxifwytalex-auth-token:0 (2.93.3) 2026-02-02T15:20:20.578Z #__loadSession() end

[90mstdout[2m | tests/property/scoped-roles-processing-efficiency.test.ts[2m > [22m[2mProperty 10: Scoped Roles Processing Efficiency[2m > [22m[2mProperty 10.9: Batch role hierarchy queries should maintain consistency
[22m[39mGoTrueClient@sb-bgxknceshxxifwytalex-auth-token:0 (2.93.3) 2026-02-02T15:20:20.578Z #_useSession end

[90mstdout[2m | tests/property/scoped-roles-processing-efficiency.test.ts[2m > [22m[2mProperty 10: Scoped Roles Processing Efficiency[2m > [22m[2mProperty 10.9: Batch role hierarchy queries should maintain consistency
[22m[39mGoTrueClient@sb-bgxknceshxxifwytalex-auth-token:0 (2.93.3) 2026-02-02T15:20:20.578Z #_useSession begin
GoTrueClient@sb-bgxknceshxxifwytalex-auth-token:0 (2.93.3) 2026-02-02T15:20:20.578Z #__loadSession() begin

[90mstdout[2m | tests/property/scoped-roles-processing-efficiency.test.ts[2m > [22m[2mProperty 10: Scoped Roles Processing Efficiency[2m > [22m[2mProperty 10.9: Batch role hierarchy queries should maintain consistency
[22m[39mGoTrueClient@sb-bgxknceshxxifwytalex-auth-token:0 (2.93.3) 2026-02-02T15:20:20.578Z #getSession() session from storage [1mnull[22m
GoTrueClient@sb-bgxknceshxxifwytalex-auth-token:0 (2.93.3) 2026-02-02T15:20:20.578Z #__loadSession() end

[90mstdout[2m | tests/property/scoped-roles-processing-efficiency.test.ts[2m > [22m[2mProperty 10: Scoped Roles Processing Efficiency[2m > [22m[2mProperty 10.9: Batch role hierarchy queries should maintain consistency
[22m[39mGoTrueClient@sb-bgxknceshxxifwytalex-auth-token:0 (2.93.3) 2026-02-02T15:20:20.579Z #_useSession end

[90mstdout[2m | tests/property/scoped-roles-processing-efficiency.test.ts[2m > [22m[2mProperty 10: Scoped Roles Processing Efficiency[2m > [22m[2mProperty 10.9: Batch role hierarchy queries should maintain consistency
[22m[39mGoTrueClient@sb-bgxknceshxxifwytalex-auth-token:0 (2.93.3) 2026-02-02T15:20:20.579Z #_useSession begin
GoTrueClient@sb-bgxknceshxxifwytalex-auth-token:0 (2.93.3) 2026-02-02T15:20:20.579Z #__loadSession() begin

[90mstdout[2m | tests/property/scoped-roles-processing-efficiency.test.ts[2m > [22m[2mProperty 10: Scoped Roles Processing Efficiency[2m > [22m[2mProperty 10.9: Batch role hierarchy queries should maintain consistency
[22m[39mGoTrueClient@sb-bgxknceshxxifwytalex-auth-token:0 (2.93.3) 2026-02-02T15:20:20.579Z #getSession() session from storage [1mnull[22m
GoTrueClient@sb-bgxknceshxxifwytalex-auth-token:0 (2.93.3) 2026-02-02T15:20:20.579Z #__loadSession() end

[90mstdout[2m | tests/property/scoped-roles-processing-efficiency.test.ts[2m > [22m[2mProperty 10: Scoped Roles Processing Efficiency[2m > [22m[2mProperty 10.9: Batch role hierarchy queries should maintain consistency
[22m[39mGoTrueClient@sb-bgxknceshxxifwytalex-auth-token:0 (2.93.3) 2026-02-02T15:20:20.580Z #_useSession end

[90mstdout[2m | tests/property/scoped-roles-processing-efficiency.test.ts[2m > [22m[2mProperty 10: Scoped Roles Processing Efficiency[2m > [22m[2mProperty 10.9: Batch role hierarchy queries should maintain consistency
[22m[39mGoTrueClient@sb-bgxknceshxxifwytalex-auth-token:0 (2.93.3) 2026-02-02T15:20:20.580Z #_useSession begin
GoTrueClient@sb-bgxknceshxxifwytalex-auth-token:0 (2.93.3) 2026-02-02T15:20:20.580Z #__loadSession() begin

[90mstdout[2m | tests/property/scoped-roles-processing-efficiency.test.ts[2m > [22m[2mProperty 10: Scoped Roles Processing Efficiency[2m > [22m[2mProperty 10.9: Batch role hierarchy queries should maintain consistency
[22m[39mGoTrueClient@sb-bgxknceshxxifwytalex-auth-token:0 (2.93.3) 2026-02-02T15:20:20.580Z #getSession() session from storage [1mnull[22m
GoTrueClient@sb-bgxknceshxxifwytalex-auth-token:0 (2.93.3) 2026-02-02T15:20:20.580Z #__loadSession() end

[90mstdout[2m | tests/property/scoped-roles-processing-efficiency.test.ts[2m > [22m[2mProperty 10: Scoped Roles Processing Efficiency[2m > [22m[2mProperty 10.9: Batch role hierarchy queries should maintain consistency
[22m[39mGoTrueClient@sb-bgxknceshxxifwytalex-auth-token:0 (2.93.3) 2026-02-02T15:20:20.580Z #_useSession end

[90mstdout[2m | tests/property/scoped-roles-processing-efficiency.test.ts[2m > [22m[2mProperty 10: Scoped Roles Processing Efficiency[2m > [22m[2mProperty 10.9: Batch role hierarchy queries should maintain consistency
[22m[39mGoTrueClient@sb-bgxknceshxxifwytalex-auth-token:0 (2.93.3) 2026-02-02T15:20:20.580Z #_useSession begin
GoTrueClient@sb-bgxknceshxxifwytalex-auth-token:0 (2.93.3) 2026-02-02T15:20:20.580Z #__loadSession() begin

[90mstdout[2m | tests/property/scoped-roles-processing-efficiency.test.ts[2m > [22m[2mProperty 10: Scoped Roles Processing Efficiency[2m > [22m[2mProperty 10.9: Batch role hierarchy queries should maintain consistency
[22m[39mGoTrueClient@sb-bgxknceshxxifwytalex-auth-token:0 (2.93.3) 2026-02-02T15:20:20.580Z #getSession() session from storage [1mnull[22m
GoTrueClient@sb-bgxknceshxxifwytalex-auth-token:0 (2.93.3) 2026-02-02T15:20:20.580Z #__loadSession() end

[90mstdout[2m | tests/property/scoped-roles-processing-efficiency.test.ts[2m > [22m[2mProperty 10: Scoped Roles Processing Efficiency[2m > [22m[2mProperty 10.9: Batch role hierarchy queries should maintain consistency
[22m[39mGoTrueClient@sb-bgxknceshxxifwytalex-auth-token:0 (2.93.3) 2026-02-02T15:20:20.581Z #_useSession end

[90mstdout[2m | tests/property/scoped-roles-processing-efficiency.test.ts[2m > [22m[2mProperty 10: Scoped Roles Processing Efficiency[2m > [22m[2mProperty 10.9: Batch role hierarchy queries should maintain consistency
[22m[39mGoTrueClient@sb-bgxknceshxxifwytalex-auth-token:0 (2.93.3) 2026-02-02T15:20:20.581Z #_useSession begin
GoTrueClient@sb-bgxknceshxxifwytalex-auth-token:0 (2.93.3) 2026-02-02T15:20:20.581Z #__loadSession() begin

[90mstdout[2m | tests/property/scoped-roles-processing-efficiency.test.ts[2m > [22m[2mProperty 10: Scoped Roles Processing Efficiency[2m > [22m[2mProperty 10.9: Batch role hierarchy queries should maintain consistency
[22m[39mGoTrueClient@sb-bgxknceshxxifwytalex-auth-token:0 (2.93.3) 2026-02-02T15:20:20.581Z #getSession() session from storage [1mnull[22m
GoTrueClient@sb-bgxknceshxxifwytalex-auth-token:0 (2.93.3) 2026-02-02T15:20:20.581Z #__loadSession() end

[90mstdout[2m | tests/property/scoped-roles-processing-efficiency.test.ts[2m > [22m[2mProperty 10: Scoped Roles Processing Efficiency[2m > [22m[2mProperty 10.9: Batch role hierarchy queries should maintain consistency
[22m[39mGoTrueClient@sb-bgxknceshxxifwytalex-auth-token:0 (2.93.3) 2026-02-02T15:20:20.581Z #_useSession end

[90mstdout[2m | tests/property/scoped-roles-processing-efficiency.test.ts[2m > [22m[2mProperty 10: Scoped Roles Processing Efficiency[2m > [22m[2mProperty 10.9: Batch role hierarchy queries should maintain consistency
[22m[39mGoTrueClient@sb-bgxknceshxxifwytalex-auth-token:0 (2.93.3) 2026-02-02T15:20:20.581Z #_useSession begin
GoTrueClient@sb-bgxknceshxxifwytalex-auth-token:0 (2.93.3) 2026-02-02T15:20:20.581Z #__loadSession() begin

[90mstdout[2m | tests/property/scoped-roles-processing-efficiency.test.ts[2m > [22m[2mProperty 10: Scoped Roles Processing Efficiency[2m > [22m[2mProperty 10.9: Batch role hierarchy queries should maintain consistency
[22m[39mGoTrueClient@sb-bgxknceshxxifwytalex-auth-token:0 (2.93.3) 2026-02-02T15:20:20.581Z #getSession() session from storage [1mnull[22m
GoTrueClient@sb-bgxknceshxxifwytalex-auth-token:0 (2.93.3) 2026-02-02T15:20:20.581Z #__loadSession() end

[90mstdout[2m | tests/property/scoped-roles-processing-efficiency.test.ts[2m > [22m[2mProperty 10: Scoped Roles Processing Efficiency[2m > [22m[2mProperty 10.9: Batch role hierarchy queries should maintain consistency
[22m[39mGoTrueClient@sb-bgxknceshxxifwytalex-auth-token:0 (2.93.3) 2026-02-02T15:20:20.582Z #_useSession end

[90mstdout[2m | tests/property/scoped-roles-processing-efficiency.test.ts[2m > [22m[2mProperty 10: Scoped Roles Processing Efficiency[2m > [22m[2mProperty 10.9: Batch role hierarchy queries should maintain consistency
[22m[39mGoTrueClient@sb-bgxknceshxxifwytalex-auth-token:0 (2.93.3) 2026-02-02T15:20:20.582Z #_useSession begin
GoTrueClient@sb-bgxknceshxxifwytalex-auth-token:0 (2.93.3) 2026-02-02T15:20:20.582Z #__loadSession() begin

[90mstdout[2m | tests/property/scoped-roles-processing-efficiency.test.ts[2m > [22m[2mProperty 10: Scoped Roles Processing Efficiency[2m > [22m[2mProperty 10.9: Batch role hierarchy queries should maintain consistency
[22m[39mGoTrueClient@sb-bgxknceshxxifwytalex-auth-token:0 (2.93.3) 2026-02-02T15:20:20.582Z #getSession() session from storage [1mnull[22m
GoTrueClient@sb-bgxknceshxxifwytalex-auth-token:0 (2.93.3) 2026-02-02T15:20:20.582Z #__loadSession() end

[90mstdout[2m | tests/property/scoped-roles-processing-efficiency.test.ts[2m > [22m[2mProperty 10: Scoped Roles Processing Efficiency[2m > [22m[2mProperty 10.9: Batch role hierarchy queries should maintain consistency
[22m[39mGoTrueClient@sb-bgxknceshxxifwytalex-auth-token:0 (2.93.3) 2026-02-02T15:20:20.582Z #_useSession end

[90mstdout[2m | tests/property/scoped-roles-processing-efficiency.test.ts[2m > [22m[2mProperty 10: Scoped Roles Processing Efficiency[2m > [22m[2mProperty 10.9: Batch role hierarchy queries should maintain consistency
[22m[39mGoTrueClient@sb-bgxknceshxxifwytalex-auth-token:0 (2.93.3) 2026-02-02T15:20:20.582Z #_useSession begin
GoTrueClient@sb-bgxknceshxxifwytalex-auth-token:0 (2.93.3) 2026-02-02T15:20:20.582Z #__loadSession() begin

[90mstdout[2m | tests/property/scoped-roles-processing-efficiency.test.ts[2m > [22m[2mProperty 10: Scoped Roles Processing Efficiency[2m > [22m[2mProperty 10.9: Batch role hierarchy queries should maintain consistency
[22m[39mGoTrueClient@sb-bgxknceshxxifwytalex-auth-token:0 (2.93.3) 2026-02-02T15:20:20.582Z #getSession() session from storage [1mnull[22m
GoTrueClient@sb-bgxknceshxxifwytalex-auth-token:0 (2.93.3) 2026-02-02T15:20:20.582Z #__loadSession() end

[90mstdout[2m | tests/property/scoped-roles-processing-efficiency.test.ts[2m > [22m[2mProperty 10: Scoped Roles Processing Efficiency[2m > [22m[2mProperty 10.9: Batch role hierarchy queries should maintain consistency
[22m[39mGoTrueClient@sb-bgxknceshxxifwytalex-auth-token:0 (2.93.3) 2026-02-02T15:20:20.583Z #_useSession end

[90mstdout[2m | tests/property/scoped-roles-processing-efficiency.test.ts[2m > [22m[2mProperty 10: Scoped Roles Processing Efficiency[2m > [22m[2mProperty 10.9: Batch role hierarchy queries should maintain consistency
[22m[39mGoTrueClient@sb-bgxknceshxxifwytalex-auth-token:0 (2.93.3) 2026-02-02T15:20:20.583Z #_useSession begin
GoTrueClient@sb-bgxknceshxxifwytalex-auth-token:0 (2.93.3) 2026-02-02T15:20:20.583Z #__loadSession() begin

[90mstdout[2m | tests/property/scoped-roles-processing-efficiency.test.ts[2m > [22m[2mProperty 10: Scoped Roles Processing Efficiency[2m > [22m[2mProperty 10.9: Batch role hierarchy queries should maintain consistency
[22m[39mGoTrueClient@sb-bgxknceshxxifwytalex-auth-token:0 (2.93.3) 2026-02-02T15:20:20.583Z #getSession() session from storage [1mnull[22m
GoTrueClient@sb-bgxknceshxxifwytalex-auth-token:0 (2.93.3) 2026-02-02T15:20:20.583Z #__loadSession() end

[90mstdout[2m | tests/property/scoped-roles-processing-efficiency.test.ts[2m > [22m[2mProperty 10: Scoped Roles Processing Efficiency[2m > [22m[2mProperty 10.9: Batch role hierarchy queries should maintain consistency
[22m[39mGoTrueClient@sb-bgxknceshxxifwytalex-auth-token:0 (2.93.3) 2026-02-02T15:20:20.583Z #_useSession end

[90mstdout[2m | tests/property/scoped-roles-processing-efficiency.test.ts[2m > [22m[2mProperty 10: Scoped Roles Processing Efficiency[2m > [22m[2mProperty 10.9: Batch role hierarchy queries should maintain consistency
[22m[39mGoTrueClient@sb-bgxknceshxxifwytalex-auth-token:0 (2.93.3) 2026-02-02T15:20:20.583Z #_useSession begin
GoTrueClient@sb-bgxknceshxxifwytalex-auth-token:0 (2.93.3) 2026-02-02T15:20:20.583Z #__loadSession() begin

[90mstdout[2m | tests/property/scoped-roles-processing-efficiency.test.ts[2m > [22m[2mProperty 10: Scoped Roles Processing Efficiency[2m > [22m[2mProperty 10.9: Batch role hierarchy queries should maintain consistency
[22m[39mGoTrueClient@sb-bgxknceshxxifwytalex-auth-token:0 (2.93.3) 2026-02-02T15:20:20.583Z #getSession() session from storage [1mnull[22m
GoTrueClient@sb-bgxknceshxxifwytalex-auth-token:0 (2.93.3) 2026-02-02T15:20:20.583Z #__loadSession() end

[90mstdout[2m | tests/property/scoped-roles-processing-efficiency.test.ts[2m > [22m[2mProperty 10: Scoped Roles Processing Efficiency[2m > [22m[2mProperty 10.9: Batch role hierarchy queries should maintain consistency
[22m[39mGoTrueClient@sb-bgxknceshxxifwytalex-auth-token:0 (2.93.3) 2026-02-02T15:20:20.584Z #_useSession end

[90mstdout[2m | tests/property/scoped-roles-processing-efficiency.test.ts[2m > [22m[2mProperty 10: Scoped Roles Processing Efficiency[2m > [22m[2mProperty 10.9: Batch role hierarchy queries should maintain consistency
[22m[39mGoTrueClient@sb-bgxknceshxxifwytalex-auth-token:0 (2.93.3) 2026-02-02T15:20:20.584Z #_useSession begin
GoTrueClient@sb-bgxknceshxxifwytalex-auth-token:0 (2.93.3) 2026-02-02T15:20:20.584Z #__loadSession() begin

[90mstdout[2m | tests/property/scoped-roles-processing-efficiency.test.ts[2m > [22m[2mProperty 10: Scoped Roles Processing Efficiency[2m > [22m[2mProperty 10.9: Batch role hierarchy queries should maintain consistency
[22m[39mGoTrueClient@sb-bgxknceshxxifwytalex-auth-token:0 (2.93.3) 2026-02-02T15:20:20.584Z #getSession() session from storage [1mnull[22m
GoTrueClient@sb-bgxknceshxxifwytalex-auth-token:0 (2.93.3) 2026-02-02T15:20:20.584Z #__loadSession() end

[90mstdout[2m | tests/property/scoped-roles-processing-efficiency.test.ts[2m > [22m[2mProperty 10: Scoped Roles Processing Efficiency[2m > [22m[2mProperty 10.9: Batch role hierarchy queries should maintain consistency
[22m[39mGoTrueClient@sb-bgxknceshxxifwytalex-auth-token:0 (2.93.3) 2026-02-02T15:20:20.584Z #_useSession end

[90mstdout[2m | tests/property/scoped-roles-processing-efficiency.test.ts[2m > [22m[2mProperty 10: Scoped Roles Processing Efficiency[2m > [22m[2mProperty 10.9: Batch role hierarchy queries should maintain consistency
[22m[39mGoTrueClient@sb-bgxknceshxxifwytalex-auth-token:0 (2.93.3) 2026-02-02T15:20:20.585Z #_useSession begin
GoTrueClient@sb-bgxknceshxxifwytalex-auth-token:0 (2.93.3) 2026-02-02T15:20:20.585Z #__loadSession() begin

[90mstdout[2m | tests/property/scoped-roles-processing-efficiency.test.ts[2m > [22m[2mProperty 10: Scoped Roles Processing Efficiency[2m > [22m[2mProperty 10.9: Batch role hierarchy queries should maintain consistency
[22m[39mGoTrueClient@sb-bgxknceshxxifwytalex-auth-token:0 (2.93.3) 2026-02-02T15:20:20.585Z #getSession() session from storage [1mnull[22m
GoTrueClient@sb-bgxknceshxxifwytalex-auth-token:0 (2.93.3) 2026-02-02T15:20:20.585Z #__loadSession() end

[90mstdout[2m | tests/property/scoped-roles-processing-efficiency.test.ts[2m > [22m[2mProperty 10: Scoped Roles Processing Efficiency[2m > [22m[2mProperty 10.9: Batch role hierarchy queries should maintain consistency
[22m[39mGoTrueClient@sb-bgxknceshxxifwytalex-auth-token:0 (2.93.3) 2026-02-02T15:20:20.585Z #_useSession end

[90mstdout[2m | tests/property/scoped-roles-processing-efficiency.test.ts[2m > [22m[2mProperty 10: Scoped Roles Processing Efficiency[2m > [22m[2mProperty 10.9: Batch role hierarchy queries should maintain consistency
[22m[39mGoTrueClient@sb-bgxknceshxxifwytalex-auth-token:0 (2.93.3) 2026-02-02T15:20:20.585Z #_useSession begin
GoTrueClient@sb-bgxknceshxxifwytalex-auth-token:0 (2.93.3) 2026-02-02T15:20:20.585Z #__loadSession() begin

[90mstdout[2m | tests/property/scoped-roles-processing-efficiency.test.ts[2m > [22m[2mProperty 10: Scoped Roles Processing Efficiency[2m > [22m[2mProperty 10.9: Batch role hierarchy queries should maintain consistency
[22m[39mGoTrueClient@sb-bgxknceshxxifwytalex-auth-token:0 (2.93.3) 2026-02-02T15:20:20.585Z #getSession() session from storage [1mnull[22m
GoTrueClient@sb-bgxknceshxxifwytalex-auth-token:0 (2.93.3) 2026-02-02T15:20:20.585Z #__loadSession() end

[90mstdout[2m | tests/property/scoped-roles-processing-efficiency.test.ts[2m > [22m[2mProperty 10: Scoped Roles Processing Efficiency[2m > [22m[2mProperty 10.9: Batch role hierarchy queries should maintain consistency
[22m[39mGoTrueClient@sb-bgxknceshxxifwytalex-auth-token:0 (2.93.3) 2026-02-02T15:20:20.585Z #_useSession end

[90mstdout[2m | tests/property/scoped-roles-processing-efficiency.test.ts[2m > [22m[2mProperty 10: Scoped Roles Processing Efficiency[2m > [22m[2mProperty 10.9: Batch role hierarchy queries should maintain consistency
[22m[39mGoTrueClient@sb-bgxknceshxxifwytalex-auth-token:0 (2.93.3) 2026-02-02T15:20:20.585Z #_useSession begin
GoTrueClient@sb-bgxknceshxxifwytalex-auth-token:0 (2.93.3) 2026-02-02T15:20:20.585Z #__loadSession() begin

[90mstdout[2m | tests/property/scoped-roles-processing-efficiency.test.ts[2m > [22m[2mProperty 10: Scoped Roles Processing Efficiency[2m > [22m[2mProperty 10.9: Batch role hierarchy queries should maintain consistency
[22m[39mGoTrueClient@sb-bgxknceshxxifwytalex-auth-token:0 (2.93.3) 2026-02-02T15:20:20.586Z #getSession() session from storage [1mnull[22m
GoTrueClient@sb-bgxknceshxxifwytalex-auth-token:0 (2.93.3) 2026-02-02T15:20:20.586Z #__loadSession() end

[90mstdout[2m | tests/property/scoped-roles-processing-efficiency.test.ts[2m > [22m[2mProperty 10: Scoped Roles Processing Efficiency[2m > [22m[2mProperty 10.9: Batch role hierarchy queries should maintain consistency
[22m[39mGoTrueClient@sb-bgxknceshxxifwytalex-auth-token:0 (2.93.3) 2026-02-02T15:20:20.586Z #_useSession end

[90mstdout[2m | tests/property/scoped-roles-processing-efficiency.test.ts[2m > [22m[2mProperty 10: Scoped Roles Processing Efficiency[2m > [22m[2mProperty 10.9: Batch role hierarchy queries should maintain consistency
[22m[39mGoTrueClient@sb-bgxknceshxxifwytalex-auth-token:0 (2.93.3) 2026-02-02T15:20:20.586Z #_useSession begin
GoTrueClient@sb-bgxknceshxxifwytalex-auth-token:0 (2.93.3) 2026-02-02T15:20:20.586Z #__loadSession() begin

[90mstdout[2m | tests/property/scoped-roles-processing-efficiency.test.ts[2m > [22m[2mProperty 10: Scoped Roles Processing Efficiency[2m > [22m[2mProperty 10.9: Batch role hierarchy queries should maintain consistency
[22m[39mGoTrueClient@sb-bgxknceshxxifwytalex-auth-token:0 (2.93.3) 2026-02-02T15:20:20.586Z #getSession() session from storage [1mnull[22m
GoTrueClient@sb-bgxknceshxxifwytalex-auth-token:0 (2.93.3) 2026-02-02T15:20:20.586Z #__loadSession() end

[90mstdout[2m | tests/property/scoped-roles-processing-efficiency.test.ts[2m > [22m[2mProperty 10: Scoped Roles Processing Efficiency[2m > [22m[2mProperty 10.9: Batch role hierarchy queries should maintain consistency
[22m[39mGoTrueClient@sb-bgxknceshxxifwytalex-auth-token:0 (2.93.3) 2026-02-02T15:20:20.586Z #_useSession end

[90mstdout[2m | tests/property/scoped-roles-processing-efficiency.test.ts[2m > [22m[2mProperty 10: Scoped Roles Processing Efficiency[2m > [22m[2mProperty 10.9: Batch role hierarchy queries should maintain consistency
[22m[39mGoTrueClient@sb-bgxknceshxxifwytalex-auth-token:0 (2.93.3) 2026-02-02T15:20:20.586Z #_useSession begin
GoTrueClient@sb-bgxknceshxxifwytalex-auth-token:0 (2.93.3) 2026-02-02T15:20:20.586Z #__loadSession() begin

[90mstdout[2m | tests/property/scoped-roles-processing-efficiency.test.ts[2m > [22m[2mProperty 10: Scoped Roles Processing Efficiency[2m > [22m[2mProperty 10.9: Batch role hierarchy queries should maintain consistency
[22m[39mGoTrueClient@sb-bgxknceshxxifwytalex-auth-token:0 (2.93.3) 2026-02-02T15:20:20.586Z #getSession() session from storage [1mnull[22m
GoTrueClient@sb-bgxknceshxxifwytalex-auth-token:0 (2.93.3) 2026-02-02T15:20:20.586Z #__loadSession() end

[90mstdout[2m | tests/property/scoped-roles-processing-efficiency.test.ts[2m > [22m[2mProperty 10: Scoped Roles Processing Efficiency[2m > [22m[2mProperty 10.9: Batch role hierarchy queries should maintain consistency
[22m[39mGoTrueClient@sb-bgxknceshxxifwytalex-auth-token:0 (2.93.3) 2026-02-02T15:20:20.587Z #_useSession end

[90mstdout[2m | tests/property/scoped-roles-processing-efficiency.test.ts[2m > [22m[2mProperty 10: Scoped Roles Processing Efficiency[2m > [22m[2mProperty 10.9: Batch role hierarchy queries should maintain consistency
[22m[39mGoTrueClient@sb-bgxknceshxxifwytalex-auth-token:0 (2.93.3) 2026-02-02T15:20:20.587Z #_useSession begin
GoTrueClient@sb-bgxknceshxxifwytalex-auth-token:0 (2.93.3) 2026-02-02T15:20:20.587Z #__loadSession() begin

[90mstdout[2m | tests/property/scoped-roles-processing-efficiency.test.ts[2m > [22m[2mProperty 10: Scoped Roles Processing Efficiency[2m > [22m[2mProperty 10.9: Batch role hierarchy queries should maintain consistency
[22m[39mGoTrueClient@sb-bgxknceshxxifwytalex-auth-token:0 (2.93.3) 2026-02-02T15:20:20.587Z #getSession() session from storage [1mnull[22m
GoTrueClient@sb-bgxknceshxxifwytalex-auth-token:0 (2.93.3) 2026-02-02T15:20:20.587Z #__loadSession() end

[90mstdout[2m | tests/property/scoped-roles-processing-efficiency.test.ts[2m > [22m[2mProperty 10: Scoped Roles Processing Efficiency[2m > [22m[2mProperty 10.9: Batch role hierarchy queries should maintain consistency
[22m[39mGoTrueClient@sb-bgxknceshxxifwytalex-auth-token:0 (2.93.3) 2026-02-02T15:20:20.588Z #_useSession end

[90mstdout[2m | tests/property/scoped-roles-processing-efficiency.test.ts[2m > [22m[2mProperty 10: Scoped Roles Processing Efficiency[2m > [22m[2mProperty 10.9: Batch role hierarchy queries should maintain consistency
[22m[39mGoTrueClient@sb-bgxknceshxxifwytalex-auth-token:0 (2.93.3) 2026-02-02T15:20:20.588Z #_useSession begin
GoTrueClient@sb-bgxknceshxxifwytalex-auth-token:0 (2.93.3) 2026-02-02T15:20:20.588Z #__loadSession() begin

[90mstdout[2m | tests/property/scoped-roles-processing-efficiency.test.ts[2m > [22m[2mProperty 10: Scoped Roles Processing Efficiency[2m > [22m[2mProperty 10.9: Batch role hierarchy queries should maintain consistency
[22m[39mGoTrueClient@sb-bgxknceshxxifwytalex-auth-token:0 (2.93.3) 2026-02-02T15:20:20.588Z #getSession() session from storage [1mnull[22m
GoTrueClient@sb-bgxknceshxxifwytalex-auth-token:0 (2.93.3) 2026-02-02T15:20:20.588Z #__loadSession() end

[90mstdout[2m | tests/property/scoped-roles-processing-efficiency.test.ts[2m > [22m[2mProperty 10: Scoped Roles Processing Efficiency[2m > [22m[2mProperty 10.9: Batch role hierarchy queries should maintain consistency
[22m[39mGoTrueClient@sb-bgxknceshxxifwytalex-auth-token:0 (2.93.3) 2026-02-02T15:20:20.588Z #_useSession end

[90mstdout[2m | tests/property/scoped-roles-processing-efficiency.test.ts[2m > [22m[2mProperty 10: Scoped Roles Processing Efficiency[2m > [22m[2mProperty 10.9: Batch role hierarchy queries should maintain consistency
[22m[39mGoTrueClient@sb-bgxknceshxxifwytalex-auth-token:0 (2.93.3) 2026-02-02T15:20:20.589Z #_useSession begin
GoTrueClient@sb-bgxknceshxxifwytalex-auth-token:0 (2.93.3) 2026-02-02T15:20:20.589Z #__loadSession() begin

[90mstdout[2m | tests/property/scoped-roles-processing-efficiency.test.ts[2m > [22m[2mProperty 10: Scoped Roles Processing Efficiency[2m > [22m[2mProperty 10.9: Batch role hierarchy queries should maintain consistency
[22m[39mGoTrueClient@sb-bgxknceshxxifwytalex-auth-token:0 (2.93.3) 2026-02-02T15:20:20.589Z #getSession() session from storage [1mnull[22m
GoTrueClient@sb-bgxknceshxxifwytalex-auth-token:0 (2.93.3) 2026-02-02T15:20:20.589Z #__loadSession() end

[90mstdout[2m | tests/property/scoped-roles-processing-efficiency.test.ts[2m > [22m[2mProperty 10: Scoped Roles Processing Efficiency[2m > [22m[2mProperty 10.9: Batch role hierarchy queries should maintain consistency
[22m[39mGoTrueClient@sb-bgxknceshxxifwytalex-auth-token:0 (2.93.3) 2026-02-02T15:20:20.590Z #_useSession end

[90mstdout[2m | tests/property/scoped-roles-processing-efficiency.test.ts[2m > [22m[2mProperty 10: Scoped Roles Processing Efficiency[2m > [22m[2mProperty 10.9: Batch role hierarchy queries should maintain consistency
[22m[39mGoTrueClient@sb-bgxknceshxxifwytalex-auth-token:0 (2.93.3) 2026-02-02T15:20:20.590Z #_useSession begin
GoTrueClient@sb-bgxknceshxxifwytalex-auth-token:0 (2.93.3) 2026-02-02T15:20:20.590Z #__loadSession() begin

[90mstdout[2m | tests/property/scoped-roles-processing-efficiency.test.ts[2m > [22m[2mProperty 10: Scoped Roles Processing Efficiency[2m > [22m[2mProperty 10.9: Batch role hierarchy queries should maintain consistency
[22m[39mGoTrueClient@sb-bgxknceshxxifwytalex-auth-token:0 (2.93.3) 2026-02-02T15:20:20.590Z #getSession() session from storage [1mnull[22m
GoTrueClient@sb-bgxknceshxxifwytalex-auth-token:0 (2.93.3) 2026-02-02T15:20:20.590Z #__loadSession() end

[90mstdout[2m | tests/property/scoped-roles-processing-efficiency.test.ts[2m > [22m[2mProperty 10: Scoped Roles Processing Efficiency[2m > [22m[2mProperty 10.9: Batch role hierarchy queries should maintain consistency
[22m[39mGoTrueClient@sb-bgxknceshxxifwytalex-auth-token:0 (2.93.3) 2026-02-02T15:20:20.590Z #_useSession end

[90mstdout[2m | tests/property/scoped-roles-processing-efficiency.test.ts[2m > [22m[2mProperty 10: Scoped Roles Processing Efficiency[2m > [22m[2mProperty 10.9: Batch role hierarchy queries should maintain consistency
[22m[39mGoTrueClient@sb-bgxknceshxxifwytalex-auth-token:0 (2.93.3) 2026-02-02T15:20:20.591Z #_useSession begin
GoTrueClient@sb-bgxknceshxxifwytalex-auth-token:0 (2.93.3) 2026-02-02T15:20:20.591Z #__loadSession() begin

[90mstdout[2m | tests/property/scoped-roles-processing-efficiency.test.ts[2m > [22m[2mProperty 10: Scoped Roles Processing Efficiency[2m > [22m[2mProperty 10.9: Batch role hierarchy queries should maintain consistency
[22m[39mGoTrueClient@sb-bgxknceshxxifwytalex-auth-token:0 (2.93.3) 2026-02-02T15:20:20.591Z #getSession() session from storage [1mnull[22m
GoTrueClient@sb-bgxknceshxxifwytalex-auth-token:0 (2.93.3) 2026-02-02T15:20:20.591Z #__loadSession() end

[90mstdout[2m | tests/property/scoped-roles-processing-efficiency.test.ts[2m > [22m[2mProperty 10: Scoped Roles Processing Efficiency[2m > [22m[2mProperty 10.9: Batch role hierarchy queries should maintain consistency
[22m[39mGoTrueClient@sb-bgxknceshxxifwytalex-auth-token:0 (2.93.3) 2026-02-02T15:20:20.591Z #_useSession end

[90mstdout[2m | tests/property/scoped-roles-processing-efficiency.test.ts[2m > [22m[2mProperty 10: Scoped Roles Processing Efficiency[2m > [22m[2mProperty 10.9: Batch role hierarchy queries should maintain consistency
[22m[39mGoTrueClient@sb-bgxknceshxxifwytalex-auth-token:0 (2.93.3) 2026-02-02T15:20:20.592Z #_useSession begin
GoTrueClient@sb-bgxknceshxxifwytalex-auth-token:0 (2.93.3) 2026-02-02T15:20:20.592Z #__loadSession() begin

[90mstdout[2m | tests/property/scoped-roles-processing-efficiency.test.ts[2m > [22m[2mProperty 10: Scoped Roles Processing Efficiency[2m > [22m[2mProperty 10.9: Batch role hierarchy queries should maintain consistency
[22m[39mGoTrueClient@sb-bgxknceshxxifwytalex-auth-token:0 (2.93.3) 2026-02-02T15:20:20.592Z #getSession() session from storage [1mnull[22m
GoTrueClient@sb-bgxknceshxxifwytalex-auth-token:0 (2.93.3) 2026-02-02T15:20:20.592Z #__loadSession() end

[90mstdout[2m | tests/property/scoped-roles-processing-efficiency.test.ts[2m > [22m[2mProperty 10: Scoped Roles Processing Efficiency[2m > [22m[2mProperty 10.9: Batch role hierarchy queries should maintain consistency
[22m[39mGoTrueClient@sb-bgxknceshxxifwytalex-auth-token:0 (2.93.3) 2026-02-02T15:20:20.592Z #_useSession end

[90mstdout[2m | tests/property/scoped-roles-processing-efficiency.test.ts[2m > [22m[2mProperty 10: Scoped Roles Processing Efficiency[2m > [22m[2mProperty 10.9: Batch role hierarchy queries should maintain consistency
[22m[39mGoTrueClient@sb-bgxknceshxxifwytalex-auth-token:0 (2.93.3) 2026-02-02T15:20:20.592Z #_useSession begin
GoTrueClient@sb-bgxknceshxxifwytalex-auth-token:0 (2.93.3) 2026-02-02T15:20:20.592Z #__loadSession() begin

[90mstdout[2m | tests/property/scoped-roles-processing-efficiency.test.ts[2m > [22m[2mProperty 10: Scoped Roles Processing Efficiency[2m > [22m[2mProperty 10.9: Batch role hierarchy queries should maintain consistency
[22m[39mGoTrueClient@sb-bgxknceshxxifwytalex-auth-token:0 (2.93.3) 2026-02-02T15:20:20.592Z #getSession() session from storage [1mnull[22m
GoTrueClient@sb-bgxknceshxxifwytalex-auth-token:0 (2.93.3) 2026-02-02T15:20:20.592Z #__loadSession() end

[90mstdout[2m | tests/property/scoped-roles-processing-efficiency.test.ts[2m > [22m[2mProperty 10: Scoped Roles Processing Efficiency[2m > [22m[2mProperty 10.9: Batch role hierarchy queries should maintain consistency
[22m[39mGoTrueClient@sb-bgxknceshxxifwytalex-auth-token:0 (2.93.3) 2026-02-02T15:20:20.593Z #_useSession end

[90mstdout[2m | tests/property/scoped-roles-processing-efficiency.test.ts[2m > [22m[2mProperty 10: Scoped Roles Processing Efficiency[2m > [22m[2mProperty 10.9: Batch role hierarchy queries should maintain consistency
[22m[39mGoTrueClient@sb-bgxknceshxxifwytalex-auth-token:0 (2.93.3) 2026-02-02T15:20:20.593Z #_useSession begin
GoTrueClient@sb-bgxknceshxxifwytalex-auth-token:0 (2.93.3) 2026-02-02T15:20:20.593Z #__loadSession() begin

[90mstdout[2m | tests/property/scoped-roles-processing-efficiency.test.ts[2m > [22m[2mProperty 10: Scoped Roles Processing Efficiency[2m > [22m[2mProperty 10.9: Batch role hierarchy queries should maintain consistency
[22m[39mGoTrueClient@sb-bgxknceshxxifwytalex-auth-token:0 (2.93.3) 2026-02-02T15:20:20.593Z #getSession() session from storage [1mnull[22m
GoTrueClient@sb-bgxknceshxxifwytalex-auth-token:0 (2.93.3) 2026-02-02T15:20:20.593Z #__loadSession() end

[90mstdout[2m | tests/property/scoped-roles-processing-efficiency.test.ts[2m > [22m[2mProperty 10: Scoped Roles Processing Efficiency[2m > [22m[2mProperty 10.9: Batch role hierarchy queries should maintain consistency
[22m[39mGoTrueClient@sb-bgxknceshxxifwytalex-auth-token:0 (2.93.3) 2026-02-02T15:20:20.593Z #_useSession end

[90mstdout[2m | tests/property/scoped-roles-processing-efficiency.test.ts[2m > [22m[2mProperty 10: Scoped Roles Processing Efficiency[2m > [22m[2mProperty 10.9: Batch role hierarchy queries should maintain consistency
[22m[39mGoTrueClient@sb-bgxknceshxxifwytalex-auth-token:0 (2.93.3) 2026-02-02T15:20:20.593Z #_useSession begin
GoTrueClient@sb-bgxknceshxxifwytalex-auth-token:0 (2.93.3) 2026-02-02T15:20:20.593Z #__loadSession() begin

[90mstdout[2m | tests/property/scoped-roles-processing-efficiency.test.ts[2m > [22m[2mProperty 10: Scoped Roles Processing Efficiency[2m > [22m[2mProperty 10.9: Batch role hierarchy queries should maintain consistency
[22m[39mGoTrueClient@sb-bgxknceshxxifwytalex-auth-token:0 (2.93.3) 2026-02-02T15:20:20.593Z #getSession() session from storage [1mnull[22m
GoTrueClient@sb-bgxknceshxxifwytalex-auth-token:0 (2.93.3) 2026-02-02T15:20:20.593Z #__loadSession() end

[90mstdout[2m | tests/property/scoped-roles-processing-efficiency.test.ts[2m > [22m[2mProperty 10: Scoped Roles Processing Efficiency[2m > [22m[2mProperty 10.9: Batch role hierarchy queries should maintain consistency
[22m[39mGoTrueClient@sb-bgxknceshxxifwytalex-auth-token:0 (2.93.3) 2026-02-02T15:20:20.594Z #_useSession end

[90mstdout[2m | tests/property/scoped-roles-processing-efficiency.test.ts[2m > [22m[2mProperty 10: Scoped Roles Processing Efficiency[2m > [22m[2mProperty 10.9: Batch role hierarchy queries should maintain consistency
[22m[39mGoTrueClient@sb-bgxknceshxxifwytalex-auth-token:0 (2.93.3) 2026-02-02T15:20:20.594Z #_useSession begin
GoTrueClient@sb-bgxknceshxxifwytalex-auth-token:0 (2.93.3) 2026-02-02T15:20:20.594Z #__loadSession() begin

[90mstdout[2m | tests/property/scoped-roles-processing-efficiency.test.ts[2m > [22m[2mProperty 10: Scoped Roles Processing Efficiency[2m > [22m[2mProperty 10.9: Batch role hierarchy queries should maintain consistency
[22m[39mGoTrueClient@sb-bgxknceshxxifwytalex-auth-token:0 (2.93.3) 2026-02-02T15:20:20.594Z #getSession() session from storage [1mnull[22m
GoTrueClient@sb-bgxknceshxxifwytalex-auth-token:0 (2.93.3) 2026-02-02T15:20:20.594Z #__loadSession() end

[90mstdout[2m | tests/property/scoped-roles-processing-efficiency.test.ts[2m > [22m[2mProperty 10: Scoped Roles Processing Efficiency[2m > [22m[2mProperty 10.9: Batch role hierarchy queries should maintain consistency
[22m[39mGoTrueClient@sb-bgxknceshxxifwytalex-auth-token:0 (2.93.3) 2026-02-02T15:20:20.594Z #_useSession end

[90mstdout[2m | tests/property/scoped-roles-processing-efficiency.test.ts[2m > [22m[2mProperty 10: Scoped Roles Processing Efficiency[2m > [22m[2mProperty 10.9: Batch role hierarchy queries should maintain consistency
[22m[39mGoTrueClient@sb-bgxknceshxxifwytalex-auth-token:0 (2.93.3) 2026-02-02T15:20:20.594Z #_useSession begin
GoTrueClient@sb-bgxknceshxxifwytalex-auth-token:0 (2.93.3) 2026-02-02T15:20:20.594Z #__loadSession() begin

[90mstdout[2m | tests/property/scoped-roles-processing-efficiency.test.ts[2m > [22m[2mProperty 10: Scoped Roles Processing Efficiency[2m > [22m[2mProperty 10.9: Batch role hierarchy queries should maintain consistency
[22m[39mGoTrueClient@sb-bgxknceshxxifwytalex-auth-token:0 (2.93.3) 2026-02-02T15:20:20.594Z #getSession() session from storage [1mnull[22m
GoTrueClient@sb-bgxknceshxxifwytalex-auth-token:0 (2.93.3) 2026-02-02T15:20:20.594Z #__loadSession() end

[90mstdout[2m | tests/property/scoped-roles-processing-efficiency.test.ts[2m > [22m[2mProperty 10: Scoped Roles Processing Efficiency[2m > [22m[2mProperty 10.9: Batch role hierarchy queries should maintain consistency
[22m[39mGoTrueClient@sb-bgxknceshxxifwytalex-auth-token:0 (2.93.3) 2026-02-02T15:20:20.595Z #_useSession end

[90mstdout[2m | tests/property/scoped-roles-processing-efficiency.test.ts[2m > [22m[2mProperty 10: Scoped Roles Processing Efficiency[2m > [22m[2mProperty 10.9: Batch role hierarchy queries should maintain consistency
[22m[39mGoTrueClient@sb-bgxknceshxxifwytalex-auth-token:0 (2.93.3) 2026-02-02T15:20:20.595Z #_useSession begin
GoTrueClient@sb-bgxknceshxxifwytalex-auth-token:0 (2.93.3) 2026-02-02T15:20:20.595Z #__loadSession() begin

[90mstdout[2m | tests/property/scoped-roles-processing-efficiency.test.ts[2m > [22m[2mProperty 10: Scoped Roles Processing Efficiency[2m > [22m[2mProperty 10.9: Batch role hierarchy queries should maintain consistency
[22m[39mGoTrueClient@sb-bgxknceshxxifwytalex-auth-token:0 (2.93.3) 2026-02-02T15:20:20.595Z #getSession() session from storage [1mnull[22m
GoTrueClient@sb-bgxknceshxxifwytalex-auth-token:0 (2.93.3) 2026-02-02T15:20:20.595Z #__loadSession() end

[90mstdout[2m | tests/property/scoped-roles-processing-efficiency.test.ts[2m > [22m[2mProperty 10: Scoped Roles Processing Efficiency[2m > [22m[2mProperty 10.9: Batch role hierarchy queries should maintain consistency
[22m[39mGoTrueClient@sb-bgxknceshxxifwytalex-auth-token:0 (2.93.3) 2026-02-02T15:20:20.595Z #_useSession end

[90mstdout[2m | tests/property/scoped-roles-processing-efficiency.test.ts[2m > [22m[2mProperty 10: Scoped Roles Processing Efficiency[2m > [22m[2mProperty 10.9: Batch role hierarchy queries should maintain consistency
[22m[39mGoTrueClient@sb-bgxknceshxxifwytalex-auth-token:0 (2.93.3) 2026-02-02T15:20:20.595Z #_useSession begin
GoTrueClient@sb-bgxknceshxxifwytalex-auth-token:0 (2.93.3) 2026-02-02T15:20:20.595Z #__loadSession() begin

[90mstdout[2m | tests/property/scoped-roles-processing-efficiency.test.ts[2m > [22m[2mProperty 10: Scoped Roles Processing Efficiency[2m > [22m[2mProperty 10.9: Batch role hierarchy queries should maintain consistency
[22m[39mGoTrueClient@sb-bgxknceshxxifwytalex-auth-token:0 (2.93.3) 2026-02-02T15:20:20.595Z #getSession() session from storage [1mnull[22m
GoTrueClient@sb-bgxknceshxxifwytalex-auth-token:0 (2.93.3) 2026-02-02T15:20:20.595Z #__loadSession() end

[90mstdout[2m | tests/property/scoped-roles-processing-efficiency.test.ts[2m > [22m[2mProperty 10: Scoped Roles Processing Efficiency[2m > [22m[2mProperty 10.9: Batch role hierarchy queries should maintain consistency
[22m[39mGoTrueClient@sb-bgxknceshxxifwytalex-auth-token:0 (2.93.3) 2026-02-02T15:20:20.596Z #_useSession end

[90mstdout[2m | tests/property/scoped-roles-processing-efficiency.test.ts[2m > [22m[2mProperty 10: Scoped Roles Processing Efficiency[2m > [22m[2mProperty 10.9: Batch role hierarchy queries should maintain consistency
[22m[39mGoTrueClient@sb-bgxknceshxxifwytalex-auth-token:0 (2.93.3) 2026-02-02T15:20:20.596Z #_useSession begin
GoTrueClient@sb-bgxknceshxxifwytalex-auth-token:0 (2.93.3) 2026-02-02T15:20:20.596Z #__loadSession() begin

[90mstdout[2m | tests/property/scoped-roles-processing-efficiency.test.ts[2m > [22m[2mProperty 10: Scoped Roles Processing Efficiency[2m > [22m[2mProperty 10.9: Batch role hierarchy queries should maintain consistency
[22m[39mGoTrueClient@sb-bgxknceshxxifwytalex-auth-token:0 (2.93.3) 2026-02-02T15:20:20.596Z #getSession() session from storage [1mnull[22m
GoTrueClient@sb-bgxknceshxxifwytalex-auth-token:0 (2.93.3) 2026-02-02T15:20:20.596Z #__loadSession() end

[90mstdout[2m | tests/property/scoped-roles-processing-efficiency.test.ts[2m > [22m[2mProperty 10: Scoped Roles Processing Efficiency[2m > [22m[2mProperty 10.9: Batch role hierarchy queries should maintain consistency
[22m[39mGoTrueClient@sb-bgxknceshxxifwytalex-auth-token:0 (2.93.3) 2026-02-02T15:20:20.596Z #_useSession end

[90mstdout[2m | tests/property/scoped-roles-processing-efficiency.test.ts[2m > [22m[2mProperty 10: Scoped Roles Processing Efficiency[2m > [22m[2mProperty 10.9: Batch role hierarchy queries should maintain consistency
[22m[39mGoTrueClient@sb-bgxknceshxxifwytalex-auth-token:0 (2.93.3) 2026-02-02T15:20:20.596Z #_useSession begin
GoTrueClient@sb-bgxknceshxxifwytalex-auth-token:0 (2.93.3) 2026-02-02T15:20:20.596Z #__loadSession() begin

[90mstdout[2m | tests/property/scoped-roles-processing-efficiency.test.ts[2m > [22m[2mProperty 10: Scoped Roles Processing Efficiency[2m > [22m[2mProperty 10.9: Batch role hierarchy queries should maintain consistency
[22m[39mGoTrueClient@sb-bgxknceshxxifwytalex-auth-token:0 (2.93.3) 2026-02-02T15:20:20.596Z #getSession() session from storage [1mnull[22m
GoTrueClient@sb-bgxknceshxxifwytalex-auth-token:0 (2.93.3) 2026-02-02T15:20:20.596Z #__loadSession() end

[90mstdout[2m | tests/property/scoped-roles-processing-efficiency.test.ts[2m > [22m[2mProperty 10: Scoped Roles Processing Efficiency[2m > [22m[2mProperty 10.9: Batch role hierarchy queries should maintain consistency
[22m[39mGoTrueClient@sb-bgxknceshxxifwytalex-auth-token:0 (2.93.3) 2026-02-02T15:20:20.597Z #_useSession end

[90mstdout[2m | tests/property/scoped-roles-processing-efficiency.test.ts[2m > [22m[2mProperty 10: Scoped Roles Processing Efficiency[2m > [22m[2mProperty 10.9: Batch role hierarchy queries should maintain consistency
[22m[39mGoTrueClient@sb-bgxknceshxxifwytalex-auth-token:0 (2.93.3) 2026-02-02T15:20:20.597Z #_useSession begin
GoTrueClient@sb-bgxknceshxxifwytalex-auth-token:0 (2.93.3) 2026-02-02T15:20:20.597Z #__loadSession() begin

[90mstdout[2m | tests/property/scoped-roles-processing-efficiency.test.ts[2m > [22m[2mProperty 10: Scoped Roles Processing Efficiency[2m > [22m[2mProperty 10.9: Batch role hierarchy queries should maintain consistency
[22m[39mGoTrueClient@sb-bgxknceshxxifwytalex-auth-token:0 (2.93.3) 2026-02-02T15:20:20.597Z #getSession() session from storage [1mnull[22m
GoTrueClient@sb-bgxknceshxxifwytalex-auth-token:0 (2.93.3) 2026-02-02T15:20:20.597Z #__loadSession() end

[90mstdout[2m | tests/property/scoped-roles-processing-efficiency.test.ts[2m > [22m[2mProperty 10: Scoped Roles Processing Efficiency[2m > [22m[2mProperty 10.9: Batch role hierarchy queries should maintain consistency
[22m[39mGoTrueClient@sb-bgxknceshxxifwytalex-auth-token:0 (2.93.3) 2026-02-02T15:20:20.597Z #_useSession end

[90mstdout[2m | tests/property/scoped-roles-processing-efficiency.test.ts[2m > [22m[2mProperty 10: Scoped Roles Processing Efficiency[2m > [22m[2mProperty 10.9: Batch role hierarchy queries should maintain consistency
[22m[39mGoTrueClient@sb-bgxknceshxxifwytalex-auth-token:0 (2.93.3) 2026-02-02T15:20:20.597Z #_useSession begin
GoTrueClient@sb-bgxknceshxxifwytalex-auth-token:0 (2.93.3) 2026-02-02T15:20:20.597Z #__loadSession() begin

[90mstdout[2m | tests/property/scoped-roles-processing-efficiency.test.ts[2m > [22m[2mProperty 10: Scoped Roles Processing Efficiency[2m > [22m[2mProperty 10.9: Batch role hierarchy queries should maintain consistency
[22m[39mGoTrueClient@sb-bgxknceshxxifwytalex-auth-token:0 (2.93.3) 2026-02-02T15:20:20.597Z #getSession() session from storage [1mnull[22m
GoTrueClient@sb-bgxknceshxxifwytalex-auth-token:0 (2.93.3) 2026-02-02T15:20:20.597Z #__loadSession() end

[90mstdout[2m | tests/property/scoped-roles-processing-efficiency.test.ts[2m > [22m[2mProperty 10: Scoped Roles Processing Efficiency[2m > [22m[2mProperty 10.9: Batch role hierarchy queries should maintain consistency
[22m[39mGoTrueClient@sb-bgxknceshxxifwytalex-auth-token:0 (2.93.3) 2026-02-02T15:20:20.598Z #_useSession end

[90mstdout[2m | tests/property/scoped-roles-processing-efficiency.test.ts[2m > [22m[2mProperty 10: Scoped Roles Processing Efficiency[2m > [22m[2mProperty 10.9: Batch role hierarchy queries should maintain consistency
[22m[39mGoTrueClient@sb-bgxknceshxxifwytalex-auth-token:0 (2.93.3) 2026-02-02T15:20:20.598Z #_acquireLock lock released for storage key sb-bgxknceshxxifwytalex-auth-token

[90mstdout[2m | tests/property/scoped-roles-processing-efficiency.test.ts[2m > [22m[2mProperty 10: Scoped Roles Processing Efficiency[2m > [22m[2mProperty 10.9: Batch role hierarchy queries should maintain consistency
[22m[39mGoTrueClient@sb-bgxknceshxxifwytalex-auth-token:0 (2.93.3) 2026-02-02T15:20:20.598Z #_acquireLock end

[90mstdout[2m | tests/property/scoped-roles-processing-efficiency.test.ts[2m > [22m[2mProperty 10: Scoped Roles Processing Efficiency[2m > [22m[2mProperty 10.9: Batch role hierarchy queries should maintain consistency
[22m[39mGoTrueClient@sb-bgxknceshxxifwytalex-auth-token:0 (2.93.3) 2026-02-02T15:20:20.603Z #_acquireLock begin [33m10000[39m
GoTrueClient@sb-bgxknceshxxifwytalex-auth-token:0 (2.93.3) 2026-02-02T15:20:20.603Z #_acquireLock lock acquired for storage key sb-bgxknceshxxifwytalex-auth-token
GoTrueClient@sb-bgxknceshxxifwytalex-auth-token:0 (2.93.3) 2026-02-02T15:20:20.603Z #_useSession begin
GoTrueClient@sb-bgxknceshxxifwytalex-auth-token:0 (2.93.3) 2026-02-02T15:20:20.603Z #__loadSession() begin

[90mstdout[2m | tests/property/scoped-roles-processing-efficiency.test.ts[2m > [22m[2mProperty 10: Scoped Roles Processing Efficiency[2m > [22m[2mProperty 10.9: Batch role hierarchy queries should maintain consistency
[22m[39mGoTrueClient@sb-bgxknceshxxifwytalex-auth-token:0 (2.93.3) 2026-02-02T15:20:20.603Z #getSession() session from storage [1mnull[22m
GoTrueClient@sb-bgxknceshxxifwytalex-auth-token:0 (2.93.3) 2026-02-02T15:20:20.603Z #__loadSession() end

[90mstdout[2m | tests/property/scoped-roles-processing-efficiency.test.ts[2m > [22m[2mProperty 10: Scoped Roles Processing Efficiency[2m > [22m[2mProperty 10.9: Batch role hierarchy queries should maintain consistency
[22m[39mGoTrueClient@sb-bgxknceshxxifwytalex-auth-token:0 (2.93.3) 2026-02-02T15:20:20.603Z #_useSession end

[90mstdout[2m | tests/property/scoped-roles-processing-efficiency.test.ts[2m > [22m[2mProperty 10: Scoped Roles Processing Efficiency[2m > [22m[2mProperty 10.9: Batch role hierarchy queries should maintain consistency
[22m[39mGoTrueClient@sb-bgxknceshxxifwytalex-auth-token:0 (2.93.3) 2026-02-02T15:20:20.603Z #_acquireLock lock released for storage key sb-bgxknceshxxifwytalex-auth-token

[90mstdout[2m | tests/property/scoped-roles-processing-efficiency.test.ts[2m > [22m[2mProperty 10: Scoped Roles Processing Efficiency[2m > [22m[2mProperty 10.9: Batch role hierarchy queries should maintain consistency
[22m[39mGoTrueClient@sb-bgxknceshxxifwytalex-auth-token:0 (2.93.3) 2026-02-02T15:20:20.603Z #_acquireLock end

stderr | tests/property/scoped-roles-processing-efficiency.test.ts > Property 10: Scoped Roles Processing Efficiency > Property 10.9: Batch role hierarchy queries should maintain consistency
Error fetching org roles: {
  code: 'PGRST200',
  details: "Searched for a foreign key relationship between 'org_roles' and 'user_profiles' in the schema 'public', but no matches were found.",
  hint: null,
  message: "Could not find a relationship between 'org_roles' and 'user_profiles' in the schema cache"
}

[90mstdout[2m | tests/property/scoped-roles-processing-efficiency.test.ts[2m > [22m[2mProperty 10: Scoped Roles Processing Efficiency[2m > [22m[2mProperty 10.9: Batch role hierarchy queries should maintain consistency
[22m[39mGoTrueClient@sb-bgxknceshxxifwytalex-auth-token:0 (2.93.3) 2026-02-02T15:20:20.608Z #_acquireLock begin [33m10000[39m
GoTrueClient@sb-bgxknceshxxifwytalex-auth-token:0 (2.93.3) 2026-02-02T15:20:20.608Z #_acquireLock lock acquired for storage key sb-bgxknceshxxifwytalex-auth-token
GoTrueClient@sb-bgxknceshxxifwytalex-auth-token:0 (2.93.3) 2026-02-02T15:20:20.608Z #_useSession begin
GoTrueClient@sb-bgxknceshxxifwytalex-auth-token:0 (2.93.3) 2026-02-02T15:20:20.608Z #__loadSession() begin

[90mstdout[2m | tests/property/scoped-roles-processing-efficiency.test.ts[2m > [22m[2mProperty 10: Scoped Roles Processing Efficiency[2m > [22m[2mProperty 10.9: Batch role hierarchy queries should maintain consistency
[22m[39mGoTrueClient@sb-bgxknceshxxifwytalex-auth-token:0 (2.93.3) 2026-02-02T15:20:20.608Z #getSession() session from storage [1mnull[22m
GoTrueClient@sb-bgxknceshxxifwytalex-auth-token:0 (2.93.3) 2026-02-02T15:20:20.608Z #__loadSession() end

[90mstdout[2m | tests/property/scoped-roles-processing-efficiency.test.ts[2m > [22m[2mProperty 10: Scoped Roles Processing Efficiency[2m > [22m[2mProperty 10.9: Batch role hierarchy queries should maintain consistency
[22m[39mGoTrueClient@sb-bgxknceshxxifwytalex-auth-token:0 (2.93.3) 2026-02-02T15:20:20.608Z #_useSession end

[90mstdout[2m | tests/property/scoped-roles-processing-efficiency.test.ts[2m > [22m[2mProperty 10: Scoped Roles Processing Efficiency[2m > [22m[2mProperty 10.9: Batch role hierarchy queries should maintain consistency
[22m[39mGoTrueClient@sb-bgxknceshxxifwytalex-auth-token:0 (2.93.3) 2026-02-02T15:20:20.608Z #_acquireLock lock released for storage key sb-bgxknceshxxifwytalex-auth-token

[90mstdout[2m | tests/property/scoped-roles-processing-efficiency.test.ts[2m > [22m[2mProperty 10: Scoped Roles Processing Efficiency[2m > [22m[2mProperty 10.9: Batch role hierarchy queries should maintain consistency
[22m[39mGoTrueClient@sb-bgxknceshxxifwytalex-auth-token:0 (2.93.3) 2026-02-02T15:20:20.608Z #_acquireLock end

stderr | tests/property/scoped-roles-processing-efficiency.test.ts > Property 10: Scoped Roles Processing Efficiency > Property 10.9: Batch role hierarchy queries should maintain consistency
Error fetching project roles: {
  code: 'PGRST200',
  details: "Searched for a foreign key relationship between 'project_roles' and 'user_profiles' in the schema 'public', but no matches were found.",
  hint: null,
  message: "Could not find a relationship between 'project_roles' and 'user_profiles' in the schema cache"
}

[90mstdout[2m | tests/property/scoped-roles-processing-efficiency.test.ts[2m > [22m[2mProperty 10: Scoped Roles Processing Efficiency[2m > [22m[2mProperty 10.9: Batch role hierarchy queries should maintain consistency
[22m[39mGoTrueClient@sb-bgxknceshxxifwytalex-auth-token:0 (2.93.3) 2026-02-02T15:20:20.610Z #_acquireLock begin [33m10000[39m
GoTrueClient@sb-bgxknceshxxifwytalex-auth-token:0 (2.93.3) 2026-02-02T15:20:20.610Z #_acquireLock lock acquired for storage key sb-bgxknceshxxifwytalex-auth-token
GoTrueClient@sb-bgxknceshxxifwytalex-auth-token:0 (2.93.3) 2026-02-02T15:20:20.610Z #_useSession begin
GoTrueClient@sb-bgxknceshxxifwytalex-auth-token:0 (2.93.3) 2026-02-02T15:20:20.610Z #__loadSession() begin

[90mstdout[2m | tests/property/scoped-roles-processing-efficiency.test.ts[2m > [22m[2mProperty 10: Scoped Roles Processing Efficiency[2m > [22m[2mProperty 10.9: Batch role hierarchy queries should maintain consistency
[22m[39mGoTrueClient@sb-bgxknceshxxifwytalex-auth-token:0 (2.93.3) 2026-02-02T15:20:20.611Z #getSession() session from storage [1mnull[22m
GoTrueClient@sb-bgxknceshxxifwytalex-auth-token:0 (2.93.3) 2026-02-02T15:20:20.611Z #__loadSession() end

[90mstdout[2m | tests/property/scoped-roles-processing-efficiency.test.ts[2m > [22m[2mProperty 10: Scoped Roles Processing Efficiency[2m > [22m[2mProperty 10.9: Batch role hierarchy queries should maintain consistency
[22m[39mGoTrueClient@sb-bgxknceshxxifwytalex-auth-token:0 (2.93.3) 2026-02-02T15:20:20.611Z #_useSession end

[90mstdout[2m | tests/property/scoped-roles-processing-efficiency.test.ts[2m > [22m[2mProperty 10: Scoped Roles Processing Efficiency[2m > [22m[2mProperty 10.9: Batch role hierarchy queries should maintain consistency
[22m[39mGoTrueClient@sb-bgxknceshxxifwytalex-auth-token:0 (2.93.3) 2026-02-02T15:20:20.611Z #_acquireLock lock released for storage key sb-bgxknceshxxifwytalex-auth-token

[90mstdout[2m | tests/property/scoped-roles-processing-efficiency.test.ts[2m > [22m[2mProperty 10: Scoped Roles Processing Efficiency[2m > [22m[2mProperty 10.9: Batch role hierarchy queries should maintain consistency
[22m[39mGoTrueClient@sb-bgxknceshxxifwytalex-auth-token:0 (2.93.3) 2026-02-02T15:20:20.611Z #_acquireLock end

stderr | tests/property/scoped-roles-processing-efficiency.test.ts > Property 10: Scoped Roles Processing Efficiency > Property 10.9: Batch role hierarchy queries should maintain consistency
Error fetching org roles: {
  code: 'PGRST200',
  details: "Searched for a foreign key relationship between 'org_roles' and 'user_profiles' in the schema 'public', but no matches were found.",
  hint: null,
  message: "Could not find a relationship between 'org_roles' and 'user_profiles' in the schema cache"
}

[90mstdout[2m | tests/property/scoped-roles-processing-efficiency.test.ts[2m > [22m[2mProperty 10: Scoped Roles Processing Efficiency[2m > [22m[2mProperty 10.9: Batch role hierarchy queries should maintain consistency
[22m[39mGoTrueClient@sb-bgxknceshxxifwytalex-auth-token:0 (2.93.3) 2026-02-02T15:20:20.641Z #_acquireLock begin [33m10000[39m
GoTrueClient@sb-bgxknceshxxifwytalex-auth-token:0 (2.93.3) 2026-02-02T15:20:20.641Z #_acquireLock lock acquired for storage key sb-bgxknceshxxifwytalex-auth-token
GoTrueClient@sb-bgxknceshxxifwytalex-auth-token:0 (2.93.3) 2026-02-02T15:20:20.641Z #_useSession begin
GoTrueClient@sb-bgxknceshxxifwytalex-auth-token:0 (2.93.3) 2026-02-02T15:20:20.641Z #__loadSession() begin

[90mstdout[2m | tests/property/scoped-roles-processing-efficiency.test.ts[2m > [22m[2mProperty 10: Scoped Roles Processing Efficiency[2m > [22m[2mProperty 10.9: Batch role hierarchy queries should maintain consistency
[22m[39mGoTrueClient@sb-bgxknceshxxifwytalex-auth-token:0 (2.93.3) 2026-02-02T15:20:20.641Z #getSession() session from storage [1mnull[22m
GoTrueClient@sb-bgxknceshxxifwytalex-auth-token:0 (2.93.3) 2026-02-02T15:20:20.641Z #__loadSession() end

[90mstdout[2m | tests/property/scoped-roles-processing-efficiency.test.ts[2m > [22m[2mProperty 10: Scoped Roles Processing Efficiency[2m > [22m[2mProperty 10.9: Batch role hierarchy queries should maintain consistency
[22m[39mGoTrueClient@sb-bgxknceshxxifwytalex-auth-token:0 (2.93.3) 2026-02-02T15:20:20.641Z #_useSession end

[90mstdout[2m | tests/property/scoped-roles-processing-efficiency.test.ts[2m > [22m[2mProperty 10: Scoped Roles Processing Efficiency[2m > [22m[2mProperty 10.9: Batch role hierarchy queries should maintain consistency
[22m[39mGoTrueClient@sb-bgxknceshxxifwytalex-auth-token:0 (2.93.3) 2026-02-02T15:20:20.641Z #_acquireLock lock released for storage key sb-bgxknceshxxifwytalex-auth-token

[90mstdout[2m | tests/property/scoped-roles-processing-efficiency.test.ts[2m > [22m[2mProperty 10: Scoped Roles Processing Efficiency[2m > [22m[2mProperty 10.9: Batch role hierarchy queries should maintain consistency
[22m[39mGoTrueClient@sb-bgxknceshxxifwytalex-auth-token:0 (2.93.3) 2026-02-02T15:20:20.641Z #_acquireLock end

stderr | tests/property/scoped-roles-processing-efficiency.test.ts > Property 10: Scoped Roles Processing Efficiency > Property 10.9: Batch role hierarchy queries should maintain consistency
Error fetching project roles: {
  code: 'PGRST200',
  details: "Searched for a foreign key relationship between 'project_roles' and 'user_profiles' in the schema 'public', but no matches were found.",
  hint: null,
  message: "Could not find a relationship between 'project_roles' and 'user_profiles' in the schema cache"
}

[90mstdout[2m | tests/property/scoped-roles-processing-efficiency.test.ts[2m > [22m[2mProperty 10: Scoped Roles Processing Efficiency[2m > [22m[2mProperty 10.9: Batch role hierarchy queries should maintain consistency
[22m[39mGoTrueClient@sb-bgxknceshxxifwytalex-auth-token:0 (2.93.3) 2026-02-02T15:20:20.663Z #_acquireLock begin [33m10000[39m
GoTrueClient@sb-bgxknceshxxifwytalex-auth-token:0 (2.93.3) 2026-02-02T15:20:20.663Z #_acquireLock lock acquired for storage key sb-bgxknceshxxifwytalex-auth-token
GoTrueClient@sb-bgxknceshxxifwytalex-auth-token:0 (2.93.3) 2026-02-02T15:20:20.663Z #_useSession begin
GoTrueClient@sb-bgxknceshxxifwytalex-auth-token:0 (2.93.3) 2026-02-02T15:20:20.663Z #__loadSession() begin

[90mstdout[2m | tests/property/scoped-roles-processing-efficiency.test.ts[2m > [22m[2mProperty 10: Scoped Roles Processing Efficiency[2m > [22m[2mProperty 10.9: Batch role hierarchy queries should maintain consistency
[22m[39mGoTrueClient@sb-bgxknceshxxifwytalex-auth-token:0 (2.93.3) 2026-02-02T15:20:20.663Z #getSession() session from storage [1mnull[22m
GoTrueClient@sb-bgxknceshxxifwytalex-auth-token:0 (2.93.3) 2026-02-02T15:20:20.663Z #__loadSession() end

[90mstdout[2m | tests/property/scoped-roles-processing-efficiency.test.ts[2m > [22m[2mProperty 10: Scoped Roles Processing Efficiency[2m > [22m[2mProperty 10.9: Batch role hierarchy queries should maintain consistency
[22m[39mGoTrueClient@sb-bgxknceshxxifwytalex-auth-token:0 (2.93.3) 2026-02-02T15:20:20.663Z #_useSession end

[90mstdout[2m | tests/property/scoped-roles-processing-efficiency.test.ts[2m > [22m[2mProperty 10: Scoped Roles Processing Efficiency[2m > [22m[2mProperty 10.9: Batch role hierarchy queries should maintain consistency
[22m[39mGoTrueClient@sb-bgxknceshxxifwytalex-auth-token:0 (2.93.3) 2026-02-02T15:20:20.663Z #_acquireLock lock released for storage key sb-bgxknceshxxifwytalex-auth-token

[90mstdout[2m | tests/property/scoped-roles-processing-efficiency.test.ts[2m > [22m[2mProperty 10: Scoped Roles Processing Efficiency[2m > [22m[2mProperty 10.9: Batch role hierarchy queries should maintain consistency
[22m[39mGoTrueClient@sb-bgxknceshxxifwytalex-auth-token:0 (2.93.3) 2026-02-02T15:20:20.664Z #_acquireLock end

stderr | tests/property/scoped-roles-processing-efficiency.test.ts > Property 10: Scoped Roles Processing Efficiency > Property 10.9: Batch role hierarchy queries should maintain consistency
Error fetching project roles: {
  code: 'PGRST200',
  details: "Searched for a foreign key relationship between 'project_roles' and 'user_profiles' in the schema 'public', but no matches were found.",
  hint: null,
  message: "Could not find a relationship between 'project_roles' and 'user_profiles' in the schema cache"
}

[90mstdout[2m | tests/property/scoped-roles-processing-efficiency.test.ts[2m > [22m[2mProperty 10: Scoped Roles Processing Efficiency[2m > [22m[2mProperty 10.9: Batch role hierarchy queries should maintain consistency
[22m[39mGoTrueClient@sb-bgxknceshxxifwytalex-auth-token:0 (2.93.3) 2026-02-02T15:20:20.702Z #_acquireLock begin [33m10000[39m
GoTrueClient@sb-bgxknceshxxifwytalex-auth-token:0 (2.93.3) 2026-02-02T15:20:20.702Z #_acquireLock lock acquired for storage key sb-bgxknceshxxifwytalex-auth-token
GoTrueClient@sb-bgxknceshxxifwytalex-auth-token:0 (2.93.3) 2026-02-02T15:20:20.702Z #_useSession begin
GoTrueClient@sb-bgxknceshxxifwytalex-auth-token:0 (2.93.3) 2026-02-02T15:20:20.702Z #__loadSession() begin

[90mstdout[2m | tests/property/scoped-roles-processing-efficiency.test.ts[2m > [22m[2mProperty 10: Scoped Roles Processing Efficiency[2m > [22m[2mProperty 10.9: Batch role hierarchy queries should maintain consistency
[22m[39mGoTrueClient@sb-bgxknceshxxifwytalex-auth-token:0 (2.93.3) 2026-02-02T15:20:20.702Z #getSession() session from storage [1mnull[22m
GoTrueClient@sb-bgxknceshxxifwytalex-auth-token:0 (2.93.3) 2026-02-02T15:20:20.702Z #__loadSession() end

[90mstdout[2m | tests/property/scoped-roles-processing-efficiency.test.ts[2m > [22m[2mProperty 10: Scoped Roles Processing Efficiency[2m > [22m[2mProperty 10.9: Batch role hierarchy queries should maintain consistency
[22m[39mGoTrueClient@sb-bgxknceshxxifwytalex-auth-token:0 (2.93.3) 2026-02-02T15:20:20.702Z #_useSession end

[90mstdout[2m | tests/property/scoped-roles-processing-efficiency.test.ts[2m > [22m[2mProperty 10: Scoped Roles Processing Efficiency[2m > [22m[2mProperty 10.9: Batch role hierarchy queries should maintain consistency
[22m[39mGoTrueClient@sb-bgxknceshxxifwytalex-auth-token:0 (2.93.3) 2026-02-02T15:20:20.703Z #_acquireLock lock released for storage key sb-bgxknceshxxifwytalex-auth-token

[90mstdout[2m | tests/property/scoped-roles-processing-efficiency.test.ts[2m > [22m[2mProperty 10: Scoped Roles Processing Efficiency[2m > [22m[2mProperty 10.9: Batch role hierarchy queries should maintain consistency
[22m[39mGoTrueClient@sb-bgxknceshxxifwytalex-auth-token:0 (2.93.3) 2026-02-02T15:20:20.703Z #_acquireLock end

stderr | tests/property/scoped-roles-processing-efficiency.test.ts > Property 10: Scoped Roles Processing Efficiency > Property 10.9: Batch role hierarchy queries should maintain consistency
Error fetching org roles: {
  code: 'PGRST200',
  details: "Searched for a foreign key relationship between 'org_roles' and 'user_profiles' in the schema 'public', but no matches were found.",
  hint: null,
  message: "Could not find a relationship between 'org_roles' and 'user_profiles' in the schema cache"
}

stderr | tests/property/scoped-roles-processing-efficiency.test.ts > Property 10: Scoped Roles Processing Efficiency > Property 10.9: Batch role hierarchy queries should maintain consistency
Error fetching org roles: {
  code: 'PGRST200',
  details: "Searched for a foreign key relationship between 'org_roles' and 'user_profiles' in the schema 'public', but no matches were found.",
  hint: null,
  message: "Could not find a relationship between 'org_roles' and 'user_profiles' in the schema cache"
}

stderr | tests/property/scoped-roles-processing-efficiency.test.ts > Property 10: Scoped Roles Processing Efficiency > Property 10.9: Batch role hierarchy queries should maintain consistency
Error fetching org roles: {
  code: 'PGRST200',
  details: "Searched for a foreign key relationship between 'org_roles' and 'user_profiles' in the schema 'public', but no matches were found.",
  hint: null,
  message: "Could not find a relationship between 'org_roles' and 'user_profiles' in the schema cache"
}

stderr | tests/property/scoped-roles-processing-efficiency.test.ts > Property 10: Scoped Roles Processing Efficiency > Property 10.9: Batch role hierarchy queries should maintain consistency
Error fetching org roles: {
  code: 'PGRST200',
  details: "Searched for a foreign key relationship between 'org_roles' and 'user_profiles' in the schema 'public', but no matches were found.",
  hint: null,
  message: "Could not find a relationship between 'org_roles' and 'user_profiles' in the schema cache"
}

stderr | tests/property/scoped-roles-processing-efficiency.test.ts > Property 10: Scoped Roles Processing Efficiency > Property 10.9: Batch role hierarchy queries should maintain consistency
Error fetching org roles: {
  code: 'PGRST200',
  details: "Searched for a foreign key relationship between 'org_roles' and 'user_profiles' in the schema 'public', but no matches were found.",
  hint: null,
  message: "Could not find a relationship between 'org_roles' and 'user_profiles' in the schema cache"
}

stderr | tests/property/scoped-roles-processing-efficiency.test.ts > Property 10: Scoped Roles Processing Efficiency > Property 10.9: Batch role hierarchy queries should maintain consistency
Error fetching org roles: {
  code: 'PGRST200',
  details: "Searched for a foreign key relationship between 'org_roles' and 'user_profiles' in the schema 'public', but no matches were found.",
  hint: null,
  message: "Could not find a relationship between 'org_roles' and 'user_profiles' in the schema cache"
}

stderr | tests/property/scoped-roles-processing-efficiency.test.ts > Property 10: Scoped Roles Processing Efficiency > Property 10.9: Batch role hierarchy queries should maintain consistency
Error fetching org roles: {
  code: 'PGRST200',
  details: "Searched for a foreign key relationship between 'org_roles' and 'user_profiles' in the schema 'public', but no matches were found.",
  hint: null,
  message: "Could not find a relationship between 'org_roles' and 'user_profiles' in the schema cache"
}

stderr | tests/property/scoped-roles-processing-efficiency.test.ts > Property 10: Scoped Roles Processing Efficiency > Property 10.9: Batch role hierarchy queries should maintain consistency
Error fetching org roles: {
  code: 'PGRST200',
  details: "Searched for a foreign key relationship between 'org_roles' and 'user_profiles' in the schema 'public', but no matches were found.",
  hint: null,
  message: "Could not find a relationship between 'org_roles' and 'user_profiles' in the schema cache"
}

stderr | tests/property/scoped-roles-processing-efficiency.test.ts > Property 10: Scoped Roles Processing Efficiency > Property 10.9: Batch role hierarchy queries should maintain consistency
Error fetching org roles: {
  code: 'PGRST200',
  details: "Searched for a foreign key relationship between 'org_roles' and 'user_profiles' in the schema 'public', but no matches were found.",
  hint: null,
  message: "Could not find a relationship between 'org_roles' and 'user_profiles' in the schema cache"
}

stderr | tests/property/scoped-roles-processing-efficiency.test.ts > Property 10: Scoped Roles Processing Efficiency > Property 10.9: Batch role hierarchy queries should maintain consistency
Error fetching org roles: {
  code: 'PGRST200',
  details: "Searched for a foreign key relationship between 'org_roles' and 'user_profiles' in the schema 'public', but no matches were found.",
  hint: null,
  message: "Could not find a relationship between 'org_roles' and 'user_profiles' in the schema cache"
}

stderr | tests/property/scoped-roles-processing-efficiency.test.ts > Property 10: Scoped Roles Processing Efficiency > Property 10.9: Batch role hierarchy queries should maintain consistency
Error fetching org roles: {
  code: 'PGRST200',
  details: "Searched for a foreign key relationship between 'org_roles' and 'user_profiles' in the schema 'public', but no matches were found.",
  hint: null,
  message: "Could not find a relationship between 'org_roles' and 'user_profiles' in the schema cache"
}

stderr | tests/property/scoped-roles-processing-efficiency.test.ts > Property 10: Scoped Roles Processing Efficiency > Property 10.9: Batch role hierarchy queries should maintain consistency
Error fetching org roles: {
  code: 'PGRST200',
  details: "Searched for a foreign key relationship between 'org_roles' and 'user_profiles' in the schema 'public', but no matches were found.",
  hint: null,
  message: "Could not find a relationship between 'org_roles' and 'user_profiles' in the schema cache"
}

stderr | tests/property/scoped-roles-processing-efficiency.test.ts > Property 10: Scoped Roles Processing Efficiency > Property 10.9: Batch role hierarchy queries should maintain consistency
Error fetching org roles: {
  code: 'PGRST200',
  details: "Searched for a foreign key relationship between 'org_roles' and 'user_profiles' in the schema 'public', but no matches were found.",
  hint: null,
  message: "Could not find a relationship between 'org_roles' and 'user_profiles' in the schema cache"
}

stderr | tests/property/scoped-roles-processing-efficiency.test.ts > Property 10: Scoped Roles Processing Efficiency > Property 10.9: Batch role hierarchy queries should maintain consistency
Error fetching org roles: {
  code: 'PGRST200',
  details: "Searched for a foreign key relationship between 'org_roles' and 'user_profiles' in the schema 'public', but no matches were found.",
  hint: null,
  message: "Could not find a relationship between 'org_roles' and 'user_profiles' in the schema cache"
}

stderr | tests/property/scoped-roles-processing-efficiency.test.ts > Property 10: Scoped Roles Processing Efficiency > Property 10.9: Batch role hierarchy queries should maintain consistency
Error fetching org roles: {
  code: 'PGRST200',
  details: "Searched for a foreign key relationship between 'org_roles' and 'user_profiles' in the schema 'public', but no matches were found.",
  hint: null,
  message: "Could not find a relationship between 'org_roles' and 'user_profiles' in the schema cache"
}

stderr | tests/property/scoped-roles-processing-efficiency.test.ts > Property 10: Scoped Roles Processing Efficiency > Property 10.9: Batch role hierarchy queries should maintain consistency
Error fetching org roles: {
  code: 'PGRST200',
  details: "Searched for a foreign key relationship between 'org_roles' and 'user_profiles' in the schema 'public', but no matches were found.",
  hint: null,
  message: "Could not find a relationship between 'org_roles' and 'user_profiles' in the schema cache"
}

stderr | tests/property/scoped-roles-processing-efficiency.test.ts > Property 10: Scoped Roles Processing Efficiency > Property 10.9: Batch role hierarchy queries should maintain consistency
Error fetching org roles: {
  code: 'PGRST200',
  details: "Searched for a foreign key relationship between 'org_roles' and 'user_profiles' in the schema 'public', but no matches were found.",
  hint: null,
  message: "Could not find a relationship between 'org_roles' and 'user_profiles' in the schema cache"
}

stderr | tests/property/scoped-roles-processing-efficiency.test.ts > Property 10: Scoped Roles Processing Efficiency > Property 10.9: Batch role hierarchy queries should maintain consistency
Error fetching org roles: {
  code: 'PGRST200',
  details: "Searched for a foreign key relationship between 'org_roles' and 'user_profiles' in the schema 'public', but no matches were found.",
  hint: null,
  message: "Could not find a relationship between 'org_roles' and 'user_profiles' in the schema cache"
}

stderr | tests/property/scoped-roles-processing-efficiency.test.ts > Property 10: Scoped Roles Processing Efficiency > Property 10.9: Batch role hierarchy queries should maintain consistency
Error fetching org roles: {
  code: 'PGRST200',
  details: "Searched for a foreign key relationship between 'org_roles' and 'user_profiles' in the schema 'public', but no matches were found.",
  hint: null,
  message: "Could not find a relationship between 'org_roles' and 'user_profiles' in the schema cache"
}

stderr | tests/property/scoped-roles-processing-efficiency.test.ts > Property 10: Scoped Roles Processing Efficiency > Property 10.9: Batch role hierarchy queries should maintain consistency
Error fetching org roles: {
  code: 'PGRST200',
  details: "Searched for a foreign key relationship between 'org_roles' and 'user_profiles' in the schema 'public', but no matches were found.",
  hint: null,
  message: "Could not find a relationship between 'org_roles' and 'user_profiles' in the schema cache"
}

stderr | tests/property/scoped-roles-processing-efficiency.test.ts > Property 10: Scoped Roles Processing Efficiency > Property 10.9: Batch role hierarchy queries should maintain consistency
Error fetching org roles: {
  code: 'PGRST200',
  details: "Searched for a foreign key relationship between 'org_roles' and 'user_profiles' in the schema 'public', but no matches were found.",
  hint: null,
  message: "Could not find a relationship between 'org_roles' and 'user_profiles' in the schema cache"
}

stderr | tests/property/scoped-roles-processing-efficiency.test.ts > Property 10: Scoped Roles Processing Efficiency > Property 10.9: Batch role hierarchy queries should maintain consistency
Error fetching project roles: {
  code: 'PGRST200',
  details: "Searched for a foreign key relationship between 'project_roles' and 'user_profiles' in the schema 'public', but no matches were found.",
  hint: null,
  message: "Could not find a relationship between 'project_roles' and 'user_profiles' in the schema cache"
}

[90mstdout[2m | tests/property/scoped-roles-processing-efficiency.test.ts[2m > [22m[2mProperty 10: Scoped Roles Processing Efficiency[2m > [22m[2mProperty 10.9: Batch role hierarchy queries should maintain consistency
[22m[39mGoTrueClient@sb-bgxknceshxxifwytalex-auth-token:0 (2.93.3) 2026-02-02T15:20:20.823Z #_acquireLock begin [33m10000[39m
GoTrueClient@sb-bgxknceshxxifwytalex-auth-token:0 (2.93.3) 2026-02-02T15:20:20.823Z #_acquireLock lock acquired for storage key sb-bgxknceshxxifwytalex-auth-token
GoTrueClient@sb-bgxknceshxxifwytalex-auth-token:0 (2.93.3) 2026-02-02T15:20:20.823Z #_useSession begin
GoTrueClient@sb-bgxknceshxxifwytalex-auth-token:0 (2.93.3) 2026-02-02T15:20:20.823Z #__loadSession() begin

[90mstdout[2m | tests/property/scoped-roles-processing-efficiency.test.ts[2m > [22m[2mProperty 10: Scoped Roles Processing Efficiency[2m > [22m[2mProperty 10.9: Batch role hierarchy queries should maintain consistency
[22m[39mGoTrueClient@sb-bgxknceshxxifwytalex-auth-token:0 (2.93.3) 2026-02-02T15:20:20.823Z #getSession() session from storage [1mnull[22m
GoTrueClient@sb-bgxknceshxxifwytalex-auth-token:0 (2.93.3) 2026-02-02T15:20:20.823Z #__loadSession() end

[90mstdout[2m | tests/property/scoped-roles-processing-efficiency.test.ts[2m > [22m[2mProperty 10: Scoped Roles Processing Efficiency[2m > [22m[2mProperty 10.9: Batch role hierarchy queries should maintain consistency
[22m[39mGoTrueClient@sb-bgxknceshxxifwytalex-auth-token:0 (2.93.3) 2026-02-02T15:20:20.823Z #_useSession end

[90mstdout[2m | tests/property/scoped-roles-processing-efficiency.test.ts[2m > [22m[2mProperty 10: Scoped Roles Processing Efficiency[2m > [22m[2mProperty 10.9: Batch role hierarchy queries should maintain consistency
[22m[39mGoTrueClient@sb-bgxknceshxxifwytalex-auth-token:0 (2.93.3) 2026-02-02T15:20:20.823Z #_acquireLock lock released for storage key sb-bgxknceshxxifwytalex-auth-token

[90mstdout[2m | tests/property/scoped-roles-processing-efficiency.test.ts[2m > [22m[2mProperty 10: Scoped Roles Processing Efficiency[2m > [22m[2mProperty 10.9: Batch role hierarchy queries should maintain consistency
[22m[39mGoTrueClient@sb-bgxknceshxxifwytalex-auth-token:0 (2.93.3) 2026-02-02T15:20:20.823Z #_acquireLock end

[90mstdout[2m | tests/property/scoped-roles-processing-efficiency.test.ts[2m > [22m[2mProperty 10: Scoped Roles Processing Efficiency[2m > [22m[2mProperty 10.9: Batch role hierarchy queries should maintain consistency
[22m[39mGoTrueClient@sb-bgxknceshxxifwytalex-auth-token:0 (2.93.3) 2026-02-02T15:20:20.825Z #_acquireLock begin [33m10000[39m
GoTrueClient@sb-bgxknceshxxifwytalex-auth-token:0 (2.93.3) 2026-02-02T15:20:20.825Z #_acquireLock lock acquired for storage key sb-bgxknceshxxifwytalex-auth-token
GoTrueClient@sb-bgxknceshxxifwytalex-auth-token:0 (2.93.3) 2026-02-02T15:20:20.825Z #_useSession begin
GoTrueClient@sb-bgxknceshxxifwytalex-auth-token:0 (2.93.3) 2026-02-02T15:20:20.825Z #__loadSession() begin

[90mstdout[2m | tests/property/scoped-roles-processing-efficiency.test.ts[2m > [22m[2mProperty 10: Scoped Roles Processing Efficiency[2m > [22m[2mProperty 10.9: Batch role hierarchy queries should maintain consistency
[22m[39mGoTrueClient@sb-bgxknceshxxifwytalex-auth-token:0 (2.93.3) 2026-02-02T15:20:20.826Z #getSession() session from storage [1mnull[22m
GoTrueClient@sb-bgxknceshxxifwytalex-auth-token:0 (2.93.3) 2026-02-02T15:20:20.826Z #__loadSession() end

[90mstdout[2m | tests/property/scoped-roles-processing-efficiency.test.ts[2m > [22m[2mProperty 10: Scoped Roles Processing Efficiency[2m > [22m[2mProperty 10.9: Batch role hierarchy queries should maintain consistency
[22m[39mGoTrueClient@sb-bgxknceshxxifwytalex-auth-token:0 (2.93.3) 2026-02-02T15:20:20.826Z #_useSession end

[90mstdout[2m | tests/property/scoped-roles-processing-efficiency.test.ts[2m > [22m[2mProperty 10: Scoped Roles Processing Efficiency[2m > [22m[2mProperty 10.9: Batch role hierarchy queries should maintain consistency
[22m[39mGoTrueClient@sb-bgxknceshxxifwytalex-auth-token:0 (2.93.3) 2026-02-02T15:20:20.826Z #_acquireLock lock released for storage key sb-bgxknceshxxifwytalex-auth-token

[90mstdout[2m | tests/property/scoped-roles-processing-efficiency.test.ts[2m > [22m[2mProperty 10: Scoped Roles Processing Efficiency[2m > [22m[2mProperty 10.9: Batch role hierarchy queries should maintain consistency
[22m[39mGoTrueClient@sb-bgxknceshxxifwytalex-auth-token:0 (2.93.3) 2026-02-02T15:20:20.826Z #_acquireLock end

stderr | tests/property/scoped-roles-processing-efficiency.test.ts > Property 10: Scoped Roles Processing Efficiency > Property 10.9: Batch role hierarchy queries should maintain consistency
Error fetching org roles: {
  code: 'PGRST200',
  details: "Searched for a foreign key relationship between 'org_roles' and 'user_profiles' in the schema 'public', but no matches were found.",
  hint: null,
  message: "Could not find a relationship between 'org_roles' and 'user_profiles' in the schema cache"
}

stderr | tests/property/scoped-roles-processing-efficiency.test.ts > Property 10: Scoped Roles Processing Efficiency > Property 10.9: Batch role hierarchy queries should maintain consistency
Error fetching org roles: {
  code: 'PGRST200',
  details: "Searched for a foreign key relationship between 'org_roles' and 'user_profiles' in the schema 'public', but no matches were found.",
  hint: null,
  message: "Could not find a relationship between 'org_roles' and 'user_profiles' in the schema cache"
}

stderr | tests/property/scoped-roles-processing-efficiency.test.ts > Property 10: Scoped Roles Processing Efficiency > Property 10.9: Batch role hierarchy queries should maintain consistency
Error fetching org roles: {
  code: 'PGRST200',
  details: "Searched for a foreign key relationship between 'org_roles' and 'user_profiles' in the schema 'public', but no matches were found.",
  hint: null,
  message: "Could not find a relationship between 'org_roles' and 'user_profiles' in the schema cache"
}

stderr | tests/property/scoped-roles-processing-efficiency.test.ts > Property 10: Scoped Roles Processing Efficiency > Property 10.9: Batch role hierarchy queries should maintain consistency
Error fetching org roles: {
  code: 'PGRST200',
  details: "Searched for a foreign key relationship between 'org_roles' and 'user_profiles' in the schema 'public', but no matches were found.",
  hint: null,
  message: "Could not find a relationship between 'org_roles' and 'user_profiles' in the schema cache"
}

stderr | tests/property/scoped-roles-processing-efficiency.test.ts > Property 10: Scoped Roles Processing Efficiency > Property 10.9: Batch role hierarchy queries should maintain consistency
Error fetching org roles: {
  code: 'PGRST200',
  details: "Searched for a foreign key relationship between 'org_roles' and 'user_profiles' in the schema 'public', but no matches were found.",
  hint: null,
  message: "Could not find a relationship between 'org_roles' and 'user_profiles' in the schema cache"
}

[90mstdout[2m | tests/property/scoped-roles-processing-efficiency.test.ts[2m > [22m[2mProperty 10: Scoped Roles Processing Efficiency[2m > [22m[2mProperty 10.9: Batch role hierarchy queries should maintain consistency
[22m[39mGoTrueClient@sb-bgxknceshxxifwytalex-auth-token:0 (2.93.3) 2026-02-02T15:20:20.837Z #_acquireLock begin [33m10000[39m
GoTrueClient@sb-bgxknceshxxifwytalex-auth-token:0 (2.93.3) 2026-02-02T15:20:20.837Z #_acquireLock lock acquired for storage key sb-bgxknceshxxifwytalex-auth-token
GoTrueClient@sb-bgxknceshxxifwytalex-auth-token:0 (2.93.3) 2026-02-02T15:20:20.837Z #_useSession begin
GoTrueClient@sb-bgxknceshxxifwytalex-auth-token:0 (2.93.3) 2026-02-02T15:20:20.837Z #__loadSession() begin

[90mstdout[2m | tests/property/scoped-roles-processing-efficiency.test.ts[2m > [22m[2mProperty 10: Scoped Roles Processing Efficiency[2m > [22m[2mProperty 10.9: Batch role hierarchy queries should maintain consistency
[22m[39mGoTrueClient@sb-bgxknceshxxifwytalex-auth-token:0 (2.93.3) 2026-02-02T15:20:20.837Z #getSession() session from storage [1mnull[22m
GoTrueClient@sb-bgxknceshxxifwytalex-auth-token:0 (2.93.3) 2026-02-02T15:20:20.837Z #__loadSession() end

[90mstdout[2m | tests/property/scoped-roles-processing-efficiency.test.ts[2m > [22m[2mProperty 10: Scoped Roles Processing Efficiency[2m > [22m[2mProperty 10.9: Batch role hierarchy queries should maintain consistency
[22m[39mGoTrueClient@sb-bgxknceshxxifwytalex-auth-token:0 (2.93.3) 2026-02-02T15:20:20.838Z #_useSession end

[90mstdout[2m | tests/property/scoped-roles-processing-efficiency.test.ts[2m > [22m[2mProperty 10: Scoped Roles Processing Efficiency[2m > [22m[2mProperty 10.9: Batch role hierarchy queries should maintain consistency
[22m[39mGoTrueClient@sb-bgxknceshxxifwytalex-auth-token:0 (2.93.3) 2026-02-02T15:20:20.838Z #_acquireLock lock released for storage key sb-bgxknceshxxifwytalex-auth-token

[90mstdout[2m | tests/property/scoped-roles-processing-efficiency.test.ts[2m > [22m[2mProperty 10: Scoped Roles Processing Efficiency[2m > [22m[2mProperty 10.9: Batch role hierarchy queries should maintain consistency
[22m[39mGoTrueClient@sb-bgxknceshxxifwytalex-auth-token:0 (2.93.3) 2026-02-02T15:20:20.838Z #_acquireLock end

stderr | tests/property/scoped-roles-processing-efficiency.test.ts > Property 10: Scoped Roles Processing Efficiency > Property 10.9: Batch role hierarchy queries should maintain consistency
Error fetching org roles: {
  code: 'PGRST200',
  details: "Searched for a foreign key relationship between 'org_roles' and 'user_profiles' in the schema 'public', but no matches were found.",
  hint: null,
  message: "Could not find a relationship between 'org_roles' and 'user_profiles' in the schema cache"
}

stderr | tests/property/scoped-roles-processing-efficiency.test.ts > Property 10: Scoped Roles Processing Efficiency > Property 10.9: Batch role hierarchy queries should maintain consistency
Error fetching org roles: {
  code: 'PGRST200',
  details: "Searched for a foreign key relationship between 'org_roles' and 'user_profiles' in the schema 'public', but no matches were found.",
  hint: null,
  message: "Could not find a relationship between 'org_roles' and 'user_profiles' in the schema cache"
}

stderr | tests/property/scoped-roles-processing-efficiency.test.ts > Property 10: Scoped Roles Processing Efficiency > Property 10.9: Batch role hierarchy queries should maintain consistency
Error fetching org roles: {
  code: 'PGRST200',
  details: "Searched for a foreign key relationship between 'org_roles' and 'user_profiles' in the schema 'public', but no matches were found.",
  hint: null,
  message: "Could not find a relationship between 'org_roles' and 'user_profiles' in the schema cache"
}

stderr | tests/property/scoped-roles-processing-efficiency.test.ts > Property 10: Scoped Roles Processing Efficiency > Property 10.9: Batch role hierarchy queries should maintain consistency
Error fetching org roles: {
  code: 'PGRST200',
  details: "Searched for a foreign key relationship between 'org_roles' and 'user_profiles' in the schema 'public', but no matches were found.",
  hint: null,
  message: "Could not find a relationship between 'org_roles' and 'user_profiles' in the schema cache"
}

stderr | tests/property/scoped-roles-processing-efficiency.test.ts > Property 10: Scoped Roles Processing Efficiency > Property 10.9: Batch role hierarchy queries should maintain consistency
Error fetching org roles: {
  code: 'PGRST200',
  details: "Searched for a foreign key relationship between 'org_roles' and 'user_profiles' in the schema 'public', but no matches were found.",
  hint: null,
  message: "Could not find a relationship between 'org_roles' and 'user_profiles' in the schema cache"
}

stderr | tests/property/scoped-roles-processing-efficiency.test.ts > Property 10: Scoped Roles Processing Efficiency > Property 10.9: Batch role hierarchy queries should maintain consistency
Error fetching org roles: {
  code: 'PGRST200',
  details: "Searched for a foreign key relationship between 'org_roles' and 'user_profiles' in the schema 'public', but no matches were found.",
  hint: null,
  message: "Could not find a relationship between 'org_roles' and 'user_profiles' in the schema cache"
}

stderr | tests/property/scoped-roles-processing-efficiency.test.ts > Property 10: Scoped Roles Processing Efficiency > Property 10.9: Batch role hierarchy queries should maintain consistency
Error fetching org roles: {
  code: 'PGRST200',
  details: "Searched for a foreign key relationship between 'org_roles' and 'user_profiles' in the schema 'public', but no matches were found.",
  hint: null,
  message: "Could not find a relationship between 'org_roles' and 'user_profiles' in the schema cache"
}

stderr | tests/property/scoped-roles-processing-efficiency.test.ts > Property 10: Scoped Roles Processing Efficiency > Property 10.9: Batch role hierarchy queries should maintain consistency
Error fetching org roles: {
  code: 'PGRST200',
  details: "Searched for a foreign key relationship between 'org_roles' and 'user_profiles' in the schema 'public', but no matches were found.",
  hint: null,
  message: "Could not find a relationship between 'org_roles' and 'user_profiles' in the schema cache"
}

stderr | tests/property/scoped-roles-processing-efficiency.test.ts > Property 10: Scoped Roles Processing Efficiency > Property 10.9: Batch role hierarchy queries should maintain consistency
Error fetching org roles: {
  code: 'PGRST200',
  details: "Searched for a foreign key relationship between 'org_roles' and 'user_profiles' in the schema 'public', but no matches were found.",
  hint: null,
  message: "Could not find a relationship between 'org_roles' and 'user_profiles' in the schema cache"
}

stderr | tests/property/scoped-roles-processing-efficiency.test.ts > Property 10: Scoped Roles Processing Efficiency > Property 10.9: Batch role hierarchy queries should maintain consistency
Error fetching org roles: {
  code: 'PGRST200',
  details: "Searched for a foreign key relationship between 'org_roles' and 'user_profiles' in the schema 'public', but no matches were found.",
  hint: null,
  message: "Could not find a relationship between 'org_roles' and 'user_profiles' in the schema cache"
}

[90mstdout[2m | tests/property/scoped-roles-processing-efficiency.test.ts[2m > [22m[2mProperty 10: Scoped Roles Processing Efficiency[2m > [22m[2mProperty 10.9: Batch role hierarchy queries should maintain consistency
[22m[39mGoTrueClient@sb-bgxknceshxxifwytalex-auth-token:0 (2.93.3) 2026-02-02T15:20:20.862Z #_acquireLock begin [33m10000[39m
GoTrueClient@sb-bgxknceshxxifwytalex-auth-token:0 (2.93.3) 2026-02-02T15:20:20.862Z #_acquireLock lock acquired for storage key sb-bgxknceshxxifwytalex-auth-token
GoTrueClient@sb-bgxknceshxxifwytalex-auth-token:0 (2.93.3) 2026-02-02T15:20:20.862Z #_useSession begin
GoTrueClient@sb-bgxknceshxxifwytalex-auth-token:0 (2.93.3) 2026-02-02T15:20:20.862Z #__loadSession() begin
GoTrueClient@sb-bgxknceshxxifwytalex-auth-token:0 (2.93.3) 2026-02-02T15:20:20.862Z #_acquireLock begin [33m10000[39m
GoTrueClient@sb-bgxknceshxxifwytalex-auth-token:0 (2.93.3) 2026-02-02T15:20:20.862Z #_acquireLock end
GoTrueClient@sb-bgxknceshxxifwytalex-auth-token:0 (2.93.3) 2026-02-02T15:20:20.862Z #_acquireLock begin [33m10000[39m
GoTrueClient@sb-bgxknceshxxifwytalex-auth-token:0 (2.93.3) 2026-02-02T15:20:20.862Z #_acquireLock end
GoTrueClient@sb-bgxknceshxxifwytalex-auth-token:0 (2.93.3) 2026-02-02T15:20:20.862Z #_acquireLock begin [33m10000[39m
GoTrueClient@sb-bgxknceshxxifwytalex-auth-token:0 (2.93.3) 2026-02-02T15:20:20.862Z #_acquireLock end
GoTrueClient@sb-bgxknceshxxifwytalex-auth-token:0 (2.93.3) 2026-02-02T15:20:20.862Z #_acquireLock begin [33m10000[39m
GoTrueClient@sb-bgxknceshxxifwytalex-auth-token:0 (2.93.3) 2026-02-02T15:20:20.862Z #_acquireLock end
GoTrueClient@sb-bgxknceshxxifwytalex-auth-token:0 (2.93.3) 2026-02-02T15:20:20.862Z #_acquireLock begin [33m10000[39m
GoTrueClient@sb-bgxknceshxxifwytalex-auth-token:0 (2.93.3) 2026-02-02T15:20:20.862Z #_acquireLock end
GoTrueClient@sb-bgxknceshxxifwytalex-auth-token:0 (2.93.3) 2026-02-02T15:20:20.862Z #_acquireLock begin [33m10000[39m
GoTrueClient@sb-bgxknceshxxifwytalex-auth-token:0 (2.93.3) 2026-02-02T15:20:20.862Z #_acquireLock end
GoTrueClient@sb-bgxknceshxxifwytalex-auth-token:0 (2.93.3) 2026-02-02T15:20:20.862Z #_acquireLock begin [33m10000[39m
GoTrueClient@sb-bgxknceshxxifwytalex-auth-token:0 (2.93.3) 2026-02-02T15:20:20.862Z #_acquireLock end
GoTrueClient@sb-bgxknceshxxifwytalex-auth-token:0 (2.93.3) 2026-02-02T15:20:20.862Z #_acquireLock begin [33m10000[39m
GoTrueClient@sb-bgxknceshxxifwytalex-auth-token:0 (2.93.3) 2026-02-02T15:20:20.862Z #_acquireLock end
GoTrueClient@sb-bgxknceshxxifwytalex-auth-token:0 (2.93.3) 2026-02-02T15:20:20.862Z #_acquireLock begin [33m10000[39m
GoTrueClient@sb-bgxknceshxxifwytalex-auth-token:0 (2.93.3) 2026-02-02T15:20:20.862Z #_acquireLock end
GoTrueClient@sb-bgxknceshxxifwytalex-auth-token:0 (2.93.3) 2026-02-02T15:20:20.862Z #_acquireLock begin [33m10000[39m
GoTrueClient@sb-bgxknceshxxifwytalex-auth-token:0 (2.93.3) 2026-02-02T15:20:20.862Z #_acquireLock end
GoTrueClient@sb-bgxknceshxxifwytalex-auth-token:0 (2.93.3) 2026-02-02T15:20:20.862Z #_acquireLock begin [33m10000[39m
GoTrueClient@sb-bgxknceshxxifwytalex-auth-token:0 (2.93.3) 2026-02-02T15:20:20.862Z #_acquireLock end
GoTrueClient@sb-bgxknceshxxifwytalex-auth-token:0 (2.93.3) 2026-02-02T15:20:20.862Z #_acquireLock begin [33m10000[39m
GoTrueClient@sb-bgxknceshxxifwytalex-auth-token:0 (2.93.3) 2026-02-02T15:20:20.862Z #_acquireLock end
GoTrueClient@sb-bgxknceshxxifwytalex-auth-token:0 (2.93.3) 2026-02-02T15:20:20.862Z #_acquireLock begin [33m10000[39m
GoTrueClient@sb-bgxknceshxxifwytalex-auth-token:0 (2.93.3) 2026-02-02T15:20:20.862Z #_acquireLock end
GoTrueClient@sb-bgxknceshxxifwytalex-auth-token:0 (2.93.3) 2026-02-02T15:20:20.862Z #_acquireLock begin [33m10000[39m
GoTrueClient@sb-bgxknceshxxifwytalex-auth-token:0 (2.93.3) 2026-02-02T15:20:20.862Z #_acquireLock end
GoTrueClient@sb-bgxknceshxxifwytalex-auth-token:0 (2.93.3) 2026-02-02T15:20:20.862Z #_acquireLock begin [33m10000[39m
GoTrueClient@sb-bgxknceshxxifwytalex-auth-token:0 (2.93.3) 2026-02-02T15:20:20.862Z #_acquireLock end
GoTrueClient@sb-bgxknceshxxifwytalex-auth-token:0 (2.93.3) 2026-02-02T15:20:20.862Z #_acquireLock begin [33m10000[39m
GoTrueClient@sb-bgxknceshxxifwytalex-auth-token:0 (2.93.3) 2026-02-02T15:20:20.862Z #_acquireLock end
GoTrueClient@sb-bgxknceshxxifwytalex-auth-token:0 (2.93.3) 2026-02-02T15:20:20.862Z #_acquireLock begin [33m10000[39m
GoTrueClient@sb-bgxknceshxxifwytalex-auth-token:0 (2.93.3) 2026-02-02T15:20:20.862Z #_acquireLock end
GoTrueClient@sb-bgxknceshxxifwytalex-auth-token:0 (2.93.3) 2026-02-02T15:20:20.862Z #_acquireLock begin [33m10000[39m
GoTrueClient@sb-bgxknceshxxifwytalex-auth-token:0 (2.93.3) 2026-02-02T15:20:20.862Z #_acquireLock end
GoTrueClient@sb-bgxknceshxxifwytalex-auth-token:0 (2.93.3) 2026-02-02T15:20:20.862Z #_acquireLock begin [33m10000[39m
GoTrueClient@sb-bgxknceshxxifwytalex-auth-token:0 (2.93.3) 2026-02-02T15:20:20.862Z #_acquireLock end

[90mstdout[2m | tests/property/scoped-roles-processing-efficiency.test.ts[2m > [22m[2mProperty 10: Scoped Roles Processing Efficiency[2m > [22m[2mProperty 10.9: Batch role hierarchy queries should maintain consistency
[22m[39mGoTrueClient@sb-bgxknceshxxifwytalex-auth-token:0 (2.93.3) 2026-02-02T15:20:20.862Z #getSession() session from storage [1mnull[22m
GoTrueClient@sb-bgxknceshxxifwytalex-auth-token:0 (2.93.3) 2026-02-02T15:20:20.862Z #__loadSession() end

[90mstdout[2m | tests/property/scoped-roles-processing-efficiency.test.ts[2m > [22m[2mProperty 10: Scoped Roles Processing Efficiency[2m > [22m[2mProperty 10.9: Batch role hierarchy queries should maintain consistency
[22m[39mGoTrueClient@sb-bgxknceshxxifwytalex-auth-token:0 (2.93.3) 2026-02-02T15:20:20.862Z #_useSession end

[90mstdout[2m | tests/property/scoped-roles-processing-efficiency.test.ts[2m > [22m[2mProperty 10: Scoped Roles Processing Efficiency[2m > [22m[2mProperty 10.9: Batch role hierarchy queries should maintain consistency
[22m[39mGoTrueClient@sb-bgxknceshxxifwytalex-auth-token:0 (2.93.3) 2026-02-02T15:20:20.862Z #_useSession begin
GoTrueClient@sb-bgxknceshxxifwytalex-auth-token:0 (2.93.3) 2026-02-02T15:20:20.862Z #__loadSession() begin

[90mstdout[2m | tests/property/scoped-roles-processing-efficiency.test.ts[2m > [22m[2mProperty 10: Scoped Roles Processing Efficiency[2m > [22m[2mProperty 10.9: Batch role hierarchy queries should maintain consistency
[22m[39mGoTrueClient@sb-bgxknceshxxifwytalex-auth-token:0 (2.93.3) 2026-02-02T15:20:20.862Z #getSession() session from storage [1mnull[22m
GoTrueClient@sb-bgxknceshxxifwytalex-auth-token:0 (2.93.3) 2026-02-02T15:20:20.862Z #__loadSession() end

[90mstdout[2m | tests/property/scoped-roles-processing-efficiency.test.ts[2m > [22m[2mProperty 10: Scoped Roles Processing Efficiency[2m > [22m[2mProperty 10.9: Batch role hierarchy queries should maintain consistency
[22m[39mGoTrueClient@sb-bgxknceshxxifwytalex-auth-token:0 (2.93.3) 2026-02-02T15:20:20.862Z #_useSession end

[90mstdout[2m | tests/property/scoped-roles-processing-efficiency.test.ts[2m > [22m[2mProperty 10: Scoped Roles Processing Efficiency[2m > [22m[2mProperty 10.9: Batch role hierarchy queries should maintain consistency
[22m[39mGoTrueClient@sb-bgxknceshxxifwytalex-auth-token:0 (2.93.3) 2026-02-02T15:20:20.862Z #_useSession begin
GoTrueClient@sb-bgxknceshxxifwytalex-auth-token:0 (2.93.3) 2026-02-02T15:20:20.862Z #__loadSession() begin

[90mstdout[2m | tests/property/scoped-roles-processing-efficiency.test.ts[2m > [22m[2mProperty 10: Scoped Roles Processing Efficiency[2m > [22m[2mProperty 10.9: Batch role hierarchy queries should maintain consistency
[22m[39mGoTrueClient@sb-bgxknceshxxifwytalex-auth-token:0 (2.93.3) 2026-02-02T15:20:20.862Z #getSession() session from storage [1mnull[22m
GoTrueClient@sb-bgxknceshxxifwytalex-auth-token:0 (2.93.3) 2026-02-02T15:20:20.862Z #__loadSession() end

[90mstdout[2m | tests/property/scoped-roles-processing-efficiency.test.ts[2m > [22m[2mProperty 10: Scoped Roles Processing Efficiency[2m > [22m[2mProperty 10.9: Batch role hierarchy queries should maintain consistency
[22m[39mGoTrueClient@sb-bgxknceshxxifwytalex-auth-token:0 (2.93.3) 2026-02-02T15:20:20.863Z #_useSession end

[90mstdout[2m | tests/property/scoped-roles-processing-efficiency.test.ts[2m > [22m[2mProperty 10: Scoped Roles Processing Efficiency[2m > [22m[2mProperty 10.9: Batch role hierarchy queries should maintain consistency
[22m[39mGoTrueClient@sb-bgxknceshxxifwytalex-auth-token:0 (2.93.3) 2026-02-02T15:20:20.863Z #_useSession begin
GoTrueClient@sb-bgxknceshxxifwytalex-auth-token:0 (2.93.3) 2026-02-02T15:20:20.863Z #__loadSession() begin

[90mstdout[2m | tests/property/scoped-roles-processing-efficiency.test.ts[2m > [22m[2mProperty 10: Scoped Roles Processing Efficiency[2m > [22m[2mProperty 10.9: Batch role hierarchy queries should maintain consistency
[22m[39mGoTrueClient@sb-bgxknceshxxifwytalex-auth-token:0 (2.93.3) 2026-02-02T15:20:20.863Z #getSession() session from storage [1mnull[22m
GoTrueClient@sb-bgxknceshxxifwytalex-auth-token:0 (2.93.3) 2026-02-02T15:20:20.863Z #__loadSession() end

[90mstdout[2m | tests/property/scoped-roles-processing-efficiency.test.ts[2m > [22m[2mProperty 10: Scoped Roles Processing Efficiency[2m > [22m[2mProperty 10.9: Batch role hierarchy queries should maintain consistency
[22m[39mGoTrueClient@sb-bgxknceshxxifwytalex-auth-token:0 (2.93.3) 2026-02-02T15:20:20.864Z #_useSession end

[90mstdout[2m | tests/property/scoped-roles-processing-efficiency.test.ts[2m > [22m[2mProperty 10: Scoped Roles Processing Efficiency[2m > [22m[2mProperty 10.9: Batch role hierarchy queries should maintain consistency
[22m[39mGoTrueClient@sb-bgxknceshxxifwytalex-auth-token:0 (2.93.3) 2026-02-02T15:20:20.864Z #_useSession begin
GoTrueClient@sb-bgxknceshxxifwytalex-auth-token:0 (2.93.3) 2026-02-02T15:20:20.864Z #__loadSession() begin

[90mstdout[2m | tests/property/scoped-roles-processing-efficiency.test.ts[2m > [22m[2mProperty 10: Scoped Roles Processing Efficiency[2m > [22m[2mProperty 10.9: Batch role hierarchy queries should maintain consistency
[22m[39mGoTrueClient@sb-bgxknceshxxifwytalex-auth-token:0 (2.93.3) 2026-02-02T15:20:20.864Z #getSession() session from storage [1mnull[22m
GoTrueClient@sb-bgxknceshxxifwytalex-auth-token:0 (2.93.3) 2026-02-02T15:20:20.864Z #__loadSession() end

[90mstdout[2m | tests/property/scoped-roles-processing-efficiency.test.ts[2m > [22m[2mProperty 10: Scoped Roles Processing Efficiency[2m > [22m[2mProperty 10.9: Batch role hierarchy queries should maintain consistency
[22m[39mGoTrueClient@sb-bgxknceshxxifwytalex-auth-token:0 (2.93.3) 2026-02-02T15:20:20.864Z #_useSession end

[90mstdout[2m | tests/property/scoped-roles-processing-efficiency.test.ts[2m > [22m[2mProperty 10: Scoped Roles Processing Efficiency[2m > [22m[2mProperty 10.9: Batch role hierarchy queries should maintain consistency
[22m[39mGoTrueClient@sb-bgxknceshxxifwytalex-auth-token:0 (2.93.3) 2026-02-02T15:20:20.864Z #_useSession begin
GoTrueClient@sb-bgxknceshxxifwytalex-auth-token:0 (2.93.3) 2026-02-02T15:20:20.864Z #__loadSession() begin

[90mstdout[2m | tests/property/scoped-roles-processing-efficiency.test.ts[2m > [22m[2mProperty 10: Scoped Roles Processing Efficiency[2m > [22m[2mProperty 10.9: Batch role hierarchy queries should maintain consistency
[22m[39mGoTrueClient@sb-bgxknceshxxifwytalex-auth-token:0 (2.93.3) 2026-02-02T15:20:20.864Z #getSession() session from storage [1mnull[22m
GoTrueClient@sb-bgxknceshxxifwytalex-auth-token:0 (2.93.3) 2026-02-02T15:20:20.864Z #__loadSession() end

[90mstdout[2m | tests/property/scoped-roles-processing-efficiency.test.ts[2m > [22m[2mProperty 10: Scoped Roles Processing Efficiency[2m > [22m[2mProperty 10.9: Batch role hierarchy queries should maintain consistency
[22m[39mGoTrueClient@sb-bgxknceshxxifwytalex-auth-token:0 (2.93.3) 2026-02-02T15:20:20.865Z #_useSession end

[90mstdout[2m | tests/property/scoped-roles-processing-efficiency.test.ts[2m > [22m[2mProperty 10: Scoped Roles Processing Efficiency[2m > [22m[2mProperty 10.9: Batch role hierarchy queries should maintain consistency
[22m[39mGoTrueClient@sb-bgxknceshxxifwytalex-auth-token:0 (2.93.3) 2026-02-02T15:20:20.865Z #_useSession begin
GoTrueClient@sb-bgxknceshxxifwytalex-auth-token:0 (2.93.3) 2026-02-02T15:20:20.865Z #__loadSession() begin

[90mstdout[2m | tests/property/scoped-roles-processing-efficiency.test.ts[2m > [22m[2mProperty 10: Scoped Roles Processing Efficiency[2m > [22m[2mProperty 10.9: Batch role hierarchy queries should maintain consistency
[22m[39mGoTrueClient@sb-bgxknceshxxifwytalex-auth-token:0 (2.93.3) 2026-02-02T15:20:20.865Z #getSession() session from storage [1mnull[22m
GoTrueClient@sb-bgxknceshxxifwytalex-auth-token:0 (2.93.3) 2026-02-02T15:20:20.865Z #__loadSession() end

[90mstdout[2m | tests/property/scoped-roles-processing-efficiency.test.ts[2m > [22m[2mProperty 10: Scoped Roles Processing Efficiency[2m > [22m[2mProperty 10.9: Batch role hierarchy queries should maintain consistency
[22m[39mGoTrueClient@sb-bgxknceshxxifwytalex-auth-token:0 (2.93.3) 2026-02-02T15:20:20.865Z #_useSession end

[90mstdout[2m | tests/property/scoped-roles-processing-efficiency.test.ts[2m > [22m[2mProperty 10: Scoped Roles Processing Efficiency[2m > [22m[2mProperty 10.9: Batch role hierarchy queries should maintain consistency
[22m[39mGoTrueClient@sb-bgxknceshxxifwytalex-auth-token:0 (2.93.3) 2026-02-02T15:20:20.865Z #_useSession begin
GoTrueClient@sb-bgxknceshxxifwytalex-auth-token:0 (2.93.3) 2026-02-02T15:20:20.865Z #__loadSession() begin

[90mstdout[2m | tests/property/scoped-roles-processing-efficiency.test.ts[2m > [22m[2mProperty 10: Scoped Roles Processing Efficiency[2m > [22m[2mProperty 10.9: Batch role hierarchy queries should maintain consistency
[22m[39mGoTrueClient@sb-bgxknceshxxifwytalex-auth-token:0 (2.93.3) 2026-02-02T15:20:20.865Z #getSession() session from storage [1mnull[22m
GoTrueClient@sb-bgxknceshxxifwytalex-auth-token:0 (2.93.3) 2026-02-02T15:20:20.865Z #__loadSession() end

[90mstdout[2m | tests/property/scoped-roles-processing-efficiency.test.ts[2m > [22m[2mProperty 10: Scoped Roles Processing Efficiency[2m > [22m[2mProperty 10.9: Batch role hierarchy queries should maintain consistency
[22m[39mGoTrueClient@sb-bgxknceshxxifwytalex-auth-token:0 (2.93.3) 2026-02-02T15:20:20.866Z #_useSession end

[90mstdout[2m | tests/property/scoped-roles-processing-efficiency.test.ts[2m > [22m[2mProperty 10: Scoped Roles Processing Efficiency[2m > [22m[2mProperty 10.9: Batch role hierarchy queries should maintain consistency
[22m[39mGoTrueClient@sb-bgxknceshxxifwytalex-auth-token:0 (2.93.3) 2026-02-02T15:20:20.866Z #_useSession begin
GoTrueClient@sb-bgxknceshxxifwytalex-auth-token:0 (2.93.3) 2026-02-02T15:20:20.866Z #__loadSession() begin

[90mstdout[2m | tests/property/scoped-roles-processing-efficiency.test.ts[2m > [22m[2mProperty 10: Scoped Roles Processing Efficiency[2m > [22m[2mProperty 10.9: Batch role hierarchy queries should maintain consistency
[22m[39mGoTrueClient@sb-bgxknceshxxifwytalex-auth-token:0 (2.93.3) 2026-02-02T15:20:20.866Z #getSession() session from storage [1mnull[22m
GoTrueClient@sb-bgxknceshxxifwytalex-auth-token:0 (2.93.3) 2026-02-02T15:20:20.866Z #__loadSession() end

[90mstdout[2m | tests/property/scoped-roles-processing-efficiency.test.ts[2m > [22m[2mProperty 10: Scoped Roles Processing Efficiency[2m > [22m[2mProperty 10.9: Batch role hierarchy queries should maintain consistency
[22m[39mGoTrueClient@sb-bgxknceshxxifwytalex-auth-token:0 (2.93.3) 2026-02-02T15:20:20.866Z #_useSession end

[90mstdout[2m | tests/property/scoped-roles-processing-efficiency.test.ts[2m > [22m[2mProperty 10: Scoped Roles Processing Efficiency[2m > [22m[2mProperty 10.9: Batch role hierarchy queries should maintain consistency
[22m[39mGoTrueClient@sb-bgxknceshxxifwytalex-auth-token:0 (2.93.3) 2026-02-02T15:20:20.866Z #_useSession begin
GoTrueClient@sb-bgxknceshxxifwytalex-auth-token:0 (2.93.3) 2026-02-02T15:20:20.866Z #__loadSession() begin

[90mstdout[2m | tests/property/scoped-roles-processing-efficiency.test.ts[2m > [22m[2mProperty 10: Scoped Roles Processing Efficiency[2m > [22m[2mProperty 10.9: Batch role hierarchy queries should maintain consistency
[22m[39mGoTrueClient@sb-bgxknceshxxifwytalex-auth-token:0 (2.93.3) 2026-02-02T15:20:20.866Z #getSession() session from storage [1mnull[22m
GoTrueClient@sb-bgxknceshxxifwytalex-auth-token:0 (2.93.3) 2026-02-02T15:20:20.866Z #__loadSession() end

[90mstdout[2m | tests/property/scoped-roles-processing-efficiency.test.ts[2m > [22m[2mProperty 10: Scoped Roles Processing Efficiency[2m > [22m[2mProperty 10.9: Batch role hierarchy queries should maintain consistency
[22m[39mGoTrueClient@sb-bgxknceshxxifwytalex-auth-token:0 (2.93.3) 2026-02-02T15:20:20.867Z #_useSession end

[90mstdout[2m | tests/property/scoped-roles-processing-efficiency.test.ts[2m > [22m[2mProperty 10: Scoped Roles Processing Efficiency[2m > [22m[2mProperty 10.9: Batch role hierarchy queries should maintain consistency
[22m[39mGoTrueClient@sb-bgxknceshxxifwytalex-auth-token:0 (2.93.3) 2026-02-02T15:20:20.867Z #_useSession begin
GoTrueClient@sb-bgxknceshxxifwytalex-auth-token:0 (2.93.3) 2026-02-02T15:20:20.867Z #__loadSession() begin

[90mstdout[2m | tests/property/scoped-roles-processing-efficiency.test.ts[2m > [22m[2mProperty 10: Scoped Roles Processing Efficiency[2m > [22m[2mProperty 10.9: Batch role hierarchy queries should maintain consistency
[22m[39mGoTrueClient@sb-bgxknceshxxifwytalex-auth-token:0 (2.93.3) 2026-02-02T15:20:20.867Z #getSession() session from storage [1mnull[22m
GoTrueClient@sb-bgxknceshxxifwytalex-auth-token:0 (2.93.3) 2026-02-02T15:20:20.867Z #__loadSession() end

[90mstdout[2m | tests/property/scoped-roles-processing-efficiency.test.ts[2m > [22m[2mProperty 10: Scoped Roles Processing Efficiency[2m > [22m[2mProperty 10.9: Batch role hierarchy queries should maintain consistency
[22m[39mGoTrueClient@sb-bgxknceshxxifwytalex-auth-token:0 (2.93.3) 2026-02-02T15:20:20.867Z #_useSession end

[90mstdout[2m | tests/property/scoped-roles-processing-efficiency.test.ts[2m > [22m[2mProperty 10: Scoped Roles Processing Efficiency[2m > [22m[2mProperty 10.9: Batch role hierarchy queries should maintain consistency
[22m[39mGoTrueClient@sb-bgxknceshxxifwytalex-auth-token:0 (2.93.3) 2026-02-02T15:20:20.867Z #_useSession begin
GoTrueClient@sb-bgxknceshxxifwytalex-auth-token:0 (2.93.3) 2026-02-02T15:20:20.867Z #__loadSession() begin

[90mstdout[2m | tests/property/scoped-roles-processing-efficiency.test.ts[2m > [22m[2mProperty 10: Scoped Roles Processing Efficiency[2m > [22m[2mProperty 10.9: Batch role hierarchy queries should maintain consistency
[22m[39mGoTrueClient@sb-bgxknceshxxifwytalex-auth-token:0 (2.93.3) 2026-02-02T15:20:20.867Z #getSession() session from storage [1mnull[22m
GoTrueClient@sb-bgxknceshxxifwytalex-auth-token:0 (2.93.3) 2026-02-02T15:20:20.867Z #__loadSession() end

[90mstdout[2m | tests/property/scoped-roles-processing-efficiency.test.ts[2m > [22m[2mProperty 10: Scoped Roles Processing Efficiency[2m > [22m[2mProperty 10.9: Batch role hierarchy queries should maintain consistency
[22m[39mGoTrueClient@sb-bgxknceshxxifwytalex-auth-token:0 (2.93.3) 2026-02-02T15:20:20.868Z #_useSession end

[90mstdout[2m | tests/property/scoped-roles-processing-efficiency.test.ts[2m > [22m[2mProperty 10: Scoped Roles Processing Efficiency[2m > [22m[2mProperty 10.9: Batch role hierarchy queries should maintain consistency
[22m[39mGoTrueClient@sb-bgxknceshxxifwytalex-auth-token:0 (2.93.3) 2026-02-02T15:20:20.868Z #_useSession begin
GoTrueClient@sb-bgxknceshxxifwytalex-auth-token:0 (2.93.3) 2026-02-02T15:20:20.868Z #__loadSession() begin

[90mstdout[2m | tests/property/scoped-roles-processing-efficiency.test.ts[2m > [22m[2mProperty 10: Scoped Roles Processing Efficiency[2m > [22m[2mProperty 10.9: Batch role hierarchy queries should maintain consistency
[22m[39mGoTrueClient@sb-bgxknceshxxifwytalex-auth-token:0 (2.93.3) 2026-02-02T15:20:20.868Z #getSession() session from storage [1mnull[22m
GoTrueClient@sb-bgxknceshxxifwytalex-auth-token:0 (2.93.3) 2026-02-02T15:20:20.868Z #__loadSession() end

[90mstdout[2m | tests/property/scoped-roles-processing-efficiency.test.ts[2m > [22m[2mProperty 10: Scoped Roles Processing Efficiency[2m > [22m[2mProperty 10.9: Batch role hierarchy queries should maintain consistency
[22m[39mGoTrueClient@sb-bgxknceshxxifwytalex-auth-token:0 (2.93.3) 2026-02-02T15:20:20.868Z #_useSession end

[90mstdout[2m | tests/property/scoped-roles-processing-efficiency.test.ts[2m > [22m[2mProperty 10: Scoped Roles Processing Efficiency[2m > [22m[2mProperty 10.9: Batch role hierarchy queries should maintain consistency
[22m[39mGoTrueClient@sb-bgxknceshxxifwytalex-auth-token:0 (2.93.3) 2026-02-02T15:20:20.868Z #_useSession begin
GoTrueClient@sb-bgxknceshxxifwytalex-auth-token:0 (2.93.3) 2026-02-02T15:20:20.868Z #__loadSession() begin

[90mstdout[2m | tests/property/scoped-roles-processing-efficiency.test.ts[2m > [22m[2mProperty 10: Scoped Roles Processing Efficiency[2m > [22m[2mProperty 10.9: Batch role hierarchy queries should maintain consistency
[22m[39mGoTrueClient@sb-bgxknceshxxifwytalex-auth-token:0 (2.93.3) 2026-02-02T15:20:20.868Z #getSession() session from storage [1mnull[22m
GoTrueClient@sb-bgxknceshxxifwytalex-auth-token:0 (2.93.3) 2026-02-02T15:20:20.868Z #__loadSession() end

[90mstdout[2m | tests/property/scoped-roles-processing-efficiency.test.ts[2m > [22m[2mProperty 10: Scoped Roles Processing Efficiency[2m > [22m[2mProperty 10.9: Batch role hierarchy queries should maintain consistency
[22m[39mGoTrueClient@sb-bgxknceshxxifwytalex-auth-token:0 (2.93.3) 2026-02-02T15:20:20.869Z #_useSession end

[90mstdout[2m | tests/property/scoped-roles-processing-efficiency.test.ts[2m > [22m[2mProperty 10: Scoped Roles Processing Efficiency[2m > [22m[2mProperty 10.9: Batch role hierarchy queries should maintain consistency
[22m[39mGoTrueClient@sb-bgxknceshxxifwytalex-auth-token:0 (2.93.3) 2026-02-02T15:20:20.869Z #_useSession begin
GoTrueClient@sb-bgxknceshxxifwytalex-auth-token:0 (2.93.3) 2026-02-02T15:20:20.869Z #__loadSession() begin

[90mstdout[2m | tests/property/scoped-roles-processing-efficiency.test.ts[2m > [22m[2mProperty 10: Scoped Roles Processing Efficiency[2m > [22m[2mProperty 10.9: Batch role hierarchy queries should maintain consistency
[22m[39mGoTrueClient@sb-bgxknceshxxifwytalex-auth-token:0 (2.93.3) 2026-02-02T15:20:20.869Z #getSession() session from storage [1mnull[22m
GoTrueClient@sb-bgxknceshxxifwytalex-auth-token:0 (2.93.3) 2026-02-02T15:20:20.869Z #__loadSession() end

[90mstdout[2m | tests/property/scoped-roles-processing-efficiency.test.ts[2m > [22m[2mProperty 10: Scoped Roles Processing Efficiency[2m > [22m[2mProperty 10.9: Batch role hierarchy queries should maintain consistency
[22m[39mGoTrueClient@sb-bgxknceshxxifwytalex-auth-token:0 (2.93.3) 2026-02-02T15:20:20.869Z #_useSession end

[90mstdout[2m | tests/property/scoped-roles-processing-efficiency.test.ts[2m > [22m[2mProperty 10: Scoped Roles Processing Efficiency[2m > [22m[2mProperty 10.9: Batch role hierarchy queries should maintain consistency
[22m[39mGoTrueClient@sb-bgxknceshxxifwytalex-auth-token:0 (2.93.3) 2026-02-02T15:20:20.869Z #_useSession begin
GoTrueClient@sb-bgxknceshxxifwytalex-auth-token:0 (2.93.3) 2026-02-02T15:20:20.869Z #__loadSession() begin

[90mstdout[2m | tests/property/scoped-roles-processing-efficiency.test.ts[2m > [22m[2mProperty 10: Scoped Roles Processing Efficiency[2m > [22m[2mProperty 10.9: Batch role hierarchy queries should maintain consistency
[22m[39mGoTrueClient@sb-bgxknceshxxifwytalex-auth-token:0 (2.93.3) 2026-02-02T15:20:20.869Z #getSession() session from storage [1mnull[22m
GoTrueClient@sb-bgxknceshxxifwytalex-auth-token:0 (2.93.3) 2026-02-02T15:20:20.869Z #__loadSession() end

[90mstdout[2m | tests/property/scoped-roles-processing-efficiency.test.ts[2m > [22m[2mProperty 10: Scoped Roles Processing Efficiency[2m > [22m[2mProperty 10.9: Batch role hierarchy queries should maintain consistency
[22m[39mGoTrueClient@sb-bgxknceshxxifwytalex-auth-token:0 (2.93.3) 2026-02-02T15:20:20.870Z #_useSession end

[90mstdout[2m | tests/property/scoped-roles-processing-efficiency.test.ts[2m > [22m[2mProperty 10: Scoped Roles Processing Efficiency[2m > [22m[2mProperty 10.9: Batch role hierarchy queries should maintain consistency
[22m[39mGoTrueClient@sb-bgxknceshxxifwytalex-auth-token:0 (2.93.3) 2026-02-02T15:20:20.870Z #_useSession begin
GoTrueClient@sb-bgxknceshxxifwytalex-auth-token:0 (2.93.3) 2026-02-02T15:20:20.870Z #__loadSession() begin

[90mstdout[2m | tests/property/scoped-roles-processing-efficiency.test.ts[2m > [22m[2mProperty 10: Scoped Roles Processing Efficiency[2m > [22m[2mProperty 10.9: Batch role hierarchy queries should maintain consistency
[22m[39mGoTrueClient@sb-bgxknceshxxifwytalex-auth-token:0 (2.93.3) 2026-02-02T15:20:20.870Z #getSession() session from storage [1mnull[22m
GoTrueClient@sb-bgxknceshxxifwytalex-auth-token:0 (2.93.3) 2026-02-02T15:20:20.870Z #__loadSession() end

[90mstdout[2m | tests/property/scoped-roles-processing-efficiency.test.ts[2m > [22m[2mProperty 10: Scoped Roles Processing Efficiency[2m > [22m[2mProperty 10.9: Batch role hierarchy queries should maintain consistency
[22m[39mGoTrueClient@sb-bgxknceshxxifwytalex-auth-token:0 (2.93.3) 2026-02-02T15:20:20.871Z #_useSession end

[90mstdout[2m | tests/property/scoped-roles-processing-efficiency.test.ts[2m > [22m[2mProperty 10: Scoped Roles Processing Efficiency[2m > [22m[2mProperty 10.9: Batch role hierarchy queries should maintain consistency
[22m[39mGoTrueClient@sb-bgxknceshxxifwytalex-auth-token:0 (2.93.3) 2026-02-02T15:20:20.872Z #_useSession begin
GoTrueClient@sb-bgxknceshxxifwytalex-auth-token:0 (2.93.3) 2026-02-02T15:20:20.872Z #__loadSession() begin

[90mstdout[2m | tests/property/scoped-roles-processing-efficiency.test.ts[2m > [22m[2mProperty 10: Scoped Roles Processing Efficiency[2m > [22m[2mProperty 10.9: Batch role hierarchy queries should maintain consistency
[22m[39mGoTrueClient@sb-bgxknceshxxifwytalex-auth-token:0 (2.93.3) 2026-02-02T15:20:20.872Z #getSession() session from storage [1mnull[22m
GoTrueClient@sb-bgxknceshxxifwytalex-auth-token:0 (2.93.3) 2026-02-02T15:20:20.872Z #__loadSession() end

[90mstdout[2m | tests/property/scoped-roles-processing-efficiency.test.ts[2m > [22m[2mProperty 10: Scoped Roles Processing Efficiency[2m > [22m[2mProperty 10.9: Batch role hierarchy queries should maintain consistency
[22m[39mGoTrueClient@sb-bgxknceshxxifwytalex-auth-token:0 (2.93.3) 2026-02-02T15:20:20.873Z #_useSession end

[90mstdout[2m | tests/property/scoped-roles-processing-efficiency.test.ts[2m > [22m[2mProperty 10: Scoped Roles Processing Efficiency[2m > [22m[2mProperty 10.9: Batch role hierarchy queries should maintain consistency
[22m[39mGoTrueClient@sb-bgxknceshxxifwytalex-auth-token:0 (2.93.3) 2026-02-02T15:20:20.873Z #_useSession begin
GoTrueClient@sb-bgxknceshxxifwytalex-auth-token:0 (2.93.3) 2026-02-02T15:20:20.873Z #__loadSession() begin

[90mstdout[2m | tests/property/scoped-roles-processing-efficiency.test.ts[2m > [22m[2mProperty 10: Scoped Roles Processing Efficiency[2m > [22m[2mProperty 10.9: Batch role hierarchy queries should maintain consistency
[22m[39mGoTrueClient@sb-bgxknceshxxifwytalex-auth-token:0 (2.93.3) 2026-02-02T15:20:20.873Z #getSession() session from storage [1mnull[22m
GoTrueClient@sb-bgxknceshxxifwytalex-auth-token:0 (2.93.3) 2026-02-02T15:20:20.873Z #__loadSession() end

[90mstdout[2m | tests/property/scoped-roles-processing-efficiency.test.ts[2m > [22m[2mProperty 10: Scoped Roles Processing Efficiency[2m > [22m[2mProperty 10.9: Batch role hierarchy queries should maintain consistency
[22m[39mGoTrueClient@sb-bgxknceshxxifwytalex-auth-token:0 (2.93.3) 2026-02-02T15:20:20.873Z #_useSession end

[90mstdout[2m | tests/property/scoped-roles-processing-efficiency.test.ts[2m > [22m[2mProperty 10: Scoped Roles Processing Efficiency[2m > [22m[2mProperty 10.9: Batch role hierarchy queries should maintain consistency
[22m[39mGoTrueClient@sb-bgxknceshxxifwytalex-auth-token:0 (2.93.3) 2026-02-02T15:20:20.874Z #_useSession begin
GoTrueClient@sb-bgxknceshxxifwytalex-auth-token:0 (2.93.3) 2026-02-02T15:20:20.874Z #__loadSession() begin

[90mstdout[2m | tests/property/scoped-roles-processing-efficiency.test.ts[2m > [22m[2mProperty 10: Scoped Roles Processing Efficiency[2m > [22m[2mProperty 10.9: Batch role hierarchy queries should maintain consistency
[22m[39mGoTrueClient@sb-bgxknceshxxifwytalex-auth-token:0 (2.93.3) 2026-02-02T15:20:20.874Z #getSession() session from storage [1mnull[22m
GoTrueClient@sb-bgxknceshxxifwytalex-auth-token:0 (2.93.3) 2026-02-02T15:20:20.874Z #__loadSession() end

[90mstdout[2m | tests/property/scoped-roles-processing-efficiency.test.ts[2m > [22m[2mProperty 10: Scoped Roles Processing Efficiency[2m > [22m[2mProperty 10.9: Batch role hierarchy queries should maintain consistency
[22m[39mGoTrueClient@sb-bgxknceshxxifwytalex-auth-token:0 (2.93.3) 2026-02-02T15:20:20.874Z #_useSession end

[90mstdout[2m | tests/property/scoped-roles-processing-efficiency.test.ts[2m > [22m[2mProperty 10: Scoped Roles Processing Efficiency[2m > [22m[2mProperty 10.9: Batch role hierarchy queries should maintain consistency
[22m[39mGoTrueClient@sb-bgxknceshxxifwytalex-auth-token:0 (2.93.3) 2026-02-02T15:20:20.874Z #_acquireLock lock released for storage key sb-bgxknceshxxifwytalex-auth-token

[90mstdout[2m | tests/property/scoped-roles-processing-efficiency.test.ts[2m > [22m[2mProperty 10: Scoped Roles Processing Efficiency[2m > [22m[2mProperty 10.9: Batch role hierarchy queries should maintain consistency
[22m[39mGoTrueClient@sb-bgxknceshxxifwytalex-auth-token:0 (2.93.3) 2026-02-02T15:20:20.875Z #_acquireLock end

stderr | tests/property/scoped-roles-processing-efficiency.test.ts > Property 10: Scoped Roles Processing Efficiency > Property 10.9: Batch role hierarchy queries should maintain consistency
Error fetching project roles: {
  code: 'PGRST200',
  details: "Searched for a foreign key relationship between 'project_roles' and 'user_profiles' in the schema 'public', but no matches were found.",
  hint: null,
  message: "Could not find a relationship between 'project_roles' and 'user_profiles' in the schema cache"
}

[90mstdout[2m | tests/property/scoped-roles-processing-efficiency.test.ts[2m > [22m[2mProperty 10: Scoped Roles Processing Efficiency[2m > [22m[2mProperty 10.9: Batch role hierarchy queries should maintain consistency
[22m[39mGoTrueClient@sb-bgxknceshxxifwytalex-auth-token:0 (2.93.3) 2026-02-02T15:20:20.883Z #_acquireLock begin [33m10000[39m
GoTrueClient@sb-bgxknceshxxifwytalex-auth-token:0 (2.93.3) 2026-02-02T15:20:20.883Z #_acquireLock lock acquired for storage key sb-bgxknceshxxifwytalex-auth-token
GoTrueClient@sb-bgxknceshxxifwytalex-auth-token:0 (2.93.3) 2026-02-02T15:20:20.883Z #_useSession begin
GoTrueClient@sb-bgxknceshxxifwytalex-auth-token:0 (2.93.3) 2026-02-02T15:20:20.883Z #__loadSession() begin

[90mstdout[2m | tests/property/scoped-roles-processing-efficiency.test.ts[2m > [22m[2mProperty 10: Scoped Roles Processing Efficiency[2m > [22m[2mProperty 10.9: Batch role hierarchy queries should maintain consistency
[22m[39mGoTrueClient@sb-bgxknceshxxifwytalex-auth-token:0 (2.93.3) 2026-02-02T15:20:20.883Z #getSession() session from storage [1mnull[22m
GoTrueClient@sb-bgxknceshxxifwytalex-auth-token:0 (2.93.3) 2026-02-02T15:20:20.883Z #__loadSession() end

[90mstdout[2m | tests/property/scoped-roles-processing-efficiency.test.ts[2m > [22m[2mProperty 10: Scoped Roles Processing Efficiency[2m > [22m[2mProperty 10.9: Batch role hierarchy queries should maintain consistency
[22m[39mGoTrueClient@sb-bgxknceshxxifwytalex-auth-token:0 (2.93.3) 2026-02-02T15:20:20.883Z #_useSession end

[90mstdout[2m | tests/property/scoped-roles-processing-efficiency.test.ts[2m > [22m[2mProperty 10: Scoped Roles Processing Efficiency[2m > [22m[2mProperty 10.9: Batch role hierarchy queries should maintain consistency
[22m[39mGoTrueClient@sb-bgxknceshxxifwytalex-auth-token:0 (2.93.3) 2026-02-02T15:20:20.883Z #_acquireLock lock released for storage key sb-bgxknceshxxifwytalex-auth-token

[90mstdout[2m | tests/property/scoped-roles-processing-efficiency.test.ts[2m > [22m[2mProperty 10: Scoped Roles Processing Efficiency[2m > [22m[2mProperty 10.9: Batch role hierarchy queries should maintain consistency
[22m[39mGoTrueClient@sb-bgxknceshxxifwytalex-auth-token:0 (2.93.3) 2026-02-02T15:20:20.883Z #_acquireLock end

stderr | tests/property/scoped-roles-processing-efficiency.test.ts > Property 10: Scoped Roles Processing Efficiency > Property 10.9: Batch role hierarchy queries should maintain consistency
Error fetching org roles: {
  code: 'PGRST200',
  details: "Searched for a foreign key relationship between 'org_roles' and 'user_profiles' in the schema 'public', but no matches were found.",
  hint: null,
  message: "Could not find a relationship between 'org_roles' and 'user_profiles' in the schema cache"
}

[90mstdout[2m | tests/property/scoped-roles-processing-efficiency.test.ts[2m > [22m[2mProperty 10: Scoped Roles Processing Efficiency[2m > [22m[2mProperty 10.9: Batch role hierarchy queries should maintain consistency
[22m[39mGoTrueClient@sb-bgxknceshxxifwytalex-auth-token:0 (2.93.3) 2026-02-02T15:20:21.029Z #_acquireLock begin [33m10000[39m
GoTrueClient@sb-bgxknceshxxifwytalex-auth-token:0 (2.93.3) 2026-02-02T15:20:21.029Z #_acquireLock lock acquired for storage key sb-bgxknceshxxifwytalex-auth-token
GoTrueClient@sb-bgxknceshxxifwytalex-auth-token:0 (2.93.3) 2026-02-02T15:20:21.029Z #_useSession begin
GoTrueClient@sb-bgxknceshxxifwytalex-auth-token:0 (2.93.3) 2026-02-02T15:20:21.029Z #__loadSession() begin

[90mstdout[2m | tests/property/scoped-roles-processing-efficiency.test.ts[2m > [22m[2mProperty 10: Scoped Roles Processing Efficiency[2m > [22m[2mProperty 10.9: Batch role hierarchy queries should maintain consistency
[22m[39mGoTrueClient@sb-bgxknceshxxifwytalex-auth-token:0 (2.93.3) 2026-02-02T15:20:21.029Z #getSession() session from storage [1mnull[22m
GoTrueClient@sb-bgxknceshxxifwytalex-auth-token:0 (2.93.3) 2026-02-02T15:20:21.029Z #__loadSession() end

[90mstdout[2m | tests/property/scoped-roles-processing-efficiency.test.ts[2m > [22m[2mProperty 10: Scoped Roles Processing Efficiency[2m > [22m[2mProperty 10.9: Batch role hierarchy queries should maintain consistency
[22m[39mGoTrueClient@sb-bgxknceshxxifwytalex-auth-token:0 (2.93.3) 2026-02-02T15:20:21.029Z #_useSession end

[90mstdout[2m | tests/property/scoped-roles-processing-efficiency.test.ts[2m > [22m[2mProperty 10: Scoped Roles Processing Efficiency[2m > [22m[2mProperty 10.9: Batch role hierarchy queries should maintain consistency
[22m[39mGoTrueClient@sb-bgxknceshxxifwytalex-auth-token:0 (2.93.3) 2026-02-02T15:20:21.029Z #_acquireLock lock released for storage key sb-bgxknceshxxifwytalex-auth-token

[90mstdout[2m | tests/property/scoped-roles-processing-efficiency.test.ts[2m > [22m[2mProperty 10: Scoped Roles Processing Efficiency[2m > [22m[2mProperty 10.9: Batch role hierarchy queries should maintain consistency
[22m[39mGoTrueClient@sb-bgxknceshxxifwytalex-auth-token:0 (2.93.3) 2026-02-02T15:20:21.029Z #_acquireLock end

[90mstdout[2m | tests/property/scoped-roles-processing-efficiency.test.ts[2m > [22m[2mProperty 10: Scoped Roles Processing Efficiency[2m > [22m[2mProperty 10.9: Batch role hierarchy queries should maintain consistency
[22m[39mGoTrueClient@sb-bgxknceshxxifwytalex-auth-token:0 (2.93.3) 2026-02-02T15:20:21.033Z #_acquireLock begin [33m10000[39m
GoTrueClient@sb-bgxknceshxxifwytalex-auth-token:0 (2.93.3) 2026-02-02T15:20:21.033Z #_acquireLock lock acquired for storage key sb-bgxknceshxxifwytalex-auth-token
GoTrueClient@sb-bgxknceshxxifwytalex-auth-token:0 (2.93.3) 2026-02-02T15:20:21.033Z #_useSession begin
GoTrueClient@sb-bgxknceshxxifwytalex-auth-token:0 (2.93.3) 2026-02-02T15:20:21.033Z #__loadSession() begin

[90mstdout[2m | tests/property/scoped-roles-processing-efficiency.test.ts[2m > [22m[2mProperty 10: Scoped Roles Processing Efficiency[2m > [22m[2mProperty 10.9: Batch role hierarchy queries should maintain consistency
[22m[39mGoTrueClient@sb-bgxknceshxxifwytalex-auth-token:0 (2.93.3) 2026-02-02T15:20:21.033Z #getSession() session from storage [1mnull[22m
GoTrueClient@sb-bgxknceshxxifwytalex-auth-token:0 (2.93.3) 2026-02-02T15:20:21.033Z #__loadSession() end

[90mstdout[2m | tests/property/scoped-roles-processing-efficiency.test.ts[2m > [22m[2mProperty 10: Scoped Roles Processing Efficiency[2m > [22m[2mProperty 10.9: Batch role hierarchy queries should maintain consistency
[22m[39mGoTrueClient@sb-bgxknceshxxifwytalex-auth-token:0 (2.93.3) 2026-02-02T15:20:21.033Z #_useSession end

[90mstdout[2m | tests/property/scoped-roles-processing-efficiency.test.ts[2m > [22m[2mProperty 10: Scoped Roles Processing Efficiency[2m > [22m[2mProperty 10.9: Batch role hierarchy queries should maintain consistency
[22m[39mGoTrueClient@sb-bgxknceshxxifwytalex-auth-token:0 (2.93.3) 2026-02-02T15:20:21.033Z #_acquireLock lock released for storage key sb-bgxknceshxxifwytalex-auth-token

[90mstdout[2m | tests/property/scoped-roles-processing-efficiency.test.ts[2m > [22m[2mProperty 10: Scoped Roles Processing Efficiency[2m > [22m[2mProperty 10.9: Batch role hierarchy queries should maintain consistency
[22m[39mGoTrueClient@sb-bgxknceshxxifwytalex-auth-token:0 (2.93.3) 2026-02-02T15:20:21.033Z #_acquireLock end

stderr | tests/property/scoped-roles-processing-efficiency.test.ts > Property 10: Scoped Roles Processing Efficiency > Property 10.9: Batch role hierarchy queries should maintain consistency
Error fetching org roles: {
  code: 'PGRST200',
  details: "Searched for a foreign key relationship between 'org_roles' and 'user_profiles' in the schema 'public', but no matches were found.",
  hint: null,
  message: "Could not find a relationship between 'org_roles' and 'user_profiles' in the schema cache"
}

[90mstdout[2m | tests/property/scoped-roles-processing-efficiency.test.ts[2m > [22m[2mProperty 10: Scoped Roles Processing Efficiency[2m > [22m[2mProperty 10.9: Batch role hierarchy queries should maintain consistency
[22m[39mGoTrueClient@sb-bgxknceshxxifwytalex-auth-token:0 (2.93.3) 2026-02-02T15:20:21.035Z #_acquireLock begin [33m10000[39m
GoTrueClient@sb-bgxknceshxxifwytalex-auth-token:0 (2.93.3) 2026-02-02T15:20:21.035Z #_acquireLock lock acquired for storage key sb-bgxknceshxxifwytalex-auth-token
GoTrueClient@sb-bgxknceshxxifwytalex-auth-token:0 (2.93.3) 2026-02-02T15:20:21.035Z #_useSession begin
GoTrueClient@sb-bgxknceshxxifwytalex-auth-token:0 (2.93.3) 2026-02-02T15:20:21.035Z #__loadSession() begin

[90mstdout[2m | tests/property/scoped-roles-processing-efficiency.test.ts[2m > [22m[2mProperty 10: Scoped Roles Processing Efficiency[2m > [22m[2mProperty 10.9: Batch role hierarchy queries should maintain consistency
[22m[39mGoTrueClient@sb-bgxknceshxxifwytalex-auth-token:0 (2.93.3) 2026-02-02T15:20:21.035Z #getSession() session from storage [1mnull[22m
GoTrueClient@sb-bgxknceshxxifwytalex-auth-token:0 (2.93.3) 2026-02-02T15:20:21.035Z #__loadSession() end

[90mstdout[2m | tests/property/scoped-roles-processing-efficiency.test.ts[2m > [22m[2mProperty 10: Scoped Roles Processing Efficiency[2m > [22m[2mProperty 10.9: Batch role hierarchy queries should maintain consistency
[22m[39mGoTrueClient@sb-bgxknceshxxifwytalex-auth-token:0 (2.93.3) 2026-02-02T15:20:21.035Z #_useSession end

[90mstdout[2m | tests/property/scoped-roles-processing-efficiency.test.ts[2m > [22m[2mProperty 10: Scoped Roles Processing Efficiency[2m > [22m[2mProperty 10.9: Batch role hierarchy queries should maintain consistency
[22m[39mGoTrueClient@sb-bgxknceshxxifwytalex-auth-token:0 (2.93.3) 2026-02-02T15:20:21.035Z #_acquireLock lock released for storage key sb-bgxknceshxxifwytalex-auth-token

[90mstdout[2m | tests/property/scoped-roles-processing-efficiency.test.ts[2m > [22m[2mProperty 10: Scoped Roles Processing Efficiency[2m > [22m[2mProperty 10.9: Batch role hierarchy queries should maintain consistency
[22m[39mGoTrueClient@sb-bgxknceshxxifwytalex-auth-token:0 (2.93.3) 2026-02-02T15:20:21.035Z #_acquireLock end

stderr | tests/property/scoped-roles-processing-efficiency.test.ts > Property 10: Scoped Roles Processing Efficiency > Property 10.9: Batch role hierarchy queries should maintain consistency
Error fetching project roles: {
  code: 'PGRST200',
  details: "Searched for a foreign key relationship between 'project_roles' and 'user_profiles' in the schema 'public', but no matches were found.",
  hint: null,
  message: "Could not find a relationship between 'project_roles' and 'user_profiles' in the schema cache"
}

[90mstdout[2m | tests/property/scoped-roles-processing-efficiency.test.ts[2m > [22m[2mProperty 10: Scoped Roles Processing Efficiency[2m > [22m[2mProperty 10.9: Batch role hierarchy queries should maintain consistency
[22m[39mGoTrueClient@sb-bgxknceshxxifwytalex-auth-token:0 (2.93.3) 2026-02-02T15:20:21.039Z #_acquireLock begin [33m10000[39m
GoTrueClient@sb-bgxknceshxxifwytalex-auth-token:0 (2.93.3) 2026-02-02T15:20:21.039Z #_acquireLock lock acquired for storage key sb-bgxknceshxxifwytalex-auth-token
GoTrueClient@sb-bgxknceshxxifwytalex-auth-token:0 (2.93.3) 2026-02-02T15:20:21.039Z #_useSession begin
GoTrueClient@sb-bgxknceshxxifwytalex-auth-token:0 (2.93.3) 2026-02-02T15:20:21.039Z #__loadSession() begin

[90mstdout[2m | tests/property/scoped-roles-processing-efficiency.test.ts[2m > [22m[2mProperty 10: Scoped Roles Processing Efficiency[2m > [22m[2mProperty 10.9: Batch role hierarchy queries should maintain consistency
[22m[39mGoTrueClient@sb-bgxknceshxxifwytalex-auth-token:0 (2.93.3) 2026-02-02T15:20:21.039Z #getSession() session from storage [1mnull[22m
GoTrueClient@sb-bgxknceshxxifwytalex-auth-token:0 (2.93.3) 2026-02-02T15:20:21.039Z #__loadSession() end

[90mstdout[2m | tests/property/scoped-roles-processing-efficiency.test.ts[2m > [22m[2mProperty 10: Scoped Roles Processing Efficiency[2m > [22m[2mProperty 10.9: Batch role hierarchy queries should maintain consistency
[22m[39mGoTrueClient@sb-bgxknceshxxifwytalex-auth-token:0 (2.93.3) 2026-02-02T15:20:21.040Z #_useSession end

[90mstdout[2m | tests/property/scoped-roles-processing-efficiency.test.ts[2m > [22m[2mProperty 10: Scoped Roles Processing Efficiency[2m > [22m[2mProperty 10.9: Batch role hierarchy queries should maintain consistency
[22m[39mGoTrueClient@sb-bgxknceshxxifwytalex-auth-token:0 (2.93.3) 2026-02-02T15:20:21.040Z #_acquireLock lock released for storage key sb-bgxknceshxxifwytalex-auth-token

[90mstdout[2m | tests/property/scoped-roles-processing-efficiency.test.ts[2m > [22m[2mProperty 10: Scoped Roles Processing Efficiency[2m > [22m[2mProperty 10.9: Batch role hierarchy queries should maintain consistency
[22m[39mGoTrueClient@sb-bgxknceshxxifwytalex-auth-token:0 (2.93.3) 2026-02-02T15:20:21.040Z #_acquireLock end

stderr | tests/property/scoped-roles-processing-efficiency.test.ts > Property 10: Scoped Roles Processing Efficiency > Property 10.9: Batch role hierarchy queries should maintain consistency
Error fetching org roles: {
  code: 'PGRST200',
  details: "Searched for a foreign key relationship between 'org_roles' and 'user_profiles' in the schema 'public', but no matches were found.",
  hint: null,
  message: "Could not find a relationship between 'org_roles' and 'user_profiles' in the schema cache"
}

stderr | tests/property/scoped-roles-processing-efficiency.test.ts > Property 10: Scoped Roles Processing Efficiency > Property 10.9: Batch role hierarchy queries should maintain consistency
Error fetching org roles: {
  code: 'PGRST200',
  details: "Searched for a foreign key relationship between 'org_roles' and 'user_profiles' in the schema 'public', but no matches were found.",
  hint: null,
  message: "Could not find a relationship between 'org_roles' and 'user_profiles' in the schema cache"
}

stderr | tests/property/scoped-roles-processing-efficiency.test.ts > Property 10: Scoped Roles Processing Efficiency > Property 10.9: Batch role hierarchy queries should maintain consistency
Error fetching org roles: {
  code: 'PGRST200',
  details: "Searched for a foreign key relationship between 'org_roles' and 'user_profiles' in the schema 'public', but no matches were found.",
  hint: null,
  message: "Could not find a relationship between 'org_roles' and 'user_profiles' in the schema cache"
}

stderr | tests/property/scoped-roles-processing-efficiency.test.ts > Property 10: Scoped Roles Processing Efficiency > Property 10.9: Batch role hierarchy queries should maintain consistency
Error fetching org roles: {
  code: 'PGRST200',
  details: "Searched for a foreign key relationship between 'org_roles' and 'user_profiles' in the schema 'public', but no matches were found.",
  hint: null,
  message: "Could not find a relationship between 'org_roles' and 'user_profiles' in the schema cache"
}

stderr | tests/property/scoped-roles-processing-efficiency.test.ts > Property 10: Scoped Roles Processing Efficiency > Property 10.9: Batch role hierarchy queries should maintain consistency
Error fetching org roles: {
  code: 'PGRST200',
  details: "Searched for a foreign key relationship between 'org_roles' and 'user_profiles' in the schema 'public', but no matches were found.",
  hint: null,
  message: "Could not find a relationship between 'org_roles' and 'user_profiles' in the schema cache"
}

stderr | tests/property/scoped-roles-processing-efficiency.test.ts > Property 10: Scoped Roles Processing Efficiency > Property 10.9: Batch role hierarchy queries should maintain consistency
Error fetching org roles: {
  code: 'PGRST200',
  details: "Searched for a foreign key relationship between 'org_roles' and 'user_profiles' in the schema 'public', but no matches were found.",
  hint: null,
  message: "Could not find a relationship between 'org_roles' and 'user_profiles' in the schema cache"
}

stderr | tests/property/scoped-roles-processing-efficiency.test.ts > Property 10: Scoped Roles Processing Efficiency > Property 10.9: Batch role hierarchy queries should maintain consistency
Error fetching org roles: {
  code: 'PGRST200',
  details: "Searched for a foreign key relationship between 'org_roles' and 'user_profiles' in the schema 'public', but no matches were found.",
  hint: null,
  message: "Could not find a relationship between 'org_roles' and 'user_profiles' in the schema cache"
}

stderr | tests/property/scoped-roles-processing-efficiency.test.ts > Property 10: Scoped Roles Processing Efficiency > Property 10.9: Batch role hierarchy queries should maintain consistency
Error fetching org roles: {
  code: 'PGRST200',
  details: "Searched for a foreign key relationship between 'org_roles' and 'user_profiles' in the schema 'public', but no matches were found.",
  hint: null,
  message: "Could not find a relationship between 'org_roles' and 'user_profiles' in the schema cache"
}

stderr | tests/property/scoped-roles-processing-efficiency.test.ts > Property 10: Scoped Roles Processing Efficiency > Property 10.9: Batch role hierarchy queries should maintain consistency
Error fetching org roles: {
  code: 'PGRST200',
  details: "Searched for a foreign key relationship between 'org_roles' and 'user_profiles' in the schema 'public', but no matches were found.",
  hint: null,
  message: "Could not find a relationship between 'org_roles' and 'user_profiles' in the schema cache"
}

stderr | tests/property/scoped-roles-processing-efficiency.test.ts > Property 10: Scoped Roles Processing Efficiency > Property 10.9: Batch role hierarchy queries should maintain consistency
Error fetching org roles: {
  code: 'PGRST200',
  details: "Searched for a foreign key relationship between 'org_roles' and 'user_profiles' in the schema 'public', but no matches were found.",
  hint: null,
  message: "Could not find a relationship between 'org_roles' and 'user_profiles' in the schema cache"
}

stderr | tests/property/scoped-roles-processing-efficiency.test.ts > Property 10: Scoped Roles Processing Efficiency > Property 10.9: Batch role hierarchy queries should maintain consistency
Error fetching org roles: {
  code: 'PGRST200',
  details: "Searched for a foreign key relationship between 'org_roles' and 'user_profiles' in the schema 'public', but no matches were found.",
  hint: null,
  message: "Could not find a relationship between 'org_roles' and 'user_profiles' in the schema cache"
}

stderr | tests/property/scoped-roles-processing-efficiency.test.ts > Property 10: Scoped Roles Processing Efficiency > Property 10.9: Batch role hierarchy queries should maintain consistency
Error fetching org roles: {
  code: 'PGRST200',
  details: "Searched for a foreign key relationship between 'org_roles' and 'user_profiles' in the schema 'public', but no matches were found.",
  hint: null,
  message: "Could not find a relationship between 'org_roles' and 'user_profiles' in the schema cache"
}

stderr | tests/property/scoped-roles-processing-efficiency.test.ts > Property 10: Scoped Roles Processing Efficiency > Property 10.9: Batch role hierarchy queries should maintain consistency
Error fetching org roles: {
  code: 'PGRST200',
  details: "Searched for a foreign key relationship between 'org_roles' and 'user_profiles' in the schema 'public', but no matches were found.",
  hint: null,
  message: "Could not find a relationship between 'org_roles' and 'user_profiles' in the schema cache"
}

stderr | tests/property/scoped-roles-processing-efficiency.test.ts > Property 10: Scoped Roles Processing Efficiency > Property 10.9: Batch role hierarchy queries should maintain consistency
Error fetching org roles: {
  code: 'PGRST200',
  details: "Searched for a foreign key relationship between 'org_roles' and 'user_profiles' in the schema 'public', but no matches were found.",
  hint: null,
  message: "Could not find a relationship between 'org_roles' and 'user_profiles' in the schema cache"
}

stderr | tests/property/scoped-roles-processing-efficiency.test.ts > Property 10: Scoped Roles Processing Efficiency > Property 10.9: Batch role hierarchy queries should maintain consistency
Error fetching org roles: {
  code: 'PGRST200',
  details: "Searched for a foreign key relationship between 'org_roles' and 'user_profiles' in the schema 'public', but no matches were found.",
  hint: null,
  message: "Could not find a relationship between 'org_roles' and 'user_profiles' in the schema cache"
}

stderr | tests/property/scoped-roles-processing-efficiency.test.ts > Property 10: Scoped Roles Processing Efficiency > Property 10.9: Batch role hierarchy queries should maintain consistency
Error fetching org roles: {
  code: 'PGRST200',
  details: "Searched for a foreign key relationship between 'org_roles' and 'user_profiles' in the schema 'public', but no matches were found.",
  hint: null,
  message: "Could not find a relationship between 'org_roles' and 'user_profiles' in the schema cache"
}

stderr | tests/property/scoped-roles-processing-efficiency.test.ts > Property 10: Scoped Roles Processing Efficiency > Property 10.9: Batch role hierarchy queries should maintain consistency
Error fetching org roles: {
  code: 'PGRST200',
  details: "Searched for a foreign key relationship between 'org_roles' and 'user_profiles' in the schema 'public', but no matches were found.",
  hint: null,
  message: "Could not find a relationship between 'org_roles' and 'user_profiles' in the schema cache"
}

stderr | tests/property/scoped-roles-processing-efficiency.test.ts > Property 10: Scoped Roles Processing Efficiency > Property 10.9: Batch role hierarchy queries should maintain consistency
Error fetching org roles: {
  code: 'PGRST200',
  details: "Searched for a foreign key relationship between 'org_roles' and 'user_profiles' in the schema 'public', but no matches were found.",
  hint: null,
  message: "Could not find a relationship between 'org_roles' and 'user_profiles' in the schema cache"
}

stderr | tests/property/scoped-roles-processing-efficiency.test.ts > Property 10: Scoped Roles Processing Efficiency > Property 10.9: Batch role hierarchy queries should maintain consistency
Error fetching project roles: {
  code: 'PGRST200',
  details: "Searched for a foreign key relationship between 'project_roles' and 'user_profiles' in the schema 'public', but no matches were found.",
  hint: null,
  message: "Could not find a relationship between 'project_roles' and 'user_profiles' in the schema cache"
}

[90mstdout[2m | tests/property/scoped-roles-processing-efficiency.test.ts[2m > [22m[2mProperty 10: Scoped Roles Processing Efficiency[2m > [22m[2mProperty 10.9: Batch role hierarchy queries should maintain consistency
[22m[39mGoTrueClient@sb-bgxknceshxxifwytalex-auth-token:0 (2.93.3) 2026-02-02T15:20:21.108Z #_acquireLock begin [33m10000[39m
GoTrueClient@sb-bgxknceshxxifwytalex-auth-token:0 (2.93.3) 2026-02-02T15:20:21.108Z #_acquireLock lock acquired for storage key sb-bgxknceshxxifwytalex-auth-token
GoTrueClient@sb-bgxknceshxxifwytalex-auth-token:0 (2.93.3) 2026-02-02T15:20:21.108Z #_useSession begin
GoTrueClient@sb-bgxknceshxxifwytalex-auth-token:0 (2.93.3) 2026-02-02T15:20:21.108Z #__loadSession() begin

[90mstdout[2m | tests/property/scoped-roles-processing-efficiency.test.ts[2m > [22m[2mProperty 10: Scoped Roles Processing Efficiency[2m > [22m[2mProperty 10.9: Batch role hierarchy queries should maintain consistency
[22m[39mGoTrueClient@sb-bgxknceshxxifwytalex-auth-token:0 (2.93.3) 2026-02-02T15:20:21.108Z #getSession() session from storage [1mnull[22m
GoTrueClient@sb-bgxknceshxxifwytalex-auth-token:0 (2.93.3) 2026-02-02T15:20:21.108Z #__loadSession() end

[90mstdout[2m | tests/property/scoped-roles-processing-efficiency.test.ts[2m > [22m[2mProperty 10: Scoped Roles Processing Efficiency[2m > [22m[2mProperty 10.9: Batch role hierarchy queries should maintain consistency
[22m[39mGoTrueClient@sb-bgxknceshxxifwytalex-auth-token:0 (2.93.3) 2026-02-02T15:20:21.108Z #_useSession end

[90mstdout[2m | tests/property/scoped-roles-processing-efficiency.test.ts[2m > [22m[2mProperty 10: Scoped Roles Processing Efficiency[2m > [22m[2mProperty 10.9: Batch role hierarchy queries should maintain consistency
[22m[39mGoTrueClient@sb-bgxknceshxxifwytalex-auth-token:0 (2.93.3) 2026-02-02T15:20:21.108Z #_acquireLock lock released for storage key sb-bgxknceshxxifwytalex-auth-token

[90mstdout[2m | tests/property/scoped-roles-processing-efficiency.test.ts[2m > [22m[2mProperty 10: Scoped Roles Processing Efficiency[2m > [22m[2mProperty 10.9: Batch role hierarchy queries should maintain consistency
[22m[39mGoTrueClient@sb-bgxknceshxxifwytalex-auth-token:0 (2.93.3) 2026-02-02T15:20:21.108Z #_acquireLock end

stderr | tests/property/scoped-roles-processing-efficiency.test.ts > Property 10: Scoped Roles Processing Efficiency > Property 10.9: Batch role hierarchy queries should maintain consistency
Error fetching org roles: {
  code: 'PGRST200',
  details: "Searched for a foreign key relationship between 'org_roles' and 'user_profiles' in the schema 'public', but no matches were found.",
  hint: null,
  message: "Could not find a relationship between 'org_roles' and 'user_profiles' in the schema cache"
}

[90mstdout[2m | tests/property/scoped-roles-processing-efficiency.test.ts[2m > [22m[2mProperty 10: Scoped Roles Processing Efficiency[2m > [22m[2mProperty 10.9: Batch role hierarchy queries should maintain consistency
[22m[39mGoTrueClient@sb-bgxknceshxxifwytalex-auth-token:0 (2.93.3) 2026-02-02T15:20:21.156Z #_acquireLock begin [33m10000[39m
GoTrueClient@sb-bgxknceshxxifwytalex-auth-token:0 (2.93.3) 2026-02-02T15:20:21.156Z #_acquireLock lock acquired for storage key sb-bgxknceshxxifwytalex-auth-token
GoTrueClient@sb-bgxknceshxxifwytalex-auth-token:0 (2.93.3) 2026-02-02T15:20:21.156Z #_useSession begin
GoTrueClient@sb-bgxknceshxxifwytalex-auth-token:0 (2.93.3) 2026-02-02T15:20:21.156Z #__loadSession() begin

[90mstdout[2m | tests/property/scoped-roles-processing-efficiency.test.ts[2m > [22m[2mProperty 10: Scoped Roles Processing Efficiency[2m > [22m[2mProperty 10.9: Batch role hierarchy queries should maintain consistency
[22m[39mGoTrueClient@sb-bgxknceshxxifwytalex-auth-token:0 (2.93.3) 2026-02-02T15:20:21.156Z #getSession() session from storage [1mnull[22m
GoTrueClient@sb-bgxknceshxxifwytalex-auth-token:0 (2.93.3) 2026-02-02T15:20:21.156Z #__loadSession() end

[90mstdout[2m | tests/property/scoped-roles-processing-efficiency.test.ts[2m > [22m[2mProperty 10: Scoped Roles Processing Efficiency[2m > [22m[2mProperty 10.9: Batch role hierarchy queries should maintain consistency
[22m[39mGoTrueClient@sb-bgxknceshxxifwytalex-auth-token:0 (2.93.3) 2026-02-02T15:20:21.156Z #_useSession end

[90mstdout[2m | tests/property/scoped-roles-processing-efficiency.test.ts[2m > [22m[2mProperty 10: Scoped Roles Processing Efficiency[2m > [22m[2mProperty 10.9: Batch role hierarchy queries should maintain consistency
[22m[39mGoTrueClient@sb-bgxknceshxxifwytalex-auth-token:0 (2.93.3) 2026-02-02T15:20:21.156Z #_acquireLock lock released for storage key sb-bgxknceshxxifwytalex-auth-token

[90mstdout[2m | tests/property/scoped-roles-processing-efficiency.test.ts[2m > [22m[2mProperty 10: Scoped Roles Processing Efficiency[2m > [22m[2mProperty 10.9: Batch role hierarchy queries should maintain consistency
[22m[39mGoTrueClient@sb-bgxknceshxxifwytalex-auth-token:0 (2.93.3) 2026-02-02T15:20:21.156Z #_acquireLock end

stderr | tests/property/scoped-roles-processing-efficiency.test.ts > Property 10: Scoped Roles Processing Efficiency > Property 10.9: Batch role hierarchy queries should maintain consistency
Error fetching org roles: {
  code: 'PGRST200',
  details: "Searched for a foreign key relationship between 'org_roles' and 'user_profiles' in the schema 'public', but no matches were found.",
  hint: null,
  message: "Could not find a relationship between 'org_roles' and 'user_profiles' in the schema cache"
}

[90mstdout[2m | tests/property/scoped-roles-processing-efficiency.test.ts[2m > [22m[2mProperty 10: Scoped Roles Processing Efficiency[2m > [22m[2mProperty 10.9: Batch role hierarchy queries should maintain consistency
[22m[39mGoTrueClient@sb-bgxknceshxxifwytalex-auth-token:0 (2.93.3) 2026-02-02T15:20:21.217Z #_acquireLock begin [33m10000[39m
GoTrueClient@sb-bgxknceshxxifwytalex-auth-token:0 (2.93.3) 2026-02-02T15:20:21.217Z #_acquireLock lock acquired for storage key sb-bgxknceshxxifwytalex-auth-token
GoTrueClient@sb-bgxknceshxxifwytalex-auth-token:0 (2.93.3) 2026-02-02T15:20:21.217Z #_useSession begin
GoTrueClient@sb-bgxknceshxxifwytalex-auth-token:0 (2.93.3) 2026-02-02T15:20:21.217Z #__loadSession() begin
GoTrueClient@sb-bgxknceshxxifwytalex-auth-token:0 (2.93.3) 2026-02-02T15:20:21.217Z #_acquireLock begin [33m10000[39m
GoTrueClient@sb-bgxknceshxxifwytalex-auth-token:0 (2.93.3) 2026-02-02T15:20:21.217Z #_acquireLock end
GoTrueClient@sb-bgxknceshxxifwytalex-auth-token:0 (2.93.3) 2026-02-02T15:20:21.217Z #_acquireLock begin [33m10000[39m
GoTrueClient@sb-bgxknceshxxifwytalex-auth-token:0 (2.93.3) 2026-02-02T15:20:21.217Z #_acquireLock end
GoTrueClient@sb-bgxknceshxxifwytalex-auth-token:0 (2.93.3) 2026-02-02T15:20:21.217Z #_acquireLock begin [33m10000[39m
GoTrueClient@sb-bgxknceshxxifwytalex-auth-token:0 (2.93.3) 2026-02-02T15:20:21.217Z #_acquireLock end
GoTrueClient@sb-bgxknceshxxifwytalex-auth-token:0 (2.93.3) 2026-02-02T15:20:21.217Z #_acquireLock begin [33m10000[39m
GoTrueClient@sb-bgxknceshxxifwytalex-auth-token:0 (2.93.3) 2026-02-02T15:20:21.217Z #_acquireLock end
GoTrueClient@sb-bgxknceshxxifwytalex-auth-token:0 (2.93.3) 2026-02-02T15:20:21.217Z #_acquireLock begin [33m10000[39m
GoTrueClient@sb-bgxknceshxxifwytalex-auth-token:0 (2.93.3) 2026-02-02T15:20:21.217Z #_acquireLock end
GoTrueClient@sb-bgxknceshxxifwytalex-auth-token:0 (2.93.3) 2026-02-02T15:20:21.217Z #_acquireLock begin [33m10000[39m
GoTrueClient@sb-bgxknceshxxifwytalex-auth-token:0 (2.93.3) 2026-02-02T15:20:21.217Z #_acquireLock end
GoTrueClient@sb-bgxknceshxxifwytalex-auth-token:0 (2.93.3) 2026-02-02T15:20:21.217Z #_acquireLock begin [33m10000[39m
GoTrueClient@sb-bgxknceshxxifwytalex-auth-token:0 (2.93.3) 2026-02-02T15:20:21.217Z #_acquireLock end
GoTrueClient@sb-bgxknceshxxifwytalex-auth-token:0 (2.93.3) 2026-02-02T15:20:21.217Z #_acquireLock begin [33m10000[39m
GoTrueClient@sb-bgxknceshxxifwytalex-auth-token:0 (2.93.3) 2026-02-02T15:20:21.217Z #_acquireLock end
GoTrueClient@sb-bgxknceshxxifwytalex-auth-token:0 (2.93.3) 2026-02-02T15:20:21.217Z #_acquireLock begin [33m10000[39m
GoTrueClient@sb-bgxknceshxxifwytalex-auth-token:0 (2.93.3) 2026-02-02T15:20:21.217Z #_acquireLock end
GoTrueClient@sb-bgxknceshxxifwytalex-auth-token:0 (2.93.3) 2026-02-02T15:20:21.217Z #_acquireLock begin [33m10000[39m
GoTrueClient@sb-bgxknceshxxifwytalex-auth-token:0 (2.93.3) 2026-02-02T15:20:21.217Z #_acquireLock end
GoTrueClient@sb-bgxknceshxxifwytalex-auth-token:0 (2.93.3) 2026-02-02T15:20:21.217Z #_acquireLock begin [33m10000[39m
GoTrueClient@sb-bgxknceshxxifwytalex-auth-token:0 (2.93.3) 2026-02-02T15:20:21.217Z #_acquireLock end
GoTrueClient@sb-bgxknceshxxifwytalex-auth-token:0 (2.93.3) 2026-02-02T15:20:21.217Z #_acquireLock begin [33m10000[39m
GoTrueClient@sb-bgxknceshxxifwytalex-auth-token:0 (2.93.3) 2026-02-02T15:20:21.217Z #_acquireLock end
GoTrueClient@sb-bgxknceshxxifwytalex-auth-token:0 (2.93.3) 2026-02-02T15:20:21.217Z #_acquireLock begin [33m10000[39m
GoTrueClient@sb-bgxknceshxxifwytalex-auth-token:0 (2.93.3) 2026-02-02T15:20:21.217Z #_acquireLock end
GoTrueClient@sb-bgxknceshxxifwytalex-auth-token:0 (2.93.3) 2026-02-02T15:20:21.217Z #_acquireLock begin [33m10000[39m
GoTrueClient@sb-bgxknceshxxifwytalex-auth-token:0 (2.93.3) 2026-02-02T15:20:21.217Z #_acquireLock end
GoTrueClient@sb-bgxknceshxxifwytalex-auth-token:0 (2.93.3) 2026-02-02T15:20:21.217Z #_acquireLock begin [33m10000[39m
GoTrueClient@sb-bgxknceshxxifwytalex-auth-token:0 (2.93.3) 2026-02-02T15:20:21.217Z #_acquireLock end
GoTrueClient@sb-bgxknceshxxifwytalex-auth-token:0 (2.93.3) 2026-02-02T15:20:21.217Z #_acquireLock begin [33m10000[39m
GoTrueClient@sb-bgxknceshxxifwytalex-auth-token:0 (2.93.3) 2026-02-02T15:20:21.217Z #_acquireLock end

[90mstdout[2m | tests/property/scoped-roles-processing-efficiency.test.ts[2m > [22m[2mProperty 10: Scoped Roles Processing Efficiency[2m > [22m[2mProperty 10.9: Batch role hierarchy queries should maintain consistency
[22m[39mGoTrueClient@sb-bgxknceshxxifwytalex-auth-token:0 (2.93.3) 2026-02-02T15:20:21.218Z #getSession() session from storage [1mnull[22m
GoTrueClient@sb-bgxknceshxxifwytalex-auth-token:0 (2.93.3) 2026-02-02T15:20:21.218Z #__loadSession() end

[90mstdout[2m | tests/property/scoped-roles-processing-efficiency.test.ts[2m > [22m[2mProperty 10: Scoped Roles Processing Efficiency[2m > [22m[2mProperty 10.9: Batch role hierarchy queries should maintain consistency
[22m[39mGoTrueClient@sb-bgxknceshxxifwytalex-auth-token:0 (2.93.3) 2026-02-02T15:20:21.218Z #_useSession end

[90mstdout[2m | tests/property/scoped-roles-processing-efficiency.test.ts[2m > [22m[2mProperty 10: Scoped Roles Processing Efficiency[2m > [22m[2mProperty 10.9: Batch role hierarchy queries should maintain consistency
[22m[39mGoTrueClient@sb-bgxknceshxxifwytalex-auth-token:0 (2.93.3) 2026-02-02T15:20:21.218Z #_useSession begin
GoTrueClient@sb-bgxknceshxxifwytalex-auth-token:0 (2.93.3) 2026-02-02T15:20:21.218Z #__loadSession() begin

[90mstdout[2m | tests/property/scoped-roles-processing-efficiency.test.ts[2m > [22m[2mProperty 10: Scoped Roles Processing Efficiency[2m > [22m[2mProperty 10.9: Batch role hierarchy queries should maintain consistency
[22m[39mGoTrueClient@sb-bgxknceshxxifwytalex-auth-token:0 (2.93.3) 2026-02-02T15:20:21.218Z #getSession() session from storage [1mnull[22m
GoTrueClient@sb-bgxknceshxxifwytalex-auth-token:0 (2.93.3) 2026-02-02T15:20:21.218Z #__loadSession() end

[90mstdout[2m | tests/property/scoped-roles-processing-efficiency.test.ts[2m > [22m[2mProperty 10: Scoped Roles Processing Efficiency[2m > [22m[2mProperty 10.9: Batch role hierarchy queries should maintain consistency
[22m[39mGoTrueClient@sb-bgxknceshxxifwytalex-auth-token:0 (2.93.3) 2026-02-02T15:20:21.218Z #_useSession end

[90mstdout[2m | tests/property/scoped-roles-processing-efficiency.test.ts[2m > [22m[2mProperty 10: Scoped Roles Processing Efficiency[2m > [22m[2mProperty 10.9: Batch role hierarchy queries should maintain consistency
[22m[39mGoTrueClient@sb-bgxknceshxxifwytalex-auth-token:0 (2.93.3) 2026-02-02T15:20:21.218Z #_useSession begin
GoTrueClient@sb-bgxknceshxxifwytalex-auth-token:0 (2.93.3) 2026-02-02T15:20:21.218Z #__loadSession() begin

[90mstdout[2m | tests/property/scoped-roles-processing-efficiency.test.ts[2m > [22m[2mProperty 10: Scoped Roles Processing Efficiency[2m > [22m[2mProperty 10.9: Batch role hierarchy queries should maintain consistency
[22m[39mGoTrueClient@sb-bgxknceshxxifwytalex-auth-token:0 (2.93.3) 2026-02-02T15:20:21.218Z #getSession() session from storage [1mnull[22m
GoTrueClient@sb-bgxknceshxxifwytalex-auth-token:0 (2.93.3) 2026-02-02T15:20:21.218Z #__loadSession() end

[90mstdout[2m | tests/property/scoped-roles-processing-efficiency.test.ts[2m > [22m[2mProperty 10: Scoped Roles Processing Efficiency[2m > [22m[2mProperty 10.9: Batch role hierarchy queries should maintain consistency
[22m[39mGoTrueClient@sb-bgxknceshxxifwytalex-auth-token:0 (2.93.3) 2026-02-02T15:20:21.219Z #_useSession end

[90mstdout[2m | tests/property/scoped-roles-processing-efficiency.test.ts[2m > [22m[2mProperty 10: Scoped Roles Processing Efficiency[2m > [22m[2mProperty 10.9: Batch role hierarchy queries should maintain consistency
[22m[39mGoTrueClient@sb-bgxknceshxxifwytalex-auth-token:0 (2.93.3) 2026-02-02T15:20:21.219Z #_useSession begin
GoTrueClient@sb-bgxknceshxxifwytalex-auth-token:0 (2.93.3) 2026-02-02T15:20:21.219Z #__loadSession() begin

[90mstdout[2m | tests/property/scoped-roles-processing-efficiency.test.ts[2m > [22m[2mProperty 10: Scoped Roles Processing Efficiency[2m > [22m[2mProperty 10.9: Batch role hierarchy queries should maintain consistency
[22m[39mGoTrueClient@sb-bgxknceshxxifwytalex-auth-token:0 (2.93.3) 2026-02-02T15:20:21.219Z #getSession() session from storage [1mnull[22m
GoTrueClient@sb-bgxknceshxxifwytalex-auth-token:0 (2.93.3) 2026-02-02T15:20:21.219Z #__loadSession() end

[90mstdout[2m | tests/property/scoped-roles-processing-efficiency.test.ts[2m > [22m[2mProperty 10: Scoped Roles Processing Efficiency[2m > [22m[2mProperty 10.9: Batch role hierarchy queries should maintain consistency
[22m[39mGoTrueClient@sb-bgxknceshxxifwytalex-auth-token:0 (2.93.3) 2026-02-02T15:20:21.219Z #_useSession end

[90mstdout[2m | tests/property/scoped-roles-processing-efficiency.test.ts[2m > [22m[2mProperty 10: Scoped Roles Processing Efficiency[2m > [22m[2mProperty 10.9: Batch role hierarchy queries should maintain consistency
[22m[39mGoTrueClient@sb-bgxknceshxxifwytalex-auth-token:0 (2.93.3) 2026-02-02T15:20:21.219Z #_useSession begin
GoTrueClient@sb-bgxknceshxxifwytalex-auth-token:0 (2.93.3) 2026-02-02T15:20:21.219Z #__loadSession() begin

[90mstdout[2m | tests/property/scoped-roles-processing-efficiency.test.ts[2m > [22m[2mProperty 10: Scoped Roles Processing Efficiency[2m > [22m[2mProperty 10.9: Batch role hierarchy queries should maintain consistency
[22m[39mGoTrueClient@sb-bgxknceshxxifwytalex-auth-token:0 (2.93.3) 2026-02-02T15:20:21.219Z #getSession() session from storage [1mnull[22m
GoTrueClient@sb-bgxknceshxxifwytalex-auth-token:0 (2.93.3) 2026-02-02T15:20:21.219Z #__loadSession() end

[90mstdout[2m | tests/property/scoped-roles-processing-efficiency.test.ts[2m > [22m[2mProperty 10: Scoped Roles Processing Efficiency[2m > [22m[2mProperty 10.9: Batch role hierarchy queries should maintain consistency
[22m[39mGoTrueClient@sb-bgxknceshxxifwytalex-auth-token:0 (2.93.3) 2026-02-02T15:20:21.220Z #_useSession end

[90mstdout[2m | tests/property/scoped-roles-processing-efficiency.test.ts[2m > [22m[2mProperty 10: Scoped Roles Processing Efficiency[2m > [22m[2mProperty 10.9: Batch role hierarchy queries should maintain consistency
[22m[39mGoTrueClient@sb-bgxknceshxxifwytalex-auth-token:0 (2.93.3) 2026-02-02T15:20:21.220Z #_useSession begin
GoTrueClient@sb-bgxknceshxxifwytalex-auth-token:0 (2.93.3) 2026-02-02T15:20:21.220Z #__loadSession() begin

[90mstdout[2m | tests/property/scoped-roles-processing-efficiency.test.ts[2m > [22m[2mProperty 10: Scoped Roles Processing Efficiency[2m > [22m[2mProperty 10.9: Batch role hierarchy queries should maintain consistency
[22m[39mGoTrueClient@sb-bgxknceshxxifwytalex-auth-token:0 (2.93.3) 2026-02-02T15:20:21.220Z #getSession() session from storage [1mnull[22m
GoTrueClient@sb-bgxknceshxxifwytalex-auth-token:0 (2.93.3) 2026-02-02T15:20:21.220Z #__loadSession() end

[90mstdout[2m | tests/property/scoped-roles-processing-efficiency.test.ts[2m > [22m[2mProperty 10: Scoped Roles Processing Efficiency[2m > [22m[2mProperty 10.9: Batch role hierarchy queries should maintain consistency
[22m[39mGoTrueClient@sb-bgxknceshxxifwytalex-auth-token:0 (2.93.3) 2026-02-02T15:20:21.220Z #_useSession end

[90mstdout[2m | tests/property/scoped-roles-processing-efficiency.test.ts[2m > [22m[2mProperty 10: Scoped Roles Processing Efficiency[2m > [22m[2mProperty 10.9: Batch role hierarchy queries should maintain consistency
[22m[39mGoTrueClient@sb-bgxknceshxxifwytalex-auth-token:0 (2.93.3) 2026-02-02T15:20:21.220Z #_useSession begin
GoTrueClient@sb-bgxknceshxxifwytalex-auth-token:0 (2.93.3) 2026-02-02T15:20:21.220Z #__loadSession() begin

[90mstdout[2m | tests/property/scoped-roles-processing-efficiency.test.ts[2m > [22m[2mProperty 10: Scoped Roles Processing Efficiency[2m > [22m[2mProperty 10.9: Batch role hierarchy queries should maintain consistency
[22m[39mGoTrueClient@sb-bgxknceshxxifwytalex-auth-token:0 (2.93.3) 2026-02-02T15:20:21.220Z #getSession() session from storage [1mnull[22m
GoTrueClient@sb-bgxknceshxxifwytalex-auth-token:0 (2.93.3) 2026-02-02T15:20:21.220Z #__loadSession() end

[90mstdout[2m | tests/property/scoped-roles-processing-efficiency.test.ts[2m > [22m[2mProperty 10: Scoped Roles Processing Efficiency[2m > [22m[2mProperty 10.9: Batch role hierarchy queries should maintain consistency
[22m[39mGoTrueClient@sb-bgxknceshxxifwytalex-auth-token:0 (2.93.3) 2026-02-02T15:20:21.221Z #_useSession end

[90mstdout[2m | tests/property/scoped-roles-processing-efficiency.test.ts[2m > [22m[2mProperty 10: Scoped Roles Processing Efficiency[2m > [22m[2mProperty 10.9: Batch role hierarchy queries should maintain consistency
[22m[39mGoTrueClient@sb-bgxknceshxxifwytalex-auth-token:0 (2.93.3) 2026-02-02T15:20:21.222Z #_useSession begin
GoTrueClient@sb-bgxknceshxxifwytalex-auth-token:0 (2.93.3) 2026-02-02T15:20:21.222Z #__loadSession() begin

[90mstdout[2m | tests/property/scoped-roles-processing-efficiency.test.ts[2m > [22m[2mProperty 10: Scoped Roles Processing Efficiency[2m > [22m[2mProperty 10.9: Batch role hierarchy queries should maintain consistency
[22m[39mGoTrueClient@sb-bgxknceshxxifwytalex-auth-token:0 (2.93.3) 2026-02-02T15:20:21.222Z #getSession() session from storage [1mnull[22m
GoTrueClient@sb-bgxknceshxxifwytalex-auth-token:0 (2.93.3) 2026-02-02T15:20:21.222Z #__loadSession() end

[90mstdout[2m | tests/property/scoped-roles-processing-efficiency.test.ts[2m > [22m[2mProperty 10: Scoped Roles Processing Efficiency[2m > [22m[2mProperty 10.9: Batch role hierarchy queries should maintain consistency
[22m[39mGoTrueClient@sb-bgxknceshxxifwytalex-auth-token:0 (2.93.3) 2026-02-02T15:20:21.222Z #_useSession end

[90mstdout[2m | tests/property/scoped-roles-processing-efficiency.test.ts[2m > [22m[2mProperty 10: Scoped Roles Processing Efficiency[2m > [22m[2mProperty 10.9: Batch role hierarchy queries should maintain consistency
[22m[39mGoTrueClient@sb-bgxknceshxxifwytalex-auth-token:0 (2.93.3) 2026-02-02T15:20:21.222Z #_useSession begin
GoTrueClient@sb-bgxknceshxxifwytalex-auth-token:0 (2.93.3) 2026-02-02T15:20:21.222Z #__loadSession() begin

[90mstdout[2m | tests/property/scoped-roles-processing-efficiency.test.ts[2m > [22m[2mProperty 10: Scoped Roles Processing Efficiency[2m > [22m[2mProperty 10.9: Batch role hierarchy queries should maintain consistency
[22m[39mGoTrueClient@sb-bgxknceshxxifwytalex-auth-token:0 (2.93.3) 2026-02-02T15:20:21.222Z #getSession() session from storage [1mnull[22m
GoTrueClient@sb-bgxknceshxxifwytalex-auth-token:0 (2.93.3) 2026-02-02T15:20:21.222Z #__loadSession() end

[90mstdout[2m | tests/property/scoped-roles-processing-efficiency.test.ts[2m > [22m[2mProperty 10: Scoped Roles Processing Efficiency[2m > [22m[2mProperty 10.9: Batch role hierarchy queries should maintain consistency
[22m[39mGoTrueClient@sb-bgxknceshxxifwytalex-auth-token:0 (2.93.3) 2026-02-02T15:20:21.223Z #_useSession end

[90mstdout[2m | tests/property/scoped-roles-processing-efficiency.test.ts[2m > [22m[2mProperty 10: Scoped Roles Processing Efficiency[2m > [22m[2mProperty 10.9: Batch role hierarchy queries should maintain consistency
[22m[39mGoTrueClient@sb-bgxknceshxxifwytalex-auth-token:0 (2.93.3) 2026-02-02T15:20:21.223Z #_useSession begin
GoTrueClient@sb-bgxknceshxxifwytalex-auth-token:0 (2.93.3) 2026-02-02T15:20:21.223Z #__loadSession() begin

[90mstdout[2m | tests/property/scoped-roles-processing-efficiency.test.ts[2m > [22m[2mProperty 10: Scoped Roles Processing Efficiency[2m > [22m[2mProperty 10.9: Batch role hierarchy queries should maintain consistency
[22m[39mGoTrueClient@sb-bgxknceshxxifwytalex-auth-token:0 (2.93.3) 2026-02-02T15:20:21.223Z #getSession() session from storage [1mnull[22m
GoTrueClient@sb-bgxknceshxxifwytalex-auth-token:0 (2.93.3) 2026-02-02T15:20:21.223Z #__loadSession() end

[90mstdout[2m | tests/property/scoped-roles-processing-efficiency.test.ts[2m > [22m[2mProperty 10: Scoped Roles Processing Efficiency[2m > [22m[2mProperty 10.9: Batch role hierarchy queries should maintain consistency
[22m[39mGoTrueClient@sb-bgxknceshxxifwytalex-auth-token:0 (2.93.3) 2026-02-02T15:20:21.223Z #_useSession end

[90mstdout[2m | tests/property/scoped-roles-processing-efficiency.test.ts[2m > [22m[2mProperty 10: Scoped Roles Processing Efficiency[2m > [22m[2mProperty 10.9: Batch role hierarchy queries should maintain consistency
[22m[39mGoTrueClient@sb-bgxknceshxxifwytalex-auth-token:0 (2.93.3) 2026-02-02T15:20:21.224Z #_useSession begin
GoTrueClient@sb-bgxknceshxxifwytalex-auth-token:0 (2.93.3) 2026-02-02T15:20:21.224Z #__loadSession() begin

[90mstdout[2m | tests/property/scoped-roles-processing-efficiency.test.ts[2m > [22m[2mProperty 10: Scoped Roles Processing Efficiency[2m > [22m[2mProperty 10.9: Batch role hierarchy queries should maintain consistency
[22m[39mGoTrueClient@sb-bgxknceshxxifwytalex-auth-token:0 (2.93.3) 2026-02-02T15:20:21.224Z #getSession() session from storage [1mnull[22m
GoTrueClient@sb-bgxknceshxxifwytalex-auth-token:0 (2.93.3) 2026-02-02T15:20:21.224Z #__loadSession() end

[90mstdout[2m | tests/property/scoped-roles-processing-efficiency.test.ts[2m > [22m[2mProperty 10: Scoped Roles Processing Efficiency[2m > [22m[2mProperty 10.9: Batch role hierarchy queries should maintain consistency
[22m[39mGoTrueClient@sb-bgxknceshxxifwytalex-auth-token:0 (2.93.3) 2026-02-02T15:20:21.224Z #_useSession end

[90mstdout[2m | tests/property/scoped-roles-processing-efficiency.test.ts[2m > [22m[2mProperty 10: Scoped Roles Processing Efficiency[2m > [22m[2mProperty 10.9: Batch role hierarchy queries should maintain consistency
[22m[39mGoTrueClient@sb-bgxknceshxxifwytalex-auth-token:0 (2.93.3) 2026-02-02T15:20:21.224Z #_useSession begin
GoTrueClient@sb-bgxknceshxxifwytalex-auth-token:0 (2.93.3) 2026-02-02T15:20:21.224Z #__loadSession() begin

[90mstdout[2m | tests/property/scoped-roles-processing-efficiency.test.ts[2m > [22m[2mProperty 10: Scoped Roles Processing Efficiency[2m > [22m[2mProperty 10.9: Batch role hierarchy queries should maintain consistency
[22m[39mGoTrueClient@sb-bgxknceshxxifwytalex-auth-token:0 (2.93.3) 2026-02-02T15:20:21.224Z #getSession() session from storage [1mnull[22m
GoTrueClient@sb-bgxknceshxxifwytalex-auth-token:0 (2.93.3) 2026-02-02T15:20:21.224Z #__loadSession() end

[90mstdout[2m | tests/property/scoped-roles-processing-efficiency.test.ts[2m > [22m[2mProperty 10: Scoped Roles Processing Efficiency[2m > [22m[2mProperty 10.9: Batch role hierarchy queries should maintain consistency
[22m[39mGoTrueClient@sb-bgxknceshxxifwytalex-auth-token:0 (2.93.3) 2026-02-02T15:20:21.225Z #_useSession end

[90mstdout[2m | tests/property/scoped-roles-processing-efficiency.test.ts[2m > [22m[2mProperty 10: Scoped Roles Processing Efficiency[2m > [22m[2mProperty 10.9: Batch role hierarchy queries should maintain consistency
[22m[39mGoTrueClient@sb-bgxknceshxxifwytalex-auth-token:0 (2.93.3) 2026-02-02T15:20:21.225Z #_useSession begin
GoTrueClient@sb-bgxknceshxxifwytalex-auth-token:0 (2.93.3) 2026-02-02T15:20:21.225Z #__loadSession() begin

[90mstdout[2m | tests/property/scoped-roles-processing-efficiency.test.ts[2m > [22m[2mProperty 10: Scoped Roles Processing Efficiency[2m > [22m[2mProperty 10.9: Batch role hierarchy queries should maintain consistency
[22m[39mGoTrueClient@sb-bgxknceshxxifwytalex-auth-token:0 (2.93.3) 2026-02-02T15:20:21.225Z #getSession() session from storage [1mnull[22m
GoTrueClient@sb-bgxknceshxxifwytalex-auth-token:0 (2.93.3) 2026-02-02T15:20:21.225Z #__loadSession() end

[90mstdout[2m | tests/property/scoped-roles-processing-efficiency.test.ts[2m > [22m[2mProperty 10: Scoped Roles Processing Efficiency[2m > [22m[2mProperty 10.9: Batch role hierarchy queries should maintain consistency
[22m[39mGoTrueClient@sb-bgxknceshxxifwytalex-auth-token:0 (2.93.3) 2026-02-02T15:20:21.225Z #_useSession end

[90mstdout[2m | tests/property/scoped-roles-processing-efficiency.test.ts[2m > [22m[2mProperty 10: Scoped Roles Processing Efficiency[2m > [22m[2mProperty 10.9: Batch role hierarchy queries should maintain consistency
[22m[39mGoTrueClient@sb-bgxknceshxxifwytalex-auth-token:0 (2.93.3) 2026-02-02T15:20:21.225Z #_useSession begin
GoTrueClient@sb-bgxknceshxxifwytalex-auth-token:0 (2.93.3) 2026-02-02T15:20:21.225Z #__loadSession() begin

[90mstdout[2m | tests/property/scoped-roles-processing-efficiency.test.ts[2m > [22m[2mProperty 10: Scoped Roles Processing Efficiency[2m > [22m[2mProperty 10.9: Batch role hierarchy queries should maintain consistency
[22m[39mGoTrueClient@sb-bgxknceshxxifwytalex-auth-token:0 (2.93.3) 2026-02-02T15:20:21.225Z #getSession() session from storage [1mnull[22m
GoTrueClient@sb-bgxknceshxxifwytalex-auth-token:0 (2.93.3) 2026-02-02T15:20:21.225Z #__loadSession() end

[90mstdout[2m | tests/property/scoped-roles-processing-efficiency.test.ts[2m > [22m[2mProperty 10: Scoped Roles Processing Efficiency[2m > [22m[2mProperty 10.9: Batch role hierarchy queries should maintain consistency
[22m[39mGoTrueClient@sb-bgxknceshxxifwytalex-auth-token:0 (2.93.3) 2026-02-02T15:20:21.226Z #_useSession end

[90mstdout[2m | tests/property/scoped-roles-processing-efficiency.test.ts[2m > [22m[2mProperty 10: Scoped Roles Processing Efficiency[2m > [22m[2mProperty 10.9: Batch role hierarchy queries should maintain consistency
[22m[39mGoTrueClient@sb-bgxknceshxxifwytalex-auth-token:0 (2.93.3) 2026-02-02T15:20:21.226Z #_useSession begin
GoTrueClient@sb-bgxknceshxxifwytalex-auth-token:0 (2.93.3) 2026-02-02T15:20:21.226Z #__loadSession() begin

[90mstdout[2m | tests/property/scoped-roles-processing-efficiency.test.ts[2m > [22m[2mProperty 10: Scoped Roles Processing Efficiency[2m > [22m[2mProperty 10.9: Batch role hierarchy queries should maintain consistency
[22m[39mGoTrueClient@sb-bgxknceshxxifwytalex-auth-token:0 (2.93.3) 2026-02-02T15:20:21.226Z #getSession() session from storage [1mnull[22m
GoTrueClient@sb-bgxknceshxxifwytalex-auth-token:0 (2.93.3) 2026-02-02T15:20:21.226Z #__loadSession() end

[90mstdout[2m | tests/property/scoped-roles-processing-efficiency.test.ts[2m > [22m[2mProperty 10: Scoped Roles Processing Efficiency[2m > [22m[2mProperty 10.9: Batch role hierarchy queries should maintain consistency
[22m[39mGoTrueClient@sb-bgxknceshxxifwytalex-auth-token:0 (2.93.3) 2026-02-02T15:20:21.226Z #_useSession end

[90mstdout[2m | tests/property/scoped-roles-processing-efficiency.test.ts[2m > [22m[2mProperty 10: Scoped Roles Processing Efficiency[2m > [22m[2mProperty 10.9: Batch role hierarchy queries should maintain consistency
[22m[39mGoTrueClient@sb-bgxknceshxxifwytalex-auth-token:0 (2.93.3) 2026-02-02T15:20:21.226Z #_useSession begin
GoTrueClient@sb-bgxknceshxxifwytalex-auth-token:0 (2.93.3) 2026-02-02T15:20:21.226Z #__loadSession() begin

[90mstdout[2m | tests/property/scoped-roles-processing-efficiency.test.ts[2m > [22m[2mProperty 10: Scoped Roles Processing Efficiency[2m > [22m[2mProperty 10.9: Batch role hierarchy queries should maintain consistency
[22m[39mGoTrueClient@sb-bgxknceshxxifwytalex-auth-token:0 (2.93.3) 2026-02-02T15:20:21.226Z #getSession() session from storage [1mnull[22m
GoTrueClient@sb-bgxknceshxxifwytalex-auth-token:0 (2.93.3) 2026-02-02T15:20:21.226Z #__loadSession() end

[90mstdout[2m | tests/property/scoped-roles-processing-efficiency.test.ts[2m > [22m[2mProperty 10: Scoped Roles Processing Efficiency[2m > [22m[2mProperty 10.9: Batch role hierarchy queries should maintain consistency
[22m[39mGoTrueClient@sb-bgxknceshxxifwytalex-auth-token:0 (2.93.3) 2026-02-02T15:20:21.227Z #_useSession end

[90mstdout[2m | tests/property/scoped-roles-processing-efficiency.test.ts[2m > [22m[2mProperty 10: Scoped Roles Processing Efficiency[2m > [22m[2mProperty 10.9: Batch role hierarchy queries should maintain consistency
[22m[39mGoTrueClient@sb-bgxknceshxxifwytalex-auth-token:0 (2.93.3) 2026-02-02T15:20:21.227Z #_useSession begin
GoTrueClient@sb-bgxknceshxxifwytalex-auth-token:0 (2.93.3) 2026-02-02T15:20:21.227Z #__loadSession() begin

[90mstdout[2m | tests/property/scoped-roles-processing-efficiency.test.ts[2m > [22m[2mProperty 10: Scoped Roles Processing Efficiency[2m > [22m[2mProperty 10.9: Batch role hierarchy queries should maintain consistency
[22m[39mGoTrueClient@sb-bgxknceshxxifwytalex-auth-token:0 (2.93.3) 2026-02-02T15:20:21.227Z #getSession() session from storage [1mnull[22m
GoTrueClient@sb-bgxknceshxxifwytalex-auth-token:0 (2.93.3) 2026-02-02T15:20:21.227Z #__loadSession() end

[90mstdout[2m | tests/property/scoped-roles-processing-efficiency.test.ts[2m > [22m[2mProperty 10: Scoped Roles Processing Efficiency[2m > [22m[2mProperty 10.9: Batch role hierarchy queries should maintain consistency
[22m[39mGoTrueClient@sb-bgxknceshxxifwytalex-auth-token:0 (2.93.3) 2026-02-02T15:20:21.227Z #_useSession end

[90mstdout[2m | tests/property/scoped-roles-processing-efficiency.test.ts[2m > [22m[2mProperty 10: Scoped Roles Processing Efficiency[2m > [22m[2mProperty 10.9: Batch role hierarchy queries should maintain consistency
[22m[39mGoTrueClient@sb-bgxknceshxxifwytalex-auth-token:0 (2.93.3) 2026-02-02T15:20:21.227Z #_acquireLock lock released for storage key sb-bgxknceshxxifwytalex-auth-token

[90mstdout[2m | tests/property/scoped-roles-processing-efficiency.test.ts[2m > [22m[2mProperty 10: Scoped Roles Processing Efficiency[2m > [22m[2mProperty 10.9: Batch role hierarchy queries should maintain consistency
[22m[39mGoTrueClient@sb-bgxknceshxxifwytalex-auth-token:0 (2.93.3) 2026-02-02T15:20:21.228Z #_acquireLock end

stderr | tests/property/scoped-roles-processing-efficiency.test.ts > Property 10: Scoped Roles Processing Efficiency > Property 10.9: Batch role hierarchy queries should maintain consistency
Error fetching project roles: {
  code: 'PGRST200',
  details: "Searched for a foreign key relationship between 'project_roles' and 'user_profiles' in the schema 'public', but no matches were found.",
  hint: null,
  message: "Could not find a relationship between 'project_roles' and 'user_profiles' in the schema cache"
}

[90mstdout[2m | tests/property/scoped-roles-processing-efficiency.test.ts[2m > [22m[2mProperty 10: Scoped Roles Processing Efficiency[2m > [22m[2mProperty 10.9: Batch role hierarchy queries should maintain consistency
[22m[39mGoTrueClient@sb-bgxknceshxxifwytalex-auth-token:0 (2.93.3) 2026-02-02T15:20:21.230Z #_acquireLock begin [33m10000[39m
GoTrueClient@sb-bgxknceshxxifwytalex-auth-token:0 (2.93.3) 2026-02-02T15:20:21.230Z #_acquireLock lock acquired for storage key sb-bgxknceshxxifwytalex-auth-token
GoTrueClient@sb-bgxknceshxxifwytalex-auth-token:0 (2.93.3) 2026-02-02T15:20:21.230Z #_useSession begin
GoTrueClient@sb-bgxknceshxxifwytalex-auth-token:0 (2.93.3) 2026-02-02T15:20:21.230Z #__loadSession() begin

[90mstdout[2m | tests/property/scoped-roles-processing-efficiency.test.ts[2m > [22m[2mProperty 10: Scoped Roles Processing Efficiency[2m > [22m[2mProperty 10.9: Batch role hierarchy queries should maintain consistency
[22m[39mGoTrueClient@sb-bgxknceshxxifwytalex-auth-token:0 (2.93.3) 2026-02-02T15:20:21.230Z #getSession() session from storage [1mnull[22m
GoTrueClient@sb-bgxknceshxxifwytalex-auth-token:0 (2.93.3) 2026-02-02T15:20:21.230Z #__loadSession() end

[90mstdout[2m | tests/property/scoped-roles-processing-efficiency.test.ts[2m > [22m[2mProperty 10: Scoped Roles Processing Efficiency[2m > [22m[2mProperty 10.9: Batch role hierarchy queries should maintain consistency
[22m[39mGoTrueClient@sb-bgxknceshxxifwytalex-auth-token:0 (2.93.3) 2026-02-02T15:20:21.230Z #_useSession end

[90mstdout[2m | tests/property/scoped-roles-processing-efficiency.test.ts[2m > [22m[2mProperty 10: Scoped Roles Processing Efficiency[2m > [22m[2mProperty 10.9: Batch role hierarchy queries should maintain consistency
[22m[39mGoTrueClient@sb-bgxknceshxxifwytalex-auth-token:0 (2.93.3) 2026-02-02T15:20:21.230Z #_acquireLock lock released for storage key sb-bgxknceshxxifwytalex-auth-token

[90mstdout[2m | tests/property/scoped-roles-processing-efficiency.test.ts[2m > [22m[2mProperty 10: Scoped Roles Processing Efficiency[2m > [22m[2mProperty 10.9: Batch role hierarchy queries should maintain consistency
[22m[39mGoTrueClient@sb-bgxknceshxxifwytalex-auth-token:0 (2.93.3) 2026-02-02T15:20:21.230Z #_acquireLock end

stderr | tests/property/scoped-roles-processing-efficiency.test.ts > Property 10: Scoped Roles Processing Efficiency > Property 10.9: Batch role hierarchy queries should maintain consistency
Error fetching org roles: {
  code: 'PGRST200',
  details: "Searched for a foreign key relationship between 'org_roles' and 'user_profiles' in the schema 'public', but no matches were found.",
  hint: null,
  message: "Could not find a relationship between 'org_roles' and 'user_profiles' in the schema cache"
}

[90mstdout[2m | tests/property/scoped-roles-processing-efficiency.test.ts[2m > [22m[2mProperty 10: Scoped Roles Processing Efficiency[2m > [22m[2mProperty 10.9: Batch role hierarchy queries should maintain consistency
[22m[39mGoTrueClient@sb-bgxknceshxxifwytalex-auth-token:0 (2.93.3) 2026-02-02T15:20:21.236Z #_acquireLock begin [33m10000[39m
GoTrueClient@sb-bgxknceshxxifwytalex-auth-token:0 (2.93.3) 2026-02-02T15:20:21.236Z #_acquireLock lock acquired for storage key sb-bgxknceshxxifwytalex-auth-token
GoTrueClient@sb-bgxknceshxxifwytalex-auth-token:0 (2.93.3) 2026-02-02T15:20:21.236Z #_useSession begin
GoTrueClient@sb-bgxknceshxxifwytalex-auth-token:0 (2.93.3) 2026-02-02T15:20:21.236Z #__loadSession() begin

[90mstdout[2m | tests/property/scoped-roles-processing-efficiency.test.ts[2m > [22m[2mProperty 10: Scoped Roles Processing Efficiency[2m > [22m[2mProperty 10.9: Batch role hierarchy queries should maintain consistency
[22m[39mGoTrueClient@sb-bgxknceshxxifwytalex-auth-token:0 (2.93.3) 2026-02-02T15:20:21.236Z #getSession() session from storage [1mnull[22m
GoTrueClient@sb-bgxknceshxxifwytalex-auth-token:0 (2.93.3) 2026-02-02T15:20:21.236Z #__loadSession() end

[90mstdout[2m | tests/property/scoped-roles-processing-efficiency.test.ts[2m > [22m[2mProperty 10: Scoped Roles Processing Efficiency[2m > [22m[2mProperty 10.9: Batch role hierarchy queries should maintain consistency
[22m[39mGoTrueClient@sb-bgxknceshxxifwytalex-auth-token:0 (2.93.3) 2026-02-02T15:20:21.236Z #_useSession end

[90mstdout[2m | tests/property/scoped-roles-processing-efficiency.test.ts[2m > [22m[2mProperty 10: Scoped Roles Processing Efficiency[2m > [22m[2mProperty 10.9: Batch role hierarchy queries should maintain consistency
[22m[39mGoTrueClient@sb-bgxknceshxxifwytalex-auth-token:0 (2.93.3) 2026-02-02T15:20:21.236Z #_acquireLock lock released for storage key sb-bgxknceshxxifwytalex-auth-token

[90mstdout[2m | tests/property/scoped-roles-processing-efficiency.test.ts[2m > [22m[2mProperty 10: Scoped Roles Processing Efficiency[2m > [22m[2mProperty 10.9: Batch role hierarchy queries should maintain consistency
[22m[39mGoTrueClient@sb-bgxknceshxxifwytalex-auth-token:0 (2.93.3) 2026-02-02T15:20:21.236Z #_acquireLock end

stderr | tests/property/scoped-roles-processing-efficiency.test.ts > Property 10: Scoped Roles Processing Efficiency > Property 10.9: Batch role hierarchy queries should maintain consistency
Error fetching org roles: {
  code: 'PGRST200',
  details: "Searched for a foreign key relationship between 'org_roles' and 'user_profiles' in the schema 'public', but no matches were found.",
  hint: null,
  message: "Could not find a relationship between 'org_roles' and 'user_profiles' in the schema cache"
}

[90mstdout[2m | tests/property/scoped-roles-processing-efficiency.test.ts[2m > [22m[2mProperty 10: Scoped Roles Processing Efficiency[2m > [22m[2mProperty 10.9: Batch role hierarchy queries should maintain consistency
[22m[39mGoTrueClient@sb-bgxknceshxxifwytalex-auth-token:0 (2.93.3) 2026-02-02T15:20:21.248Z #_acquireLock begin [33m10000[39m
GoTrueClient@sb-bgxknceshxxifwytalex-auth-token:0 (2.93.3) 2026-02-02T15:20:21.248Z #_acquireLock lock acquired for storage key sb-bgxknceshxxifwytalex-auth-token
GoTrueClient@sb-bgxknceshxxifwytalex-auth-token:0 (2.93.3) 2026-02-02T15:20:21.248Z #_useSession begin
GoTrueClient@sb-bgxknceshxxifwytalex-auth-token:0 (2.93.3) 2026-02-02T15:20:21.248Z #__loadSession() begin

[90mstdout[2m | tests/property/scoped-roles-processing-efficiency.test.ts[2m > [22m[2mProperty 10: Scoped Roles Processing Efficiency[2m > [22m[2mProperty 10.9: Batch role hierarchy queries should maintain consistency
[22m[39mGoTrueClient@sb-bgxknceshxxifwytalex-auth-token:0 (2.93.3) 2026-02-02T15:20:21.248Z #getSession() session from storage [1mnull[22m
GoTrueClient@sb-bgxknceshxxifwytalex-auth-token:0 (2.93.3) 2026-02-02T15:20:21.248Z #__loadSession() end

[90mstdout[2m | tests/property/scoped-roles-processing-efficiency.test.ts[2m > [22m[2mProperty 10: Scoped Roles Processing Efficiency[2m > [22m[2mProperty 10.9: Batch role hierarchy queries should maintain consistency
[22m[39mGoTrueClient@sb-bgxknceshxxifwytalex-auth-token:0 (2.93.3) 2026-02-02T15:20:21.248Z #_useSession end

[90mstdout[2m | tests/property/scoped-roles-processing-efficiency.test.ts[2m > [22m[2mProperty 10: Scoped Roles Processing Efficiency[2m > [22m[2mProperty 10.9: Batch role hierarchy queries should maintain consistency
[22m[39mGoTrueClient@sb-bgxknceshxxifwytalex-auth-token:0 (2.93.3) 2026-02-02T15:20:21.248Z #_acquireLock lock released for storage key sb-bgxknceshxxifwytalex-auth-token

[90mstdout[2m | tests/property/scoped-roles-processing-efficiency.test.ts[2m > [22m[2mProperty 10: Scoped Roles Processing Efficiency[2m > [22m[2mProperty 10.9: Batch role hierarchy queries should maintain consistency
[22m[39mGoTrueClient@sb-bgxknceshxxifwytalex-auth-token:0 (2.93.3) 2026-02-02T15:20:21.248Z #_acquireLock end

stderr | tests/property/scoped-roles-processing-efficiency.test.ts > Property 10: Scoped Roles Processing Efficiency > Property 10.9: Batch role hierarchy queries should maintain consistency
Error fetching org roles: {
  code: 'PGRST200',
  details: "Searched for a foreign key relationship between 'org_roles' and 'user_profiles' in the schema 'public', but no matches were found.",
  hint: null,
  message: "Could not find a relationship between 'org_roles' and 'user_profiles' in the schema cache"
}

[90mstdout[2m | tests/property/scoped-roles-processing-efficiency.test.ts[2m > [22m[2mProperty 10: Scoped Roles Processing Efficiency[2m > [22m[2mProperty 10.9: Batch role hierarchy queries should maintain consistency
[22m[39mGoTrueClient@sb-bgxknceshxxifwytalex-auth-token:0 (2.93.3) 2026-02-02T15:20:21.249Z #_acquireLock begin [33m10000[39m
GoTrueClient@sb-bgxknceshxxifwytalex-auth-token:0 (2.93.3) 2026-02-02T15:20:21.249Z #_acquireLock lock acquired for storage key sb-bgxknceshxxifwytalex-auth-token
GoTrueClient@sb-bgxknceshxxifwytalex-auth-token:0 (2.93.3) 2026-02-02T15:20:21.249Z #_useSession begin
GoTrueClient@sb-bgxknceshxxifwytalex-auth-token:0 (2.93.3) 2026-02-02T15:20:21.249Z #__loadSession() begin

[90mstdout[2m | tests/property/scoped-roles-processing-efficiency.test.ts[2m > [22m[2mProperty 10: Scoped Roles Processing Efficiency[2m > [22m[2mProperty 10.9: Batch role hierarchy queries should maintain consistency
[22m[39mGoTrueClient@sb-bgxknceshxxifwytalex-auth-token:0 (2.93.3) 2026-02-02T15:20:21.249Z #getSession() session from storage [1mnull[22m
GoTrueClient@sb-bgxknceshxxifwytalex-auth-token:0 (2.93.3) 2026-02-02T15:20:21.250Z #__loadSession() end

[90mstdout[2m | tests/property/scoped-roles-processing-efficiency.test.ts[2m > [22m[2mProperty 10: Scoped Roles Processing Efficiency[2m > [22m[2mProperty 10.9: Batch role hierarchy queries should maintain consistency
[22m[39mGoTrueClient@sb-bgxknceshxxifwytalex-auth-token:0 (2.93.3) 2026-02-02T15:20:21.250Z #_useSession end

[90mstdout[2m | tests/property/scoped-roles-processing-efficiency.test.ts[2m > [22m[2mProperty 10: Scoped Roles Processing Efficiency[2m > [22m[2mProperty 10.9: Batch role hierarchy queries should maintain consistency
[22m[39mGoTrueClient@sb-bgxknceshxxifwytalex-auth-token:0 (2.93.3) 2026-02-02T15:20:21.250Z #_acquireLock lock released for storage key sb-bgxknceshxxifwytalex-auth-token

[90mstdout[2m | tests/property/scoped-roles-processing-efficiency.test.ts[2m > [22m[2mProperty 10: Scoped Roles Processing Efficiency[2m > [22m[2mProperty 10.9: Batch role hierarchy queries should maintain consistency
[22m[39mGoTrueClient@sb-bgxknceshxxifwytalex-auth-token:0 (2.93.3) 2026-02-02T15:20:21.250Z #_acquireLock end

stderr | tests/property/scoped-roles-processing-efficiency.test.ts > Property 10: Scoped Roles Processing Efficiency > Property 10.9: Batch role hierarchy queries should maintain consistency
Error fetching project roles: {
  code: 'PGRST200',
  details: "Searched for a foreign key relationship between 'project_roles' and 'user_profiles' in the schema 'public', but no matches were found.",
  hint: null,
  message: "Could not find a relationship between 'project_roles' and 'user_profiles' in the schema cache"
}

[90mstdout[2m | tests/property/scoped-roles-processing-efficiency.test.ts[2m > [22m[2mProperty 10: Scoped Roles Processing Efficiency[2m > [22m[2mProperty 10.9: Batch role hierarchy queries should maintain consistency
[22m[39mGoTrueClient@sb-bgxknceshxxifwytalex-auth-token:0 (2.93.3) 2026-02-02T15:20:21.308Z #_acquireLock begin [33m10000[39m
GoTrueClient@sb-bgxknceshxxifwytalex-auth-token:0 (2.93.3) 2026-02-02T15:20:21.308Z #_acquireLock lock acquired for storage key sb-bgxknceshxxifwytalex-auth-token
GoTrueClient@sb-bgxknceshxxifwytalex-auth-token:0 (2.93.3) 2026-02-02T15:20:21.308Z #_useSession begin
GoTrueClient@sb-bgxknceshxxifwytalex-auth-token:0 (2.93.3) 2026-02-02T15:20:21.308Z #__loadSession() begin

[90mstdout[2m | tests/property/scoped-roles-processing-efficiency.test.ts[2m > [22m[2mProperty 10: Scoped Roles Processing Efficiency[2m > [22m[2mProperty 10.9: Batch role hierarchy queries should maintain consistency
[22m[39mGoTrueClient@sb-bgxknceshxxifwytalex-auth-token:0 (2.93.3) 2026-02-02T15:20:21.308Z #getSession() session from storage [1mnull[22m
GoTrueClient@sb-bgxknceshxxifwytalex-auth-token:0 (2.93.3) 2026-02-02T15:20:21.308Z #__loadSession() end

[90mstdout[2m | tests/property/scoped-roles-processing-efficiency.test.ts[2m > [22m[2mProperty 10: Scoped Roles Processing Efficiency[2m > [22m[2mProperty 10.9: Batch role hierarchy queries should maintain consistency
[22m[39mGoTrueClient@sb-bgxknceshxxifwytalex-auth-token:0 (2.93.3) 2026-02-02T15:20:21.308Z #_useSession end

[90mstdout[2m | tests/property/scoped-roles-processing-efficiency.test.ts[2m > [22m[2mProperty 10: Scoped Roles Processing Efficiency[2m > [22m[2mProperty 10.9: Batch role hierarchy queries should maintain consistency
[22m[39mGoTrueClient@sb-bgxknceshxxifwytalex-auth-token:0 (2.93.3) 2026-02-02T15:20:21.309Z #_acquireLock lock released for storage key sb-bgxknceshxxifwytalex-auth-token

[90mstdout[2m | tests/property/scoped-roles-processing-efficiency.test.ts[2m > [22m[2mProperty 10: Scoped Roles Processing Efficiency[2m > [22m[2mProperty 10.9: Batch role hierarchy queries should maintain consistency
[22m[39mGoTrueClient@sb-bgxknceshxxifwytalex-auth-token:0 (2.93.3) 2026-02-02T15:20:21.309Z #_acquireLock end

stderr | tests/property/scoped-roles-processing-efficiency.test.ts > Property 10: Scoped Roles Processing Efficiency > Property 10.9: Batch role hierarchy queries should maintain consistency
Error fetching org roles: {
  code: 'PGRST200',
  details: "Searched for a foreign key relationship between 'org_roles' and 'user_profiles' in the schema 'public', but no matches were found.",
  hint: null,
  message: "Could not find a relationship between 'org_roles' and 'user_profiles' in the schema cache"
}

[90mstdout[2m | tests/property/scoped-roles-processing-efficiency.test.ts[2m > [22m[2mProperty 10: Scoped Roles Processing Efficiency[2m > [22m[2mProperty 10.9: Batch role hierarchy queries should maintain consistency
[22m[39mGoTrueClient@sb-bgxknceshxxifwytalex-auth-token:0 (2.93.3) 2026-02-02T15:20:21.363Z #_acquireLock begin [33m10000[39m
GoTrueClient@sb-bgxknceshxxifwytalex-auth-token:0 (2.93.3) 2026-02-02T15:20:21.363Z #_acquireLock lock acquired for storage key sb-bgxknceshxxifwytalex-auth-token
GoTrueClient@sb-bgxknceshxxifwytalex-auth-token:0 (2.93.3) 2026-02-02T15:20:21.363Z #_useSession begin
GoTrueClient@sb-bgxknceshxxifwytalex-auth-token:0 (2.93.3) 2026-02-02T15:20:21.363Z #__loadSession() begin

[90mstdout[2m | tests/property/scoped-roles-processing-efficiency.test.ts[2m > [22m[2mProperty 10: Scoped Roles Processing Efficiency[2m > [22m[2mProperty 10.9: Batch role hierarchy queries should maintain consistency
[22m[39mGoTrueClient@sb-bgxknceshxxifwytalex-auth-token:0 (2.93.3) 2026-02-02T15:20:21.364Z #getSession() session from storage [1mnull[22m
GoTrueClient@sb-bgxknceshxxifwytalex-auth-token:0 (2.93.3) 2026-02-02T15:20:21.364Z #__loadSession() end

[90mstdout[2m | tests/property/scoped-roles-processing-efficiency.test.ts[2m > [22m[2mProperty 10: Scoped Roles Processing Efficiency[2m > [22m[2mProperty 10.9: Batch role hierarchy queries should maintain consistency
[22m[39mGoTrueClient@sb-bgxknceshxxifwytalex-auth-token:0 (2.93.3) 2026-02-02T15:20:21.364Z #_useSession end

[90mstdout[2m | tests/property/scoped-roles-processing-efficiency.test.ts[2m > [22m[2mProperty 10: Scoped Roles Processing Efficiency[2m > [22m[2mProperty 10.9: Batch role hierarchy queries should maintain consistency
[22m[39mGoTrueClient@sb-bgxknceshxxifwytalex-auth-token:0 (2.93.3) 2026-02-02T15:20:21.364Z #_acquireLock lock released for storage key sb-bgxknceshxxifwytalex-auth-token

[90mstdout[2m | tests/property/scoped-roles-processing-efficiency.test.ts[2m > [22m[2mProperty 10: Scoped Roles Processing Efficiency[2m > [22m[2mProperty 10.9: Batch role hierarchy queries should maintain consistency
[22m[39mGoTrueClient@sb-bgxknceshxxifwytalex-auth-token:0 (2.93.3) 2026-02-02T15:20:21.364Z #_acquireLock end

stderr | tests/property/scoped-roles-processing-efficiency.test.ts > Property 10: Scoped Roles Processing Efficiency > Property 10.9: Batch role hierarchy queries should maintain consistency
Error fetching org roles: {
  code: 'PGRST200',
  details: "Searched for a foreign key relationship between 'org_roles' and 'user_profiles' in the schema 'public', but no matches were found.",
  hint: null,
  message: "Could not find a relationship between 'org_roles' and 'user_profiles' in the schema cache"
}

stderr | tests/property/scoped-roles-processing-efficiency.test.ts > Property 10: Scoped Roles Processing Efficiency > Property 10.9: Batch role hierarchy queries should maintain consistency
Error fetching org roles: {
  code: 'PGRST200',
  details: "Searched for a foreign key relationship between 'org_roles' and 'user_profiles' in the schema 'public', but no matches were found.",
  hint: null,
  message: "Could not find a relationship between 'org_roles' and 'user_profiles' in the schema cache"
}

stderr | tests/property/scoped-roles-processing-efficiency.test.ts > Property 10: Scoped Roles Processing Efficiency > Property 10.9: Batch role hierarchy queries should maintain consistency
Error fetching org roles: {
  code: 'PGRST200',
  details: "Searched for a foreign key relationship between 'org_roles' and 'user_profiles' in the schema 'public', but no matches were found.",
  hint: null,
  message: "Could not find a relationship between 'org_roles' and 'user_profiles' in the schema cache"
}

stderr | tests/property/scoped-roles-processing-efficiency.test.ts > Property 10: Scoped Roles Processing Efficiency > Property 10.9: Batch role hierarchy queries should maintain consistency
Error fetching org roles: {
  code: 'PGRST200',
  details: "Searched for a foreign key relationship between 'org_roles' and 'user_profiles' in the schema 'public', but no matches were found.",
  hint: null,
  message: "Could not find a relationship between 'org_roles' and 'user_profiles' in the schema cache"
}

[90mstdout[2m | tests/property/scoped-roles-processing-efficiency.test.ts[2m > [22m[2mProperty 10: Scoped Roles Processing Efficiency[2m > [22m[2mProperty 10.9: Batch role hierarchy queries should maintain consistency
[22m[39mGoTrueClient@sb-bgxknceshxxifwytalex-auth-token:0 (2.93.3) 2026-02-02T15:20:21.430Z #_acquireLock begin [33m10000[39m
GoTrueClient@sb-bgxknceshxxifwytalex-auth-token:0 (2.93.3) 2026-02-02T15:20:21.431Z #_acquireLock lock acquired for storage key sb-bgxknceshxxifwytalex-auth-token
GoTrueClient@sb-bgxknceshxxifwytalex-auth-token:0 (2.93.3) 2026-02-02T15:20:21.431Z #_useSession begin
GoTrueClient@sb-bgxknceshxxifwytalex-auth-token:0 (2.93.3) 2026-02-02T15:20:21.431Z #__loadSession() begin

[90mstdout[2m | tests/property/scoped-roles-processing-efficiency.test.ts[2m > [22m[2mProperty 10: Scoped Roles Processing Efficiency[2m > [22m[2mProperty 10.9: Batch role hierarchy queries should maintain consistency
[22m[39mGoTrueClient@sb-bgxknceshxxifwytalex-auth-token:0 (2.93.3) 2026-02-02T15:20:21.431Z #getSession() session from storage [1mnull[22m
GoTrueClient@sb-bgxknceshxxifwytalex-auth-token:0 (2.93.3) 2026-02-02T15:20:21.431Z #__loadSession() end

[90mstdout[2m | tests/property/scoped-roles-processing-efficiency.test.ts[2m > [22m[2mProperty 10: Scoped Roles Processing Efficiency[2m > [22m[2mProperty 10.9: Batch role hierarchy queries should maintain consistency
[22m[39mGoTrueClient@sb-bgxknceshxxifwytalex-auth-token:0 (2.93.3) 2026-02-02T15:20:21.431Z #_useSession end

[90mstdout[2m | tests/property/scoped-roles-processing-efficiency.test.ts[2m > [22m[2mProperty 10: Scoped Roles Processing Efficiency[2m > [22m[2mProperty 10.9: Batch role hierarchy queries should maintain consistency
[22m[39mGoTrueClient@sb-bgxknceshxxifwytalex-auth-token:0 (2.93.3) 2026-02-02T15:20:21.431Z #_acquireLock lock released for storage key sb-bgxknceshxxifwytalex-auth-token

[90mstdout[2m | tests/property/scoped-roles-processing-efficiency.test.ts[2m > [22m[2mProperty 10: Scoped Roles Processing Efficiency[2m > [22m[2mProperty 10.9: Batch role hierarchy queries should maintain consistency
[22m[39mGoTrueClient@sb-bgxknceshxxifwytalex-auth-token:0 (2.93.3) 2026-02-02T15:20:21.431Z #_acquireLock end

stderr | tests/property/scoped-roles-processing-efficiency.test.ts > Property 10: Scoped Roles Processing Efficiency > Property 10.9: Batch role hierarchy queries should maintain consistency
Error fetching org roles: {
  code: 'PGRST200',
  details: "Searched for a foreign key relationship between 'org_roles' and 'user_profiles' in the schema 'public', but no matches were found.",
  hint: null,
  message: "Could not find a relationship between 'org_roles' and 'user_profiles' in the schema cache"
}

stderr | tests/property/scoped-roles-processing-efficiency.test.ts > Property 10: Scoped Roles Processing Efficiency > Property 10.9: Batch role hierarchy queries should maintain consistency
Error fetching org roles: {
  code: 'PGRST200',
  details: "Searched for a foreign key relationship between 'org_roles' and 'user_profiles' in the schema 'public', but no matches were found.",
  hint: null,
  message: "Could not find a relationship between 'org_roles' and 'user_profiles' in the schema cache"
}

stderr | tests/property/scoped-roles-processing-efficiency.test.ts > Property 10: Scoped Roles Processing Efficiency > Property 10.9: Batch role hierarchy queries should maintain consistency
Error fetching org roles: {
  code: 'PGRST200',
  details: "Searched for a foreign key relationship between 'org_roles' and 'user_profiles' in the schema 'public', but no matches were found.",
  hint: null,
  message: "Could not find a relationship between 'org_roles' and 'user_profiles' in the schema cache"
}

stderr | tests/property/scoped-roles-processing-efficiency.test.ts > Property 10: Scoped Roles Processing Efficiency > Property 10.9: Batch role hierarchy queries should maintain consistency
Error fetching org roles: {
  code: 'PGRST200',
  details: "Searched for a foreign key relationship between 'org_roles' and 'user_profiles' in the schema 'public', but no matches were found.",
  hint: null,
  message: "Could not find a relationship between 'org_roles' and 'user_profiles' in the schema cache"
}

stderr | tests/property/scoped-roles-processing-efficiency.test.ts > Property 10: Scoped Roles Processing Efficiency > Property 10.9: Batch role hierarchy queries should maintain consistency
Error fetching org roles: {
  code: 'PGRST200',
  details: "Searched for a foreign key relationship between 'org_roles' and 'user_profiles' in the schema 'public', but no matches were found.",
  hint: null,
  message: "Could not find a relationship between 'org_roles' and 'user_profiles' in the schema cache"
}

[90mstdout[2m | tests/property/scoped-roles-processing-efficiency.test.ts[2m > [22m[2mProperty 10: Scoped Roles Processing Efficiency[2m > [22m[2mProperty 10.9: Batch role hierarchy queries should maintain consistency
[22m[39mGoTrueClient@sb-bgxknceshxxifwytalex-auth-token:0 (2.93.3) 2026-02-02T15:20:21.440Z #_acquireLock begin [33m10000[39m
GoTrueClient@sb-bgxknceshxxifwytalex-auth-token:0 (2.93.3) 2026-02-02T15:20:21.440Z #_acquireLock lock acquired for storage key sb-bgxknceshxxifwytalex-auth-token
GoTrueClient@sb-bgxknceshxxifwytalex-auth-token:0 (2.93.3) 2026-02-02T15:20:21.440Z #_useSession begin
GoTrueClient@sb-bgxknceshxxifwytalex-auth-token:0 (2.93.3) 2026-02-02T15:20:21.440Z #__loadSession() begin

[90mstdout[2m | tests/property/scoped-roles-processing-efficiency.test.ts[2m > [22m[2mProperty 10: Scoped Roles Processing Efficiency[2m > [22m[2mProperty 10.9: Batch role hierarchy queries should maintain consistency
[22m[39mGoTrueClient@sb-bgxknceshxxifwytalex-auth-token:0 (2.93.3) 2026-02-02T15:20:21.440Z #getSession() session from storage [1mnull[22m
GoTrueClient@sb-bgxknceshxxifwytalex-auth-token:0 (2.93.3) 2026-02-02T15:20:21.440Z #__loadSession() end

[90mstdout[2m | tests/property/scoped-roles-processing-efficiency.test.ts[2m > [22m[2mProperty 10: Scoped Roles Processing Efficiency[2m > [22m[2mProperty 10.9: Batch role hierarchy queries should maintain consistency
[22m[39mGoTrueClient@sb-bgxknceshxxifwytalex-auth-token:0 (2.93.3) 2026-02-02T15:20:21.440Z #_useSession end

[90mstdout[2m | tests/property/scoped-roles-processing-efficiency.test.ts[2m > [22m[2mProperty 10: Scoped Roles Processing Efficiency[2m > [22m[2mProperty 10.9: Batch role hierarchy queries should maintain consistency
[22m[39mGoTrueClient@sb-bgxknceshxxifwytalex-auth-token:0 (2.93.3) 2026-02-02T15:20:21.440Z #_acquireLock lock released for storage key sb-bgxknceshxxifwytalex-auth-token

[90mstdout[2m | tests/property/scoped-roles-processing-efficiency.test.ts[2m > [22m[2mProperty 10: Scoped Roles Processing Efficiency[2m > [22m[2mProperty 10.9: Batch role hierarchy queries should maintain consistency
[22m[39mGoTrueClient@sb-bgxknceshxxifwytalex-auth-token:0 (2.93.3) 2026-02-02T15:20:21.440Z #_acquireLock end

stderr | tests/property/scoped-roles-processing-efficiency.test.ts > Property 10: Scoped Roles Processing Efficiency > Property 10.9: Batch role hierarchy queries should maintain consistency
Error fetching org roles: {
  code: 'PGRST200',
  details: "Searched for a foreign key relationship between 'org_roles' and 'user_profiles' in the schema 'public', but no matches were found.",
  hint: null,
  message: "Could not find a relationship between 'org_roles' and 'user_profiles' in the schema cache"
}

stderr | tests/property/scoped-roles-processing-efficiency.test.ts > Property 10: Scoped Roles Processing Efficiency > Property 10.9: Batch role hierarchy queries should maintain consistency
Error fetching org roles: {
  code: 'PGRST200',
  details: "Searched for a foreign key relationship between 'org_roles' and 'user_profiles' in the schema 'public', but no matches were found.",
  hint: null,
  message: "Could not find a relationship between 'org_roles' and 'user_profiles' in the schema cache"
}

stderr | tests/property/scoped-roles-processing-efficiency.test.ts > Property 10: Scoped Roles Processing Efficiency > Property 10.9: Batch role hierarchy queries should maintain consistency
Error fetching org roles: {
  code: 'PGRST200',
  details: "Searched for a foreign key relationship between 'org_roles' and 'user_profiles' in the schema 'public', but no matches were found.",
  hint: null,
  message: "Could not find a relationship between 'org_roles' and 'user_profiles' in the schema cache"
}

stderr | tests/property/scoped-roles-processing-efficiency.test.ts > Property 10: Scoped Roles Processing Efficiency > Property 10.9: Batch role hierarchy queries should maintain consistency
Error fetching org roles: {
  code: 'PGRST200',
  details: "Searched for a foreign key relationship between 'org_roles' and 'user_profiles' in the schema 'public', but no matches were found.",
  hint: null,
  message: "Could not find a relationship between 'org_roles' and 'user_profiles' in the schema cache"
}

stderr | tests/property/scoped-roles-processing-efficiency.test.ts > Property 10: Scoped Roles Processing Efficiency > Property 10.9: Batch role hierarchy queries should maintain consistency
Error fetching org roles: {
  code: 'PGRST200',
  details: "Searched for a foreign key relationship between 'org_roles' and 'user_profiles' in the schema 'public', but no matches were found.",
  hint: null,
  message: "Could not find a relationship between 'org_roles' and 'user_profiles' in the schema cache"
}

stderr | tests/property/scoped-roles-processing-efficiency.test.ts > Property 10: Scoped Roles Processing Efficiency > Property 10.9: Batch role hierarchy queries should maintain consistency
Error fetching org roles: {
  code: 'PGRST200',
  details: "Searched for a foreign key relationship between 'org_roles' and 'user_profiles' in the schema 'public', but no matches were found.",
  hint: null,
  message: "Could not find a relationship between 'org_roles' and 'user_profiles' in the schema cache"
}

stderr | tests/property/scoped-roles-processing-efficiency.test.ts > Property 10: Scoped Roles Processing Efficiency > Property 10.9: Batch role hierarchy queries should maintain consistency
Error fetching project roles: {
  code: 'PGRST200',
  details: "Searched for a foreign key relationship between 'project_roles' and 'user_profiles' in the schema 'public', but no matches were found.",
  hint: null,
  message: "Could not find a relationship between 'project_roles' and 'user_profiles' in the schema cache"
}

[90mstdout[2m | tests/property/scoped-roles-processing-efficiency.test.ts[2m > [22m[2mProperty 10: Scoped Roles Processing Efficiency[2m > [22m[2mProperty 10.9: Batch role hierarchy queries should maintain consistency
[22m[39mGoTrueClient@sb-bgxknceshxxifwytalex-auth-token:0 (2.93.3) 2026-02-02T15:20:21.452Z #_acquireLock begin [33m10000[39m
GoTrueClient@sb-bgxknceshxxifwytalex-auth-token:0 (2.93.3) 2026-02-02T15:20:21.452Z #_acquireLock lock acquired for storage key sb-bgxknceshxxifwytalex-auth-token
GoTrueClient@sb-bgxknceshxxifwytalex-auth-token:0 (2.93.3) 2026-02-02T15:20:21.452Z #_useSession begin
GoTrueClient@sb-bgxknceshxxifwytalex-auth-token:0 (2.93.3) 2026-02-02T15:20:21.452Z #__loadSession() begin

[90mstdout[2m | tests/property/scoped-roles-processing-efficiency.test.ts[2m > [22m[2mProperty 10: Scoped Roles Processing Efficiency[2m > [22m[2mProperty 10.9: Batch role hierarchy queries should maintain consistency
[22m[39mGoTrueClient@sb-bgxknceshxxifwytalex-auth-token:0 (2.93.3) 2026-02-02T15:20:21.452Z #getSession() session from storage [1mnull[22m
GoTrueClient@sb-bgxknceshxxifwytalex-auth-token:0 (2.93.3) 2026-02-02T15:20:21.452Z #__loadSession() end

[90mstdout[2m | tests/property/scoped-roles-processing-efficiency.test.ts[2m > [22m[2mProperty 10: Scoped Roles Processing Efficiency[2m > [22m[2mProperty 10.9: Batch role hierarchy queries should maintain consistency
[22m[39mGoTrueClient@sb-bgxknceshxxifwytalex-auth-token:0 (2.93.3) 2026-02-02T15:20:21.452Z #_useSession end

[90mstdout[2m | tests/property/scoped-roles-processing-efficiency.test.ts[2m > [22m[2mProperty 10: Scoped Roles Processing Efficiency[2m > [22m[2mProperty 10.9: Batch role hierarchy queries should maintain consistency
[22m[39mGoTrueClient@sb-bgxknceshxxifwytalex-auth-token:0 (2.93.3) 2026-02-02T15:20:21.452Z #_acquireLock lock released for storage key sb-bgxknceshxxifwytalex-auth-token

[90mstdout[2m | tests/property/scoped-roles-processing-efficiency.test.ts[2m > [22m[2mProperty 10: Scoped Roles Processing Efficiency[2m > [22m[2mProperty 10.9: Batch role hierarchy queries should maintain consistency
[22m[39mGoTrueClient@sb-bgxknceshxxifwytalex-auth-token:0 (2.93.3) 2026-02-02T15:20:21.452Z #_acquireLock end

stderr | tests/property/scoped-roles-processing-efficiency.test.ts > Property 10: Scoped Roles Processing Efficiency > Property 10.9: Batch role hierarchy queries should maintain consistency
Error fetching org roles: {
  code: 'PGRST200',
  details: "Searched for a foreign key relationship between 'org_roles' and 'user_profiles' in the schema 'public', but no matches were found.",
  hint: null,
  message: "Could not find a relationship between 'org_roles' and 'user_profiles' in the schema cache"
}

[90mstdout[2m | tests/property/scoped-roles-processing-efficiency.test.ts[2m > [22m[2mProperty 10: Scoped Roles Processing Efficiency[2m > [22m[2mProperty 10.9: Batch role hierarchy queries should maintain consistency
[22m[39mGoTrueClient@sb-bgxknceshxxifwytalex-auth-token:0 (2.93.3) 2026-02-02T15:20:21.456Z #_acquireLock begin [33m10000[39m
GoTrueClient@sb-bgxknceshxxifwytalex-auth-token:0 (2.93.3) 2026-02-02T15:20:21.456Z #_acquireLock lock acquired for storage key sb-bgxknceshxxifwytalex-auth-token
GoTrueClient@sb-bgxknceshxxifwytalex-auth-token:0 (2.93.3) 2026-02-02T15:20:21.456Z #_useSession begin
GoTrueClient@sb-bgxknceshxxifwytalex-auth-token:0 (2.93.3) 2026-02-02T15:20:21.456Z #__loadSession() begin

[90mstdout[2m | tests/property/scoped-roles-processing-efficiency.test.ts[2m > [22m[2mProperty 10: Scoped Roles Processing Efficiency[2m > [22m[2mProperty 10.9: Batch role hierarchy queries should maintain consistency
[22m[39mGoTrueClient@sb-bgxknceshxxifwytalex-auth-token:0 (2.93.3) 2026-02-02T15:20:21.456Z #getSession() session from storage [1mnull[22m
GoTrueClient@sb-bgxknceshxxifwytalex-auth-token:0 (2.93.3) 2026-02-02T15:20:21.456Z #__loadSession() end

[90mstdout[2m | tests/property/scoped-roles-processing-efficiency.test.ts[2m > [22m[2mProperty 10: Scoped Roles Processing Efficiency[2m > [22m[2mProperty 10.9: Batch role hierarchy queries should maintain consistency
[22m[39mGoTrueClient@sb-bgxknceshxxifwytalex-auth-token:0 (2.93.3) 2026-02-02T15:20:21.456Z #_useSession end

[90mstdout[2m | tests/property/scoped-roles-processing-efficiency.test.ts[2m > [22m[2mProperty 10: Scoped Roles Processing Efficiency[2m > [22m[2mProperty 10.9: Batch role hierarchy queries should maintain consistency
[22m[39mGoTrueClient@sb-bgxknceshxxifwytalex-auth-token:0 (2.93.3) 2026-02-02T15:20:21.456Z #_acquireLock lock released for storage key sb-bgxknceshxxifwytalex-auth-token

[90mstdout[2m | tests/property/scoped-roles-processing-efficiency.test.ts[2m > [22m[2mProperty 10: Scoped Roles Processing Efficiency[2m > [22m[2mProperty 10.9: Batch role hierarchy queries should maintain consistency
[22m[39mGoTrueClient@sb-bgxknceshxxifwytalex-auth-token:0 (2.93.3) 2026-02-02T15:20:21.456Z #_acquireLock end

stderr | tests/property/scoped-roles-processing-efficiency.test.ts > Property 10: Scoped Roles Processing Efficiency > Property 10.9: Batch role hierarchy queries should maintain consistency
Error fetching org roles: {
  code: 'PGRST200',
  details: "Searched for a foreign key relationship between 'org_roles' and 'user_profiles' in the schema 'public', but no matches were found.",
  hint: null,
  message: "Could not find a relationship between 'org_roles' and 'user_profiles' in the schema cache"
}

stderr | tests/property/scoped-roles-processing-efficiency.test.ts > Property 10: Scoped Roles Processing Efficiency > Property 10.9: Batch role hierarchy queries should maintain consistency
Error fetching org roles: {
  code: 'PGRST200',
  details: "Searched for a foreign key relationship between 'org_roles' and 'user_profiles' in the schema 'public', but no matches were found.",
  hint: null,
  message: "Could not find a relationship between 'org_roles' and 'user_profiles' in the schema cache"
}

[90mstdout[2m | tests/property/scoped-roles-processing-efficiency.test.ts[2m > [22m[2mProperty 10: Scoped Roles Processing Efficiency[2m > [22m[2mProperty 10.10: Role hierarchy cache should respect TTL settings
[22m[39mGoTrueClient@sb-bgxknceshxxifwytalex-auth-token:0 (2.93.3) 2026-02-02T15:20:21.510Z #_acquireLock begin [33m10000[39m
GoTrueClient@sb-bgxknceshxxifwytalex-auth-token:0 (2.93.3) 2026-02-02T15:20:21.510Z #_acquireLock lock acquired for storage key sb-bgxknceshxxifwytalex-auth-token
GoTrueClient@sb-bgxknceshxxifwytalex-auth-token:0 (2.93.3) 2026-02-02T15:20:21.510Z #_useSession begin
GoTrueClient@sb-bgxknceshxxifwytalex-auth-token:0 (2.93.3) 2026-02-02T15:20:21.510Z #__loadSession() begin

[90mstdout[2m | tests/property/scoped-roles-processing-efficiency.test.ts[2m > [22m[2mProperty 10: Scoped Roles Processing Efficiency[2m > [22m[2mProperty 10.10: Role hierarchy cache should respect TTL settings
[22m[39mGoTrueClient@sb-bgxknceshxxifwytalex-auth-token:0 (2.93.3) 2026-02-02T15:20:21.510Z #getSession() session from storage [1mnull[22m
GoTrueClient@sb-bgxknceshxxifwytalex-auth-token:0 (2.93.3) 2026-02-02T15:20:21.510Z #__loadSession() end

[90mstdout[2m | tests/property/scoped-roles-processing-efficiency.test.ts[2m > [22m[2mProperty 10: Scoped Roles Processing Efficiency[2m > [22m[2mProperty 10.10: Role hierarchy cache should respect TTL settings
[22m[39mGoTrueClient@sb-bgxknceshxxifwytalex-auth-token:0 (2.93.3) 2026-02-02T15:20:21.510Z #_useSession end

[90mstdout[2m | tests/property/scoped-roles-processing-efficiency.test.ts[2m > [22m[2mProperty 10: Scoped Roles Processing Efficiency[2m > [22m[2mProperty 10.10: Role hierarchy cache should respect TTL settings
[22m[39mGoTrueClient@sb-bgxknceshxxifwytalex-auth-token:0 (2.93.3) 2026-02-02T15:20:21.510Z #_acquireLock lock released for storage key sb-bgxknceshxxifwytalex-auth-token

[90mstdout[2m | tests/property/scoped-roles-processing-efficiency.test.ts[2m > [22m[2mProperty 10: Scoped Roles Processing Efficiency[2m > [22m[2mProperty 10.10: Role hierarchy cache should respect TTL settings
[22m[39mGoTrueClient@sb-bgxknceshxxifwytalex-auth-token:0 (2.93.3) 2026-02-02T15:20:21.510Z #_acquireLock end

stderr | tests/property/scoped-roles-processing-efficiency.test.ts > Property 10: Scoped Roles Processing Efficiency > Property 10.10: Role hierarchy cache should respect TTL settings
Error fetching project roles: {
  code: 'PGRST200',
  details: "Searched for a foreign key relationship between 'project_roles' and 'user_profiles' in the schema 'public', but no matches were found.",
  hint: null,
  message: "Could not find a relationship between 'project_roles' and 'user_profiles' in the schema cache"
}

[90mstdout[2m | tests/property/scoped-roles-processing-efficiency.test.ts[2m > [22m[2mProperty 10: Scoped Roles Processing Efficiency[2m > [22m[2mProperty 10.10: Role hierarchy cache should respect TTL settings
[22m[39mGoTrueClient@sb-bgxknceshxxifwytalex-auth-token:0 (2.93.3) 2026-02-02T15:20:21.514Z #_acquireLock begin [33m10000[39m
GoTrueClient@sb-bgxknceshxxifwytalex-auth-token:0 (2.93.3) 2026-02-02T15:20:21.514Z #_acquireLock lock acquired for storage key sb-bgxknceshxxifwytalex-auth-token
GoTrueClient@sb-bgxknceshxxifwytalex-auth-token:0 (2.93.3) 2026-02-02T15:20:21.514Z #_useSession begin
GoTrueClient@sb-bgxknceshxxifwytalex-auth-token:0 (2.93.3) 2026-02-02T15:20:21.514Z #__loadSession() begin

[90mstdout[2m | tests/property/scoped-roles-processing-efficiency.test.ts[2m > [22m[2mProperty 10: Scoped Roles Processing Efficiency[2m > [22m[2mProperty 10.10: Role hierarchy cache should respect TTL settings
[22m[39mGoTrueClient@sb-bgxknceshxxifwytalex-auth-token:0 (2.93.3) 2026-02-02T15:20:21.514Z #getSession() session from storage [1mnull[22m
GoTrueClient@sb-bgxknceshxxifwytalex-auth-token:0 (2.93.3) 2026-02-02T15:20:21.514Z #__loadSession() end

[90mstdout[2m | tests/property/scoped-roles-processing-efficiency.test.ts[2m > [22m[2mProperty 10: Scoped Roles Processing Efficiency[2m > [22m[2mProperty 10.10: Role hierarchy cache should respect TTL settings
[22m[39mGoTrueClient@sb-bgxknceshxxifwytalex-auth-token:0 (2.93.3) 2026-02-02T15:20:21.514Z #_useSession end

[90mstdout[2m | tests/property/scoped-roles-processing-efficiency.test.ts[2m > [22m[2mProperty 10: Scoped Roles Processing Efficiency[2m > [22m[2mProperty 10.10: Role hierarchy cache should respect TTL settings
[22m[39mGoTrueClient@sb-bgxknceshxxifwytalex-auth-token:0 (2.93.3) 2026-02-02T15:20:21.515Z #_acquireLock lock released for storage key sb-bgxknceshxxifwytalex-auth-token

[90mstdout[2m | tests/property/scoped-roles-processing-efficiency.test.ts[2m > [22m[2mProperty 10: Scoped Roles Processing Efficiency[2m > [22m[2mProperty 10.10: Role hierarchy cache should respect TTL settings
[22m[39mGoTrueClient@sb-bgxknceshxxifwytalex-auth-token:0 (2.93.3) 2026-02-02T15:20:21.515Z #_acquireLock end

stderr | tests/property/scoped-roles-processing-efficiency.test.ts > Property 10: Scoped Roles Processing Efficiency > Property 10.10: Role hierarchy cache should respect TTL settings
Error fetching project roles: {
  code: 'PGRST200',
  details: "Searched for a foreign key relationship between 'project_roles' and 'user_profiles' in the schema 'public', but no matches were found.",
  hint: null,
  message: "Could not find a relationship between 'project_roles' and 'user_profiles' in the schema cache"
}

[90mstdout[2m | tests/property/scoped-roles-processing-efficiency.test.ts[2m > [22m[2mProperty 10: Scoped Roles Processing Efficiency[2m > [22m[2mProperty 10.10: Role hierarchy cache should respect TTL settings
[22m[39mGoTrueClient@sb-bgxknceshxxifwytalex-auth-token:0 (2.93.3) 2026-02-02T15:20:21.560Z #_acquireLock begin [33m10000[39m
GoTrueClient@sb-bgxknceshxxifwytalex-auth-token:0 (2.93.3) 2026-02-02T15:20:21.560Z #_acquireLock lock acquired for storage key sb-bgxknceshxxifwytalex-auth-token
GoTrueClient@sb-bgxknceshxxifwytalex-auth-token:0 (2.93.3) 2026-02-02T15:20:21.560Z #_useSession begin
GoTrueClient@sb-bgxknceshxxifwytalex-auth-token:0 (2.93.3) 2026-02-02T15:20:21.560Z #__loadSession() begin

[90mstdout[2m | tests/property/scoped-roles-processing-efficiency.test.ts[2m > [22m[2mProperty 10: Scoped Roles Processing Efficiency[2m > [22m[2mProperty 10.10: Role hierarchy cache should respect TTL settings
[22m[39mGoTrueClient@sb-bgxknceshxxifwytalex-auth-token:0 (2.93.3) 2026-02-02T15:20:21.561Z #getSession() session from storage [1mnull[22m
GoTrueClient@sb-bgxknceshxxifwytalex-auth-token:0 (2.93.3) 2026-02-02T15:20:21.561Z #__loadSession() end

[90mstdout[2m | tests/property/scoped-roles-processing-efficiency.test.ts[2m > [22m[2mProperty 10: Scoped Roles Processing Efficiency[2m > [22m[2mProperty 10.10: Role hierarchy cache should respect TTL settings
[22m[39mGoTrueClient@sb-bgxknceshxxifwytalex-auth-token:0 (2.93.3) 2026-02-02T15:20:21.561Z #_useSession end

[90mstdout[2m | tests/property/scoped-roles-processing-efficiency.test.ts[2m > [22m[2mProperty 10: Scoped Roles Processing Efficiency[2m > [22m[2mProperty 10.10: Role hierarchy cache should respect TTL settings
[22m[39mGoTrueClient@sb-bgxknceshxxifwytalex-auth-token:0 (2.93.3) 2026-02-02T15:20:21.561Z #_acquireLock lock released for storage key sb-bgxknceshxxifwytalex-auth-token

[90mstdout[2m | tests/property/scoped-roles-processing-efficiency.test.ts[2m > [22m[2mProperty 10: Scoped Roles Processing Efficiency[2m > [22m[2mProperty 10.10: Role hierarchy cache should respect TTL settings
[22m[39mGoTrueClient@sb-bgxknceshxxifwytalex-auth-token:0 (2.93.3) 2026-02-02T15:20:21.561Z #_acquireLock end

stderr | tests/property/scoped-roles-processing-efficiency.test.ts > Property 10: Scoped Roles Processing Efficiency > Property 10.10: Role hierarchy cache should respect TTL settings
Error fetching org roles: {
  code: 'PGRST200',
  details: "Searched for a foreign key relationship between 'org_roles' and 'user_profiles' in the schema 'public', but no matches were found.",
  hint: null,
  message: "Could not find a relationship between 'org_roles' and 'user_profiles' in the schema cache"
}

[90mstdout[2m | tests/property/scoped-roles-processing-efficiency.test.ts[2m > [22m[2mProperty 10: Scoped Roles Processing Efficiency[2m > [22m[2mProperty 10.10: Role hierarchy cache should respect TTL settings
[22m[39mGoTrueClient@sb-bgxknceshxxifwytalex-auth-token:0 (2.93.3) 2026-02-02T15:20:21.653Z #_acquireLock begin [33m10000[39m
GoTrueClient@sb-bgxknceshxxifwytalex-auth-token:0 (2.93.3) 2026-02-02T15:20:21.653Z #_acquireLock lock acquired for storage key sb-bgxknceshxxifwytalex-auth-token
GoTrueClient@sb-bgxknceshxxifwytalex-auth-token:0 (2.93.3) 2026-02-02T15:20:21.653Z #_useSession begin
GoTrueClient@sb-bgxknceshxxifwytalex-auth-token:0 (2.93.3) 2026-02-02T15:20:21.653Z #__loadSession() begin

[90mstdout[2m | tests/property/scoped-roles-processing-efficiency.test.ts[2m > [22m[2mProperty 10: Scoped Roles Processing Efficiency[2m > [22m[2mProperty 10.10: Role hierarchy cache should respect TTL settings
[22m[39mGoTrueClient@sb-bgxknceshxxifwytalex-auth-token:0 (2.93.3) 2026-02-02T15:20:21.653Z #getSession() session from storage [1mnull[22m
GoTrueClient@sb-bgxknceshxxifwytalex-auth-token:0 (2.93.3) 2026-02-02T15:20:21.653Z #__loadSession() end

[90mstdout[2m | tests/property/scoped-roles-processing-efficiency.test.ts[2m > [22m[2mProperty 10: Scoped Roles Processing Efficiency[2m > [22m[2mProperty 10.10: Role hierarchy cache should respect TTL settings
[22m[39mGoTrueClient@sb-bgxknceshxxifwytalex-auth-token:0 (2.93.3) 2026-02-02T15:20:21.653Z #_useSession end

[90mstdout[2m | tests/property/scoped-roles-processing-efficiency.test.ts[2m > [22m[2mProperty 10: Scoped Roles Processing Efficiency[2m > [22m[2mProperty 10.10: Role hierarchy cache should respect TTL settings
[22m[39mGoTrueClient@sb-bgxknceshxxifwytalex-auth-token:0 (2.93.3) 2026-02-02T15:20:21.653Z #_acquireLock lock released for storage key sb-bgxknceshxxifwytalex-auth-token

[90mstdout[2m | tests/property/scoped-roles-processing-efficiency.test.ts[2m > [22m[2mProperty 10: Scoped Roles Processing Efficiency[2m > [22m[2mProperty 10.10: Role hierarchy cache should respect TTL settings
[22m[39mGoTrueClient@sb-bgxknceshxxifwytalex-auth-token:0 (2.93.3) 2026-02-02T15:20:21.653Z #_acquireLock end

stderr | tests/property/scoped-roles-processing-efficiency.test.ts > Property 10: Scoped Roles Processing Efficiency > Property 10.10: Role hierarchy cache should respect TTL settings
Error fetching org roles: {
  code: 'PGRST200',
  details: "Searched for a foreign key relationship between 'org_roles' and 'user_profiles' in the schema 'public', but no matches were found.",
  hint: null,
  message: "Could not find a relationship between 'org_roles' and 'user_profiles' in the schema cache"
}

[90mstdout[2m | tests/property/scoped-roles-processing-efficiency.test.ts[2m > [22m[2mProperty 10: Scoped Roles Processing Efficiency[2m > [22m[2mProperty 10.10: Role hierarchy cache should respect TTL settings
[22m[39mGoTrueClient@sb-bgxknceshxxifwytalex-auth-token:0 (2.93.3) 2026-02-02T15:20:21.657Z #_acquireLock begin [33m10000[39m
GoTrueClient@sb-bgxknceshxxifwytalex-auth-token:0 (2.93.3) 2026-02-02T15:20:21.657Z #_acquireLock lock acquired for storage key sb-bgxknceshxxifwytalex-auth-token
GoTrueClient@sb-bgxknceshxxifwytalex-auth-token:0 (2.93.3) 2026-02-02T15:20:21.657Z #_useSession begin
GoTrueClient@sb-bgxknceshxxifwytalex-auth-token:0 (2.93.3) 2026-02-02T15:20:21.657Z #__loadSession() begin

[90mstdout[2m | tests/property/scoped-roles-processing-efficiency.test.ts[2m > [22m[2mProperty 10: Scoped Roles Processing Efficiency[2m > [22m[2mProperty 10.10: Role hierarchy cache should respect TTL settings
[22m[39mGoTrueClient@sb-bgxknceshxxifwytalex-auth-token:0 (2.93.3) 2026-02-02T15:20:21.657Z #getSession() session from storage [1mnull[22m
GoTrueClient@sb-bgxknceshxxifwytalex-auth-token:0 (2.93.3) 2026-02-02T15:20:21.657Z #__loadSession() end

[90mstdout[2m | tests/property/scoped-roles-processing-efficiency.test.ts[2m > [22m[2mProperty 10: Scoped Roles Processing Efficiency[2m > [22m[2mProperty 10.10: Role hierarchy cache should respect TTL settings
[22m[39mGoTrueClient@sb-bgxknceshxxifwytalex-auth-token:0 (2.93.3) 2026-02-02T15:20:21.657Z #_useSession end

[90mstdout[2m | tests/property/scoped-roles-processing-efficiency.test.ts[2m > [22m[2mProperty 10: Scoped Roles Processing Efficiency[2m > [22m[2mProperty 10.10: Role hierarchy cache should respect TTL settings
[22m[39mGoTrueClient@sb-bgxknceshxxifwytalex-auth-token:0 (2.93.3) 2026-02-02T15:20:21.657Z #_acquireLock lock released for storage key sb-bgxknceshxxifwytalex-auth-token

[90mstdout[2m | tests/property/scoped-roles-processing-efficiency.test.ts[2m > [22m[2mProperty 10: Scoped Roles Processing Efficiency[2m > [22m[2mProperty 10.10: Role hierarchy cache should respect TTL settings
[22m[39mGoTrueClient@sb-bgxknceshxxifwytalex-auth-token:0 (2.93.3) 2026-02-02T15:20:21.657Z #_acquireLock end

stderr | tests/property/scoped-roles-processing-efficiency.test.ts > Property 10: Scoped Roles Processing Efficiency > Property 10.10: Role hierarchy cache should respect TTL settings
Error fetching org roles: {
  code: 'PGRST200',
  details: "Searched for a foreign key relationship between 'org_roles' and 'user_profiles' in the schema 'public', but no matches were found.",
  hint: null,
  message: "Could not find a relationship between 'org_roles' and 'user_profiles' in the schema cache"
}

[90mstdout[2m | tests/property/scoped-roles-processing-efficiency.test.ts[2m > [22m[2mProperty 10: Scoped Roles Processing Efficiency[2m > [22m[2mProperty 10.10: Role hierarchy cache should respect TTL settings
[22m[39mGoTrueClient@sb-bgxknceshxxifwytalex-auth-token:0 (2.93.3) 2026-02-02T15:20:21.690Z #_acquireLock begin [33m10000[39m
GoTrueClient@sb-bgxknceshxxifwytalex-auth-token:0 (2.93.3) 2026-02-02T15:20:21.690Z #_acquireLock lock acquired for storage key sb-bgxknceshxxifwytalex-auth-token
GoTrueClient@sb-bgxknceshxxifwytalex-auth-token:0 (2.93.3) 2026-02-02T15:20:21.690Z #_useSession begin
GoTrueClient@sb-bgxknceshxxifwytalex-auth-token:0 (2.93.3) 2026-02-02T15:20:21.690Z #__loadSession() begin

[90mstdout[2m | tests/property/scoped-roles-processing-efficiency.test.ts[2m > [22m[2mProperty 10: Scoped Roles Processing Efficiency[2m > [22m[2mProperty 10.10: Role hierarchy cache should respect TTL settings
[22m[39mGoTrueClient@sb-bgxknceshxxifwytalex-auth-token:0 (2.93.3) 2026-02-02T15:20:21.690Z #getSession() session from storage [1mnull[22m
GoTrueClient@sb-bgxknceshxxifwytalex-auth-token:0 (2.93.3) 2026-02-02T15:20:21.690Z #__loadSession() end

[90mstdout[2m | tests/property/scoped-roles-processing-efficiency.test.ts[2m > [22m[2mProperty 10: Scoped Roles Processing Efficiency[2m > [22m[2mProperty 10.10: Role hierarchy cache should respect TTL settings
[22m[39mGoTrueClient@sb-bgxknceshxxifwytalex-auth-token:0 (2.93.3) 2026-02-02T15:20:21.690Z #_useSession end

[90mstdout[2m | tests/property/scoped-roles-processing-efficiency.test.ts[2m > [22m[2mProperty 10: Scoped Roles Processing Efficiency[2m > [22m[2mProperty 10.10: Role hierarchy cache should respect TTL settings
[22m[39mGoTrueClient@sb-bgxknceshxxifwytalex-auth-token:0 (2.93.3) 2026-02-02T15:20:21.690Z #_acquireLock lock released for storage key sb-bgxknceshxxifwytalex-auth-token

[90mstdout[2m | tests/property/scoped-roles-processing-efficiency.test.ts[2m > [22m[2mProperty 10: Scoped Roles Processing Efficiency[2m > [22m[2mProperty 10.10: Role hierarchy cache should respect TTL settings
[22m[39mGoTrueClient@sb-bgxknceshxxifwytalex-auth-token:0 (2.93.3) 2026-02-02T15:20:21.690Z #_acquireLock end

[90mstdout[2m | tests/property/scoped-roles-processing-efficiency.test.ts[2m > [22m[2mProperty 10: Scoped Roles Processing Efficiency[2m > [22m[2mProperty 10.10: Role hierarchy cache should respect TTL settings
[22m[39mGoTrueClient@sb-bgxknceshxxifwytalex-auth-token:0 (2.93.3) 2026-02-02T15:20:21.694Z #_acquireLock begin [33m10000[39m
GoTrueClient@sb-bgxknceshxxifwytalex-auth-token:0 (2.93.3) 2026-02-02T15:20:21.694Z #_acquireLock lock acquired for storage key sb-bgxknceshxxifwytalex-auth-token
GoTrueClient@sb-bgxknceshxxifwytalex-auth-token:0 (2.93.3) 2026-02-02T15:20:21.694Z #_useSession begin
GoTrueClient@sb-bgxknceshxxifwytalex-auth-token:0 (2.93.3) 2026-02-02T15:20:21.694Z #__loadSession() begin

[90mstdout[2m | tests/property/scoped-roles-processing-efficiency.test.ts[2m > [22m[2mProperty 10: Scoped Roles Processing Efficiency[2m > [22m[2mProperty 10.10: Role hierarchy cache should respect TTL settings
[22m[39mGoTrueClient@sb-bgxknceshxxifwytalex-auth-token:0 (2.93.3) 2026-02-02T15:20:21.694Z #getSession() session from storage [1mnull[22m
GoTrueClient@sb-bgxknceshxxifwytalex-auth-token:0 (2.93.3) 2026-02-02T15:20:21.694Z #__loadSession() end

[90mstdout[2m | tests/property/scoped-roles-processing-efficiency.test.ts[2m > [22m[2mProperty 10: Scoped Roles Processing Efficiency[2m > [22m[2mProperty 10.10: Role hierarchy cache should respect TTL settings
[22m[39mGoTrueClient@sb-bgxknceshxxifwytalex-auth-token:0 (2.93.3) 2026-02-02T15:20:21.694Z #_useSession end

[90mstdout[2m | tests/property/scoped-roles-processing-efficiency.test.ts[2m > [22m[2mProperty 10: Scoped Roles Processing Efficiency[2m > [22m[2mProperty 10.10: Role hierarchy cache should respect TTL settings
[22m[39mGoTrueClient@sb-bgxknceshxxifwytalex-auth-token:0 (2.93.3) 2026-02-02T15:20:21.694Z #_acquireLock lock released for storage key sb-bgxknceshxxifwytalex-auth-token

[90mstdout[2m | tests/property/scoped-roles-processing-efficiency.test.ts[2m > [22m[2mProperty 10: Scoped Roles Processing Efficiency[2m > [22m[2mProperty 10.10: Role hierarchy cache should respect TTL settings
[22m[39mGoTrueClient@sb-bgxknceshxxifwytalex-auth-token:0 (2.93.3) 2026-02-02T15:20:21.694Z #_acquireLock end

stderr | tests/property/scoped-roles-processing-efficiency.test.ts > Property 10: Scoped Roles Processing Efficiency > Property 10.10: Role hierarchy cache should respect TTL settings
Error fetching org roles: {
  code: 'PGRST200',
  details: "Searched for a foreign key relationship between 'org_roles' and 'user_profiles' in the schema 'public', but no matches were found.",
  hint: null,
  message: "Could not find a relationship between 'org_roles' and 'user_profiles' in the schema cache"
}

[90mstdout[2m | tests/property/scoped-roles-processing-efficiency.test.ts[2m > [22m[2mProperty 10: Scoped Roles Processing Efficiency[2m > [22m[2mProperty 10.10: Role hierarchy cache should respect TTL settings
[22m[39mGoTrueClient@sb-bgxknceshxxifwytalex-auth-token:0 (2.93.3) 2026-02-02T15:20:21.731Z #_acquireLock begin [33m10000[39m
GoTrueClient@sb-bgxknceshxxifwytalex-auth-token:0 (2.93.3) 2026-02-02T15:20:21.731Z #_acquireLock lock acquired for storage key sb-bgxknceshxxifwytalex-auth-token
GoTrueClient@sb-bgxknceshxxifwytalex-auth-token:0 (2.93.3) 2026-02-02T15:20:21.731Z #_useSession begin
GoTrueClient@sb-bgxknceshxxifwytalex-auth-token:0 (2.93.3) 2026-02-02T15:20:21.731Z #__loadSession() begin

[90mstdout[2m | tests/property/scoped-roles-processing-efficiency.test.ts[2m > [22m[2mProperty 10: Scoped Roles Processing Efficiency[2m > [22m[2mProperty 10.10: Role hierarchy cache should respect TTL settings
[22m[39mGoTrueClient@sb-bgxknceshxxifwytalex-auth-token:0 (2.93.3) 2026-02-02T15:20:21.731Z #getSession() session from storage [1mnull[22m
GoTrueClient@sb-bgxknceshxxifwytalex-auth-token:0 (2.93.3) 2026-02-02T15:20:21.731Z #__loadSession() end

[90mstdout[2m | tests/property/scoped-roles-processing-efficiency.test.ts[2m > [22m[2mProperty 10: Scoped Roles Processing Efficiency[2m > [22m[2mProperty 10.10: Role hierarchy cache should respect TTL settings
[22m[39mGoTrueClient@sb-bgxknceshxxifwytalex-auth-token:0 (2.93.3) 2026-02-02T15:20:21.731Z #_useSession end

[90mstdout[2m | tests/property/scoped-roles-processing-efficiency.test.ts[2m > [22m[2mProperty 10: Scoped Roles Processing Efficiency[2m > [22m[2mProperty 10.10: Role hierarchy cache should respect TTL settings
[22m[39mGoTrueClient@sb-bgxknceshxxifwytalex-auth-token:0 (2.93.3) 2026-02-02T15:20:21.731Z #_acquireLock lock released for storage key sb-bgxknceshxxifwytalex-auth-token

[90mstdout[2m | tests/property/scoped-roles-processing-efficiency.test.ts[2m > [22m[2mProperty 10: Scoped Roles Processing Efficiency[2m > [22m[2mProperty 10.10: Role hierarchy cache should respect TTL settings
[22m[39mGoTrueClient@sb-bgxknceshxxifwytalex-auth-token:0 (2.93.3) 2026-02-02T15:20:21.731Z #_acquireLock end

stderr | tests/property/scoped-roles-processing-efficiency.test.ts > Property 10: Scoped Roles Processing Efficiency > Property 10.10: Role hierarchy cache should respect TTL settings
Error fetching project roles: {
  code: 'PGRST200',
  details: "Searched for a foreign key relationship between 'project_roles' and 'user_profiles' in the schema 'public', but no matches were found.",
  hint: null,
  message: "Could not find a relationship between 'project_roles' and 'user_profiles' in the schema cache"
}

[90mstdout[2m | tests/property/scoped-roles-processing-efficiency.test.ts[2m > [22m[2mProperty 10: Scoped Roles Processing Efficiency[2m > [22m[2mProperty 10.10: Role hierarchy cache should respect TTL settings
[22m[39mGoTrueClient@sb-bgxknceshxxifwytalex-auth-token:0 (2.93.3) 2026-02-02T15:20:21.737Z #_acquireLock begin [33m10000[39m
GoTrueClient@sb-bgxknceshxxifwytalex-auth-token:0 (2.93.3) 2026-02-02T15:20:21.737Z #_acquireLock lock acquired for storage key sb-bgxknceshxxifwytalex-auth-token
GoTrueClient@sb-bgxknceshxxifwytalex-auth-token:0 (2.93.3) 2026-02-02T15:20:21.737Z #_useSession begin
GoTrueClient@sb-bgxknceshxxifwytalex-auth-token:0 (2.93.3) 2026-02-02T15:20:21.737Z #__loadSession() begin

[90mstdout[2m | tests/property/scoped-roles-processing-efficiency.test.ts[2m > [22m[2mProperty 10: Scoped Roles Processing Efficiency[2m > [22m[2mProperty 10.10: Role hierarchy cache should respect TTL settings
[22m[39mGoTrueClient@sb-bgxknceshxxifwytalex-auth-token:0 (2.93.3) 2026-02-02T15:20:21.737Z #getSession() session from storage [1mnull[22m
GoTrueClient@sb-bgxknceshxxifwytalex-auth-token:0 (2.93.3) 2026-02-02T15:20:21.737Z #__loadSession() end

[90mstdout[2m | tests/property/scoped-roles-processing-efficiency.test.ts[2m > [22m[2mProperty 10: Scoped Roles Processing Efficiency[2m > [22m[2mProperty 10.10: Role hierarchy cache should respect TTL settings
[22m[39mGoTrueClient@sb-bgxknceshxxifwytalex-auth-token:0 (2.93.3) 2026-02-02T15:20:21.737Z #_useSession end

[90mstdout[2m | tests/property/scoped-roles-processing-efficiency.test.ts[2m > [22m[2mProperty 10: Scoped Roles Processing Efficiency[2m > [22m[2mProperty 10.10: Role hierarchy cache should respect TTL settings
[22m[39mGoTrueClient@sb-bgxknceshxxifwytalex-auth-token:0 (2.93.3) 2026-02-02T15:20:21.737Z #_acquireLock lock released for storage key sb-bgxknceshxxifwytalex-auth-token

[90mstdout[2m | tests/property/scoped-roles-processing-efficiency.test.ts[2m > [22m[2mProperty 10: Scoped Roles Processing Efficiency[2m > [22m[2mProperty 10.10: Role hierarchy cache should respect TTL settings
[22m[39mGoTrueClient@sb-bgxknceshxxifwytalex-auth-token:0 (2.93.3) 2026-02-02T15:20:21.737Z #_acquireLock end

[90mstdout[2m | tests/property/scoped-roles-processing-efficiency.test.ts[2m > [22m[2mProperty 10: Scoped Roles Processing Efficiency[2m > [22m[2mProperty 10.10: Role hierarchy cache should respect TTL settings
[22m[39mGoTrueClient@sb-bgxknceshxxifwytalex-auth-token:0 (2.93.3) 2026-02-02T15:20:21.785Z #_acquireLock begin [33m10000[39m
GoTrueClient@sb-bgxknceshxxifwytalex-auth-token:0 (2.93.3) 2026-02-02T15:20:21.785Z #_acquireLock lock acquired for storage key sb-bgxknceshxxifwytalex-auth-token
GoTrueClient@sb-bgxknceshxxifwytalex-auth-token:0 (2.93.3) 2026-02-02T15:20:21.785Z #_useSession begin
GoTrueClient@sb-bgxknceshxxifwytalex-auth-token:0 (2.93.3) 2026-02-02T15:20:21.785Z #__loadSession() begin

[90mstdout[2m | tests/property/scoped-roles-processing-efficiency.test.ts[2m > [22m[2mProperty 10: Scoped Roles Processing Efficiency[2m > [22m[2mProperty 10.10: Role hierarchy cache should respect TTL settings
[22m[39mGoTrueClient@sb-bgxknceshxxifwytalex-auth-token:0 (2.93.3) 2026-02-02T15:20:21.785Z #getSession() session from storage [1mnull[22m
GoTrueClient@sb-bgxknceshxxifwytalex-auth-token:0 (2.93.3) 2026-02-02T15:20:21.785Z #__loadSession() end

[90mstdout[2m | tests/property/scoped-roles-processing-efficiency.test.ts[2m > [22m[2mProperty 10: Scoped Roles Processing Efficiency[2m > [22m[2mProperty 10.10: Role hierarchy cache should respect TTL settings
[22m[39mGoTrueClient@sb-bgxknceshxxifwytalex-auth-token:0 (2.93.3) 2026-02-02T15:20:21.785Z #_useSession end

[90mstdout[2m | tests/property/scoped-roles-processing-efficiency.test.ts[2m > [22m[2mProperty 10: Scoped Roles Processing Efficiency[2m > [22m[2mProperty 10.10: Role hierarchy cache should respect TTL settings
[22m[39mGoTrueClient@sb-bgxknceshxxifwytalex-auth-token:0 (2.93.3) 2026-02-02T15:20:21.785Z #_acquireLock lock released for storage key sb-bgxknceshxxifwytalex-auth-token

[90mstdout[2m | tests/property/scoped-roles-processing-efficiency.test.ts[2m > [22m[2mProperty 10: Scoped Roles Processing Efficiency[2m > [22m[2mProperty 10.10: Role hierarchy cache should respect TTL settings
[22m[39mGoTrueClient@sb-bgxknceshxxifwytalex-auth-token:0 (2.93.3) 2026-02-02T15:20:21.785Z #_acquireLock end

stderr | tests/property/scoped-roles-processing-efficiency.test.ts > Property 10: Scoped Roles Processing Efficiency > Property 10.10: Role hierarchy cache should respect TTL settings
Error fetching org roles: {
  code: 'PGRST200',
  details: "Searched for a foreign key relationship between 'org_roles' and 'user_profiles' in the schema 'public', but no matches were found.",
  hint: null,
  message: "Could not find a relationship between 'org_roles' and 'user_profiles' in the schema cache"
}

[90mstdout[2m | tests/property/scoped-roles-processing-efficiency.test.ts[2m > [22m[2mProperty 10: Scoped Roles Processing Efficiency[2m > [22m[2mProperty 10.10: Role hierarchy cache should respect TTL settings
[22m[39mGoTrueClient@sb-bgxknceshxxifwytalex-auth-token:0 (2.93.3) 2026-02-02T15:20:21.848Z #_acquireLock begin [33m10000[39m
GoTrueClient@sb-bgxknceshxxifwytalex-auth-token:0 (2.93.3) 2026-02-02T15:20:21.848Z #_acquireLock lock acquired for storage key sb-bgxknceshxxifwytalex-auth-token
GoTrueClient@sb-bgxknceshxxifwytalex-auth-token:0 (2.93.3) 2026-02-02T15:20:21.848Z #_useSession begin
GoTrueClient@sb-bgxknceshxxifwytalex-auth-token:0 (2.93.3) 2026-02-02T15:20:21.848Z #__loadSession() begin

[90mstdout[2m | tests/property/scoped-roles-processing-efficiency.test.ts[2m > [22m[2mProperty 10: Scoped Roles Processing Efficiency[2m > [22m[2mProperty 10.10: Role hierarchy cache should respect TTL settings
[22m[39mGoTrueClient@sb-bgxknceshxxifwytalex-auth-token:0 (2.93.3) 2026-02-02T15:20:21.848Z #getSession() session from storage [1mnull[22m
GoTrueClient@sb-bgxknceshxxifwytalex-auth-token:0 (2.93.3) 2026-02-02T15:20:21.848Z #__loadSession() end

[90mstdout[2m | tests/property/scoped-roles-processing-efficiency.test.ts[2m > [22m[2mProperty 10: Scoped Roles Processing Efficiency[2m > [22m[2mProperty 10.10: Role hierarchy cache should respect TTL settings
[22m[39mGoTrueClient@sb-bgxknceshxxifwytalex-auth-token:0 (2.93.3) 2026-02-02T15:20:21.848Z #_useSession end

[90mstdout[2m | tests/property/scoped-roles-processing-efficiency.test.ts[2m > [22m[2mProperty 10: Scoped Roles Processing Efficiency[2m > [22m[2mProperty 10.10: Role hierarchy cache should respect TTL settings
[22m[39mGoTrueClient@sb-bgxknceshxxifwytalex-auth-token:0 (2.93.3) 2026-02-02T15:20:21.848Z #_acquireLock lock released for storage key sb-bgxknceshxxifwytalex-auth-token

[90mstdout[2m | tests/property/scoped-roles-processing-efficiency.test.ts[2m > [22m[2mProperty 10: Scoped Roles Processing Efficiency[2m > [22m[2mProperty 10.10: Role hierarchy cache should respect TTL settings
[22m[39mGoTrueClient@sb-bgxknceshxxifwytalex-auth-token:0 (2.93.3) 2026-02-02T15:20:21.848Z #_acquireLock end

stderr | tests/property/scoped-roles-processing-efficiency.test.ts > Property 10: Scoped Roles Processing Efficiency > Property 10.10: Role hierarchy cache should respect TTL settings
Error fetching project roles: {
  code: 'PGRST200',
  details: "Searched for a foreign key relationship between 'project_roles' and 'user_profiles' in the schema 'public', but no matches were found.",
  hint: null,
  message: "Could not find a relationship between 'project_roles' and 'user_profiles' in the schema cache"
}

[90mstdout[2m | tests/property/scoped-roles-processing-efficiency.test.ts[2m > [22m[2mProperty 10: Scoped Roles Processing Efficiency[2m > [22m[2mProperty 10.10: Role hierarchy cache should respect TTL settings
[22m[39mGoTrueClient@sb-bgxknceshxxifwytalex-auth-token:0 (2.93.3) 2026-02-02T15:20:21.869Z #_acquireLock begin [33m10000[39m
GoTrueClient@sb-bgxknceshxxifwytalex-auth-token:0 (2.93.3) 2026-02-02T15:20:21.869Z #_acquireLock lock acquired for storage key sb-bgxknceshxxifwytalex-auth-token
GoTrueClient@sb-bgxknceshxxifwytalex-auth-token:0 (2.93.3) 2026-02-02T15:20:21.869Z #_useSession begin
GoTrueClient@sb-bgxknceshxxifwytalex-auth-token:0 (2.93.3) 2026-02-02T15:20:21.869Z #__loadSession() begin

[90mstdout[2m | tests/property/scoped-roles-processing-efficiency.test.ts[2m > [22m[2mProperty 10: Scoped Roles Processing Efficiency[2m > [22m[2mProperty 10.10: Role hierarchy cache should respect TTL settings
[22m[39mGoTrueClient@sb-bgxknceshxxifwytalex-auth-token:0 (2.93.3) 2026-02-02T15:20:21.870Z #getSession() session from storage [1mnull[22m
GoTrueClient@sb-bgxknceshxxifwytalex-auth-token:0 (2.93.3) 2026-02-02T15:20:21.870Z #__loadSession() end

[90mstdout[2m | tests/property/scoped-roles-processing-efficiency.test.ts[2m > [22m[2mProperty 10: Scoped Roles Processing Efficiency[2m > [22m[2mProperty 10.10: Role hierarchy cache should respect TTL settings
[22m[39mGoTrueClient@sb-bgxknceshxxifwytalex-auth-token:0 (2.93.3) 2026-02-02T15:20:21.870Z #_useSession end

[90mstdout[2m | tests/property/scoped-roles-processing-efficiency.test.ts[2m > [22m[2mProperty 10: Scoped Roles Processing Efficiency[2m > [22m[2mProperty 10.10: Role hierarchy cache should respect TTL settings
[22m[39mGoTrueClient@sb-bgxknceshxxifwytalex-auth-token:0 (2.93.3) 2026-02-02T15:20:21.870Z #_acquireLock lock released for storage key sb-bgxknceshxxifwytalex-auth-token

[90mstdout[2m | tests/property/scoped-roles-processing-efficiency.test.ts[2m > [22m[2mProperty 10: Scoped Roles Processing Efficiency[2m > [22m[2mProperty 10.10: Role hierarchy cache should respect TTL settings
[22m[39mGoTrueClient@sb-bgxknceshxxifwytalex-auth-token:0 (2.93.3) 2026-02-02T15:20:21.870Z #_acquireLock end

stderr | tests/property/scoped-roles-processing-efficiency.test.ts > Property 10: Scoped Roles Processing Efficiency > Property 10.10: Role hierarchy cache should respect TTL settings
Error fetching org roles: {
  code: 'PGRST200',
  details: "Searched for a foreign key relationship between 'org_roles' and 'user_profiles' in the schema 'public', but no matches were found.",
  hint: null,
  message: "Could not find a relationship between 'org_roles' and 'user_profiles' in the schema cache"
}

[90mstdout[2m | tests/property/scoped-roles-processing-efficiency.test.ts[2m > [22m[2mProperty 10: Scoped Roles Processing Efficiency[2m > [22m[2mProperty 10.10: Role hierarchy cache should respect TTL settings
[22m[39mGoTrueClient@sb-bgxknceshxxifwytalex-auth-token:0 (2.93.3) 2026-02-02T15:20:21.893Z #_acquireLock begin [33m10000[39m
GoTrueClient@sb-bgxknceshxxifwytalex-auth-token:0 (2.93.3) 2026-02-02T15:20:21.893Z #_acquireLock lock acquired for storage key sb-bgxknceshxxifwytalex-auth-token
GoTrueClient@sb-bgxknceshxxifwytalex-auth-token:0 (2.93.3) 2026-02-02T15:20:21.893Z #_useSession begin
GoTrueClient@sb-bgxknceshxxifwytalex-auth-token:0 (2.93.3) 2026-02-02T15:20:21.893Z #__loadSession() begin

[90mstdout[2m | tests/property/scoped-roles-processing-efficiency.test.ts[2m > [22m[2mProperty 10: Scoped Roles Processing Efficiency[2m > [22m[2mProperty 10.10: Role hierarchy cache should respect TTL settings
[22m[39mGoTrueClient@sb-bgxknceshxxifwytalex-auth-token:0 (2.93.3) 2026-02-02T15:20:21.893Z #getSession() session from storage [1mnull[22m
GoTrueClient@sb-bgxknceshxxifwytalex-auth-token:0 (2.93.3) 2026-02-02T15:20:21.893Z #__loadSession() end

[90mstdout[2m | tests/property/scoped-roles-processing-efficiency.test.ts[2m > [22m[2mProperty 10: Scoped Roles Processing Efficiency[2m > [22m[2mProperty 10.10: Role hierarchy cache should respect TTL settings
[22m[39mGoTrueClient@sb-bgxknceshxxifwytalex-auth-token:0 (2.93.3) 2026-02-02T15:20:21.894Z #_useSession end

[90mstdout[2m | tests/property/scoped-roles-processing-efficiency.test.ts[2m > [22m[2mProperty 10: Scoped Roles Processing Efficiency[2m > [22m[2mProperty 10.10: Role hierarchy cache should respect TTL settings
[22m[39mGoTrueClient@sb-bgxknceshxxifwytalex-auth-token:0 (2.93.3) 2026-02-02T15:20:21.894Z #_acquireLock lock released for storage key sb-bgxknceshxxifwytalex-auth-token

[90mstdout[2m | tests/property/scoped-roles-processing-efficiency.test.ts[2m > [22m[2mProperty 10: Scoped Roles Processing Efficiency[2m > [22m[2mProperty 10.10: Role hierarchy cache should respect TTL settings
[22m[39mGoTrueClient@sb-bgxknceshxxifwytalex-auth-token:0 (2.93.3) 2026-02-02T15:20:21.894Z #_acquireLock end

stderr | tests/property/scoped-roles-processing-efficiency.test.ts > Property 10: Scoped Roles Processing Efficiency > Property 10.10: Role hierarchy cache should respect TTL settings
Error fetching org roles: {
  code: 'PGRST200',
  details: "Searched for a foreign key relationship between 'org_roles' and 'user_profiles' in the schema 'public', but no matches were found.",
  hint: null,
  message: "Could not find a relationship between 'org_roles' and 'user_profiles' in the schema cache"
}

[90mstdout[2m | tests/property/scoped-roles-processing-efficiency.test.ts[2m > [22m[2mProperty 10: Scoped Roles Processing Efficiency[2m > [22m[2mProperty 10.10: Role hierarchy cache should respect TTL settings
[22m[39mGoTrueClient@sb-bgxknceshxxifwytalex-auth-token:0 (2.93.3) 2026-02-02T15:20:21.920Z #_acquireLock begin [33m10000[39m
GoTrueClient@sb-bgxknceshxxifwytalex-auth-token:0 (2.93.3) 2026-02-02T15:20:21.920Z #_acquireLock lock acquired for storage key sb-bgxknceshxxifwytalex-auth-token
GoTrueClient@sb-bgxknceshxxifwytalex-auth-token:0 (2.93.3) 2026-02-02T15:20:21.920Z #_useSession begin
GoTrueClient@sb-bgxknceshxxifwytalex-auth-token:0 (2.93.3) 2026-02-02T15:20:21.920Z #__loadSession() begin

[90mstdout[2m | tests/property/scoped-roles-processing-efficiency.test.ts[2m > [22m[2mProperty 10: Scoped Roles Processing Efficiency[2m > [22m[2mProperty 10.10: Role hierarchy cache should respect TTL settings
[22m[39mGoTrueClient@sb-bgxknceshxxifwytalex-auth-token:0 (2.93.3) 2026-02-02T15:20:21.920Z #getSession() session from storage [1mnull[22m
GoTrueClient@sb-bgxknceshxxifwytalex-auth-token:0 (2.93.3) 2026-02-02T15:20:21.920Z #__loadSession() end

[90mstdout[2m | tests/property/scoped-roles-processing-efficiency.test.ts[2m > [22m[2mProperty 10: Scoped Roles Processing Efficiency[2m > [22m[2mProperty 10.10: Role hierarchy cache should respect TTL settings
[22m[39mGoTrueClient@sb-bgxknceshxxifwytalex-auth-token:0 (2.93.3) 2026-02-02T15:20:21.920Z #_useSession end

[90mstdout[2m | tests/property/scoped-roles-processing-efficiency.test.ts[2m > [22m[2mProperty 10: Scoped Roles Processing Efficiency[2m > [22m[2mProperty 10.10: Role hierarchy cache should respect TTL settings
[22m[39mGoTrueClient@sb-bgxknceshxxifwytalex-auth-token:0 (2.93.3) 2026-02-02T15:20:21.920Z #_acquireLock lock released for storage key sb-bgxknceshxxifwytalex-auth-token

[90mstdout[2m | tests/property/scoped-roles-processing-efficiency.test.ts[2m > [22m[2mProperty 10: Scoped Roles Processing Efficiency[2m > [22m[2mProperty 10.10: Role hierarchy cache should respect TTL settings
[22m[39mGoTrueClient@sb-bgxknceshxxifwytalex-auth-token:0 (2.93.3) 2026-02-02T15:20:21.920Z #_acquireLock end

stderr | tests/property/scoped-roles-processing-efficiency.test.ts > Property 10: Scoped Roles Processing Efficiency > Property 10.10: Role hierarchy cache should respect TTL settings
Error fetching project roles: {
  code: 'PGRST200',
  details: "Searched for a foreign key relationship between 'project_roles' and 'user_profiles' in the schema 'public', but no matches were found.",
  hint: null,
  message: "Could not find a relationship between 'project_roles' and 'user_profiles' in the schema cache"
}

[90mstdout[2m | tests/property/scoped-roles-processing-efficiency.test.ts[2m > [22m[2mProperty 10: Scoped Roles Processing Efficiency[2m > [22m[2mProperty 10.10: Role hierarchy cache should respect TTL settings
[22m[39mGoTrueClient@sb-bgxknceshxxifwytalex-auth-token:0 (2.93.3) 2026-02-02T15:20:21.953Z #_acquireLock begin [33m10000[39m
GoTrueClient@sb-bgxknceshxxifwytalex-auth-token:0 (2.93.3) 2026-02-02T15:20:21.953Z #_acquireLock lock acquired for storage key sb-bgxknceshxxifwytalex-auth-token
GoTrueClient@sb-bgxknceshxxifwytalex-auth-token:0 (2.93.3) 2026-02-02T15:20:21.953Z #_useSession begin
GoTrueClient@sb-bgxknceshxxifwytalex-auth-token:0 (2.93.3) 2026-02-02T15:20:21.953Z #__loadSession() begin

[90mstdout[2m | tests/property/scoped-roles-processing-efficiency.test.ts[2m > [22m[2mProperty 10: Scoped Roles Processing Efficiency[2m > [22m[2mProperty 10.10: Role hierarchy cache should respect TTL settings
[22m[39mGoTrueClient@sb-bgxknceshxxifwytalex-auth-token:0 (2.93.3) 2026-02-02T15:20:21.953Z #getSession() session from storage [1mnull[22m
GoTrueClient@sb-bgxknceshxxifwytalex-auth-token:0 (2.93.3) 2026-02-02T15:20:21.953Z #__loadSession() end

[90mstdout[2m | tests/property/scoped-roles-processing-efficiency.test.ts[2m > [22m[2mProperty 10: Scoped Roles Processing Efficiency[2m > [22m[2mProperty 10.10: Role hierarchy cache should respect TTL settings
[22m[39mGoTrueClient@sb-bgxknceshxxifwytalex-auth-token:0 (2.93.3) 2026-02-02T15:20:21.953Z #_useSession end

[90mstdout[2m | tests/property/scoped-roles-processing-efficiency.test.ts[2m > [22m[2mProperty 10: Scoped Roles Processing Efficiency[2m > [22m[2mProperty 10.10: Role hierarchy cache should respect TTL settings
[22m[39mGoTrueClient@sb-bgxknceshxxifwytalex-auth-token:0 (2.93.3) 2026-02-02T15:20:21.953Z #_acquireLock lock released for storage key sb-bgxknceshxxifwytalex-auth-token

[90mstdout[2m | tests/property/scoped-roles-processing-efficiency.test.ts[2m > [22m[2mProperty 10: Scoped Roles Processing Efficiency[2m > [22m[2mProperty 10.10: Role hierarchy cache should respect TTL settings
[22m[39mGoTrueClient@sb-bgxknceshxxifwytalex-auth-token:0 (2.93.3) 2026-02-02T15:20:21.953Z #_acquireLock end

stderr | tests/property/scoped-roles-processing-efficiency.test.ts > Property 10: Scoped Roles Processing Efficiency > Property 10.10: Role hierarchy cache should respect TTL settings
Error fetching org roles: {
  code: 'PGRST200',
  details: "Searched for a foreign key relationship between 'org_roles' and 'user_profiles' in the schema 'public', but no matches were found.",
  hint: null,
  message: "Could not find a relationship between 'org_roles' and 'user_profiles' in the schema cache"
}

[90mstdout[2m | tests/property/scoped-roles-processing-efficiency.test.ts[2m > [22m[2mProperty 10: Scoped Roles Processing Efficiency[2m > [22m[2mProperty 10.10: Role hierarchy cache should respect TTL settings
[22m[39mGoTrueClient@sb-bgxknceshxxifwytalex-auth-token:0 (2.93.3) 2026-02-02T15:20:21.957Z #_acquireLock begin [33m10000[39m
GoTrueClient@sb-bgxknceshxxifwytalex-auth-token:0 (2.93.3) 2026-02-02T15:20:21.957Z #_acquireLock lock acquired for storage key sb-bgxknceshxxifwytalex-auth-token
GoTrueClient@sb-bgxknceshxxifwytalex-auth-token:0 (2.93.3) 2026-02-02T15:20:21.957Z #_useSession begin
GoTrueClient@sb-bgxknceshxxifwytalex-auth-token:0 (2.93.3) 2026-02-02T15:20:21.957Z #__loadSession() begin

[90mstdout[2m | tests/property/scoped-roles-processing-efficiency.test.ts[2m > [22m[2mProperty 10: Scoped Roles Processing Efficiency[2m > [22m[2mProperty 10.10: Role hierarchy cache should respect TTL settings
[22m[39mGoTrueClient@sb-bgxknceshxxifwytalex-auth-token:0 (2.93.3) 2026-02-02T15:20:21.957Z #getSession() session from storage [1mnull[22m
GoTrueClient@sb-bgxknceshxxifwytalex-auth-token:0 (2.93.3) 2026-02-02T15:20:21.957Z #__loadSession() end

[90mstdout[2m | tests/property/scoped-roles-processing-efficiency.test.ts[2m > [22m[2mProperty 10: Scoped Roles Processing Efficiency[2m > [22m[2mProperty 10.10: Role hierarchy cache should respect TTL settings
[22m[39mGoTrueClient@sb-bgxknceshxxifwytalex-auth-token:0 (2.93.3) 2026-02-02T15:20:21.957Z #_useSession end

[90mstdout[2m | tests/property/scoped-roles-processing-efficiency.test.ts[2m > [22m[2mProperty 10: Scoped Roles Processing Efficiency[2m > [22m[2mProperty 10.10: Role hierarchy cache should respect TTL settings
[22m[39mGoTrueClient@sb-bgxknceshxxifwytalex-auth-token:0 (2.93.3) 2026-02-02T15:20:21.957Z #_acquireLock lock released for storage key sb-bgxknceshxxifwytalex-auth-token

[90mstdout[2m | tests/property/scoped-roles-processing-efficiency.test.ts[2m > [22m[2mProperty 10: Scoped Roles Processing Efficiency[2m > [22m[2mProperty 10.10: Role hierarchy cache should respect TTL settings
[22m[39mGoTrueClient@sb-bgxknceshxxifwytalex-auth-token:0 (2.93.3) 2026-02-02T15:20:21.957Z #_acquireLock end

stderr | tests/property/scoped-roles-processing-efficiency.test.ts > Property 10: Scoped Roles Processing Efficiency > Property 10.10: Role hierarchy cache should respect TTL settings
Error fetching org roles: {
  code: 'PGRST200',
  details: "Searched for a foreign key relationship between 'org_roles' and 'user_profiles' in the schema 'public', but no matches were found.",
  hint: null,
  message: "Could not find a relationship between 'org_roles' and 'user_profiles' in the schema cache"
}

[90mstdout[2m | tests/property/scoped-roles-processing-efficiency.test.ts[2m > [22m[2mProperty 10: Scoped Roles Processing Efficiency[2m > [22m[2mProperty 10.10: Role hierarchy cache should respect TTL settings
[22m[39mGoTrueClient@sb-bgxknceshxxifwytalex-auth-token:0 (2.93.3) 2026-02-02T15:20:21.993Z #_acquireLock begin [33m10000[39m
GoTrueClient@sb-bgxknceshxxifwytalex-auth-token:0 (2.93.3) 2026-02-02T15:20:21.993Z #_acquireLock lock acquired for storage key sb-bgxknceshxxifwytalex-auth-token
GoTrueClient@sb-bgxknceshxxifwytalex-auth-token:0 (2.93.3) 2026-02-02T15:20:21.993Z #_useSession begin
GoTrueClient@sb-bgxknceshxxifwytalex-auth-token:0 (2.93.3) 2026-02-02T15:20:21.993Z #__loadSession() begin

[90mstdout[2m | tests/property/scoped-roles-processing-efficiency.test.ts[2m > [22m[2mProperty 10: Scoped Roles Processing Efficiency[2m > [22m[2mProperty 10.10: Role hierarchy cache should respect TTL settings
[22m[39mGoTrueClient@sb-bgxknceshxxifwytalex-auth-token:0 (2.93.3) 2026-02-02T15:20:21.993Z #getSession() session from storage [1mnull[22m
GoTrueClient@sb-bgxknceshxxifwytalex-auth-token:0 (2.93.3) 2026-02-02T15:20:21.993Z #__loadSession() end

[90mstdout[2m | tests/property/scoped-roles-processing-efficiency.test.ts[2m > [22m[2mProperty 10: Scoped Roles Processing Efficiency[2m > [22m[2mProperty 10.10: Role hierarchy cache should respect TTL settings
[22m[39mGoTrueClient@sb-bgxknceshxxifwytalex-auth-token:0 (2.93.3) 2026-02-02T15:20:21.993Z #_useSession end

[90mstdout[2m | tests/property/scoped-roles-processing-efficiency.test.ts[2m > [22m[2mProperty 10: Scoped Roles Processing Efficiency[2m > [22m[2mProperty 10.10: Role hierarchy cache should respect TTL settings
[22m[39mGoTrueClient@sb-bgxknceshxxifwytalex-auth-token:0 (2.93.3) 2026-02-02T15:20:21.993Z #_acquireLock lock released for storage key sb-bgxknceshxxifwytalex-auth-token

[90mstdout[2m | tests/property/scoped-roles-processing-efficiency.test.ts[2m > [22m[2mProperty 10: Scoped Roles Processing Efficiency[2m > [22m[2mProperty 10.10: Role hierarchy cache should respect TTL settings
[22m[39mGoTrueClient@sb-bgxknceshxxifwytalex-auth-token:0 (2.93.3) 2026-02-02T15:20:21.994Z #_acquireLock end

stderr | tests/property/scoped-roles-processing-efficiency.test.ts > Property 10: Scoped Roles Processing Efficiency > Property 10.10: Role hierarchy cache should respect TTL settings
Error fetching org roles: {
  code: 'PGRST200',
  details: "Searched for a foreign key relationship between 'org_roles' and 'user_profiles' in the schema 'public', but no matches were found.",
  hint: null,
  message: "Could not find a relationship between 'org_roles' and 'user_profiles' in the schema cache"
}

[90mstdout[2m | tests/property/scoped-roles-processing-efficiency.test.ts[2m > [22m[2mProperty 10: Scoped Roles Processing Efficiency[2m > [22m[2mProperty 10.10: Role hierarchy cache should respect TTL settings
[22m[39mGoTrueClient@sb-bgxknceshxxifwytalex-auth-token:0 (2.93.3) 2026-02-02T15:20:22.064Z #_acquireLock begin [33m10000[39m
GoTrueClient@sb-bgxknceshxxifwytalex-auth-token:0 (2.93.3) 2026-02-02T15:20:22.064Z #_acquireLock lock acquired for storage key sb-bgxknceshxxifwytalex-auth-token
GoTrueClient@sb-bgxknceshxxifwytalex-auth-token:0 (2.93.3) 2026-02-02T15:20:22.064Z #_useSession begin
GoTrueClient@sb-bgxknceshxxifwytalex-auth-token:0 (2.93.3) 2026-02-02T15:20:22.064Z #__loadSession() begin

[90mstdout[2m | tests/property/scoped-roles-processing-efficiency.test.ts[2m > [22m[2mProperty 10: Scoped Roles Processing Efficiency[2m > [22m[2mProperty 10.10: Role hierarchy cache should respect TTL settings
[22m[39mGoTrueClient@sb-bgxknceshxxifwytalex-auth-token:0 (2.93.3) 2026-02-02T15:20:22.064Z #getSession() session from storage [1mnull[22m
GoTrueClient@sb-bgxknceshxxifwytalex-auth-token:0 (2.93.3) 2026-02-02T15:20:22.064Z #__loadSession() end

[90mstdout[2m | tests/property/scoped-roles-processing-efficiency.test.ts[2m > [22m[2mProperty 10: Scoped Roles Processing Efficiency[2m > [22m[2mProperty 10.10: Role hierarchy cache should respect TTL settings
[22m[39mGoTrueClient@sb-bgxknceshxxifwytalex-auth-token:0 (2.93.3) 2026-02-02T15:20:22.064Z #_useSession end

[90mstdout[2m | tests/property/scoped-roles-processing-efficiency.test.ts[2m > [22m[2mProperty 10: Scoped Roles Processing Efficiency[2m > [22m[2mProperty 10.10: Role hierarchy cache should respect TTL settings
[22m[39mGoTrueClient@sb-bgxknceshxxifwytalex-auth-token:0 (2.93.3) 2026-02-02T15:20:22.064Z #_acquireLock lock released for storage key sb-bgxknceshxxifwytalex-auth-token

[90mstdout[2m | tests/property/scoped-roles-processing-efficiency.test.ts[2m > [22m[2mProperty 10: Scoped Roles Processing Efficiency[2m > [22m[2mProperty 10.10: Role hierarchy cache should respect TTL settings
[22m[39mGoTrueClient@sb-bgxknceshxxifwytalex-auth-token:0 (2.93.3) 2026-02-02T15:20:22.064Z #_acquireLock end

[90mstdout[2m | tests/property/scoped-roles-processing-efficiency.test.ts[2m > [22m[2mProperty 10: Scoped Roles Processing Efficiency[2m > [22m[2mProperty 10.10: Role hierarchy cache should respect TTL settings
[22m[39mGoTrueClient@sb-bgxknceshxxifwytalex-auth-token:0 (2.93.3) 2026-02-02T15:20:22.066Z #_acquireLock begin [33m10000[39m
GoTrueClient@sb-bgxknceshxxifwytalex-auth-token:0 (2.93.3) 2026-02-02T15:20:22.066Z #_acquireLock lock acquired for storage key sb-bgxknceshxxifwytalex-auth-token
GoTrueClient@sb-bgxknceshxxifwytalex-auth-token:0 (2.93.3) 2026-02-02T15:20:22.066Z #_useSession begin
GoTrueClient@sb-bgxknceshxxifwytalex-auth-token:0 (2.93.3) 2026-02-02T15:20:22.066Z #__loadSession() begin

[90mstdout[2m | tests/property/scoped-roles-processing-efficiency.test.ts[2m > [22m[2mProperty 10: Scoped Roles Processing Efficiency[2m > [22m[2mProperty 10.10: Role hierarchy cache should respect TTL settings
[22m[39mGoTrueClient@sb-bgxknceshxxifwytalex-auth-token:0 (2.93.3) 2026-02-02T15:20:22.066Z #getSession() session from storage [1mnull[22m
GoTrueClient@sb-bgxknceshxxifwytalex-auth-token:0 (2.93.3) 2026-02-02T15:20:22.066Z #__loadSession() end

[90mstdout[2m | tests/property/scoped-roles-processing-efficiency.test.ts[2m > [22m[2mProperty 10: Scoped Roles Processing Efficiency[2m > [22m[2mProperty 10.10: Role hierarchy cache should respect TTL settings
[22m[39mGoTrueClient@sb-bgxknceshxxifwytalex-auth-token:0 (2.93.3) 2026-02-02T15:20:22.067Z #_useSession end

[90mstdout[2m | tests/property/scoped-roles-processing-efficiency.test.ts[2m > [22m[2mProperty 10: Scoped Roles Processing Efficiency[2m > [22m[2mProperty 10.10: Role hierarchy cache should respect TTL settings
[22m[39mGoTrueClient@sb-bgxknceshxxifwytalex-auth-token:0 (2.93.3) 2026-02-02T15:20:22.067Z #_acquireLock lock released for storage key sb-bgxknceshxxifwytalex-auth-token

[90mstdout[2m | tests/property/scoped-roles-processing-efficiency.test.ts[2m > [22m[2mProperty 10: Scoped Roles Processing Efficiency[2m > [22m[2mProperty 10.10: Role hierarchy cache should respect TTL settings
[22m[39mGoTrueClient@sb-bgxknceshxxifwytalex-auth-token:0 (2.93.3) 2026-02-02T15:20:22.067Z #_acquireLock end

[90mstdout[2m | tests/property/scoped-roles-processing-efficiency.test.ts[2m > [22m[2mProperty 10: Scoped Roles Processing Efficiency[2m > [22m[2mProperty 10.10: Role hierarchy cache should respect TTL settings
[22m[39mGoTrueClient@sb-bgxknceshxxifwytalex-auth-token:0 (2.93.3) 2026-02-02T15:20:22.086Z #_acquireLock begin [33m10000[39m
GoTrueClient@sb-bgxknceshxxifwytalex-auth-token:0 (2.93.3) 2026-02-02T15:20:22.086Z #_acquireLock lock acquired for storage key sb-bgxknceshxxifwytalex-auth-token
GoTrueClient@sb-bgxknceshxxifwytalex-auth-token:0 (2.93.3) 2026-02-02T15:20:22.086Z #_useSession begin
GoTrueClient@sb-bgxknceshxxifwytalex-auth-token:0 (2.93.3) 2026-02-02T15:20:22.086Z #__loadSession() begin

[90mstdout[2m | tests/property/scoped-roles-processing-efficiency.test.ts[2m > [22m[2mProperty 10: Scoped Roles Processing Efficiency[2m > [22m[2mProperty 10.10: Role hierarchy cache should respect TTL settings
[22m[39mGoTrueClient@sb-bgxknceshxxifwytalex-auth-token:0 (2.93.3) 2026-02-02T15:20:22.086Z #getSession() session from storage [1mnull[22m
GoTrueClient@sb-bgxknceshxxifwytalex-auth-token:0 (2.93.3) 2026-02-02T15:20:22.086Z #__loadSession() end

[90mstdout[2m | tests/property/scoped-roles-processing-efficiency.test.ts[2m > [22m[2mProperty 10: Scoped Roles Processing Efficiency[2m > [22m[2mProperty 10.10: Role hierarchy cache should respect TTL settings
[22m[39mGoTrueClient@sb-bgxknceshxxifwytalex-auth-token:0 (2.93.3) 2026-02-02T15:20:22.086Z #_useSession end

[90mstdout[2m | tests/property/scoped-roles-processing-efficiency.test.ts[2m > [22m[2mProperty 10: Scoped Roles Processing Efficiency[2m > [22m[2mProperty 10.10: Role hierarchy cache should respect TTL settings
[22m[39mGoTrueClient@sb-bgxknceshxxifwytalex-auth-token:0 (2.93.3) 2026-02-02T15:20:22.086Z #_acquireLock lock released for storage key sb-bgxknceshxxifwytalex-auth-token

[90mstdout[2m | tests/property/scoped-roles-processing-efficiency.test.ts[2m > [22m[2mProperty 10: Scoped Roles Processing Efficiency[2m > [22m[2mProperty 10.10: Role hierarchy cache should respect TTL settings
[22m[39mGoTrueClient@sb-bgxknceshxxifwytalex-auth-token:0 (2.93.3) 2026-02-02T15:20:22.086Z #_acquireLock end

stderr | tests/property/scoped-roles-processing-efficiency.test.ts > Property 10: Scoped Roles Processing Efficiency > Property 10.10: Role hierarchy cache should respect TTL settings
Error fetching project roles: {
  code: 'PGRST200',
  details: "Searched for a foreign key relationship between 'project_roles' and 'user_profiles' in the schema 'public', but no matches were found.",
  hint: null,
  message: "Could not find a relationship between 'project_roles' and 'user_profiles' in the schema cache"
}

[90mstdout[2m | tests/property/scoped-roles-processing-efficiency.test.ts[2m > [22m[2mProperty 10: Scoped Roles Processing Efficiency[2m > [22m[2mProperty 10.10: Role hierarchy cache should respect TTL settings
[22m[39mGoTrueClient@sb-bgxknceshxxifwytalex-auth-token:0 (2.93.3) 2026-02-02T15:20:22.134Z #_acquireLock begin [33m10000[39m
GoTrueClient@sb-bgxknceshxxifwytalex-auth-token:0 (2.93.3) 2026-02-02T15:20:22.134Z #_acquireLock lock acquired for storage key sb-bgxknceshxxifwytalex-auth-token
GoTrueClient@sb-bgxknceshxxifwytalex-auth-token:0 (2.93.3) 2026-02-02T15:20:22.134Z #_useSession begin
GoTrueClient@sb-bgxknceshxxifwytalex-auth-token:0 (2.93.3) 2026-02-02T15:20:22.134Z #__loadSession() begin

[90mstdout[2m | tests/property/scoped-roles-processing-efficiency.test.ts[2m > [22m[2mProperty 10: Scoped Roles Processing Efficiency[2m > [22m[2mProperty 10.10: Role hierarchy cache should respect TTL settings
[22m[39mGoTrueClient@sb-bgxknceshxxifwytalex-auth-token:0 (2.93.3) 2026-02-02T15:20:22.134Z #getSession() session from storage [1mnull[22m
GoTrueClient@sb-bgxknceshxxifwytalex-auth-token:0 (2.93.3) 2026-02-02T15:20:22.134Z #__loadSession() end

[90mstdout[2m | tests/property/scoped-roles-processing-efficiency.test.ts[2m > [22m[2mProperty 10: Scoped Roles Processing Efficiency[2m > [22m[2mProperty 10.10: Role hierarchy cache should respect TTL settings
[22m[39mGoTrueClient@sb-bgxknceshxxifwytalex-auth-token:0 (2.93.3) 2026-02-02T15:20:22.134Z #_useSession end

[90mstdout[2m | tests/property/scoped-roles-processing-efficiency.test.ts[2m > [22m[2mProperty 10: Scoped Roles Processing Efficiency[2m > [22m[2mProperty 10.10: Role hierarchy cache should respect TTL settings
[22m[39mGoTrueClient@sb-bgxknceshxxifwytalex-auth-token:0 (2.93.3) 2026-02-02T15:20:22.134Z #_acquireLock lock released for storage key sb-bgxknceshxxifwytalex-auth-token

[90mstdout[2m | tests/property/scoped-roles-processing-efficiency.test.ts[2m > [22m[2mProperty 10: Scoped Roles Processing Efficiency[2m > [22m[2mProperty 10.10: Role hierarchy cache should respect TTL settings
[22m[39mGoTrueClient@sb-bgxknceshxxifwytalex-auth-token:0 (2.93.3) 2026-02-02T15:20:22.134Z #_acquireLock end

stderr | tests/property/scoped-roles-processing-efficiency.test.ts > Property 10: Scoped Roles Processing Efficiency > Property 10.10: Role hierarchy cache should respect TTL settings
Error fetching org roles: {
  code: 'PGRST200',
  details: "Searched for a foreign key relationship between 'org_roles' and 'user_profiles' in the schema 'public', but no matches were found.",
  hint: null,
  message: "Could not find a relationship between 'org_roles' and 'user_profiles' in the schema cache"
}

[90mstdout[2m | tests/property/scoped-roles-processing-efficiency.test.ts[2m > [22m[2mProperty 10: Scoped Roles Processing Efficiency[2m > [22m[2mProperty 10.10: Role hierarchy cache should respect TTL settings
[22m[39mGoTrueClient@sb-bgxknceshxxifwytalex-auth-token:0 (2.93.3) 2026-02-02T15:20:22.161Z #_acquireLock begin [33m10000[39m
GoTrueClient@sb-bgxknceshxxifwytalex-auth-token:0 (2.93.3) 2026-02-02T15:20:22.161Z #_acquireLock lock acquired for storage key sb-bgxknceshxxifwytalex-auth-token
GoTrueClient@sb-bgxknceshxxifwytalex-auth-token:0 (2.93.3) 2026-02-02T15:20:22.161Z #_useSession begin
GoTrueClient@sb-bgxknceshxxifwytalex-auth-token:0 (2.93.3) 2026-02-02T15:20:22.161Z #__loadSession() begin

[90mstdout[2m | tests/property/scoped-roles-processing-efficiency.test.ts[2m > [22m[2mProperty 10: Scoped Roles Processing Efficiency[2m > [22m[2mProperty 10.10: Role hierarchy cache should respect TTL settings
[22m[39mGoTrueClient@sb-bgxknceshxxifwytalex-auth-token:0 (2.93.3) 2026-02-02T15:20:22.161Z #getSession() session from storage [1mnull[22m
GoTrueClient@sb-bgxknceshxxifwytalex-auth-token:0 (2.93.3) 2026-02-02T15:20:22.161Z #__loadSession() end

[90mstdout[2m | tests/property/scoped-roles-processing-efficiency.test.ts[2m > [22m[2mProperty 10: Scoped Roles Processing Efficiency[2m > [22m[2mProperty 10.10: Role hierarchy cache should respect TTL settings
[22m[39mGoTrueClient@sb-bgxknceshxxifwytalex-auth-token:0 (2.93.3) 2026-02-02T15:20:22.161Z #_useSession end

[90mstdout[2m | tests/property/scoped-roles-processing-efficiency.test.ts[2m > [22m[2mProperty 10: Scoped Roles Processing Efficiency[2m > [22m[2mProperty 10.10: Role hierarchy cache should respect TTL settings
[22m[39mGoTrueClient@sb-bgxknceshxxifwytalex-auth-token:0 (2.93.3) 2026-02-02T15:20:22.161Z #_acquireLock lock released for storage key sb-bgxknceshxxifwytalex-auth-token

[90mstdout[2m | tests/property/scoped-roles-processing-efficiency.test.ts[2m > [22m[2mProperty 10: Scoped Roles Processing Efficiency[2m > [22m[2mProperty 10.10: Role hierarchy cache should respect TTL settings
[22m[39mGoTrueClient@sb-bgxknceshxxifwytalex-auth-token:0 (2.93.3) 2026-02-02T15:20:22.161Z #_acquireLock end

[90mstdout[2m | tests/property/scoped-roles-processing-efficiency.test.ts[2m > [22m[2mProperty 10: Scoped Roles Processing Efficiency[2m > [22m[2mProperty 10.10: Role hierarchy cache should respect TTL settings
stderr | tests/property/scoped-roles-processing-efficiency.test.ts > Property 10: Scoped Roles Processing Efficiency > Property 10.10: Role hierarchy cache should respect TTL settings
[22m[39mGoTrueClient@sb-bgxknceshxxifwytalex-auth-token:0 (2.93.3) 2026-02-02T15:20:22.179Z #_acquireLock begin [33m10000[39m
GoTrueClient@sb-bgxknceshxxifwytalex-auth-token:0 (2.93.3) 2026-02-02T15:20:22.180Z #_acquireLock lock acquired for storage key sb-bgxknceshxxifwytalex-auth-token
GoTrueClient@sb-bgxknceshxxifwytalex-auth-token:0 (2.93.3) 2026-02-02T15:20:22.180Z #_useSession begin
GoTrueClient@sb-bgxknceshxxifwytalex-auth-token:0 (2.93.3) 2026-02-02T15:20:22.180Z #__loadSession() begin
Error fetching project roles: {
  code: 'PGRST200',
  details: "Searched for a foreign key relationship between 'project_roles' and 'user_profiles' in the schema 'public', but no matches were found.",
  hint: null,
  message: "Could not find a relationship between 'project_roles' and 'user_profiles' in the schema cache"
}


[90mstdout[2m | tests/property/scoped-roles-processing-efficiency.test.ts[2m > [22m[2mProperty 10: Scoped Roles Processing Efficiency[2m > [22m[2mProperty 10.10: Role hierarchy cache should respect TTL settings
[22m[39mGoTrueClient@sb-bgxknceshxxifwytalex-auth-token:0 (2.93.3) 2026-02-02T15:20:22.180Z #getSession() session from storage [1mnull[22m
GoTrueClient@sb-bgxknceshxxifwytalex-auth-token:0 (2.93.3) 2026-02-02T15:20:22.180Z #__loadSession() end

[90mstdout[2m | tests/property/scoped-roles-processing-efficiency.test.ts[2m > [22m[2mProperty 10: Scoped Roles Processing Efficiency[2m > [22m[2mProperty 10.10: Role hierarchy cache should respect TTL settings
[22m[39mGoTrueClient@sb-bgxknceshxxifwytalex-auth-token:0 (2.93.3) 2026-02-02T15:20:22.180Z #_useSession end

[90mstdout[2m | tests/property/scoped-roles-processing-efficiency.test.ts[2m > [22m[2mProperty 10: Scoped Roles Processing Efficiency[2m > [22m[2mProperty 10.10: Role hierarchy cache should respect TTL settings
[22m[39mGoTrueClient@sb-bgxknceshxxifwytalex-auth-token:0 (2.93.3) 2026-02-02T15:20:22.180Z #_acquireLock lock released for storage key sb-bgxknceshxxifwytalex-auth-token

[90mstdout[2m | tests/property/scoped-roles-processing-efficiency.test.ts[2m > [22m[2mProperty 10: Scoped Roles Processing Efficiency[2m > [22m[2mProperty 10.10: Role hierarchy cache should respect TTL settings
[22m[39mGoTrueClient@sb-bgxknceshxxifwytalex-auth-token:0 (2.93.3) 2026-02-02T15:20:22.180Z #_acquireLock end

stderr | tests/property/scoped-roles-processing-efficiency.test.ts > Property 10: Scoped Roles Processing Efficiency > Property 10.10: Role hierarchy cache should respect TTL settings
Error fetching project roles: {
  code: 'PGRST200',
  details: "Searched for a foreign key relationship between 'project_roles' and 'user_profiles' in the schema 'public', but no matches were found.",
  hint: null,
  message: "Could not find a relationship between 'project_roles' and 'user_profiles' in the schema cache"
}

[90mstdout[2m | tests/property/scoped-roles-processing-efficiency.test.ts[2m > [22m[2mProperty 10: Scoped Roles Processing Efficiency[2m > [22m[2mProperty 10.10: Role hierarchy cache should respect TTL settings
[22m[39mGoTrueClient@sb-bgxknceshxxifwytalex-auth-token:0 (2.93.3) 2026-02-02T15:20:22.194Z #_acquireLock begin [33m10000[39m
GoTrueClient@sb-bgxknceshxxifwytalex-auth-token:0 (2.93.3) 2026-02-02T15:20:22.194Z #_acquireLock lock acquired for storage key sb-bgxknceshxxifwytalex-auth-token
GoTrueClient@sb-bgxknceshxxifwytalex-auth-token:0 (2.93.3) 2026-02-02T15:20:22.194Z #_useSession begin
GoTrueClient@sb-bgxknceshxxifwytalex-auth-token:0 (2.93.3) 2026-02-02T15:20:22.194Z #__loadSession() begin

[90mstdout[2m | tests/property/scoped-roles-processing-efficiency.test.ts[2m > [22m[2mProperty 10: Scoped Roles Processing Efficiency[2m > [22m[2mProperty 10.10: Role hierarchy cache should respect TTL settings
[22m[39mGoTrueClient@sb-bgxknceshxxifwytalex-auth-token:0 (2.93.3) 2026-02-02T15:20:22.194Z #getSession() session from storage [1mnull[22m
GoTrueClient@sb-bgxknceshxxifwytalex-auth-token:0 (2.93.3) 2026-02-02T15:20:22.194Z #__loadSession() end

[90mstdout[2m | tests/property/scoped-roles-processing-efficiency.test.ts[2m > [22m[2mProperty 10: Scoped Roles Processing Efficiency[2m > [22m[2mProperty 10.10: Role hierarchy cache should respect TTL settings
[22m[39mGoTrueClient@sb-bgxknceshxxifwytalex-auth-token:0 (2.93.3) 2026-02-02T15:20:22.194Z #_useSession end

[90mstdout[2m | tests/property/scoped-roles-processing-efficiency.test.ts[2m > [22m[2mProperty 10: Scoped Roles Processing Efficiency[2m > [22m[2mProperty 10.10: Role hierarchy cache should respect TTL settings
[22m[39mGoTrueClient@sb-bgxknceshxxifwytalex-auth-token:0 (2.93.3) 2026-02-02T15:20:22.194Z #_acquireLock lock released for storage key sb-bgxknceshxxifwytalex-auth-token

[90mstdout[2m | tests/property/scoped-roles-processing-efficiency.test.ts[2m > [22m[2mProperty 10: Scoped Roles Processing Efficiency[2m > [22m[2mProperty 10.10: Role hierarchy cache should respect TTL settings
[22m[39mGoTrueClient@sb-bgxknceshxxifwytalex-auth-token:0 (2.93.3) 2026-02-02T15:20:22.194Z #_acquireLock end

stderr | tests/property/scoped-roles-processing-efficiency.test.ts > Property 10: Scoped Roles Processing Efficiency > Property 10.10: Role hierarchy cache should respect TTL settings
Error fetching org roles: {
  code: 'PGRST200',
  details: "Searched for a foreign key relationship between 'org_roles' and 'user_profiles' in the schema 'public', but no matches were found.",
  hint: null,
  message: "Could not find a relationship between 'org_roles' and 'user_profiles' in the schema cache"
}

[90mstdout[2m | tests/property/scoped-roles-processing-efficiency.test.ts[2m > [22m[2mProperty 10: Scoped Roles Processing Efficiency[2m > [22m[2mProperty 10.10: Role hierarchy cache should respect TTL settings
[22m[39mGoTrueClient@sb-bgxknceshxxifwytalex-auth-token:0 (2.93.3) 2026-02-02T15:20:22.256Z #_acquireLock begin [33m10000[39m
GoTrueClient@sb-bgxknceshxxifwytalex-auth-token:0 (2.93.3) 2026-02-02T15:20:22.256Z #_acquireLock lock acquired for storage key sb-bgxknceshxxifwytalex-auth-token
GoTrueClient@sb-bgxknceshxxifwytalex-auth-token:0 (2.93.3) 2026-02-02T15:20:22.256Z #_useSession begin
GoTrueClient@sb-bgxknceshxxifwytalex-auth-token:0 (2.93.3) 2026-02-02T15:20:22.256Z #__loadSession() begin

[90mstdout[2m | tests/property/scoped-roles-processing-efficiency.test.ts[2m > [22m[2mProperty 10: Scoped Roles Processing Efficiency[2m > [22m[2mProperty 10.10: Role hierarchy cache should respect TTL settings
[22m[39mGoTrueClient@sb-bgxknceshxxifwytalex-auth-token:0 (2.93.3) 2026-02-02T15:20:22.256Z #getSession() session from storage [1mnull[22m
GoTrueClient@sb-bgxknceshxxifwytalex-auth-token:0 (2.93.3) 2026-02-02T15:20:22.256Z #__loadSession() end

[90mstdout[2m | tests/property/scoped-roles-processing-efficiency.test.ts[2m > [22m[2mProperty 10: Scoped Roles Processing Efficiency[2m > [22m[2mProperty 10.10: Role hierarchy cache should respect TTL settings
[22m[39mGoTrueClient@sb-bgxknceshxxifwytalex-auth-token:0 (2.93.3) 2026-02-02T15:20:22.256Z #_useSession end

[90mstdout[2m | tests/property/scoped-roles-processing-efficiency.test.ts[2m > [22m[2mProperty 10: Scoped Roles Processing Efficiency[2m > [22m[2mProperty 10.10: Role hierarchy cache should respect TTL settings
[22m[39mGoTrueClient@sb-bgxknceshxxifwytalex-auth-token:0 (2.93.3) 2026-02-02T15:20:22.256Z #_acquireLock lock released for storage key sb-bgxknceshxxifwytalex-auth-token

[90mstdout[2m | tests/property/scoped-roles-processing-efficiency.test.ts[2m > [22m[2mProperty 10: Scoped Roles Processing Efficiency[2m > [22m[2mProperty 10.10: Role hierarchy cache should respect TTL settings
[22m[39mGoTrueClient@sb-bgxknceshxxifwytalex-auth-token:0 (2.93.3) 2026-02-02T15:20:22.256Z #_acquireLock end

stderr | tests/property/scoped-roles-processing-efficiency.test.ts > Property 10: Scoped Roles Processing Efficiency > Property 10.10: Role hierarchy cache should respect TTL settings
Error fetching org roles: {
  code: 'PGRST200',
  details: "Searched for a foreign key relationship between 'org_roles' and 'user_profiles' in the schema 'public', but no matches were found.",
  hint: null,
  message: "Could not find a relationship between 'org_roles' and 'user_profiles' in the schema cache"
}

[90mstdout[2m | tests/property/scoped-roles-processing-efficiency.test.ts[2m > [22m[2mProperty 10: Scoped Roles Processing Efficiency[2m > [22m[2mProperty 10.10: Role hierarchy cache should respect TTL settings
[22m[39mGoTrueClient@sb-bgxknceshxxifwytalex-auth-token:0 (2.93.3) 2026-02-02T15:20:22.293Z #_acquireLock begin [33m10000[39m
GoTrueClient@sb-bgxknceshxxifwytalex-auth-token:0 (2.93.3) 2026-02-02T15:20:22.293Z #_acquireLock lock acquired for storage key sb-bgxknceshxxifwytalex-auth-token
GoTrueClient@sb-bgxknceshxxifwytalex-auth-token:0 (2.93.3) 2026-02-02T15:20:22.293Z #_useSession begin
GoTrueClient@sb-bgxknceshxxifwytalex-auth-token:0 (2.93.3) 2026-02-02T15:20:22.293Z #__loadSession() begin

[90mstdout[2m | tests/property/scoped-roles-processing-efficiency.test.ts[2m > [22m[2mProperty 10: Scoped Roles Processing Efficiency[2m > [22m[2mProperty 10.10: Role hierarchy cache should respect TTL settings
[22m[39mGoTrueClient@sb-bgxknceshxxifwytalex-auth-token:0 (2.93.3) 2026-02-02T15:20:22.293Z #getSession() session from storage [1mnull[22m
GoTrueClient@sb-bgxknceshxxifwytalex-auth-token:0 (2.93.3) 2026-02-02T15:20:22.293Z #__loadSession() end

[90mstdout[2m | tests/property/scoped-roles-processing-efficiency.test.ts[2m > [22m[2mProperty 10: Scoped Roles Processing Efficiency[2m > [22m[2mProperty 10.10: Role hierarchy cache should respect TTL settings
[22m[39mGoTrueClient@sb-bgxknceshxxifwytalex-auth-token:0 (2.93.3) 2026-02-02T15:20:22.293Z #_useSession end

[90mstdout[2m | tests/property/scoped-roles-processing-efficiency.test.ts[2m > [22m[2mProperty 10: Scoped Roles Processing Efficiency[2m > [22m[2mProperty 10.10: Role hierarchy cache should respect TTL settings
[22m[39mGoTrueClient@sb-bgxknceshxxifwytalex-auth-token:0 (2.93.3) 2026-02-02T15:20:22.293Z #_acquireLock lock released for storage key sb-bgxknceshxxifwytalex-auth-token

[90mstdout[2m | tests/property/scoped-roles-processing-efficiency.test.ts[2m > [22m[2mProperty 10: Scoped Roles Processing Efficiency[2m > [22m[2mProperty 10.10: Role hierarchy cache should respect TTL settings
[22m[39mGoTrueClient@sb-bgxknceshxxifwytalex-auth-token:0 (2.93.3) 2026-02-02T15:20:22.293Z #_acquireLock end

[90mstdout[2m | tests/property/scoped-roles-processing-efficiency.test.ts[2m > [22m[2mProperty 10: Scoped Roles Processing Efficiency[2m > [22m[2mProperty 10.10: Role hierarchy cache should respect TTL settings
[22m[39mGoTrueClient@sb-bgxknceshxxifwytalex-auth-token:0 (2.93.3) 2026-02-02T15:20:22.330Z #_acquireLock begin [33m10000[39m
GoTrueClient@sb-bgxknceshxxifwytalex-auth-token:0 (2.93.3) 2026-02-02T15:20:22.330Z #_acquireLock lock acquired for storage key sb-bgxknceshxxifwytalex-auth-token
GoTrueClient@sb-bgxknceshxxifwytalex-auth-token:0 (2.93.3) 2026-02-02T15:20:22.330Z #_useSession begin
GoTrueClient@sb-bgxknceshxxifwytalex-auth-token:0 (2.93.3) 2026-02-02T15:20:22.330Z #__loadSession() begin

[90mstdout[2m | tests/property/scoped-roles-processing-efficiency.test.ts[2m > [22m[2mProperty 10: Scoped Roles Processing Efficiency[2m > [22m[2mProperty 10.10: Role hierarchy cache should respect TTL settings
[22m[39mGoTrueClient@sb-bgxknceshxxifwytalex-auth-token:0 (2.93.3) 2026-02-02T15:20:22.331Z #getSession() session from storage [1mnull[22m
GoTrueClient@sb-bgxknceshxxifwytalex-auth-token:0 (2.93.3) 2026-02-02T15:20:22.331Z #__loadSession() end

[90mstdout[2m | tests/property/scoped-roles-processing-efficiency.test.ts[2m > [22m[2mProperty 10: Scoped Roles Processing Efficiency[2m > [22m[2mProperty 10.10: Role hierarchy cache should respect TTL settings
[22m[39mGoTrueClient@sb-bgxknceshxxifwytalex-auth-token:0 (2.93.3) 2026-02-02T15:20:22.331Z #_useSession end

[90mstdout[2m | tests/property/scoped-roles-processing-efficiency.test.ts[2m > [22m[2mProperty 10: Scoped Roles Processing Efficiency[2m > [22m[2mProperty 10.10: Role hierarchy cache should respect TTL settings
[22m[39mGoTrueClient@sb-bgxknceshxxifwytalex-auth-token:0 (2.93.3) 2026-02-02T15:20:22.331Z #_acquireLock lock released for storage key sb-bgxknceshxxifwytalex-auth-token

[90mstdout[2m | tests/property/scoped-roles-processing-efficiency.test.ts[2m > [22m[2mProperty 10: Scoped Roles Processing Efficiency[2m > [22m[2mProperty 10.10: Role hierarchy cache should respect TTL settings
[22m[39mGoTrueClient@sb-bgxknceshxxifwytalex-auth-token:0 (2.93.3) 2026-02-02T15:20:22.331Z #_acquireLock end

[90mstdout[2m | tests/property/scoped-roles-processing-efficiency.test.ts[2m > [22m[2mProperty 10: Scoped Roles Processing Efficiency[2m > [22m[2mProperty 10.10: Role hierarchy cache should respect TTL settings
[22m[39mGoTrueClient@sb-bgxknceshxxifwytalex-auth-token:0 (2.93.3) 2026-02-02T15:20:22.343Z #_acquireLock begin [33m10000[39m
GoTrueClient@sb-bgxknceshxxifwytalex-auth-token:0 (2.93.3) 2026-02-02T15:20:22.343Z #_acquireLock lock acquired for storage key sb-bgxknceshxxifwytalex-auth-token
GoTrueClient@sb-bgxknceshxxifwytalex-auth-token:0 (2.93.3) 2026-02-02T15:20:22.343Z #_useSession begin
GoTrueClient@sb-bgxknceshxxifwytalex-auth-token:0 (2.93.3) 2026-02-02T15:20:22.343Z #__loadSession() begin

[90mstdout[2m | tests/property/scoped-roles-processing-efficiency.test.ts[2m > [22m[2mProperty 10: Scoped Roles Processing Efficiency[2m > [22m[2mProperty 10.10: Role hierarchy cache should respect TTL settings
[22m[39mGoTrueClient@sb-bgxknceshxxifwytalex-auth-token:0 (2.93.3) 2026-02-02T15:20:22.343Z #getSession() session from storage [1mnull[22m
GoTrueClient@sb-bgxknceshxxifwytalex-auth-token:0 (2.93.3) 2026-02-02T15:20:22.343Z #__loadSession() end

[90mstdout[2m | tests/property/scoped-roles-processing-efficiency.test.ts[2m > [22m[2mProperty 10: Scoped Roles Processing Efficiency[2m > [22m[2mProperty 10.10: Role hierarchy cache should respect TTL settings
[22m[39mGoTrueClient@sb-bgxknceshxxifwytalex-auth-token:0 (2.93.3) 2026-02-02T15:20:22.343Z #_useSession end

[90mstdout[2m | tests/property/scoped-roles-processing-efficiency.test.ts[2m > [22m[2mProperty 10: Scoped Roles Processing Efficiency[2m > [22m[2mProperty 10.10: Role hierarchy cache should respect TTL settings
[22m[39mGoTrueClient@sb-bgxknceshxxifwytalex-auth-token:0 (2.93.3) 2026-02-02T15:20:22.343Z #_acquireLock lock released for storage key sb-bgxknceshxxifwytalex-auth-token

[90mstdout[2m | tests/property/scoped-roles-processing-efficiency.test.ts[2m > [22m[2mProperty 10: Scoped Roles Processing Efficiency[2m > [22m[2mProperty 10.10: Role hierarchy cache should respect TTL settings
[22m[39mGoTrueClient@sb-bgxknceshxxifwytalex-auth-token:0 (2.93.3) 2026-02-02T15:20:22.343Z #_acquireLock end

stderr | tests/property/scoped-roles-processing-efficiency.test.ts > Property 10: Scoped Roles Processing Efficiency > Property 10.10: Role hierarchy cache should respect TTL settings
Error fetching org roles: {
  code: 'PGRST200',
  details: "Searched for a foreign key relationship between 'org_roles' and 'user_profiles' in the schema 'public', but no matches were found.",
  hint: null,
  message: "Could not find a relationship between 'org_roles' and 'user_profiles' in the schema cache"
}

[90mstdout[2m | tests/property/scoped-roles-processing-efficiency.test.ts[2m > [22m[2mProperty 10: Scoped Roles Processing Efficiency[2m > [22m[2mProperty 10.10: Role hierarchy cache should respect TTL settings
[22m[39mGoTrueClient@sb-bgxknceshxxifwytalex-auth-token:0 (2.93.3) 2026-02-02T15:20:22.377Z #_acquireLock begin [33m10000[39m
GoTrueClient@sb-bgxknceshxxifwytalex-auth-token:0 (2.93.3) 2026-02-02T15:20:22.377Z #_acquireLock lock acquired for storage key sb-bgxknceshxxifwytalex-auth-token
GoTrueClient@sb-bgxknceshxxifwytalex-auth-token:0 (2.93.3) 2026-02-02T15:20:22.377Z #_useSession begin
GoTrueClient@sb-bgxknceshxxifwytalex-auth-token:0 (2.93.3) 2026-02-02T15:20:22.377Z #__loadSession() begin

[90mstdout[2m | tests/property/scoped-roles-processing-efficiency.test.ts[2m > [22m[2mProperty 10: Scoped Roles Processing Efficiency[2m > [22m[2mProperty 10.10: Role hierarchy cache should respect TTL settings
[22m[39mGoTrueClient@sb-bgxknceshxxifwytalex-auth-token:0 (2.93.3) 2026-02-02T15:20:22.377Z #getSession() session from storage [1mnull[22m
GoTrueClient@sb-bgxknceshxxifwytalex-auth-token:0 (2.93.3) 2026-02-02T15:20:22.377Z #__loadSession() end

[90mstdout[2m | tests/property/scoped-roles-processing-efficiency.test.ts[2m > [22m[2mProperty 10: Scoped Roles Processing Efficiency[2m > [22m[2mProperty 10.10: Role hierarchy cache should respect TTL settings
[22m[39mGoTrueClient@sb-bgxknceshxxifwytalex-auth-token:0 (2.93.3) 2026-02-02T15:20:22.378Z #_useSession end

[90mstdout[2m | tests/property/scoped-roles-processing-efficiency.test.ts[2m > [22m[2mProperty 10: Scoped Roles Processing Efficiency[2m > [22m[2mProperty 10.10: Role hierarchy cache should respect TTL settings
[22m[39mGoTrueClient@sb-bgxknceshxxifwytalex-auth-token:0 (2.93.3) 2026-02-02T15:20:22.378Z #_acquireLock lock released for storage key sb-bgxknceshxxifwytalex-auth-token

[90mstdout[2m | tests/property/scoped-roles-processing-efficiency.test.ts[2m > [22m[2mProperty 10: Scoped Roles Processing Efficiency[2m > [22m[2mProperty 10.10: Role hierarchy cache should respect TTL settings
[22m[39mGoTrueClient@sb-bgxknceshxxifwytalex-auth-token:0 (2.93.3) 2026-02-02T15:20:22.378Z #_acquireLock end

stderr | tests/property/scoped-roles-processing-efficiency.test.ts > Property 10: Scoped Roles Processing Efficiency > Property 10.10: Role hierarchy cache should respect TTL settings
Error fetching project roles: {
  code: 'PGRST200',
  details: "Searched for a foreign key relationship between 'project_roles' and 'user_profiles' in the schema 'public', but no matches were found.",
  hint: null,
  message: "Could not find a relationship between 'project_roles' and 'user_profiles' in the schema cache"
}

[90mstdout[2m | tests/property/scoped-roles-processing-efficiency.test.ts[2m > [22m[2mProperty 10: Scoped Roles Processing Efficiency[2m > [22m[2mProperty 10.10: Role hierarchy cache should respect TTL settings
[22m[39mGoTrueClient@sb-bgxknceshxxifwytalex-auth-token:0 (2.93.3) 2026-02-02T15:20:22.385Z #_acquireLock begin [33m10000[39m
GoTrueClient@sb-bgxknceshxxifwytalex-auth-token:0 (2.93.3) 2026-02-02T15:20:22.385Z #_acquireLock lock acquired for storage key sb-bgxknceshxxifwytalex-auth-token
GoTrueClient@sb-bgxknceshxxifwytalex-auth-token:0 (2.93.3) 2026-02-02T15:20:22.385Z #_useSession begin
GoTrueClient@sb-bgxknceshxxifwytalex-auth-token:0 (2.93.3) 2026-02-02T15:20:22.385Z #__loadSession() begin

[90mstdout[2m | tests/property/scoped-roles-processing-efficiency.test.ts[2m > [22m[2mProperty 10: Scoped Roles Processing Efficiency[2m > [22m[2mProperty 10.10: Role hierarchy cache should respect TTL settings
[22m[39mGoTrueClient@sb-bgxknceshxxifwytalex-auth-token:0 (2.93.3) 2026-02-02T15:20:22.385Z #getSession() session from storage [1mnull[22m
GoTrueClient@sb-bgxknceshxxifwytalex-auth-token:0 (2.93.3) 2026-02-02T15:20:22.385Z #__loadSession() end

[90mstdout[2m | tests/property/scoped-roles-processing-efficiency.test.ts[2m > [22m[2mProperty 10: Scoped Roles Processing Efficiency[2m > [22m[2mProperty 10.10: Role hierarchy cache should respect TTL settings
[22m[39mGoTrueClient@sb-bgxknceshxxifwytalex-auth-token:0 (2.93.3) 2026-02-02T15:20:22.385Z #_useSession end

[90mstdout[2m | tests/property/scoped-roles-processing-efficiency.test.ts[2m > [22m[2mProperty 10: Scoped Roles Processing Efficiency[2m > [22m[2mProperty 10.10: Role hierarchy cache should respect TTL settings
[22m[39mGoTrueClient@sb-bgxknceshxxifwytalex-auth-token:0 (2.93.3) 2026-02-02T15:20:22.386Z #_acquireLock lock released for storage key sb-bgxknceshxxifwytalex-auth-token

[90mstdout[2m | tests/property/scoped-roles-processing-efficiency.test.ts[2m > [22m[2mProperty 10: Scoped Roles Processing Efficiency[2m > [22m[2mProperty 10.10: Role hierarchy cache should respect TTL settings
[22m[39mGoTrueClient@sb-bgxknceshxxifwytalex-auth-token:0 (2.93.3) 2026-02-02T15:20:22.386Z #_acquireLock end

[90mstdout[2m | tests/property/scoped-roles-processing-efficiency.test.ts[2m > [22m[2mProperty 10: Scoped Roles Processing Efficiency[2m > [22m[2mProperty 10.10: Role hierarchy cache should respect TTL settings
[22m[39mGoTrueClient@sb-bgxknceshxxifwytalex-auth-token:0 (2.93.3) 2026-02-02T15:20:22.416Z #_acquireLock begin [33m10000[39m
GoTrueClient@sb-bgxknceshxxifwytalex-auth-token:0 (2.93.3) 2026-02-02T15:20:22.416Z #_acquireLock lock acquired for storage key sb-bgxknceshxxifwytalex-auth-token
GoTrueClient@sb-bgxknceshxxifwytalex-auth-token:0 (2.93.3) 2026-02-02T15:20:22.416Z #_useSession begin
GoTrueClient@sb-bgxknceshxxifwytalex-auth-token:0 (2.93.3) 2026-02-02T15:20:22.416Z #__loadSession() begin

[90mstdout[2m | tests/property/scoped-roles-processing-efficiency.test.ts[2m > [22m[2mProperty 10: Scoped Roles Processing Efficiency[2m > [22m[2mProperty 10.10: Role hierarchy cache should respect TTL settings
[22m[39mGoTrueClient@sb-bgxknceshxxifwytalex-auth-token:0 (2.93.3) 2026-02-02T15:20:22.416Z #getSession() session from storage [1mnull[22m
GoTrueClient@sb-bgxknceshxxifwytalex-auth-token:0 (2.93.3) 2026-02-02T15:20:22.416Z #__loadSession() end

[90mstdout[2m | tests/property/scoped-roles-processing-efficiency.test.ts[2m > [22m[2mProperty 10: Scoped Roles Processing Efficiency[2m > [22m[2mProperty 10.10: Role hierarchy cache should respect TTL settings
[22m[39mGoTrueClient@sb-bgxknceshxxifwytalex-auth-token:0 (2.93.3) 2026-02-02T15:20:22.416Z #_useSession end

[90mstdout[2m | tests/property/scoped-roles-processing-efficiency.test.ts[2m > [22m[2mProperty 10: Scoped Roles Processing Efficiency[2m > [22m[2mProperty 10.10: Role hierarchy cache should respect TTL settings
[22m[39mGoTrueClient@sb-bgxknceshxxifwytalex-auth-token:0 (2.93.3) 2026-02-02T15:20:22.416Z #_acquireLock lock released for storage key sb-bgxknceshxxifwytalex-auth-token

[90mstdout[2m | tests/property/scoped-roles-processing-efficiency.test.ts[2m > [22m[2mProperty 10: Scoped Roles Processing Efficiency[2m > [22m[2mProperty 10.10: Role hierarchy cache should respect TTL settings
[22m[39mGoTrueClient@sb-bgxknceshxxifwytalex-auth-token:0 (2.93.3) 2026-02-02T15:20:22.416Z #_acquireLock end

stderr | tests/property/scoped-roles-processing-efficiency.test.ts > Property 10: Scoped Roles Processing Efficiency > Property 10.10: Role hierarchy cache should respect TTL settings
Error fetching org roles: {
  code: 'PGRST200',
  details: "Searched for a foreign key relationship between 'org_roles' and 'user_profiles' in the schema 'public', but no matches were found.",
  hint: null,
  message: "Could not find a relationship between 'org_roles' and 'user_profiles' in the schema cache"
}

[90mstdout[2m | tests/property/scoped-roles-processing-efficiency.test.ts[2m > [22m[2mProperty 10: Scoped Roles Processing Efficiency[2m > [22m[2mProperty 10.10: Role hierarchy cache should respect TTL settings
[22m[39mGoTrueClient@sb-bgxknceshxxifwytalex-auth-token:0 (2.93.3) 2026-02-02T15:20:22.461Z #_acquireLock begin [33m10000[39m
GoTrueClient@sb-bgxknceshxxifwytalex-auth-token:0 (2.93.3) 2026-02-02T15:20:22.461Z #_acquireLock lock acquired for storage key sb-bgxknceshxxifwytalex-auth-token
GoTrueClient@sb-bgxknceshxxifwytalex-auth-token:0 (2.93.3) 2026-02-02T15:20:22.461Z #_useSession begin
GoTrueClient@sb-bgxknceshxxifwytalex-auth-token:0 (2.93.3) 2026-02-02T15:20:22.461Z #__loadSession() begin

[90mstdout[2m | tests/property/scoped-roles-processing-efficiency.test.ts[2m > [22m[2mProperty 10: Scoped Roles Processing Efficiency[2m > [22m[2mProperty 10.10: Role hierarchy cache should respect TTL settings
[22m[39mGoTrueClient@sb-bgxknceshxxifwytalex-auth-token:0 (2.93.3) 2026-02-02T15:20:22.462Z #getSession() session from storage [1mnull[22m
GoTrueClient@sb-bgxknceshxxifwytalex-auth-token:0 (2.93.3) 2026-02-02T15:20:22.462Z #__loadSession() end

[90mstdout[2m | tests/property/scoped-roles-processing-efficiency.test.ts[2m > [22m[2mProperty 10: Scoped Roles Processing Efficiency[2m > [22m[2mProperty 10.10: Role hierarchy cache should respect TTL settings
[22m[39mGoTrueClient@sb-bgxknceshxxifwytalex-auth-token:0 (2.93.3) 2026-02-02T15:20:22.462Z #_useSession end

[90mstdout[2m | tests/property/scoped-roles-processing-efficiency.test.ts[2m > [22m[2mProperty 10: Scoped Roles Processing Efficiency[2m > [22m[2mProperty 10.10: Role hierarchy cache should respect TTL settings
[22m[39mGoTrueClient@sb-bgxknceshxxifwytalex-auth-token:0 (2.93.3) 2026-02-02T15:20:22.462Z #_acquireLock lock released for storage key sb-bgxknceshxxifwytalex-auth-token

[90mstdout[2m | tests/property/scoped-roles-processing-efficiency.test.ts[2m > [22m[2mProperty 10: Scoped Roles Processing Efficiency[2m > [22m[2mProperty 10.10: Role hierarchy cache should respect TTL settings
[22m[39mGoTrueClient@sb-bgxknceshxxifwytalex-auth-token:0 (2.93.3) 2026-02-02T15:20:22.462Z #_acquireLock end

stderr | tests/property/scoped-roles-processing-efficiency.test.ts > Property 10: Scoped Roles Processing Efficiency > Property 10.10: Role hierarchy cache should respect TTL settings
Error fetching project roles: {
  code: 'PGRST200',
  details: "Searched for a foreign key relationship between 'project_roles' and 'user_profiles' in the schema 'public', but no matches were found.",
  hint: null,
  message: "Could not find a relationship between 'project_roles' and 'user_profiles' in the schema cache"
}

[90mstdout[2m | tests/property/scoped-roles-processing-efficiency.test.ts[2m > [22m[2mProperty 10: Scoped Roles Processing Efficiency[2m > [22m[2mProperty 10.10: Role hierarchy cache should respect TTL settings
[22m[39mGoTrueClient@sb-bgxknceshxxifwytalex-auth-token:0 (2.93.3) 2026-02-02T15:20:22.492Z #_acquireLock begin [33m10000[39m
GoTrueClient@sb-bgxknceshxxifwytalex-auth-token:0 (2.93.3) 2026-02-02T15:20:22.492Z #_acquireLock lock acquired for storage key sb-bgxknceshxxifwytalex-auth-token
GoTrueClient@sb-bgxknceshxxifwytalex-auth-token:0 (2.93.3) 2026-02-02T15:20:22.492Z #_useSession begin
GoTrueClient@sb-bgxknceshxxifwytalex-auth-token:0 (2.93.3) 2026-02-02T15:20:22.492Z #__loadSession() begin

[90mstdout[2m | tests/property/scoped-roles-processing-efficiency.test.ts[2m > [22m[2mProperty 10: Scoped Roles Processing Efficiency[2m > [22m[2mProperty 10.10: Role hierarchy cache should respect TTL settings
[22m[39mGoTrueClient@sb-bgxknceshxxifwytalex-auth-token:0 (2.93.3) 2026-02-02T15:20:22.492Z #getSession() session from storage [1mnull[22m
GoTrueClient@sb-bgxknceshxxifwytalex-auth-token:0 (2.93.3) 2026-02-02T15:20:22.492Z #__loadSession() end

[90mstdout[2m | tests/property/scoped-roles-processing-efficiency.test.ts[2m > [22m[2mProperty 10: Scoped Roles Processing Efficiency[2m > [22m[2mProperty 10.10: Role hierarchy cache should respect TTL settings
[22m[39mGoTrueClient@sb-bgxknceshxxifwytalex-auth-token:0 (2.93.3) 2026-02-02T15:20:22.492Z #_useSession end

[90mstdout[2m | tests/property/scoped-roles-processing-efficiency.test.ts[2m > [22m[2mProperty 10: Scoped Roles Processing Efficiency[2m > [22m[2mProperty 10.10: Role hierarchy cache should respect TTL settings
[22m[39mGoTrueClient@sb-bgxknceshxxifwytalex-auth-token:0 (2.93.3) 2026-02-02T15:20:22.493Z #_acquireLock lock released for storage key sb-bgxknceshxxifwytalex-auth-token

[90mstdout[2m | tests/property/scoped-roles-processing-efficiency.test.ts[2m > [22m[2mProperty 10: Scoped Roles Processing Efficiency[2m > [22m[2mProperty 10.10: Role hierarchy cache should respect TTL settings
[22m[39mGoTrueClient@sb-bgxknceshxxifwytalex-auth-token:0 (2.93.3) 2026-02-02T15:20:22.493Z #_acquireLock end

stderr | tests/property/scoped-roles-processing-efficiency.test.ts > Property 10: Scoped Roles Processing Efficiency > Property 10.10: Role hierarchy cache should respect TTL settings
Error fetching org roles: {
  code: 'PGRST200',
  details: "Searched for a foreign key relationship between 'org_roles' and 'user_profiles' in the schema 'public', but no matches were found.",
  hint: null,
  message: "Could not find a relationship between 'org_roles' and 'user_profiles' in the schema cache"
}

[90mstdout[2m | tests/property/scoped-roles-processing-efficiency.test.ts[2m > [22m[2mProperty 10: Scoped Roles Processing Efficiency[2m > [22m[2mProperty 10.10: Role hierarchy cache should respect TTL settings
[22m[39mGoTrueClient@sb-bgxknceshxxifwytalex-auth-token:0 (2.93.3) 2026-02-02T15:20:22.543Z #_acquireLock begin [33m10000[39m
GoTrueClient@sb-bgxknceshxxifwytalex-auth-token:0 (2.93.3) 2026-02-02T15:20:22.543Z #_acquireLock lock acquired for storage key sb-bgxknceshxxifwytalex-auth-token
GoTrueClient@sb-bgxknceshxxifwytalex-auth-token:0 (2.93.3) 2026-02-02T15:20:22.543Z #_useSession begin
GoTrueClient@sb-bgxknceshxxifwytalex-auth-token:0 (2.93.3) 2026-02-02T15:20:22.543Z #__loadSession() begin

[90mstdout[2m | tests/property/scoped-roles-processing-efficiency.test.ts[2m > [22m[2mProperty 10: Scoped Roles Processing Efficiency[2m > [22m[2mProperty 10.10: Role hierarchy cache should respect TTL settings
[22m[39mGoTrueClient@sb-bgxknceshxxifwytalex-auth-token:0 (2.93.3) 2026-02-02T15:20:22.543Z #getSession() session from storage [1mnull[22m
GoTrueClient@sb-bgxknceshxxifwytalex-auth-token:0 (2.93.3) 2026-02-02T15:20:22.543Z #__loadSession() end

[90mstdout[2m | tests/property/scoped-roles-processing-efficiency.test.ts[2m > [22m[2mProperty 10: Scoped Roles Processing Efficiency[2m > [22m[2mProperty 10.10: Role hierarchy cache should respect TTL settings
[22m[39mGoTrueClient@sb-bgxknceshxxifwytalex-auth-token:0 (2.93.3) 2026-02-02T15:20:22.543Z #_useSession end

[90mstdout[2m | tests/property/scoped-roles-processing-efficiency.test.ts[2m > [22m[2mProperty 10: Scoped Roles Processing Efficiency[2m > [22m[2mProperty 10.10: Role hierarchy cache should respect TTL settings
[22m[39mGoTrueClient@sb-bgxknceshxxifwytalex-auth-token:0 (2.93.3) 2026-02-02T15:20:22.543Z #_acquireLock lock released for storage key sb-bgxknceshxxifwytalex-auth-token

[90mstdout[2m | tests/property/scoped-roles-processing-efficiency.test.ts[2m > [22m[2mProperty 10: Scoped Roles Processing Efficiency[2m > [22m[2mProperty 10.10: Role hierarchy cache should respect TTL settings
[22m[39mGoTrueClient@sb-bgxknceshxxifwytalex-auth-token:0 (2.93.3) 2026-02-02T15:20:22.543Z #_acquireLock end

stderr | tests/property/scoped-roles-processing-efficiency.test.ts > Property 10: Scoped Roles Processing Efficiency > Property 10.10: Role hierarchy cache should respect TTL settings
Error fetching org roles: {
  code: 'PGRST200',
  details: "Searched for a foreign key relationship between 'org_roles' and 'user_profiles' in the schema 'public', but no matches were found.",
  hint: null,
  message: "Could not find a relationship between 'org_roles' and 'user_profiles' in the schema cache"
}

[90mstdout[2m | tests/property/scoped-roles-processing-efficiency.test.ts[2m > [22m[2mProperty 10: Scoped Roles Processing Efficiency[2m > [22m[2mProperty 10.10: Role hierarchy cache should respect TTL settings
[22m[39mGoTrueClient@sb-bgxknceshxxifwytalex-auth-token:0 (2.93.3) 2026-02-02T15:20:22.561Z #_acquireLock begin [33m10000[39m
GoTrueClient@sb-bgxknceshxxifwytalex-auth-token:0 (2.93.3) 2026-02-02T15:20:22.561Z #_acquireLock lock acquired for storage key sb-bgxknceshxxifwytalex-auth-token
GoTrueClient@sb-bgxknceshxxifwytalex-auth-token:0 (2.93.3) 2026-02-02T15:20:22.561Z #_useSession begin
GoTrueClient@sb-bgxknceshxxifwytalex-auth-token:0 (2.93.3) 2026-02-02T15:20:22.561Z #__loadSession() begin

[90mstdout[2m | tests/property/scoped-roles-processing-efficiency.test.ts[2m > [22m[2mProperty 10: Scoped Roles Processing Efficiency[2m > [22m[2mProperty 10.10: Role hierarchy cache should respect TTL settings
[22m[39mGoTrueClient@sb-bgxknceshxxifwytalex-auth-token:0 (2.93.3) 2026-02-02T15:20:22.561Z #getSession() session from storage [1mnull[22m
GoTrueClient@sb-bgxknceshxxifwytalex-auth-token:0 (2.93.3) 2026-02-02T15:20:22.561Z #__loadSession() end

[90mstdout[2m | tests/property/scoped-roles-processing-efficiency.test.ts[2m > [22m[2mProperty 10: Scoped Roles Processing Efficiency[2m > [22m[2mProperty 10.10: Role hierarchy cache should respect TTL settings
[22m[39mGoTrueClient@sb-bgxknceshxxifwytalex-auth-token:0 (2.93.3) 2026-02-02T15:20:22.561Z #_useSession end

[90mstdout[2m | tests/property/scoped-roles-processing-efficiency.test.ts[2m > [22m[2mProperty 10: Scoped Roles Processing Efficiency[2m > [22m[2mProperty 10.10: Role hierarchy cache should respect TTL settings
[22m[39mGoTrueClient@sb-bgxknceshxxifwytalex-auth-token:0 (2.93.3) 2026-02-02T15:20:22.561Z #_acquireLock lock released for storage key sb-bgxknceshxxifwytalex-auth-token

[90mstdout[2m | tests/property/scoped-roles-processing-efficiency.test.ts[2m > [22m[2mProperty 10: Scoped Roles Processing Efficiency[2m > [22m[2mProperty 10.10: Role hierarchy cache should respect TTL settings
[22m[39mGoTrueClient@sb-bgxknceshxxifwytalex-auth-token:0 (2.93.3) 2026-02-02T15:20:22.561Z #_acquireLock end

stderr | tests/property/scoped-roles-processing-efficiency.test.ts > Property 10: Scoped Roles Processing Efficiency > Property 10.10: Role hierarchy cache should respect TTL settings
Error fetching org roles: {
  code: 'PGRST200',
  details: "Searched for a foreign key relationship between 'org_roles' and 'user_profiles' in the schema 'public', but no matches were found.",
  hint: null,
  message: "Could not find a relationship between 'org_roles' and 'user_profiles' in the schema cache"
}

[90mstdout[2m | tests/property/scoped-roles-processing-efficiency.test.ts[2m > [22m[2mProperty 10: Scoped Roles Processing Efficiency[2m > [22m[2mProperty 10.10: Role hierarchy cache should respect TTL settings
[22m[39mGoTrueClient@sb-bgxknceshxxifwytalex-auth-token:0 (2.93.3) 2026-02-02T15:20:22.574Z #_acquireLock begin [33m10000[39m
GoTrueClient@sb-bgxknceshxxifwytalex-auth-token:0 (2.93.3) 2026-02-02T15:20:22.574Z #_acquireLock lock acquired for storage key sb-bgxknceshxxifwytalex-auth-token
GoTrueClient@sb-bgxknceshxxifwytalex-auth-token:0 (2.93.3) 2026-02-02T15:20:22.574Z #_useSession begin
GoTrueClient@sb-bgxknceshxxifwytalex-auth-token:0 (2.93.3) 2026-02-02T15:20:22.574Z #__loadSession() begin

[90mstdout[2m | tests/property/scoped-roles-processing-efficiency.test.ts[2m > [22m[2mProperty 10: Scoped Roles Processing Efficiency[2m > [22m[2mProperty 10.10: Role hierarchy cache should respect TTL settings
[22m[39mGoTrueClient@sb-bgxknceshxxifwytalex-auth-token:0 (2.93.3) 2026-02-02T15:20:22.574Z #getSession() session from storage [1mnull[22m
GoTrueClient@sb-bgxknceshxxifwytalex-auth-token:0 (2.93.3) 2026-02-02T15:20:22.574Z #__loadSession() end

[90mstdout[2m | tests/property/scoped-roles-processing-efficiency.test.ts[2m > [22m[2mProperty 10: Scoped Roles Processing Efficiency[2m > [22m[2mProperty 10.10: Role hierarchy cache should respect TTL settings
[22m[39mGoTrueClient@sb-bgxknceshxxifwytalex-auth-token:0 (2.93.3) 2026-02-02T15:20:22.575Z #_useSession end

[90mstdout[2m | tests/property/scoped-roles-processing-efficiency.test.ts[2m > [22m[2mProperty 10: Scoped Roles Processing Efficiency[2m > [22m[2mProperty 10.10: Role hierarchy cache should respect TTL settings
[22m[39mGoTrueClient@sb-bgxknceshxxifwytalex-auth-token:0 (2.93.3) 2026-02-02T15:20:22.575Z #_acquireLock lock released for storage key sb-bgxknceshxxifwytalex-auth-token

[90mstdout[2m | tests/property/scoped-roles-processing-efficiency.test.ts[2m > [22m[2mProperty 10: Scoped Roles Processing Efficiency[2m > [22m[2mProperty 10.10: Role hierarchy cache should respect TTL settings
[22m[39mGoTrueClient@sb-bgxknceshxxifwytalex-auth-token:0 (2.93.3) 2026-02-02T15:20:22.575Z #_acquireLock end

stderr | tests/property/scoped-roles-processing-efficiency.test.ts > Property 10: Scoped Roles Processing Efficiency > Property 10.10: Role hierarchy cache should respect TTL settings
Error fetching project roles: {
  code: 'PGRST200',
  details: "Searched for a foreign key relationship between 'project_roles' and 'user_profiles' in the schema 'public', but no matches were found.",
  hint: null,
  message: "Could not find a relationship between 'project_roles' and 'user_profiles' in the schema cache"
}

[90mstdout[2m | tests/property/scoped-roles-processing-efficiency.test.ts[2m > [22m[2mProperty 10: Scoped Roles Processing Efficiency[2m > [22m[2mProperty 10.10: Role hierarchy cache should respect TTL settings
[22m[39mGoTrueClient@sb-bgxknceshxxifwytalex-auth-token:0 (2.93.3) 2026-02-02T15:20:22.591Z #_acquireLock begin [33m10000[39m
GoTrueClient@sb-bgxknceshxxifwytalex-auth-token:0 (2.93.3) 2026-02-02T15:20:22.591Z #_acquireLock lock acquired for storage key sb-bgxknceshxxifwytalex-auth-token
GoTrueClient@sb-bgxknceshxxifwytalex-auth-token:0 (2.93.3) 2026-02-02T15:20:22.591Z #_useSession begin
GoTrueClient@sb-bgxknceshxxifwytalex-auth-token:0 (2.93.3) 2026-02-02T15:20:22.591Z #__loadSession() begin

[90mstdout[2m | tests/property/scoped-roles-processing-efficiency.test.ts[2m > [22m[2mProperty 10: Scoped Roles Processing Efficiency[2m > [22m[2mProperty 10.10: Role hierarchy cache should respect TTL settings
[22m[39mGoTrueClient@sb-bgxknceshxxifwytalex-auth-token:0 (2.93.3) 2026-02-02T15:20:22.591Z #getSession() session from storage [1mnull[22m
GoTrueClient@sb-bgxknceshxxifwytalex-auth-token:0 (2.93.3) 2026-02-02T15:20:22.591Z #__loadSession() end

[90mstdout[2m | tests/property/scoped-roles-processing-efficiency.test.ts[2m > [22m[2mProperty 10: Scoped Roles Processing Efficiency[2m > [22m[2mProperty 10.10: Role hierarchy cache should respect TTL settings
[22m[39mGoTrueClient@sb-bgxknceshxxifwytalex-auth-token:0 (2.93.3) 2026-02-02T15:20:22.591Z #_useSession end

[90mstdout[2m | tests/property/scoped-roles-processing-efficiency.test.ts[2m > [22m[2mProperty 10: Scoped Roles Processing Efficiency[2m > [22m[2mProperty 10.10: Role hierarchy cache should respect TTL settings
[22m[39mGoTrueClient@sb-bgxknceshxxifwytalex-auth-token:0 (2.93.3) 2026-02-02T15:20:22.591Z #_acquireLock lock released for storage key sb-bgxknceshxxifwytalex-auth-token

[90mstdout[2m | tests/property/scoped-roles-processing-efficiency.test.ts[2m > [22m[2mProperty 10: Scoped Roles Processing Efficiency[2m > [22m[2mProperty 10.10: Role hierarchy cache should respect TTL settings
[22m[39mGoTrueClient@sb-bgxknceshxxifwytalex-auth-token:0 (2.93.3) 2026-02-02T15:20:22.591Z #_acquireLock end

stderr | tests/property/scoped-roles-processing-efficiency.test.ts > Property 10: Scoped Roles Processing Efficiency > Property 10.10: Role hierarchy cache should respect TTL settings
Error fetching org roles: {
  code: 'PGRST200',
  details: "Searched for a foreign key relationship between 'org_roles' and 'user_profiles' in the schema 'public', but no matches were found.",
  hint: null,
  message: "Could not find a relationship between 'org_roles' and 'user_profiles' in the schema cache"
}

[90mstdout[2m | tests/property/scoped-roles-processing-efficiency.test.ts[2m > [22m[2mProperty 10: Scoped Roles Processing Efficiency[2m > [22m[2mProperty 10.10: Role hierarchy cache should respect TTL settings
[22m[39mGoTrueClient@sb-bgxknceshxxifwytalex-auth-token:0 (2.93.3) 2026-02-02T15:20:22.627Z #_acquireLock begin [33m10000[39m
GoTrueClient@sb-bgxknceshxxifwytalex-auth-token:0 (2.93.3) 2026-02-02T15:20:22.627Z #_acquireLock lock acquired for storage key sb-bgxknceshxxifwytalex-auth-token
GoTrueClient@sb-bgxknceshxxifwytalex-auth-token:0 (2.93.3) 2026-02-02T15:20:22.627Z #_useSession begin
GoTrueClient@sb-bgxknceshxxifwytalex-auth-token:0 (2.93.3) 2026-02-02T15:20:22.628Z #__loadSession() begin

[90mstdout[2m | tests/property/scoped-roles-processing-efficiency.test.ts[2m > [22m[2mProperty 10: Scoped Roles Processing Efficiency[2m > [22m[2mProperty 10.10: Role hierarchy cache should respect TTL settings
[22m[39mGoTrueClient@sb-bgxknceshxxifwytalex-auth-token:0 (2.93.3) 2026-02-02T15:20:22.628Z #getSession() session from storage [1mnull[22m
GoTrueClient@sb-bgxknceshxxifwytalex-auth-token:0 (2.93.3) 2026-02-02T15:20:22.628Z #__loadSession() end

[90mstdout[2m | tests/property/scoped-roles-processing-efficiency.test.ts[2m > [22m[2mProperty 10: Scoped Roles Processing Efficiency[2m > [22m[2mProperty 10.10: Role hierarchy cache should respect TTL settings
[22m[39mGoTrueClient@sb-bgxknceshxxifwytalex-auth-token:0 (2.93.3) 2026-02-02T15:20:22.628Z #_useSession end

[90mstdout[2m | tests/property/scoped-roles-processing-efficiency.test.ts[2m > [22m[2mProperty 10: Scoped Roles Processing Efficiency[2m > [22m[2mProperty 10.10: Role hierarchy cache should respect TTL settings
[22m[39mGoTrueClient@sb-bgxknceshxxifwytalex-auth-token:0 (2.93.3) 2026-02-02T15:20:22.628Z #_acquireLock lock released for storage key sb-bgxknceshxxifwytalex-auth-token

[90mstdout[2m | tests/property/scoped-roles-processing-efficiency.test.ts[2m > [22m[2mProperty 10: Scoped Roles Processing Efficiency[2m > [22m[2mProperty 10.10: Role hierarchy cache should respect TTL settings
[22m[39mGoTrueClient@sb-bgxknceshxxifwytalex-auth-token:0 (2.93.3) 2026-02-02T15:20:22.628Z #_acquireLock end

stderr | tests/property/scoped-roles-processing-efficiency.test.ts > Property 10: Scoped Roles Processing Efficiency > Property 10.10: Role hierarchy cache should respect TTL settings
Error fetching org roles: {
  code: 'PGRST200',
  details: "Searched for a foreign key relationship between 'org_roles' and 'user_profiles' in the schema 'public', but no matches were found.",
  hint: null,
  message: "Could not find a relationship between 'org_roles' and 'user_profiles' in the schema cache"
}

[90mstdout[2m | tests/property/scoped-roles-processing-efficiency.test.ts[2m > [22m[2mProperty 10: Scoped Roles Processing Efficiency[2m > [22m[2mProperty 10.10: Role hierarchy cache should respect TTL settings
[22m[39mGoTrueClient@sb-bgxknceshxxifwytalex-auth-token:0 (2.93.3) 2026-02-02T15:20:22.673Z #_acquireLock begin [33m10000[39m
GoTrueClient@sb-bgxknceshxxifwytalex-auth-token:0 (2.93.3) 2026-02-02T15:20:22.673Z #_acquireLock lock acquired for storage key sb-bgxknceshxxifwytalex-auth-token
GoTrueClient@sb-bgxknceshxxifwytalex-auth-token:0 (2.93.3) 2026-02-02T15:20:22.673Z #_useSession begin
GoTrueClient@sb-bgxknceshxxifwytalex-auth-token:0 (2.93.3) 2026-02-02T15:20:22.673Z #__loadSession() begin

[90mstdout[2m | tests/property/scoped-roles-processing-efficiency.test.ts[2m > [22m[2mProperty 10: Scoped Roles Processing Efficiency[2m > [22m[2mProperty 10.10: Role hierarchy cache should respect TTL settings
[22m[39mGoTrueClient@sb-bgxknceshxxifwytalex-auth-token:0 (2.93.3) 2026-02-02T15:20:22.674Z #getSession() session from storage [1mnull[22m
GoTrueClient@sb-bgxknceshxxifwytalex-auth-token:0 (2.93.3) 2026-02-02T15:20:22.674Z #__loadSession() end

[90mstdout[2m | tests/property/scoped-roles-processing-efficiency.test.ts[2m > [22m[2mProperty 10: Scoped Roles Processing Efficiency[2m > [22m[2mProperty 10.10: Role hierarchy cache should respect TTL settings
[22m[39mGoTrueClient@sb-bgxknceshxxifwytalex-auth-token:0 (2.93.3) 2026-02-02T15:20:22.674Z #_useSession end

[90mstdout[2m | tests/property/scoped-roles-processing-efficiency.test.ts[2m > [22m[2mProperty 10: Scoped Roles Processing Efficiency[2m > [22m[2mProperty 10.10: Role hierarchy cache should respect TTL settings
[22m[39mGoTrueClient@sb-bgxknceshxxifwytalex-auth-token:0 (2.93.3) 2026-02-02T15:20:22.674Z #_acquireLock lock released for storage key sb-bgxknceshxxifwytalex-auth-token

[90mstdout[2m | tests/property/scoped-roles-processing-efficiency.test.ts[2m > [22m[2mProperty 10: Scoped Roles Processing Efficiency[2m > [22m[2mProperty 10.10: Role hierarchy cache should respect TTL settings
[22m[39mGoTrueClient@sb-bgxknceshxxifwytalex-auth-token:0 (2.93.3) 2026-02-02T15:20:22.674Z #_acquireLock end

[90mstdout[2m | tests/property/scoped-roles-processing-efficiency.test.ts[2m > [22m[2mProperty 10: Scoped Roles Processing Efficiency[2m > [22m[2mProperty 10.10: Role hierarchy cache should respect TTL settings
[22m[39mGoTrueClient@sb-bgxknceshxxifwytalex-auth-token:0 (2.93.3) 2026-02-02T15:20:22.691Z #_acquireLock begin [33m10000[39m
GoTrueClient@sb-bgxknceshxxifwytalex-auth-token:0 (2.93.3) 2026-02-02T15:20:22.692Z #_acquireLock lock acquired for storage key sb-bgxknceshxxifwytalex-auth-token
GoTrueClient@sb-bgxknceshxxifwytalex-auth-token:0 (2.93.3) 2026-02-02T15:20:22.692Z #_useSession begin
GoTrueClient@sb-bgxknceshxxifwytalex-auth-token:0 (2.93.3) 2026-02-02T15:20:22.692Z #__loadSession() begin

[90mstdout[2m | tests/property/scoped-roles-processing-efficiency.test.ts[2m > [22m[2mProperty 10: Scoped Roles Processing Efficiency[2m > [22m[2mProperty 10.10: Role hierarchy cache should respect TTL settings
[22m[39mGoTrueClient@sb-bgxknceshxxifwytalex-auth-token:0 (2.93.3) 2026-02-02T15:20:22.692Z #getSession() session from storage [1mnull[22m
GoTrueClient@sb-bgxknceshxxifwytalex-auth-token:0 (2.93.3) 2026-02-02T15:20:22.692Z #__loadSession() end

[90mstdout[2m | tests/property/scoped-roles-processing-efficiency.test.ts[2m > [22m[2mProperty 10: Scoped Roles Processing Efficiency[2m > [22m[2mProperty 10.10: Role hierarchy cache should respect TTL settings
[22m[39mGoTrueClient@sb-bgxknceshxxifwytalex-auth-token:0 (2.93.3) 2026-02-02T15:20:22.692Z #_useSession end

[90mstdout[2m | tests/property/scoped-roles-processing-efficiency.test.ts[2m > [22m[2mProperty 10: Scoped Roles Processing Efficiency[2m > [22m[2mProperty 10.10: Role hierarchy cache should respect TTL settings
[22m[39mGoTrueClient@sb-bgxknceshxxifwytalex-auth-token:0 (2.93.3) 2026-02-02T15:20:22.692Z #_acquireLock lock released for storage key sb-bgxknceshxxifwytalex-auth-token

[90mstdout[2m | tests/property/scoped-roles-processing-efficiency.test.ts[2m > [22m[2mProperty 10: Scoped Roles Processing Efficiency[2m > [22m[2mProperty 10.10: Role hierarchy cache should respect TTL settings
[22m[39mGoTrueClient@sb-bgxknceshxxifwytalex-auth-token:0 (2.93.3) 2026-02-02T15:20:22.692Z #_acquireLock end

stderr | tests/property/scoped-roles-processing-efficiency.test.ts > Property 10: Scoped Roles Processing Efficiency > Property 10.10: Role hierarchy cache should respect TTL settings
Error fetching project roles: {
  code: 'PGRST200',
  details: "Searched for a foreign key relationship between 'project_roles' and 'user_profiles' in the schema 'public', but no matches were found.",
  hint: null,
  message: "Could not find a relationship between 'project_roles' and 'user_profiles' in the schema cache"
}

[90mstdout[2m | tests/property/scoped-roles-processing-efficiency.test.ts[2m > [22m[2mProperty 10: Scoped Roles Processing Efficiency[2m > [22m[2mProperty 10.10: Role hierarchy cache should respect TTL settings
[22m[39mGoTrueClient@sb-bgxknceshxxifwytalex-auth-token:0 (2.93.3) 2026-02-02T15:20:22.743Z #_acquireLock begin [33m10000[39m
GoTrueClient@sb-bgxknceshxxifwytalex-auth-token:0 (2.93.3) 2026-02-02T15:20:22.743Z #_acquireLock lock acquired for storage key sb-bgxknceshxxifwytalex-auth-token
GoTrueClient@sb-bgxknceshxxifwytalex-auth-token:0 (2.93.3) 2026-02-02T15:20:22.743Z #_useSession begin
GoTrueClient@sb-bgxknceshxxifwytalex-auth-token:0 (2.93.3) 2026-02-02T15:20:22.743Z #__loadSession() begin

[90mstdout[2m | tests/property/scoped-roles-processing-efficiency.test.ts[2m > [22m[2mProperty 10: Scoped Roles Processing Efficiency[2m > [22m[2mProperty 10.10: Role hierarchy cache should respect TTL settings
[22m[39mGoTrueClient@sb-bgxknceshxxifwytalex-auth-token:0 (2.93.3) 2026-02-02T15:20:22.743Z #getSession() session from storage [1mnull[22m
GoTrueClient@sb-bgxknceshxxifwytalex-auth-token:0 (2.93.3) 2026-02-02T15:20:22.743Z #__loadSession() end

[90mstdout[2m | tests/property/scoped-roles-processing-efficiency.test.ts[2m > [22m[2mProperty 10: Scoped Roles Processing Efficiency[2m > [22m[2mProperty 10.10: Role hierarchy cache should respect TTL settings
[22m[39mGoTrueClient@sb-bgxknceshxxifwytalex-auth-token:0 (2.93.3) 2026-02-02T15:20:22.743Z #_useSession end

[90mstdout[2m | tests/property/scoped-roles-processing-efficiency.test.ts[2m > [22m[2mProperty 10: Scoped Roles Processing Efficiency[2m > [22m[2mProperty 10.10: Role hierarchy cache should respect TTL settings
[22m[39mGoTrueClient@sb-bgxknceshxxifwytalex-auth-token:0 (2.93.3) 2026-02-02T15:20:22.743Z #_acquireLock lock released for storage key sb-bgxknceshxxifwytalex-auth-token

[90mstdout[2m | tests/property/scoped-roles-processing-efficiency.test.ts[2m > [22m[2mProperty 10: Scoped Roles Processing Efficiency[2m > [22m[2mProperty 10.10: Role hierarchy cache should respect TTL settings
[22m[39mGoTrueClient@sb-bgxknceshxxifwytalex-auth-token:0 (2.93.3) 2026-02-02T15:20:22.743Z #_acquireLock end

stderr | tests/property/scoped-roles-processing-efficiency.test.ts > Property 10: Scoped Roles Processing Efficiency > Property 10.10: Role hierarchy cache should respect TTL settings
Error fetching project roles: {
  code: 'PGRST200',
  details: "Searched for a foreign key relationship between 'project_roles' and 'user_profiles' in the schema 'public', but no matches were found.",
  hint: null,
  message: "Could not find a relationship between 'project_roles' and 'user_profiles' in the schema cache"
}

[90mstdout[2m | tests/property/scoped-roles-processing-efficiency.test.ts[2m > [22m[2mProperty 10: Scoped Roles Processing Efficiency[2m > [22m[2mProperty 10.10: Role hierarchy cache should respect TTL settings
[22m[39mGoTrueClient@sb-bgxknceshxxifwytalex-auth-token:0 (2.93.3) 2026-02-02T15:20:22.758Z #_acquireLock begin [33m10000[39m
GoTrueClient@sb-bgxknceshxxifwytalex-auth-token:0 (2.93.3) 2026-02-02T15:20:22.758Z #_acquireLock lock acquired for storage key sb-bgxknceshxxifwytalex-auth-token
GoTrueClient@sb-bgxknceshxxifwytalex-auth-token:0 (2.93.3) 2026-02-02T15:20:22.758Z #_useSession begin
GoTrueClient@sb-bgxknceshxxifwytalex-auth-token:0 (2.93.3) 2026-02-02T15:20:22.758Z #__loadSession() begin

[90mstdout[2m | tests/property/scoped-roles-processing-efficiency.test.ts[2m > [22m[2mProperty 10: Scoped Roles Processing Efficiency[2m > [22m[2mProperty 10.10: Role hierarchy cache should respect TTL settings
[22m[39mGoTrueClient@sb-bgxknceshxxifwytalex-auth-token:0 (2.93.3) 2026-02-02T15:20:22.758Z #getSession() session from storage [1mnull[22m
GoTrueClient@sb-bgxknceshxxifwytalex-auth-token:0 (2.93.3) 2026-02-02T15:20:22.758Z #__loadSession() end

[90mstdout[2m | tests/property/scoped-roles-processing-efficiency.test.ts[2m > [22m[2mProperty 10: Scoped Roles Processing Efficiency[2m > [22m[2mProperty 10.10: Role hierarchy cache should respect TTL settings
[22m[39mGoTrueClient@sb-bgxknceshxxifwytalex-auth-token:0 (2.93.3) 2026-02-02T15:20:22.758Z #_useSession end

[90mstdout[2m | tests/property/scoped-roles-processing-efficiency.test.ts[2m > [22m[2mProperty 10: Scoped Roles Processing Efficiency[2m > [22m[2mProperty 10.10: Role hierarchy cache should respect TTL settings
[22m[39mGoTrueClient@sb-bgxknceshxxifwytalex-auth-token:0 (2.93.3) 2026-02-02T15:20:22.758Z #_acquireLock lock released for storage key sb-bgxknceshxxifwytalex-auth-token

[90mstdout[2m | tests/property/scoped-roles-processing-efficiency.test.ts[2m > [22m[2mProperty 10: Scoped Roles Processing Efficiency[2m > [22m[2mProperty 10.10: Role hierarchy cache should respect TTL settings
[22m[39mGoTrueClient@sb-bgxknceshxxifwytalex-auth-token:0 (2.93.3) 2026-02-02T15:20:22.759Z #_acquireLock end

stderr | tests/property/scoped-roles-processing-efficiency.test.ts > Property 10: Scoped Roles Processing Efficiency > Property 10.10: Role hierarchy cache should respect TTL settings
Error fetching project roles: {
  code: 'PGRST200',
  details: "Searched for a foreign key relationship between 'project_roles' and 'user_profiles' in the schema 'public', but no matches were found.",
  hint: null,
  message: "Could not find a relationship between 'project_roles' and 'user_profiles' in the schema cache"
}

[90mstdout[2m | tests/property/scoped-roles-processing-efficiency.test.ts[2m > [22m[2mProperty 10: Scoped Roles Processing Efficiency[2m > [22m[2mProperty 10.10: Role hierarchy cache should respect TTL settings
[22m[39mGoTrueClient@sb-bgxknceshxxifwytalex-auth-token:0 (2.93.3) 2026-02-02T15:20:22.788Z #_acquireLock begin [33m10000[39m
GoTrueClient@sb-bgxknceshxxifwytalex-auth-token:0 (2.93.3) 2026-02-02T15:20:22.788Z #_acquireLock lock acquired for storage key sb-bgxknceshxxifwytalex-auth-token
GoTrueClient@sb-bgxknceshxxifwytalex-auth-token:0 (2.93.3) 2026-02-02T15:20:22.788Z #_useSession begin
GoTrueClient@sb-bgxknceshxxifwytalex-auth-token:0 (2.93.3) 2026-02-02T15:20:22.788Z #__loadSession() begin

[90mstdout[2m | tests/property/scoped-roles-processing-efficiency.test.ts[2m > [22m[2mProperty 10: Scoped Roles Processing Efficiency[2m > [22m[2mProperty 10.10: Role hierarchy cache should respect TTL settings
[22m[39mGoTrueClient@sb-bgxknceshxxifwytalex-auth-token:0 (2.93.3) 2026-02-02T15:20:22.789Z #getSession() session from storage [1mnull[22m
GoTrueClient@sb-bgxknceshxxifwytalex-auth-token:0 (2.93.3) 2026-02-02T15:20:22.789Z #__loadSession() end

[90mstdout[2m | tests/property/scoped-roles-processing-efficiency.test.ts[2m > [22m[2mProperty 10: Scoped Roles Processing Efficiency[2m > [22m[2mProperty 10.10: Role hierarchy cache should respect TTL settings
[22m[39mGoTrueClient@sb-bgxknceshxxifwytalex-auth-token:0 (2.93.3) 2026-02-02T15:20:22.789Z #_useSession end

[90mstdout[2m | tests/property/scoped-roles-processing-efficiency.test.ts[2m > [22m[2mProperty 10: Scoped Roles Processing Efficiency[2m > [22m[2mProperty 10.10: Role hierarchy cache should respect TTL settings
[22m[39mGoTrueClient@sb-bgxknceshxxifwytalex-auth-token:0 (2.93.3) 2026-02-02T15:20:22.789Z #_acquireLock lock released for storage key sb-bgxknceshxxifwytalex-auth-token

[90mstdout[2m | tests/property/scoped-roles-processing-efficiency.test.ts[2m > [22m[2mProperty 10: Scoped Roles Processing Efficiency[2m > [22m[2mProperty 10.10: Role hierarchy cache should respect TTL settings
[22m[39mGoTrueClient@sb-bgxknceshxxifwytalex-auth-token:0 (2.93.3) 2026-02-02T15:20:22.790Z #_acquireLock end

stderr | tests/property/scoped-roles-processing-efficiency.test.ts > Property 10: Scoped Roles Processing Efficiency > Property 10.10: Role hierarchy cache should respect TTL settings
Error fetching org roles: {
  code: 'PGRST200',
  details: "Searched for a foreign key relationship between 'org_roles' and 'user_profiles' in the schema 'public', but no matches were found.",
  hint: null,
  message: "Could not find a relationship between 'org_roles' and 'user_profiles' in the schema cache"
}

[90mstdout[2m | tests/property/scoped-roles-processing-efficiency.test.ts[2m > [22m[2mProperty 10: Scoped Roles Processing Efficiency[2m > [22m[2mProperty 10.10: Role hierarchy cache should respect TTL settings
[22m[39mGoTrueClient@sb-bgxknceshxxifwytalex-auth-token:0 (2.93.3) 2026-02-02T15:20:22.794Z #_acquireLock begin [33m10000[39m
GoTrueClient@sb-bgxknceshxxifwytalex-auth-token:0 (2.93.3) 2026-02-02T15:20:22.795Z #_acquireLock lock acquired for storage key sb-bgxknceshxxifwytalex-auth-token
GoTrueClient@sb-bgxknceshxxifwytalex-auth-token:0 (2.93.3) 2026-02-02T15:20:22.795Z #_useSession begin
GoTrueClient@sb-bgxknceshxxifwytalex-auth-token:0 (2.93.3) 2026-02-02T15:20:22.795Z #__loadSession() begin

[90mstdout[2m | tests/property/scoped-roles-processing-efficiency.test.ts[2m > [22m[2mProperty 10: Scoped Roles Processing Efficiency[2m > [22m[2mProperty 10.10: Role hierarchy cache should respect TTL settings
[22m[39mGoTrueClient@sb-bgxknceshxxifwytalex-auth-token:0 (2.93.3) 2026-02-02T15:20:22.795Z #getSession() session from storage [1mnull[22m
GoTrueClient@sb-bgxknceshxxifwytalex-auth-token:0 (2.93.3) 2026-02-02T15:20:22.795Z #__loadSession() end

[90mstdout[2m | tests/property/scoped-roles-processing-efficiency.test.ts[2m > [22m[2mProperty 10: Scoped Roles Processing Efficiency[2m > [22m[2mProperty 10.10: Role hierarchy cache should respect TTL settings
[22m[39mGoTrueClient@sb-bgxknceshxxifwytalex-auth-token:0 (2.93.3) 2026-02-02T15:20:22.795Z #_useSession end

[90mstdout[2m | tests/property/scoped-roles-processing-efficiency.test.ts[2m > [22m[2mProperty 10: Scoped Roles Processing Efficiency[2m > [22m[2mProperty 10.10: Role hierarchy cache should respect TTL settings
[22m[39mGoTrueClient@sb-bgxknceshxxifwytalex-auth-token:0 (2.93.3) 2026-02-02T15:20:22.795Z #_acquireLock lock released for storage key sb-bgxknceshxxifwytalex-auth-token

[90mstdout[2m | tests/property/scoped-roles-processing-efficiency.test.ts[2m > [22m[2mProperty 10: Scoped Roles Processing Efficiency[2m > [22m[2mProperty 10.10: Role hierarchy cache should respect TTL settings
[22m[39mGoTrueClient@sb-bgxknceshxxifwytalex-auth-token:0 (2.93.3) 2026-02-02T15:20:22.795Z #_acquireLock end

stderr | tests/property/scoped-roles-processing-efficiency.test.ts > Property 10: Scoped Roles Processing Efficiency > Property 10.10: Role hierarchy cache should respect TTL settings
Error fetching project roles: {
  code: 'PGRST200',
  details: "Searched for a foreign key relationship between 'project_roles' and 'user_profiles' in the schema 'public', but no matches were found.",
  hint: null,
  message: "Could not find a relationship between 'project_roles' and 'user_profiles' in the schema cache"
}

[90mstdout[2m | tests/property/scoped-roles-processing-efficiency.test.ts[2m > [22m[2mProperty 10: Scoped Roles Processing Efficiency[2m > [22m[2mProperty 10.10: Role hierarchy cache should respect TTL settings
[22m[39mGoTrueClient@sb-bgxknceshxxifwytalex-auth-token:0 (2.93.3) 2026-02-02T15:20:22.823Z #_acquireLock begin [33m10000[39m
GoTrueClient@sb-bgxknceshxxifwytalex-auth-token:0 (2.93.3) 2026-02-02T15:20:22.823Z #_acquireLock lock acquired for storage key sb-bgxknceshxxifwytalex-auth-token
GoTrueClient@sb-bgxknceshxxifwytalex-auth-token:0 (2.93.3) 2026-02-02T15:20:22.823Z #_useSession begin
GoTrueClient@sb-bgxknceshxxifwytalex-auth-token:0 (2.93.3) 2026-02-02T15:20:22.823Z #__loadSession() begin

[90mstdout[2m | tests/property/scoped-roles-processing-efficiency.test.ts[2m > [22m[2mProperty 10: Scoped Roles Processing Efficiency[2m > [22m[2mProperty 10.10: Role hierarchy cache should respect TTL settings
[22m[39mGoTrueClient@sb-bgxknceshxxifwytalex-auth-token:0 (2.93.3) 2026-02-02T15:20:22.823Z #getSession() session from storage [1mnull[22m
GoTrueClient@sb-bgxknceshxxifwytalex-auth-token:0 (2.93.3) 2026-02-02T15:20:22.823Z #__loadSession() end

[90mstdout[2m | tests/property/scoped-roles-processing-efficiency.test.ts[2m > [22m[2mProperty 10: Scoped Roles Processing Efficiency[2m > [22m[2mProperty 10.10: Role hierarchy cache should respect TTL settings
[22m[39mGoTrueClient@sb-bgxknceshxxifwytalex-auth-token:0 (2.93.3) 2026-02-02T15:20:22.823Z #_useSession end

[90mstdout[2m | tests/property/scoped-roles-processing-efficiency.test.ts[2m > [22m[2mProperty 10: Scoped Roles Processing Efficiency[2m > [22m[2mProperty 10.10: Role hierarchy cache should respect TTL settings
[22m[39mGoTrueClient@sb-bgxknceshxxifwytalex-auth-token:0 (2.93.3) 2026-02-02T15:20:22.824Z #_acquireLock lock released for storage key sb-bgxknceshxxifwytalex-auth-token

[90mstdout[2m | tests/property/scoped-roles-processing-efficiency.test.ts[2m > [22m[2mProperty 10: Scoped Roles Processing Efficiency[2m > [22m[2mProperty 10.10: Role hierarchy cache should respect TTL settings
[22m[39mGoTrueClient@sb-bgxknceshxxifwytalex-auth-token:0 (2.93.3) 2026-02-02T15:20:22.824Z #_acquireLock end

stderr | tests/property/scoped-roles-processing-efficiency.test.ts > Property 10: Scoped Roles Processing Efficiency > Property 10.10: Role hierarchy cache should respect TTL settings
Error fetching org roles: {
  code: 'PGRST200',
  details: "Searched for a foreign key relationship between 'org_roles' and 'user_profiles' in the schema 'public', but no matches were found.",
  hint: null,
  message: "Could not find a relationship between 'org_roles' and 'user_profiles' in the schema cache"
}

[90mstdout[2m | tests/property/scoped-roles-processing-efficiency.test.ts[2m > [22m[2mProperty 10: Scoped Roles Processing Efficiency[2m > [22m[2mProperty 10.10: Role hierarchy cache should respect TTL settings
[22m[39mGoTrueClient@sb-bgxknceshxxifwytalex-auth-token:0 (2.93.3) 2026-02-02T15:20:22.870Z #_acquireLock begin [33m10000[39m
GoTrueClient@sb-bgxknceshxxifwytalex-auth-token:0 (2.93.3) 2026-02-02T15:20:22.870Z #_acquireLock lock acquired for storage key sb-bgxknceshxxifwytalex-auth-token
GoTrueClient@sb-bgxknceshxxifwytalex-auth-token:0 (2.93.3) 2026-02-02T15:20:22.870Z #_useSession begin
GoTrueClient@sb-bgxknceshxxifwytalex-auth-token:0 (2.93.3) 2026-02-02T15:20:22.870Z #__loadSession() begin

[90mstdout[2m | tests/property/scoped-roles-processing-efficiency.test.ts[2m > [22m[2mProperty 10: Scoped Roles Processing Efficiency[2m > [22m[2mProperty 10.10: Role hierarchy cache should respect TTL settings
[22m[39mGoTrueClient@sb-bgxknceshxxifwytalex-auth-token:0 (2.93.3) 2026-02-02T15:20:22.870Z #getSession() session from storage [1mnull[22m
GoTrueClient@sb-bgxknceshxxifwytalex-auth-token:0 (2.93.3) 2026-02-02T15:20:22.870Z #__loadSession() end

[90mstdout[2m | tests/property/scoped-roles-processing-efficiency.test.ts[2m > [22m[2mProperty 10: Scoped Roles Processing Efficiency[2m > [22m[2mProperty 10.10: Role hierarchy cache should respect TTL settings
[22m[39mGoTrueClient@sb-bgxknceshxxifwytalex-auth-token:0 (2.93.3) 2026-02-02T15:20:22.870Z #_useSession end

[90mstdout[2m | tests/property/scoped-roles-processing-efficiency.test.ts[2m > [22m[2mProperty 10: Scoped Roles Processing Efficiency[2m > [22m[2mProperty 10.10: Role hierarchy cache should respect TTL settings
[22m[39mGoTrueClient@sb-bgxknceshxxifwytalex-auth-token:0 (2.93.3) 2026-02-02T15:20:22.870Z #_acquireLock lock released for storage key sb-bgxknceshxxifwytalex-auth-token

[90mstdout[2m | tests/property/scoped-roles-processing-efficiency.test.ts[2m > [22m[2mProperty 10: Scoped Roles Processing Efficiency[2m > [22m[2mProperty 10.10: Role hierarchy cache should respect TTL settings
[22m[39mGoTrueClient@sb-bgxknceshxxifwytalex-auth-token:0 (2.93.3) 2026-02-02T15:20:22.871Z #_acquireLock end

stderr | tests/property/scoped-roles-processing-efficiency.test.ts > Property 10: Scoped Roles Processing Efficiency > Property 10.10: Role hierarchy cache should respect TTL settings
Error fetching org roles: {
  code: 'PGRST200',
  details: "Searched for a foreign key relationship between 'org_roles' and 'user_profiles' in the schema 'public', but no matches were found.",
  hint: null,
  message: "Could not find a relationship between 'org_roles' and 'user_profiles' in the schema cache"
}

[90mstdout[2m | tests/property/scoped-roles-processing-efficiency.test.ts[2m > [22m[2mProperty 10: Scoped Roles Processing Efficiency[2m > [22m[2mProperty 10.10: Role hierarchy cache should respect TTL settings
[22m[39mGoTrueClient@sb-bgxknceshxxifwytalex-auth-token:0 (2.93.3) 2026-02-02T15:20:22.889Z #_acquireLock begin [33m10000[39m
GoTrueClient@sb-bgxknceshxxifwytalex-auth-token:0 (2.93.3) 2026-02-02T15:20:22.889Z #_acquireLock lock acquired for storage key sb-bgxknceshxxifwytalex-auth-token
GoTrueClient@sb-bgxknceshxxifwytalex-auth-token:0 (2.93.3) 2026-02-02T15:20:22.889Z #_useSession begin
GoTrueClient@sb-bgxknceshxxifwytalex-auth-token:0 (2.93.3) 2026-02-02T15:20:22.889Z #__loadSession() begin

[90mstdout[2m | tests/property/scoped-roles-processing-efficiency.test.ts[2m > [22m[2mProperty 10: Scoped Roles Processing Efficiency[2m > [22m[2mProperty 10.10: Role hierarchy cache should respect TTL settings
[22m[39mGoTrueClient@sb-bgxknceshxxifwytalex-auth-token:0 (2.93.3) 2026-02-02T15:20:22.889Z #getSession() session from storage [1mnull[22m
GoTrueClient@sb-bgxknceshxxifwytalex-auth-token:0 (2.93.3) 2026-02-02T15:20:22.889Z #__loadSession() end

[90mstdout[2m | tests/property/scoped-roles-processing-efficiency.test.ts[2m > [22m[2mProperty 10: Scoped Roles Processing Efficiency[2m > [22m[2mProperty 10.10: Role hierarchy cache should respect TTL settings
[22m[39mGoTrueClient@sb-bgxknceshxxifwytalex-auth-token:0 (2.93.3) 2026-02-02T15:20:22.889Z #_useSession end

[90mstdout[2m | tests/property/scoped-roles-processing-efficiency.test.ts[2m > [22m[2mProperty 10: Scoped Roles Processing Efficiency[2m > [22m[2mProperty 10.10: Role hierarchy cache should respect TTL settings
[22m[39mGoTrueClient@sb-bgxknceshxxifwytalex-auth-token:0 (2.93.3) 2026-02-02T15:20:22.889Z #_acquireLock lock released for storage key sb-bgxknceshxxifwytalex-auth-token

[90mstdout[2m | tests/property/scoped-roles-processing-efficiency.test.ts[2m > [22m[2mProperty 10: Scoped Roles Processing Efficiency[2m > [22m[2mProperty 10.10: Role hierarchy cache should respect TTL settings
[22m[39mGoTrueClient@sb-bgxknceshxxifwytalex-auth-token:0 (2.93.3) 2026-02-02T15:20:22.889Z #_acquireLock end

[90mstdout[2m | tests/property/scoped-roles-processing-efficiency.test.ts[2m > [22m[2mProperty 10: Scoped Roles Processing Efficiency[2m > [22m[2mProperty 10.10: Role hierarchy cache should respect TTL settings
[22m[39mGoTrueClient@sb-bgxknceshxxifwytalex-auth-token:0 (2.93.3) 2026-02-02T15:20:22.946Z #_acquireLock begin [33m10000[39m
GoTrueClient@sb-bgxknceshxxifwytalex-auth-token:0 (2.93.3) 2026-02-02T15:20:22.946Z #_acquireLock lock acquired for storage key sb-bgxknceshxxifwytalex-auth-token
GoTrueClient@sb-bgxknceshxxifwytalex-auth-token:0 (2.93.3) 2026-02-02T15:20:22.946Z #_useSession begin
GoTrueClient@sb-bgxknceshxxifwytalex-auth-token:0 (2.93.3) 2026-02-02T15:20:22.946Z #__loadSession() begin

[90mstdout[2m | tests/property/scoped-roles-processing-efficiency.test.ts[2m > [22m[2mProperty 10: Scoped Roles Processing Efficiency[2m > [22m[2mProperty 10.10: Role hierarchy cache should respect TTL settings
[22m[39mGoTrueClient@sb-bgxknceshxxifwytalex-auth-token:0 (2.93.3) 2026-02-02T15:20:22.946Z #getSession() session from storage [1mnull[22m
GoTrueClient@sb-bgxknceshxxifwytalex-auth-token:0 (2.93.3) 2026-02-02T15:20:22.946Z #__loadSession() end

[90mstdout[2m | tests/property/scoped-roles-processing-efficiency.test.ts[2m > [22m[2mProperty 10: Scoped Roles Processing Efficiency[2m > [22m[2mProperty 10.10: Role hierarchy cache should respect TTL settings
[22m[39mGoTrueClient@sb-bgxknceshxxifwytalex-auth-token:0 (2.93.3) 2026-02-02T15:20:22.946Z #_useSession end

[90mstdout[2m | tests/property/scoped-roles-processing-efficiency.test.ts[2m > [22m[2mProperty 10: Scoped Roles Processing Efficiency[2m > [22m[2mProperty 10.10: Role hierarchy cache should respect TTL settings
[22m[39mGoTrueClient@sb-bgxknceshxxifwytalex-auth-token:0 (2.93.3) 2026-02-02T15:20:22.946Z #_acquireLock lock released for storage key sb-bgxknceshxxifwytalex-auth-token

[90mstdout[2m | tests/property/scoped-roles-processing-efficiency.test.ts[2m > [22m[2mProperty 10: Scoped Roles Processing Efficiency[2m > [22m[2mProperty 10.10: Role hierarchy cache should respect TTL settings
[22m[39mGoTrueClient@sb-bgxknceshxxifwytalex-auth-token:0 (2.93.3) 2026-02-02T15:20:22.946Z #_acquireLock end

[90mstdout[2m | tests/property/scoped-roles-processing-efficiency.test.ts[2m > [22m[2mProperty 10: Scoped Roles Processing Efficiency[2m > [22m[2mProperty 10.10: Role hierarchy cache should respect TTL settings
[22m[39mGoTrueClient@sb-bgxknceshxxifwytalex-auth-token:0 (2.93.3) 2026-02-02T15:20:22.951Z #_acquireLock begin [33m10000[39m
GoTrueClient@sb-bgxknceshxxifwytalex-auth-token:0 (2.93.3) 2026-02-02T15:20:22.951Z #_acquireLock lock acquired for storage key sb-bgxknceshxxifwytalex-auth-token
GoTrueClient@sb-bgxknceshxxifwytalex-auth-token:0 (2.93.3) 2026-02-02T15:20:22.951Z #_useSession begin
GoTrueClient@sb-bgxknceshxxifwytalex-auth-token:0 (2.93.3) 2026-02-02T15:20:22.951Z #__loadSession() begin

[90mstdout[2m | tests/property/scoped-roles-processing-efficiency.test.ts[2m > [22m[2mProperty 10: Scoped Roles Processing Efficiency[2m > [22m[2mProperty 10.10: Role hierarchy cache should respect TTL settings
[22m[39mGoTrueClient@sb-bgxknceshxxifwytalex-auth-token:0 (2.93.3) 2026-02-02T15:20:22.951Z #getSession() session from storage [1mnull[22m
GoTrueClient@sb-bgxknceshxxifwytalex-auth-token:0 (2.93.3) 2026-02-02T15:20:22.951Z #__loadSession() end

[90mstdout[2m | tests/property/scoped-roles-processing-efficiency.test.ts[2m > [22m[2mProperty 10: Scoped Roles Processing Efficiency[2m > [22m[2mProperty 10.10: Role hierarchy cache should respect TTL settings
[22m[39mGoTrueClient@sb-bgxknceshxxifwytalex-auth-token:0 (2.93.3) 2026-02-02T15:20:22.951Z #_useSession end

[90mstdout[2m | tests/property/scoped-roles-processing-efficiency.test.ts[2m > [22m[2mProperty 10: Scoped Roles Processing Efficiency[2m > [22m[2mProperty 10.10: Role hierarchy cache should respect TTL settings
[22m[39mGoTrueClient@sb-bgxknceshxxifwytalex-auth-token:0 (2.93.3) 2026-02-02T15:20:22.951Z #_acquireLock lock released for storage key sb-bgxknceshxxifwytalex-auth-token

[90mstdout[2m | tests/property/scoped-roles-processing-efficiency.test.ts[2m > [22m[2mProperty 10: Scoped Roles Processing Efficiency[2m > [22m[2mProperty 10.10: Role hierarchy cache should respect TTL settings
[22m[39mGoTrueClient@sb-bgxknceshxxifwytalex-auth-token:0 (2.93.3) 2026-02-02T15:20:22.951Z #_acquireLock end

stderr | tests/property/scoped-roles-processing-efficiency.test.ts > Property 10: Scoped Roles Processing Efficiency > Property 10.10: Role hierarchy cache should respect TTL settings
Error fetching project roles: {
  code: 'PGRST200',
  details: "Searched for a foreign key relationship between 'project_roles' and 'user_profiles' in the schema 'public', but no matches were found.",
  hint: null,
  message: "Could not find a relationship between 'project_roles' and 'user_profiles' in the schema cache"
}

[90mstdout[2m | tests/property/scoped-roles-processing-efficiency.test.ts[2m > [22m[2mProperty 10: Scoped Roles Processing Efficiency[2m > [22m[2mProperty 10.10: Role hierarchy cache should respect TTL settings
[22m[39mGoTrueClient@sb-bgxknceshxxifwytalex-auth-token:0 (2.93.3) 2026-02-02T15:20:22.996Z #_acquireLock begin [33m10000[39m
GoTrueClient@sb-bgxknceshxxifwytalex-auth-token:0 (2.93.3) 2026-02-02T15:20:22.996Z #_acquireLock lock acquired for storage key sb-bgxknceshxxifwytalex-auth-token
GoTrueClient@sb-bgxknceshxxifwytalex-auth-token:0 (2.93.3) 2026-02-02T15:20:22.996Z #_useSession begin
GoTrueClient@sb-bgxknceshxxifwytalex-auth-token:0 (2.93.3) 2026-02-02T15:20:22.996Z #__loadSession() begin

[90mstdout[2m | tests/property/scoped-roles-processing-efficiency.test.ts[2m > [22m[2mProperty 10: Scoped Roles Processing Efficiency[2m > [22m[2mProperty 10.10: Role hierarchy cache should respect TTL settings
[22m[39mGoTrueClient@sb-bgxknceshxxifwytalex-auth-token:0 (2.93.3) 2026-02-02T15:20:22.996Z #getSession() session from storage [1mnull[22m
GoTrueClient@sb-bgxknceshxxifwytalex-auth-token:0 (2.93.3) 2026-02-02T15:20:22.996Z #__loadSession() end

[90mstdout[2m | tests/property/scoped-roles-processing-efficiency.test.ts[2m > [22m[2mProperty 10: Scoped Roles Processing Efficiency[2m > [22m[2mProperty 10.10: Role hierarchy cache should respect TTL settings
[22m[39mGoTrueClient@sb-bgxknceshxxifwytalex-auth-token:0 (2.93.3) 2026-02-02T15:20:22.996Z #_useSession end

[90mstdout[2m | tests/property/scoped-roles-processing-efficiency.test.ts[2m > [22m[2mProperty 10: Scoped Roles Processing Efficiency[2m > [22m[2mProperty 10.10: Role hierarchy cache should respect TTL settings
[22m[39mGoTrueClient@sb-bgxknceshxxifwytalex-auth-token:0 (2.93.3) 2026-02-02T15:20:22.996Z #_acquireLock lock released for storage key sb-bgxknceshxxifwytalex-auth-token

[90mstdout[2m | tests/property/scoped-roles-processing-efficiency.test.ts[2m > [22m[2mProperty 10: Scoped Roles Processing Efficiency[2m > [22m[2mProperty 10.10: Role hierarchy cache should respect TTL settings
[22m[39mGoTrueClient@sb-bgxknceshxxifwytalex-auth-token:0 (2.93.3) 2026-02-02T15:20:22.997Z #_acquireLock end

stderr | tests/property/scoped-roles-processing-efficiency.test.ts > Property 10: Scoped Roles Processing Efficiency > Property 10.10: Role hierarchy cache should respect TTL settings
Error fetching org roles: {
  code: 'PGRST200',
  details: "Searched for a foreign key relationship between 'org_roles' and 'user_profiles' in the schema 'public', but no matches were found.",
  hint: null,
  message: "Could not find a relationship between 'org_roles' and 'user_profiles' in the schema cache"
}

[90mstdout[2m | tests/property/scoped-roles-processing-efficiency.test.ts[2m > [22m[2mProperty 10: Scoped Roles Processing Efficiency[2m > [22m[2mProperty 10.10: Role hierarchy cache should respect TTL settings
[22m[39mGoTrueClient@sb-bgxknceshxxifwytalex-auth-token:0 (2.93.3) 2026-02-02T15:20:23.028Z #_acquireLock begin [33m10000[39m
GoTrueClient@sb-bgxknceshxxifwytalex-auth-token:0 (2.93.3) 2026-02-02T15:20:23.028Z #_acquireLock lock acquired for storage key sb-bgxknceshxxifwytalex-auth-token
GoTrueClient@sb-bgxknceshxxifwytalex-auth-token:0 (2.93.3) 2026-02-02T15:20:23.028Z #_useSession begin
GoTrueClient@sb-bgxknceshxxifwytalex-auth-token:0 (2.93.3) 2026-02-02T15:20:23.028Z #__loadSession() begin

[90mstdout[2m | tests/property/scoped-roles-processing-efficiency.test.ts[2m > [22m[2mProperty 10: Scoped Roles Processing Efficiency[2m > [22m[2mProperty 10.10: Role hierarchy cache should respect TTL settings
[22m[39mGoTrueClient@sb-bgxknceshxxifwytalex-auth-token:0 (2.93.3) 2026-02-02T15:20:23.028Z #getSession() session from storage [1mnull[22m
GoTrueClient@sb-bgxknceshxxifwytalex-auth-token:0 (2.93.3) 2026-02-02T15:20:23.028Z #__loadSession() end

[90mstdout[2m | tests/property/scoped-roles-processing-efficiency.test.ts[2m > [22m[2mProperty 10: Scoped Roles Processing Efficiency[2m > [22m[2mProperty 10.10: Role hierarchy cache should respect TTL settings
[22m[39mGoTrueClient@sb-bgxknceshxxifwytalex-auth-token:0 (2.93.3) 2026-02-02T15:20:23.028Z #_useSession end

[90mstdout[2m | tests/property/scoped-roles-processing-efficiency.test.ts[2m > [22m[2mProperty 10: Scoped Roles Processing Efficiency[2m > [22m[2mProperty 10.10: Role hierarchy cache should respect TTL settings
[22m[39mGoTrueClient@sb-bgxknceshxxifwytalex-auth-token:0 (2.93.3) 2026-02-02T15:20:23.029Z #_acquireLock lock released for storage key sb-bgxknceshxxifwytalex-auth-token

[90mstdout[2m | tests/property/scoped-roles-processing-efficiency.test.ts[2m > [22m[2mProperty 10: Scoped Roles Processing Efficiency[2m > [22m[2mProperty 10.10: Role hierarchy cache should respect TTL settings
[22m[39mGoTrueClient@sb-bgxknceshxxifwytalex-auth-token:0 (2.93.3) 2026-02-02T15:20:23.029Z #_acquireLock end

[90mstdout[2m | tests/property/scoped-roles-processing-efficiency.test.ts[2m > [22m[2mProperty 10: Scoped Roles Processing Efficiency[2m > [22m[2mProperty 10.10: Role hierarchy cache should respect TTL settings
[22m[39mGoTrueClient@sb-bgxknceshxxifwytalex-auth-token:0 (2.93.3) 2026-02-02T15:20:23.061Z #_acquireLock begin [33m10000[39m
GoTrueClient@sb-bgxknceshxxifwytalex-auth-token:0 (2.93.3) 2026-02-02T15:20:23.061Z #_acquireLock lock acquired for storage key sb-bgxknceshxxifwytalex-auth-token
GoTrueClient@sb-bgxknceshxxifwytalex-auth-token:0 (2.93.3) 2026-02-02T15:20:23.061Z #_useSession begin
GoTrueClient@sb-bgxknceshxxifwytalex-auth-token:0 (2.93.3) 2026-02-02T15:20:23.061Z #__loadSession() begin

[90mstdout[2m | tests/property/scoped-roles-processing-efficiency.test.ts[2m > [22m[2mProperty 10: Scoped Roles Processing Efficiency[2m > [22m[2mProperty 10.10: Role hierarchy cache should respect TTL settings
[22m[39mGoTrueClient@sb-bgxknceshxxifwytalex-auth-token:0 (2.93.3) 2026-02-02T15:20:23.061Z #getSession() session from storage [1mnull[22m
GoTrueClient@sb-bgxknceshxxifwytalex-auth-token:0 (2.93.3) 2026-02-02T15:20:23.061Z #__loadSession() end

[90mstdout[2m | tests/property/scoped-roles-processing-efficiency.test.ts[2m > [22m[2mProperty 10: Scoped Roles Processing Efficiency[2m > [22m[2mProperty 10.10: Role hierarchy cache should respect TTL settings
[22m[39mGoTrueClient@sb-bgxknceshxxifwytalex-auth-token:0 (2.93.3) 2026-02-02T15:20:23.061Z #_useSession end

[90mstdout[2m | tests/property/scoped-roles-processing-efficiency.test.ts[2m > [22m[2mProperty 10: Scoped Roles Processing Efficiency[2m > [22m[2mProperty 10.10: Role hierarchy cache should respect TTL settings
[22m[39mGoTrueClient@sb-bgxknceshxxifwytalex-auth-token:0 (2.93.3) 2026-02-02T15:20:23.061Z #_acquireLock lock released for storage key sb-bgxknceshxxifwytalex-auth-token

[90mstdout[2m | tests/property/scoped-roles-processing-efficiency.test.ts[2m > [22m[2mProperty 10: Scoped Roles Processing Efficiency[2m > [22m[2mProperty 10.10: Role hierarchy cache should respect TTL settings
[22m[39mGoTrueClient@sb-bgxknceshxxifwytalex-auth-token:0 (2.93.3) 2026-02-02T15:20:23.061Z #_acquireLock end

stderr | tests/property/scoped-roles-processing-efficiency.test.ts > Property 10: Scoped Roles Processing Efficiency > Property 10.10: Role hierarchy cache should respect TTL settings
Error fetching org roles: {
  code: 'PGRST200',
  details: "Searched for a foreign key relationship between 'org_roles' and 'user_profiles' in the schema 'public', but no matches were found.",
  hint: null,
  message: "Could not find a relationship between 'org_roles' and 'user_profiles' in the schema cache"
}

[90mstdout[2m | tests/property/scoped-roles-processing-efficiency.test.ts[2m > [22m[2mProperty 10: Scoped Roles Processing Efficiency[2m > [22m[2mProperty 10.10: Role hierarchy cache should respect TTL settings
[22m[39mGoTrueClient@sb-bgxknceshxxifwytalex-auth-token:0 (2.93.3) 2026-02-02T15:20:23.067Z #_acquireLock begin [33m10000[39m
GoTrueClient@sb-bgxknceshxxifwytalex-auth-token:0 (2.93.3) 2026-02-02T15:20:23.068Z #_acquireLock lock acquired for storage key sb-bgxknceshxxifwytalex-auth-token
GoTrueClient@sb-bgxknceshxxifwytalex-auth-token:0 (2.93.3) 2026-02-02T15:20:23.068Z #_useSession begin
GoTrueClient@sb-bgxknceshxxifwytalex-auth-token:0 (2.93.3) 2026-02-02T15:20:23.068Z #__loadSession() begin

[90mstdout[2m | tests/property/scoped-roles-processing-efficiency.test.ts[2m > [22m[2mProperty 10: Scoped Roles Processing Efficiency[2m > [22m[2mProperty 10.10: Role hierarchy cache should respect TTL settings
[22m[39mGoTrueClient@sb-bgxknceshxxifwytalex-auth-token:0 (2.93.3) 2026-02-02T15:20:23.068Z #getSession() session from storage [1mnull[22m
GoTrueClient@sb-bgxknceshxxifwytalex-auth-token:0 (2.93.3) 2026-02-02T15:20:23.068Z #__loadSession() end

[90mstdout[2m | tests/property/scoped-roles-processing-efficiency.test.ts[2m > [22m[2mProperty 10: Scoped Roles Processing Efficiency[2m > [22m[2mProperty 10.10: Role hierarchy cache should respect TTL settings
[22m[39mGoTrueClient@sb-bgxknceshxxifwytalex-auth-token:0 (2.93.3) 2026-02-02T15:20:23.068Z #_useSession end

[90mstdout[2m | tests/property/scoped-roles-processing-efficiency.test.ts[2m > [22m[2mProperty 10: Scoped Roles Processing Efficiency[2m > [22m[2mProperty 10.10: Role hierarchy cache should respect TTL settings
[22m[39mGoTrueClient@sb-bgxknceshxxifwytalex-auth-token:0 (2.93.3) 2026-02-02T15:20:23.068Z #_acquireLock lock released for storage key sb-bgxknceshxxifwytalex-auth-token

[90mstdout[2m | tests/property/scoped-roles-processing-efficiency.test.ts[2m > [22m[2mProperty 10: Scoped Roles Processing Efficiency[2m > [22m[2mProperty 10.10: Role hierarchy cache should respect TTL settings
[22m[39mGoTrueClient@sb-bgxknceshxxifwytalex-auth-token:0 (2.93.3) 2026-02-02T15:20:23.068Z #_acquireLock end

stderr | tests/property/scoped-roles-processing-efficiency.test.ts > Property 10: Scoped Roles Processing Efficiency > Property 10.10: Role hierarchy cache should respect TTL settings
Error fetching project roles: {
  code: 'PGRST200',
  details: "Searched for a foreign key relationship between 'project_roles' and 'user_profiles' in the schema 'public', but no matches were found.",
  hint: null,
  message: "Could not find a relationship between 'project_roles' and 'user_profiles' in the schema cache"
}

[90mstdout[2m | tests/property/scoped-roles-processing-efficiency.test.ts[2m > [22m[2mProperty 10: Scoped Roles Processing Efficiency[2m > [22m[2mProperty 10.10: Role hierarchy cache should respect TTL settings
[22m[39mGoTrueClient@sb-bgxknceshxxifwytalex-auth-token:0 (2.93.3) 2026-02-02T15:20:23.087Z #_acquireLock begin [33m10000[39m
GoTrueClient@sb-bgxknceshxxifwytalex-auth-token:0 (2.93.3) 2026-02-02T15:20:23.087Z #_acquireLock lock acquired for storage key sb-bgxknceshxxifwytalex-auth-token
GoTrueClient@sb-bgxknceshxxifwytalex-auth-token:0 (2.93.3) 2026-02-02T15:20:23.087Z #_useSession begin
GoTrueClient@sb-bgxknceshxxifwytalex-auth-token:0 (2.93.3) 2026-02-02T15:20:23.087Z #__loadSession() begin

[90mstdout[2m | tests/property/scoped-roles-processing-efficiency.test.ts[2m > [22m[2mProperty 10: Scoped Roles Processing Efficiency[2m > [22m[2mProperty 10.10: Role hierarchy cache should respect TTL settings
[22m[39mGoTrueClient@sb-bgxknceshxxifwytalex-auth-token:0 (2.93.3) 2026-02-02T15:20:23.087Z #getSession() session from storage [1mnull[22m
GoTrueClient@sb-bgxknceshxxifwytalex-auth-token:0 (2.93.3) 2026-02-02T15:20:23.087Z #__loadSession() end

[90mstdout[2m | tests/property/scoped-roles-processing-efficiency.test.ts[2m > [22m[2mProperty 10: Scoped Roles Processing Efficiency[2m > [22m[2mProperty 10.10: Role hierarchy cache should respect TTL settings
[22m[39mGoTrueClient@sb-bgxknceshxxifwytalex-auth-token:0 (2.93.3) 2026-02-02T15:20:23.088Z #_useSession end

[90mstdout[2m | tests/property/scoped-roles-processing-efficiency.test.ts[2m > [22m[2mProperty 10: Scoped Roles Processing Efficiency[2m > [22m[2mProperty 10.10: Role hierarchy cache should respect TTL settings
[22m[39mGoTrueClient@sb-bgxknceshxxifwytalex-auth-token:0 (2.93.3) 2026-02-02T15:20:23.088Z #_acquireLock lock released for storage key sb-bgxknceshxxifwytalex-auth-token

[90mstdout[2m | tests/property/scoped-roles-processing-efficiency.test.ts[2m > [22m[2mProperty 10: Scoped Roles Processing Efficiency[2m > [22m[2mProperty 10.10: Role hierarchy cache should respect TTL settings
[22m[39mGoTrueClient@sb-bgxknceshxxifwytalex-auth-token:0 (2.93.3) 2026-02-02T15:20:23.088Z #_acquireLock end

stderr | tests/property/scoped-roles-processing-efficiency.test.ts > Property 10: Scoped Roles Processing Efficiency > Property 10.10: Role hierarchy cache should respect TTL settings
Error fetching project roles: {
  code: 'PGRST200',
  details: "Searched for a foreign key relationship between 'project_roles' and 'user_profiles' in the schema 'public', but no matches were found.",
  hint: null,
  message: "Could not find a relationship between 'project_roles' and 'user_profiles' in the schema cache"
}

[90mstdout[2m | tests/property/scoped-roles-processing-efficiency.test.ts[2m > [22m[2mProperty 10: Scoped Roles Processing Efficiency[2m > [22m[2mProperty 10.10: Role hierarchy cache should respect TTL settings
[22m[39mGoTrueClient@sb-bgxknceshxxifwytalex-auth-token:0 (2.93.3) 2026-02-02T15:20:23.154Z #_acquireLock begin [33m10000[39m
GoTrueClient@sb-bgxknceshxxifwytalex-auth-token:0 (2.93.3) 2026-02-02T15:20:23.154Z #_acquireLock lock acquired for storage key sb-bgxknceshxxifwytalex-auth-token
GoTrueClient@sb-bgxknceshxxifwytalex-auth-token:0 (2.93.3) 2026-02-02T15:20:23.154Z #_useSession begin
GoTrueClient@sb-bgxknceshxxifwytalex-auth-token:0 (2.93.3) 2026-02-02T15:20:23.154Z #__loadSession() begin

[90mstdout[2m | tests/property/scoped-roles-processing-efficiency.test.ts[2m > [22m[2mProperty 10: Scoped Roles Processing Efficiency[2m > [22m[2mProperty 10.10: Role hierarchy cache should respect TTL settings
[22m[39mGoTrueClient@sb-bgxknceshxxifwytalex-auth-token:0 (2.93.3) 2026-02-02T15:20:23.155Z #getSession() session from storage [1mnull[22m
GoTrueClient@sb-bgxknceshxxifwytalex-auth-token:0 (2.93.3) 2026-02-02T15:20:23.155Z #__loadSession() end

[90mstdout[2m | tests/property/scoped-roles-processing-efficiency.test.ts[2m > [22m[2mProperty 10: Scoped Roles Processing Efficiency[2m > [22m[2mProperty 10.10: Role hierarchy cache should respect TTL settings
[22m[39mGoTrueClient@sb-bgxknceshxxifwytalex-auth-token:0 (2.93.3) 2026-02-02T15:20:23.155Z #_useSession end

[90mstdout[2m | tests/property/scoped-roles-processing-efficiency.test.ts[2m > [22m[2mProperty 10: Scoped Roles Processing Efficiency[2m > [22m[2mProperty 10.10: Role hierarchy cache should respect TTL settings
[22m[39mGoTrueClient@sb-bgxknceshxxifwytalex-auth-token:0 (2.93.3) 2026-02-02T15:20:23.155Z #_acquireLock lock released for storage key sb-bgxknceshxxifwytalex-auth-token

[90mstdout[2m | tests/property/scoped-roles-processing-efficiency.test.ts[2m > [22m[2mProperty 10: Scoped Roles Processing Efficiency[2m > [22m[2mProperty 10.10: Role hierarchy cache should respect TTL settings
[22m[39mGoTrueClient@sb-bgxknceshxxifwytalex-auth-token:0 (2.93.3) 2026-02-02T15:20:23.155Z #_acquireLock end

stderr | tests/property/scoped-roles-processing-efficiency.test.ts > Property 10: Scoped Roles Processing Efficiency > Property 10.10: Role hierarchy cache should respect TTL settings
Error fetching org roles: {
  code: 'PGRST200',
  details: "Searched for a foreign key relationship between 'org_roles' and 'user_profiles' in the schema 'public', but no matches were found.",
  hint: null,
  message: "Could not find a relationship between 'org_roles' and 'user_profiles' in the schema cache"
}

[90mstdout[2m | tests/property/scoped-roles-processing-efficiency.test.ts[2m > [22m[2mProperty 10: Scoped Roles Processing Efficiency[2m > [22m[2mProperty 10.10: Role hierarchy cache should respect TTL settings
[22m[39mGoTrueClient@sb-bgxknceshxxifwytalex-auth-token:0 (2.93.3) 2026-02-02T15:20:23.166Z #_acquireLock begin [33m10000[39m
GoTrueClient@sb-bgxknceshxxifwytalex-auth-token:0 (2.93.3) 2026-02-02T15:20:23.166Z #_acquireLock lock acquired for storage key sb-bgxknceshxxifwytalex-auth-token
GoTrueClient@sb-bgxknceshxxifwytalex-auth-token:0 (2.93.3) 2026-02-02T15:20:23.166Z #_useSession begin
GoTrueClient@sb-bgxknceshxxifwytalex-auth-token:0 (2.93.3) 2026-02-02T15:20:23.166Z #__loadSession() begin

[90mstdout[2m | tests/property/scoped-roles-processing-efficiency.test.ts[2m > [22m[2mProperty 10: Scoped Roles Processing Efficiency[2m > [22m[2mProperty 10.10: Role hierarchy cache should respect TTL settings
[22m[39mGoTrueClient@sb-bgxknceshxxifwytalex-auth-token:0 (2.93.3) 2026-02-02T15:20:23.166Z #getSession() session from storage [1mnull[22m
GoTrueClient@sb-bgxknceshxxifwytalex-auth-token:0 (2.93.3) 2026-02-02T15:20:23.166Z #__loadSession() end

[90mstdout[2m | tests/property/scoped-roles-processing-efficiency.test.ts[2m > [22m[2mProperty 10: Scoped Roles Processing Efficiency[2m > [22m[2mProperty 10.10: Role hierarchy cache should respect TTL settings
[22m[39mGoTrueClient@sb-bgxknceshxxifwytalex-auth-token:0 (2.93.3) 2026-02-02T15:20:23.166Z #_useSession end

[90mstdout[2m | tests/property/scoped-roles-processing-efficiency.test.ts[2m > [22m[2mProperty 10: Scoped Roles Processing Efficiency[2m > [22m[2mProperty 10.10: Role hierarchy cache should respect TTL settings
[22m[39mGoTrueClient@sb-bgxknceshxxifwytalex-auth-token:0 (2.93.3) 2026-02-02T15:20:23.166Z #_acquireLock lock released for storage key sb-bgxknceshxxifwytalex-auth-token

[90mstdout[2m | tests/property/scoped-roles-processing-efficiency.test.ts[2m > [22m[2mProperty 10: Scoped Roles Processing Efficiency[2m > [22m[2mProperty 10.10: Role hierarchy cache should respect TTL settings
[22m[39mGoTrueClient@sb-bgxknceshxxifwytalex-auth-token:0 (2.93.3) 2026-02-02T15:20:23.166Z #_acquireLock end

stderr | tests/property/scoped-roles-processing-efficiency.test.ts > Property 10: Scoped Roles Processing Efficiency > Property 10.10: Role hierarchy cache should respect TTL settings
Error fetching project roles: {
  code: 'PGRST200',
  details: "Searched for a foreign key relationship between 'project_roles' and 'user_profiles' in the schema 'public', but no matches were found.",
  hint: null,
  message: "Could not find a relationship between 'project_roles' and 'user_profiles' in the schema cache"
}

[90mstdout[2m | tests/property/scoped-roles-processing-efficiency.test.ts[2m > [22m[2mProperty 10: Scoped Roles Processing Efficiency[2m > [22m[2mProperty 10.10: Role hierarchy cache should respect TTL settings
[22m[39mGoTrueClient@sb-bgxknceshxxifwytalex-auth-token:0 (2.93.3) 2026-02-02T15:20:23.210Z #_acquireLock begin [33m10000[39m
GoTrueClient@sb-bgxknceshxxifwytalex-auth-token:0 (2.93.3) 2026-02-02T15:20:23.210Z #_acquireLock lock acquired for storage key sb-bgxknceshxxifwytalex-auth-token
GoTrueClient@sb-bgxknceshxxifwytalex-auth-token:0 (2.93.3) 2026-02-02T15:20:23.210Z #_useSession begin
GoTrueClient@sb-bgxknceshxxifwytalex-auth-token:0 (2.93.3) 2026-02-02T15:20:23.210Z #__loadSession() begin

[90mstdout[2m | tests/property/scoped-roles-processing-efficiency.test.ts[2m > [22m[2mProperty 10: Scoped Roles Processing Efficiency[2m > [22m[2mProperty 10.10: Role hierarchy cache should respect TTL settings
[22m[39mGoTrueClient@sb-bgxknceshxxifwytalex-auth-token:0 (2.93.3) 2026-02-02T15:20:23.210Z #getSession() session from storage [1mnull[22m
GoTrueClient@sb-bgxknceshxxifwytalex-auth-token:0 (2.93.3) 2026-02-02T15:20:23.210Z #__loadSession() end

[90mstdout[2m | tests/property/scoped-roles-processing-efficiency.test.ts[2m > [22m[2mProperty 10: Scoped Roles Processing Efficiency[2m > [22m[2mProperty 10.10: Role hierarchy cache should respect TTL settings
[22m[39mGoTrueClient@sb-bgxknceshxxifwytalex-auth-token:0 (2.93.3) 2026-02-02T15:20:23.210Z #_useSession end

[90mstdout[2m | tests/property/scoped-roles-processing-efficiency.test.ts[2m > [22m[2mProperty 10: Scoped Roles Processing Efficiency[2m > [22m[2mProperty 10.10: Role hierarchy cache should respect TTL settings
[22m[39mGoTrueClient@sb-bgxknceshxxifwytalex-auth-token:0 (2.93.3) 2026-02-02T15:20:23.210Z #_acquireLock lock released for storage key sb-bgxknceshxxifwytalex-auth-token

[90mstdout[2m | tests/property/scoped-roles-processing-efficiency.test.ts[2m > [22m[2mProperty 10: Scoped Roles Processing Efficiency[2m > [22m[2mProperty 10.10: Role hierarchy cache should respect TTL settings
[22m[39mGoTrueClient@sb-bgxknceshxxifwytalex-auth-token:0 (2.93.3) 2026-02-02T15:20:23.210Z #_acquireLock end

stderr | tests/property/scoped-roles-processing-efficiency.test.ts > Property 10: Scoped Roles Processing Efficiency > Property 10.10: Role hierarchy cache should respect TTL settings
Error fetching org roles: {
  code: 'PGRST200',
  details: "Searched for a foreign key relationship between 'org_roles' and 'user_profiles' in the schema 'public', but no matches were found.",
  hint: null,
  message: "Could not find a relationship between 'org_roles' and 'user_profiles' in the schema cache"
}

[90mstdout[2m | tests/property/scoped-roles-processing-efficiency.test.ts[2m > [22m[2mProperty 10: Scoped Roles Processing Efficiency[2m > [22m[2mProperty 10.10: Role hierarchy cache should respect TTL settings
[22m[39mGoTrueClient@sb-bgxknceshxxifwytalex-auth-token:0 (2.93.3) 2026-02-02T15:20:23.236Z #_acquireLock begin [33m10000[39m
GoTrueClient@sb-bgxknceshxxifwytalex-auth-token:0 (2.93.3) 2026-02-02T15:20:23.236Z #_acquireLock lock acquired for storage key sb-bgxknceshxxifwytalex-auth-token
GoTrueClient@sb-bgxknceshxxifwytalex-auth-token:0 (2.93.3) 2026-02-02T15:20:23.236Z #_useSession begin
GoTrueClient@sb-bgxknceshxxifwytalex-auth-token:0 (2.93.3) 2026-02-02T15:20:23.236Z #__loadSession() begin

[90mstdout[2m | tests/property/scoped-roles-processing-efficiency.test.ts[2m > [22m[2mProperty 10: Scoped Roles Processing Efficiency[2m > [22m[2mProperty 10.10: Role hierarchy cache should respect TTL settings
[22m[39mGoTrueClient@sb-bgxknceshxxifwytalex-auth-token:0 (2.93.3) 2026-02-02T15:20:23.236Z #getSession() session from storage [1mnull[22m
GoTrueClient@sb-bgxknceshxxifwytalex-auth-token:0 (2.93.3) 2026-02-02T15:20:23.236Z #__loadSession() end

[90mstdout[2m | tests/property/scoped-roles-processing-efficiency.test.ts[2m > [22m[2mProperty 10: Scoped Roles Processing Efficiency[2m > [22m[2mProperty 10.10: Role hierarchy cache should respect TTL settings
[22m[39mGoTrueClient@sb-bgxknceshxxifwytalex-auth-token:0 (2.93.3) 2026-02-02T15:20:23.236Z #_useSession end

[90mstdout[2m | tests/property/scoped-roles-processing-efficiency.test.ts[2m > [22m[2mProperty 10: Scoped Roles Processing Efficiency[2m > [22m[2mProperty 10.10: Role hierarchy cache should respect TTL settings
[22m[39mGoTrueClient@sb-bgxknceshxxifwytalex-auth-token:0 (2.93.3) 2026-02-02T15:20:23.236Z #_acquireLock lock released for storage key sb-bgxknceshxxifwytalex-auth-token

[90mstdout[2m | tests/property/scoped-roles-processing-efficiency.test.ts[2m > [22m[2mProperty 10: Scoped Roles Processing Efficiency[2m > [22m[2mProperty 10.10: Role hierarchy cache should respect TTL settings
[22m[39mGoTrueClient@sb-bgxknceshxxifwytalex-auth-token:0 (2.93.3) 2026-02-02T15:20:23.237Z #_acquireLock end

stderr | tests/property/scoped-roles-processing-efficiency.test.ts > Property 10: Scoped Roles Processing Efficiency > Property 10.10: Role hierarchy cache should respect TTL settings
Error fetching org roles: {
  code: 'PGRST200',
  details: "Searched for a foreign key relationship between 'org_roles' and 'user_profiles' in the schema 'public', but no matches were found.",
  hint: null,
  message: "Could not find a relationship between 'org_roles' and 'user_profiles' in the schema cache"
}

[90mstdout[2m | tests/property/scoped-roles-processing-efficiency.test.ts[2m > [22m[2mProperty 10: Scoped Roles Processing Efficiency[2m > [22m[2mProperty 10.10: Role hierarchy cache should respect TTL settings
[22m[39mGoTrueClient@sb-bgxknceshxxifwytalex-auth-token:0 (2.93.3) 2026-02-02T15:20:23.278Z #_acquireLock begin [33m10000[39m
GoTrueClient@sb-bgxknceshxxifwytalex-auth-token:0 (2.93.3) 2026-02-02T15:20:23.278Z #_acquireLock lock acquired for storage key sb-bgxknceshxxifwytalex-auth-token
GoTrueClient@sb-bgxknceshxxifwytalex-auth-token:0 (2.93.3) 2026-02-02T15:20:23.278Z #_useSession begin
GoTrueClient@sb-bgxknceshxxifwytalex-auth-token:0 (2.93.3) 2026-02-02T15:20:23.278Z #__loadSession() begin

[90mstdout[2m | tests/property/scoped-roles-processing-efficiency.test.ts[2m > [22m[2mProperty 10: Scoped Roles Processing Efficiency[2m > [22m[2mProperty 10.10: Role hierarchy cache should respect TTL settings
[22m[39mGoTrueClient@sb-bgxknceshxxifwytalex-auth-token:0 (2.93.3) 2026-02-02T15:20:23.278Z #getSession() session from storage [1mnull[22m
GoTrueClient@sb-bgxknceshxxifwytalex-auth-token:0 (2.93.3) 2026-02-02T15:20:23.278Z #__loadSession() end

[90mstdout[2m | tests/property/scoped-roles-processing-efficiency.test.ts[2m > [22m[2mProperty 10: Scoped Roles Processing Efficiency[2m > [22m[2mProperty 10.10: Role hierarchy cache should respect TTL settings
[22m[39mGoTrueClient@sb-bgxknceshxxifwytalex-auth-token:0 (2.93.3) 2026-02-02T15:20:23.278Z #_useSession end

[90mstdout[2m | tests/property/scoped-roles-processing-efficiency.test.ts[2m > [22m[2mProperty 10: Scoped Roles Processing Efficiency[2m > [22m[2mProperty 10.10: Role hierarchy cache should respect TTL settings
[22m[39mGoTrueClient@sb-bgxknceshxxifwytalex-auth-token:0 (2.93.3) 2026-02-02T15:20:23.278Z #_acquireLock lock released for storage key sb-bgxknceshxxifwytalex-auth-token

[90mstdout[2m | tests/property/scoped-roles-processing-efficiency.test.ts[2m > [22m[2mProperty 10: Scoped Roles Processing Efficiency[2m > [22m[2mProperty 10.10: Role hierarchy cache should respect TTL settings
[22m[39mGoTrueClient@sb-bgxknceshxxifwytalex-auth-token:0 (2.93.3) 2026-02-02T15:20:23.278Z #_acquireLock end

[90mstdout[2m | tests/property/scoped-roles-processing-efficiency.test.ts[2m > [22m[2mProperty 10: Scoped Roles Processing Efficiency[2m > [22m[2mProperty 10.10: Role hierarchy cache should respect TTL settings
[22m[39mGoTrueClient@sb-bgxknceshxxifwytalex-auth-token:0 (2.93.3) 2026-02-02T15:20:23.281Z #_acquireLock begin [33m10000[39m
GoTrueClient@sb-bgxknceshxxifwytalex-auth-token:0 (2.93.3) 2026-02-02T15:20:23.281Z #_acquireLock lock acquired for storage key sb-bgxknceshxxifwytalex-auth-token
GoTrueClient@sb-bgxknceshxxifwytalex-auth-token:0 (2.93.3) 2026-02-02T15:20:23.281Z #_useSession begin
GoTrueClient@sb-bgxknceshxxifwytalex-auth-token:0 (2.93.3) 2026-02-02T15:20:23.281Z #__loadSession() begin

[90mstdout[2m | tests/property/scoped-roles-processing-efficiency.test.ts[2m > [22m[2mProperty 10: Scoped Roles Processing Efficiency[2m > [22m[2mProperty 10.10: Role hierarchy cache should respect TTL settings
[22m[39mGoTrueClient@sb-bgxknceshxxifwytalex-auth-token:0 (2.93.3) 2026-02-02T15:20:23.281Z #getSession() session from storage [1mnull[22m
GoTrueClient@sb-bgxknceshxxifwytalex-auth-token:0 (2.93.3) 2026-02-02T15:20:23.281Z #__loadSession() end

[90mstdout[2m | tests/property/scoped-roles-processing-efficiency.test.ts[2m > [22m[2mProperty 10: Scoped Roles Processing Efficiency[2m > [22m[2mProperty 10.10: Role hierarchy cache should respect TTL settings
[22m[39mGoTrueClient@sb-bgxknceshxxifwytalex-auth-token:0 (2.93.3) 2026-02-02T15:20:23.281Z #_useSession end

[90mstdout[2m | tests/property/scoped-roles-processing-efficiency.test.ts[2m > [22m[2mProperty 10: Scoped Roles Processing Efficiency[2m > [22m[2mProperty 10.10: Role hierarchy cache should respect TTL settings
[22m[39mGoTrueClient@sb-bgxknceshxxifwytalex-auth-token:0 (2.93.3) 2026-02-02T15:20:23.281Z #_acquireLock lock released for storage key sb-bgxknceshxxifwytalex-auth-token

[90mstdout[2m | tests/property/scoped-roles-processing-efficiency.test.ts[2m > [22m[2mProperty 10: Scoped Roles Processing Efficiency[2m > [22m[2mProperty 10.10: Role hierarchy cache should respect TTL settings
[22m[39mGoTrueClient@sb-bgxknceshxxifwytalex-auth-token:0 (2.93.3) 2026-02-02T15:20:23.281Z #_acquireLock end

stderr | tests/property/scoped-roles-processing-efficiency.test.ts > Property 10: Scoped Roles Processing Efficiency > Property 10.10: Role hierarchy cache should respect TTL settings
Error fetching org roles: {
  code: 'PGRST200',
  details: "Searched for a foreign key relationship between 'org_roles' and 'user_profiles' in the schema 'public', but no matches were found.",
  hint: null,
  message: "Could not find a relationship between 'org_roles' and 'user_profiles' in the schema cache"
}

[90mstdout[2m | tests/property/scoped-roles-processing-efficiency.test.ts[2m > [22m[2mProperty 10: Scoped Roles Processing Efficiency[2m > [22m[2mProperty 10.10: Role hierarchy cache should respect TTL settings
[22m[39mGoTrueClient@sb-bgxknceshxxifwytalex-auth-token:0 (2.93.3) 2026-02-02T15:20:23.285Z #_acquireLock begin [33m10000[39m
GoTrueClient@sb-bgxknceshxxifwytalex-auth-token:0 (2.93.3) 2026-02-02T15:20:23.285Z #_acquireLock lock acquired for storage key sb-bgxknceshxxifwytalex-auth-token
GoTrueClient@sb-bgxknceshxxifwytalex-auth-token:0 (2.93.3) 2026-02-02T15:20:23.285Z #_useSession begin
GoTrueClient@sb-bgxknceshxxifwytalex-auth-token:0 (2.93.3) 2026-02-02T15:20:23.285Z #__loadSession() begin

[90mstdout[2m | tests/property/scoped-roles-processing-efficiency.test.ts[2m > [22m[2mProperty 10: Scoped Roles Processing Efficiency[2m > [22m[2mProperty 10.10: Role hierarchy cache should respect TTL settings
[22m[39mGoTrueClient@sb-bgxknceshxxifwytalex-auth-token:0 (2.93.3) 2026-02-02T15:20:23.285Z #getSession() session from storage [1mnull[22m
GoTrueClient@sb-bgxknceshxxifwytalex-auth-token:0 (2.93.3) 2026-02-02T15:20:23.285Z #__loadSession() end

[90mstdout[2m | tests/property/scoped-roles-processing-efficiency.test.ts[2m > [22m[2mProperty 10: Scoped Roles Processing Efficiency[2m > [22m[2mProperty 10.10: Role hierarchy cache should respect TTL settings
[22m[39mGoTrueClient@sb-bgxknceshxxifwytalex-auth-token:0 (2.93.3) 2026-02-02T15:20:23.285Z #_useSession end

[90mstdout[2m | tests/property/scoped-roles-processing-efficiency.test.ts[2m > [22m[2mProperty 10: Scoped Roles Processing Efficiency[2m > [22m[2mProperty 10.10: Role hierarchy cache should respect TTL settings
[22m[39mGoTrueClient@sb-bgxknceshxxifwytalex-auth-token:0 (2.93.3) 2026-02-02T15:20:23.285Z #_acquireLock lock released for storage key sb-bgxknceshxxifwytalex-auth-token

[90mstdout[2m | tests/property/scoped-roles-processing-efficiency.test.ts[2m > [22m[2mProperty 10: Scoped Roles Processing Efficiency[2m > [22m[2mProperty 10.10: Role hierarchy cache should respect TTL settings
[22m[39mGoTrueClient@sb-bgxknceshxxifwytalex-auth-token:0 (2.93.3) 2026-02-02T15:20:23.285Z #_acquireLock end

stderr | tests/property/scoped-roles-processing-efficiency.test.ts > Property 10: Scoped Roles Processing Efficiency > Property 10.10: Role hierarchy cache should respect TTL settings
Error fetching project roles: {
  code: 'PGRST200',
  details: "Searched for a foreign key relationship between 'project_roles' and 'user_profiles' in the schema 'public', but no matches were found.",
  hint: null,
  message: "Could not find a relationship between 'project_roles' and 'user_profiles' in the schema cache"
}

[90mstdout[2m | tests/property/scoped-roles-processing-efficiency.test.ts[2m > [22m[2mProperty 10: Scoped Roles Processing Efficiency[2m > [22m[2mProperty 10.10: Role hierarchy cache should respect TTL settings
[22m[39mGoTrueClient@sb-bgxknceshxxifwytalex-auth-token:0 (2.93.3) 2026-02-02T15:20:23.363Z #_acquireLock begin [33m10000[39m
GoTrueClient@sb-bgxknceshxxifwytalex-auth-token:0 (2.93.3) 2026-02-02T15:20:23.363Z #_acquireLock lock acquired for storage key sb-bgxknceshxxifwytalex-auth-token
GoTrueClient@sb-bgxknceshxxifwytalex-auth-token:0 (2.93.3) 2026-02-02T15:20:23.363Z #_useSession begin
GoTrueClient@sb-bgxknceshxxifwytalex-auth-token:0 (2.93.3) 2026-02-02T15:20:23.363Z #__loadSession() begin

[90mstdout[2m | tests/property/scoped-roles-processing-efficiency.test.ts[2m > [22m[2mProperty 10: Scoped Roles Processing Efficiency[2m > [22m[2mProperty 10.10: Role hierarchy cache should respect TTL settings
[22m[39mGoTrueClient@sb-bgxknceshxxifwytalex-auth-token:0 (2.93.3) 2026-02-02T15:20:23.363Z #getSession() session from storage [1mnull[22m
GoTrueClient@sb-bgxknceshxxifwytalex-auth-token:0 (2.93.3) 2026-02-02T15:20:23.363Z #__loadSession() end

[90mstdout[2m | tests/property/scoped-roles-processing-efficiency.test.ts[2m > [22m[2mProperty 10: Scoped Roles Processing Efficiency[2m > [22m[2mProperty 10.10: Role hierarchy cache should respect TTL settings
[22m[39mGoTrueClient@sb-bgxknceshxxifwytalex-auth-token:0 (2.93.3) 2026-02-02T15:20:23.363Z #_useSession end

[90mstdout[2m | tests/property/scoped-roles-processing-efficiency.test.ts[2m > [22m[2mProperty 10: Scoped Roles Processing Efficiency[2m > [22m[2mProperty 10.10: Role hierarchy cache should respect TTL settings
[22m[39mGoTrueClient@sb-bgxknceshxxifwytalex-auth-token:0 (2.93.3) 2026-02-02T15:20:23.363Z #_acquireLock lock released for storage key sb-bgxknceshxxifwytalex-auth-token

[90mstdout[2m | tests/property/scoped-roles-processing-efficiency.test.ts[2m > [22m[2mProperty 10: Scoped Roles Processing Efficiency[2m > [22m[2mProperty 10.10: Role hierarchy cache should respect TTL settings
[22m[39mGoTrueClient@sb-bgxknceshxxifwytalex-auth-token:0 (2.93.3) 2026-02-02T15:20:23.363Z #_acquireLock end

stderr | tests/property/scoped-roles-processing-efficiency.test.ts > Property 10: Scoped Roles Processing Efficiency > Property 10.10: Role hierarchy cache should respect TTL settings
Error fetching org roles: {
  code: 'PGRST200',
  details: "Searched for a foreign key relationship between 'org_roles' and 'user_profiles' in the schema 'public', but no matches were found.",
  hint: null,
  message: "Could not find a relationship between 'org_roles' and 'user_profiles' in the schema cache"
}

[90mstdout[2m | tests/property/scoped-roles-processing-efficiency.test.ts[2m > [22m[2mProperty 10: Scoped Roles Processing Efficiency[2m > [22m[2mProperty 10.10: Role hierarchy cache should respect TTL settings
[22m[39mGoTrueClient@sb-bgxknceshxxifwytalex-auth-token:0 (2.93.3) 2026-02-02T15:20:23.380Z #_acquireLock begin [33m10000[39m
GoTrueClient@sb-bgxknceshxxifwytalex-auth-token:0 (2.93.3) 2026-02-02T15:20:23.380Z #_acquireLock lock acquired for storage key sb-bgxknceshxxifwytalex-auth-token
GoTrueClient@sb-bgxknceshxxifwytalex-auth-token:0 (2.93.3) 2026-02-02T15:20:23.380Z #_useSession begin
GoTrueClient@sb-bgxknceshxxifwytalex-auth-token:0 (2.93.3) 2026-02-02T15:20:23.380Z #__loadSession() begin

[90mstdout[2m | tests/property/scoped-roles-processing-efficiency.test.ts[2m > [22m[2mProperty 10: Scoped Roles Processing Efficiency[2m > [22m[2mProperty 10.10: Role hierarchy cache should respect TTL settings
[22m[39mGoTrueClient@sb-bgxknceshxxifwytalex-auth-token:0 (2.93.3) 2026-02-02T15:20:23.381Z #getSession() session from storage [1mnull[22m
GoTrueClient@sb-bgxknceshxxifwytalex-auth-token:0 (2.93.3) 2026-02-02T15:20:23.381Z #__loadSession() end

[90mstdout[2m | tests/property/scoped-roles-processing-efficiency.test.ts[2m > [22m[2mProperty 10: Scoped Roles Processing Efficiency[2m > [22m[2mProperty 10.10: Role hierarchy cache should respect TTL settings
[22m[39mGoTrueClient@sb-bgxknceshxxifwytalex-auth-token:0 (2.93.3) 2026-02-02T15:20:23.381Z #_useSession end

[90mstdout[2m | tests/property/scoped-roles-processing-efficiency.test.ts[2m > [22m[2mProperty 10: Scoped Roles Processing Efficiency[2m > [22m[2mProperty 10.10: Role hierarchy cache should respect TTL settings
[22m[39mGoTrueClient@sb-bgxknceshxxifwytalex-auth-token:0 (2.93.3) 2026-02-02T15:20:23.381Z #_acquireLock lock released for storage key sb-bgxknceshxxifwytalex-auth-token

[90mstdout[2m | tests/property/scoped-roles-processing-efficiency.test.ts[2m > [22m[2mProperty 10: Scoped Roles Processing Efficiency[2m > [22m[2mProperty 10.10: Role hierarchy cache should respect TTL settings
[22m[39mGoTrueClient@sb-bgxknceshxxifwytalex-auth-token:0 (2.93.3) 2026-02-02T15:20:23.381Z #_acquireLock end

stderr | tests/property/scoped-roles-processing-efficiency.test.ts > Property 10: Scoped Roles Processing Efficiency > Property 10.10: Role hierarchy cache should respect TTL settings
Error fetching project roles: {
  code: 'PGRST200',
  details: "Searched for a foreign key relationship between 'project_roles' and 'user_profiles' in the schema 'public', but no matches were found.",
  hint: null,
  message: "Could not find a relationship between 'project_roles' and 'user_profiles' in the schema cache"
}

[90mstdout[2m | tests/property/scoped-roles-processing-efficiency.test.ts[2m > [22m[2mProperty 10: Scoped Roles Processing Efficiency[2m > [22m[2mProperty 10.10: Role hierarchy cache should respect TTL settings
[22m[39mGoTrueClient@sb-bgxknceshxxifwytalex-auth-token:0 (2.93.3) 2026-02-02T15:20:23.431Z #_acquireLock begin [33m10000[39m
GoTrueClient@sb-bgxknceshxxifwytalex-auth-token:0 (2.93.3) 2026-02-02T15:20:23.431Z #_acquireLock lock acquired for storage key sb-bgxknceshxxifwytalex-auth-token
GoTrueClient@sb-bgxknceshxxifwytalex-auth-token:0 (2.93.3) 2026-02-02T15:20:23.431Z #_useSession begin
GoTrueClient@sb-bgxknceshxxifwytalex-auth-token:0 (2.93.3) 2026-02-02T15:20:23.431Z #__loadSession() begin

[90mstdout[2m | tests/property/scoped-roles-processing-efficiency.test.ts[2m > [22m[2mProperty 10: Scoped Roles Processing Efficiency[2m > [22m[2mProperty 10.10: Role hierarchy cache should respect TTL settings
[22m[39mGoTrueClient@sb-bgxknceshxxifwytalex-auth-token:0 (2.93.3) 2026-02-02T15:20:23.431Z #getSession() session from storage [1mnull[22m
GoTrueClient@sb-bgxknceshxxifwytalex-auth-token:0 (2.93.3) 2026-02-02T15:20:23.431Z #__loadSession() end

[90mstdout[2m | tests/property/scoped-roles-processing-efficiency.test.ts[2m > [22m[2mProperty 10: Scoped Roles Processing Efficiency[2m > [22m[2mProperty 10.10: Role hierarchy cache should respect TTL settings
[22m[39mGoTrueClient@sb-bgxknceshxxifwytalex-auth-token:0 (2.93.3) 2026-02-02T15:20:23.431Z #_useSession end

[90mstdout[2m | tests/property/scoped-roles-processing-efficiency.test.ts[2m > [22m[2mProperty 10: Scoped Roles Processing Efficiency[2m > [22m[2mProperty 10.10: Role hierarchy cache should respect TTL settings
[22m[39mGoTrueClient@sb-bgxknceshxxifwytalex-auth-token:0 (2.93.3) 2026-02-02T15:20:23.431Z #_acquireLock lock released for storage key sb-bgxknceshxxifwytalex-auth-token

[90mstdout[2m | tests/property/scoped-roles-processing-efficiency.test.ts[2m > [22m[2mProperty 10: Scoped Roles Processing Efficiency[2m > [22m[2mProperty 10.10: Role hierarchy cache should respect TTL settings
[22m[39mGoTrueClient@sb-bgxknceshxxifwytalex-auth-token:0 (2.93.3) 2026-02-02T15:20:23.431Z #_acquireLock end

stderr | tests/property/scoped-roles-processing-efficiency.test.ts > Property 10: Scoped Roles Processing Efficiency > Property 10.10: Role hierarchy cache should respect TTL settings
Error fetching org roles: {
  code: 'PGRST200',
  details: "Searched for a foreign key relationship between 'org_roles' and 'user_profiles' in the schema 'public', but no matches were found.",
  hint: null,
  message: "Could not find a relationship between 'org_roles' and 'user_profiles' in the schema cache"
}

[90mstdout[2m | tests/property/scoped-roles-processing-efficiency.test.ts[2m > [22m[2mProperty 10: Scoped Roles Processing Efficiency[2m > [22m[2mProperty 10.10: Role hierarchy cache should respect TTL settings
[22m[39mGoTrueClient@sb-bgxknceshxxifwytalex-auth-token:0 (2.93.3) 2026-02-02T15:20:23.456Z #_acquireLock begin [33m10000[39m
GoTrueClient@sb-bgxknceshxxifwytalex-auth-token:0 (2.93.3) 2026-02-02T15:20:23.456Z #_acquireLock lock acquired for storage key sb-bgxknceshxxifwytalex-auth-token
GoTrueClient@sb-bgxknceshxxifwytalex-auth-token:0 (2.93.3) 2026-02-02T15:20:23.456Z #_useSession begin
GoTrueClient@sb-bgxknceshxxifwytalex-auth-token:0 (2.93.3) 2026-02-02T15:20:23.456Z #__loadSession() begin

[90mstdout[2m | tests/property/scoped-roles-processing-efficiency.test.ts[2m > [22m[2mProperty 10: Scoped Roles Processing Efficiency[2m > [22m[2mProperty 10.10: Role hierarchy cache should respect TTL settings
[22m[39mGoTrueClient@sb-bgxknceshxxifwytalex-auth-token:0 (2.93.3) 2026-02-02T15:20:23.457Z #getSession() session from storage [1mnull[22m
GoTrueClient@sb-bgxknceshxxifwytalex-auth-token:0 (2.93.3) 2026-02-02T15:20:23.457Z #__loadSession() end

[90mstdout[2m | tests/property/scoped-roles-processing-efficiency.test.ts[2m > [22m[2mProperty 10: Scoped Roles Processing Efficiency[2m > [22m[2mProperty 10.10: Role hierarchy cache should respect TTL settings
[22m[39mGoTrueClient@sb-bgxknceshxxifwytalex-auth-token:0 (2.93.3) 2026-02-02T15:20:23.457Z #_useSession end

[90mstdout[2m | tests/property/scoped-roles-processing-efficiency.test.ts[2m > [22m[2mProperty 10: Scoped Roles Processing Efficiency[2m > [22m[2mProperty 10.10: Role hierarchy cache should respect TTL settings
[22m[39mGoTrueClient@sb-bgxknceshxxifwytalex-auth-token:0 (2.93.3) 2026-02-02T15:20:23.457Z #_acquireLock lock released for storage key sb-bgxknceshxxifwytalex-auth-token

[90mstdout[2m | tests/property/scoped-roles-processing-efficiency.test.ts[2m > [22m[2mProperty 10: Scoped Roles Processing Efficiency[2m > [22m[2mProperty 10.10: Role hierarchy cache should respect TTL settings
[22m[39mGoTrueClient@sb-bgxknceshxxifwytalex-auth-token:0 (2.93.3) 2026-02-02T15:20:23.457Z #_acquireLock end

stderr | tests/property/scoped-roles-processing-efficiency.test.ts > Property 10: Scoped Roles Processing Efficiency > Property 10.10: Role hierarchy cache should respect TTL settings
Error fetching org roles: {
  code: 'PGRST200',
  details: "Searched for a foreign key relationship between 'org_roles' and 'user_profiles' in the schema 'public', but no matches were found.",
  hint: null,
  message: "Could not find a relationship between 'org_roles' and 'user_profiles' in the schema cache"
}

[90mstdout[2m | tests/property/scoped-roles-processing-efficiency.test.ts[2m > [22m[2mProperty 10: Scoped Roles Processing Efficiency[2m > [22m[2mProperty 10.10: Role hierarchy cache should respect TTL settings
[22m[39mGoTrueClient@sb-bgxknceshxxifwytalex-auth-token:0 (2.93.3) 2026-02-02T15:20:23.487Z #_acquireLock begin [33m10000[39m
GoTrueClient@sb-bgxknceshxxifwytalex-auth-token:0 (2.93.3) 2026-02-02T15:20:23.487Z #_acquireLock lock acquired for storage key sb-bgxknceshxxifwytalex-auth-token
GoTrueClient@sb-bgxknceshxxifwytalex-auth-token:0 (2.93.3) 2026-02-02T15:20:23.487Z #_useSession begin
GoTrueClient@sb-bgxknceshxxifwytalex-auth-token:0 (2.93.3) 2026-02-02T15:20:23.487Z #__loadSession() begin

[90mstdout[2m | tests/property/scoped-roles-processing-efficiency.test.ts[2m > [22m[2mProperty 10: Scoped Roles Processing Efficiency[2m > [22m[2mProperty 10.10: Role hierarchy cache should respect TTL settings
[22m[39mGoTrueClient@sb-bgxknceshxxifwytalex-auth-token:0 (2.93.3) 2026-02-02T15:20:23.488Z #getSession() session from storage [1mnull[22m
GoTrueClient@sb-bgxknceshxxifwytalex-auth-token:0 (2.93.3) 2026-02-02T15:20:23.488Z #__loadSession() end

[90mstdout[2m | tests/property/scoped-roles-processing-efficiency.test.ts[2m > [22m[2mProperty 10: Scoped Roles Processing Efficiency[2m > [22m[2mProperty 10.10: Role hierarchy cache should respect TTL settings
[22m[39mGoTrueClient@sb-bgxknceshxxifwytalex-auth-token:0 (2.93.3) 2026-02-02T15:20:23.489Z #_useSession end

[90mstdout[2m | tests/property/scoped-roles-processing-efficiency.test.ts[2m > [22m[2mProperty 10: Scoped Roles Processing Efficiency[2m > [22m[2mProperty 10.10: Role hierarchy cache should respect TTL settings
[22m[39mGoTrueClient@sb-bgxknceshxxifwytalex-auth-token:0 (2.93.3) 2026-02-02T15:20:23.489Z #_acquireLock lock released for storage key sb-bgxknceshxxifwytalex-auth-token

[90mstdout[2m | tests/property/scoped-roles-processing-efficiency.test.ts[2m > [22m[2mProperty 10: Scoped Roles Processing Efficiency[2m > [22m[2mProperty 10.10: Role hierarchy cache should respect TTL settings
[22m[39mGoTrueClient@sb-bgxknceshxxifwytalex-auth-token:0 (2.93.3) 2026-02-02T15:20:23.489Z #_acquireLock end

stderr | tests/property/scoped-roles-processing-efficiency.test.ts > Property 10: Scoped Roles Processing Efficiency > Property 10.10: Role hierarchy cache should respect TTL settings
Error fetching org roles: {
  code: 'PGRST200',
  details: "Searched for a foreign key relationship between 'org_roles' and 'user_profiles' in the schema 'public', but no matches were found.",
  hint: null,
  message: "Could not find a relationship between 'org_roles' and 'user_profiles' in the schema cache"
}

[90mstdout[2m | tests/property/scoped-roles-processing-efficiency.test.ts[2m > [22m[2mProperty 10: Scoped Roles Processing Efficiency[2m > [22m[2mProperty 10.10: Role hierarchy cache should respect TTL settings
[22m[39mGoTrueClient@sb-bgxknceshxxifwytalex-auth-token:0 (2.93.3) 2026-02-02T15:20:23.517Z #_acquireLock begin [33m10000[39m
GoTrueClient@sb-bgxknceshxxifwytalex-auth-token:0 (2.93.3) 2026-02-02T15:20:23.517Z #_acquireLock lock acquired for storage key sb-bgxknceshxxifwytalex-auth-token
GoTrueClient@sb-bgxknceshxxifwytalex-auth-token:0 (2.93.3) 2026-02-02T15:20:23.517Z #_useSession begin
GoTrueClient@sb-bgxknceshxxifwytalex-auth-token:0 (2.93.3) 2026-02-02T15:20:23.517Z #__loadSession() begin

[90mstdout[2m | tests/property/scoped-roles-processing-efficiency.test.ts[2m > [22m[2mProperty 10: Scoped Roles Processing Efficiency[2m > [22m[2mProperty 10.10: Role hierarchy cache should respect TTL settings
[22m[39mGoTrueClient@sb-bgxknceshxxifwytalex-auth-token:0 (2.93.3) 2026-02-02T15:20:23.518Z #getSession() session from storage [1mnull[22m
GoTrueClient@sb-bgxknceshxxifwytalex-auth-token:0 (2.93.3) 2026-02-02T15:20:23.518Z #__loadSession() end

[90mstdout[2m | tests/property/scoped-roles-processing-efficiency.test.ts[2m > [22m[2mProperty 10: Scoped Roles Processing Efficiency[2m > [22m[2mProperty 10.10: Role hierarchy cache should respect TTL settings
[22m[39mGoTrueClient@sb-bgxknceshxxifwytalex-auth-token:0 (2.93.3) 2026-02-02T15:20:23.518Z #_useSession end

[90mstdout[2m | tests/property/scoped-roles-processing-efficiency.test.ts[2m > [22m[2mProperty 10: Scoped Roles Processing Efficiency[2m > [22m[2mProperty 10.10: Role hierarchy cache should respect TTL settings
[22m[39mGoTrueClient@sb-bgxknceshxxifwytalex-auth-token:0 (2.93.3) 2026-02-02T15:20:23.518Z #_acquireLock lock released for storage key sb-bgxknceshxxifwytalex-auth-token

[90mstdout[2m | tests/property/scoped-roles-processing-efficiency.test.ts[2m > [22m[2mProperty 10: Scoped Roles Processing Efficiency[2m > [22m[2mProperty 10.10: Role hierarchy cache should respect TTL settings
[22m[39mGoTrueClient@sb-bgxknceshxxifwytalex-auth-token:0 (2.93.3) 2026-02-02T15:20:23.518Z #_acquireLock end

stderr | tests/property/scoped-roles-processing-efficiency.test.ts > Property 10: Scoped Roles Processing Efficiency > Property 10.10: Role hierarchy cache should respect TTL settings
Error fetching project roles: {
  code: 'PGRST200',
  details: "Searched for a foreign key relationship between 'project_roles' and 'user_profiles' in the schema 'public', but no matches were found.",
  hint: null,
  message: "Could not find a relationship between 'project_roles' and 'user_profiles' in the schema cache"
}

[90mstdout[2m | tests/property/scoped-roles-processing-efficiency.test.ts[2m > [22m[2mProperty 10: Scoped Roles Processing Efficiency[2m > [22m[2mProperty 10.10: Role hierarchy cache should respect TTL settings
[22m[39mGoTrueClient@sb-bgxknceshxxifwytalex-auth-token:0 (2.93.3) 2026-02-02T15:20:23.520Z #_acquireLock begin [33m10000[39m
GoTrueClient@sb-bgxknceshxxifwytalex-auth-token:0 (2.93.3) 2026-02-02T15:20:23.520Z #_acquireLock lock acquired for storage key sb-bgxknceshxxifwytalex-auth-token
GoTrueClient@sb-bgxknceshxxifwytalex-auth-token:0 (2.93.3) 2026-02-02T15:20:23.520Z #_useSession begin
GoTrueClient@sb-bgxknceshxxifwytalex-auth-token:0 (2.93.3) 2026-02-02T15:20:23.520Z #__loadSession() begin

[90mstdout[2m | tests/property/scoped-roles-processing-efficiency.test.ts[2m > [22m[2mProperty 10: Scoped Roles Processing Efficiency[2m > [22m[2mProperty 10.10: Role hierarchy cache should respect TTL settings
[22m[39mGoTrueClient@sb-bgxknceshxxifwytalex-auth-token:0 (2.93.3) 2026-02-02T15:20:23.520Z #getSession() session from storage [1mnull[22m
GoTrueClient@sb-bgxknceshxxifwytalex-auth-token:0 (2.93.3) 2026-02-02T15:20:23.520Z #__loadSession() end

[90mstdout[2m | tests/property/scoped-roles-processing-efficiency.test.ts[2m > [22m[2mProperty 10: Scoped Roles Processing Efficiency[2m > [22m[2mProperty 10.10: Role hierarchy cache should respect TTL settings
[22m[39mGoTrueClient@sb-bgxknceshxxifwytalex-auth-token:0 (2.93.3) 2026-02-02T15:20:23.520Z #_useSession end

[90mstdout[2m | tests/property/scoped-roles-processing-efficiency.test.ts[2m > [22m[2mProperty 10: Scoped Roles Processing Efficiency[2m > [22m[2mProperty 10.10: Role hierarchy cache should respect TTL settings
[22m[39mGoTrueClient@sb-bgxknceshxxifwytalex-auth-token:0 (2.93.3) 2026-02-02T15:20:23.521Z #_acquireLock lock released for storage key sb-bgxknceshxxifwytalex-auth-token

[90mstdout[2m | tests/property/scoped-roles-processing-efficiency.test.ts[2m > [22m[2mProperty 10: Scoped Roles Processing Efficiency[2m > [22m[2mProperty 10.10: Role hierarchy cache should respect TTL settings
[22m[39mGoTrueClient@sb-bgxknceshxxifwytalex-auth-token:0 (2.93.3) 2026-02-02T15:20:23.521Z #_acquireLock end

[90mstdout[2m | tests/property/scoped-roles-processing-efficiency.test.ts[2m > [22m[2mProperty 10: Scoped Roles Processing Efficiency[2m > [22m[2mProperty 10.10: Role hierarchy cache should respect TTL settings
[22m[39mGoTrueClient@sb-bgxknceshxxifwytalex-auth-token:0 (2.93.3) 2026-02-02T15:20:23.569Z #_acquireLock begin [33m10000[39m
GoTrueClient@sb-bgxknceshxxifwytalex-auth-token:0 (2.93.3) 2026-02-02T15:20:23.569Z #_acquireLock lock acquired for storage key sb-bgxknceshxxifwytalex-auth-token
GoTrueClient@sb-bgxknceshxxifwytalex-auth-token:0 (2.93.3) 2026-02-02T15:20:23.569Z #_useSession begin
GoTrueClient@sb-bgxknceshxxifwytalex-auth-token:0 (2.93.3) 2026-02-02T15:20:23.569Z #__loadSession() begin

[90mstdout[2m | tests/property/scoped-roles-processing-efficiency.test.ts[2m > [22m[2mProperty 10: Scoped Roles Processing Efficiency[2m > [22m[2mProperty 10.10: Role hierarchy cache should respect TTL settings
[22m[39mGoTrueClient@sb-bgxknceshxxifwytalex-auth-token:0 (2.93.3) 2026-02-02T15:20:23.569Z #getSession() session from storage [1mnull[22m
GoTrueClient@sb-bgxknceshxxifwytalex-auth-token:0 (2.93.3) 2026-02-02T15:20:23.569Z #__loadSession() end

[90mstdout[2m | tests/property/scoped-roles-processing-efficiency.test.ts[2m > [22m[2mProperty 10: Scoped Roles Processing Efficiency[2m > [22m[2mProperty 10.10: Role hierarchy cache should respect TTL settings
[22m[39mGoTrueClient@sb-bgxknceshxxifwytalex-auth-token:0 (2.93.3) 2026-02-02T15:20:23.570Z #_useSession end

[90mstdout[2m | tests/property/scoped-roles-processing-efficiency.test.ts[2m > [22m[2mProperty 10: Scoped Roles Processing Efficiency[2m > [22m[2mProperty 10.10: Role hierarchy cache should respect TTL settings
[22m[39mGoTrueClient@sb-bgxknceshxxifwytalex-auth-token:0 (2.93.3) 2026-02-02T15:20:23.570Z #_acquireLock lock released for storage key sb-bgxknceshxxifwytalex-auth-token

[90mstdout[2m | tests/property/scoped-roles-processing-efficiency.test.ts[2m > [22m[2mProperty 10: Scoped Roles Processing Efficiency[2m > [22m[2mProperty 10.10: Role hierarchy cache should respect TTL settings
[22m[39mGoTrueClient@sb-bgxknceshxxifwytalex-auth-token:0 (2.93.3) 2026-02-02T15:20:23.570Z #_acquireLock end

[90mstdout[2m | tests/property/scoped-roles-processing-efficiency.test.ts[2m > [22m[2mProperty 10: Scoped Roles Processing Efficiency[2m > [22m[2mProperty 10.10: Role hierarchy cache should respect TTL settings
[22m[39mGoTrueClient@sb-bgxknceshxxifwytalex-auth-token:0 (2.93.3) 2026-02-02T15:20:23.587Z #_acquireLock begin [33m10000[39m
GoTrueClient@sb-bgxknceshxxifwytalex-auth-token:0 (2.93.3) 2026-02-02T15:20:23.587Z #_acquireLock lock acquired for storage key sb-bgxknceshxxifwytalex-auth-token
GoTrueClient@sb-bgxknceshxxifwytalex-auth-token:0 (2.93.3) 2026-02-02T15:20:23.587Z #_useSession begin
GoTrueClient@sb-bgxknceshxxifwytalex-auth-token:0 (2.93.3) 2026-02-02T15:20:23.587Z #__loadSession() begin

[90mstdout[2m | tests/property/scoped-roles-processing-efficiency.test.ts[2m > [22m[2mProperty 10: Scoped Roles Processing Efficiency[2m > [22m[2mProperty 10.10: Role hierarchy cache should respect TTL settings
[22m[39mGoTrueClient@sb-bgxknceshxxifwytalex-auth-token:0 (2.93.3) 2026-02-02T15:20:23.587Z #getSession() session from storage [1mnull[22m
GoTrueClient@sb-bgxknceshxxifwytalex-auth-token:0 (2.93.3) 2026-02-02T15:20:23.587Z #__loadSession() end

[90mstdout[2m | tests/property/scoped-roles-processing-efficiency.test.ts[2m > [22m[2mProperty 10: Scoped Roles Processing Efficiency[2m > [22m[2mProperty 10.10: Role hierarchy cache should respect TTL settings
[22m[39mGoTrueClient@sb-bgxknceshxxifwytalex-auth-token:0 (2.93.3) 2026-02-02T15:20:23.587Z #_useSession end

[90mstdout[2m | tests/property/scoped-roles-processing-efficiency.test.ts[2m > [22m[2mProperty 10: Scoped Roles Processing Efficiency[2m > [22m[2mProperty 10.10: Role hierarchy cache should respect TTL settings
[22m[39mGoTrueClient@sb-bgxknceshxxifwytalex-auth-token:0 (2.93.3) 2026-02-02T15:20:23.588Z #_acquireLock lock released for storage key sb-bgxknceshxxifwytalex-auth-token

[90mstdout[2m | tests/property/scoped-roles-processing-efficiency.test.ts[2m > [22m[2mProperty 10: Scoped Roles Processing Efficiency[2m > [22m[2mProperty 10.10: Role hierarchy cache should respect TTL settings
[22m[39mGoTrueClient@sb-bgxknceshxxifwytalex-auth-token:0 (2.93.3) 2026-02-02T15:20:23.588Z #_acquireLock end

stderr | tests/property/scoped-roles-processing-efficiency.test.ts > Property 10: Scoped Roles Processing Efficiency > Property 10.10: Role hierarchy cache should respect TTL settings
Error fetching project roles: {
  code: 'PGRST200',
  details: "Searched for a foreign key relationship between 'project_roles' and 'user_profiles' in the schema 'public', but no matches were found.",
  hint: null,
  message: "Could not find a relationship between 'project_roles' and 'user_profiles' in the schema cache"
}

[90mstdout[2m | tests/property/scoped-roles-processing-efficiency.test.ts[2m > [22m[2mProperty 10: Scoped Roles Processing Efficiency[2m > [22m[2mProperty 10.10: Role hierarchy cache should respect TTL settings
[22m[39mGoTrueClient@sb-bgxknceshxxifwytalex-auth-token:0 (2.93.3) 2026-02-02T15:20:23.676Z #_acquireLock begin [33m10000[39m
GoTrueClient@sb-bgxknceshxxifwytalex-auth-token:0 (2.93.3) 2026-02-02T15:20:23.676Z #_acquireLock lock acquired for storage key sb-bgxknceshxxifwytalex-auth-token
GoTrueClient@sb-bgxknceshxxifwytalex-auth-token:0 (2.93.3) 2026-02-02T15:20:23.676Z #_useSession begin
GoTrueClient@sb-bgxknceshxxifwytalex-auth-token:0 (2.93.3) 2026-02-02T15:20:23.676Z #__loadSession() begin

[90mstdout[2m | tests/property/scoped-roles-processing-efficiency.test.ts[2m > [22m[2mProperty 10: Scoped Roles Processing Efficiency[2m > [22m[2mProperty 10.10: Role hierarchy cache should respect TTL settings
[22m[39mGoTrueClient@sb-bgxknceshxxifwytalex-auth-token:0 (2.93.3) 2026-02-02T15:20:23.676Z #getSession() session from storage [1mnull[22m
GoTrueClient@sb-bgxknceshxxifwytalex-auth-token:0 (2.93.3) 2026-02-02T15:20:23.676Z #__loadSession() end

[90mstdout[2m | tests/property/scoped-roles-processing-efficiency.test.ts[2m > [22m[2mProperty 10: Scoped Roles Processing Efficiency[2m > [22m[2mProperty 10.10: Role hierarchy cache should respect TTL settings
[22m[39mGoTrueClient@sb-bgxknceshxxifwytalex-auth-token:0 (2.93.3) 2026-02-02T15:20:23.676Z #_useSession end

[90mstdout[2m | tests/property/scoped-roles-processing-efficiency.test.ts[2m > [22m[2mProperty 10: Scoped Roles Processing Efficiency[2m > [22m[2mProperty 10.10: Role hierarchy cache should respect TTL settings
[22m[39mGoTrueClient@sb-bgxknceshxxifwytalex-auth-token:0 (2.93.3) 2026-02-02T15:20:23.676Z #_acquireLock lock released for storage key sb-bgxknceshxxifwytalex-auth-token

[90mstdout[2m | tests/property/scoped-roles-processing-efficiency.test.ts[2m > [22m[2mProperty 10: Scoped Roles Processing Efficiency[2m > [22m[2mProperty 10.10: Role hierarchy cache should respect TTL settings
[22m[39mGoTrueClient@sb-bgxknceshxxifwytalex-auth-token:0 (2.93.3) 2026-02-02T15:20:23.677Z #_acquireLock end

stderr | tests/property/scoped-roles-processing-efficiency.test.ts > Property 10: Scoped Roles Processing Efficiency > Property 10.10: Role hierarchy cache should respect TTL settings
Error fetching org roles: {
  code: 'PGRST200',
  details: "Searched for a foreign key relationship between 'org_roles' and 'user_profiles' in the schema 'public', but no matches were found.",
  hint: null,
  message: "Could not find a relationship between 'org_roles' and 'user_profiles' in the schema cache"
}

[90mstdout[2m | tests/property/scoped-roles-processing-efficiency.test.ts[2m > [22m[2mProperty 10: Scoped Roles Processing Efficiency[2m > [22m[2mProperty 10.10: Role hierarchy cache should respect TTL settings
[22m[39mGoTrueClient@sb-bgxknceshxxifwytalex-auth-token:0 (2.93.3) 2026-02-02T15:20:23.681Z #_acquireLock begin [33m10000[39m
GoTrueClient@sb-bgxknceshxxifwytalex-auth-token:0 (2.93.3) 2026-02-02T15:20:23.681Z #_acquireLock lock acquired for storage key sb-bgxknceshxxifwytalex-auth-token
GoTrueClient@sb-bgxknceshxxifwytalex-auth-token:0 (2.93.3) 2026-02-02T15:20:23.681Z #_useSession begin
GoTrueClient@sb-bgxknceshxxifwytalex-auth-token:0 (2.93.3) 2026-02-02T15:20:23.681Z #__loadSession() begin

[90mstdout[2m | tests/property/scoped-roles-processing-efficiency.test.ts[2m > [22m[2mProperty 10: Scoped Roles Processing Efficiency[2m > [22m[2mProperty 10.10: Role hierarchy cache should respect TTL settings
[22m[39mGoTrueClient@sb-bgxknceshxxifwytalex-auth-token:0 (2.93.3) 2026-02-02T15:20:23.681Z #getSession() session from storage [1mnull[22m
GoTrueClient@sb-bgxknceshxxifwytalex-auth-token:0 (2.93.3) 2026-02-02T15:20:23.681Z #__loadSession() end

[90mstdout[2m | tests/property/scoped-roles-processing-efficiency.test.ts[2m > [22m[2mProperty 10: Scoped Roles Processing Efficiency[2m > [22m[2mProperty 10.10: Role hierarchy cache should respect TTL settings
[22m[39mGoTrueClient@sb-bgxknceshxxifwytalex-auth-token:0 (2.93.3) 2026-02-02T15:20:23.681Z #_useSession end

[90mstdout[2m | tests/property/scoped-roles-processing-efficiency.test.ts[2m > [22m[2mProperty 10: Scoped Roles Processing Efficiency[2m > [22m[2mProperty 10.10: Role hierarchy cache should respect TTL settings
[22m[39mGoTrueClient@sb-bgxknceshxxifwytalex-auth-token:0 (2.93.3) 2026-02-02T15:20:23.681Z #_acquireLock lock released for storage key sb-bgxknceshxxifwytalex-auth-token

[90mstdout[2m | tests/property/scoped-roles-processing-efficiency.test.ts[2m > [22m[2mProperty 10: Scoped Roles Processing Efficiency[2m > [22m[2mProperty 10.10: Role hierarchy cache should respect TTL settings
[22m[39mGoTrueClient@sb-bgxknceshxxifwytalex-auth-token:0 (2.93.3) 2026-02-02T15:20:23.681Z #_acquireLock end

stderr | tests/property/scoped-roles-processing-efficiency.test.ts > Property 10: Scoped Roles Processing Efficiency > Property 10.10: Role hierarchy cache should respect TTL settings
Error fetching org roles: {
  code: 'PGRST200',
  details: "Searched for a foreign key relationship between 'org_roles' and 'user_profiles' in the schema 'public', but no matches were found.",
  hint: null,
  message: "Could not find a relationship between 'org_roles' and 'user_profiles' in the schema cache"
}

[90mstdout[2m | tests/property/scoped-roles-processing-efficiency.test.ts[2m > [22m[2mProperty 10: Scoped Roles Processing Efficiency[2m > [22m[2mProperty 10.10: Role hierarchy cache should respect TTL settings
[22m[39mGoTrueClient@sb-bgxknceshxxifwytalex-auth-token:0 (2.93.3) 2026-02-02T15:20:23.682Z #_acquireLock begin [33m10000[39m
GoTrueClient@sb-bgxknceshxxifwytalex-auth-token:0 (2.93.3) 2026-02-02T15:20:23.682Z #_acquireLock lock acquired for storage key sb-bgxknceshxxifwytalex-auth-token
GoTrueClient@sb-bgxknceshxxifwytalex-auth-token:0 (2.93.3) 2026-02-02T15:20:23.682Z #_useSession begin
GoTrueClient@sb-bgxknceshxxifwytalex-auth-token:0 (2.93.3) 2026-02-02T15:20:23.682Z #__loadSession() begin

[90mstdout[2m | tests/property/scoped-roles-processing-efficiency.test.ts[2m > [22m[2mProperty 10: Scoped Roles Processing Efficiency[2m > [22m[2mProperty 10.10: Role hierarchy cache should respect TTL settings
[22m[39mGoTrueClient@sb-bgxknceshxxifwytalex-auth-token:0 (2.93.3) 2026-02-02T15:20:23.682Z #getSession() session from storage [1mnull[22m
GoTrueClient@sb-bgxknceshxxifwytalex-auth-token:0 (2.93.3) 2026-02-02T15:20:23.682Z #__loadSession() end

[90mstdout[2m | tests/property/scoped-roles-processing-efficiency.test.ts[2m > [22m[2mProperty 10: Scoped Roles Processing Efficiency[2m > [22m[2mProperty 10.10: Role hierarchy cache should respect TTL settings
[22m[39mGoTrueClient@sb-bgxknceshxxifwytalex-auth-token:0 (2.93.3) 2026-02-02T15:20:23.683Z #_useSession end

[90mstdout[2m | tests/property/scoped-roles-processing-efficiency.test.ts[2m > [22m[2mProperty 10: Scoped Roles Processing Efficiency[2m > [22m[2mProperty 10.10: Role hierarchy cache should respect TTL settings
[22m[39mGoTrueClient@sb-bgxknceshxxifwytalex-auth-token:0 (2.93.3) 2026-02-02T15:20:23.683Z #_acquireLock lock released for storage key sb-bgxknceshxxifwytalex-auth-token

[90mstdout[2m | tests/property/scoped-roles-processing-efficiency.test.ts[2m > [22m[2mProperty 10: Scoped Roles Processing Efficiency[2m > [22m[2mProperty 10.10: Role hierarchy cache should respect TTL settings
[22m[39mGoTrueClient@sb-bgxknceshxxifwytalex-auth-token:0 (2.93.3) 2026-02-02T15:20:23.683Z #_acquireLock end

stderr | tests/property/scoped-roles-processing-efficiency.test.ts > Property 10: Scoped Roles Processing Efficiency > Property 10.10: Role hierarchy cache should respect TTL settings
Error fetching project roles: {
  code: 'PGRST200',
  details: "Searched for a foreign key relationship between 'project_roles' and 'user_profiles' in the schema 'public', but no matches were found.",
  hint: null,
  message: "Could not find a relationship between 'project_roles' and 'user_profiles' in the schema cache"
}

[90mstdout[2m | tests/property/scoped-roles-processing-efficiency.test.ts[2m > [22m[2mProperty 10: Scoped Roles Processing Efficiency[2m > [22m[2mProperty 10.10: Role hierarchy cache should respect TTL settings
[22m[39mGoTrueClient@sb-bgxknceshxxifwytalex-auth-token:0 (2.93.3) 2026-02-02T15:20:23.716Z #_acquireLock begin [33m10000[39m
GoTrueClient@sb-bgxknceshxxifwytalex-auth-token:0 (2.93.3) 2026-02-02T15:20:23.716Z #_acquireLock lock acquired for storage key sb-bgxknceshxxifwytalex-auth-token
GoTrueClient@sb-bgxknceshxxifwytalex-auth-token:0 (2.93.3) 2026-02-02T15:20:23.716Z #_useSession begin
GoTrueClient@sb-bgxknceshxxifwytalex-auth-token:0 (2.93.3) 2026-02-02T15:20:23.716Z #__loadSession() begin

[90mstdout[2m | tests/property/scoped-roles-processing-efficiency.test.ts[2m > [22m[2mProperty 10: Scoped Roles Processing Efficiency[2m > [22m[2mProperty 10.10: Role hierarchy cache should respect TTL settings
[22m[39mGoTrueClient@sb-bgxknceshxxifwytalex-auth-token:0 (2.93.3) 2026-02-02T15:20:23.716Z #getSession() session from storage [1mnull[22m
GoTrueClient@sb-bgxknceshxxifwytalex-auth-token:0 (2.93.3) 2026-02-02T15:20:23.716Z #__loadSession() end

[90mstdout[2m | tests/property/scoped-roles-processing-efficiency.test.ts[2m > [22m[2mProperty 10: Scoped Roles Processing Efficiency[2m > [22m[2mProperty 10.10: Role hierarchy cache should respect TTL settings
[22m[39mGoTrueClient@sb-bgxknceshxxifwytalex-auth-token:0 (2.93.3) 2026-02-02T15:20:23.716Z #_useSession end

[90mstdout[2m | tests/property/scoped-roles-processing-efficiency.test.ts[2m > [22m[2mProperty 10: Scoped Roles Processing Efficiency[2m > [22m[2mProperty 10.10: Role hierarchy cache should respect TTL settings
[22m[39mGoTrueClient@sb-bgxknceshxxifwytalex-auth-token:0 (2.93.3) 2026-02-02T15:20:23.716Z #_acquireLock lock released for storage key sb-bgxknceshxxifwytalex-auth-token

[90mstdout[2m | tests/property/scoped-roles-processing-efficiency.test.ts[2m > [22m[2mProperty 10: Scoped Roles Processing Efficiency[2m > [22m[2mProperty 10.10: Role hierarchy cache should respect TTL settings
[22m[39mGoTrueClient@sb-bgxknceshxxifwytalex-auth-token:0 (2.93.3) 2026-02-02T15:20:23.716Z #_acquireLock end

[90mstdout[2m | tests/property/scoped-roles-processing-efficiency.test.ts[2m > [22m[2mProperty 10: Scoped Roles Processing Efficiency[2m > [22m[2mProperty 10.10: Role hierarchy cache should respect TTL settings
[22m[39mGoTrueClient@sb-bgxknceshxxifwytalex-auth-token:0 (2.93.3) 2026-02-02T15:20:23.740Z #_acquireLock begin [33m10000[39m
GoTrueClient@sb-bgxknceshxxifwytalex-auth-token:0 (2.93.3) 2026-02-02T15:20:23.740Z #_acquireLock lock acquired for storage key sb-bgxknceshxxifwytalex-auth-token
GoTrueClient@sb-bgxknceshxxifwytalex-auth-token:0 (2.93.3) 2026-02-02T15:20:23.740Z #_useSession begin
GoTrueClient@sb-bgxknceshxxifwytalex-auth-token:0 (2.93.3) 2026-02-02T15:20:23.740Z #__loadSession() begin

[90mstdout[2m | tests/property/scoped-roles-processing-efficiency.test.ts[2m > [22m[2mProperty 10: Scoped Roles Processing Efficiency[2m > [22m[2mProperty 10.10: Role hierarchy cache should respect TTL settings
[22m[39mGoTrueClient@sb-bgxknceshxxifwytalex-auth-token:0 (2.93.3) 2026-02-02T15:20:23.741Z #getSession() session from storage [1mnull[22m
GoTrueClient@sb-bgxknceshxxifwytalex-auth-token:0 (2.93.3) 2026-02-02T15:20:23.741Z #__loadSession() end

[90mstdout[2m | tests/property/scoped-roles-processing-efficiency.test.ts[2m > [22m[2mProperty 10: Scoped Roles Processing Efficiency[2m > [22m[2mProperty 10.10: Role hierarchy cache should respect TTL settings
[22m[39mGoTrueClient@sb-bgxknceshxxifwytalex-auth-token:0 (2.93.3) 2026-02-02T15:20:23.741Z #_useSession end

[90mstdout[2m | tests/property/scoped-roles-processing-efficiency.test.ts[2m > [22m[2mProperty 10: Scoped Roles Processing Efficiency[2m > [22m[2mProperty 10.10: Role hierarchy cache should respect TTL settings
[22m[39mGoTrueClient@sb-bgxknceshxxifwytalex-auth-token:0 (2.93.3) 2026-02-02T15:20:23.741Z #_acquireLock lock released for storage key sb-bgxknceshxxifwytalex-auth-token

[90mstdout[2m | tests/property/scoped-roles-processing-efficiency.test.ts[2m > [22m[2mProperty 10: Scoped Roles Processing Efficiency[2m > [22m[2mProperty 10.10: Role hierarchy cache should respect TTL settings
[22m[39mGoTrueClient@sb-bgxknceshxxifwytalex-auth-token:0 (2.93.3) 2026-02-02T15:20:23.741Z #_acquireLock end

[90mstdout[2m | tests/property/scoped-roles-processing-efficiency.test.ts[2m > [22m[2mProperty 10: Scoped Roles Processing Efficiency[2m > [22m[2mProperty 10.10: Role hierarchy cache should respect TTL settings
[22m[39mGoTrueClient@sb-bgxknceshxxifwytalex-auth-token:0 (2.93.3) 2026-02-02T15:20:23.804Z #_acquireLock begin [33m10000[39m
GoTrueClient@sb-bgxknceshxxifwytalex-auth-token:0 (2.93.3) 2026-02-02T15:20:23.804Z #_acquireLock lock acquired for storage key sb-bgxknceshxxifwytalex-auth-token
GoTrueClient@sb-bgxknceshxxifwytalex-auth-token:0 (2.93.3) 2026-02-02T15:20:23.804Z #_useSession begin
GoTrueClient@sb-bgxknceshxxifwytalex-auth-token:0 (2.93.3) 2026-02-02T15:20:23.804Z #__loadSession() begin

[90mstdout[2m | tests/property/scoped-roles-processing-efficiency.test.ts[2m > [22m[2mProperty 10: Scoped Roles Processing Efficiency[2m > [22m[2mProperty 10.10: Role hierarchy cache should respect TTL settings
[22m[39mGoTrueClient@sb-bgxknceshxxifwytalex-auth-token:0 (2.93.3) 2026-02-02T15:20:23.804Z #getSession() session from storage [1mnull[22m
GoTrueClient@sb-bgxknceshxxifwytalex-auth-token:0 (2.93.3) 2026-02-02T15:20:23.804Z #__loadSession() end

[90mstdout[2m | tests/property/scoped-roles-processing-efficiency.test.ts[2m > [22m[2mProperty 10: Scoped Roles Processing Efficiency[2m > [22m[2mProperty 10.10: Role hierarchy cache should respect TTL settings
[22m[39mGoTrueClient@sb-bgxknceshxxifwytalex-auth-token:0 (2.93.3) 2026-02-02T15:20:23.804Z #_useSession end

[90mstdout[2m | tests/property/scoped-roles-processing-efficiency.test.ts[2m > [22m[2mProperty 10: Scoped Roles Processing Efficiency[2m > [22m[2mProperty 10.10: Role hierarchy cache should respect TTL settings
[22m[39mGoTrueClient@sb-bgxknceshxxifwytalex-auth-token:0 (2.93.3) 2026-02-02T15:20:23.805Z #_acquireLock lock released for storage key sb-bgxknceshxxifwytalex-auth-token

[90mstdout[2m | tests/property/scoped-roles-processing-efficiency.test.ts[2m > [22m[2mProperty 10: Scoped Roles Processing Efficiency[2m > [22m[2mProperty 10.10: Role hierarchy cache should respect TTL settings
[22m[39mGoTrueClient@sb-bgxknceshxxifwytalex-auth-token:0 (2.93.3) 2026-02-02T15:20:23.805Z #_acquireLock end

stderr | tests/property/scoped-roles-processing-efficiency.test.ts > Property 10: Scoped Roles Processing Efficiency > Property 10.10: Role hierarchy cache should respect TTL settings
Error fetching org roles: {
  code: 'PGRST200',
  details: "Searched for a foreign key relationship between 'org_roles' and 'user_profiles' in the schema 'public', but no matches were found.",
  hint: null,
  message: "Could not find a relationship between 'org_roles' and 'user_profiles' in the schema cache"
}

[90mstdout[2m | tests/property/scoped-roles-processing-efficiency.test.ts[2m > [22m[2mProperty 10: Scoped Roles Processing Efficiency[2m > [22m[2mProperty 10.10: Role hierarchy cache should respect TTL settings
[22m[39mGoTrueClient@sb-bgxknceshxxifwytalex-auth-token:0 (2.93.3) 2026-02-02T15:20:23.827Z #_acquireLock begin [33m10000[39m
GoTrueClient@sb-bgxknceshxxifwytalex-auth-token:0 (2.93.3) 2026-02-02T15:20:23.827Z #_acquireLock lock acquired for storage key sb-bgxknceshxxifwytalex-auth-token
GoTrueClient@sb-bgxknceshxxifwytalex-auth-token:0 (2.93.3) 2026-02-02T15:20:23.827Z #_useSession begin
GoTrueClient@sb-bgxknceshxxifwytalex-auth-token:0 (2.93.3) 2026-02-02T15:20:23.827Z #__loadSession() begin

[90mstdout[2m | tests/property/scoped-roles-processing-efficiency.test.ts[2m > [22m[2mProperty 10: Scoped Roles Processing Efficiency[2m > [22m[2mProperty 10.10: Role hierarchy cache should respect TTL settings
[22m[39mGoTrueClient@sb-bgxknceshxxifwytalex-auth-token:0 (2.93.3) 2026-02-02T15:20:23.827Z #getSession() session from storage [1mnull[22m
GoTrueClient@sb-bgxknceshxxifwytalex-auth-token:0 (2.93.3) 2026-02-02T15:20:23.827Z #__loadSession() end

[90mstdout[2m | tests/property/scoped-roles-processing-efficiency.test.ts[2m > [22m[2mProperty 10: Scoped Roles Processing Efficiency[2m > [22m[2mProperty 10.10: Role hierarchy cache should respect TTL settings
[22m[39mGoTrueClient@sb-bgxknceshxxifwytalex-auth-token:0 (2.93.3) 2026-02-02T15:20:23.828Z #_useSession end

[90mstdout[2m | tests/property/scoped-roles-processing-efficiency.test.ts[2m > [22m[2mProperty 10: Scoped Roles Processing Efficiency[2m > [22m[2mProperty 10.10: Role hierarchy cache should respect TTL settings
[22m[39mGoTrueClient@sb-bgxknceshxxifwytalex-auth-token:0 (2.93.3) 2026-02-02T15:20:23.828Z #_acquireLock lock released for storage key sb-bgxknceshxxifwytalex-auth-token

[90mstdout[2m | tests/property/scoped-roles-processing-efficiency.test.ts[2m > [22m[2mProperty 10: Scoped Roles Processing Efficiency[2m > [22m[2mProperty 10.10: Role hierarchy cache should respect TTL settings
[22m[39mGoTrueClient@sb-bgxknceshxxifwytalex-auth-token:0 (2.93.3) 2026-02-02T15:20:23.828Z #_acquireLock end

stderr | tests/property/scoped-roles-processing-efficiency.test.ts > Property 10: Scoped Roles Processing Efficiency > Property 10.10: Role hierarchy cache should respect TTL settings
Error fetching project roles: {
  code: 'PGRST200',
  details: "Searched for a foreign key relationship between 'project_roles' and 'user_profiles' in the schema 'public', but no matches were found.",
  hint: null,
  message: "Could not find a relationship between 'project_roles' and 'user_profiles' in the schema cache"
}

[90mstdout[2m | tests/property/scoped-roles-processing-efficiency.test.ts[2m > [22m[2mProperty 10: Scoped Roles Processing Efficiency[2m > [22m[2mProperty 10.10: Role hierarchy cache should respect TTL settings
[22m[39mGoTrueClient@sb-bgxknceshxxifwytalex-auth-token:0 (2.93.3) 2026-02-02T15:20:23.890Z #_acquireLock begin [33m10000[39m
GoTrueClient@sb-bgxknceshxxifwytalex-auth-token:0 (2.93.3) 2026-02-02T15:20:23.890Z #_acquireLock lock acquired for storage key sb-bgxknceshxxifwytalex-auth-token
GoTrueClient@sb-bgxknceshxxifwytalex-auth-token:0 (2.93.3) 2026-02-02T15:20:23.890Z #_useSession begin
GoTrueClient@sb-bgxknceshxxifwytalex-auth-token:0 (2.93.3) 2026-02-02T15:20:23.890Z #__loadSession() begin

[90mstdout[2m | tests/property/scoped-roles-processing-efficiency.test.ts[2m > [22m[2mProperty 10: Scoped Roles Processing Efficiency[2m > [22m[2mProperty 10.10: Role hierarchy cache should respect TTL settings
[22m[39mGoTrueClient@sb-bgxknceshxxifwytalex-auth-token:0 (2.93.3) 2026-02-02T15:20:23.890Z #getSession() session from storage [1mnull[22m
GoTrueClient@sb-bgxknceshxxifwytalex-auth-token:0 (2.93.3) 2026-02-02T15:20:23.890Z #__loadSession() end

[90mstdout[2m | tests/property/scoped-roles-processing-efficiency.test.ts[2m > [22m[2mProperty 10: Scoped Roles Processing Efficiency[2m > [22m[2mProperty 10.10: Role hierarchy cache should respect TTL settings
[22m[39mGoTrueClient@sb-bgxknceshxxifwytalex-auth-token:0 (2.93.3) 2026-02-02T15:20:23.890Z #_useSession end

[90mstdout[2m | tests/property/scoped-roles-processing-efficiency.test.ts[2m > [22m[2mProperty 10: Scoped Roles Processing Efficiency[2m > [22m[2mProperty 10.10: Role hierarchy cache should respect TTL settings
[22m[39mGoTrueClient@sb-bgxknceshxxifwytalex-auth-token:0 (2.93.3) 2026-02-02T15:20:23.890Z #_acquireLock lock released for storage key sb-bgxknceshxxifwytalex-auth-token

[90mstdout[2m | tests/property/scoped-roles-processing-efficiency.test.ts[2m > [22m[2mProperty 10: Scoped Roles Processing Efficiency[2m > [22m[2mProperty 10.10: Role hierarchy cache should respect TTL settings
[22m[39mGoTrueClient@sb-bgxknceshxxifwytalex-auth-token:0 (2.93.3) 2026-02-02T15:20:23.890Z #_acquireLock end

stderr | tests/property/scoped-roles-processing-efficiency.test.ts > Property 10: Scoped Roles Processing Efficiency > Property 10.10: Role hierarchy cache should respect TTL settings
Error fetching org roles: {
  code: 'PGRST200',
  details: "Searched for a foreign key relationship between 'org_roles' and 'user_profiles' in the schema 'public', but no matches were found.",
  hint: null,
  message: "Could not find a relationship between 'org_roles' and 'user_profiles' in the schema cache"
}

[90mstdout[2m | tests/property/scoped-roles-processing-efficiency.test.ts[2m > [22m[2mProperty 10: Scoped Roles Processing Efficiency[2m > [22m[2mProperty 10.10: Role hierarchy cache should respect TTL settings
[22m[39mGoTrueClient@sb-bgxknceshxxifwytalex-auth-token:0 (2.93.3) 2026-02-02T15:20:23.892Z #_acquireLock begin [33m10000[39m
GoTrueClient@sb-bgxknceshxxifwytalex-auth-token:0 (2.93.3) 2026-02-02T15:20:23.892Z #_acquireLock lock acquired for storage key sb-bgxknceshxxifwytalex-auth-token
GoTrueClient@sb-bgxknceshxxifwytalex-auth-token:0 (2.93.3) 2026-02-02T15:20:23.892Z #_useSession begin
GoTrueClient@sb-bgxknceshxxifwytalex-auth-token:0 (2.93.3) 2026-02-02T15:20:23.892Z #__loadSession() begin

[90mstdout[2m | tests/property/scoped-roles-processing-efficiency.test.ts[2m > [22m[2mProperty 10: Scoped Roles Processing Efficiency[2m > [22m[2mProperty 10.10: Role hierarchy cache should respect TTL settings
[22m[39mGoTrueClient@sb-bgxknceshxxifwytalex-auth-token:0 (2.93.3) 2026-02-02T15:20:23.892Z #getSession() session from storage [1mnull[22m
GoTrueClient@sb-bgxknceshxxifwytalex-auth-token:0 (2.93.3) 2026-02-02T15:20:23.892Z #__loadSession() end

[90mstdout[2m | tests/property/scoped-roles-processing-efficiency.test.ts[2m > [22m[2mProperty 10: Scoped Roles Processing Efficiency[2m > [22m[2mProperty 10.10: Role hierarchy cache should respect TTL settings
[22m[39mGoTrueClient@sb-bgxknceshxxifwytalex-auth-token:0 (2.93.3) 2026-02-02T15:20:23.892Z #_useSession end

[90mstdout[2m | tests/property/scoped-roles-processing-efficiency.test.ts[2m > [22m[2mProperty 10: Scoped Roles Processing Efficiency[2m > [22m[2mProperty 10.10: Role hierarchy cache should respect TTL settings
[22m[39mGoTrueClient@sb-bgxknceshxxifwytalex-auth-token:0 (2.93.3) 2026-02-02T15:20:23.892Z #_acquireLock lock released for storage key sb-bgxknceshxxifwytalex-auth-token

[90mstdout[2m | tests/property/scoped-roles-processing-efficiency.test.ts[2m > [22m[2mProperty 10: Scoped Roles Processing Efficiency[2m > [22m[2mProperty 10.10: Role hierarchy cache should respect TTL settings
[22m[39mGoTrueClient@sb-bgxknceshxxifwytalex-auth-token:0 (2.93.3) 2026-02-02T15:20:23.893Z #_acquireLock end

stderr | tests/property/scoped-roles-processing-efficiency.test.ts > Property 10: Scoped Roles Processing Efficiency > Property 10.10: Role hierarchy cache should respect TTL settings
Error fetching org roles: {
  code: 'PGRST200',
  details: "Searched for a foreign key relationship between 'org_roles' and 'user_profiles' in the schema 'public', but no matches were found.",
  hint: null,
  message: "Could not find a relationship between 'org_roles' and 'user_profiles' in the schema cache"
}

[90mstdout[2m | tests/property/scoped-roles-processing-efficiency.test.ts[2m > [22m[2mProperty 10: Scoped Roles Processing Efficiency[2m > [22m[2mProperty 10.10: Role hierarchy cache should respect TTL settings
[22m[39mGoTrueClient@sb-bgxknceshxxifwytalex-auth-token:0 (2.93.3) 2026-02-02T15:20:23.895Z #_acquireLock begin [33m10000[39m
GoTrueClient@sb-bgxknceshxxifwytalex-auth-token:0 (2.93.3) 2026-02-02T15:20:23.895Z #_acquireLock lock acquired for storage key sb-bgxknceshxxifwytalex-auth-token
GoTrueClient@sb-bgxknceshxxifwytalex-auth-token:0 (2.93.3) 2026-02-02T15:20:23.895Z #_useSession begin
GoTrueClient@sb-bgxknceshxxifwytalex-auth-token:0 (2.93.3) 2026-02-02T15:20:23.895Z #__loadSession() begin

[90mstdout[2m | tests/property/scoped-roles-processing-efficiency.test.ts[2m > [22m[2mProperty 10: Scoped Roles Processing Efficiency[2m > [22m[2mProperty 10.10: Role hierarchy cache should respect TTL settings
[22m[39mGoTrueClient@sb-bgxknceshxxifwytalex-auth-token:0 (2.93.3) 2026-02-02T15:20:23.895Z #getSession() session from storage [1mnull[22m
GoTrueClient@sb-bgxknceshxxifwytalex-auth-token:0 (2.93.3) 2026-02-02T15:20:23.895Z #__loadSession() end

[90mstdout[2m | tests/property/scoped-roles-processing-efficiency.test.ts[2m > [22m[2mProperty 10: Scoped Roles Processing Efficiency[2m > [22m[2mProperty 10.10: Role hierarchy cache should respect TTL settings
[22m[39mGoTrueClient@sb-bgxknceshxxifwytalex-auth-token:0 (2.93.3) 2026-02-02T15:20:23.895Z #_useSession end

[90mstdout[2m | tests/property/scoped-roles-processing-efficiency.test.ts[2m > [22m[2mProperty 10: Scoped Roles Processing Efficiency[2m > [22m[2mProperty 10.10: Role hierarchy cache should respect TTL settings
[22m[39mGoTrueClient@sb-bgxknceshxxifwytalex-auth-token:0 (2.93.3) 2026-02-02T15:20:23.896Z #_acquireLock lock released for storage key sb-bgxknceshxxifwytalex-auth-token

[90mstdout[2m | tests/property/scoped-roles-processing-efficiency.test.ts[2m > [22m[2mProperty 10: Scoped Roles Processing Efficiency[2m > [22m[2mProperty 10.10: Role hierarchy cache should respect TTL settings
[22m[39mGoTrueClient@sb-bgxknceshxxifwytalex-auth-token:0 (2.93.3) 2026-02-02T15:20:23.896Z #_acquireLock end

[90mstdout[2m | tests/property/scoped-roles-processing-efficiency.test.ts[2m > [22m[2mProperty 10: Scoped Roles Processing Efficiency[2m > [22m[2mProperty 10.10: Role hierarchy cache should respect TTL settings
[22m[39mGoTrueClient@sb-bgxknceshxxifwytalex-auth-token:0 (2.93.3) 2026-02-02T15:20:23.911Z #_acquireLock begin [33m10000[39m
GoTrueClient@sb-bgxknceshxxifwytalex-auth-token:0 (2.93.3) 2026-02-02T15:20:23.911Z #_acquireLock lock acquired for storage key sb-bgxknceshxxifwytalex-auth-token
GoTrueClient@sb-bgxknceshxxifwytalex-auth-token:0 (2.93.3) 2026-02-02T15:20:23.911Z #_useSession begin
GoTrueClient@sb-bgxknceshxxifwytalex-auth-token:0 (2.93.3) 2026-02-02T15:20:23.911Z #__loadSession() begin

[90mstdout[2m | tests/property/scoped-roles-processing-efficiency.test.ts[2m > [22m[2mProperty 10: Scoped Roles Processing Efficiency[2m > [22m[2mProperty 10.10: Role hierarchy cache should respect TTL settings
[22m[39mGoTrueClient@sb-bgxknceshxxifwytalex-auth-token:0 (2.93.3) 2026-02-02T15:20:23.911Z #getSession() session from storage [1mnull[22m
GoTrueClient@sb-bgxknceshxxifwytalex-auth-token:0 (2.93.3) 2026-02-02T15:20:23.911Z #__loadSession() end

[90mstdout[2m | tests/property/scoped-roles-processing-efficiency.test.ts[2m > [22m[2mProperty 10: Scoped Roles Processing Efficiency[2m > [22m[2mProperty 10.10: Role hierarchy cache should respect TTL settings
[22m[39mGoTrueClient@sb-bgxknceshxxifwytalex-auth-token:0 (2.93.3) 2026-02-02T15:20:23.911Z #_useSession end

[90mstdout[2m | tests/property/scoped-roles-processing-efficiency.test.ts[2m > [22m[2mProperty 10: Scoped Roles Processing Efficiency[2m > [22m[2mProperty 10.10: Role hierarchy cache should respect TTL settings
[22m[39mGoTrueClient@sb-bgxknceshxxifwytalex-auth-token:0 (2.93.3) 2026-02-02T15:20:23.911Z #_acquireLock lock released for storage key sb-bgxknceshxxifwytalex-auth-token

[90mstdout[2m | tests/property/scoped-roles-processing-efficiency.test.ts[2m > [22m[2mProperty 10: Scoped Roles Processing Efficiency[2m > [22m[2mProperty 10.10: Role hierarchy cache should respect TTL settings
[22m[39mGoTrueClient@sb-bgxknceshxxifwytalex-auth-token:0 (2.93.3) 2026-02-02T15:20:23.911Z #_acquireLock end

stderr | tests/property/scoped-roles-processing-efficiency.test.ts > Property 10: Scoped Roles Processing Efficiency > Property 10.10: Role hierarchy cache should respect TTL settings
Error fetching org roles: {
  code: 'PGRST200',
  details: "Searched for a foreign key relationship between 'org_roles' and 'user_profiles' in the schema 'public', but no matches were found.",
  hint: null,
  message: "Could not find a relationship between 'org_roles' and 'user_profiles' in the schema cache"
}

[90mstdout[2m | tests/property/scoped-roles-processing-efficiency.test.ts[2m > [22m[2mProperty 10: Scoped Roles Processing Efficiency[2m > [22m[2mProperty 10.10: Role hierarchy cache should respect TTL settings
[22m[39mGoTrueClient@sb-bgxknceshxxifwytalex-auth-token:0 (2.93.3) 2026-02-02T15:20:23.973Z #_acquireLock begin [33m10000[39m
GoTrueClient@sb-bgxknceshxxifwytalex-auth-token:0 (2.93.3) 2026-02-02T15:20:23.973Z #_acquireLock lock acquired for storage key sb-bgxknceshxxifwytalex-auth-token
GoTrueClient@sb-bgxknceshxxifwytalex-auth-token:0 (2.93.3) 2026-02-02T15:20:23.973Z #_useSession begin
GoTrueClient@sb-bgxknceshxxifwytalex-auth-token:0 (2.93.3) 2026-02-02T15:20:23.973Z #__loadSession() begin

[90mstdout[2m | tests/property/scoped-roles-processing-efficiency.test.ts[2m > [22m[2mProperty 10: Scoped Roles Processing Efficiency[2m > [22m[2mProperty 10.10: Role hierarchy cache should respect TTL settings
[22m[39mGoTrueClient@sb-bgxknceshxxifwytalex-auth-token:0 (2.93.3) 2026-02-02T15:20:23.973Z #getSession() session from storage [1mnull[22m
GoTrueClient@sb-bgxknceshxxifwytalex-auth-token:0 (2.93.3) 2026-02-02T15:20:23.973Z #__loadSession() end

[90mstdout[2m | tests/property/scoped-roles-processing-efficiency.test.ts[2m > [22m[2mProperty 10: Scoped Roles Processing Efficiency[2m > [22m[2mProperty 10.10: Role hierarchy cache should respect TTL settings
[22m[39mGoTrueClient@sb-bgxknceshxxifwytalex-auth-token:0 (2.93.3) 2026-02-02T15:20:23.973Z #_useSession end

[90mstdout[2m | tests/property/scoped-roles-processing-efficiency.test.ts[2m > [22m[2mProperty 10: Scoped Roles Processing Efficiency[2m > [22m[2mProperty 10.10: Role hierarchy cache should respect TTL settings
[22m[39mGoTrueClient@sb-bgxknceshxxifwytalex-auth-token:0 (2.93.3) 2026-02-02T15:20:23.973Z #_acquireLock lock released for storage key sb-bgxknceshxxifwytalex-auth-token

[90mstdout[2m | tests/property/scoped-roles-processing-efficiency.test.ts[2m > [22m[2mProperty 10: Scoped Roles Processing Efficiency[2m > [22m[2mProperty 10.10: Role hierarchy cache should respect TTL settings
[22m[39mGoTrueClient@sb-bgxknceshxxifwytalex-auth-token:0 (2.93.3) 2026-02-02T15:20:23.973Z #_acquireLock end

stderr | tests/property/scoped-roles-processing-efficiency.test.ts > Property 10: Scoped Roles Processing Efficiency > Property 10.10: Role hierarchy cache should respect TTL settings
Error fetching project roles: {
  code: 'PGRST200',
  details: "Searched for a foreign key relationship between 'project_roles' and 'user_profiles' in the schema 'public', but no matches were found.",
  hint: null,
  message: "Could not find a relationship between 'project_roles' and 'user_profiles' in the schema cache"
}

[90mstdout[2m | tests/property/scoped-roles-processing-efficiency.test.ts[2m > [22m[2mProperty 10: Scoped Roles Processing Efficiency[2m > [22m[2mProperty 10.10: Role hierarchy cache should respect TTL settings
[22m[39mGoTrueClient@sb-bgxknceshxxifwytalex-auth-token:0 (2.93.3) 2026-02-02T15:20:24.012Z #_acquireLock begin [33m10000[39m
GoTrueClient@sb-bgxknceshxxifwytalex-auth-token:0 (2.93.3) 2026-02-02T15:20:24.012Z #_acquireLock lock acquired for storage key sb-bgxknceshxxifwytalex-auth-token
GoTrueClient@sb-bgxknceshxxifwytalex-auth-token:0 (2.93.3) 2026-02-02T15:20:24.012Z #_useSession begin
GoTrueClient@sb-bgxknceshxxifwytalex-auth-token:0 (2.93.3) 2026-02-02T15:20:24.012Z #__loadSession() begin

[90mstdout[2m | tests/property/scoped-roles-processing-efficiency.test.ts[2m > [22m[2mProperty 10: Scoped Roles Processing Efficiency[2m > [22m[2mProperty 10.10: Role hierarchy cache should respect TTL settings
[22m[39mGoTrueClient@sb-bgxknceshxxifwytalex-auth-token:0 (2.93.3) 2026-02-02T15:20:24.012Z #getSession() session from storage [1mnull[22m
GoTrueClient@sb-bgxknceshxxifwytalex-auth-token:0 (2.93.3) 2026-02-02T15:20:24.012Z #__loadSession() end

[90mstdout[2m | tests/property/scoped-roles-processing-efficiency.test.ts[2m > [22m[2mProperty 10: Scoped Roles Processing Efficiency[2m > [22m[2mProperty 10.10: Role hierarchy cache should respect TTL settings
[22m[39mGoTrueClient@sb-bgxknceshxxifwytalex-auth-token:0 (2.93.3) 2026-02-02T15:20:24.012Z #_useSession end

[90mstdout[2m | tests/property/scoped-roles-processing-efficiency.test.ts[2m > [22m[2mProperty 10: Scoped Roles Processing Efficiency[2m > [22m[2mProperty 10.10: Role hierarchy cache should respect TTL settings
[22m[39mGoTrueClient@sb-bgxknceshxxifwytalex-auth-token:0 (2.93.3) 2026-02-02T15:20:24.012Z #_acquireLock lock released for storage key sb-bgxknceshxxifwytalex-auth-token

[90mstdout[2m | tests/property/scoped-roles-processing-efficiency.test.ts[2m > [22m[2mProperty 10: Scoped Roles Processing Efficiency[2m > [22m[2mProperty 10.10: Role hierarchy cache should respect TTL settings
[22m[39mGoTrueClient@sb-bgxknceshxxifwytalex-auth-token:0 (2.93.3) 2026-02-02T15:20:24.012Z #_acquireLock end

stderr | tests/property/scoped-roles-processing-efficiency.test.ts > Property 10: Scoped Roles Processing Efficiency > Property 10.10: Role hierarchy cache should respect TTL settings
Error fetching project roles: {
  code: 'PGRST200',
  details: "Searched for a foreign key relationship between 'project_roles' and 'user_profiles' in the schema 'public', but no matches were found.",
  hint: null,
  message: "Could not find a relationship between 'project_roles' and 'user_profiles' in the schema cache"
}

[90mstdout[2m | tests/property/scoped-roles-processing-efficiency.test.ts[2m > [22m[2mProperty 10: Scoped Roles Processing Efficiency[2m > [22m[2mProperty 10.10: Role hierarchy cache should respect TTL settings
[22m[39mGoTrueClient@sb-bgxknceshxxifwytalex-auth-token:0 (2.93.3) 2026-02-02T15:20:24.040Z #_acquireLock begin [33m10000[39m
GoTrueClient@sb-bgxknceshxxifwytalex-auth-token:0 (2.93.3) 2026-02-02T15:20:24.040Z #_acquireLock lock acquired for storage key sb-bgxknceshxxifwytalex-auth-token
GoTrueClient@sb-bgxknceshxxifwytalex-auth-token:0 (2.93.3) 2026-02-02T15:20:24.040Z #_useSession begin
GoTrueClient@sb-bgxknceshxxifwytalex-auth-token:0 (2.93.3) 2026-02-02T15:20:24.040Z #__loadSession() begin

[90mstdout[2m | tests/property/scoped-roles-processing-efficiency.test.ts[2m > [22m[2mProperty 10: Scoped Roles Processing Efficiency[2m > [22m[2mProperty 10.10: Role hierarchy cache should respect TTL settings
[22m[39mGoTrueClient@sb-bgxknceshxxifwytalex-auth-token:0 (2.93.3) 2026-02-02T15:20:24.040Z #getSession() session from storage [1mnull[22m
GoTrueClient@sb-bgxknceshxxifwytalex-auth-token:0 (2.93.3) 2026-02-02T15:20:24.040Z #__loadSession() end

[90mstdout[2m | tests/property/scoped-roles-processing-efficiency.test.ts[2m > [22m[2mProperty 10: Scoped Roles Processing Efficiency[2m > [22m[2mProperty 10.10: Role hierarchy cache should respect TTL settings
[22m[39mGoTrueClient@sb-bgxknceshxxifwytalex-auth-token:0 (2.93.3) 2026-02-02T15:20:24.041Z #_useSession end

[90mstdout[2m | tests/property/scoped-roles-processing-efficiency.test.ts[2m > [22m[2mProperty 10: Scoped Roles Processing Efficiency[2m > [22m[2mProperty 10.10: Role hierarchy cache should respect TTL settings
[22m[39mGoTrueClient@sb-bgxknceshxxifwytalex-auth-token:0 (2.93.3) 2026-02-02T15:20:24.041Z #_acquireLock lock released for storage key sb-bgxknceshxxifwytalex-auth-token

[90mstdout[2m | tests/property/scoped-roles-processing-efficiency.test.ts[2m > [22m[2mProperty 10: Scoped Roles Processing Efficiency[2m > [22m[2mProperty 10.10: Role hierarchy cache should respect TTL settings
[22m[39mGoTrueClient@sb-bgxknceshxxifwytalex-auth-token:0 (2.93.3) 2026-02-02T15:20:24.041Z #_acquireLock end

stderr | tests/property/scoped-roles-processing-efficiency.test.ts > Property 10: Scoped Roles Processing Efficiency > Property 10.10: Role hierarchy cache should respect TTL settings
Error fetching org roles: {
  code: 'PGRST200',
  details: "Searched for a foreign key relationship between 'org_roles' and 'user_profiles' in the schema 'public', but no matches were found.",
  hint: null,
  message: "Could not find a relationship between 'org_roles' and 'user_profiles' in the schema cache"
}

[90mstdout[2m | tests/property/scoped-roles-processing-efficiency.test.ts[2m > [22m[2mProperty 10: Scoped Roles Processing Efficiency[2m > [22m[2mProperty 10.10: Role hierarchy cache should respect TTL settings
[22m[39mGoTrueClient@sb-bgxknceshxxifwytalex-auth-token:0 (2.93.3) 2026-02-02T15:20:24.101Z #_acquireLock begin [33m10000[39m
GoTrueClient@sb-bgxknceshxxifwytalex-auth-token:0 (2.93.3) 2026-02-02T15:20:24.101Z #_acquireLock lock acquired for storage key sb-bgxknceshxxifwytalex-auth-token
GoTrueClient@sb-bgxknceshxxifwytalex-auth-token:0 (2.93.3) 2026-02-02T15:20:24.101Z #_useSession begin
GoTrueClient@sb-bgxknceshxxifwytalex-auth-token:0 (2.93.3) 2026-02-02T15:20:24.101Z #__loadSession() begin

[90mstdout[2m | tests/property/scoped-roles-processing-efficiency.test.ts[2m > [22m[2mProperty 10: Scoped Roles Processing Efficiency[2m > [22m[2mProperty 10.10: Role hierarchy cache should respect TTL settings
[22m[39mGoTrueClient@sb-bgxknceshxxifwytalex-auth-token:0 (2.93.3) 2026-02-02T15:20:24.102Z #getSession() session from storage [1mnull[22m
GoTrueClient@sb-bgxknceshxxifwytalex-auth-token:0 (2.93.3) 2026-02-02T15:20:24.102Z #__loadSession() end

[90mstdout[2m | tests/property/scoped-roles-processing-efficiency.test.ts[2m > [22m[2mProperty 10: Scoped Roles Processing Efficiency[2m > [22m[2mProperty 10.10: Role hierarchy cache should respect TTL settings
[22m[39mGoTrueClient@sb-bgxknceshxxifwytalex-auth-token:0 (2.93.3) 2026-02-02T15:20:24.102Z #_useSession end

[90mstdout[2m | tests/property/scoped-roles-processing-efficiency.test.ts[2m > [22m[2mProperty 10: Scoped Roles Processing Efficiency[2m > [22m[2mProperty 10.10: Role hierarchy cache should respect TTL settings
[22m[39mGoTrueClient@sb-bgxknceshxxifwytalex-auth-token:0 (2.93.3) 2026-02-02T15:20:24.102Z #_acquireLock lock released for storage key sb-bgxknceshxxifwytalex-auth-token

[90mstdout[2m | tests/property/scoped-roles-processing-efficiency.test.ts[2m > [22m[2mProperty 10: Scoped Roles Processing Efficiency[2m > [22m[2mProperty 10.10: Role hierarchy cache should respect TTL settings
[22m[39mGoTrueClient@sb-bgxknceshxxifwytalex-auth-token:0 (2.93.3) 2026-02-02T15:20:24.102Z #_acquireLock end

stderr | tests/property/scoped-roles-processing-efficiency.test.ts > Property 10: Scoped Roles Processing Efficiency > Property 10.10: Role hierarchy cache should respect TTL settings
Error fetching project roles: {
  code: 'PGRST200',
  details: "Searched for a foreign key relationship between 'project_roles' and 'user_profiles' in the schema 'public', but no matches were found.",
  hint: null,
  message: "Could not find a relationship between 'project_roles' and 'user_profiles' in the schema cache"
}

[90mstdout[2m | tests/property/scoped-roles-processing-efficiency.test.ts[2m > [22m[2mProperty 10: Scoped Roles Processing Efficiency[2m > [22m[2mProperty 10.10: Role hierarchy cache should respect TTL settings
[22m[39mGoTrueClient@sb-bgxknceshxxifwytalex-auth-token:0 (2.93.3) 2026-02-02T15:20:24.110Z #_acquireLock begin [33m10000[39m
GoTrueClient@sb-bgxknceshxxifwytalex-auth-token:0 (2.93.3) 2026-02-02T15:20:24.110Z #_acquireLock lock acquired for storage key sb-bgxknceshxxifwytalex-auth-token
GoTrueClient@sb-bgxknceshxxifwytalex-auth-token:0 (2.93.3) 2026-02-02T15:20:24.110Z #_useSession begin
GoTrueClient@sb-bgxknceshxxifwytalex-auth-token:0 (2.93.3) 2026-02-02T15:20:24.110Z #__loadSession() begin

[90mstdout[2m | tests/property/scoped-roles-processing-efficiency.test.ts[2m > [22m[2mProperty 10: Scoped Roles Processing Efficiency[2m > [22m[2mProperty 10.10: Role hierarchy cache should respect TTL settings
[22m[39mGoTrueClient@sb-bgxknceshxxifwytalex-auth-token:0 (2.93.3) 2026-02-02T15:20:24.110Z #getSession() session from storage [1mnull[22m
GoTrueClient@sb-bgxknceshxxifwytalex-auth-token:0 (2.93.3) 2026-02-02T15:20:24.110Z #__loadSession() end

[90mstdout[2m | tests/property/scoped-roles-processing-efficiency.test.ts[2m > [22m[2mProperty 10: Scoped Roles Processing Efficiency[2m > [22m[2mProperty 10.10: Role hierarchy cache should respect TTL settings
[22m[39mGoTrueClient@sb-bgxknceshxxifwytalex-auth-token:0 (2.93.3) 2026-02-02T15:20:24.110Z #_useSession end

[90mstdout[2m | tests/property/scoped-roles-processing-efficiency.test.ts[2m > [22m[2mProperty 10: Scoped Roles Processing Efficiency[2m > [22m[2mProperty 10.10: Role hierarchy cache should respect TTL settings
[22m[39mGoTrueClient@sb-bgxknceshxxifwytalex-auth-token:0 (2.93.3) 2026-02-02T15:20:24.110Z #_acquireLock lock released for storage key sb-bgxknceshxxifwytalex-auth-token

[90mstdout[2m | tests/property/scoped-roles-processing-efficiency.test.ts[2m > [22m[2mProperty 10: Scoped Roles Processing Efficiency[2m > [22m[2mProperty 10.10: Role hierarchy cache should respect TTL settings
[22m[39mGoTrueClient@sb-bgxknceshxxifwytalex-auth-token:0 (2.93.3) 2026-02-02T15:20:24.110Z #_acquireLock end

stderr | tests/property/scoped-roles-processing-efficiency.test.ts > Property 10: Scoped Roles Processing Efficiency > Property 10.10: Role hierarchy cache should respect TTL settings
Error fetching org roles: {
  code: 'PGRST200',
  details: "Searched for a foreign key relationship between 'org_roles' and 'user_profiles' in the schema 'public', but no matches were found.",
  hint: null,
  message: "Could not find a relationship between 'org_roles' and 'user_profiles' in the schema cache"
}

[90mstdout[2m | tests/property/scoped-roles-processing-efficiency.test.ts[2m > [22m[2mProperty 10: Scoped Roles Processing Efficiency[2m > [22m[2mProperty 10.10: Role hierarchy cache should respect TTL settings
[22m[39mGoTrueClient@sb-bgxknceshxxifwytalex-auth-token:0 (2.93.3) 2026-02-02T15:20:24.120Z #_acquireLock begin [33m10000[39m
GoTrueClient@sb-bgxknceshxxifwytalex-auth-token:0 (2.93.3) 2026-02-02T15:20:24.120Z #_acquireLock lock acquired for storage key sb-bgxknceshxxifwytalex-auth-token
GoTrueClient@sb-bgxknceshxxifwytalex-auth-token:0 (2.93.3) 2026-02-02T15:20:24.120Z #_useSession begin
GoTrueClient@sb-bgxknceshxxifwytalex-auth-token:0 (2.93.3) 2026-02-02T15:20:24.120Z #__loadSession() begin

[90mstdout[2m | tests/property/scoped-roles-processing-efficiency.test.ts[2m > [22m[2mProperty 10: Scoped Roles Processing Efficiency[2m > [22m[2mProperty 10.10: Role hierarchy cache should respect TTL settings
[22m[39mGoTrueClient@sb-bgxknceshxxifwytalex-auth-token:0 (2.93.3) 2026-02-02T15:20:24.120Z #getSession() session from storage [1mnull[22m
GoTrueClient@sb-bgxknceshxxifwytalex-auth-token:0 (2.93.3) 2026-02-02T15:20:24.120Z #__loadSession() end

[90mstdout[2m | tests/property/scoped-roles-processing-efficiency.test.ts[2m > [22m[2mProperty 10: Scoped Roles Processing Efficiency[2m > [22m[2mProperty 10.10: Role hierarchy cache should respect TTL settings
[22m[39mGoTrueClient@sb-bgxknceshxxifwytalex-auth-token:0 (2.93.3) 2026-02-02T15:20:24.120Z #_useSession end

[90mstdout[2m | tests/property/scoped-roles-processing-efficiency.test.ts[2m > [22m[2mProperty 10: Scoped Roles Processing Efficiency[2m > [22m[2mProperty 10.10: Role hierarchy cache should respect TTL settings
[22m[39mGoTrueClient@sb-bgxknceshxxifwytalex-auth-token:0 (2.93.3) 2026-02-02T15:20:24.120Z #_acquireLock lock released for storage key sb-bgxknceshxxifwytalex-auth-token

[90mstdout[2m | tests/property/scoped-roles-processing-efficiency.test.ts[2m > [22m[2mProperty 10: Scoped Roles Processing Efficiency[2m > [22m[2mProperty 10.10: Role hierarchy cache should respect TTL settings
[22m[39mGoTrueClient@sb-bgxknceshxxifwytalex-auth-token:0 (2.93.3) 2026-02-02T15:20:24.121Z #_acquireLock end

stderr | tests/property/scoped-roles-processing-efficiency.test.ts > Property 10: Scoped Roles Processing Efficiency > Property 10.10: Role hierarchy cache should respect TTL settings
Error fetching org roles: {
  code: 'PGRST200',
  details: "Searched for a foreign key relationship between 'org_roles' and 'user_profiles' in the schema 'public', but no matches were found.",
  hint: null,
  message: "Could not find a relationship between 'org_roles' and 'user_profiles' in the schema cache"
}

[90mstdout[2m | tests/property/scoped-roles-processing-efficiency.test.ts[2m > [22m[2mProperty 10: Scoped Roles Processing Efficiency[2m > [22m[2mProperty 10.10: Role hierarchy cache should respect TTL settings
[22m[39mGoTrueClient@sb-bgxknceshxxifwytalex-auth-token:0 (2.93.3) 2026-02-02T15:20:24.123Z #_acquireLock begin [33m10000[39m
GoTrueClient@sb-bgxknceshxxifwytalex-auth-token:0 (2.93.3) 2026-02-02T15:20:24.123Z #_acquireLock lock acquired for storage key sb-bgxknceshxxifwytalex-auth-token
GoTrueClient@sb-bgxknceshxxifwytalex-auth-token:0 (2.93.3) 2026-02-02T15:20:24.123Z #_useSession begin
GoTrueClient@sb-bgxknceshxxifwytalex-auth-token:0 (2.93.3) 2026-02-02T15:20:24.123Z #__loadSession() begin

[90mstdout[2m | tests/property/scoped-roles-processing-efficiency.test.ts[2m > [22m[2mProperty 10: Scoped Roles Processing Efficiency[2m > [22m[2mProperty 10.10: Role hierarchy cache should respect TTL settings
[22m[39mGoTrueClient@sb-bgxknceshxxifwytalex-auth-token:0 (2.93.3) 2026-02-02T15:20:24.123Z #getSession() session from storage [1mnull[22m
GoTrueClient@sb-bgxknceshxxifwytalex-auth-token:0 (2.93.3) 2026-02-02T15:20:24.123Z #__loadSession() end

[90mstdout[2m | tests/property/scoped-roles-processing-efficiency.test.ts[2m > [22m[2mProperty 10: Scoped Roles Processing Efficiency[2m > [22m[2mProperty 10.10: Role hierarchy cache should respect TTL settings
[22m[39mGoTrueClient@sb-bgxknceshxxifwytalex-auth-token:0 (2.93.3) 2026-02-02T15:20:24.123Z #_useSession end

[90mstdout[2m | tests/property/scoped-roles-processing-efficiency.test.ts[2m > [22m[2mProperty 10: Scoped Roles Processing Efficiency[2m > [22m[2mProperty 10.10: Role hierarchy cache should respect TTL settings
[22m[39mGoTrueClient@sb-bgxknceshxxifwytalex-auth-token:0 (2.93.3) 2026-02-02T15:20:24.123Z #_acquireLock lock released for storage key sb-bgxknceshxxifwytalex-auth-token

[90mstdout[2m | tests/property/scoped-roles-processing-efficiency.test.ts[2m > [22m[2mProperty 10: Scoped Roles Processing Efficiency[2m > [22m[2mProperty 10.10: Role hierarchy cache should respect TTL settings
[22m[39mGoTrueClient@sb-bgxknceshxxifwytalex-auth-token:0 (2.93.3) 2026-02-02T15:20:24.123Z #_acquireLock end

stderr | tests/property/scoped-roles-processing-efficiency.test.ts > Property 10: Scoped Roles Processing Efficiency > Property 10.10: Role hierarchy cache should respect TTL settings
Error fetching project roles: {
  code: 'PGRST200',
  details: "Searched for a foreign key relationship between 'project_roles' and 'user_profiles' in the schema 'public', but no matches were found.",
  hint: null,
  message: "Could not find a relationship between 'project_roles' and 'user_profiles' in the schema cache"
}

[90mstdout[2m | tests/property/scoped-roles-processing-efficiency.test.ts[2m > [22m[2mProperty 10: Scoped Roles Processing Efficiency[2m > [22m[2mProperty 10.10: Role hierarchy cache should respect TTL settings
[22m[39mGoTrueClient@sb-bgxknceshxxifwytalex-auth-token:0 (2.93.3) 2026-02-02T15:20:24.183Z #_acquireLock begin [33m10000[39m
GoTrueClient@sb-bgxknceshxxifwytalex-auth-token:0 (2.93.3) 2026-02-02T15:20:24.183Z #_acquireLock lock acquired for storage key sb-bgxknceshxxifwytalex-auth-token
GoTrueClient@sb-bgxknceshxxifwytalex-auth-token:0 (2.93.3) 2026-02-02T15:20:24.183Z #_useSession begin
GoTrueClient@sb-bgxknceshxxifwytalex-auth-token:0 (2.93.3) 2026-02-02T15:20:24.183Z #__loadSession() begin

[90mstdout[2m | tests/property/scoped-roles-processing-efficiency.test.ts[2m > [22m[2mProperty 10: Scoped Roles Processing Efficiency[2m > [22m[2mProperty 10.10: Role hierarchy cache should respect TTL settings
[22m[39mGoTrueClient@sb-bgxknceshxxifwytalex-auth-token:0 (2.93.3) 2026-02-02T15:20:24.183Z #getSession() session from storage [1mnull[22m
GoTrueClient@sb-bgxknceshxxifwytalex-auth-token:0 (2.93.3) 2026-02-02T15:20:24.183Z #__loadSession() end

[90mstdout[2m | tests/property/scoped-roles-processing-efficiency.test.ts[2m > [22m[2mProperty 10: Scoped Roles Processing Efficiency[2m > [22m[2mProperty 10.10: Role hierarchy cache should respect TTL settings
[22m[39mGoTrueClient@sb-bgxknceshxxifwytalex-auth-token:0 (2.93.3) 2026-02-02T15:20:24.184Z #_useSession end

[90mstdout[2m | tests/property/scoped-roles-processing-efficiency.test.ts[2m > [22m[2mProperty 10: Scoped Roles Processing Efficiency[2m > [22m[2mProperty 10.10: Role hierarchy cache should respect TTL settings
[22m[39mGoTrueClient@sb-bgxknceshxxifwytalex-auth-token:0 (2.93.3) 2026-02-02T15:20:24.184Z #_acquireLock lock released for storage key sb-bgxknceshxxifwytalex-auth-token

[90mstdout[2m | tests/property/scoped-roles-processing-efficiency.test.ts[2m > [22m[2mProperty 10: Scoped Roles Processing Efficiency[2m > [22m[2mProperty 10.10: Role hierarchy cache should respect TTL settings
[22m[39mGoTrueClient@sb-bgxknceshxxifwytalex-auth-token:0 (2.93.3) 2026-02-02T15:20:24.184Z #_acquireLock end

[90mstdout[2m | tests/property/scoped-roles-processing-efficiency.test.ts[2m > [22m[2mProperty 10: Scoped Roles Processing Efficiency[2m > [22m[2mProperty 10.10: Role hierarchy cache should respect TTL settings
[22m[39mGoTrueClient@sb-bgxknceshxxifwytalex-auth-token:0 (2.93.3) 2026-02-02T15:20:24.214Z #_acquireLock begin [33m10000[39m
GoTrueClient@sb-bgxknceshxxifwytalex-auth-token:0 (2.93.3) 2026-02-02T15:20:24.214Z #_acquireLock lock acquired for storage key sb-bgxknceshxxifwytalex-auth-token
GoTrueClient@sb-bgxknceshxxifwytalex-auth-token:0 (2.93.3) 2026-02-02T15:20:24.214Z #_useSession begin
GoTrueClient@sb-bgxknceshxxifwytalex-auth-token:0 (2.93.3) 2026-02-02T15:20:24.214Z #__loadSession() begin

[90mstdout[2m | tests/property/scoped-roles-processing-efficiency.test.ts[2m > [22m[2mProperty 10: Scoped Roles Processing Efficiency[2m > [22m[2mProperty 10.10: Role hierarchy cache should respect TTL settings
[22m[39mGoTrueClient@sb-bgxknceshxxifwytalex-auth-token:0 (2.93.3) 2026-02-02T15:20:24.214Z #getSession() session from storage [1mnull[22m
GoTrueClient@sb-bgxknceshxxifwytalex-auth-token:0 (2.93.3) 2026-02-02T15:20:24.214Z #__loadSession() end

[90mstdout[2m | tests/property/scoped-roles-processing-efficiency.test.ts[2m > [22m[2mProperty 10: Scoped Roles Processing Efficiency[2m > [22m[2mProperty 10.10: Role hierarchy cache should respect TTL settings
[22m[39mGoTrueClient@sb-bgxknceshxxifwytalex-auth-token:0 (2.93.3) 2026-02-02T15:20:24.214Z #_useSession end

[90mstdout[2m | tests/property/scoped-roles-processing-efficiency.test.ts[2m > [22m[2mProperty 10: Scoped Roles Processing Efficiency[2m > [22m[2mProperty 10.10: Role hierarchy cache should respect TTL settings
[22m[39mGoTrueClient@sb-bgxknceshxxifwytalex-auth-token:0 (2.93.3) 2026-02-02T15:20:24.214Z #_acquireLock lock released for storage key sb-bgxknceshxxifwytalex-auth-token

[90mstdout[2m | tests/property/scoped-roles-processing-efficiency.test.ts[2m > [22m[2mProperty 10: Scoped Roles Processing Efficiency[2m > [22m[2mProperty 10.10: Role hierarchy cache should respect TTL settings
[22m[39mGoTrueClient@sb-bgxknceshxxifwytalex-auth-token:0 (2.93.3) 2026-02-02T15:20:24.215Z #_acquireLock end

[90mstdout[2m | tests/property/scoped-roles-processing-efficiency.test.ts[2m > [22m[2mProperty 10: Scoped Roles Processing Efficiency[2m > [22m[2mProperty 10.10: Role hierarchy cache should respect TTL settings
[22m[39mGoTrueClient@sb-bgxknceshxxifwytalex-auth-token:0 (2.93.3) 2026-02-02T15:20:24.252Z #_acquireLock begin [33m10000[39m
GoTrueClient@sb-bgxknceshxxifwytalex-auth-token:0 (2.93.3) 2026-02-02T15:20:24.252Z #_acquireLock lock acquired for storage key sb-bgxknceshxxifwytalex-auth-token
GoTrueClient@sb-bgxknceshxxifwytalex-auth-token:0 (2.93.3) 2026-02-02T15:20:24.252Z #_useSession begin
GoTrueClient@sb-bgxknceshxxifwytalex-auth-token:0 (2.93.3) 2026-02-02T15:20:24.252Z #__loadSession() begin

[90mstdout[2m | tests/property/scoped-roles-processing-efficiency.test.ts[2m > [22m[2mProperty 10: Scoped Roles Processing Efficiency[2m > [22m[2mProperty 10.10: Role hierarchy cache should respect TTL settings
[22m[39mGoTrueClient@sb-bgxknceshxxifwytalex-auth-token:0 (2.93.3) 2026-02-02T15:20:24.252Z #getSession() session from storage [1mnull[22m
GoTrueClient@sb-bgxknceshxxifwytalex-auth-token:0 (2.93.3) 2026-02-02T15:20:24.252Z #__loadSession() end

[90mstdout[2m | tests/property/scoped-roles-processing-efficiency.test.ts[2m > [22m[2mProperty 10: Scoped Roles Processing Efficiency[2m > [22m[2mProperty 10.10: Role hierarchy cache should respect TTL settings
[22m[39mGoTrueClient@sb-bgxknceshxxifwytalex-auth-token:0 (2.93.3) 2026-02-02T15:20:24.252Z #_useSession end

[90mstdout[2m | tests/property/scoped-roles-processing-efficiency.test.ts[2m > [22m[2mProperty 10: Scoped Roles Processing Efficiency[2m > [22m[2mProperty 10.10: Role hierarchy cache should respect TTL settings
[22m[39mGoTrueClient@sb-bgxknceshxxifwytalex-auth-token:0 (2.93.3) 2026-02-02T15:20:24.253Z #_acquireLock lock released for storage key sb-bgxknceshxxifwytalex-auth-token

[90mstdout[2m | tests/property/scoped-roles-processing-efficiency.test.ts[2m > [22m[2mProperty 10: Scoped Roles Processing Efficiency[2m > [22m[2mProperty 10.10: Role hierarchy cache should respect TTL settings
[22m[39mGoTrueClient@sb-bgxknceshxxifwytalex-auth-token:0 (2.93.3) 2026-02-02T15:20:24.253Z #_acquireLock end

stderr | tests/property/scoped-roles-processing-efficiency.test.ts > Property 10: Scoped Roles Processing Efficiency > Property 10.10: Role hierarchy cache should respect TTL settings
Error fetching project roles: {
  code: 'PGRST200',
  details: "Searched for a foreign key relationship between 'project_roles' and 'user_profiles' in the schema 'public', but no matches were found.",
  hint: null,
  message: "Could not find a relationship between 'project_roles' and 'user_profiles' in the schema cache"
}

[90mstdout[2m | tests/property/scoped-roles-processing-efficiency.test.ts[2m > [22m[2mProperty 10: Scoped Roles Processing Efficiency[2m > [22m[2mProperty 10.10: Role hierarchy cache should respect TTL settings
[22m[39mGoTrueClient@sb-bgxknceshxxifwytalex-auth-token:0 (2.93.3) 2026-02-02T15:20:24.311Z #_acquireLock begin [33m10000[39m
GoTrueClient@sb-bgxknceshxxifwytalex-auth-token:0 (2.93.3) 2026-02-02T15:20:24.311Z #_acquireLock lock acquired for storage key sb-bgxknceshxxifwytalex-auth-token
GoTrueClient@sb-bgxknceshxxifwytalex-auth-token:0 (2.93.3) 2026-02-02T15:20:24.311Z #_useSession begin
GoTrueClient@sb-bgxknceshxxifwytalex-auth-token:0 (2.93.3) 2026-02-02T15:20:24.311Z #__loadSession() begin

[90mstdout[2m | tests/property/scoped-roles-processing-efficiency.test.ts[2m > [22m[2mProperty 10: Scoped Roles Processing Efficiency[2m > [22m[2mProperty 10.10: Role hierarchy cache should respect TTL settings
[22m[39mGoTrueClient@sb-bgxknceshxxifwytalex-auth-token:0 (2.93.3) 2026-02-02T15:20:24.311Z #getSession() session from storage [1mnull[22m
GoTrueClient@sb-bgxknceshxxifwytalex-auth-token:0 (2.93.3) 2026-02-02T15:20:24.311Z #__loadSession() end

[90mstdout[2m | tests/property/scoped-roles-processing-efficiency.test.ts[2m > [22m[2mProperty 10: Scoped Roles Processing Efficiency[2m > [22m[2mProperty 10.10: Role hierarchy cache should respect TTL settings
[22m[39mGoTrueClient@sb-bgxknceshxxifwytalex-auth-token:0 (2.93.3) 2026-02-02T15:20:24.311Z #_useSession end

[90mstdout[2m | tests/property/scoped-roles-processing-efficiency.test.ts[2m > [22m[2mProperty 10: Scoped Roles Processing Efficiency[2m > [22m[2mProperty 10.10: Role hierarchy cache should respect TTL settings
[22m[39mGoTrueClient@sb-bgxknceshxxifwytalex-auth-token:0 (2.93.3) 2026-02-02T15:20:24.311Z #_acquireLock lock released for storage key sb-bgxknceshxxifwytalex-auth-token

[90mstdout[2m | tests/property/scoped-roles-processing-efficiency.test.ts[2m > [22m[2mProperty 10: Scoped Roles Processing Efficiency[2m > [22m[2mProperty 10.10: Role hierarchy cache should respect TTL settings
[22m[39mGoTrueClient@sb-bgxknceshxxifwytalex-auth-token:0 (2.93.3) 2026-02-02T15:20:24.311Z #_acquireLock end

stderr | tests/property/scoped-roles-processing-efficiency.test.ts > Property 10: Scoped Roles Processing Efficiency > Property 10.10: Role hierarchy cache should respect TTL settings
Error fetching org roles: {
  code: 'PGRST200',
  details: "Searched for a foreign key relationship between 'org_roles' and 'user_profiles' in the schema 'public', but no matches were found.",
  hint: null,
  message: "Could not find a relationship between 'org_roles' and 'user_profiles' in the schema cache"
}

[90mstdout[2m | tests/property/scoped-roles-processing-efficiency.test.ts[2m > [22m[2mProperty 10: Scoped Roles Processing Efficiency[2m > [22m[2mProperty 10.10: Role hierarchy cache should respect TTL settings
[22m[39mGoTrueClient@sb-bgxknceshxxifwytalex-auth-token:0 (2.93.3) 2026-02-02T15:20:24.322Z #_acquireLock begin [33m10000[39m
GoTrueClient@sb-bgxknceshxxifwytalex-auth-token:0 (2.93.3) 2026-02-02T15:20:24.322Z #_acquireLock lock acquired for storage key sb-bgxknceshxxifwytalex-auth-token
GoTrueClient@sb-bgxknceshxxifwytalex-auth-token:0 (2.93.3) 2026-02-02T15:20:24.322Z #_useSession begin
GoTrueClient@sb-bgxknceshxxifwytalex-auth-token:0 (2.93.3) 2026-02-02T15:20:24.322Z #__loadSession() begin

[90mstdout[2m | tests/property/scoped-roles-processing-efficiency.test.ts[2m > [22m[2mProperty 10: Scoped Roles Processing Efficiency[2m > [22m[2mProperty 10.10: Role hierarchy cache should respect TTL settings
[22m[39mGoTrueClient@sb-bgxknceshxxifwytalex-auth-token:0 (2.93.3) 2026-02-02T15:20:24.322Z #getSession() session from storage [1mnull[22m
GoTrueClient@sb-bgxknceshxxifwytalex-auth-token:0 (2.93.3) 2026-02-02T15:20:24.322Z #__loadSession() end

[90mstdout[2m | tests/property/scoped-roles-processing-efficiency.test.ts[2m > [22m[2mProperty 10: Scoped Roles Processing Efficiency[2m > [22m[2mProperty 10.10: Role hierarchy cache should respect TTL settings
[22m[39mGoTrueClient@sb-bgxknceshxxifwytalex-auth-token:0 (2.93.3) 2026-02-02T15:20:24.322Z #_useSession end

[90mstdout[2m | tests/property/scoped-roles-processing-efficiency.test.ts[2m > [22m[2mProperty 10: Scoped Roles Processing Efficiency[2m > [22m[2mProperty 10.10: Role hierarchy cache should respect TTL settings
[22m[39mGoTrueClient@sb-bgxknceshxxifwytalex-auth-token:0 (2.93.3) 2026-02-02T15:20:24.322Z #_acquireLock lock released for storage key sb-bgxknceshxxifwytalex-auth-token

[90mstdout[2m | tests/property/scoped-roles-processing-efficiency.test.ts[2m > [22m[2mProperty 10: Scoped Roles Processing Efficiency[2m > [22m[2mProperty 10.10: Role hierarchy cache should respect TTL settings
[22m[39mGoTrueClient@sb-bgxknceshxxifwytalex-auth-token:0 (2.93.3) 2026-02-02T15:20:24.322Z #_acquireLock end

stderr | tests/property/scoped-roles-processing-efficiency.test.ts > Property 10: Scoped Roles Processing Efficiency > Property 10.10: Role hierarchy cache should respect TTL settings
Error fetching org roles: {
  code: 'PGRST200',
  details: "Searched for a foreign key relationship between 'org_roles' and 'user_profiles' in the schema 'public', but no matches were found.",
  hint: null,
  message: "Could not find a relationship between 'org_roles' and 'user_profiles' in the schema cache"
}

[90mstdout[2m | tests/property/scoped-roles-processing-efficiency.test.ts[2m > [22m[2mProperty 10: Scoped Roles Processing Efficiency[2m > [22m[2mProperty 10.10: Role hierarchy cache should respect TTL settings
[22m[39mGoTrueClient@sb-bgxknceshxxifwytalex-auth-token:0 (2.93.3) 2026-02-02T15:20:24.334Z #_acquireLock begin [33m10000[39m
GoTrueClient@sb-bgxknceshxxifwytalex-auth-token:0 (2.93.3) 2026-02-02T15:20:24.334Z #_acquireLock lock acquired for storage key sb-bgxknceshxxifwytalex-auth-token
GoTrueClient@sb-bgxknceshxxifwytalex-auth-token:0 (2.93.3) 2026-02-02T15:20:24.334Z #_useSession begin
GoTrueClient@sb-bgxknceshxxifwytalex-auth-token:0 (2.93.3) 2026-02-02T15:20:24.334Z #__loadSession() begin

[90mstdout[2m | tests/property/scoped-roles-processing-efficiency.test.ts[2m > [22m[2mProperty 10: Scoped Roles Processing Efficiency[2m > [22m[2mProperty 10.10: Role hierarchy cache should respect TTL settings
[22m[39mGoTrueClient@sb-bgxknceshxxifwytalex-auth-token:0 (2.93.3) 2026-02-02T15:20:24.334Z #getSession() session from storage [1mnull[22m
GoTrueClient@sb-bgxknceshxxifwytalex-auth-token:0 (2.93.3) 2026-02-02T15:20:24.334Z #__loadSession() end

[90mstdout[2m | tests/property/scoped-roles-processing-efficiency.test.ts[2m > [22m[2mProperty 10: Scoped Roles Processing Efficiency[2m > [22m[2mProperty 10.10: Role hierarchy cache should respect TTL settings
[22m[39mGoTrueClient@sb-bgxknceshxxifwytalex-auth-token:0 (2.93.3) 2026-02-02T15:20:24.334Z #_useSession end

[90mstdout[2m | tests/property/scoped-roles-processing-efficiency.test.ts[2m > [22m[2mProperty 10: Scoped Roles Processing Efficiency[2m > [22m[2mProperty 10.10: Role hierarchy cache should respect TTL settings
[22m[39mGoTrueClient@sb-bgxknceshxxifwytalex-auth-token:0 (2.93.3) 2026-02-02T15:20:24.334Z #_acquireLock lock released for storage key sb-bgxknceshxxifwytalex-auth-token

[90mstdout[2m | tests/property/scoped-roles-processing-efficiency.test.ts[2m > [22m[2mProperty 10: Scoped Roles Processing Efficiency[2m > [22m[2mProperty 10.10: Role hierarchy cache should respect TTL settings
[22m[39mGoTrueClient@sb-bgxknceshxxifwytalex-auth-token:0 (2.93.3) 2026-02-02T15:20:24.334Z #_acquireLock end

stderr | tests/property/scoped-roles-processing-efficiency.test.ts > Property 10: Scoped Roles Processing Efficiency > Property 10.10: Role hierarchy cache should respect TTL settings
Error fetching project roles: {
  code: 'PGRST200',
  details: "Searched for a foreign key relationship between 'project_roles' and 'user_profiles' in the schema 'public', but no matches were found.",
  hint: null,
  message: "Could not find a relationship between 'project_roles' and 'user_profiles' in the schema cache"
}

[90mstdout[2m | tests/property/scoped-roles-processing-efficiency.test.ts[2m > [22m[2mProperty 10: Scoped Roles Processing Efficiency[2m > [22m[2mProperty 10.10: Role hierarchy cache should respect TTL settings
[22m[39mGoTrueClient@sb-bgxknceshxxifwytalex-auth-token:0 (2.93.3) 2026-02-02T15:20:24.347Z #_acquireLock begin [33m10000[39m
GoTrueClient@sb-bgxknceshxxifwytalex-auth-token:0 (2.93.3) 2026-02-02T15:20:24.347Z #_acquireLock lock acquired for storage key sb-bgxknceshxxifwytalex-auth-token
GoTrueClient@sb-bgxknceshxxifwytalex-auth-token:0 (2.93.3) 2026-02-02T15:20:24.347Z #_useSession begin
GoTrueClient@sb-bgxknceshxxifwytalex-auth-token:0 (2.93.3) 2026-02-02T15:20:24.347Z #__loadSession() begin

[90mstdout[2m | tests/property/scoped-roles-processing-efficiency.test.ts[2m > [22m[2mProperty 10: Scoped Roles Processing Efficiency[2m > [22m[2mProperty 10.10: Role hierarchy cache should respect TTL settings
[22m[39mGoTrueClient@sb-bgxknceshxxifwytalex-auth-token:0 (2.93.3) 2026-02-02T15:20:24.347Z #getSession() session from storage [1mnull[22m
GoTrueClient@sb-bgxknceshxxifwytalex-auth-token:0 (2.93.3) 2026-02-02T15:20:24.347Z #__loadSession() end

[90mstdout[2m | tests/property/scoped-roles-processing-efficiency.test.ts[2m > [22m[2mProperty 10: Scoped Roles Processing Efficiency[2m > [22m[2mProperty 10.10: Role hierarchy cache should respect TTL settings
[22m[39mGoTrueClient@sb-bgxknceshxxifwytalex-auth-token:0 (2.93.3) 2026-02-02T15:20:24.347Z #_useSession end

[90mstdout[2m | tests/property/scoped-roles-processing-efficiency.test.ts[2m > [22m[2mProperty 10: Scoped Roles Processing Efficiency[2m > [22m[2mProperty 10.10: Role hierarchy cache should respect TTL settings
[22m[39mGoTrueClient@sb-bgxknceshxxifwytalex-auth-token:0 (2.93.3) 2026-02-02T15:20:24.347Z #_acquireLock lock released for storage key sb-bgxknceshxxifwytalex-auth-token

[90mstdout[2m | tests/property/scoped-roles-processing-efficiency.test.ts[2m > [22m[2mProperty 10: Scoped Roles Processing Efficiency[2m > [22m[2mProperty 10.10: Role hierarchy cache should respect TTL settings
[22m[39mGoTrueClient@sb-bgxknceshxxifwytalex-auth-token:0 (2.93.3) 2026-02-02T15:20:24.347Z #_acquireLock end

[90mstdout[2m | tests/property/scoped-roles-processing-efficiency.test.ts[2m > [22m[2mProperty 10: Scoped Roles Processing Efficiency[2m > [22m[2mProperty 10.10: Role hierarchy cache should respect TTL settings
[22m[39mGoTrueClient@sb-bgxknceshxxifwytalex-auth-token:0 (2.93.3) 2026-02-02T15:20:24.392Z #_acquireLock begin [33m10000[39m
GoTrueClient@sb-bgxknceshxxifwytalex-auth-token:0 (2.93.3) 2026-02-02T15:20:24.392Z #_acquireLock lock acquired for storage key sb-bgxknceshxxifwytalex-auth-token
GoTrueClient@sb-bgxknceshxxifwytalex-auth-token:0 (2.93.3) 2026-02-02T15:20:24.392Z #_useSession begin
GoTrueClient@sb-bgxknceshxxifwytalex-auth-token:0 (2.93.3) 2026-02-02T15:20:24.392Z #__loadSession() begin

[90mstdout[2m | tests/property/scoped-roles-processing-efficiency.test.ts[2m > [22m[2mProperty 10: Scoped Roles Processing Efficiency[2m > [22m[2mProperty 10.10: Role hierarchy cache should respect TTL settings
[22m[39mGoTrueClient@sb-bgxknceshxxifwytalex-auth-token:0 (2.93.3) 2026-02-02T15:20:24.392Z #getSession() session from storage [1mnull[22m
GoTrueClient@sb-bgxknceshxxifwytalex-auth-token:0 (2.93.3) 2026-02-02T15:20:24.392Z #__loadSession() end

[90mstdout[2m | tests/property/scoped-roles-processing-efficiency.test.ts[2m > [22m[2mProperty 10: Scoped Roles Processing Efficiency[2m > [22m[2mProperty 10.10: Role hierarchy cache should respect TTL settings
[22m[39mGoTrueClient@sb-bgxknceshxxifwytalex-auth-token:0 (2.93.3) 2026-02-02T15:20:24.392Z #_useSession end

[90mstdout[2m | tests/property/scoped-roles-processing-efficiency.test.ts[2m > [22m[2mProperty 10: Scoped Roles Processing Efficiency[2m > [22m[2mProperty 10.10: Role hierarchy cache should respect TTL settings
[22m[39mGoTrueClient@sb-bgxknceshxxifwytalex-auth-token:0 (2.93.3) 2026-02-02T15:20:24.392Z #_acquireLock lock released for storage key sb-bgxknceshxxifwytalex-auth-token

[90mstdout[2m | tests/property/scoped-roles-processing-efficiency.test.ts[2m > [22m[2mProperty 10: Scoped Roles Processing Efficiency[2m > [22m[2mProperty 10.10: Role hierarchy cache should respect TTL settings
[22m[39mGoTrueClient@sb-bgxknceshxxifwytalex-auth-token:0 (2.93.3) 2026-02-02T15:20:24.392Z #_acquireLock end

[90mstdout[2m | tests/property/scoped-roles-processing-efficiency.test.ts[2m > [22m[2mProperty 10: Scoped Roles Processing Efficiency[2m > [22m[2mProperty 10.10: Role hierarchy cache should respect TTL settings
[22m[39mGoTrueClient@sb-bgxknceshxxifwytalex-auth-token:0 (2.93.3) 2026-02-02T15:20:24.424Z #_acquireLock begin [33m10000[39m
GoTrueClient@sb-bgxknceshxxifwytalex-auth-token:0 (2.93.3) 2026-02-02T15:20:24.424Z #_acquireLock lock acquired for storage key sb-bgxknceshxxifwytalex-auth-token
GoTrueClient@sb-bgxknceshxxifwytalex-auth-token:0 (2.93.3) 2026-02-02T15:20:24.424Z #_useSession begin
GoTrueClient@sb-bgxknceshxxifwytalex-auth-token:0 (2.93.3) 2026-02-02T15:20:24.424Z #__loadSession() begin

[90mstdout[2m | tests/property/scoped-roles-processing-efficiency.test.ts[2m > [22m[2mProperty 10: Scoped Roles Processing Efficiency[2m > [22m[2mProperty 10.10: Role hierarchy cache should respect TTL settings
[22m[39mGoTrueClient@sb-bgxknceshxxifwytalex-auth-token:0 (2.93.3) 2026-02-02T15:20:24.424Z #getSession() session from storage [1mnull[22m
GoTrueClient@sb-bgxknceshxxifwytalex-auth-token:0 (2.93.3) 2026-02-02T15:20:24.424Z #__loadSession() end

[90mstdout[2m | tests/property/scoped-roles-processing-efficiency.test.ts[2m > [22m[2mProperty 10: Scoped Roles Processing Efficiency[2m > [22m[2mProperty 10.10: Role hierarchy cache should respect TTL settings
[22m[39mGoTrueClient@sb-bgxknceshxxifwytalex-auth-token:0 (2.93.3) 2026-02-02T15:20:24.424Z #_useSession end

[90mstdout[2m | tests/property/scoped-roles-processing-efficiency.test.ts[2m > [22m[2mProperty 10: Scoped Roles Processing Efficiency[2m > [22m[2mProperty 10.10: Role hierarchy cache should respect TTL settings
[22m[39mGoTrueClient@sb-bgxknceshxxifwytalex-auth-token:0 (2.93.3) 2026-02-02T15:20:24.424Z #_acquireLock lock released for storage key sb-bgxknceshxxifwytalex-auth-token

[90mstdout[2m | tests/property/scoped-roles-processing-efficiency.test.ts[2m > [22m[2mProperty 10: Scoped Roles Processing Efficiency[2m > [22m[2mProperty 10.10: Role hierarchy cache should respect TTL settings
[22m[39mGoTrueClient@sb-bgxknceshxxifwytalex-auth-token:0 (2.93.3) 2026-02-02T15:20:24.424Z #_acquireLock end

stderr | tests/property/scoped-roles-processing-efficiency.test.ts > Property 10: Scoped Roles Processing Efficiency > Property 10.10: Role hierarchy cache should respect TTL settings
Error fetching org roles: {
  code: 'PGRST200',
  details: "Searched for a foreign key relationship between 'org_roles' and 'user_profiles' in the schema 'public', but no matches were found.",
  hint: null,
  message: "Could not find a relationship between 'org_roles' and 'user_profiles' in the schema cache"
}

[90mstdout[2m | tests/property/scoped-roles-processing-efficiency.test.ts[2m > [22m[2mProperty 10: Scoped Roles Processing Efficiency[2m > [22m[2mProperty 10.10: Role hierarchy cache should respect TTL settings
[22m[39mGoTrueClient@sb-bgxknceshxxifwytalex-auth-token:0 (2.93.3) 2026-02-02T15:20:24.468Z #_acquireLock begin [33m10000[39m
GoTrueClient@sb-bgxknceshxxifwytalex-auth-token:0 (2.93.3) 2026-02-02T15:20:24.468Z #_acquireLock lock acquired for storage key sb-bgxknceshxxifwytalex-auth-token
GoTrueClient@sb-bgxknceshxxifwytalex-auth-token:0 (2.93.3) 2026-02-02T15:20:24.468Z #_useSession begin
GoTrueClient@sb-bgxknceshxxifwytalex-auth-token:0 (2.93.3) 2026-02-02T15:20:24.468Z #__loadSession() begin

[90mstdout[2m | tests/property/scoped-roles-processing-efficiency.test.ts[2m > [22m[2mProperty 10: Scoped Roles Processing Efficiency[2m > [22m[2mProperty 10.10: Role hierarchy cache should respect TTL settings
[22m[39mGoTrueClient@sb-bgxknceshxxifwytalex-auth-token:0 (2.93.3) 2026-02-02T15:20:24.468Z #getSession() session from storage [1mnull[22m
GoTrueClient@sb-bgxknceshxxifwytalex-auth-token:0 (2.93.3) 2026-02-02T15:20:24.468Z #__loadSession() end

[90mstdout[2m | tests/property/scoped-roles-processing-efficiency.test.ts[2m > [22m[2mProperty 10: Scoped Roles Processing Efficiency[2m > [22m[2mProperty 10.10: Role hierarchy cache should respect TTL settings
[22m[39mGoTrueClient@sb-bgxknceshxxifwytalex-auth-token:0 (2.93.3) 2026-02-02T15:20:24.468Z #_useSession end

[90mstdout[2m | tests/property/scoped-roles-processing-efficiency.test.ts[2m > [22m[2mProperty 10: Scoped Roles Processing Efficiency[2m > [22m[2mProperty 10.10: Role hierarchy cache should respect TTL settings
[22m[39mGoTrueClient@sb-bgxknceshxxifwytalex-auth-token:0 (2.93.3) 2026-02-02T15:20:24.468Z #_acquireLock lock released for storage key sb-bgxknceshxxifwytalex-auth-token

[90mstdout[2m | tests/property/scoped-roles-processing-efficiency.test.ts[2m > [22m[2mProperty 10: Scoped Roles Processing Efficiency[2m > [22m[2mProperty 10.10: Role hierarchy cache should respect TTL settings
[22m[39mGoTrueClient@sb-bgxknceshxxifwytalex-auth-token:0 (2.93.3) 2026-02-02T15:20:24.468Z #_acquireLock end

stderr | tests/property/scoped-roles-processing-efficiency.test.ts > Property 10: Scoped Roles Processing Efficiency > Property 10.10: Role hierarchy cache should respect TTL settings
Error fetching project roles: {
  code: 'PGRST200',
  details: "Searched for a foreign key relationship between 'project_roles' and 'user_profiles' in the schema 'public', but no matches were found.",
  hint: null,
  message: "Could not find a relationship between 'project_roles' and 'user_profiles' in the schema cache"
}

[90mstdout[2m | tests/property/scoped-roles-processing-efficiency.test.ts[2m > [22m[2mProperty 10: Scoped Roles Processing Efficiency[2m > [22m[2mProperty 10.10: Role hierarchy cache should respect TTL settings
[22m[39mGoTrueClient@sb-bgxknceshxxifwytalex-auth-token:0 (2.93.3) 2026-02-02T15:20:24.515Z #_acquireLock begin [33m10000[39m
GoTrueClient@sb-bgxknceshxxifwytalex-auth-token:0 (2.93.3) 2026-02-02T15:20:24.515Z #_acquireLock lock acquired for storage key sb-bgxknceshxxifwytalex-auth-token
GoTrueClient@sb-bgxknceshxxifwytalex-auth-token:0 (2.93.3) 2026-02-02T15:20:24.515Z #_useSession begin
GoTrueClient@sb-bgxknceshxxifwytalex-auth-token:0 (2.93.3) 2026-02-02T15:20:24.515Z #__loadSession() begin

[90mstdout[2m | tests/property/scoped-roles-processing-efficiency.test.ts[2m > [22m[2mProperty 10: Scoped Roles Processing Efficiency[2m > [22m[2mProperty 10.10: Role hierarchy cache should respect TTL settings
[22m[39mGoTrueClient@sb-bgxknceshxxifwytalex-auth-token:0 (2.93.3) 2026-02-02T15:20:24.515Z #getSession() session from storage [1mnull[22m
GoTrueClient@sb-bgxknceshxxifwytalex-auth-token:0 (2.93.3) 2026-02-02T15:20:24.515Z #__loadSession() end

[90mstdout[2m | tests/property/scoped-roles-processing-efficiency.test.ts[2m > [22m[2mProperty 10: Scoped Roles Processing Efficiency[2m > [22m[2mProperty 10.10: Role hierarchy cache should respect TTL settings
[22m[39mGoTrueClient@sb-bgxknceshxxifwytalex-auth-token:0 (2.93.3) 2026-02-02T15:20:24.515Z #_useSession end

[90mstdout[2m | tests/property/scoped-roles-processing-efficiency.test.ts[2m > [22m[2mProperty 10: Scoped Roles Processing Efficiency[2m > [22m[2mProperty 10.10: Role hierarchy cache should respect TTL settings
[22m[39mGoTrueClient@sb-bgxknceshxxifwytalex-auth-token:0 (2.93.3) 2026-02-02T15:20:24.515Z #_acquireLock lock released for storage key sb-bgxknceshxxifwytalex-auth-token

[90mstdout[2m | tests/property/scoped-roles-processing-efficiency.test.ts[2m > [22m[2mProperty 10: Scoped Roles Processing Efficiency[2m > [22m[2mProperty 10.10: Role hierarchy cache should respect TTL settings
[22m[39mGoTrueClient@sb-bgxknceshxxifwytalex-auth-token:0 (2.93.3) 2026-02-02T15:20:24.515Z #_acquireLock end

stderr | tests/property/scoped-roles-processing-efficiency.test.ts > Property 10: Scoped Roles Processing Efficiency > Property 10.10: Role hierarchy cache should respect TTL settings
Error fetching org roles: {
  code: 'PGRST200',
  details: "Searched for a foreign key relationship between 'org_roles' and 'user_profiles' in the schema 'public', but no matches were found.",
  hint: null,
  message: "Could not find a relationship between 'org_roles' and 'user_profiles' in the schema cache"
}

[90mstdout[2m | tests/property/scoped-roles-processing-efficiency.test.ts[2m > [22m[2mProperty 10: Scoped Roles Processing Efficiency[2m > [22m[2mProperty 10.10: Role hierarchy cache should respect TTL settings
[22m[39mGoTrueClient@sb-bgxknceshxxifwytalex-auth-token:0 (2.93.3) 2026-02-02T15:20:24.520Z #_acquireLock begin [33m10000[39m
GoTrueClient@sb-bgxknceshxxifwytalex-auth-token:0 (2.93.3) 2026-02-02T15:20:24.520Z #_acquireLock lock acquired for storage key sb-bgxknceshxxifwytalex-auth-token
GoTrueClient@sb-bgxknceshxxifwytalex-auth-token:0 (2.93.3) 2026-02-02T15:20:24.520Z #_useSession begin
GoTrueClient@sb-bgxknceshxxifwytalex-auth-token:0 (2.93.3) 2026-02-02T15:20:24.520Z #__loadSession() begin

[90mstdout[2m | tests/property/scoped-roles-processing-efficiency.test.ts[2m > [22m[2mProperty 10: Scoped Roles Processing Efficiency[2m > [22m[2mProperty 10.10: Role hierarchy cache should respect TTL settings
[22m[39mGoTrueClient@sb-bgxknceshxxifwytalex-auth-token:0 (2.93.3) 2026-02-02T15:20:24.520Z #getSession() session from storage [1mnull[22m
GoTrueClient@sb-bgxknceshxxifwytalex-auth-token:0 (2.93.3) 2026-02-02T15:20:24.520Z #__loadSession() end

[90mstdout[2m | tests/property/scoped-roles-processing-efficiency.test.ts[2m > [22m[2mProperty 10: Scoped Roles Processing Efficiency[2m > [22m[2mProperty 10.10: Role hierarchy cache should respect TTL settings
[22m[39mGoTrueClient@sb-bgxknceshxxifwytalex-auth-token:0 (2.93.3) 2026-02-02T15:20:24.520Z #_useSession end

[90mstdout[2m | tests/property/scoped-roles-processing-efficiency.test.ts[2m > [22m[2mProperty 10: Scoped Roles Processing Efficiency[2m > [22m[2mProperty 10.10: Role hierarchy cache should respect TTL settings
[22m[39mGoTrueClient@sb-bgxknceshxxifwytalex-auth-token:0 (2.93.3) 2026-02-02T15:20:24.520Z #_acquireLock lock released for storage key sb-bgxknceshxxifwytalex-auth-token

[90mstdout[2m | tests/property/scoped-roles-processing-efficiency.test.ts[2m > [22m[2mProperty 10: Scoped Roles Processing Efficiency[2m > [22m[2mProperty 10.10: Role hierarchy cache should respect TTL settings
[22m[39mGoTrueClient@sb-bgxknceshxxifwytalex-auth-token:0 (2.93.3) 2026-02-02T15:20:24.520Z #_acquireLock end

stderr | tests/property/scoped-roles-processing-efficiency.test.ts > Property 10: Scoped Roles Processing Efficiency > Property 10.10: Role hierarchy cache should respect TTL settings
Error fetching org roles: {
  code: 'PGRST200',
  details: "Searched for a foreign key relationship between 'org_roles' and 'user_profiles' in the schema 'public', but no matches were found.",
  hint: null,
  message: "Could not find a relationship between 'org_roles' and 'user_profiles' in the schema cache"
}

[90mstdout[2m | tests/property/scoped-roles-processing-efficiency.test.ts[2m > [22m[2mProperty 10: Scoped Roles Processing Efficiency[2m > [22m[2mProperty 10.10: Role hierarchy cache should respect TTL settings
[22m[39mGoTrueClient@sb-bgxknceshxxifwytalex-auth-token:0 (2.93.3) 2026-02-02T15:20:24.548Z #_acquireLock begin [33m10000[39m
GoTrueClient@sb-bgxknceshxxifwytalex-auth-token:0 (2.93.3) 2026-02-02T15:20:24.548Z #_acquireLock lock acquired for storage key sb-bgxknceshxxifwytalex-auth-token
GoTrueClient@sb-bgxknceshxxifwytalex-auth-token:0 (2.93.3) 2026-02-02T15:20:24.548Z #_useSession begin
GoTrueClient@sb-bgxknceshxxifwytalex-auth-token:0 (2.93.3) 2026-02-02T15:20:24.548Z #__loadSession() begin

[90mstdout[2m | tests/property/scoped-roles-processing-efficiency.test.ts[2m > [22m[2mProperty 10: Scoped Roles Processing Efficiency[2m > [22m[2mProperty 10.10: Role hierarchy cache should respect TTL settings
[22m[39mGoTrueClient@sb-bgxknceshxxifwytalex-auth-token:0 (2.93.3) 2026-02-02T15:20:24.548Z #getSession() session from storage [1mnull[22m
GoTrueClient@sb-bgxknceshxxifwytalex-auth-token:0 (2.93.3) 2026-02-02T15:20:24.548Z #__loadSession() end

[90mstdout[2m | tests/property/scoped-roles-processing-efficiency.test.ts[2m > [22m[2mProperty 10: Scoped Roles Processing Efficiency[2m > [22m[2mProperty 10.10: Role hierarchy cache should respect TTL settings
[22m[39mGoTrueClient@sb-bgxknceshxxifwytalex-auth-token:0 (2.93.3) 2026-02-02T15:20:24.548Z #_useSession end

[90mstdout[2m | tests/property/scoped-roles-processing-efficiency.test.ts[2m > [22m[2mProperty 10: Scoped Roles Processing Efficiency[2m > [22m[2mProperty 10.10: Role hierarchy cache should respect TTL settings
[22m[39mGoTrueClient@sb-bgxknceshxxifwytalex-auth-token:0 (2.93.3) 2026-02-02T15:20:24.548Z #_acquireLock lock released for storage key sb-bgxknceshxxifwytalex-auth-token

[90mstdout[2m | tests/property/scoped-roles-processing-efficiency.test.ts[2m > [22m[2mProperty 10: Scoped Roles Processing Efficiency[2m > [22m[2mProperty 10.10: Role hierarchy cache should respect TTL settings
[22m[39mGoTrueClient@sb-bgxknceshxxifwytalex-auth-token:0 (2.93.3) 2026-02-02T15:20:24.548Z #_acquireLock end

[90mstdout[2m | tests/property/scoped-roles-processing-efficiency.test.ts[2m > [22m[2mProperty 10: Scoped Roles Processing Efficiency[2m > [22m[2mProperty 10.10: Role hierarchy cache should respect TTL settings
[22m[39mGoTrueClient@sb-bgxknceshxxifwytalex-auth-token:0 (2.93.3) 2026-02-02T15:20:24.585Z #_acquireLock begin [33m10000[39m
GoTrueClient@sb-bgxknceshxxifwytalex-auth-token:0 (2.93.3) 2026-02-02T15:20:24.585Z #_acquireLock lock acquired for storage key sb-bgxknceshxxifwytalex-auth-token
GoTrueClient@sb-bgxknceshxxifwytalex-auth-token:0 (2.93.3) 2026-02-02T15:20:24.585Z #_useSession begin
GoTrueClient@sb-bgxknceshxxifwytalex-auth-token:0 (2.93.3) 2026-02-02T15:20:24.585Z #__loadSession() begin

[90mstdout[2m | tests/property/scoped-roles-processing-efficiency.test.ts[2m > [22m[2mProperty 10: Scoped Roles Processing Efficiency[2m > [22m[2mProperty 10.10: Role hierarchy cache should respect TTL settings
[22m[39mGoTrueClient@sb-bgxknceshxxifwytalex-auth-token:0 (2.93.3) 2026-02-02T15:20:24.585Z #getSession() session from storage [1mnull[22m
GoTrueClient@sb-bgxknceshxxifwytalex-auth-token:0 (2.93.3) 2026-02-02T15:20:24.585Z #__loadSession() end

[90mstdout[2m | tests/property/scoped-roles-processing-efficiency.test.ts[2m > [22m[2mProperty 10: Scoped Roles Processing Efficiency[2m > [22m[2mProperty 10.10: Role hierarchy cache should respect TTL settings
[22m[39mGoTrueClient@sb-bgxknceshxxifwytalex-auth-token:0 (2.93.3) 2026-02-02T15:20:24.585Z #_useSession end

[90mstdout[2m | tests/property/scoped-roles-processing-efficiency.test.ts[2m > [22m[2mProperty 10: Scoped Roles Processing Efficiency[2m > [22m[2mProperty 10.10: Role hierarchy cache should respect TTL settings
[22m[39mGoTrueClient@sb-bgxknceshxxifwytalex-auth-token:0 (2.93.3) 2026-02-02T15:20:24.585Z #_acquireLock lock released for storage key sb-bgxknceshxxifwytalex-auth-token

[90mstdout[2m | tests/property/scoped-roles-processing-efficiency.test.ts[2m > [22m[2mProperty 10: Scoped Roles Processing Efficiency[2m > [22m[2mProperty 10.10: Role hierarchy cache should respect TTL settings
[22m[39mGoTrueClient@sb-bgxknceshxxifwytalex-auth-token:0 (2.93.3) 2026-02-02T15:20:24.585Z #_acquireLock end

stderr | tests/property/scoped-roles-processing-efficiency.test.ts > Property 10: Scoped Roles Processing Efficiency > Property 10.10: Role hierarchy cache should respect TTL settings
Error fetching org roles: {
  code: 'PGRST200',
  details: "Searched for a foreign key relationship between 'org_roles' and 'user_profiles' in the schema 'public', but no matches were found.",
  hint: null,
  message: "Could not find a relationship between 'org_roles' and 'user_profiles' in the schema cache"
}

[90mstdout[2m | tests/property/scoped-roles-processing-efficiency.test.ts[2m > [22m[2mProperty 10: Scoped Roles Processing Efficiency[2m > [22m[2mProperty 10.10: Role hierarchy cache should respect TTL settings
[22m[39mGoTrueClient@sb-bgxknceshxxifwytalex-auth-token:0 (2.93.3) 2026-02-02T15:20:24.611Z #_acquireLock begin [33m10000[39m
GoTrueClient@sb-bgxknceshxxifwytalex-auth-token:0 (2.93.3) 2026-02-02T15:20:24.611Z #_acquireLock lock acquired for storage key sb-bgxknceshxxifwytalex-auth-token
GoTrueClient@sb-bgxknceshxxifwytalex-auth-token:0 (2.93.3) 2026-02-02T15:20:24.611Z #_useSession begin
GoTrueClient@sb-bgxknceshxxifwytalex-auth-token:0 (2.93.3) 2026-02-02T15:20:24.611Z #__loadSession() begin

[90mstdout[2m | tests/property/scoped-roles-processing-efficiency.test.ts[2m > [22m[2mProperty 10: Scoped Roles Processing Efficiency[2m > [22m[2mProperty 10.10: Role hierarchy cache should respect TTL settings
[22m[39mGoTrueClient@sb-bgxknceshxxifwytalex-auth-token:0 (2.93.3) 2026-02-02T15:20:24.612Z #getSession() session from storage [1mnull[22m
GoTrueClient@sb-bgxknceshxxifwytalex-auth-token:0 (2.93.3) 2026-02-02T15:20:24.612Z #__loadSession() end

[90mstdout[2m | tests/property/scoped-roles-processing-efficiency.test.ts[2m > [22m[2mProperty 10: Scoped Roles Processing Efficiency[2m > [22m[2mProperty 10.10: Role hierarchy cache should respect TTL settings
[22m[39mGoTrueClient@sb-bgxknceshxxifwytalex-auth-token:0 (2.93.3) 2026-02-02T15:20:24.612Z #_useSession end

[90mstdout[2m | tests/property/scoped-roles-processing-efficiency.test.ts[2m > [22m[2mProperty 10: Scoped Roles Processing Efficiency[2m > [22m[2mProperty 10.10: Role hierarchy cache should respect TTL settings
[22m[39mGoTrueClient@sb-bgxknceshxxifwytalex-auth-token:0 (2.93.3) 2026-02-02T15:20:24.612Z #_acquireLock lock released for storage key sb-bgxknceshxxifwytalex-auth-token

[90mstdout[2m | tests/property/scoped-roles-processing-efficiency.test.ts[2m > [22m[2mProperty 10: Scoped Roles Processing Efficiency[2m > [22m[2mProperty 10.10: Role hierarchy cache should respect TTL settings
[22m[39mGoTrueClient@sb-bgxknceshxxifwytalex-auth-token:0 (2.93.3) 2026-02-02T15:20:24.612Z #_acquireLock end

[90mstdout[2m | tests/property/scoped-roles-processing-efficiency.test.ts[2m > [22m[2mProperty 10: Scoped Roles Processing Efficiency[2m > [22m[2mProperty 10.10: Role hierarchy cache should respect TTL settings
[22m[39mGoTrueClient@sb-bgxknceshxxifwytalex-auth-token:0 (2.93.3) 2026-02-02T15:20:24.628Z #_acquireLock begin [33m10000[39m
GoTrueClient@sb-bgxknceshxxifwytalex-auth-token:0 (2.93.3) 2026-02-02T15:20:24.628Z #_acquireLock lock acquired for storage key sb-bgxknceshxxifwytalex-auth-token
GoTrueClient@sb-bgxknceshxxifwytalex-auth-token:0 (2.93.3) 2026-02-02T15:20:24.628Z #_useSession begin
GoTrueClient@sb-bgxknceshxxifwytalex-auth-token:0 (2.93.3) 2026-02-02T15:20:24.628Z #__loadSession() begin

[90mstdout[2m | tests/property/scoped-roles-processing-efficiency.test.ts[2m > [22m[2mProperty 10: Scoped Roles Processing Efficiency[2m > [22m[2mProperty 10.10: Role hierarchy cache should respect TTL settings
[22m[39mGoTrueClient@sb-bgxknceshxxifwytalex-auth-token:0 (2.93.3) 2026-02-02T15:20:24.628Z #getSession() session from storage [1mnull[22m
GoTrueClient@sb-bgxknceshxxifwytalex-auth-token:0 (2.93.3) 2026-02-02T15:20:24.628Z #__loadSession() end

[90mstdout[2m | tests/property/scoped-roles-processing-efficiency.test.ts[2m > [22m[2mProperty 10: Scoped Roles Processing Efficiency[2m > [22m[2mProperty 10.10: Role hierarchy cache should respect TTL settings
[22m[39mGoTrueClient@sb-bgxknceshxxifwytalex-auth-token:0 (2.93.3) 2026-02-02T15:20:24.628Z #_useSession end

[90mstdout[2m | tests/property/scoped-roles-processing-efficiency.test.ts[2m > [22m[2mProperty 10: Scoped Roles Processing Efficiency[2m > [22m[2mProperty 10.10: Role hierarchy cache should respect TTL settings
[22m[39mGoTrueClient@sb-bgxknceshxxifwytalex-auth-token:0 (2.93.3) 2026-02-02T15:20:24.628Z #_acquireLock lock released for storage key sb-bgxknceshxxifwytalex-auth-token

[90mstdout[2m | tests/property/scoped-roles-processing-efficiency.test.ts[2m > [22m[2mProperty 10: Scoped Roles Processing Efficiency[2m > [22m[2mProperty 10.10: Role hierarchy cache should respect TTL settings
[22m[39mGoTrueClient@sb-bgxknceshxxifwytalex-auth-token:0 (2.93.3) 2026-02-02T15:20:24.628Z #_acquireLock end

stderr | tests/property/scoped-roles-processing-efficiency.test.ts > Property 10: Scoped Roles Processing Efficiency > Property 10.10: Role hierarchy cache should respect TTL settings
Error fetching project roles: {
  code: 'PGRST200',
  details: "Searched for a foreign key relationship between 'project_roles' and 'user_profiles' in the schema 'public', but no matches were found.",
  hint: null,
  message: "Could not find a relationship between 'project_roles' and 'user_profiles' in the schema cache"
}

[90mstdout[2m | tests/property/scoped-roles-processing-efficiency.test.ts[2m > [22m[2mProperty 10: Scoped Roles Processing Efficiency[2m > [22m[2mProperty 10.10: Role hierarchy cache should respect TTL settings
[22m[39mGoTrueClient@sb-bgxknceshxxifwytalex-auth-token:0 (2.93.3) 2026-02-02T15:20:24.683Z #_acquireLock begin [33m10000[39m
GoTrueClient@sb-bgxknceshxxifwytalex-auth-token:0 (2.93.3) 2026-02-02T15:20:24.683Z #_acquireLock lock acquired for storage key sb-bgxknceshxxifwytalex-auth-token
GoTrueClient@sb-bgxknceshxxifwytalex-auth-token:0 (2.93.3) 2026-02-02T15:20:24.683Z #_useSession begin
GoTrueClient@sb-bgxknceshxxifwytalex-auth-token:0 (2.93.3) 2026-02-02T15:20:24.683Z #__loadSession() begin

[90mstdout[2m | tests/property/scoped-roles-processing-efficiency.test.ts[2m > [22m[2mProperty 10: Scoped Roles Processing Efficiency[2m > [22m[2mProperty 10.10: Role hierarchy cache should respect TTL settings
[22m[39mGoTrueClient@sb-bgxknceshxxifwytalex-auth-token:0 (2.93.3) 2026-02-02T15:20:24.683Z #getSession() session from storage [1mnull[22m
GoTrueClient@sb-bgxknceshxxifwytalex-auth-token:0 (2.93.3) 2026-02-02T15:20:24.683Z #__loadSession() end

[90mstdout[2m | tests/property/scoped-roles-processing-efficiency.test.ts[2m > [22m[2mProperty 10: Scoped Roles Processing Efficiency[2m > [22m[2mProperty 10.10: Role hierarchy cache should respect TTL settings
[22m[39mGoTrueClient@sb-bgxknceshxxifwytalex-auth-token:0 (2.93.3) 2026-02-02T15:20:24.683Z #_useSession end

[90mstdout[2m | tests/property/scoped-roles-processing-efficiency.test.ts[2m > [22m[2mProperty 10: Scoped Roles Processing Efficiency[2m > [22m[2mProperty 10.10: Role hierarchy cache should respect TTL settings
[22m[39mGoTrueClient@sb-bgxknceshxxifwytalex-auth-token:0 (2.93.3) 2026-02-02T15:20:24.683Z #_acquireLock lock released for storage key sb-bgxknceshxxifwytalex-auth-token

[90mstdout[2m | tests/property/scoped-roles-processing-efficiency.test.ts[2m > [22m[2mProperty 10: Scoped Roles Processing Efficiency[2m > [22m[2mProperty 10.10: Role hierarchy cache should respect TTL settings
[22m[39mGoTrueClient@sb-bgxknceshxxifwytalex-auth-token:0 (2.93.3) 2026-02-02T15:20:24.683Z #_acquireLock end

stderr | tests/property/scoped-roles-processing-efficiency.test.ts > Property 10: Scoped Roles Processing Efficiency > Property 10.10: Role hierarchy cache should respect TTL settings
Error fetching project roles: {
  code: 'PGRST200',
  details: "Searched for a foreign key relationship between 'project_roles' and 'user_profiles' in the schema 'public', but no matches were found.",
  hint: null,
  message: "Could not find a relationship between 'project_roles' and 'user_profiles' in the schema cache"
}

[90mstdout[2m | tests/property/scoped-roles-processing-efficiency.test.ts[2m > [22m[2mProperty 10: Scoped Roles Processing Efficiency[2m > [22m[2mProperty 10.10: Role hierarchy cache should respect TTL settings
[22m[39mGoTrueClient@sb-bgxknceshxxifwytalex-auth-token:0 (2.93.3) 2026-02-02T15:20:24.725Z #_acquireLock begin [33m10000[39m
GoTrueClient@sb-bgxknceshxxifwytalex-auth-token:0 (2.93.3) 2026-02-02T15:20:24.725Z #_acquireLock lock acquired for storage key sb-bgxknceshxxifwytalex-auth-token
GoTrueClient@sb-bgxknceshxxifwytalex-auth-token:0 (2.93.3) 2026-02-02T15:20:24.725Z #_useSession begin
GoTrueClient@sb-bgxknceshxxifwytalex-auth-token:0 (2.93.3) 2026-02-02T15:20:24.725Z #__loadSession() begin

[90mstdout[2m | tests/property/scoped-roles-processing-efficiency.test.ts[2m > [22m[2mProperty 10: Scoped Roles Processing Efficiency[2m > [22m[2mProperty 10.10: Role hierarchy cache should respect TTL settings
[22m[39mGoTrueClient@sb-bgxknceshxxifwytalex-auth-token:0 (2.93.3) 2026-02-02T15:20:24.725Z #getSession() session from storage [1mnull[22m
GoTrueClient@sb-bgxknceshxxifwytalex-auth-token:0 (2.93.3) 2026-02-02T15:20:24.725Z #__loadSession() end

[90mstdout[2m | tests/property/scoped-roles-processing-efficiency.test.ts[2m > [22m[2mProperty 10: Scoped Roles Processing Efficiency[2m > [22m[2mProperty 10.10: Role hierarchy cache should respect TTL settings
[22m[39mGoTrueClient@sb-bgxknceshxxifwytalex-auth-token:0 (2.93.3) 2026-02-02T15:20:24.725Z #_useSession end

[90mstdout[2m | tests/property/scoped-roles-processing-efficiency.test.ts[2m > [22m[2mProperty 10: Scoped Roles Processing Efficiency[2m > [22m[2mProperty 10.10: Role hierarchy cache should respect TTL settings
[22m[39mGoTrueClient@sb-bgxknceshxxifwytalex-auth-token:0 (2.93.3) 2026-02-02T15:20:24.725Z #_acquireLock lock released for storage key sb-bgxknceshxxifwytalex-auth-token

[90mstdout[2m | tests/property/scoped-roles-processing-efficiency.test.ts[2m > [22m[2mProperty 10: Scoped Roles Processing Efficiency[2m > [22m[2mProperty 10.10: Role hierarchy cache should respect TTL settings
[22m[39mGoTrueClient@sb-bgxknceshxxifwytalex-auth-token:0 (2.93.3) 2026-02-02T15:20:24.725Z #_acquireLock end

stderr | tests/property/scoped-roles-processing-efficiency.test.ts > Property 10: Scoped Roles Processing Efficiency > Property 10.10: Role hierarchy cache should respect TTL settings
Error fetching org roles: {
  code: 'PGRST200',
  details: "Searched for a foreign key relationship between 'org_roles' and 'user_profiles' in the schema 'public', but no matches were found.",
  hint: null,
  message: "Could not find a relationship between 'org_roles' and 'user_profiles' in the schema cache"
}

[90mstdout[2m | tests/property/scoped-roles-processing-efficiency.test.ts[2m > [22m[2mProperty 10: Scoped Roles Processing Efficiency[2m > [22m[2mProperty 10.10: Role hierarchy cache should respect TTL settings
[22m[39mGoTrueClient@sb-bgxknceshxxifwytalex-auth-token:0 (2.93.3) 2026-02-02T15:20:24.768Z #_acquireLock begin [33m10000[39m
GoTrueClient@sb-bgxknceshxxifwytalex-auth-token:0 (2.93.3) 2026-02-02T15:20:24.768Z #_acquireLock lock acquired for storage key sb-bgxknceshxxifwytalex-auth-token
GoTrueClient@sb-bgxknceshxxifwytalex-auth-token:0 (2.93.3) 2026-02-02T15:20:24.768Z #_useSession begin
GoTrueClient@sb-bgxknceshxxifwytalex-auth-token:0 (2.93.3) 2026-02-02T15:20:24.768Z #__loadSession() begin

[90mstdout[2m | tests/property/scoped-roles-processing-efficiency.test.ts[2m > [22m[2mProperty 10: Scoped Roles Processing Efficiency[2m > [22m[2mProperty 10.10: Role hierarchy cache should respect TTL settings
[22m[39mGoTrueClient@sb-bgxknceshxxifwytalex-auth-token:0 (2.93.3) 2026-02-02T15:20:24.768Z #getSession() session from storage [1mnull[22m
GoTrueClient@sb-bgxknceshxxifwytalex-auth-token:0 (2.93.3) 2026-02-02T15:20:24.768Z #__loadSession() end

[90mstdout[2m | tests/property/scoped-roles-processing-efficiency.test.ts[2m > [22m[2mProperty 10: Scoped Roles Processing Efficiency[2m > [22m[2mProperty 10.10: Role hierarchy cache should respect TTL settings
[22m[39mGoTrueClient@sb-bgxknceshxxifwytalex-auth-token:0 (2.93.3) 2026-02-02T15:20:24.769Z #_useSession end

[90mstdout[2m | tests/property/scoped-roles-processing-efficiency.test.ts[2m > [22m[2mProperty 10: Scoped Roles Processing Efficiency[2m > [22m[2mProperty 10.10: Role hierarchy cache should respect TTL settings
[22m[39mGoTrueClient@sb-bgxknceshxxifwytalex-auth-token:0 (2.93.3) 2026-02-02T15:20:24.769Z #_acquireLock lock released for storage key sb-bgxknceshxxifwytalex-auth-token

[90mstdout[2m | tests/property/scoped-roles-processing-efficiency.test.ts[2m > [22m[2mProperty 10: Scoped Roles Processing Efficiency[2m > [22m[2mProperty 10.10: Role hierarchy cache should respect TTL settings
[22m[39mGoTrueClient@sb-bgxknceshxxifwytalex-auth-token:0 (2.93.3) 2026-02-02T15:20:24.769Z #_acquireLock end

stderr | tests/property/scoped-roles-processing-efficiency.test.ts > Property 10: Scoped Roles Processing Efficiency > Property 10.10: Role hierarchy cache should respect TTL settings
Error fetching org roles: {
  code: 'PGRST200',
  details: "Searched for a foreign key relationship between 'org_roles' and 'user_profiles' in the schema 'public', but no matches were found.",
  hint: null,
  message: "Could not find a relationship between 'org_roles' and 'user_profiles' in the schema cache"
}

[90mstdout[2m | tests/property/scoped-roles-processing-efficiency.test.ts[2m > [22m[2mProperty 10: Scoped Roles Processing Efficiency[2m > [22m[2mProperty 10.10: Role hierarchy cache should respect TTL settings
[22m[39mGoTrueClient@sb-bgxknceshxxifwytalex-auth-token:0 (2.93.3) 2026-02-02T15:20:24.801Z #_acquireLock begin [33m10000[39m
GoTrueClient@sb-bgxknceshxxifwytalex-auth-token:0 (2.93.3) 2026-02-02T15:20:24.801Z #_acquireLock lock acquired for storage key sb-bgxknceshxxifwytalex-auth-token
GoTrueClient@sb-bgxknceshxxifwytalex-auth-token:0 (2.93.3) 2026-02-02T15:20:24.801Z #_useSession begin
GoTrueClient@sb-bgxknceshxxifwytalex-auth-token:0 (2.93.3) 2026-02-02T15:20:24.801Z #__loadSession() begin

[90mstdout[2m | tests/property/scoped-roles-processing-efficiency.test.ts[2m > [22m[2mProperty 10: Scoped Roles Processing Efficiency[2m > [22m[2mProperty 10.10: Role hierarchy cache should respect TTL settings
[22m[39mGoTrueClient@sb-bgxknceshxxifwytalex-auth-token:0 (2.93.3) 2026-02-02T15:20:24.801Z #getSession() session from storage [1mnull[22m
GoTrueClient@sb-bgxknceshxxifwytalex-auth-token:0 (2.93.3) 2026-02-02T15:20:24.801Z #__loadSession() end

[90mstdout[2m | tests/property/scoped-roles-processing-efficiency.test.ts[2m > [22m[2mProperty 10: Scoped Roles Processing Efficiency[2m > [22m[2mProperty 10.10: Role hierarchy cache should respect TTL settings
[22m[39mGoTrueClient@sb-bgxknceshxxifwytalex-auth-token:0 (2.93.3) 2026-02-02T15:20:24.801Z #_useSession end

[90mstdout[2m | tests/property/scoped-roles-processing-efficiency.test.ts[2m > [22m[2mProperty 10: Scoped Roles Processing Efficiency[2m > [22m[2mProperty 10.10: Role hierarchy cache should respect TTL settings
[22m[39mGoTrueClient@sb-bgxknceshxxifwytalex-auth-token:0 (2.93.3) 2026-02-02T15:20:24.801Z #_acquireLock lock released for storage key sb-bgxknceshxxifwytalex-auth-token

[90mstdout[2m | tests/property/scoped-roles-processing-efficiency.test.ts[2m > [22m[2mProperty 10: Scoped Roles Processing Efficiency[2m > [22m[2mProperty 10.10: Role hierarchy cache should respect TTL settings
[22m[39mGoTrueClient@sb-bgxknceshxxifwytalex-auth-token:0 (2.93.3) 2026-02-02T15:20:24.801Z #_acquireLock end

stderr | tests/property/scoped-roles-processing-efficiency.test.ts > Property 10: Scoped Roles Processing Efficiency > Property 10.10: Role hierarchy cache should respect TTL settings
Error fetching org roles: {
  code: 'PGRST200',
  details: "Searched for a foreign key relationship between 'org_roles' and 'user_profiles' in the schema 'public', but no matches were found.",
  hint: null,
  message: "Could not find a relationship between 'org_roles' and 'user_profiles' in the schema cache"
}

[90mstdout[2m | tests/property/scoped-roles-processing-efficiency.test.ts[2m > [22m[2mProperty 10: Scoped Roles Processing Efficiency[2m > [22m[2mProperty 10.10: Role hierarchy cache should respect TTL settings
[22m[39mGoTrueClient@sb-bgxknceshxxifwytalex-auth-token:0 (2.93.3) 2026-02-02T15:20:24.803Z #_acquireLock begin [33m10000[39m
GoTrueClient@sb-bgxknceshxxifwytalex-auth-token:0 (2.93.3) 2026-02-02T15:20:24.803Z #_acquireLock lock acquired for storage key sb-bgxknceshxxifwytalex-auth-token
GoTrueClient@sb-bgxknceshxxifwytalex-auth-token:0 (2.93.3) 2026-02-02T15:20:24.803Z #_useSession begin
GoTrueClient@sb-bgxknceshxxifwytalex-auth-token:0 (2.93.3) 2026-02-02T15:20:24.803Z #__loadSession() begin

[90mstdout[2m | tests/property/scoped-roles-processing-efficiency.test.ts[2m > [22m[2mProperty 10: Scoped Roles Processing Efficiency[2m > [22m[2mProperty 10.10: Role hierarchy cache should respect TTL settings
[22m[39mGoTrueClient@sb-bgxknceshxxifwytalex-auth-token:0 (2.93.3) 2026-02-02T15:20:24.803Z #getSession() session from storage [1mnull[22m
GoTrueClient@sb-bgxknceshxxifwytalex-auth-token:0 (2.93.3) 2026-02-02T15:20:24.803Z #__loadSession() end

[90mstdout[2m | tests/property/scoped-roles-processing-efficiency.test.ts[2m > [22m[2mProperty 10: Scoped Roles Processing Efficiency[2m > [22m[2mProperty 10.10: Role hierarchy cache should respect TTL settings
[22m[39mGoTrueClient@sb-bgxknceshxxifwytalex-auth-token:0 (2.93.3) 2026-02-02T15:20:24.803Z #_useSession end

[90mstdout[2m | tests/property/scoped-roles-processing-efficiency.test.ts[2m > [22m[2mProperty 10: Scoped Roles Processing Efficiency[2m > [22m[2mProperty 10.10: Role hierarchy cache should respect TTL settings
[22m[39mGoTrueClient@sb-bgxknceshxxifwytalex-auth-token:0 (2.93.3) 2026-02-02T15:20:24.803Z #_acquireLock lock released for storage key sb-bgxknceshxxifwytalex-auth-token

[90mstdout[2m | tests/property/scoped-roles-processing-efficiency.test.ts[2m > [22m[2mProperty 10: Scoped Roles Processing Efficiency[2m > [22m[2mProperty 10.10: Role hierarchy cache should respect TTL settings
[22m[39mGoTrueClient@sb-bgxknceshxxifwytalex-auth-token:0 (2.93.3) 2026-02-02T15:20:24.803Z #_acquireLock end

stderr | tests/property/scoped-roles-processing-efficiency.test.ts > Property 10: Scoped Roles Processing Efficiency > Property 10.10: Role hierarchy cache should respect TTL settings
Error fetching project roles: {
  code: 'PGRST200',
  details: "Searched for a foreign key relationship between 'project_roles' and 'user_profiles' in the schema 'public', but no matches were found.",
  hint: null,
  message: "Could not find a relationship between 'project_roles' and 'user_profiles' in the schema cache"
}

[90mstdout[2m | tests/property/scoped-roles-processing-efficiency.test.ts[2m > [22m[2mProperty 10: Scoped Roles Processing Efficiency[2m > [22m[2mProperty 10.10: Role hierarchy cache should respect TTL settings
[22m[39mGoTrueClient@sb-bgxknceshxxifwytalex-auth-token:0 (2.93.3) 2026-02-02T15:20:24.812Z #_acquireLock begin [33m10000[39m
GoTrueClient@sb-bgxknceshxxifwytalex-auth-token:0 (2.93.3) 2026-02-02T15:20:24.812Z #_acquireLock lock acquired for storage key sb-bgxknceshxxifwytalex-auth-token
GoTrueClient@sb-bgxknceshxxifwytalex-auth-token:0 (2.93.3) 2026-02-02T15:20:24.812Z #_useSession begin
GoTrueClient@sb-bgxknceshxxifwytalex-auth-token:0 (2.93.3) 2026-02-02T15:20:24.812Z #__loadSession() begin

[90mstdout[2m | tests/property/scoped-roles-processing-efficiency.test.ts[2m > [22m[2mProperty 10: Scoped Roles Processing Efficiency[2m > [22m[2mProperty 10.10: Role hierarchy cache should respect TTL settings
[22m[39mGoTrueClient@sb-bgxknceshxxifwytalex-auth-token:0 (2.93.3) 2026-02-02T15:20:24.812Z #getSession() session from storage [1mnull[22m
GoTrueClient@sb-bgxknceshxxifwytalex-auth-token:0 (2.93.3) 2026-02-02T15:20:24.812Z #__loadSession() end

[90mstdout[2m | tests/property/scoped-roles-processing-efficiency.test.ts[2m > [22m[2mProperty 10: Scoped Roles Processing Efficiency[2m > [22m[2mProperty 10.10: Role hierarchy cache should respect TTL settings
[22m[39mGoTrueClient@sb-bgxknceshxxifwytalex-auth-token:0 (2.93.3) 2026-02-02T15:20:24.812Z #_useSession end

[90mstdout[2m | tests/property/scoped-roles-processing-efficiency.test.ts[2m > [22m[2mProperty 10: Scoped Roles Processing Efficiency[2m > [22m[2mProperty 10.10: Role hierarchy cache should respect TTL settings
[22m[39mGoTrueClient@sb-bgxknceshxxifwytalex-auth-token:0 (2.93.3) 2026-02-02T15:20:24.812Z #_acquireLock lock released for storage key sb-bgxknceshxxifwytalex-auth-token

[90mstdout[2m | tests/property/scoped-roles-processing-efficiency.test.ts[2m > [22m[2mProperty 10: Scoped Roles Processing Efficiency[2m > [22m[2mProperty 10.10: Role hierarchy cache should respect TTL settings
[22m[39mGoTrueClient@sb-bgxknceshxxifwytalex-auth-token:0 (2.93.3) 2026-02-02T15:20:24.812Z #_acquireLock end

[90mstdout[2m | tests/property/scoped-roles-processing-efficiency.test.ts[2m > [22m[2mProperty 10: Scoped Roles Processing Efficiency[2m > [22m[2mProperty 10.10: Role hierarchy cache should respect TTL settings
[22m[39mGoTrueClient@sb-bgxknceshxxifwytalex-auth-token:0 (2.93.3) 2026-02-02T15:20:24.824Z #_acquireLock begin [33m10000[39m
GoTrueClient@sb-bgxknceshxxifwytalex-auth-token:0 (2.93.3) 2026-02-02T15:20:24.825Z #_acquireLock lock acquired for storage key sb-bgxknceshxxifwytalex-auth-token
GoTrueClient@sb-bgxknceshxxifwytalex-auth-token:0 (2.93.3) 2026-02-02T15:20:24.825Z #_useSession begin
GoTrueClient@sb-bgxknceshxxifwytalex-auth-token:0 (2.93.3) 2026-02-02T15:20:24.825Z #__loadSession() begin

[90mstdout[2m | tests/property/scoped-roles-processing-efficiency.test.ts[2m > [22m[2mProperty 10: Scoped Roles Processing Efficiency[2m > [22m[2mProperty 10.10: Role hierarchy cache should respect TTL settings
[22m[39mGoTrueClient@sb-bgxknceshxxifwytalex-auth-token:0 (2.93.3) 2026-02-02T15:20:24.825Z #getSession() session from storage [1mnull[22m
GoTrueClient@sb-bgxknceshxxifwytalex-auth-token:0 (2.93.3) 2026-02-02T15:20:24.825Z #__loadSession() end

[90mstdout[2m | tests/property/scoped-roles-processing-efficiency.test.ts[2m > [22m[2mProperty 10: Scoped Roles Processing Efficiency[2m > [22m[2mProperty 10.10: Role hierarchy cache should respect TTL settings
[22m[39mGoTrueClient@sb-bgxknceshxxifwytalex-auth-token:0 (2.93.3) 2026-02-02T15:20:24.825Z #_useSession end

[90mstdout[2m | tests/property/scoped-roles-processing-efficiency.test.ts[2m > [22m[2mProperty 10: Scoped Roles Processing Efficiency[2m > [22m[2mProperty 10.10: Role hierarchy cache should respect TTL settings
[22m[39mGoTrueClient@sb-bgxknceshxxifwytalex-auth-token:0 (2.93.3) 2026-02-02T15:20:24.825Z #_acquireLock lock released for storage key sb-bgxknceshxxifwytalex-auth-token

[90mstdout[2m | tests/property/scoped-roles-processing-efficiency.test.ts[2m > [22m[2mProperty 10: Scoped Roles Processing Efficiency[2m > [22m[2mProperty 10.10: Role hierarchy cache should respect TTL settings
[22m[39mGoTrueClient@sb-bgxknceshxxifwytalex-auth-token:0 (2.93.3) 2026-02-02T15:20:24.825Z #_acquireLock end

[90mstdout[2m | tests/property/scoped-roles-processing-efficiency.test.ts[2m > [22m[2mProperty 10: Scoped Roles Processing Efficiency[2m > [22m[2mProperty 10.10: Role hierarchy cache should respect TTL settings
[22m[39mGoTrueClient@sb-bgxknceshxxifwytalex-auth-token:0 (2.93.3) 2026-02-02T15:20:24.872Z #_acquireLock begin [33m10000[39m
GoTrueClient@sb-bgxknceshxxifwytalex-auth-token:0 (2.93.3) 2026-02-02T15:20:24.872Z #_acquireLock lock acquired for storage key sb-bgxknceshxxifwytalex-auth-token
GoTrueClient@sb-bgxknceshxxifwytalex-auth-token:0 (2.93.3) 2026-02-02T15:20:24.872Z #_useSession begin
GoTrueClient@sb-bgxknceshxxifwytalex-auth-token:0 (2.93.3) 2026-02-02T15:20:24.872Z #__loadSession() begin

[90mstdout[2m | tests/property/scoped-roles-processing-efficiency.test.ts[2m > [22m[2mProperty 10: Scoped Roles Processing Efficiency[2m > [22m[2mProperty 10.10: Role hierarchy cache should respect TTL settings
[22m[39mGoTrueClient@sb-bgxknceshxxifwytalex-auth-token:0 (2.93.3) 2026-02-02T15:20:24.872Z #getSession() session from storage [1mnull[22m
GoTrueClient@sb-bgxknceshxxifwytalex-auth-token:0 (2.93.3) 2026-02-02T15:20:24.872Z #__loadSession() end

[90mstdout[2m | tests/property/scoped-roles-processing-efficiency.test.ts[2m > [22m[2mProperty 10: Scoped Roles Processing Efficiency[2m > [22m[2mProperty 10.10: Role hierarchy cache should respect TTL settings
[22m[39mGoTrueClient@sb-bgxknceshxxifwytalex-auth-token:0 (2.93.3) 2026-02-02T15:20:24.872Z #_useSession end

[90mstdout[2m | tests/property/scoped-roles-processing-efficiency.test.ts[2m > [22m[2mProperty 10: Scoped Roles Processing Efficiency[2m > [22m[2mProperty 10.10: Role hierarchy cache should respect TTL settings
[22m[39mGoTrueClient@sb-bgxknceshxxifwytalex-auth-token:0 (2.93.3) 2026-02-02T15:20:24.872Z #_acquireLock lock released for storage key sb-bgxknceshxxifwytalex-auth-token

[90mstdout[2m | tests/property/scoped-roles-processing-efficiency.test.ts[2m > [22m[2mProperty 10: Scoped Roles Processing Efficiency[2m > [22m[2mProperty 10.10: Role hierarchy cache should respect TTL settings
[22m[39mGoTrueClient@sb-bgxknceshxxifwytalex-auth-token:0 (2.93.3) 2026-02-02T15:20:24.872Z #_acquireLock end

stderr | tests/property/scoped-roles-processing-efficiency.test.ts > Property 10: Scoped Roles Processing Efficiency > Property 10.10: Role hierarchy cache should respect TTL settings
Error fetching project roles: {
  code: 'PGRST200',
  details: "Searched for a foreign key relationship between 'project_roles' and 'user_profiles' in the schema 'public', but no matches were found.",
  hint: null,
  message: "Could not find a relationship between 'project_roles' and 'user_profiles' in the schema cache"
}

[90mstdout[2m | tests/property/scoped-roles-processing-efficiency.test.ts[2m > [22m[2mProperty 10: Scoped Roles Processing Efficiency[2m > [22m[2mProperty 10.10: Role hierarchy cache should respect TTL settings
[22m[39mGoTrueClient@sb-bgxknceshxxifwytalex-auth-token:0 (2.93.3) 2026-02-02T15:20:24.928Z #_acquireLock begin [33m10000[39m
GoTrueClient@sb-bgxknceshxxifwytalex-auth-token:0 (2.93.3) 2026-02-02T15:20:24.928Z #_acquireLock lock acquired for storage key sb-bgxknceshxxifwytalex-auth-token
GoTrueClient@sb-bgxknceshxxifwytalex-auth-token:0 (2.93.3) 2026-02-02T15:20:24.928Z #_useSession begin
GoTrueClient@sb-bgxknceshxxifwytalex-auth-token:0 (2.93.3) 2026-02-02T15:20:24.928Z #__loadSession() begin

[90mstdout[2m | tests/property/scoped-roles-processing-efficiency.test.ts[2m > [22m[2mProperty 10: Scoped Roles Processing Efficiency[2m > [22m[2mProperty 10.10: Role hierarchy cache should respect TTL settings
[22m[39mGoTrueClient@sb-bgxknceshxxifwytalex-auth-token:0 (2.93.3) 2026-02-02T15:20:24.928Z #getSession() session from storage [1mnull[22m
GoTrueClient@sb-bgxknceshxxifwytalex-auth-token:0 (2.93.3) 2026-02-02T15:20:24.928Z #__loadSession() end

[90mstdout[2m | tests/property/scoped-roles-processing-efficiency.test.ts[2m > [22m[2mProperty 10: Scoped Roles Processing Efficiency[2m > [22m[2mProperty 10.10: Role hierarchy cache should respect TTL settings
[22m[39mGoTrueClient@sb-bgxknceshxxifwytalex-auth-token:0 (2.93.3) 2026-02-02T15:20:24.928Z #_useSession end

[90mstdout[2m | tests/property/scoped-roles-processing-efficiency.test.ts[2m > [22m[2mProperty 10: Scoped Roles Processing Efficiency[2m > [22m[2mProperty 10.10: Role hierarchy cache should respect TTL settings
[22m[39mGoTrueClient@sb-bgxknceshxxifwytalex-auth-token:0 (2.93.3) 2026-02-02T15:20:24.928Z #_acquireLock lock released for storage key sb-bgxknceshxxifwytalex-auth-token

[90mstdout[2m | tests/property/scoped-roles-processing-efficiency.test.ts[2m > [22m[2mProperty 10: Scoped Roles Processing Efficiency[2m > [22m[2mProperty 10.10: Role hierarchy cache should respect TTL settings
[22m[39mGoTrueClient@sb-bgxknceshxxifwytalex-auth-token:0 (2.93.3) 2026-02-02T15:20:24.928Z #_acquireLock end

stderr | tests/property/scoped-roles-processing-efficiency.test.ts > Property 10: Scoped Roles Processing Efficiency > Property 10.10: Role hierarchy cache should respect TTL settings
Error fetching org roles: {
  code: 'PGRST200',
  details: "Searched for a foreign key relationship between 'org_roles' and 'user_profiles' in the schema 'public', but no matches were found.",
  hint: null,
  message: "Could not find a relationship between 'org_roles' and 'user_profiles' in the schema cache"
}

[90mstdout[2m | tests/property/scoped-roles-processing-efficiency.test.ts[2m > [22m[2mProperty 10: Scoped Roles Processing Efficiency[2m > [22m[2mProperty 10.10: Role hierarchy cache should respect TTL settings
[22m[39mGoTrueClient@sb-bgxknceshxxifwytalex-auth-token:0 (2.93.3) 2026-02-02T15:20:24.984Z #_acquireLock begin [33m10000[39m
GoTrueClient@sb-bgxknceshxxifwytalex-auth-token:0 (2.93.3) 2026-02-02T15:20:24.984Z #_acquireLock lock acquired for storage key sb-bgxknceshxxifwytalex-auth-token
GoTrueClient@sb-bgxknceshxxifwytalex-auth-token:0 (2.93.3) 2026-02-02T15:20:24.984Z #_useSession begin
GoTrueClient@sb-bgxknceshxxifwytalex-auth-token:0 (2.93.3) 2026-02-02T15:20:24.984Z #__loadSession() begin

[90mstdout[2m | tests/property/scoped-roles-processing-efficiency.test.ts[2m > [22m[2mProperty 10: Scoped Roles Processing Efficiency[2m > [22m[2mProperty 10.10: Role hierarchy cache should respect TTL settings
[22m[39mGoTrueClient@sb-bgxknceshxxifwytalex-auth-token:0 (2.93.3) 2026-02-02T15:20:24.984Z #getSession() session from storage [1mnull[22m
GoTrueClient@sb-bgxknceshxxifwytalex-auth-token:0 (2.93.3) 2026-02-02T15:20:24.984Z #__loadSession() end

[90mstdout[2m | tests/property/scoped-roles-processing-efficiency.test.ts[2m > [22m[2mProperty 10: Scoped Roles Processing Efficiency[2m > [22m[2mProperty 10.10: Role hierarchy cache should respect TTL settings
[22m[39mGoTrueClient@sb-bgxknceshxxifwytalex-auth-token:0 (2.93.3) 2026-02-02T15:20:24.984Z #_useSession end

[90mstdout[2m | tests/property/scoped-roles-processing-efficiency.test.ts[2m > [22m[2mProperty 10: Scoped Roles Processing Efficiency[2m > [22m[2mProperty 10.10: Role hierarchy cache should respect TTL settings
[22m[39mGoTrueClient@sb-bgxknceshxxifwytalex-auth-token:0 (2.93.3) 2026-02-02T15:20:24.984Z #_acquireLock lock released for storage key sb-bgxknceshxxifwytalex-auth-token

[90mstdout[2m | tests/property/scoped-roles-processing-efficiency.test.ts[2m > [22m[2mProperty 10: Scoped Roles Processing Efficiency[2m > [22m[2mProperty 10.10: Role hierarchy cache should respect TTL settings
[22m[39mGoTrueClient@sb-bgxknceshxxifwytalex-auth-token:0 (2.93.3) 2026-02-02T15:20:24.984Z #_acquireLock end

stderr | tests/property/scoped-roles-processing-efficiency.test.ts > Property 10: Scoped Roles Processing Efficiency > Property 10.10: Role hierarchy cache should respect TTL settings
Error fetching project roles: {
  code: 'PGRST200',
  details: "Searched for a foreign key relationship between 'project_roles' and 'user_profiles' in the schema 'public', but no matches were found.",
  hint: null,
  message: "Could not find a relationship between 'project_roles' and 'user_profiles' in the schema cache"
}

[90mstdout[2m | tests/property/scoped-roles-processing-efficiency.test.ts[2m > [22m[2mProperty 10: Scoped Roles Processing Efficiency[2m > [22m[2mProperty 10.10: Role hierarchy cache should respect TTL settings
[22m[39mGoTrueClient@sb-bgxknceshxxifwytalex-auth-token:0 (2.93.3) 2026-02-02T15:20:25.000Z #_acquireLock begin [33m10000[39m
GoTrueClient@sb-bgxknceshxxifwytalex-auth-token:0 (2.93.3) 2026-02-02T15:20:25.000Z #_acquireLock lock acquired for storage key sb-bgxknceshxxifwytalex-auth-token
GoTrueClient@sb-bgxknceshxxifwytalex-auth-token:0 (2.93.3) 2026-02-02T15:20:25.000Z #_useSession begin
GoTrueClient@sb-bgxknceshxxifwytalex-auth-token:0 (2.93.3) 2026-02-02T15:20:25.000Z #__loadSession() begin

[90mstdout[2m | tests/property/scoped-roles-processing-efficiency.test.ts[2m > [22m[2mProperty 10: Scoped Roles Processing Efficiency[2m > [22m[2mProperty 10.10: Role hierarchy cache should respect TTL settings
[22m[39mGoTrueClient@sb-bgxknceshxxifwytalex-auth-token:0 (2.93.3) 2026-02-02T15:20:25.000Z #getSession() session from storage [1mnull[22m
GoTrueClient@sb-bgxknceshxxifwytalex-auth-token:0 (2.93.3) 2026-02-02T15:20:25.000Z #__loadSession() end

[90mstdout[2m | tests/property/scoped-roles-processing-efficiency.test.ts[2m > [22m[2mProperty 10: Scoped Roles Processing Efficiency[2m > [22m[2mProperty 10.10: Role hierarchy cache should respect TTL settings
[22m[39mGoTrueClient@sb-bgxknceshxxifwytalex-auth-token:0 (2.93.3) 2026-02-02T15:20:25.000Z #_useSession end

[90mstdout[2m | tests/property/scoped-roles-processing-efficiency.test.ts[2m > [22m[2mProperty 10: Scoped Roles Processing Efficiency[2m > [22m[2mProperty 10.10: Role hierarchy cache should respect TTL settings
[22m[39mGoTrueClient@sb-bgxknceshxxifwytalex-auth-token:0 (2.93.3) 2026-02-02T15:20:25.000Z #_acquireLock lock released for storage key sb-bgxknceshxxifwytalex-auth-token

[90mstdout[2m | tests/property/scoped-roles-processing-efficiency.test.ts[2m > [22m[2mProperty 10: Scoped Roles Processing Efficiency[2m > [22m[2mProperty 10.10: Role hierarchy cache should respect TTL settings
[22m[39mGoTrueClient@sb-bgxknceshxxifwytalex-auth-token:0 (2.93.3) 2026-02-02T15:20:25.000Z #_acquireLock end

[90mstdout[2m | tests/property/scoped-roles-processing-efficiency.test.ts[2m > [22m[2mProperty 10: Scoped Roles Processing Efficiency[2m > [22m[2mProperty 10.10: Role hierarchy cache should respect TTL settings
[22m[39mGoTrueClient@sb-bgxknceshxxifwytalex-auth-token:0 (2.93.3) 2026-02-02T15:20:25.016Z #_acquireLock begin [33m10000[39m
GoTrueClient@sb-bgxknceshxxifwytalex-auth-token:0 (2.93.3) 2026-02-02T15:20:25.016Z #_acquireLock lock acquired for storage key sb-bgxknceshxxifwytalex-auth-token
GoTrueClient@sb-bgxknceshxxifwytalex-auth-token:0 (2.93.3) 2026-02-02T15:20:25.016Z #_useSession begin
GoTrueClient@sb-bgxknceshxxifwytalex-auth-token:0 (2.93.3) 2026-02-02T15:20:25.016Z #__loadSession() begin

[90mstdout[2m | tests/property/scoped-roles-processing-efficiency.test.ts[2m > [22m[2mProperty 10: Scoped Roles Processing Efficiency[2m > [22m[2mProperty 10.10: Role hierarchy cache should respect TTL settings
[22m[39mGoTrueClient@sb-bgxknceshxxifwytalex-auth-token:0 (2.93.3) 2026-02-02T15:20:25.017Z #getSession() session from storage [1mnull[22m
GoTrueClient@sb-bgxknceshxxifwytalex-auth-token:0 (2.93.3) 2026-02-02T15:20:25.017Z #__loadSession() end

[90mstdout[2m | tests/property/scoped-roles-processing-efficiency.test.ts[2m > [22m[2mProperty 10: Scoped Roles Processing Efficiency[2m > [22m[2mProperty 10.10: Role hierarchy cache should respect TTL settings
[22m[39mGoTrueClient@sb-bgxknceshxxifwytalex-auth-token:0 (2.93.3) 2026-02-02T15:20:25.017Z #_useSession end

[90mstdout[2m | tests/property/scoped-roles-processing-efficiency.test.ts[2m > [22m[2mProperty 10: Scoped Roles Processing Efficiency[2m > [22m[2mProperty 10.10: Role hierarchy cache should respect TTL settings
[22m[39mGoTrueClient@sb-bgxknceshxxifwytalex-auth-token:0 (2.93.3) 2026-02-02T15:20:25.017Z #_acquireLock lock released for storage key sb-bgxknceshxxifwytalex-auth-token

[90mstdout[2m | tests/property/scoped-roles-processing-efficiency.test.ts[2m > [22m[2mProperty 10: Scoped Roles Processing Efficiency[2m > [22m[2mProperty 10.10: Role hierarchy cache should respect TTL settings
[22m[39mGoTrueClient@sb-bgxknceshxxifwytalex-auth-token:0 (2.93.3) 2026-02-02T15:20:25.017Z #_acquireLock end

stderr | tests/property/scoped-roles-processing-efficiency.test.ts > Property 10: Scoped Roles Processing Efficiency > Property 10.10: Role hierarchy cache should respect TTL settings
Error fetching org roles: {
  code: 'PGRST200',
  details: "Searched for a foreign key relationship between 'org_roles' and 'user_profiles' in the schema 'public', but no matches were found.",
  hint: null,
  message: "Could not find a relationship between 'org_roles' and 'user_profiles' in the schema cache"
}

[90mstdout[2m | tests/property/scoped-roles-processing-efficiency.test.ts[2m > [22m[2mProperty 10: Scoped Roles Processing Efficiency[2m > [22m[2mProperty 10.10: Role hierarchy cache should respect TTL settings
[22m[39mGoTrueClient@sb-bgxknceshxxifwytalex-auth-token:0 (2.93.3) 2026-02-02T15:20:25.022Z #_acquireLock begin [33m10000[39m
GoTrueClient@sb-bgxknceshxxifwytalex-auth-token:0 (2.93.3) 2026-02-02T15:20:25.022Z #_acquireLock lock acquired for storage key sb-bgxknceshxxifwytalex-auth-token
GoTrueClient@sb-bgxknceshxxifwytalex-auth-token:0 (2.93.3) 2026-02-02T15:20:25.022Z #_useSession begin
GoTrueClient@sb-bgxknceshxxifwytalex-auth-token:0 (2.93.3) 2026-02-02T15:20:25.022Z #__loadSession() begin

[90mstdout[2m | tests/property/scoped-roles-processing-efficiency.test.ts[2m > [22m[2mProperty 10: Scoped Roles Processing Efficiency[2m > [22m[2mProperty 10.10: Role hierarchy cache should respect TTL settings
[22m[39mGoTrueClient@sb-bgxknceshxxifwytalex-auth-token:0 (2.93.3) 2026-02-02T15:20:25.022Z #getSession() session from storage [1mnull[22m
GoTrueClient@sb-bgxknceshxxifwytalex-auth-token:0 (2.93.3) 2026-02-02T15:20:25.022Z #__loadSession() end

[90mstdout[2m | tests/property/scoped-roles-processing-efficiency.test.ts[2m > [22m[2mProperty 10: Scoped Roles Processing Efficiency[2m > [22m[2mProperty 10.10: Role hierarchy cache should respect TTL settings
[22m[39mGoTrueClient@sb-bgxknceshxxifwytalex-auth-token:0 (2.93.3) 2026-02-02T15:20:25.022Z #_useSession end

[90mstdout[2m | tests/property/scoped-roles-processing-efficiency.test.ts[2m > [22m[2mProperty 10: Scoped Roles Processing Efficiency[2m > [22m[2mProperty 10.10: Role hierarchy cache should respect TTL settings
[22m[39mGoTrueClient@sb-bgxknceshxxifwytalex-auth-token:0 (2.93.3) 2026-02-02T15:20:25.022Z #_acquireLock lock released for storage key sb-bgxknceshxxifwytalex-auth-token

[90mstdout[2m | tests/property/scoped-roles-processing-efficiency.test.ts[2m > [22m[2mProperty 10: Scoped Roles Processing Efficiency[2m > [22m[2mProperty 10.10: Role hierarchy cache should respect TTL settings
[22m[39mGoTrueClient@sb-bgxknceshxxifwytalex-auth-token:0 (2.93.3) 2026-02-02T15:20:25.022Z #_acquireLock end

[90mstdout[2m | tests/property/scoped-roles-processing-efficiency.test.ts[2m > [22m[2mProperty 10: Scoped Roles Processing Efficiency[2m > [22m[2mProperty 10.10: Role hierarchy cache should respect TTL settings
[22m[39mGoTrueClient@sb-bgxknceshxxifwytalex-auth-token:0 (2.93.3) 2026-02-02T15:20:25.038Z #_acquireLock begin [33m10000[39m
GoTrueClient@sb-bgxknceshxxifwytalex-auth-token:0 (2.93.3) 2026-02-02T15:20:25.038Z #_acquireLock lock acquired for storage key sb-bgxknceshxxifwytalex-auth-token
GoTrueClient@sb-bgxknceshxxifwytalex-auth-token:0 (2.93.3) 2026-02-02T15:20:25.039Z #_useSession begin
GoTrueClient@sb-bgxknceshxxifwytalex-auth-token:0 (2.93.3) 2026-02-02T15:20:25.039Z #__loadSession() begin

[90mstdout[2m | tests/property/scoped-roles-processing-efficiency.test.ts[2m > [22m[2mProperty 10: Scoped Roles Processing Efficiency[2m > [22m[2mProperty 10.10: Role hierarchy cache should respect TTL settings
[22m[39mGoTrueClient@sb-bgxknceshxxifwytalex-auth-token:0 (2.93.3) 2026-02-02T15:20:25.039Z #getSession() session from storage [1mnull[22m
GoTrueClient@sb-bgxknceshxxifwytalex-auth-token:0 (2.93.3) 2026-02-02T15:20:25.039Z #__loadSession() end

[90mstdout[2m | tests/property/scoped-roles-processing-efficiency.test.ts[2m > [22m[2mProperty 10: Scoped Roles Processing Efficiency[2m > [22m[2mProperty 10.10: Role hierarchy cache should respect TTL settings
[22m[39mGoTrueClient@sb-bgxknceshxxifwytalex-auth-token:0 (2.93.3) 2026-02-02T15:20:25.039Z #_useSession end

[90mstdout[2m | tests/property/scoped-roles-processing-efficiency.test.ts[2m > [22m[2mProperty 10: Scoped Roles Processing Efficiency[2m > [22m[2mProperty 10.10: Role hierarchy cache should respect TTL settings
[22m[39mGoTrueClient@sb-bgxknceshxxifwytalex-auth-token:0 (2.93.3) 2026-02-02T15:20:25.039Z #_acquireLock lock released for storage key sb-bgxknceshxxifwytalex-auth-token

[90mstdout[2m | tests/property/scoped-roles-processing-efficiency.test.ts[2m > [22m[2mProperty 10: Scoped Roles Processing Efficiency[2m > [22m[2mProperty 10.10: Role hierarchy cache should respect TTL settings
[22m[39mGoTrueClient@sb-bgxknceshxxifwytalex-auth-token:0 (2.93.3) 2026-02-02T15:20:25.039Z #_acquireLock end

stderr | tests/property/scoped-roles-processing-efficiency.test.ts > Property 10: Scoped Roles Processing Efficiency > Property 10.10: Role hierarchy cache should respect TTL settings
Error fetching org roles: {
  code: 'PGRST200',
  details: "Searched for a foreign key relationship between 'org_roles' and 'user_profiles' in the schema 'public', but no matches were found.",
  hint: null,
  message: "Could not find a relationship between 'org_roles' and 'user_profiles' in the schema cache"
}

[90mstdout[2m | tests/property/scoped-roles-processing-efficiency.test.ts[2m > [22m[2mProperty 10: Scoped Roles Processing Efficiency[2m > [22m[2mProperty 10.10: Role hierarchy cache should respect TTL settings
[22m[39mGoTrueClient@sb-bgxknceshxxifwytalex-auth-token:0 (2.93.3) 2026-02-02T15:20:25.078Z #_acquireLock begin [33m10000[39m
GoTrueClient@sb-bgxknceshxxifwytalex-auth-token:0 (2.93.3) 2026-02-02T15:20:25.078Z #_acquireLock lock acquired for storage key sb-bgxknceshxxifwytalex-auth-token
GoTrueClient@sb-bgxknceshxxifwytalex-auth-token:0 (2.93.3) 2026-02-02T15:20:25.078Z #_useSession begin
GoTrueClient@sb-bgxknceshxxifwytalex-auth-token:0 (2.93.3) 2026-02-02T15:20:25.078Z #__loadSession() begin

[90mstdout[2m | tests/property/scoped-roles-processing-efficiency.test.ts[2m > [22m[2mProperty 10: Scoped Roles Processing Efficiency[2m > [22m[2mProperty 10.10: Role hierarchy cache should respect TTL settings
[22m[39mGoTrueClient@sb-bgxknceshxxifwytalex-auth-token:0 (2.93.3) 2026-02-02T15:20:25.078Z #getSession() session from storage [1mnull[22m
GoTrueClient@sb-bgxknceshxxifwytalex-auth-token:0 (2.93.3) 2026-02-02T15:20:25.078Z #__loadSession() end

[90mstdout[2m | tests/property/scoped-roles-processing-efficiency.test.ts[2m > [22m[2mProperty 10: Scoped Roles Processing Efficiency[2m > [22m[2mProperty 10.10: Role hierarchy cache should respect TTL settings
[22m[39mGoTrueClient@sb-bgxknceshxxifwytalex-auth-token:0 (2.93.3) 2026-02-02T15:20:25.078Z #_useSession end

[90mstdout[2m | tests/property/scoped-roles-processing-efficiency.test.ts[2m > [22m[2mProperty 10: Scoped Roles Processing Efficiency[2m > [22m[2mProperty 10.10: Role hierarchy cache should respect TTL settings
[22m[39mGoTrueClient@sb-bgxknceshxxifwytalex-auth-token:0 (2.93.3) 2026-02-02T15:20:25.078Z #_acquireLock lock released for storage key sb-bgxknceshxxifwytalex-auth-token

[90mstdout[2m | tests/property/scoped-roles-processing-efficiency.test.ts[2m > [22m[2mProperty 10: Scoped Roles Processing Efficiency[2m > [22m[2mProperty 10.10: Role hierarchy cache should respect TTL settings
[22m[39mGoTrueClient@sb-bgxknceshxxifwytalex-auth-token:0 (2.93.3) 2026-02-02T15:20:25.078Z #_acquireLock end

stderr | tests/property/scoped-roles-processing-efficiency.test.ts > Property 10: Scoped Roles Processing Efficiency > Property 10.10: Role hierarchy cache should respect TTL settings
Error fetching project roles: {
  code: 'PGRST200',
  details: "Searched for a foreign key relationship between 'project_roles' and 'user_profiles' in the schema 'public', but no matches were found.",
  hint: null,
  message: "Could not find a relationship between 'project_roles' and 'user_profiles' in the schema cache"
}

[90mstdout[2m | tests/property/scoped-roles-processing-efficiency.test.ts[2m > [22m[2mProperty 10: Scoped Roles Processing Efficiency[2m > [22m[2mProperty 10.10: Role hierarchy cache should respect TTL settings
[22m[39mGoTrueClient@sb-bgxknceshxxifwytalex-auth-token:0 (2.93.3) 2026-02-02T15:20:25.141Z #_acquireLock begin [33m10000[39m
GoTrueClient@sb-bgxknceshxxifwytalex-auth-token:0 (2.93.3) 2026-02-02T15:20:25.141Z #_acquireLock lock acquired for storage key sb-bgxknceshxxifwytalex-auth-token
GoTrueClient@sb-bgxknceshxxifwytalex-auth-token:0 (2.93.3) 2026-02-02T15:20:25.141Z #_useSession begin
GoTrueClient@sb-bgxknceshxxifwytalex-auth-token:0 (2.93.3) 2026-02-02T15:20:25.141Z #__loadSession() begin

[90mstdout[2m | tests/property/scoped-roles-processing-efficiency.test.ts[2m > [22m[2mProperty 10: Scoped Roles Processing Efficiency[2m > [22m[2mProperty 10.10: Role hierarchy cache should respect TTL settings
[22m[39mGoTrueClient@sb-bgxknceshxxifwytalex-auth-token:0 (2.93.3) 2026-02-02T15:20:25.141Z #getSession() session from storage [1mnull[22m
GoTrueClient@sb-bgxknceshxxifwytalex-auth-token:0 (2.93.3) 2026-02-02T15:20:25.141Z #__loadSession() end

[90mstdout[2m | tests/property/scoped-roles-processing-efficiency.test.ts[2m > [22m[2mProperty 10: Scoped Roles Processing Efficiency[2m > [22m[2mProperty 10.10: Role hierarchy cache should respect TTL settings
[22m[39mGoTrueClient@sb-bgxknceshxxifwytalex-auth-token:0 (2.93.3) 2026-02-02T15:20:25.141Z #_useSession end

[90mstdout[2m | tests/property/scoped-roles-processing-efficiency.test.ts[2m > [22m[2mProperty 10: Scoped Roles Processing Efficiency[2m > [22m[2mProperty 10.10: Role hierarchy cache should respect TTL settings
[22m[39mGoTrueClient@sb-bgxknceshxxifwytalex-auth-token:0 (2.93.3) 2026-02-02T15:20:25.141Z #_acquireLock lock released for storage key sb-bgxknceshxxifwytalex-auth-token

[90mstdout[2m | tests/property/scoped-roles-processing-efficiency.test.ts[2m > [22m[2mProperty 10: Scoped Roles Processing Efficiency[2m > [22m[2mProperty 10.10: Role hierarchy cache should respect TTL settings
[22m[39mGoTrueClient@sb-bgxknceshxxifwytalex-auth-token:0 (2.93.3) 2026-02-02T15:20:25.141Z #_acquireLock end

stderr | tests/property/scoped-roles-processing-efficiency.test.ts > Property 10: Scoped Roles Processing Efficiency > Property 10.10: Role hierarchy cache should respect TTL settings
Error fetching org roles: {
  code: 'PGRST200',
  details: "Searched for a foreign key relationship between 'org_roles' and 'user_profiles' in the schema 'public', but no matches were found.",
  hint: null,
  message: "Could not find a relationship between 'org_roles' and 'user_profiles' in the schema cache"
}

[90mstdout[2m | tests/property/scoped-roles-processing-efficiency.test.ts[2m > [22m[2mProperty 10: Scoped Roles Processing Efficiency[2m > [22m[2mProperty 10.10: Role hierarchy cache should respect TTL settings
[22m[39mGoTrueClient@sb-bgxknceshxxifwytalex-auth-token:0 (2.93.3) 2026-02-02T15:20:25.186Z #_acquireLock begin [33m10000[39m
GoTrueClient@sb-bgxknceshxxifwytalex-auth-token:0 (2.93.3) 2026-02-02T15:20:25.186Z #_acquireLock lock acquired for storage key sb-bgxknceshxxifwytalex-auth-token
GoTrueClient@sb-bgxknceshxxifwytalex-auth-token:0 (2.93.3) 2026-02-02T15:20:25.186Z #_useSession begin
GoTrueClient@sb-bgxknceshxxifwytalex-auth-token:0 (2.93.3) 2026-02-02T15:20:25.186Z #__loadSession() begin

[90mstdout[2m | tests/property/scoped-roles-processing-efficiency.test.ts[2m > [22m[2mProperty 10: Scoped Roles Processing Efficiency[2m > [22m[2mProperty 10.10: Role hierarchy cache should respect TTL settings
[22m[39mGoTrueClient@sb-bgxknceshxxifwytalex-auth-token:0 (2.93.3) 2026-02-02T15:20:25.186Z #getSession() session from storage [1mnull[22m
GoTrueClient@sb-bgxknceshxxifwytalex-auth-token:0 (2.93.3) 2026-02-02T15:20:25.186Z #__loadSession() end

[90mstdout[2m | tests/property/scoped-roles-processing-efficiency.test.ts[2m > [22m[2mProperty 10: Scoped Roles Processing Efficiency[2m > [22m[2mProperty 10.10: Role hierarchy cache should respect TTL settings
[22m[39mGoTrueClient@sb-bgxknceshxxifwytalex-auth-token:0 (2.93.3) 2026-02-02T15:20:25.186Z #_useSession end

[90mstdout[2m | tests/property/scoped-roles-processing-efficiency.test.ts[2m > [22m[2mProperty 10: Scoped Roles Processing Efficiency[2m > [22m[2mProperty 10.10: Role hierarchy cache should respect TTL settings
[22m[39mGoTrueClient@sb-bgxknceshxxifwytalex-auth-token:0 (2.93.3) 2026-02-02T15:20:25.186Z #_acquireLock lock released for storage key sb-bgxknceshxxifwytalex-auth-token

[90mstdout[2m | tests/property/scoped-roles-processing-efficiency.test.ts[2m > [22m[2mProperty 10: Scoped Roles Processing Efficiency[2m > [22m[2mProperty 10.10: Role hierarchy cache should respect TTL settings
[22m[39mGoTrueClient@sb-bgxknceshxxifwytalex-auth-token:0 (2.93.3) 2026-02-02T15:20:25.186Z #_acquireLock end

[90mstdout[2m | tests/property/scoped-roles-processing-efficiency.test.ts[2m > [22m[2mProperty 10: Scoped Roles Processing Efficiency[2m > [22m[2mProperty 10.10: Role hierarchy cache should respect TTL settings
[22m[39mGoTrueClient@sb-bgxknceshxxifwytalex-auth-token:0 (2.93.3) 2026-02-02T15:20:25.199Z #_acquireLock begin [33m10000[39m
GoTrueClient@sb-bgxknceshxxifwytalex-auth-token:0 (2.93.3) 2026-02-02T15:20:25.199Z #_acquireLock lock acquired for storage key sb-bgxknceshxxifwytalex-auth-token
GoTrueClient@sb-bgxknceshxxifwytalex-auth-token:0 (2.93.3) 2026-02-02T15:20:25.199Z #_useSession begin
GoTrueClient@sb-bgxknceshxxifwytalex-auth-token:0 (2.93.3) 2026-02-02T15:20:25.199Z #__loadSession() begin

[90mstdout[2m | tests/property/scoped-roles-processing-efficiency.test.ts[2m > [22m[2mProperty 10: Scoped Roles Processing Efficiency[2m > [22m[2mProperty 10.10: Role hierarchy cache should respect TTL settings
[22m[39mGoTrueClient@sb-bgxknceshxxifwytalex-auth-token:0 (2.93.3) 2026-02-02T15:20:25.199Z #getSession() session from storage [1mnull[22m
GoTrueClient@sb-bgxknceshxxifwytalex-auth-token:0 (2.93.3) 2026-02-02T15:20:25.199Z #__loadSession() end

[90mstdout[2m | tests/property/scoped-roles-processing-efficiency.test.ts[2m > [22m[2mProperty 10: Scoped Roles Processing Efficiency[2m > [22m[2mProperty 10.10: Role hierarchy cache should respect TTL settings
[22m[39mGoTrueClient@sb-bgxknceshxxifwytalex-auth-token:0 (2.93.3) 2026-02-02T15:20:25.199Z #_useSession end

[90mstdout[2m | tests/property/scoped-roles-processing-efficiency.test.ts[2m > [22m[2mProperty 10: Scoped Roles Processing Efficiency[2m > [22m[2mProperty 10.10: Role hierarchy cache should respect TTL settings
[22m[39mGoTrueClient@sb-bgxknceshxxifwytalex-auth-token:0 (2.93.3) 2026-02-02T15:20:25.199Z #_acquireLock lock released for storage key sb-bgxknceshxxifwytalex-auth-token

[90mstdout[2m | tests/property/scoped-roles-processing-efficiency.test.ts[2m > [22m[2mProperty 10: Scoped Roles Processing Efficiency[2m > [22m[2mProperty 10.10: Role hierarchy cache should respect TTL settings
[22m[39mGoTrueClient@sb-bgxknceshxxifwytalex-auth-token:0 (2.93.3) 2026-02-02T15:20:25.199Z #_acquireLock end

stderr | tests/property/scoped-roles-processing-efficiency.test.ts > Property 10: Scoped Roles Processing Efficiency > Property 10.10: Role hierarchy cache should respect TTL settings
Error fetching org roles: {
  code: 'PGRST200',
  details: "Searched for a foreign key relationship between 'org_roles' and 'user_profiles' in the schema 'public', but no matches were found.",
  hint: null,
  message: "Could not find a relationship between 'org_roles' and 'user_profiles' in the schema cache"
}

[90mstdout[2m | tests/property/scoped-roles-processing-efficiency.test.ts[2m > [22m[2mProperty 10: Scoped Roles Processing Efficiency[2m > [22m[2mProperty 10.10: Role hierarchy cache should respect TTL settings
[22m[39mGoTrueClient@sb-bgxknceshxxifwytalex-auth-token:0 (2.93.3) 2026-02-02T15:20:25.213Z #_acquireLock begin [33m10000[39m
GoTrueClient@sb-bgxknceshxxifwytalex-auth-token:0 (2.93.3) 2026-02-02T15:20:25.213Z #_acquireLock lock acquired for storage key sb-bgxknceshxxifwytalex-auth-token
GoTrueClient@sb-bgxknceshxxifwytalex-auth-token:0 (2.93.3) 2026-02-02T15:20:25.213Z #_useSession begin
GoTrueClient@sb-bgxknceshxxifwytalex-auth-token:0 (2.93.3) 2026-02-02T15:20:25.213Z #__loadSession() begin

[90mstdout[2m | tests/property/scoped-roles-processing-efficiency.test.ts[2m > [22m[2mProperty 10: Scoped Roles Processing Efficiency[2m > [22m[2mProperty 10.10: Role hierarchy cache should respect TTL settings
[22m[39mGoTrueClient@sb-bgxknceshxxifwytalex-auth-token:0 (2.93.3) 2026-02-02T15:20:25.213Z #getSession() session from storage [1mnull[22m
GoTrueClient@sb-bgxknceshxxifwytalex-auth-token:0 (2.93.3) 2026-02-02T15:20:25.213Z #__loadSession() end

[90mstdout[2m | tests/property/scoped-roles-processing-efficiency.test.ts[2m > [22m[2mProperty 10: Scoped Roles Processing Efficiency[2m > [22m[2mProperty 10.10: Role hierarchy cache should respect TTL settings
[22m[39mGoTrueClient@sb-bgxknceshxxifwytalex-auth-token:0 (2.93.3) 2026-02-02T15:20:25.213Z #_useSession end

[90mstdout[2m | tests/property/scoped-roles-processing-efficiency.test.ts[2m > [22m[2mProperty 10: Scoped Roles Processing Efficiency[2m > [22m[2mProperty 10.10: Role hierarchy cache should respect TTL settings
[22m[39mGoTrueClient@sb-bgxknceshxxifwytalex-auth-token:0 (2.93.3) 2026-02-02T15:20:25.213Z #_acquireLock lock released for storage key sb-bgxknceshxxifwytalex-auth-token

[90mstdout[2m | tests/property/scoped-roles-processing-efficiency.test.ts[2m > [22m[2mProperty 10: Scoped Roles Processing Efficiency[2m > [22m[2mProperty 10.10: Role hierarchy cache should respect TTL settings
[22m[39mGoTrueClient@sb-bgxknceshxxifwytalex-auth-token:0 (2.93.3) 2026-02-02T15:20:25.213Z #_acquireLock end

stderr | tests/property/scoped-roles-processing-efficiency.test.ts > Property 10: Scoped Roles Processing Efficiency > Property 10.10: Role hierarchy cache should respect TTL settings
Error fetching org roles: {
  code: 'PGRST200',
  details: "Searched for a foreign key relationship between 'org_roles' and 'user_profiles' in the schema 'public', but no matches were found.",
  hint: null,
  message: "Could not find a relationship between 'org_roles' and 'user_profiles' in the schema cache"
}

[90mstdout[2m | tests/property/scoped-roles-processing-efficiency.test.ts[2m > [22m[2mProperty 10: Scoped Roles Processing Efficiency[2m > [22m[2mProperty 10.10: Role hierarchy cache should respect TTL settings
[22m[39mGoTrueClient@sb-bgxknceshxxifwytalex-auth-token:0 (2.93.3) 2026-02-02T15:20:25.218Z #_acquireLock begin [33m10000[39m
GoTrueClient@sb-bgxknceshxxifwytalex-auth-token:0 (2.93.3) 2026-02-02T15:20:25.218Z #_acquireLock lock acquired for storage key sb-bgxknceshxxifwytalex-auth-token
GoTrueClient@sb-bgxknceshxxifwytalex-auth-token:0 (2.93.3) 2026-02-02T15:20:25.218Z #_useSession begin
GoTrueClient@sb-bgxknceshxxifwytalex-auth-token:0 (2.93.3) 2026-02-02T15:20:25.218Z #__loadSession() begin

[90mstdout[2m | tests/property/scoped-roles-processing-efficiency.test.ts[2m > [22m[2mProperty 10: Scoped Roles Processing Efficiency[2m > [22m[2mProperty 10.10: Role hierarchy cache should respect TTL settings
[22m[39mGoTrueClient@sb-bgxknceshxxifwytalex-auth-token:0 (2.93.3) 2026-02-02T15:20:25.218Z #getSession() session from storage [1mnull[22m
GoTrueClient@sb-bgxknceshxxifwytalex-auth-token:0 (2.93.3) 2026-02-02T15:20:25.218Z #__loadSession() end

[90mstdout[2m | tests/property/scoped-roles-processing-efficiency.test.ts[2m > [22m[2mProperty 10: Scoped Roles Processing Efficiency[2m > [22m[2mProperty 10.10: Role hierarchy cache should respect TTL settings
[22m[39mGoTrueClient@sb-bgxknceshxxifwytalex-auth-token:0 (2.93.3) 2026-02-02T15:20:25.218Z #_useSession end

[90mstdout[2m | tests/property/scoped-roles-processing-efficiency.test.ts[2m > [22m[2mProperty 10: Scoped Roles Processing Efficiency[2m > [22m[2mProperty 10.10: Role hierarchy cache should respect TTL settings
[22m[39mGoTrueClient@sb-bgxknceshxxifwytalex-auth-token:0 (2.93.3) 2026-02-02T15:20:25.218Z #_acquireLock lock released for storage key sb-bgxknceshxxifwytalex-auth-token

[90mstdout[2m | tests/property/scoped-roles-processing-efficiency.test.ts[2m > [22m[2mProperty 10: Scoped Roles Processing Efficiency[2m > [22m[2mProperty 10.10: Role hierarchy cache should respect TTL settings
[22m[39mGoTrueClient@sb-bgxknceshxxifwytalex-auth-token:0 (2.93.3) 2026-02-02T15:20:25.218Z #_acquireLock end

stderr | tests/property/scoped-roles-processing-efficiency.test.ts > Property 10: Scoped Roles Processing Efficiency > Property 10.10: Role hierarchy cache should respect TTL settings
Error fetching org roles: {
  code: 'PGRST200',
  details: "Searched for a foreign key relationship between 'org_roles' and 'user_profiles' in the schema 'public', but no matches were found.",
  hint: null,
  message: "Could not find a relationship between 'org_roles' and 'user_profiles' in the schema cache"
}

stderr | tests/property/scoped-roles-processing-efficiency.test.ts > Property 10: Scoped Roles Processing Efficiency > Property 10.10: Role hierarchy cache should respect TTL settings
Error fetching project roles: {
  code: 'PGRST200',
  details: "Searched for a foreign key relationship between 'project_roles' and 'user_profiles' in the schema 'public', but no matches were found.",
  hint: null,
  message: "Could not find a relationship between 'project_roles' and 'user_profiles' in the schema cache"
}

[90mstdout[2m | tests/property/scoped-roles-processing-efficiency.test.ts[2m > [22m[2mProperty 10: Scoped Roles Processing Efficiency[2m > [22m[2mProperty 10.10: Role hierarchy cache should respect TTL settings
[22m[39mGoTrueClient@sb-bgxknceshxxifwytalex-auth-token:0 (2.93.3) 2026-02-02T15:20:25.342Z #_acquireLock begin [33m10000[39m
GoTrueClient@sb-bgxknceshxxifwytalex-auth-token:0 (2.93.3) 2026-02-02T15:20:25.342Z #_acquireLock lock acquired for storage key sb-bgxknceshxxifwytalex-auth-token
GoTrueClient@sb-bgxknceshxxifwytalex-auth-token:0 (2.93.3) 2026-02-02T15:20:25.342Z #_useSession begin
GoTrueClient@sb-bgxknceshxxifwytalex-auth-token:0 (2.93.3) 2026-02-02T15:20:25.342Z #__loadSession() begin

[90mstdout[2m | tests/property/scoped-roles-processing-efficiency.test.ts[2m > [22m[2mProperty 10: Scoped Roles Processing Efficiency[2m > [22m[2mProperty 10.10: Role hierarchy cache should respect TTL settings
[22m[39mGoTrueClient@sb-bgxknceshxxifwytalex-auth-token:0 (2.93.3) 2026-02-02T15:20:25.342Z #getSession() session from storage [1mnull[22m
GoTrueClient@sb-bgxknceshxxifwytalex-auth-token:0 (2.93.3) 2026-02-02T15:20:25.342Z #__loadSession() end

[90mstdout[2m | tests/property/scoped-roles-processing-efficiency.test.ts[2m > [22m[2mProperty 10: Scoped Roles Processing Efficiency[2m > [22m[2mProperty 10.10: Role hierarchy cache should respect TTL settings
[22m[39mGoTrueClient@sb-bgxknceshxxifwytalex-auth-token:0 (2.93.3) 2026-02-02T15:20:25.343Z #_useSession end

[90mstdout[2m | tests/property/scoped-roles-processing-efficiency.test.ts[2m > [22m[2mProperty 10: Scoped Roles Processing Efficiency[2m > [22m[2mProperty 10.10: Role hierarchy cache should respect TTL settings
[22m[39mGoTrueClient@sb-bgxknceshxxifwytalex-auth-token:0 (2.93.3) 2026-02-02T15:20:25.343Z #_acquireLock lock released for storage key sb-bgxknceshxxifwytalex-auth-token

[90mstdout[2m | tests/property/scoped-roles-processing-efficiency.test.ts[2m > [22m[2mProperty 10: Scoped Roles Processing Efficiency[2m > [22m[2mProperty 10.10: Role hierarchy cache should respect TTL settings
[22m[39mGoTrueClient@sb-bgxknceshxxifwytalex-auth-token:0 (2.93.3) 2026-02-02T15:20:25.343Z #_acquireLock end

stderr | tests/property/scoped-roles-processing-efficiency.test.ts > Property 10: Scoped Roles Processing Efficiency > Property 10.10: Role hierarchy cache should respect TTL settings
Error fetching project roles: {
  code: 'PGRST200',
  details: "Searched for a foreign key relationship between 'project_roles' and 'user_profiles' in the schema 'public', but no matches were found.",
  hint: null,
  message: "Could not find a relationship between 'project_roles' and 'user_profiles' in the schema cache"
}

[90mstdout[2m | tests/property/scoped-roles-processing-efficiency.test.ts[2m > [22m[2mProperty 10: Scoped Roles Processing Efficiency[2m > [22m[2mProperty 10.10: Role hierarchy cache should respect TTL settings
[22m[39mGoTrueClient@sb-bgxknceshxxifwytalex-auth-token:0 (2.93.3) 2026-02-02T15:20:25.359Z #_acquireLock begin [33m10000[39m
GoTrueClient@sb-bgxknceshxxifwytalex-auth-token:0 (2.93.3) 2026-02-02T15:20:25.359Z #_acquireLock lock acquired for storage key sb-bgxknceshxxifwytalex-auth-token
GoTrueClient@sb-bgxknceshxxifwytalex-auth-token:0 (2.93.3) 2026-02-02T15:20:25.359Z #_useSession begin
GoTrueClient@sb-bgxknceshxxifwytalex-auth-token:0 (2.93.3) 2026-02-02T15:20:25.359Z #__loadSession() begin

[90mstdout[2m | tests/property/scoped-roles-processing-efficiency.test.ts[2m > [22m[2mProperty 10: Scoped Roles Processing Efficiency[2m > [22m[2mProperty 10.10: Role hierarchy cache should respect TTL settings
[22m[39mGoTrueClient@sb-bgxknceshxxifwytalex-auth-token:0 (2.93.3) 2026-02-02T15:20:25.359Z #getSession() session from storage [1mnull[22m
GoTrueClient@sb-bgxknceshxxifwytalex-auth-token:0 (2.93.3) 2026-02-02T15:20:25.359Z #__loadSession() end

[90mstdout[2m | tests/property/scoped-roles-processing-efficiency.test.ts[2m > [22m[2mProperty 10: Scoped Roles Processing Efficiency[2m > [22m[2mProperty 10.10: Role hierarchy cache should respect TTL settings
[22m[39mGoTrueClient@sb-bgxknceshxxifwytalex-auth-token:0 (2.93.3) 2026-02-02T15:20:25.359Z #_useSession end

[90mstdout[2m | tests/property/scoped-roles-processing-efficiency.test.ts[2m > [22m[2mProperty 10: Scoped Roles Processing Efficiency[2m > [22m[2mProperty 10.10: Role hierarchy cache should respect TTL settings
[22m[39mGoTrueClient@sb-bgxknceshxxifwytalex-auth-token:0 (2.93.3) 2026-02-02T15:20:25.359Z #_acquireLock lock released for storage key sb-bgxknceshxxifwytalex-auth-token

[90mstdout[2m | tests/property/scoped-roles-processing-efficiency.test.ts[2m > [22m[2mProperty 10: Scoped Roles Processing Efficiency[2m > [22m[2mProperty 10.10: Role hierarchy cache should respect TTL settings
[22m[39mGoTrueClient@sb-bgxknceshxxifwytalex-auth-token:0 (2.93.3) 2026-02-02T15:20:25.359Z #_acquireLock end

stderr | tests/property/scoped-roles-processing-efficiency.test.ts > Property 10: Scoped Roles Processing Efficiency > Property 10.10: Role hierarchy cache should respect TTL settings
Error fetching org roles: {
  code: 'PGRST200',
  details: "Searched for a foreign key relationship between 'org_roles' and 'user_profiles' in the schema 'public', but no matches were found.",
  hint: null,
  message: "Could not find a relationship between 'org_roles' and 'user_profiles' in the schema cache"
}

[90mstdout[2m | tests/property/scoped-roles-processing-efficiency.test.ts[2m > [22m[2mProperty 10: Scoped Roles Processing Efficiency[2m > [22m[2mProperty 10.10: Role hierarchy cache should respect TTL settings
[22m[39mGoTrueClient@sb-bgxknceshxxifwytalex-auth-token:0 (2.93.3) 2026-02-02T15:20:25.410Z #_acquireLock begin [33m10000[39m
GoTrueClient@sb-bgxknceshxxifwytalex-auth-token:0 (2.93.3) 2026-02-02T15:20:25.410Z #_acquireLock lock acquired for storage key sb-bgxknceshxxifwytalex-auth-token
GoTrueClient@sb-bgxknceshxxifwytalex-auth-token:0 (2.93.3) 2026-02-02T15:20:25.410Z #_useSession begin
GoTrueClient@sb-bgxknceshxxifwytalex-auth-token:0 (2.93.3) 2026-02-02T15:20:25.410Z #__loadSession() begin

[90mstdout[2m | tests/property/scoped-roles-processing-efficiency.test.ts[2m > [22m[2mProperty 10: Scoped Roles Processing Efficiency[2m > [22m[2mProperty 10.10: Role hierarchy cache should respect TTL settings
[22m[39mGoTrueClient@sb-bgxknceshxxifwytalex-auth-token:0 (2.93.3) 2026-02-02T15:20:25.410Z #getSession() session from storage [1mnull[22m
GoTrueClient@sb-bgxknceshxxifwytalex-auth-token:0 (2.93.3) 2026-02-02T15:20:25.410Z #__loadSession() end

[90mstdout[2m | tests/property/scoped-roles-processing-efficiency.test.ts[2m > [22m[2mProperty 10: Scoped Roles Processing Efficiency[2m > [22m[2mProperty 10.10: Role hierarchy cache should respect TTL settings
[22m[39mGoTrueClient@sb-bgxknceshxxifwytalex-auth-token:0 (2.93.3) 2026-02-02T15:20:25.410Z #_useSession end

[90mstdout[2m | tests/property/scoped-roles-processing-efficiency.test.ts[2m > [22m[2mProperty 10: Scoped Roles Processing Efficiency[2m > [22m[2mProperty 10.10: Role hierarchy cache should respect TTL settings
[22m[39mGoTrueClient@sb-bgxknceshxxifwytalex-auth-token:0 (2.93.3) 2026-02-02T15:20:25.410Z #_acquireLock lock released for storage key sb-bgxknceshxxifwytalex-auth-token

[90mstdout[2m | tests/property/scoped-roles-processing-efficiency.test.ts[2m > [22m[2mProperty 10: Scoped Roles Processing Efficiency[2m > [22m[2mProperty 10.10: Role hierarchy cache should respect TTL settings
[22m[39mGoTrueClient@sb-bgxknceshxxifwytalex-auth-token:0 (2.93.3) 2026-02-02T15:20:25.410Z #_acquireLock end

stderr | tests/property/scoped-roles-processing-efficiency.test.ts > Property 10: Scoped Roles Processing Efficiency > Property 10.10: Role hierarchy cache should respect TTL settings
Error fetching project roles: {
  code: 'PGRST200',
  details: "Searched for a foreign key relationship between 'project_roles' and 'user_profiles' in the schema 'public', but no matches were found.",
  hint: null,
  message: "Could not find a relationship between 'project_roles' and 'user_profiles' in the schema cache"
}

[90mstdout[2m | tests/property/scoped-roles-processing-efficiency.test.ts[2m > [22m[2mProperty 10: Scoped Roles Processing Efficiency[2m > [22m[2mProperty 10.10: Role hierarchy cache should respect TTL settings
[22m[39mGoTrueClient@sb-bgxknceshxxifwytalex-auth-token:0 (2.93.3) 2026-02-02T15:20:25.414Z #_acquireLock begin [33m10000[39m
GoTrueClient@sb-bgxknceshxxifwytalex-auth-token:0 (2.93.3) 2026-02-02T15:20:25.414Z #_acquireLock lock acquired for storage key sb-bgxknceshxxifwytalex-auth-token
GoTrueClient@sb-bgxknceshxxifwytalex-auth-token:0 (2.93.3) 2026-02-02T15:20:25.414Z #_useSession begin
GoTrueClient@sb-bgxknceshxxifwytalex-auth-token:0 (2.93.3) 2026-02-02T15:20:25.414Z #__loadSession() begin

[90mstdout[2m | tests/property/scoped-roles-processing-efficiency.test.ts[2m > [22m[2mProperty 10: Scoped Roles Processing Efficiency[2m > [22m[2mProperty 10.10: Role hierarchy cache should respect TTL settings
[22m[39mGoTrueClient@sb-bgxknceshxxifwytalex-auth-token:0 (2.93.3) 2026-02-02T15:20:25.414Z #getSession() session from storage [1mnull[22m
GoTrueClient@sb-bgxknceshxxifwytalex-auth-token:0 (2.93.3) 2026-02-02T15:20:25.414Z #__loadSession() end

[90mstdout[2m | tests/property/scoped-roles-processing-efficiency.test.ts[2m > [22m[2mProperty 10: Scoped Roles Processing Efficiency[2m > [22m[2mProperty 10.10: Role hierarchy cache should respect TTL settings
[22m[39mGoTrueClient@sb-bgxknceshxxifwytalex-auth-token:0 (2.93.3) 2026-02-02T15:20:25.414Z #_useSession end

[90mstdout[2m | tests/property/scoped-roles-processing-efficiency.test.ts[2m > [22m[2mProperty 10: Scoped Roles Processing Efficiency[2m > [22m[2mProperty 10.10: Role hierarchy cache should respect TTL settings
[22m[39mGoTrueClient@sb-bgxknceshxxifwytalex-auth-token:0 (2.93.3) 2026-02-02T15:20:25.415Z #_acquireLock lock released for storage key sb-bgxknceshxxifwytalex-auth-token

[90mstdout[2m | tests/property/scoped-roles-processing-efficiency.test.ts[2m > [22m[2mProperty 10: Scoped Roles Processing Efficiency[2m > [22m[2mProperty 10.10: Role hierarchy cache should respect TTL settings
[22m[39mGoTrueClient@sb-bgxknceshxxifwytalex-auth-token:0 (2.93.3) 2026-02-02T15:20:25.415Z #_acquireLock end

stderr | tests/property/scoped-roles-processing-efficiency.test.ts > Property 10: Scoped Roles Processing Efficiency > Property 10.10: Role hierarchy cache should respect TTL settings
Error fetching org roles: {
  code: 'PGRST200',
  details: "Searched for a foreign key relationship between 'org_roles' and 'user_profiles' in the schema 'public', but no matches were found.",
  hint: null,
  message: "Could not find a relationship between 'org_roles' and 'user_profiles' in the schema cache"
}

[90mstdout[2m | tests/property/scoped-roles-processing-efficiency.test.ts[2m > [22m[2mProperty 10: Scoped Roles Processing Efficiency[2m > [22m[2mProperty 10.10: Role hierarchy cache should respect TTL settings
[22m[39mGoTrueClient@sb-bgxknceshxxifwytalex-auth-token:0 (2.93.3) 2026-02-02T15:20:25.430Z #_acquireLock begin [33m10000[39m
GoTrueClient@sb-bgxknceshxxifwytalex-auth-token:0 (2.93.3) 2026-02-02T15:20:25.430Z #_acquireLock lock acquired for storage key sb-bgxknceshxxifwytalex-auth-token
GoTrueClient@sb-bgxknceshxxifwytalex-auth-token:0 (2.93.3) 2026-02-02T15:20:25.430Z #_useSession begin
GoTrueClient@sb-bgxknceshxxifwytalex-auth-token:0 (2.93.3) 2026-02-02T15:20:25.430Z #__loadSession() begin

[90mstdout[2m | tests/property/scoped-roles-processing-efficiency.test.ts[2m > [22m[2mProperty 10: Scoped Roles Processing Efficiency[2m > [22m[2mProperty 10.10: Role hierarchy cache should respect TTL settings
[22m[39mGoTrueClient@sb-bgxknceshxxifwytalex-auth-token:0 (2.93.3) 2026-02-02T15:20:25.430Z #getSession() session from storage [1mnull[22m
GoTrueClient@sb-bgxknceshxxifwytalex-auth-token:0 (2.93.3) 2026-02-02T15:20:25.430Z #__loadSession() end

[90mstdout[2m | tests/property/scoped-roles-processing-efficiency.test.ts[2m > [22m[2mProperty 10: Scoped Roles Processing Efficiency[2m > [22m[2mProperty 10.10: Role hierarchy cache should respect TTL settings
[22m[39mGoTrueClient@sb-bgxknceshxxifwytalex-auth-token:0 (2.93.3) 2026-02-02T15:20:25.430Z #_useSession end

[90mstdout[2m | tests/property/scoped-roles-processing-efficiency.test.ts[2m > [22m[2mProperty 10: Scoped Roles Processing Efficiency[2m > [22m[2mProperty 10.10: Role hierarchy cache should respect TTL settings
[22m[39mGoTrueClient@sb-bgxknceshxxifwytalex-auth-token:0 (2.93.3) 2026-02-02T15:20:25.430Z #_acquireLock lock released for storage key sb-bgxknceshxxifwytalex-auth-token

[90mstdout[2m | tests/property/scoped-roles-processing-efficiency.test.ts[2m > [22m[2mProperty 10: Scoped Roles Processing Efficiency[2m > [22m[2mProperty 10.10: Role hierarchy cache should respect TTL settings
[22m[39mGoTrueClient@sb-bgxknceshxxifwytalex-auth-token:0 (2.93.3) 2026-02-02T15:20:25.430Z #_acquireLock end

stderr | tests/property/scoped-roles-processing-efficiency.test.ts > Property 10: Scoped Roles Processing Efficiency > Property 10.10: Role hierarchy cache should respect TTL settings
Error fetching org roles: {
  code: 'PGRST200',
  details: "Searched for a foreign key relationship between 'org_roles' and 'user_profiles' in the schema 'public', but no matches were found.",
  hint: null,
  message: "Could not find a relationship between 'org_roles' and 'user_profiles' in the schema cache"
}

[90mstdout[2m | tests/property/scoped-roles-processing-efficiency.test.ts[2m > [22m[2mProperty 10: Scoped Roles Processing Efficiency[2m > [22m[2mProperty 10.10: Role hierarchy cache should respect TTL settings
[22m[39mGoTrueClient@sb-bgxknceshxxifwytalex-auth-token:0 (2.93.3) 2026-02-02T15:20:25.437Z #_acquireLock begin [33m10000[39m
GoTrueClient@sb-bgxknceshxxifwytalex-auth-token:0 (2.93.3) 2026-02-02T15:20:25.437Z #_acquireLock lock acquired for storage key sb-bgxknceshxxifwytalex-auth-token
GoTrueClient@sb-bgxknceshxxifwytalex-auth-token:0 (2.93.3) 2026-02-02T15:20:25.437Z #_useSession begin
GoTrueClient@sb-bgxknceshxxifwytalex-auth-token:0 (2.93.3) 2026-02-02T15:20:25.437Z #__loadSession() begin

[90mstdout[2m | tests/property/scoped-roles-processing-efficiency.test.ts[2m > [22m[2mProperty 10: Scoped Roles Processing Efficiency[2m > [22m[2mProperty 10.10: Role hierarchy cache should respect TTL settings
[22m[39mGoTrueClient@sb-bgxknceshxxifwytalex-auth-token:0 (2.93.3) 2026-02-02T15:20:25.438Z #getSession() session from storage [1mnull[22m
GoTrueClient@sb-bgxknceshxxifwytalex-auth-token:0 (2.93.3) 2026-02-02T15:20:25.438Z #__loadSession() end

[90mstdout[2m | tests/property/scoped-roles-processing-efficiency.test.ts[2m > [22m[2mProperty 10: Scoped Roles Processing Efficiency[2m > [22m[2mProperty 10.10: Role hierarchy cache should respect TTL settings
[22m[39mGoTrueClient@sb-bgxknceshxxifwytalex-auth-token:0 (2.93.3) 2026-02-02T15:20:25.438Z #_useSession end

[90mstdout[2m | tests/property/scoped-roles-processing-efficiency.test.ts[2m > [22m[2mProperty 10: Scoped Roles Processing Efficiency[2m > [22m[2mProperty 10.10: Role hierarchy cache should respect TTL settings
[22m[39mGoTrueClient@sb-bgxknceshxxifwytalex-auth-token:0 (2.93.3) 2026-02-02T15:20:25.438Z #_acquireLock lock released for storage key sb-bgxknceshxxifwytalex-auth-token

[90mstdout[2m | tests/property/scoped-roles-processing-efficiency.test.ts[2m > [22m[2mProperty 10: Scoped Roles Processing Efficiency[2m > [22m[2mProperty 10.10: Role hierarchy cache should respect TTL settings
[22m[39mGoTrueClient@sb-bgxknceshxxifwytalex-auth-token:0 (2.93.3) 2026-02-02T15:20:25.438Z #_acquireLock end

[90mstdout[2m | tests/property/scoped-roles-processing-efficiency.test.ts[2m > [22m[2mProperty 10: Scoped Roles Processing Efficiency[2m > [22m[2mProperty 10.10: Role hierarchy cache should respect TTL settings
[22m[39mGoTrueClient@sb-bgxknceshxxifwytalex-auth-token:0 (2.93.3) 2026-02-02T15:20:25.549Z #_acquireLock begin [33m10000[39m
GoTrueClient@sb-bgxknceshxxifwytalex-auth-token:0 (2.93.3) 2026-02-02T15:20:25.549Z #_acquireLock lock acquired for storage key sb-bgxknceshxxifwytalex-auth-token
GoTrueClient@sb-bgxknceshxxifwytalex-auth-token:0 (2.93.3) 2026-02-02T15:20:25.549Z #_useSession begin
GoTrueClient@sb-bgxknceshxxifwytalex-auth-token:0 (2.93.3) 2026-02-02T15:20:25.549Z #__loadSession() begin

[90mstdout[2m | tests/property/scoped-roles-processing-efficiency.test.ts[2m > [22m[2mProperty 10: Scoped Roles Processing Efficiency[2m > [22m[2mProperty 10.10: Role hierarchy cache should respect TTL settings
[22m[39mGoTrueClient@sb-bgxknceshxxifwytalex-auth-token:0 (2.93.3) 2026-02-02T15:20:25.549Z #getSession() session from storage [1mnull[22m
GoTrueClient@sb-bgxknceshxxifwytalex-auth-token:0 (2.93.3) 2026-02-02T15:20:25.549Z #__loadSession() end

[90mstdout[2m | tests/property/scoped-roles-processing-efficiency.test.ts[2m > [22m[2mProperty 10: Scoped Roles Processing Efficiency[2m > [22m[2mProperty 10.10: Role hierarchy cache should respect TTL settings
[22m[39mGoTrueClient@sb-bgxknceshxxifwytalex-auth-token:0 (2.93.3) 2026-02-02T15:20:25.549Z #_useSession end

[90mstdout[2m | tests/property/scoped-roles-processing-efficiency.test.ts[2m > [22m[2mProperty 10: Scoped Roles Processing Efficiency[2m > [22m[2mProperty 10.10: Role hierarchy cache should respect TTL settings
[22m[39mGoTrueClient@sb-bgxknceshxxifwytalex-auth-token:0 (2.93.3) 2026-02-02T15:20:25.550Z #_acquireLock lock released for storage key sb-bgxknceshxxifwytalex-auth-token

[90mstdout[2m | tests/property/scoped-roles-processing-efficiency.test.ts[2m > [22m[2mProperty 10: Scoped Roles Processing Efficiency[2m > [22m[2mProperty 10.10: Role hierarchy cache should respect TTL settings
[22m[39mGoTrueClient@sb-bgxknceshxxifwytalex-auth-token:0 (2.93.3) 2026-02-02T15:20:25.550Z #_acquireLock end

stderr | tests/property/scoped-roles-processing-efficiency.test.ts > Property 10: Scoped Roles Processing Efficiency > Property 10.10: Role hierarchy cache should respect TTL settings
Error fetching project roles: {
  code: 'PGRST200',
  details: "Searched for a foreign key relationship between 'project_roles' and 'user_profiles' in the schema 'public', but no matches were found.",
  hint: null,
  message: "Could not find a relationship between 'project_roles' and 'user_profiles' in the schema cache"
}

[90mstdout[2m | tests/property/scoped-roles-processing-efficiency.test.ts[2m > [22m[2mProperty 10: Scoped Roles Processing Efficiency[2m > [22m[2mProperty 10.10: Role hierarchy cache should respect TTL settings
[22m[39mGoTrueClient@sb-bgxknceshxxifwytalex-auth-token:0 (2.93.3) 2026-02-02T15:20:25.600Z #_acquireLock begin [33m10000[39m
GoTrueClient@sb-bgxknceshxxifwytalex-auth-token:0 (2.93.3) 2026-02-02T15:20:25.600Z #_acquireLock lock acquired for storage key sb-bgxknceshxxifwytalex-auth-token
GoTrueClient@sb-bgxknceshxxifwytalex-auth-token:0 (2.93.3) 2026-02-02T15:20:25.600Z #_useSession begin
GoTrueClient@sb-bgxknceshxxifwytalex-auth-token:0 (2.93.3) 2026-02-02T15:20:25.600Z #__loadSession() begin

[90mstdout[2m | tests/property/scoped-roles-processing-efficiency.test.ts[2m > [22m[2mProperty 10: Scoped Roles Processing Efficiency[2m > [22m[2mProperty 10.10: Role hierarchy cache should respect TTL settings
[22m[39mGoTrueClient@sb-bgxknceshxxifwytalex-auth-token:0 (2.93.3) 2026-02-02T15:20:25.600Z #getSession() session from storage [1mnull[22m
GoTrueClient@sb-bgxknceshxxifwytalex-auth-token:0 (2.93.3) 2026-02-02T15:20:25.600Z #__loadSession() end

[90mstdout[2m | tests/property/scoped-roles-processing-efficiency.test.ts[2m > [22m[2mProperty 10: Scoped Roles Processing Efficiency[2m > [22m[2mProperty 10.10: Role hierarchy cache should respect TTL settings
[22m[39mGoTrueClient@sb-bgxknceshxxifwytalex-auth-token:0 (2.93.3) 2026-02-02T15:20:25.600Z #_useSession end

[90mstdout[2m | tests/property/scoped-roles-processing-efficiency.test.ts[2m > [22m[2mProperty 10: Scoped Roles Processing Efficiency[2m > [22m[2mProperty 10.10: Role hierarchy cache should respect TTL settings
[22m[39mGoTrueClient@sb-bgxknceshxxifwytalex-auth-token:0 (2.93.3) 2026-02-02T15:20:25.600Z #_acquireLock lock released for storage key sb-bgxknceshxxifwytalex-auth-token

[90mstdout[2m | tests/property/scoped-roles-processing-efficiency.test.ts[2m > [22m[2mProperty 10: Scoped Roles Processing Efficiency[2m > [22m[2mProperty 10.10: Role hierarchy cache should respect TTL settings
[22m[39mGoTrueClient@sb-bgxknceshxxifwytalex-auth-token:0 (2.93.3) 2026-02-02T15:20:25.600Z #_acquireLock end

[90mstdout[2m | tests/property/scoped-roles-processing-efficiency.test.ts[2m > [22m[2mProperty 10: Scoped Roles Processing Efficiency[2m > [22m[2mProperty 10.10: Role hierarchy cache should respect TTL settings
[22m[39mGoTrueClient@sb-bgxknceshxxifwytalex-auth-token:0 (2.93.3) 2026-02-02T15:20:25.625Z #_acquireLock begin [33m10000[39m
GoTrueClient@sb-bgxknceshxxifwytalex-auth-token:0 (2.93.3) 2026-02-02T15:20:25.625Z #_acquireLock lock acquired for storage key sb-bgxknceshxxifwytalex-auth-token
GoTrueClient@sb-bgxknceshxxifwytalex-auth-token:0 (2.93.3) 2026-02-02T15:20:25.625Z #_useSession begin
GoTrueClient@sb-bgxknceshxxifwytalex-auth-token:0 (2.93.3) 2026-02-02T15:20:25.625Z #__loadSession() begin

[90mstdout[2m | tests/property/scoped-roles-processing-efficiency.test.ts[2m > [22m[2mProperty 10: Scoped Roles Processing Efficiency[2m > [22m[2mProperty 10.10: Role hierarchy cache should respect TTL settings
[22m[39mGoTrueClient@sb-bgxknceshxxifwytalex-auth-token:0 (2.93.3) 2026-02-02T15:20:25.626Z #getSession() session from storage [1mnull[22m
GoTrueClient@sb-bgxknceshxxifwytalex-auth-token:0 (2.93.3) 2026-02-02T15:20:25.626Z #__loadSession() end

[90mstdout[2m | tests/property/scoped-roles-processing-efficiency.test.ts[2m > [22m[2mProperty 10: Scoped Roles Processing Efficiency[2m > [22m[2mProperty 10.10: Role hierarchy cache should respect TTL settings
[22m[39mGoTrueClient@sb-bgxknceshxxifwytalex-auth-token:0 (2.93.3) 2026-02-02T15:20:25.626Z #_useSession end

[90mstdout[2m | tests/property/scoped-roles-processing-efficiency.test.ts[2m > [22m[2mProperty 10: Scoped Roles Processing Efficiency[2m > [22m[2mProperty 10.10: Role hierarchy cache should respect TTL settings
[22m[39mGoTrueClient@sb-bgxknceshxxifwytalex-auth-token:0 (2.93.3) 2026-02-02T15:20:25.626Z #_acquireLock lock released for storage key sb-bgxknceshxxifwytalex-auth-token

[90mstdout[2m | tests/property/scoped-roles-processing-efficiency.test.ts[2m > [22m[2mProperty 10: Scoped Roles Processing Efficiency[2m > [22m[2mProperty 10.10: Role hierarchy cache should respect TTL settings
[22m[39mGoTrueClient@sb-bgxknceshxxifwytalex-auth-token:0 (2.93.3) 2026-02-02T15:20:25.626Z #_acquireLock end

stderr | tests/property/scoped-roles-processing-efficiency.test.ts > Property 10: Scoped Roles Processing Efficiency > Property 10.10: Role hierarchy cache should respect TTL settings
Error fetching org roles: {
  code: 'PGRST200',
  details: "Searched for a foreign key relationship between 'org_roles' and 'user_profiles' in the schema 'public', but no matches were found.",
  hint: null,
  message: "Could not find a relationship between 'org_roles' and 'user_profiles' in the schema cache"
}

[90mstdout[2m | tests/property/scoped-roles-processing-efficiency.test.ts[2m > [22m[2mProperty 10: Scoped Roles Processing Efficiency[2m > [22m[2mProperty 10.10: Role hierarchy cache should respect TTL settings
[22m[39mGoTrueClient@sb-bgxknceshxxifwytalex-auth-token:0 (2.93.3) 2026-02-02T15:20:25.630Z #_acquireLock begin [33m10000[39m
GoTrueClient@sb-bgxknceshxxifwytalex-auth-token:0 (2.93.3) 2026-02-02T15:20:25.630Z #_acquireLock lock acquired for storage key sb-bgxknceshxxifwytalex-auth-token
GoTrueClient@sb-bgxknceshxxifwytalex-auth-token:0 (2.93.3) 2026-02-02T15:20:25.630Z #_useSession begin
GoTrueClient@sb-bgxknceshxxifwytalex-auth-token:0 (2.93.3) 2026-02-02T15:20:25.630Z #__loadSession() begin

[90mstdout[2m | tests/property/scoped-roles-processing-efficiency.test.ts[2m > [22m[2mProperty 10: Scoped Roles Processing Efficiency[2m > [22m[2mProperty 10.10: Role hierarchy cache should respect TTL settings
[22m[39mGoTrueClient@sb-bgxknceshxxifwytalex-auth-token:0 (2.93.3) 2026-02-02T15:20:25.631Z #getSession() session from storage [1mnull[22m
GoTrueClient@sb-bgxknceshxxifwytalex-auth-token:0 (2.93.3) 2026-02-02T15:20:25.631Z #__loadSession() end

[90mstdout[2m | tests/property/scoped-roles-processing-efficiency.test.ts[2m > [22m[2mProperty 10: Scoped Roles Processing Efficiency[2m > [22m[2mProperty 10.10: Role hierarchy cache should respect TTL settings
[22m[39mGoTrueClient@sb-bgxknceshxxifwytalex-auth-token:0 (2.93.3) 2026-02-02T15:20:25.631Z #_useSession end

[90mstdout[2m | tests/property/scoped-roles-processing-efficiency.test.ts[2m > [22m[2mProperty 10: Scoped Roles Processing Efficiency[2m > [22m[2mProperty 10.10: Role hierarchy cache should respect TTL settings
[22m[39mGoTrueClient@sb-bgxknceshxxifwytalex-auth-token:0 (2.93.3) 2026-02-02T15:20:25.631Z #_acquireLock lock released for storage key sb-bgxknceshxxifwytalex-auth-token

[90mstdout[2m | tests/property/scoped-roles-processing-efficiency.test.ts[2m > [22m[2mProperty 10: Scoped Roles Processing Efficiency[2m > [22m[2mProperty 10.10: Role hierarchy cache should respect TTL settings
[22m[39mGoTrueClient@sb-bgxknceshxxifwytalex-auth-token:0 (2.93.3) 2026-02-02T15:20:25.631Z #_acquireLock end

stderr | tests/property/scoped-roles-processing-efficiency.test.ts > Property 10: Scoped Roles Processing Efficiency > Property 10.10: Role hierarchy cache should respect TTL settings
Error fetching project roles: {
  code: 'PGRST200',
  details: "Searched for a foreign key relationship between 'project_roles' and 'user_profiles' in the schema 'public', but no matches were found.",
  hint: null,
  message: "Could not find a relationship between 'project_roles' and 'user_profiles' in the schema cache"
}

[90mstdout[2m | tests/property/scoped-roles-processing-efficiency.test.ts[2m > [22m[2mProperty 10: Scoped Roles Processing Efficiency[2m > [22m[2mProperty 10.10: Role hierarchy cache should respect TTL settings
[22m[39mGoTrueClient@sb-bgxknceshxxifwytalex-auth-token:0 (2.93.3) 2026-02-02T15:20:25.639Z #_acquireLock begin [33m10000[39m
GoTrueClient@sb-bgxknceshxxifwytalex-auth-token:0 (2.93.3) 2026-02-02T15:20:25.639Z #_acquireLock lock acquired for storage key sb-bgxknceshxxifwytalex-auth-token
GoTrueClient@sb-bgxknceshxxifwytalex-auth-token:0 (2.93.3) 2026-02-02T15:20:25.639Z #_useSession begin
GoTrueClient@sb-bgxknceshxxifwytalex-auth-token:0 (2.93.3) 2026-02-02T15:20:25.639Z #__loadSession() begin

[90mstdout[2m | tests/property/scoped-roles-processing-efficiency.test.ts[2m > [22m[2mProperty 10: Scoped Roles Processing Efficiency[2m > [22m[2mProperty 10.10: Role hierarchy cache should respect TTL settings
[22m[39mGoTrueClient@sb-bgxknceshxxifwytalex-auth-token:0 (2.93.3) 2026-02-02T15:20:25.639Z #getSession() session from storage [1mnull[22m
GoTrueClient@sb-bgxknceshxxifwytalex-auth-token:0 (2.93.3) 2026-02-02T15:20:25.639Z #__loadSession() end

[90mstdout[2m | tests/property/scoped-roles-processing-efficiency.test.ts[2m > [22m[2mProperty 10: Scoped Roles Processing Efficiency[2m > [22m[2mProperty 10.10: Role hierarchy cache should respect TTL settings
[22m[39mGoTrueClient@sb-bgxknceshxxifwytalex-auth-token:0 (2.93.3) 2026-02-02T15:20:25.639Z #_useSession end

[90mstdout[2m | tests/property/scoped-roles-processing-efficiency.test.ts[2m > [22m[2mProperty 10: Scoped Roles Processing Efficiency[2m > [22m[2mProperty 10.10: Role hierarchy cache should respect TTL settings
[22m[39mGoTrueClient@sb-bgxknceshxxifwytalex-auth-token:0 (2.93.3) 2026-02-02T15:20:25.640Z #_acquireLock lock released for storage key sb-bgxknceshxxifwytalex-auth-token

[90mstdout[2m | tests/property/scoped-roles-processing-efficiency.test.ts[2m > [22m[2mProperty 10: Scoped Roles Processing Efficiency[2m > [22m[2mProperty 10.10: Role hierarchy cache should respect TTL settings
[22m[39mGoTrueClient@sb-bgxknceshxxifwytalex-auth-token:0 (2.93.3) 2026-02-02T15:20:25.640Z #_acquireLock end

stderr | tests/property/scoped-roles-processing-efficiency.test.ts > Property 10: Scoped Roles Processing Efficiency > Property 10.10: Role hierarchy cache should respect TTL settings
Error fetching org roles: {
  code: 'PGRST200',
  details: "Searched for a foreign key relationship between 'org_roles' and 'user_profiles' in the schema 'public', but no matches were found.",
  hint: null,
  message: "Could not find a relationship between 'org_roles' and 'user_profiles' in the schema cache"
}

[90mstdout[2m | tests/property/scoped-roles-processing-efficiency.test.ts[2m > [22m[2mProperty 10: Scoped Roles Processing Efficiency[2m > [22m[2mProperty 10.10: Role hierarchy cache should respect TTL settings
[22m[39mGoTrueClient@sb-bgxknceshxxifwytalex-auth-token:0 (2.93.3) 2026-02-02T15:20:25.651Z #_acquireLock begin [33m10000[39m
GoTrueClient@sb-bgxknceshxxifwytalex-auth-token:0 (2.93.3) 2026-02-02T15:20:25.651Z #_acquireLock lock acquired for storage key sb-bgxknceshxxifwytalex-auth-token
GoTrueClient@sb-bgxknceshxxifwytalex-auth-token:0 (2.93.3) 2026-02-02T15:20:25.651Z #_useSession begin
GoTrueClient@sb-bgxknceshxxifwytalex-auth-token:0 (2.93.3) 2026-02-02T15:20:25.651Z #__loadSession() begin

[90mstdout[2m | tests/property/scoped-roles-processing-efficiency.test.ts[2m > [22m[2mProperty 10: Scoped Roles Processing Efficiency[2m > [22m[2mProperty 10.10: Role hierarchy cache should respect TTL settings
[22m[39mGoTrueClient@sb-bgxknceshxxifwytalex-auth-token:0 (2.93.3) 2026-02-02T15:20:25.651Z #getSession() session from storage [1mnull[22m
GoTrueClient@sb-bgxknceshxxifwytalex-auth-token:0 (2.93.3) 2026-02-02T15:20:25.651Z #__loadSession() end

[90mstdout[2m | tests/property/scoped-roles-processing-efficiency.test.ts[2m > [22m[2mProperty 10: Scoped Roles Processing Efficiency[2m > [22m[2mProperty 10.10: Role hierarchy cache should respect TTL settings
[22m[39mGoTrueClient@sb-bgxknceshxxifwytalex-auth-token:0 (2.93.3) 2026-02-02T15:20:25.651Z #_useSession end

[90mstdout[2m | tests/property/scoped-roles-processing-efficiency.test.ts[2m > [22m[2mProperty 10: Scoped Roles Processing Efficiency[2m > [22m[2mProperty 10.10: Role hierarchy cache should respect TTL settings
[22m[39mGoTrueClient@sb-bgxknceshxxifwytalex-auth-token:0 (2.93.3) 2026-02-02T15:20:25.651Z #_acquireLock lock released for storage key sb-bgxknceshxxifwytalex-auth-token

[90mstdout[2m | tests/property/scoped-roles-processing-efficiency.test.ts[2m > [22m[2mProperty 10: Scoped Roles Processing Efficiency[2m > [22m[2mProperty 10.10: Role hierarchy cache should respect TTL settings
[22m[39mGoTrueClient@sb-bgxknceshxxifwytalex-auth-token:0 (2.93.3) 2026-02-02T15:20:25.651Z #_acquireLock end

stderr | tests/property/scoped-roles-processing-efficiency.test.ts > Property 10: Scoped Roles Processing Efficiency > Property 10.10: Role hierarchy cache should respect TTL settings
Error fetching org roles: {
  code: 'PGRST200',
  details: "Searched for a foreign key relationship between 'org_roles' and 'user_profiles' in the schema 'public', but no matches were found.",
  hint: null,
  message: "Could not find a relationship between 'org_roles' and 'user_profiles' in the schema cache"
}

[90mstdout[2m | tests/property/scoped-roles-processing-efficiency.test.ts[2m > [22m[2mProperty 10: Scoped Roles Processing Efficiency[2m > [22m[2mProperty 10.10: Role hierarchy cache should respect TTL settings
[22m[39mGoTrueClient@sb-bgxknceshxxifwytalex-auth-token:0 (2.93.3) 2026-02-02T15:20:25.766Z #_acquireLock begin [33m10000[39m
GoTrueClient@sb-bgxknceshxxifwytalex-auth-token:0 (2.93.3) 2026-02-02T15:20:25.766Z #_acquireLock lock acquired for storage key sb-bgxknceshxxifwytalex-auth-token
GoTrueClient@sb-bgxknceshxxifwytalex-auth-token:0 (2.93.3) 2026-02-02T15:20:25.766Z #_useSession begin
GoTrueClient@sb-bgxknceshxxifwytalex-auth-token:0 (2.93.3) 2026-02-02T15:20:25.766Z #__loadSession() begin

[90mstdout[2m | tests/property/scoped-roles-processing-efficiency.test.ts[2m > [22m[2mProperty 10: Scoped Roles Processing Efficiency[2m > [22m[2mProperty 10.10: Role hierarchy cache should respect TTL settings
[22m[39mGoTrueClient@sb-bgxknceshxxifwytalex-auth-token:0 (2.93.3) 2026-02-02T15:20:25.766Z #getSession() session from storage [1mnull[22m
GoTrueClient@sb-bgxknceshxxifwytalex-auth-token:0 (2.93.3) 2026-02-02T15:20:25.766Z #__loadSession() end

[90mstdout[2m | tests/property/scoped-roles-processing-efficiency.test.ts[2m > [22m[2mProperty 10: Scoped Roles Processing Efficiency[2m > [22m[2mProperty 10.10: Role hierarchy cache should respect TTL settings
[22m[39mGoTrueClient@sb-bgxknceshxxifwytalex-auth-token:0 (2.93.3) 2026-02-02T15:20:25.766Z #_useSession end

[90mstdout[2m | tests/property/scoped-roles-processing-efficiency.test.ts[2m > [22m[2mProperty 10: Scoped Roles Processing Efficiency[2m > [22m[2mProperty 10.10: Role hierarchy cache should respect TTL settings
[22m[39mGoTrueClient@sb-bgxknceshxxifwytalex-auth-token:0 (2.93.3) 2026-02-02T15:20:25.766Z #_acquireLock lock released for storage key sb-bgxknceshxxifwytalex-auth-token

[90mstdout[2m | tests/property/scoped-roles-processing-efficiency.test.ts[2m > [22m[2mProperty 10: Scoped Roles Processing Efficiency[2m > [22m[2mProperty 10.10: Role hierarchy cache should respect TTL settings
[22m[39mGoTrueClient@sb-bgxknceshxxifwytalex-auth-token:0 (2.93.3) 2026-02-02T15:20:25.766Z #_acquireLock end

stderr | tests/property/scoped-roles-processing-efficiency.test.ts > Property 10: Scoped Roles Processing Efficiency > Property 10.10: Role hierarchy cache should respect TTL settings
Error fetching project roles: {
  code: 'PGRST200',
  details: "Searched for a foreign key relationship between 'project_roles' and 'user_profiles' in the schema 'public', but no matches were found.",
  hint: null,
  message: "Could not find a relationship between 'project_roles' and 'user_profiles' in the schema cache"
}

[90mstdout[2m | tests/property/scoped-roles-processing-efficiency.test.ts[2m > [22m[2mProperty 10: Scoped Roles Processing Efficiency[2m > [22m[2mProperty 10.10: Role hierarchy cache should respect TTL settings
[22m[39mGoTrueClient@sb-bgxknceshxxifwytalex-auth-token:0 (2.93.3) 2026-02-02T15:20:25.813Z #_acquireLock begin [33m10000[39m
GoTrueClient@sb-bgxknceshxxifwytalex-auth-token:0 (2.93.3) 2026-02-02T15:20:25.813Z #_acquireLock lock acquired for storage key sb-bgxknceshxxifwytalex-auth-token
GoTrueClient@sb-bgxknceshxxifwytalex-auth-token:0 (2.93.3) 2026-02-02T15:20:25.813Z #_useSession begin
GoTrueClient@sb-bgxknceshxxifwytalex-auth-token:0 (2.93.3) 2026-02-02T15:20:25.813Z #__loadSession() begin

[90mstdout[2m | tests/property/scoped-roles-processing-efficiency.test.ts[2m > [22m[2mProperty 10: Scoped Roles Processing Efficiency[2m > [22m[2mProperty 10.10: Role hierarchy cache should respect TTL settings
[22m[39mGoTrueClient@sb-bgxknceshxxifwytalex-auth-token:0 (2.93.3) 2026-02-02T15:20:25.813Z #getSession() session from storage [1mnull[22m
GoTrueClient@sb-bgxknceshxxifwytalex-auth-token:0 (2.93.3) 2026-02-02T15:20:25.813Z #__loadSession() end

[90mstdout[2m | tests/property/scoped-roles-processing-efficiency.test.ts[2m > [22m[2mProperty 10: Scoped Roles Processing Efficiency[2m > [22m[2mProperty 10.10: Role hierarchy cache should respect TTL settings
[22m[39mGoTrueClient@sb-bgxknceshxxifwytalex-auth-token:0 (2.93.3) 2026-02-02T15:20:25.813Z #_useSession end

[90mstdout[2m | tests/property/scoped-roles-processing-efficiency.test.ts[2m > [22m[2mProperty 10: Scoped Roles Processing Efficiency[2m > [22m[2mProperty 10.10: Role hierarchy cache should respect TTL settings
[22m[39mGoTrueClient@sb-bgxknceshxxifwytalex-auth-token:0 (2.93.3) 2026-02-02T15:20:25.813Z #_acquireLock lock released for storage key sb-bgxknceshxxifwytalex-auth-token

[90mstdout[2m | tests/property/scoped-roles-processing-efficiency.test.ts[2m > [22m[2mProperty 10: Scoped Roles Processing Efficiency[2m > [22m[2mProperty 10.10: Role hierarchy cache should respect TTL settings
[22m[39mGoTrueClient@sb-bgxknceshxxifwytalex-auth-token:0 (2.93.3) 2026-02-02T15:20:25.813Z #_acquireLock end

stderr | tests/property/scoped-roles-processing-efficiency.test.ts > Property 10: Scoped Roles Processing Efficiency > Property 10.10: Role hierarchy cache should respect TTL settings
Error fetching org roles: {
  code: 'PGRST200',
  details: "Searched for a foreign key relationship between 'org_roles' and 'user_profiles' in the schema 'public', but no matches were found.",
  hint: null,
  message: "Could not find a relationship between 'org_roles' and 'user_profiles' in the schema cache"
}

[90mstdout[2m | tests/property/scoped-roles-processing-efficiency.test.ts[2m > [22m[2mProperty 10: Scoped Roles Processing Efficiency[2m > [22m[2mProperty 10.10: Role hierarchy cache should respect TTL settings
[22m[39mGoTrueClient@sb-bgxknceshxxifwytalex-auth-token:0 (2.93.3) 2026-02-02T15:20:25.837Z #_acquireLock begin [33m10000[39m
GoTrueClient@sb-bgxknceshxxifwytalex-auth-token:0 (2.93.3) 2026-02-02T15:20:25.837Z #_acquireLock lock acquired for storage key sb-bgxknceshxxifwytalex-auth-token
GoTrueClient@sb-bgxknceshxxifwytalex-auth-token:0 (2.93.3) 2026-02-02T15:20:25.837Z #_useSession begin
GoTrueClient@sb-bgxknceshxxifwytalex-auth-token:0 (2.93.3) 2026-02-02T15:20:25.837Z #__loadSession() begin

[90mstdout[2m | tests/property/scoped-roles-processing-efficiency.test.ts[2m > [22m[2mProperty 10: Scoped Roles Processing Efficiency[2m > [22m[2mProperty 10.10: Role hierarchy cache should respect TTL settings
[22m[39mGoTrueClient@sb-bgxknceshxxifwytalex-auth-token:0 (2.93.3) 2026-02-02T15:20:25.837Z #getSession() session from storage [1mnull[22m
GoTrueClient@sb-bgxknceshxxifwytalex-auth-token:0 (2.93.3) 2026-02-02T15:20:25.837Z #__loadSession() end

[90mstdout[2m | tests/property/scoped-roles-processing-efficiency.test.ts[2m > [22m[2mProperty 10: Scoped Roles Processing Efficiency[2m > [22m[2mProperty 10.10: Role hierarchy cache should respect TTL settings
[22m[39mGoTrueClient@sb-bgxknceshxxifwytalex-auth-token:0 (2.93.3) 2026-02-02T15:20:25.837Z #_useSession end

[90mstdout[2m | tests/property/scoped-roles-processing-efficiency.test.ts[2m > [22m[2mProperty 10: Scoped Roles Processing Efficiency[2m > [22m[2mProperty 10.10: Role hierarchy cache should respect TTL settings
[22m[39mGoTrueClient@sb-bgxknceshxxifwytalex-auth-token:0 (2.93.3) 2026-02-02T15:20:25.837Z #_acquireLock lock released for storage key sb-bgxknceshxxifwytalex-auth-token

[90mstdout[2m | tests/property/scoped-roles-processing-efficiency.test.ts[2m > [22m[2mProperty 10: Scoped Roles Processing Efficiency[2m > [22m[2mProperty 10.10: Role hierarchy cache should respect TTL settings
[22m[39mGoTrueClient@sb-bgxknceshxxifwytalex-auth-token:0 (2.93.3) 2026-02-02T15:20:25.837Z #_acquireLock end

stderr | tests/property/scoped-roles-processing-efficiency.test.ts > Property 10: Scoped Roles Processing Efficiency > Property 10.10: Role hierarchy cache should respect TTL settings
Error fetching org roles: {
  code: 'PGRST200',
  details: "Searched for a foreign key relationship between 'org_roles' and 'user_profiles' in the schema 'public', but no matches were found.",
  hint: null,
  message: "Could not find a relationship between 'org_roles' and 'user_profiles' in the schema cache"
}

[90mstdout[2m | tests/property/scoped-roles-processing-efficiency.test.ts[2m > [22m[2mProperty 10: Scoped Roles Processing Efficiency[2m > [22m[2mProperty 10.10: Role hierarchy cache should respect TTL settings
[22m[39mGoTrueClient@sb-bgxknceshxxifwytalex-auth-token:0 (2.93.3) 2026-02-02T15:20:25.840Z #_acquireLock begin [33m10000[39m
GoTrueClient@sb-bgxknceshxxifwytalex-auth-token:0 (2.93.3) 2026-02-02T15:20:25.840Z #_acquireLock lock acquired for storage key sb-bgxknceshxxifwytalex-auth-token
GoTrueClient@sb-bgxknceshxxifwytalex-auth-token:0 (2.93.3) 2026-02-02T15:20:25.840Z #_useSession begin
GoTrueClient@sb-bgxknceshxxifwytalex-auth-token:0 (2.93.3) 2026-02-02T15:20:25.840Z #__loadSession() begin

[90mstdout[2m | tests/property/scoped-roles-processing-efficiency.test.ts[2m > [22m[2mProperty 10: Scoped Roles Processing Efficiency[2m > [22m[2mProperty 10.10: Role hierarchy cache should respect TTL settings
[22m[39mGoTrueClient@sb-bgxknceshxxifwytalex-auth-token:0 (2.93.3) 2026-02-02T15:20:25.840Z #getSession() session from storage [1mnull[22m
GoTrueClient@sb-bgxknceshxxifwytalex-auth-token:0 (2.93.3) 2026-02-02T15:20:25.840Z #__loadSession() end

[90mstdout[2m | tests/property/scoped-roles-processing-efficiency.test.ts[2m > [22m[2mProperty 10: Scoped Roles Processing Efficiency[2m > [22m[2mProperty 10.10: Role hierarchy cache should respect TTL settings
[22m[39mGoTrueClient@sb-bgxknceshxxifwytalex-auth-token:0 (2.93.3) 2026-02-02T15:20:25.840Z #_useSession end

[90mstdout[2m | tests/property/scoped-roles-processing-efficiency.test.ts[2m > [22m[2mProperty 10: Scoped Roles Processing Efficiency[2m > [22m[2mProperty 10.10: Role hierarchy cache should respect TTL settings
[22m[39mGoTrueClient@sb-bgxknceshxxifwytalex-auth-token:0 (2.93.3) 2026-02-02T15:20:25.841Z #_acquireLock lock released for storage key sb-bgxknceshxxifwytalex-auth-token

[90mstdout[2m | tests/property/scoped-roles-processing-efficiency.test.ts[2m > [22m[2mProperty 10: Scoped Roles Processing Efficiency[2m > [22m[2mProperty 10.10: Role hierarchy cache should respect TTL settings
[22m[39mGoTrueClient@sb-bgxknceshxxifwytalex-auth-token:0 (2.93.3) 2026-02-02T15:20:25.841Z #_acquireLock end

[90mstdout[2m | tests/property/scoped-roles-processing-efficiency.test.ts[2m > [22m[2mProperty 10: Scoped Roles Processing Efficiency[2m > [22m[2mProperty 10.10: Role hierarchy cache should respect TTL settings
[22m[39mGoTrueClient@sb-bgxknceshxxifwytalex-auth-token:0 (2.93.3) 2026-02-02T15:20:25.842Z #_acquireLock begin [33m10000[39m
GoTrueClient@sb-bgxknceshxxifwytalex-auth-token:0 (2.93.3) 2026-02-02T15:20:25.842Z #_acquireLock lock acquired for storage key sb-bgxknceshxxifwytalex-auth-token
GoTrueClient@sb-bgxknceshxxifwytalex-auth-token:0 (2.93.3) 2026-02-02T15:20:25.842Z #_useSession begin
GoTrueClient@sb-bgxknceshxxifwytalex-auth-token:0 (2.93.3) 2026-02-02T15:20:25.842Z #__loadSession() begin

[90mstdout[2m | tests/property/scoped-roles-processing-efficiency.test.ts[2m > [22m[2mProperty 10: Scoped Roles Processing Efficiency[2m > [22m[2mProperty 10.10: Role hierarchy cache should respect TTL settings
[22m[39mGoTrueClient@sb-bgxknceshxxifwytalex-auth-token:0 (2.93.3) 2026-02-02T15:20:25.843Z #getSession() session from storage [1mnull[22m
GoTrueClient@sb-bgxknceshxxifwytalex-auth-token:0 (2.93.3) 2026-02-02T15:20:25.843Z #__loadSession() end

[90mstdout[2m | tests/property/scoped-roles-processing-efficiency.test.ts[2m > [22m[2mProperty 10: Scoped Roles Processing Efficiency[2m > [22m[2mProperty 10.10: Role hierarchy cache should respect TTL settings
[22m[39mGoTrueClient@sb-bgxknceshxxifwytalex-auth-token:0 (2.93.3) 2026-02-02T15:20:25.843Z #_useSession end

[90mstdout[2m | tests/property/scoped-roles-processing-efficiency.test.ts[2m > [22m[2mProperty 10: Scoped Roles Processing Efficiency[2m > [22m[2mProperty 10.10: Role hierarchy cache should respect TTL settings
[22m[39mGoTrueClient@sb-bgxknceshxxifwytalex-auth-token:0 (2.93.3) 2026-02-02T15:20:25.843Z #_acquireLock lock released for storage key sb-bgxknceshxxifwytalex-auth-token

[90mstdout[2m | tests/property/scoped-roles-processing-efficiency.test.ts[2m > [22m[2mProperty 10: Scoped Roles Processing Efficiency[2m > [22m[2mProperty 10.10: Role hierarchy cache should respect TTL settings
[22m[39mGoTrueClient@sb-bgxknceshxxifwytalex-auth-token:0 (2.93.3) 2026-02-02T15:20:25.843Z #_acquireLock end

stderr | tests/property/scoped-roles-processing-efficiency.test.ts > Property 10: Scoped Roles Processing Efficiency > Property 10.10: Role hierarchy cache should respect TTL settings
Error fetching org roles: {
  code: 'PGRST200',
  details: "Searched for a foreign key relationship between 'org_roles' and 'user_profiles' in the schema 'public', but no matches were found.",
  hint: null,
  message: "Could not find a relationship between 'org_roles' and 'user_profiles' in the schema cache"
}

[90mstdout[2m | tests/property/scoped-roles-processing-efficiency.test.ts[2m > [22m[2mProperty 10: Scoped Roles Processing Efficiency[2m > [22m[2mProperty 10.10: Role hierarchy cache should respect TTL settings
[22m[39mGoTrueClient@sb-bgxknceshxxifwytalex-auth-token:0 (2.93.3) 2026-02-02T15:20:25.871Z #_acquireLock begin [33m10000[39m
GoTrueClient@sb-bgxknceshxxifwytalex-auth-token:0 (2.93.3) 2026-02-02T15:20:25.871Z #_acquireLock lock acquired for storage key sb-bgxknceshxxifwytalex-auth-token
GoTrueClient@sb-bgxknceshxxifwytalex-auth-token:0 (2.93.3) 2026-02-02T15:20:25.871Z #_useSession begin
GoTrueClient@sb-bgxknceshxxifwytalex-auth-token:0 (2.93.3) 2026-02-02T15:20:25.871Z #__loadSession() begin

[90mstdout[2m | tests/property/scoped-roles-processing-efficiency.test.ts[2m > [22m[2mProperty 10: Scoped Roles Processing Efficiency[2m > [22m[2mProperty 10.10: Role hierarchy cache should respect TTL settings
[22m[39mGoTrueClient@sb-bgxknceshxxifwytalex-auth-token:0 (2.93.3) 2026-02-02T15:20:25.872Z #getSession() session from storage [1mnull[22m
GoTrueClient@sb-bgxknceshxxifwytalex-auth-token:0 (2.93.3) 2026-02-02T15:20:25.872Z #__loadSession() end

[90mstdout[2m | tests/property/scoped-roles-processing-efficiency.test.ts[2m > [22m[2mProperty 10: Scoped Roles Processing Efficiency[2m > [22m[2mProperty 10.10: Role hierarchy cache should respect TTL settings
[22m[39mGoTrueClient@sb-bgxknceshxxifwytalex-auth-token:0 (2.93.3) 2026-02-02T15:20:25.872Z #_useSession end

[90mstdout[2m | tests/property/scoped-roles-processing-efficiency.test.ts[2m > [22m[2mProperty 10: Scoped Roles Processing Efficiency[2m > [22m[2mProperty 10.10: Role hierarchy cache should respect TTL settings
[22m[39mGoTrueClient@sb-bgxknceshxxifwytalex-auth-token:0 (2.93.3) 2026-02-02T15:20:25.872Z #_acquireLock lock released for storage key sb-bgxknceshxxifwytalex-auth-token

[90mstdout[2m | tests/property/scoped-roles-processing-efficiency.test.ts[2m > [22m[2mProperty 10: Scoped Roles Processing Efficiency[2m > [22m[2mProperty 10.10: Role hierarchy cache should respect TTL settings
[22m[39mGoTrueClient@sb-bgxknceshxxifwytalex-auth-token:0 (2.93.3) 2026-02-02T15:20:25.872Z #_acquireLock end

stderr | tests/property/scoped-roles-processing-efficiency.test.ts > Property 10: Scoped Roles Processing Efficiency > Property 10.10: Role hierarchy cache should respect TTL settings
Error fetching project roles: {
  code: 'PGRST200',
  details: "Searched for a foreign key relationship between 'project_roles' and 'user_profiles' in the schema 'public', but no matches were found.",
  hint: null,
  message: "Could not find a relationship between 'project_roles' and 'user_profiles' in the schema cache"
}

[90mstdout[2m | tests/property/scoped-roles-processing-efficiency.test.ts[2m > [22m[2mProperty 10: Scoped Roles Processing Efficiency[2m > [22m[2mProperty 10.10: Role hierarchy cache should respect TTL settings
[22m[39mGoTrueClient@sb-bgxknceshxxifwytalex-auth-token:0 (2.93.3) 2026-02-02T15:20:25.972Z #_acquireLock begin [33m10000[39m
GoTrueClient@sb-bgxknceshxxifwytalex-auth-token:0 (2.93.3) 2026-02-02T15:20:25.972Z #_acquireLock lock acquired for storage key sb-bgxknceshxxifwytalex-auth-token
GoTrueClient@sb-bgxknceshxxifwytalex-auth-token:0 (2.93.3) 2026-02-02T15:20:25.972Z #_useSession begin
GoTrueClient@sb-bgxknceshxxifwytalex-auth-token:0 (2.93.3) 2026-02-02T15:20:25.972Z #__loadSession() begin

[90mstdout[2m | tests/property/scoped-roles-processing-efficiency.test.ts[2m > [22m[2mProperty 10: Scoped Roles Processing Efficiency[2m > [22m[2mProperty 10.10: Role hierarchy cache should respect TTL settings
[22m[39mGoTrueClient@sb-bgxknceshxxifwytalex-auth-token:0 (2.93.3) 2026-02-02T15:20:25.972Z #getSession() session from storage [1mnull[22m
GoTrueClient@sb-bgxknceshxxifwytalex-auth-token:0 (2.93.3) 2026-02-02T15:20:25.972Z #__loadSession() end

[90mstdout[2m | tests/property/scoped-roles-processing-efficiency.test.ts[2m > [22m[2mProperty 10: Scoped Roles Processing Efficiency[2m > [22m[2mProperty 10.10: Role hierarchy cache should respect TTL settings
[22m[39mGoTrueClient@sb-bgxknceshxxifwytalex-auth-token:0 (2.93.3) 2026-02-02T15:20:25.972Z #_useSession end

[90mstdout[2m | tests/property/scoped-roles-processing-efficiency.test.ts[2m > [22m[2mProperty 10: Scoped Roles Processing Efficiency[2m > [22m[2mProperty 10.10: Role hierarchy cache should respect TTL settings
[22m[39mGoTrueClient@sb-bgxknceshxxifwytalex-auth-token:0 (2.93.3) 2026-02-02T15:20:25.972Z #_acquireLock lock released for storage key sb-bgxknceshxxifwytalex-auth-token

[90mstdout[2m | tests/property/scoped-roles-processing-efficiency.test.ts[2m > [22m[2mProperty 10: Scoped Roles Processing Efficiency[2m > [22m[2mProperty 10.10: Role hierarchy cache should respect TTL settings
[22m[39mGoTrueClient@sb-bgxknceshxxifwytalex-auth-token:0 (2.93.3) 2026-02-02T15:20:25.973Z #_acquireLock end

stderr | tests/property/scoped-roles-processing-efficiency.test.ts > Property 10: Scoped Roles Processing Efficiency > Property 10.10: Role hierarchy cache should respect TTL settings
Error fetching project roles: {
  code: 'PGRST200',
  details: "Searched for a foreign key relationship between 'project_roles' and 'user_profiles' in the schema 'public', but no matches were found.",
  hint: null,
  message: "Could not find a relationship between 'project_roles' and 'user_profiles' in the schema cache"
}

[90mstdout[2m | tests/property/scoped-roles-processing-efficiency.test.ts[2m > [22m[2mProperty 10: Scoped Roles Processing Efficiency[2m > [22m[2mProperty 10.10: Role hierarchy cache should respect TTL settings
[22m[39mGoTrueClient@sb-bgxknceshxxifwytalex-auth-token:0 (2.93.3) 2026-02-02T15:20:26.013Z #_acquireLock begin [33m10000[39m
GoTrueClient@sb-bgxknceshxxifwytalex-auth-token:0 (2.93.3) 2026-02-02T15:20:26.013Z #_acquireLock lock acquired for storage key sb-bgxknceshxxifwytalex-auth-token
GoTrueClient@sb-bgxknceshxxifwytalex-auth-token:0 (2.93.3) 2026-02-02T15:20:26.013Z #_useSession begin
GoTrueClient@sb-bgxknceshxxifwytalex-auth-token:0 (2.93.3) 2026-02-02T15:20:26.013Z #__loadSession() begin

[90mstdout[2m | tests/property/scoped-roles-processing-efficiency.test.ts[2m > [22m[2mProperty 10: Scoped Roles Processing Efficiency[2m > [22m[2mProperty 10.10: Role hierarchy cache should respect TTL settings
[22m[39mGoTrueClient@sb-bgxknceshxxifwytalex-auth-token:0 (2.93.3) 2026-02-02T15:20:26.013Z #getSession() session from storage [1mnull[22m
GoTrueClient@sb-bgxknceshxxifwytalex-auth-token:0 (2.93.3) 2026-02-02T15:20:26.013Z #__loadSession() end

[90mstdout[2m | tests/property/scoped-roles-processing-efficiency.test.ts[2m > [22m[2mProperty 10: Scoped Roles Processing Efficiency[2m > [22m[2mProperty 10.10: Role hierarchy cache should respect TTL settings
[22m[39mGoTrueClient@sb-bgxknceshxxifwytalex-auth-token:0 (2.93.3) 2026-02-02T15:20:26.013Z #_useSession end

[90mstdout[2m | tests/property/scoped-roles-processing-efficiency.test.ts[2m > [22m[2mProperty 10: Scoped Roles Processing Efficiency[2m > [22m[2mProperty 10.10: Role hierarchy cache should respect TTL settings
[22m[39mGoTrueClient@sb-bgxknceshxxifwytalex-auth-token:0 (2.93.3) 2026-02-02T15:20:26.013Z #_acquireLock lock released for storage key sb-bgxknceshxxifwytalex-auth-token

[90mstdout[2m | tests/property/scoped-roles-processing-efficiency.test.ts[2m > [22m[2mProperty 10: Scoped Roles Processing Efficiency[2m > [22m[2mProperty 10.10: Role hierarchy cache should respect TTL settings
[22m[39mGoTrueClient@sb-bgxknceshxxifwytalex-auth-token:0 (2.93.3) 2026-02-02T15:20:26.013Z #_acquireLock end

stderr | tests/property/scoped-roles-processing-efficiency.test.ts > Property 10: Scoped Roles Processing Efficiency > Property 10.10: Role hierarchy cache should respect TTL settings
Error fetching org roles: {
  code: 'PGRST200',
  details: "Searched for a foreign key relationship between 'org_roles' and 'user_profiles' in the schema 'public', but no matches were found.",
  hint: null,
  message: "Could not find a relationship between 'org_roles' and 'user_profiles' in the schema cache"
}

[90mstdout[2m | tests/property/scoped-roles-processing-efficiency.test.ts[2m > [22m[2mProperty 10: Scoped Roles Processing Efficiency[2m > [22m[2mProperty 10.10: Role hierarchy cache should respect TTL settings
[22m[39mGoTrueClient@sb-bgxknceshxxifwytalex-auth-token:0 (2.93.3) 2026-02-02T15:20:26.042Z #_acquireLock begin [33m10000[39m
GoTrueClient@sb-bgxknceshxxifwytalex-auth-token:0 (2.93.3) 2026-02-02T15:20:26.042Z #_acquireLock lock acquired for storage key sb-bgxknceshxxifwytalex-auth-token
GoTrueClient@sb-bgxknceshxxifwytalex-auth-token:0 (2.93.3) 2026-02-02T15:20:26.042Z #_useSession begin
GoTrueClient@sb-bgxknceshxxifwytalex-auth-token:0 (2.93.3) 2026-02-02T15:20:26.042Z #__loadSession() begin

[90mstdout[2m | tests/property/scoped-roles-processing-efficiency.test.ts[2m > [22m[2mProperty 10: Scoped Roles Processing Efficiency[2m > [22m[2mProperty 10.10: Role hierarchy cache should respect TTL settings
[22m[39mGoTrueClient@sb-bgxknceshxxifwytalex-auth-token:0 (2.93.3) 2026-02-02T15:20:26.042Z #getSession() session from storage [1mnull[22m
GoTrueClient@sb-bgxknceshxxifwytalex-auth-token:0 (2.93.3) 2026-02-02T15:20:26.042Z #__loadSession() end

[90mstdout[2m | tests/property/scoped-roles-processing-efficiency.test.ts[2m > [22m[2mProperty 10: Scoped Roles Processing Efficiency[2m > [22m[2mProperty 10.10: Role hierarchy cache should respect TTL settings
[22m[39mGoTrueClient@sb-bgxknceshxxifwytalex-auth-token:0 (2.93.3) 2026-02-02T15:20:26.043Z #_useSession end

[90mstdout[2m | tests/property/scoped-roles-processing-efficiency.test.ts[2m > [22m[2mProperty 10: Scoped Roles Processing Efficiency[2m > [22m[2mProperty 10.10: Role hierarchy cache should respect TTL settings
[22m[39mGoTrueClient@sb-bgxknceshxxifwytalex-auth-token:0 (2.93.3) 2026-02-02T15:20:26.043Z #_acquireLock lock released for storage key sb-bgxknceshxxifwytalex-auth-token

[90mstdout[2m | tests/property/scoped-roles-processing-efficiency.test.ts[2m > [22m[2mProperty 10: Scoped Roles Processing Efficiency[2m > [22m[2mProperty 10.10: Role hierarchy cache should respect TTL settings
[22m[39mGoTrueClient@sb-bgxknceshxxifwytalex-auth-token:0 (2.93.3) 2026-02-02T15:20:26.043Z #_acquireLock end

stderr | tests/property/scoped-roles-processing-efficiency.test.ts > Property 10: Scoped Roles Processing Efficiency > Property 10.10: Role hierarchy cache should respect TTL settings
Error fetching project roles: {
  code: 'PGRST200',
  details: "Searched for a foreign key relationship between 'project_roles' and 'user_profiles' in the schema 'public', but no matches were found.",
  hint: null,
  message: "Could not find a relationship between 'project_roles' and 'user_profiles' in the schema cache"
}

[90mstdout[2m | tests/property/scoped-roles-processing-efficiency.test.ts[2m > [22m[2mProperty 10: Scoped Roles Processing Efficiency[2m > [22m[2mProperty 10.10: Role hierarchy cache should respect TTL settings
[22m[39mGoTrueClient@sb-bgxknceshxxifwytalex-auth-token:0 (2.93.3) 2026-02-02T15:20:26.048Z #_acquireLock begin [33m10000[39m
GoTrueClient@sb-bgxknceshxxifwytalex-auth-token:0 (2.93.3) 2026-02-02T15:20:26.048Z #_acquireLock lock acquired for storage key sb-bgxknceshxxifwytalex-auth-token
GoTrueClient@sb-bgxknceshxxifwytalex-auth-token:0 (2.93.3) 2026-02-02T15:20:26.048Z #_useSession begin
GoTrueClient@sb-bgxknceshxxifwytalex-auth-token:0 (2.93.3) 2026-02-02T15:20:26.048Z #__loadSession() begin

[90mstdout[2m | tests/property/scoped-roles-processing-efficiency.test.ts[2m > [22m[2mProperty 10: Scoped Roles Processing Efficiency[2m > [22m[2mProperty 10.10: Role hierarchy cache should respect TTL settings
[22m[39mGoTrueClient@sb-bgxknceshxxifwytalex-auth-token:0 (2.93.3) 2026-02-02T15:20:26.049Z #getSession() session from storage [1mnull[22m
GoTrueClient@sb-bgxknceshxxifwytalex-auth-token:0 (2.93.3) 2026-02-02T15:20:26.049Z #__loadSession() end

[90mstdout[2m | tests/property/scoped-roles-processing-efficiency.test.ts[2m > [22m[2mProperty 10: Scoped Roles Processing Efficiency[2m > [22m[2mProperty 10.10: Role hierarchy cache should respect TTL settings
[22m[39mGoTrueClient@sb-bgxknceshxxifwytalex-auth-token:0 (2.93.3) 2026-02-02T15:20:26.049Z #_useSession end

[90mstdout[2m | tests/property/scoped-roles-processing-efficiency.test.ts[2m > [22m[2mProperty 10: Scoped Roles Processing Efficiency[2m > [22m[2mProperty 10.10: Role hierarchy cache should respect TTL settings
[22m[39mGoTrueClient@sb-bgxknceshxxifwytalex-auth-token:0 (2.93.3) 2026-02-02T15:20:26.049Z #_acquireLock lock released for storage key sb-bgxknceshxxifwytalex-auth-token

[90mstdout[2m | tests/property/scoped-roles-processing-efficiency.test.ts[2m > [22m[2mProperty 10: Scoped Roles Processing Efficiency[2m > [22m[2mProperty 10.10: Role hierarchy cache should respect TTL settings
[22m[39mGoTrueClient@sb-bgxknceshxxifwytalex-auth-token:0 (2.93.3) 2026-02-02T15:20:26.049Z #_acquireLock end

stderr | tests/property/scoped-roles-processing-efficiency.test.ts > Property 10: Scoped Roles Processing Efficiency > Property 10.10: Role hierarchy cache should respect TTL settings
Error fetching org roles: {
  code: 'PGRST200',
  details: "Searched for a foreign key relationship between 'org_roles' and 'user_profiles' in the schema 'public', but no matches were found.",
  hint: null,
  message: "Could not find a relationship between 'org_roles' and 'user_profiles' in the schema cache"
}

[90mstdout[2m | tests/property/scoped-roles-processing-efficiency.test.ts[2m > [22m[2mProperty 10: Scoped Roles Processing Efficiency[2m > [22m[2mProperty 10.10: Role hierarchy cache should respect TTL settings
[22m[39mGoTrueClient@sb-bgxknceshxxifwytalex-auth-token:0 (2.93.3) 2026-02-02T15:20:26.052Z #_acquireLock begin [33m10000[39m
GoTrueClient@sb-bgxknceshxxifwytalex-auth-token:0 (2.93.3) 2026-02-02T15:20:26.053Z #_acquireLock lock acquired for storage key sb-bgxknceshxxifwytalex-auth-token
GoTrueClient@sb-bgxknceshxxifwytalex-auth-token:0 (2.93.3) 2026-02-02T15:20:26.053Z #_useSession begin
GoTrueClient@sb-bgxknceshxxifwytalex-auth-token:0 (2.93.3) 2026-02-02T15:20:26.053Z #__loadSession() begin

[90mstdout[2m | tests/property/scoped-roles-processing-efficiency.test.ts[2m > [22m[2mProperty 10: Scoped Roles Processing Efficiency[2m > [22m[2mProperty 10.10: Role hierarchy cache should respect TTL settings
[22m[39mGoTrueClient@sb-bgxknceshxxifwytalex-auth-token:0 (2.93.3) 2026-02-02T15:20:26.053Z #getSession() session from storage [1mnull[22m
GoTrueClient@sb-bgxknceshxxifwytalex-auth-token:0 (2.93.3) 2026-02-02T15:20:26.053Z #__loadSession() end

[90mstdout[2m | tests/property/scoped-roles-processing-efficiency.test.ts[2m > [22m[2mProperty 10: Scoped Roles Processing Efficiency[2m > [22m[2mProperty 10.10: Role hierarchy cache should respect TTL settings
[22m[39mGoTrueClient@sb-bgxknceshxxifwytalex-auth-token:0 (2.93.3) 2026-02-02T15:20:26.053Z #_useSession end

[90mstdout[2m | tests/property/scoped-roles-processing-efficiency.test.ts[2m > [22m[2mProperty 10: Scoped Roles Processing Efficiency[2m > [22m[2mProperty 10.10: Role hierarchy cache should respect TTL settings
[22m[39mGoTrueClient@sb-bgxknceshxxifwytalex-auth-token:0 (2.93.3) 2026-02-02T15:20:26.053Z #_acquireLock lock released for storage key sb-bgxknceshxxifwytalex-auth-token

[90mstdout[2m | tests/property/scoped-roles-processing-efficiency.test.ts[2m > [22m[2mProperty 10: Scoped Roles Processing Efficiency[2m > [22m[2mProperty 10.10: Role hierarchy cache should respect TTL settings
[22m[39mGoTrueClient@sb-bgxknceshxxifwytalex-auth-token:0 (2.93.3) 2026-02-02T15:20:26.053Z #_acquireLock end

stderr | tests/property/scoped-roles-processing-efficiency.test.ts > Property 10: Scoped Roles Processing Efficiency > Property 10.10: Role hierarchy cache should respect TTL settings
Error fetching org roles: {
  code: 'PGRST200',
  details: "Searched for a foreign key relationship between 'org_roles' and 'user_profiles' in the schema 'public', but no matches were found.",
  hint: null,
  message: "Could not find a relationship between 'org_roles' and 'user_profiles' in the schema cache"
}

[90mstdout[2m | tests/property/scoped-roles-processing-efficiency.test.ts[2m > [22m[2mProperty 10: Scoped Roles Processing Efficiency[2m > [22m[2mProperty 10.10: Role hierarchy cache should respect TTL settings
[22m[39mGoTrueClient@sb-bgxknceshxxifwytalex-auth-token:0 (2.93.3) 2026-02-02T15:20:26.074Z #_acquireLock begin [33m10000[39m
GoTrueClient@sb-bgxknceshxxifwytalex-auth-token:0 (2.93.3) 2026-02-02T15:20:26.074Z #_acquireLock lock acquired for storage key sb-bgxknceshxxifwytalex-auth-token
GoTrueClient@sb-bgxknceshxxifwytalex-auth-token:0 (2.93.3) 2026-02-02T15:20:26.074Z #_useSession begin
GoTrueClient@sb-bgxknceshxxifwytalex-auth-token:0 (2.93.3) 2026-02-02T15:20:26.074Z #__loadSession() begin

[90mstdout[2m | tests/property/scoped-roles-processing-efficiency.test.ts[2m > [22m[2mProperty 10: Scoped Roles Processing Efficiency[2m > [22m[2mProperty 10.10: Role hierarchy cache should respect TTL settings
[22m[39mGoTrueClient@sb-bgxknceshxxifwytalex-auth-token:0 (2.93.3) 2026-02-02T15:20:26.075Z #getSession() session from storage [1mnull[22m
GoTrueClient@sb-bgxknceshxxifwytalex-auth-token:0 (2.93.3) 2026-02-02T15:20:26.075Z #__loadSession() end

[90mstdout[2m | tests/property/scoped-roles-processing-efficiency.test.ts[2m > [22m[2mProperty 10: Scoped Roles Processing Efficiency[2m > [22m[2mProperty 10.10: Role hierarchy cache should respect TTL settings
[22m[39mGoTrueClient@sb-bgxknceshxxifwytalex-auth-token:0 (2.93.3) 2026-02-02T15:20:26.075Z #_useSession end

[90mstdout[2m | tests/property/scoped-roles-processing-efficiency.test.ts[2m > [22m[2mProperty 10: Scoped Roles Processing Efficiency[2m > [22m[2mProperty 10.10: Role hierarchy cache should respect TTL settings
[22m[39mGoTrueClient@sb-bgxknceshxxifwytalex-auth-token:0 (2.93.3) 2026-02-02T15:20:26.075Z #_acquireLock lock released for storage key sb-bgxknceshxxifwytalex-auth-token

[90mstdout[2m | tests/property/scoped-roles-processing-efficiency.test.ts[2m > [22m[2mProperty 10: Scoped Roles Processing Efficiency[2m > [22m[2mProperty 10.10: Role hierarchy cache should respect TTL settings
[22m[39mGoTrueClient@sb-bgxknceshxxifwytalex-auth-token:0 (2.93.3) 2026-02-02T15:20:26.075Z #_acquireLock end

[90mstdout[2m | tests/property/scoped-roles-processing-efficiency.test.ts[2m > [22m[2mProperty 10: Scoped Roles Processing Efficiency[2m > [22m[2mProperty 10.10: Role hierarchy cache should respect TTL settings
[22m[39mGoTrueClient@sb-bgxknceshxxifwytalex-auth-token:0 (2.93.3) 2026-02-02T15:20:26.177Z #_acquireLock begin [33m10000[39m
GoTrueClient@sb-bgxknceshxxifwytalex-auth-token:0 (2.93.3) 2026-02-02T15:20:26.177Z #_acquireLock lock acquired for storage key sb-bgxknceshxxifwytalex-auth-token
GoTrueClient@sb-bgxknceshxxifwytalex-auth-token:0 (2.93.3) 2026-02-02T15:20:26.177Z #_useSession begin
GoTrueClient@sb-bgxknceshxxifwytalex-auth-token:0 (2.93.3) 2026-02-02T15:20:26.177Z #__loadSession() begin

[90mstdout[2m | tests/property/scoped-roles-processing-efficiency.test.ts[2m > [22m[2mProperty 10: Scoped Roles Processing Efficiency[2m > [22m[2mProperty 10.10: Role hierarchy cache should respect TTL settings
[22m[39mGoTrueClient@sb-bgxknceshxxifwytalex-auth-token:0 (2.93.3) 2026-02-02T15:20:26.177Z #getSession() session from storage [1mnull[22m
GoTrueClient@sb-bgxknceshxxifwytalex-auth-token:0 (2.93.3) 2026-02-02T15:20:26.178Z #__loadSession() end

[90mstdout[2m | tests/property/scoped-roles-processing-efficiency.test.ts[2m > [22m[2mProperty 10: Scoped Roles Processing Efficiency[2m > [22m[2mProperty 10.10: Role hierarchy cache should respect TTL settings
[22m[39mGoTrueClient@sb-bgxknceshxxifwytalex-auth-token:0 (2.93.3) 2026-02-02T15:20:26.178Z #_useSession end

[90mstdout[2m | tests/property/scoped-roles-processing-efficiency.test.ts[2m > [22m[2mProperty 10: Scoped Roles Processing Efficiency[2m > [22m[2mProperty 10.10: Role hierarchy cache should respect TTL settings
[22m[39mGoTrueClient@sb-bgxknceshxxifwytalex-auth-token:0 (2.93.3) 2026-02-02T15:20:26.178Z #_acquireLock lock released for storage key sb-bgxknceshxxifwytalex-auth-token

[90mstdout[2m | tests/property/scoped-roles-processing-efficiency.test.ts[2m > [22m[2mProperty 10: Scoped Roles Processing Efficiency[2m > [22m[2mProperty 10.10: Role hierarchy cache should respect TTL settings
[22m[39mGoTrueClient@sb-bgxknceshxxifwytalex-auth-token:0 (2.93.3) 2026-02-02T15:20:26.178Z #_acquireLock end

stderr | tests/property/scoped-roles-processing-efficiency.test.ts > Property 10: Scoped Roles Processing Efficiency > Property 10.10: Role hierarchy cache should respect TTL settings
Error fetching project roles: {
  code: 'PGRST200',
  details: "Searched for a foreign key relationship between 'project_roles' and 'user_profiles' in the schema 'public', but no matches were found.",
  hint: null,
  message: "Could not find a relationship between 'project_roles' and 'user_profiles' in the schema cache"
}

[90mstdout[2m | tests/property/scoped-roles-processing-efficiency.test.ts[2m > [22m[2mProperty 10: Scoped Roles Processing Efficiency[2m > [22m[2mProperty 10.10: Role hierarchy cache should respect TTL settings
[22m[39mGoTrueClient@sb-bgxknceshxxifwytalex-auth-token:0 (2.93.3) 2026-02-02T15:20:26.213Z #_acquireLock begin [33m10000[39m
GoTrueClient@sb-bgxknceshxxifwytalex-auth-token:0 (2.93.3) 2026-02-02T15:20:26.213Z #_acquireLock lock acquired for storage key sb-bgxknceshxxifwytalex-auth-token
GoTrueClient@sb-bgxknceshxxifwytalex-auth-token:0 (2.93.3) 2026-02-02T15:20:26.213Z #_useSession begin
GoTrueClient@sb-bgxknceshxxifwytalex-auth-token:0 (2.93.3) 2026-02-02T15:20:26.213Z #__loadSession() begin

[90mstdout[2m | tests/property/scoped-roles-processing-efficiency.test.ts[2m > [22m[2mProperty 10: Scoped Roles Processing Efficiency[2m > [22m[2mProperty 10.10: Role hierarchy cache should respect TTL settings
[22m[39mGoTrueClient@sb-bgxknceshxxifwytalex-auth-token:0 (2.93.3) 2026-02-02T15:20:26.213Z #getSession() session from storage [1mnull[22m
GoTrueClient@sb-bgxknceshxxifwytalex-auth-token:0 (2.93.3) 2026-02-02T15:20:26.213Z #__loadSession() end

[90mstdout[2m | tests/property/scoped-roles-processing-efficiency.test.ts[2m > [22m[2mProperty 10: Scoped Roles Processing Efficiency[2m > [22m[2mProperty 10.10: Role hierarchy cache should respect TTL settings
[22m[39mGoTrueClient@sb-bgxknceshxxifwytalex-auth-token:0 (2.93.3) 2026-02-02T15:20:26.213Z #_useSession end

[90mstdout[2m | tests/property/scoped-roles-processing-efficiency.test.ts[2m > [22m[2mProperty 10: Scoped Roles Processing Efficiency[2m > [22m[2mProperty 10.10: Role hierarchy cache should respect TTL settings
[22m[39mGoTrueClient@sb-bgxknceshxxifwytalex-auth-token:0 (2.93.3) 2026-02-02T15:20:26.213Z #_acquireLock lock released for storage key sb-bgxknceshxxifwytalex-auth-token

[90mstdout[2m | tests/property/scoped-roles-processing-efficiency.test.ts[2m > [22m[2mProperty 10: Scoped Roles Processing Efficiency[2m > [22m[2mProperty 10.10: Role hierarchy cache should respect TTL settings
[22m[39mGoTrueClient@sb-bgxknceshxxifwytalex-auth-token:0 (2.93.3) 2026-02-02T15:20:26.213Z #_acquireLock end

stderr | tests/property/scoped-roles-processing-efficiency.test.ts > Property 10: Scoped Roles Processing Efficiency > Property 10.10: Role hierarchy cache should respect TTL settings
Error fetching project roles: {
  code: 'PGRST200',
  details: "Searched for a foreign key relationship between 'project_roles' and 'user_profiles' in the schema 'public', but no matches were found.",
  hint: null,
  message: "Could not find a relationship between 'project_roles' and 'user_profiles' in the schema cache"
}

[90mstdout[2m | tests/property/scoped-roles-processing-efficiency.test.ts[2m > [22m[2mProperty 10: Scoped Roles Processing Efficiency[2m > [22m[2mProperty 10.10: Role hierarchy cache should respect TTL settings
[22m[39mGoTrueClient@sb-bgxknceshxxifwytalex-auth-token:0 (2.93.3) 2026-02-02T15:20:26.240Z #_acquireLock begin [33m10000[39m
GoTrueClient@sb-bgxknceshxxifwytalex-auth-token:0 (2.93.3) 2026-02-02T15:20:26.240Z #_acquireLock lock acquired for storage key sb-bgxknceshxxifwytalex-auth-token
GoTrueClient@sb-bgxknceshxxifwytalex-auth-token:0 (2.93.3) 2026-02-02T15:20:26.240Z #_useSession begin
GoTrueClient@sb-bgxknceshxxifwytalex-auth-token:0 (2.93.3) 2026-02-02T15:20:26.240Z #__loadSession() begin

[90mstdout[2m | tests/property/scoped-roles-processing-efficiency.test.ts[2m > [22m[2mProperty 10: Scoped Roles Processing Efficiency[2m > [22m[2mProperty 10.10: Role hierarchy cache should respect TTL settings
[22m[39mGoTrueClient@sb-bgxknceshxxifwytalex-auth-token:0 (2.93.3) 2026-02-02T15:20:26.240Z #getSession() session from storage [1mnull[22m
GoTrueClient@sb-bgxknceshxxifwytalex-auth-token:0 (2.93.3) 2026-02-02T15:20:26.240Z #__loadSession() end

[90mstdout[2m | tests/property/scoped-roles-processing-efficiency.test.ts[2m > [22m[2mProperty 10: Scoped Roles Processing Efficiency[2m > [22m[2mProperty 10.10: Role hierarchy cache should respect TTL settings
[22m[39mGoTrueClient@sb-bgxknceshxxifwytalex-auth-token:0 (2.93.3) 2026-02-02T15:20:26.240Z #_useSession end

[90mstdout[2m | tests/property/scoped-roles-processing-efficiency.test.ts[2m > [22m[2mProperty 10: Scoped Roles Processing Efficiency[2m > [22m[2mProperty 10.10: Role hierarchy cache should respect TTL settings
[22m[39mGoTrueClient@sb-bgxknceshxxifwytalex-auth-token:0 (2.93.3) 2026-02-02T15:20:26.240Z #_acquireLock lock released for storage key sb-bgxknceshxxifwytalex-auth-token

[90mstdout[2m | tests/property/scoped-roles-processing-efficiency.test.ts[2m > [22m[2mProperty 10: Scoped Roles Processing Efficiency[2m > [22m[2mProperty 10.10: Role hierarchy cache should respect TTL settings
[22m[39mGoTrueClient@sb-bgxknceshxxifwytalex-auth-token:0 (2.93.3) 2026-02-02T15:20:26.240Z #_acquireLock end

[90mstdout[2m | tests/property/scoped-roles-processing-efficiency.test.ts[2m > [22m[2mProperty 10: Scoped Roles Processing Efficiency[2m > [22m[2mProperty 10.10: Role hierarchy cache should respect TTL settings
[22m[39mGoTrueClient@sb-bgxknceshxxifwytalex-auth-token:0 (2.93.3) 2026-02-02T15:20:26.261Z #_acquireLock begin [33m10000[39m
GoTrueClient@sb-bgxknceshxxifwytalex-auth-token:0 (2.93.3) 2026-02-02T15:20:26.261Z #_acquireLock lock acquired for storage key sb-bgxknceshxxifwytalex-auth-token
GoTrueClient@sb-bgxknceshxxifwytalex-auth-token:0 (2.93.3) 2026-02-02T15:20:26.261Z #_useSession begin
GoTrueClient@sb-bgxknceshxxifwytalex-auth-token:0 (2.93.3) 2026-02-02T15:20:26.261Z #__loadSession() begin

[90mstdout[2m | tests/property/scoped-roles-processing-efficiency.test.ts[2m > [22m[2mProperty 10: Scoped Roles Processing Efficiency[2m > [22m[2mProperty 10.10: Role hierarchy cache should respect TTL settings
[22m[39mGoTrueClient@sb-bgxknceshxxifwytalex-auth-token:0 (2.93.3) 2026-02-02T15:20:26.261Z #getSession() session from storage [1mnull[22m
GoTrueClient@sb-bgxknceshxxifwytalex-auth-token:0 (2.93.3) 2026-02-02T15:20:26.261Z #__loadSession() end

[90mstdout[2m | tests/property/scoped-roles-processing-efficiency.test.ts[2m > [22m[2mProperty 10: Scoped Roles Processing Efficiency[2m > [22m[2mProperty 10.10: Role hierarchy cache should respect TTL settings
[22m[39mGoTrueClient@sb-bgxknceshxxifwytalex-auth-token:0 (2.93.3) 2026-02-02T15:20:26.261Z #_useSession end

[90mstdout[2m | tests/property/scoped-roles-processing-efficiency.test.ts[2m > [22m[2mProperty 10: Scoped Roles Processing Efficiency[2m > [22m[2mProperty 10.10: Role hierarchy cache should respect TTL settings
[22m[39mGoTrueClient@sb-bgxknceshxxifwytalex-auth-token:0 (2.93.3) 2026-02-02T15:20:26.261Z #_acquireLock lock released for storage key sb-bgxknceshxxifwytalex-auth-token

[90mstdout[2m | tests/property/scoped-roles-processing-efficiency.test.ts[2m > [22m[2mProperty 10: Scoped Roles Processing Efficiency[2m > [22m[2mProperty 10.10: Role hierarchy cache should respect TTL settings
[22m[39mGoTrueClient@sb-bgxknceshxxifwytalex-auth-token:0 (2.93.3) 2026-02-02T15:20:26.262Z #_acquireLock end

stderr | tests/property/scoped-roles-processing-efficiency.test.ts > Property 10: Scoped Roles Processing Efficiency > Property 10.10: Role hierarchy cache should respect TTL settings
Error fetching org roles: {
  code: 'PGRST200',
  details: "Searched for a foreign key relationship between 'org_roles' and 'user_profiles' in the schema 'public', but no matches were found.",
  hint: null,
  message: "Could not find a relationship between 'org_roles' and 'user_profiles' in the schema cache"
}

[90mstdout[2m | tests/property/scoped-roles-processing-efficiency.test.ts[2m > [22m[2mProperty 10: Scoped Roles Processing Efficiency[2m > [22m[2mProperty 10.10: Role hierarchy cache should respect TTL settings
[22m[39mGoTrueClient@sb-bgxknceshxxifwytalex-auth-token:0 (2.93.3) 2026-02-02T15:20:26.269Z #_acquireLock begin [33m10000[39m
GoTrueClient@sb-bgxknceshxxifwytalex-auth-token:0 (2.93.3) 2026-02-02T15:20:26.269Z #_acquireLock lock acquired for storage key sb-bgxknceshxxifwytalex-auth-token
GoTrueClient@sb-bgxknceshxxifwytalex-auth-token:0 (2.93.3) 2026-02-02T15:20:26.269Z #_useSession begin
GoTrueClient@sb-bgxknceshxxifwytalex-auth-token:0 (2.93.3) 2026-02-02T15:20:26.269Z #__loadSession() begin

[90mstdout[2m | tests/property/scoped-roles-processing-efficiency.test.ts[2m > [22m[2mProperty 10: Scoped Roles Processing Efficiency[2m > [22m[2mProperty 10.10: Role hierarchy cache should respect TTL settings
[22m[39mGoTrueClient@sb-bgxknceshxxifwytalex-auth-token:0 (2.93.3) 2026-02-02T15:20:26.269Z #getSession() session from storage [1mnull[22m
GoTrueClient@sb-bgxknceshxxifwytalex-auth-token:0 (2.93.3) 2026-02-02T15:20:26.269Z #__loadSession() end

[90mstdout[2m | tests/property/scoped-roles-processing-efficiency.test.ts[2m > [22m[2mProperty 10: Scoped Roles Processing Efficiency[2m > [22m[2mProperty 10.10: Role hierarchy cache should respect TTL settings
[22m[39mGoTrueClient@sb-bgxknceshxxifwytalex-auth-token:0 (2.93.3) 2026-02-02T15:20:26.269Z #_useSession end

[90mstdout[2m | tests/property/scoped-roles-processing-efficiency.test.ts[2m > [22m[2mProperty 10: Scoped Roles Processing Efficiency[2m > [22m[2mProperty 10.10: Role hierarchy cache should respect TTL settings
[22m[39mGoTrueClient@sb-bgxknceshxxifwytalex-auth-token:0 (2.93.3) 2026-02-02T15:20:26.269Z #_acquireLock lock released for storage key sb-bgxknceshxxifwytalex-auth-token

[90mstdout[2m | tests/property/scoped-roles-processing-efficiency.test.ts[2m > [22m[2mProperty 10: Scoped Roles Processing Efficiency[2m > [22m[2mProperty 10.10: Role hierarchy cache should respect TTL settings
[22m[39mGoTrueClient@sb-bgxknceshxxifwytalex-auth-token:0 (2.93.3) 2026-02-02T15:20:26.269Z #_acquireLock end

stderr | tests/property/scoped-roles-processing-efficiency.test.ts > Property 10: Scoped Roles Processing Efficiency > Property 10.10: Role hierarchy cache should respect TTL settings
Error fetching org roles: {
  code: 'PGRST200',
  details: "Searched for a foreign key relationship between 'org_roles' and 'user_profiles' in the schema 'public', but no matches were found.",
  hint: null,
  message: "Could not find a relationship between 'org_roles' and 'user_profiles' in the schema cache"
}

[90mstdout[2m | tests/property/scoped-roles-processing-efficiency.test.ts[2m > [22m[2mProperty 10: Scoped Roles Processing Efficiency[2m > [22m[2mProperty 10.10: Role hierarchy cache should respect TTL settings
[22m[39mGoTrueClient@sb-bgxknceshxxifwytalex-auth-token:0 (2.93.3) 2026-02-02T15:20:26.274Z #_acquireLock begin [33m10000[39m
GoTrueClient@sb-bgxknceshxxifwytalex-auth-token:0 (2.93.3) 2026-02-02T15:20:26.274Z #_acquireLock lock acquired for storage key sb-bgxknceshxxifwytalex-auth-token
GoTrueClient@sb-bgxknceshxxifwytalex-auth-token:0 (2.93.3) 2026-02-02T15:20:26.274Z #_useSession begin
GoTrueClient@sb-bgxknceshxxifwytalex-auth-token:0 (2.93.3) 2026-02-02T15:20:26.274Z #__loadSession() begin

[90mstdout[2m | tests/property/scoped-roles-processing-efficiency.test.ts[2m > [22m[2mProperty 10: Scoped Roles Processing Efficiency[2m > [22m[2mProperty 10.10: Role hierarchy cache should respect TTL settings
[22m[39mGoTrueClient@sb-bgxknceshxxifwytalex-auth-token:0 (2.93.3) 2026-02-02T15:20:26.275Z #getSession() session from storage [1mnull[22m
GoTrueClient@sb-bgxknceshxxifwytalex-auth-token:0 (2.93.3) 2026-02-02T15:20:26.275Z #__loadSession() end

[90mstdout[2m | tests/property/scoped-roles-processing-efficiency.test.ts[2m > [22m[2mProperty 10: Scoped Roles Processing Efficiency[2m > [22m[2mProperty 10.10: Role hierarchy cache should respect TTL settings
[22m[39mGoTrueClient@sb-bgxknceshxxifwytalex-auth-token:0 (2.93.3) 2026-02-02T15:20:26.275Z #_useSession end

[90mstdout[2m | tests/property/scoped-roles-processing-efficiency.test.ts[2m > [22m[2mProperty 10: Scoped Roles Processing Efficiency[2m > [22m[2mProperty 10.10: Role hierarchy cache should respect TTL settings
[22m[39mGoTrueClient@sb-bgxknceshxxifwytalex-auth-token:0 (2.93.3) 2026-02-02T15:20:26.275Z #_acquireLock lock released for storage key sb-bgxknceshxxifwytalex-auth-token

[90mstdout[2m | tests/property/scoped-roles-processing-efficiency.test.ts[2m > [22m[2mProperty 10: Scoped Roles Processing Efficiency[2m > [22m[2mProperty 10.10: Role hierarchy cache should respect TTL settings
[22m[39mGoTrueClient@sb-bgxknceshxxifwytalex-auth-token:0 (2.93.3) 2026-02-02T15:20:26.275Z #_acquireLock end

stderr | tests/property/scoped-roles-processing-efficiency.test.ts > Property 10: Scoped Roles Processing Efficiency > Property 10.10: Role hierarchy cache should respect TTL settings
Error fetching org roles: {
  code: 'PGRST200',
  details: "Searched for a foreign key relationship between 'org_roles' and 'user_profiles' in the schema 'public', but no matches were found.",
  hint: null,
  message: "Could not find a relationship between 'org_roles' and 'user_profiles' in the schema cache"
}

[90mstdout[2m | tests/property/scoped-roles-processing-efficiency.test.ts[2m > [22m[2mProperty 10: Scoped Roles Processing Efficiency[2m > [22m[2mProperty 10.10: Role hierarchy cache should respect TTL settings
[22m[39mGoTrueClient@sb-bgxknceshxxifwytalex-auth-token:0 (2.93.3) 2026-02-02T15:20:26.389Z #_acquireLock begin [33m10000[39m
GoTrueClient@sb-bgxknceshxxifwytalex-auth-token:0 (2.93.3) 2026-02-02T15:20:26.389Z #_acquireLock lock acquired for storage key sb-bgxknceshxxifwytalex-auth-token
GoTrueClient@sb-bgxknceshxxifwytalex-auth-token:0 (2.93.3) 2026-02-02T15:20:26.389Z #_useSession begin
GoTrueClient@sb-bgxknceshxxifwytalex-auth-token:0 (2.93.3) 2026-02-02T15:20:26.389Z #__loadSession() begin

[90mstdout[2m | tests/property/scoped-roles-processing-efficiency.test.ts[2m > [22m[2mProperty 10: Scoped Roles Processing Efficiency[2m > [22m[2mProperty 10.10: Role hierarchy cache should respect TTL settings
[22m[39mGoTrueClient@sb-bgxknceshxxifwytalex-auth-token:0 (2.93.3) 2026-02-02T15:20:26.389Z #getSession() session from storage [1mnull[22m
GoTrueClient@sb-bgxknceshxxifwytalex-auth-token:0 (2.93.3) 2026-02-02T15:20:26.389Z #__loadSession() end

[90mstdout[2m | tests/property/scoped-roles-processing-efficiency.test.ts[2m > [22m[2mProperty 10: Scoped Roles Processing Efficiency[2m > [22m[2mProperty 10.10: Role hierarchy cache should respect TTL settings
[22m[39mGoTrueClient@sb-bgxknceshxxifwytalex-auth-token:0 (2.93.3) 2026-02-02T15:20:26.390Z #_useSession end

[90mstdout[2m | tests/property/scoped-roles-processing-efficiency.test.ts[2m > [22m[2mProperty 10: Scoped Roles Processing Efficiency[2m > [22m[2mProperty 10.10: Role hierarchy cache should respect TTL settings
[22m[39mGoTrueClient@sb-bgxknceshxxifwytalex-auth-token:0 (2.93.3) 2026-02-02T15:20:26.390Z #_acquireLock lock released for storage key sb-bgxknceshxxifwytalex-auth-token

[90mstdout[2m | tests/property/scoped-roles-processing-efficiency.test.ts[2m > [22m[2mProperty 10: Scoped Roles Processing Efficiency[2m > [22m[2mProperty 10.10: Role hierarchy cache should respect TTL settings
[22m[39mGoTrueClient@sb-bgxknceshxxifwytalex-auth-token:0 (2.93.3) 2026-02-02T15:20:26.390Z #_acquireLock end

stderr | tests/property/scoped-roles-processing-efficiency.test.ts > Property 10: Scoped Roles Processing Efficiency > Property 10.10: Role hierarchy cache should respect TTL settings
Error fetching project roles: {
  code: 'PGRST200',
  details: "Searched for a foreign key relationship between 'project_roles' and 'user_profiles' in the schema 'public', but no matches were found.",
  hint: null,
  message: "Could not find a relationship between 'project_roles' and 'user_profiles' in the schema cache"
}

[90mstdout[2m | tests/property/scoped-roles-processing-efficiency.test.ts[2m > [22m[2mProperty 10: Scoped Roles Processing Efficiency[2m > [22m[2mProperty 10.10: Role hierarchy cache should respect TTL settings
[22m[39mGoTrueClient@sb-bgxknceshxxifwytalex-auth-token:0 (2.93.3) 2026-02-02T15:20:26.426Z #_acquireLock begin [33m10000[39m
GoTrueClient@sb-bgxknceshxxifwytalex-auth-token:0 (2.93.3) 2026-02-02T15:20:26.426Z #_acquireLock lock acquired for storage key sb-bgxknceshxxifwytalex-auth-token
GoTrueClient@sb-bgxknceshxxifwytalex-auth-token:0 (2.93.3) 2026-02-02T15:20:26.426Z #_useSession begin
GoTrueClient@sb-bgxknceshxxifwytalex-auth-token:0 (2.93.3) 2026-02-02T15:20:26.426Z #__loadSession() begin

[90mstdout[2m | tests/property/scoped-roles-processing-efficiency.test.ts[2m > [22m[2mProperty 10: Scoped Roles Processing Efficiency[2m > [22m[2mProperty 10.10: Role hierarchy cache should respect TTL settings
[22m[39mGoTrueClient@sb-bgxknceshxxifwytalex-auth-token:0 (2.93.3) 2026-02-02T15:20:26.426Z #getSession() session from storage [1mnull[22m
GoTrueClient@sb-bgxknceshxxifwytalex-auth-token:0 (2.93.3) 2026-02-02T15:20:26.426Z #__loadSession() end

[90mstdout[2m | tests/property/scoped-roles-processing-efficiency.test.ts[2m > [22m[2mProperty 10: Scoped Roles Processing Efficiency[2m > [22m[2mProperty 10.10: Role hierarchy cache should respect TTL settings
[22m[39mGoTrueClient@sb-bgxknceshxxifwytalex-auth-token:0 (2.93.3) 2026-02-02T15:20:26.426Z #_useSession end

[90mstdout[2m | tests/property/scoped-roles-processing-efficiency.test.ts[2m > [22m[2mProperty 10: Scoped Roles Processing Efficiency[2m > [22m[2mProperty 10.10: Role hierarchy cache should respect TTL settings
[22m[39mGoTrueClient@sb-bgxknceshxxifwytalex-auth-token:0 (2.93.3) 2026-02-02T15:20:26.427Z #_acquireLock lock released for storage key sb-bgxknceshxxifwytalex-auth-token

[90mstdout[2m | tests/property/scoped-roles-processing-efficiency.test.ts[2m > [22m[2mProperty 10: Scoped Roles Processing Efficiency[2m > [22m[2mProperty 10.10: Role hierarchy cache should respect TTL settings
[22m[39mGoTrueClient@sb-bgxknceshxxifwytalex-auth-token:0 (2.93.3) 2026-02-02T15:20:26.427Z #_acquireLock end

[90mstdout[2m | tests/property/scoped-roles-processing-efficiency.test.ts[2m > [22m[2mProperty 10: Scoped Roles Processing Efficiency[2m > [22m[2mProperty 10.10: Role hierarchy cache should respect TTL settings
[22m[39mGoTrueClient@sb-bgxknceshxxifwytalex-auth-token:0 (2.93.3) 2026-02-02T15:20:26.456Z #_acquireLock begin [33m10000[39m
GoTrueClient@sb-bgxknceshxxifwytalex-auth-token:0 (2.93.3) 2026-02-02T15:20:26.456Z #_acquireLock lock acquired for storage key sb-bgxknceshxxifwytalex-auth-token
GoTrueClient@sb-bgxknceshxxifwytalex-auth-token:0 (2.93.3) 2026-02-02T15:20:26.456Z #_useSession begin
GoTrueClient@sb-bgxknceshxxifwytalex-auth-token:0 (2.93.3) 2026-02-02T15:20:26.456Z #__loadSession() begin

[90mstdout[2m | tests/property/scoped-roles-processing-efficiency.test.ts[2m > [22m[2mProperty 10: Scoped Roles Processing Efficiency[2m > [22m[2mProperty 10.10: Role hierarchy cache should respect TTL settings
[22m[39mGoTrueClient@sb-bgxknceshxxifwytalex-auth-token:0 (2.93.3) 2026-02-02T15:20:26.456Z #getSession() session from storage [1mnull[22m
GoTrueClient@sb-bgxknceshxxifwytalex-auth-token:0 (2.93.3) 2026-02-02T15:20:26.456Z #__loadSession() end

[90mstdout[2m | tests/property/scoped-roles-processing-efficiency.test.ts[2m > [22m[2mProperty 10: Scoped Roles Processing Efficiency[2m > [22m[2mProperty 10.10: Role hierarchy cache should respect TTL settings
[22m[39mGoTrueClient@sb-bgxknceshxxifwytalex-auth-token:0 (2.93.3) 2026-02-02T15:20:26.456Z #_useSession end

[90mstdout[2m | tests/property/scoped-roles-processing-efficiency.test.ts[2m > [22m[2mProperty 10: Scoped Roles Processing Efficiency[2m > [22m[2mProperty 10.10: Role hierarchy cache should respect TTL settings
[22m[39mGoTrueClient@sb-bgxknceshxxifwytalex-auth-token:0 (2.93.3) 2026-02-02T15:20:26.456Z #_acquireLock lock released for storage key sb-bgxknceshxxifwytalex-auth-token

[90mstdout[2m | tests/property/scoped-roles-processing-efficiency.test.ts[2m > [22m[2mProperty 10: Scoped Roles Processing Efficiency[2m > [22m[2mProperty 10.10: Role hierarchy cache should respect TTL settings
[22m[39mGoTrueClient@sb-bgxknceshxxifwytalex-auth-token:0 (2.93.3) 2026-02-02T15:20:26.456Z #_acquireLock end

stderr | tests/property/scoped-roles-processing-efficiency.test.ts > Property 10: Scoped Roles Processing Efficiency > Property 10.10: Role hierarchy cache should respect TTL settings
Error fetching org roles: {
  code: 'PGRST200',
  details: "Searched for a foreign key relationship between 'org_roles' and 'user_profiles' in the schema 'public', but no matches were found.",
  hint: null,
  message: "Could not find a relationship between 'org_roles' and 'user_profiles' in the schema cache"
}

[90mstdout[2m | tests/property/scoped-roles-processing-efficiency.test.ts[2m > [22m[2mProperty 10: Scoped Roles Processing Efficiency[2m > [22m[2mProperty 10.10: Role hierarchy cache should respect TTL settings
[22m[39mGoTrueClient@sb-bgxknceshxxifwytalex-auth-token:0 (2.93.3) 2026-02-02T15:20:26.475Z #_acquireLock begin [33m10000[39m
GoTrueClient@sb-bgxknceshxxifwytalex-auth-token:0 (2.93.3) 2026-02-02T15:20:26.475Z #_acquireLock lock acquired for storage key sb-bgxknceshxxifwytalex-auth-token
GoTrueClient@sb-bgxknceshxxifwytalex-auth-token:0 (2.93.3) 2026-02-02T15:20:26.475Z #_useSession begin
GoTrueClient@sb-bgxknceshxxifwytalex-auth-token:0 (2.93.3) 2026-02-02T15:20:26.475Z #__loadSession() begin

[90mstdout[2m | tests/property/scoped-roles-processing-efficiency.test.ts[2m > [22m[2mProperty 10: Scoped Roles Processing Efficiency[2m > [22m[2mProperty 10.10: Role hierarchy cache should respect TTL settings
[22m[39mGoTrueClient@sb-bgxknceshxxifwytalex-auth-token:0 (2.93.3) 2026-02-02T15:20:26.475Z #getSession() session from storage [1mnull[22m
GoTrueClient@sb-bgxknceshxxifwytalex-auth-token:0 (2.93.3) 2026-02-02T15:20:26.475Z #__loadSession() end

[90mstdout[2m | tests/property/scoped-roles-processing-efficiency.test.ts[2m > [22m[2mProperty 10: Scoped Roles Processing Efficiency[2m > [22m[2mProperty 10.10: Role hierarchy cache should respect TTL settings
[22m[39mGoTrueClient@sb-bgxknceshxxifwytalex-auth-token:0 (2.93.3) 2026-02-02T15:20:26.475Z #_useSession end

[90mstdout[2m | tests/property/scoped-roles-processing-efficiency.test.ts[2m > [22m[2mProperty 10: Scoped Roles Processing Efficiency[2m > [22m[2mProperty 10.10: Role hierarchy cache should respect TTL settings
[22m[39mGoTrueClient@sb-bgxknceshxxifwytalex-auth-token:0 (2.93.3) 2026-02-02T15:20:26.475Z #_acquireLock lock released for storage key sb-bgxknceshxxifwytalex-auth-token

[90mstdout[2m | tests/property/scoped-roles-processing-efficiency.test.ts[2m > [22m[2mProperty 10: Scoped Roles Processing Efficiency[2m > [22m[2mProperty 10.10: Role hierarchy cache should respect TTL settings
[22m[39mGoTrueClient@sb-bgxknceshxxifwytalex-auth-token:0 (2.93.3) 2026-02-02T15:20:26.475Z #_acquireLock end

stderr | tests/property/scoped-roles-processing-efficiency.test.ts > Property 10: Scoped Roles Processing Efficiency > Property 10.10: Role hierarchy cache should respect TTL settings
Error fetching org roles: {
  code: 'PGRST200',
  details: "Searched for a foreign key relationship between 'org_roles' and 'user_profiles' in the schema 'public', but no matches were found.",
  hint: null,
  message: "Could not find a relationship between 'org_roles' and 'user_profiles' in the schema cache"
}

[90mstdout[2m | tests/property/scoped-roles-processing-efficiency.test.ts[2m > [22m[2mProperty 10: Scoped Roles Processing Efficiency[2m > [22m[2mProperty 10.10: Role hierarchy cache should respect TTL settings
[22m[39mGoTrueClient@sb-bgxknceshxxifwytalex-auth-token:0 (2.93.3) 2026-02-02T15:20:26.495Z #_acquireLock begin [33m10000[39m
GoTrueClient@sb-bgxknceshxxifwytalex-auth-token:0 (2.93.3) 2026-02-02T15:20:26.495Z #_acquireLock lock acquired for storage key sb-bgxknceshxxifwytalex-auth-token
GoTrueClient@sb-bgxknceshxxifwytalex-auth-token:0 (2.93.3) 2026-02-02T15:20:26.495Z #_useSession begin
GoTrueClient@sb-bgxknceshxxifwytalex-auth-token:0 (2.93.3) 2026-02-02T15:20:26.495Z #__loadSession() begin

[90mstdout[2m | tests/property/scoped-roles-processing-efficiency.test.ts[2m > [22m[2mProperty 10: Scoped Roles Processing Efficiency[2m > [22m[2mProperty 10.10: Role hierarchy cache should respect TTL settings
[22m[39mGoTrueClient@sb-bgxknceshxxifwytalex-auth-token:0 (2.93.3) 2026-02-02T15:20:26.495Z #getSession() session from storage [1mnull[22m
GoTrueClient@sb-bgxknceshxxifwytalex-auth-token:0 (2.93.3) 2026-02-02T15:20:26.495Z #__loadSession() end

[90mstdout[2m | tests/property/scoped-roles-processing-efficiency.test.ts[2m > [22m[2mProperty 10: Scoped Roles Processing Efficiency[2m > [22m[2mProperty 10.10: Role hierarchy cache should respect TTL settings
[22m[39mGoTrueClient@sb-bgxknceshxxifwytalex-auth-token:0 (2.93.3) 2026-02-02T15:20:26.495Z #_useSession end

[90mstdout[2m | tests/property/scoped-roles-processing-efficiency.test.ts[2m > [22m[2mProperty 10: Scoped Roles Processing Efficiency[2m > [22m[2mProperty 10.10: Role hierarchy cache should respect TTL settings
[22m[39mGoTrueClient@sb-bgxknceshxxifwytalex-auth-token:0 (2.93.3) 2026-02-02T15:20:26.495Z #_acquireLock lock released for storage key sb-bgxknceshxxifwytalex-auth-token

[90mstdout[2m | tests/property/scoped-roles-processing-efficiency.test.ts[2m > [22m[2mProperty 10: Scoped Roles Processing Efficiency[2m > [22m[2mProperty 10.10: Role hierarchy cache should respect TTL settings
[22m[39mGoTrueClient@sb-bgxknceshxxifwytalex-auth-token:0 (2.93.3) 2026-02-02T15:20:26.495Z #_acquireLock end

stderr | tests/property/scoped-roles-processing-efficiency.test.ts > Property 10: Scoped Roles Processing Efficiency > Property 10.10: Role hierarchy cache should respect TTL settings
Error fetching org roles: {
  code: 'PGRST200',
  details: "Searched for a foreign key relationship between 'org_roles' and 'user_profiles' in the schema 'public', but no matches were found.",
  hint: null,
  message: "Could not find a relationship between 'org_roles' and 'user_profiles' in the schema cache"
}

[90mstdout[2m | tests/property/scoped-roles-processing-efficiency.test.ts[2m > [22m[2mProperty 10: Scoped Roles Processing Efficiency[2m > [22m[2mProperty 10.10: Role hierarchy cache should respect TTL settings
[22m[39mGoTrueClient@sb-bgxknceshxxifwytalex-auth-token:0 (2.93.3) 2026-02-02T15:20:26.501Z #_acquireLock begin [33m10000[39m
GoTrueClient@sb-bgxknceshxxifwytalex-auth-token:0 (2.93.3) 2026-02-02T15:20:26.501Z #_acquireLock lock acquired for storage key sb-bgxknceshxxifwytalex-auth-token
GoTrueClient@sb-bgxknceshxxifwytalex-auth-token:0 (2.93.3) 2026-02-02T15:20:26.501Z #_useSession begin
GoTrueClient@sb-bgxknceshxxifwytalex-auth-token:0 (2.93.3) 2026-02-02T15:20:26.501Z #__loadSession() begin

[90mstdout[2m | tests/property/scoped-roles-processing-efficiency.test.ts[2m > [22m[2mProperty 10: Scoped Roles Processing Efficiency[2m > [22m[2mProperty 10.10: Role hierarchy cache should respect TTL settings
[22m[39mGoTrueClient@sb-bgxknceshxxifwytalex-auth-token:0 (2.93.3) 2026-02-02T15:20:26.501Z #getSession() session from storage [1mnull[22m
GoTrueClient@sb-bgxknceshxxifwytalex-auth-token:0 (2.93.3) 2026-02-02T15:20:26.501Z #__loadSession() end

[90mstdout[2m | tests/property/scoped-roles-processing-efficiency.test.ts[2m > [22m[2mProperty 10: Scoped Roles Processing Efficiency[2m > [22m[2mProperty 10.10: Role hierarchy cache should respect TTL settings
[22m[39mGoTrueClient@sb-bgxknceshxxifwytalex-auth-token:0 (2.93.3) 2026-02-02T15:20:26.501Z #_useSession end

[90mstdout[2m | tests/property/scoped-roles-processing-efficiency.test.ts[2m > [22m[2mProperty 10: Scoped Roles Processing Efficiency[2m > [22m[2mProperty 10.10: Role hierarchy cache should respect TTL settings
[22m[39mGoTrueClient@sb-bgxknceshxxifwytalex-auth-token:0 (2.93.3) 2026-02-02T15:20:26.501Z #_acquireLock lock released for storage key sb-bgxknceshxxifwytalex-auth-token

[90mstdout[2m | tests/property/scoped-roles-processing-efficiency.test.ts[2m > [22m[2mProperty 10: Scoped Roles Processing Efficiency[2m > [22m[2mProperty 10.10: Role hierarchy cache should respect TTL settings
[22m[39mGoTrueClient@sb-bgxknceshxxifwytalex-auth-token:0 (2.93.3) 2026-02-02T15:20:26.501Z #_acquireLock end

[90mstdout[2m | tests/property/scoped-roles-processing-efficiency.test.ts[2m > [22m[2mProperty 10: Scoped Roles Processing Efficiency[2m > [22m[2mProperty 10.11: Role queries should use appropriate optimized indexes
[22m[39mGoTrueClient@sb-bgxknceshxxifwytalex-auth-token:0 (2.93.3) 2026-02-02T15:20:26.512Z #_acquireLock begin [33m10000[39m
GoTrueClient@sb-bgxknceshxxifwytalex-auth-token:0 (2.93.3) 2026-02-02T15:20:26.512Z #_acquireLock lock acquired for storage key sb-bgxknceshxxifwytalex-auth-token
GoTrueClient@sb-bgxknceshxxifwytalex-auth-token:0 (2.93.3) 2026-02-02T15:20:26.512Z #_useSession begin
GoTrueClient@sb-bgxknceshxxifwytalex-auth-token:0 (2.93.3) 2026-02-02T15:20:26.512Z #__loadSession() begin

[90mstdout[2m | tests/property/scoped-roles-processing-efficiency.test.ts[2m > [22m[2mProperty 10: Scoped Roles Processing Efficiency[2m > [22m[2mProperty 10.11: Role queries should use appropriate optimized indexes
[22m[39mGoTrueClient@sb-bgxknceshxxifwytalex-auth-token:0 (2.93.3) 2026-02-02T15:20:26.513Z #getSession() session from storage [1mnull[22m
GoTrueClient@sb-bgxknceshxxifwytalex-auth-token:0 (2.93.3) 2026-02-02T15:20:26.513Z #__loadSession() end

[90mstdout[2m | tests/property/scoped-roles-processing-efficiency.test.ts[2m > [22m[2mProperty 10: Scoped Roles Processing Efficiency[2m > [22m[2mProperty 10.11: Role queries should use appropriate optimized indexes
[22m[39mGoTrueClient@sb-bgxknceshxxifwytalex-auth-token:0 (2.93.3) 2026-02-02T15:20:26.513Z #_useSession end

[90mstdout[2m | tests/property/scoped-roles-processing-efficiency.test.ts[2m > [22m[2mProperty 10: Scoped Roles Processing Efficiency[2m > [22m[2mProperty 10.11: Role queries should use appropriate optimized indexes
[22m[39mGoTrueClient@sb-bgxknceshxxifwytalex-auth-token:0 (2.93.3) 2026-02-02T15:20:26.513Z #_acquireLock lock released for storage key sb-bgxknceshxxifwytalex-auth-token

[90mstdout[2m | tests/property/scoped-roles-processing-efficiency.test.ts[2m > [22m[2mProperty 10: Scoped Roles Processing Efficiency[2m > [22m[2mProperty 10.11: Role queries should use appropriate optimized indexes
[22m[39mGoTrueClient@sb-bgxknceshxxifwytalex-auth-token:0 (2.93.3) 2026-02-02T15:20:26.513Z #_acquireLock end

stderr | tests/property/scoped-roles-processing-efficiency.test.ts > Property 10: Scoped Roles Processing Efficiency > Property 10.11: Role queries should use appropriate optimized indexes
Error fetching project roles: {
  code: 'PGRST200',
  details: "Searched for a foreign key relationship between 'project_roles' and 'user_profiles' in the schema 'public', but no matches were found.",
  hint: null,
  message: "Could not find a relationship between 'project_roles' and 'user_profiles' in the schema cache"
}

[90mstdout[2m | tests/property/scoped-roles-processing-efficiency.test.ts[2m > [22m[2mProperty 10: Scoped Roles Processing Efficiency[2m > [22m[2mProperty 10.11: Role queries should use appropriate optimized indexes
[22m[39mGoTrueClient@sb-bgxknceshxxifwytalex-auth-token:0 (2.93.3) 2026-02-02T15:20:26.625Z #_acquireLock begin [33m10000[39m
GoTrueClient@sb-bgxknceshxxifwytalex-auth-token:0 (2.93.3) 2026-02-02T15:20:26.625Z #_acquireLock lock acquired for storage key sb-bgxknceshxxifwytalex-auth-token
GoTrueClient@sb-bgxknceshxxifwytalex-auth-token:0 (2.93.3) 2026-02-02T15:20:26.625Z #_useSession begin
GoTrueClient@sb-bgxknceshxxifwytalex-auth-token:0 (2.93.3) 2026-02-02T15:20:26.625Z #__loadSession() begin

[90mstdout[2m | tests/property/scoped-roles-processing-efficiency.test.ts[2m > [22m[2mProperty 10: Scoped Roles Processing Efficiency[2m > [22m[2mProperty 10.11: Role queries should use appropriate optimized indexes
[22m[39mGoTrueClient@sb-bgxknceshxxifwytalex-auth-token:0 (2.93.3) 2026-02-02T15:20:26.625Z #getSession() session from storage [1mnull[22m
GoTrueClient@sb-bgxknceshxxifwytalex-auth-token:0 (2.93.3) 2026-02-02T15:20:26.625Z #__loadSession() end

[90mstdout[2m | tests/property/scoped-roles-processing-efficiency.test.ts[2m > [22m[2mProperty 10: Scoped Roles Processing Efficiency[2m > [22m[2mProperty 10.11: Role queries should use appropriate optimized indexes
[22m[39mGoTrueClient@sb-bgxknceshxxifwytalex-auth-token:0 (2.93.3) 2026-02-02T15:20:26.625Z #_useSession end

[90mstdout[2m | tests/property/scoped-roles-processing-efficiency.test.ts[2m > [22m[2mProperty 10: Scoped Roles Processing Efficiency[2m > [22m[2mProperty 10.11: Role queries should use appropriate optimized indexes
[22m[39mGoTrueClient@sb-bgxknceshxxifwytalex-auth-token:0 (2.93.3) 2026-02-02T15:20:26.625Z #_acquireLock lock released for storage key sb-bgxknceshxxifwytalex-auth-token

[90mstdout[2m | tests/property/scoped-roles-processing-efficiency.test.ts[2m > [22m[2mProperty 10: Scoped Roles Processing Efficiency[2m > [22m[2mProperty 10.11: Role queries should use appropriate optimized indexes
[22m[39mGoTrueClient@sb-bgxknceshxxifwytalex-auth-token:0 (2.93.3) 2026-02-02T15:20:26.625Z #_acquireLock end

stderr | tests/property/scoped-roles-processing-efficiency.test.ts > Property 10: Scoped Roles Processing Efficiency > Property 10.11: Role queries should use appropriate optimized indexes
Error fetching project roles: {
  code: 'PGRST200',
  details: "Searched for a foreign key relationship between 'project_roles' and 'user_profiles' in the schema 'public', but no matches were found.",
  hint: null,
  message: "Could not find a relationship between 'project_roles' and 'user_profiles' in the schema cache"
}

[90mstdout[2m | tests/property/scoped-roles-processing-efficiency.test.ts[2m > [22m[2mProperty 10: Scoped Roles Processing Efficiency[2m > [22m[2mProperty 10.11: Role queries should use appropriate optimized indexes
[22m[39mGoTrueClient@sb-bgxknceshxxifwytalex-auth-token:0 (2.93.3) 2026-02-02T15:20:26.651Z #_acquireLock begin [33m10000[39m
GoTrueClient@sb-bgxknceshxxifwytalex-auth-token:0 (2.93.3) 2026-02-02T15:20:26.651Z #_acquireLock lock acquired for storage key sb-bgxknceshxxifwytalex-auth-token
GoTrueClient@sb-bgxknceshxxifwytalex-auth-token:0 (2.93.3) 2026-02-02T15:20:26.651Z #_useSession begin
GoTrueClient@sb-bgxknceshxxifwytalex-auth-token:0 (2.93.3) 2026-02-02T15:20:26.651Z #__loadSession() begin

[90mstdout[2m | tests/property/scoped-roles-processing-efficiency.test.ts[2m > [22m[2mProperty 10: Scoped Roles Processing Efficiency[2m > [22m[2mProperty 10.11: Role queries should use appropriate optimized indexes
[22m[39mGoTrueClient@sb-bgxknceshxxifwytalex-auth-token:0 (2.93.3) 2026-02-02T15:20:26.651Z #getSession() session from storage [1mnull[22m
GoTrueClient@sb-bgxknceshxxifwytalex-auth-token:0 (2.93.3) 2026-02-02T15:20:26.651Z #__loadSession() end

[90mstdout[2m | tests/property/scoped-roles-processing-efficiency.test.ts[2m > [22m[2mProperty 10: Scoped Roles Processing Efficiency[2m > [22m[2mProperty 10.11: Role queries should use appropriate optimized indexes
[22m[39mGoTrueClient@sb-bgxknceshxxifwytalex-auth-token:0 (2.93.3) 2026-02-02T15:20:26.651Z #_useSession end

[90mstdout[2m | tests/property/scoped-roles-processing-efficiency.test.ts[2m > [22m[2mProperty 10: Scoped Roles Processing Efficiency[2m > [22m[2mProperty 10.11: Role queries should use appropriate optimized indexes
[22m[39mGoTrueClient@sb-bgxknceshxxifwytalex-auth-token:0 (2.93.3) 2026-02-02T15:20:26.651Z #_acquireLock lock released for storage key sb-bgxknceshxxifwytalex-auth-token

[90mstdout[2m | tests/property/scoped-roles-processing-efficiency.test.ts[2m > [22m[2mProperty 10: Scoped Roles Processing Efficiency[2m > [22m[2mProperty 10.11: Role queries should use appropriate optimized indexes
[22m[39mGoTrueClient@sb-bgxknceshxxifwytalex-auth-token:0 (2.93.3) 2026-02-02T15:20:26.651Z #_acquireLock end

stderr | tests/property/scoped-roles-processing-efficiency.test.ts > Property 10: Scoped Roles Processing Efficiency > Property 10.11: Role queries should use appropriate optimized indexes
Error fetching org roles: {
  code: 'PGRST200',
  details: "Searched for a foreign key relationship between 'org_roles' and 'user_profiles' in the schema 'public', but no matches were found.",
  hint: null,
  message: "Could not find a relationship between 'org_roles' and 'user_profiles' in the schema cache"
}

[90mstdout[2m | tests/property/scoped-roles-processing-efficiency.test.ts[2m > [22m[2mProperty 10: Scoped Roles Processing Efficiency[2m > [22m[2mProperty 10.11: Role queries should use appropriate optimized indexes
[22m[39mGoTrueClient@sb-bgxknceshxxifwytalex-auth-token:0 (2.93.3) 2026-02-02T15:20:26.689Z #_acquireLock begin [33m10000[39m
GoTrueClient@sb-bgxknceshxxifwytalex-auth-token:0 (2.93.3) 2026-02-02T15:20:26.689Z #_acquireLock lock acquired for storage key sb-bgxknceshxxifwytalex-auth-token
GoTrueClient@sb-bgxknceshxxifwytalex-auth-token:0 (2.93.3) 2026-02-02T15:20:26.689Z #_useSession begin
GoTrueClient@sb-bgxknceshxxifwytalex-auth-token:0 (2.93.3) 2026-02-02T15:20:26.689Z #__loadSession() begin

[90mstdout[2m | tests/property/scoped-roles-processing-efficiency.test.ts[2m > [22m[2mProperty 10: Scoped Roles Processing Efficiency[2m > [22m[2mProperty 10.11: Role queries should use appropriate optimized indexes
[22m[39mGoTrueClient@sb-bgxknceshxxifwytalex-auth-token:0 (2.93.3) 2026-02-02T15:20:26.689Z #getSession() session from storage [1mnull[22m
GoTrueClient@sb-bgxknceshxxifwytalex-auth-token:0 (2.93.3) 2026-02-02T15:20:26.689Z #__loadSession() end

[90mstdout[2m | tests/property/scoped-roles-processing-efficiency.test.ts[2m > [22m[2mProperty 10: Scoped Roles Processing Efficiency[2m > [22m[2mProperty 10.11: Role queries should use appropriate optimized indexes
[22m[39mGoTrueClient@sb-bgxknceshxxifwytalex-auth-token:0 (2.93.3) 2026-02-02T15:20:26.689Z #_useSession end

[90mstdout[2m | tests/property/scoped-roles-processing-efficiency.test.ts[2m > [22m[2mProperty 10: Scoped Roles Processing Efficiency[2m > [22m[2mProperty 10.11: Role queries should use appropriate optimized indexes
[22m[39mGoTrueClient@sb-bgxknceshxxifwytalex-auth-token:0 (2.93.3) 2026-02-02T15:20:26.689Z #_acquireLock lock released for storage key sb-bgxknceshxxifwytalex-auth-token

[90mstdout[2m | tests/property/scoped-roles-processing-efficiency.test.ts[2m > [22m[2mProperty 10: Scoped Roles Processing Efficiency[2m > [22m[2mProperty 10.11: Role queries should use appropriate optimized indexes
[22m[39mGoTrueClient@sb-bgxknceshxxifwytalex-auth-token:0 (2.93.3) 2026-02-02T15:20:26.689Z #_acquireLock end

stderr | tests/property/scoped-roles-processing-efficiency.test.ts > Property 10: Scoped Roles Processing Efficiency > Property 10.11: Role queries should use appropriate optimized indexes
Error fetching project roles: {
  code: 'PGRST200',
  details: "Searched for a foreign key relationship between 'project_roles' and 'user_profiles' in the schema 'public', but no matches were found.",
  hint: null,
  message: "Could not find a relationship between 'project_roles' and 'user_profiles' in the schema cache"
}

[90mstdout[2m | tests/property/scoped-roles-processing-efficiency.test.ts[2m > [22m[2mProperty 10: Scoped Roles Processing Efficiency[2m > [22m[2mProperty 10.11: Role queries should use appropriate optimized indexes
[22m[39mGoTrueClient@sb-bgxknceshxxifwytalex-auth-token:0 (2.93.3) 2026-02-02T15:20:26.705Z #_acquireLock begin [33m10000[39m
GoTrueClient@sb-bgxknceshxxifwytalex-auth-token:0 (2.93.3) 2026-02-02T15:20:26.705Z #_acquireLock lock acquired for storage key sb-bgxknceshxxifwytalex-auth-token
GoTrueClient@sb-bgxknceshxxifwytalex-auth-token:0 (2.93.3) 2026-02-02T15:20:26.705Z #_useSession begin
GoTrueClient@sb-bgxknceshxxifwytalex-auth-token:0 (2.93.3) 2026-02-02T15:20:26.705Z #__loadSession() begin

[90mstdout[2m | tests/property/scoped-roles-processing-efficiency.test.ts[2m > [22m[2mProperty 10: Scoped Roles Processing Efficiency[2m > [22m[2mProperty 10.11: Role queries should use appropriate optimized indexes
[22m[39mGoTrueClient@sb-bgxknceshxxifwytalex-auth-token:0 (2.93.3) 2026-02-02T15:20:26.705Z #getSession() session from storage [1mnull[22m
GoTrueClient@sb-bgxknceshxxifwytalex-auth-token:0 (2.93.3) 2026-02-02T15:20:26.705Z #__loadSession() end

[90mstdout[2m | tests/property/scoped-roles-processing-efficiency.test.ts[2m > [22m[2mProperty 10: Scoped Roles Processing Efficiency[2m > [22m[2mProperty 10.11: Role queries should use appropriate optimized indexes
[22m[39mGoTrueClient@sb-bgxknceshxxifwytalex-auth-token:0 (2.93.3) 2026-02-02T15:20:26.705Z #_useSession end

[90mstdout[2m | tests/property/scoped-roles-processing-efficiency.test.ts[2m > [22m[2mProperty 10: Scoped Roles Processing Efficiency[2m > [22m[2mProperty 10.11: Role queries should use appropriate optimized indexes
[22m[39mGoTrueClient@sb-bgxknceshxxifwytalex-auth-token:0 (2.93.3) 2026-02-02T15:20:26.706Z #_acquireLock lock released for storage key sb-bgxknceshxxifwytalex-auth-token

[90mstdout[2m | tests/property/scoped-roles-processing-efficiency.test.ts[2m > [22m[2mProperty 10: Scoped Roles Processing Efficiency[2m > [22m[2mProperty 10.11: Role queries should use appropriate optimized indexes
[22m[39mGoTrueClient@sb-bgxknceshxxifwytalex-auth-token:0 (2.93.3) 2026-02-02T15:20:26.706Z #_acquireLock end

stderr | tests/property/scoped-roles-processing-efficiency.test.ts > Property 10: Scoped Roles Processing Efficiency > Property 10.11: Role queries should use appropriate optimized indexes
Error fetching org roles: {
  code: 'PGRST200',
  details: "Searched for a foreign key relationship between 'org_roles' and 'user_profiles' in the schema 'public', but no matches were found.",
  hint: null,
  message: "Could not find a relationship between 'org_roles' and 'user_profiles' in the schema cache"
}

[90mstdout[2m | tests/property/scoped-roles-processing-efficiency.test.ts[2m > [22m[2mProperty 10: Scoped Roles Processing Efficiency[2m > [22m[2mProperty 10.11: Role queries should use appropriate optimized indexes
[22m[39mGoTrueClient@sb-bgxknceshxxifwytalex-auth-token:0 (2.93.3) 2026-02-02T15:20:26.707Z #_acquireLock begin [33m10000[39m
GoTrueClient@sb-bgxknceshxxifwytalex-auth-token:0 (2.93.3) 2026-02-02T15:20:26.707Z #_acquireLock lock acquired for storage key sb-bgxknceshxxifwytalex-auth-token
GoTrueClient@sb-bgxknceshxxifwytalex-auth-token:0 (2.93.3) 2026-02-02T15:20:26.707Z #_useSession begin
GoTrueClient@sb-bgxknceshxxifwytalex-auth-token:0 (2.93.3) 2026-02-02T15:20:26.707Z #__loadSession() begin

[90mstdout[2m | tests/property/scoped-roles-processing-efficiency.test.ts[2m > [22m[2mProperty 10: Scoped Roles Processing Efficiency[2m > [22m[2mProperty 10.11: Role queries should use appropriate optimized indexes
[22m[39mGoTrueClient@sb-bgxknceshxxifwytalex-auth-token:0 (2.93.3) 2026-02-02T15:20:26.708Z #getSession() session from storage [1mnull[22m
GoTrueClient@sb-bgxknceshxxifwytalex-auth-token:0 (2.93.3) 2026-02-02T15:20:26.708Z #__loadSession() end

[90mstdout[2m | tests/property/scoped-roles-processing-efficiency.test.ts[2m > [22m[2mProperty 10: Scoped Roles Processing Efficiency[2m > [22m[2mProperty 10.11: Role queries should use appropriate optimized indexes
[22m[39mGoTrueClient@sb-bgxknceshxxifwytalex-auth-token:0 (2.93.3) 2026-02-02T15:20:26.708Z #_useSession end

[90mstdout[2m | tests/property/scoped-roles-processing-efficiency.test.ts[2m > [22m[2mProperty 10: Scoped Roles Processing Efficiency[2m > [22m[2mProperty 10.11: Role queries should use appropriate optimized indexes
[22m[39mGoTrueClient@sb-bgxknceshxxifwytalex-auth-token:0 (2.93.3) 2026-02-02T15:20:26.708Z #_acquireLock lock released for storage key sb-bgxknceshxxifwytalex-auth-token

[90mstdout[2m | tests/property/scoped-roles-processing-efficiency.test.ts[2m > [22m[2mProperty 10: Scoped Roles Processing Efficiency[2m > [22m[2mProperty 10.11: Role queries should use appropriate optimized indexes
[22m[39mGoTrueClient@sb-bgxknceshxxifwytalex-auth-token:0 (2.93.3) 2026-02-02T15:20:26.708Z #_acquireLock end

stderr | tests/property/scoped-roles-processing-efficiency.test.ts > Property 10: Scoped Roles Processing Efficiency > Property 10.11: Role queries should use appropriate optimized indexes
Error fetching org roles: {
  code: 'PGRST200',
  details: "Searched for a foreign key relationship between 'org_roles' and 'user_profiles' in the schema 'public', but no matches were found.",
  hint: null,
  message: "Could not find a relationship between 'org_roles' and 'user_profiles' in the schema cache"
}

[90mstdout[2m | tests/property/scoped-roles-processing-efficiency.test.ts[2m > [22m[2mProperty 10: Scoped Roles Processing Efficiency[2m > [22m[2mProperty 10.11: Role queries should use appropriate optimized indexes
[22m[39mGoTrueClient@sb-bgxknceshxxifwytalex-auth-token:0 (2.93.3) 2026-02-02T15:20:26.734Z #_acquireLock begin [33m10000[39m
GoTrueClient@sb-bgxknceshxxifwytalex-auth-token:0 (2.93.3) 2026-02-02T15:20:26.735Z #_acquireLock lock acquired for storage key sb-bgxknceshxxifwytalex-auth-token
GoTrueClient@sb-bgxknceshxxifwytalex-auth-token:0 (2.93.3) 2026-02-02T15:20:26.735Z #_useSession begin
GoTrueClient@sb-bgxknceshxxifwytalex-auth-token:0 (2.93.3) 2026-02-02T15:20:26.735Z #__loadSession() begin

[90mstdout[2m | tests/property/scoped-roles-processing-efficiency.test.ts[2m > [22m[2mProperty 10: Scoped Roles Processing Efficiency[2m > [22m[2mProperty 10.11: Role queries should use appropriate optimized indexes
[22m[39mGoTrueClient@sb-bgxknceshxxifwytalex-auth-token:0 (2.93.3) 2026-02-02T15:20:26.735Z #getSession() session from storage [1mnull[22m
GoTrueClient@sb-bgxknceshxxifwytalex-auth-token:0 (2.93.3) 2026-02-02T15:20:26.735Z #__loadSession() end

[90mstdout[2m | tests/property/scoped-roles-processing-efficiency.test.ts[2m > [22m[2mProperty 10: Scoped Roles Processing Efficiency[2m > [22m[2mProperty 10.11: Role queries should use appropriate optimized indexes
[22m[39mGoTrueClient@sb-bgxknceshxxifwytalex-auth-token:0 (2.93.3) 2026-02-02T15:20:26.735Z #_useSession end

[90mstdout[2m | tests/property/scoped-roles-processing-efficiency.test.ts[2m > [22m[2mProperty 10: Scoped Roles Processing Efficiency[2m > [22m[2mProperty 10.11: Role queries should use appropriate optimized indexes
[22m[39mGoTrueClient@sb-bgxknceshxxifwytalex-auth-token:0 (2.93.3) 2026-02-02T15:20:26.735Z #_acquireLock lock released for storage key sb-bgxknceshxxifwytalex-auth-token

[90mstdout[2m | tests/property/scoped-roles-processing-efficiency.test.ts[2m > [22m[2mProperty 10: Scoped Roles Processing Efficiency[2m > [22m[2mProperty 10.11: Role queries should use appropriate optimized indexes
[22m[39mGoTrueClient@sb-bgxknceshxxifwytalex-auth-token:0 (2.93.3) 2026-02-02T15:20:26.735Z #_acquireLock end

stderr | tests/property/scoped-roles-processing-efficiency.test.ts > Property 10: Scoped Roles Processing Efficiency > Property 10.11: Role queries should use appropriate optimized indexes
Error fetching project roles: {
  code: 'PGRST200',
  details: "Searched for a foreign key relationship between 'project_roles' and 'user_profiles' in the schema 'public', but no matches were found.",
  hint: null,
  message: "Could not find a relationship between 'project_roles' and 'user_profiles' in the schema cache"
}

[90mstdout[2m | tests/property/scoped-roles-processing-efficiency.test.ts[2m > [22m[2mProperty 10: Scoped Roles Processing Efficiency[2m > [22m[2mProperty 10.11: Role queries should use appropriate optimized indexes
[22m[39mGoTrueClient@sb-bgxknceshxxifwytalex-auth-token:0 (2.93.3) 2026-02-02T15:20:26.885Z #_acquireLock begin [33m10000[39m
GoTrueClient@sb-bgxknceshxxifwytalex-auth-token:0 (2.93.3) 2026-02-02T15:20:26.885Z #_acquireLock lock acquired for storage key sb-bgxknceshxxifwytalex-auth-token
GoTrueClient@sb-bgxknceshxxifwytalex-auth-token:0 (2.93.3) 2026-02-02T15:20:26.885Z #_useSession begin
GoTrueClient@sb-bgxknceshxxifwytalex-auth-token:0 (2.93.3) 2026-02-02T15:20:26.885Z #__loadSession() begin

[90mstdout[2m | tests/property/scoped-roles-processing-efficiency.test.ts[2m > [22m[2mProperty 10: Scoped Roles Processing Efficiency[2m > [22m[2mProperty 10.11: Role queries should use appropriate optimized indexes
[22m[39mGoTrueClient@sb-bgxknceshxxifwytalex-auth-token:0 (2.93.3) 2026-02-02T15:20:26.885Z #getSession() session from storage [1mnull[22m
GoTrueClient@sb-bgxknceshxxifwytalex-auth-token:0 (2.93.3) 2026-02-02T15:20:26.885Z #__loadSession() end

[90mstdout[2m | tests/property/scoped-roles-processing-efficiency.test.ts[2m > [22m[2mProperty 10: Scoped Roles Processing Efficiency[2m > [22m[2mProperty 10.11: Role queries should use appropriate optimized indexes
[22m[39mGoTrueClient@sb-bgxknceshxxifwytalex-auth-token:0 (2.93.3) 2026-02-02T15:20:26.885Z #_useSession end

[90mstdout[2m | tests/property/scoped-roles-processing-efficiency.test.ts[2m > [22m[2mProperty 10: Scoped Roles Processing Efficiency[2m > [22m[2mProperty 10.11: Role queries should use appropriate optimized indexes
[22m[39mGoTrueClient@sb-bgxknceshxxifwytalex-auth-token:0 (2.93.3) 2026-02-02T15:20:26.885Z #_acquireLock lock released for storage key sb-bgxknceshxxifwytalex-auth-token

[90mstdout[2m | tests/property/scoped-roles-processing-efficiency.test.ts[2m > [22m[2mProperty 10: Scoped Roles Processing Efficiency[2m > [22m[2mProperty 10.11: Role queries should use appropriate optimized indexes
[22m[39mGoTrueClient@sb-bgxknceshxxifwytalex-auth-token:0 (2.93.3) 2026-02-02T15:20:26.886Z #_acquireLock end

stderr | tests/property/scoped-roles-processing-efficiency.test.ts > Property 10: Scoped Roles Processing Efficiency > Property 10.11: Role queries should use appropriate optimized indexes
Error fetching org roles: {
  code: 'PGRST200',
  details: "Searched for a foreign key relationship between 'org_roles' and 'user_profiles' in the schema 'public', but no matches were found.",
  hint: null,
  message: "Could not find a relationship between 'org_roles' and 'user_profiles' in the schema cache"
}

[90mstdout[2m | tests/property/scoped-roles-processing-efficiency.test.ts[2m > [22m[2mProperty 10: Scoped Roles Processing Efficiency[2m > [22m[2mProperty 10.11: Role queries should use appropriate optimized indexes
[22m[39mGoTrueClient@sb-bgxknceshxxifwytalex-auth-token:0 (2.93.3) 2026-02-02T15:20:26.898Z #_acquireLock begin [33m10000[39m
GoTrueClient@sb-bgxknceshxxifwytalex-auth-token:0 (2.93.3) 2026-02-02T15:20:26.899Z #_acquireLock lock acquired for storage key sb-bgxknceshxxifwytalex-auth-token
GoTrueClient@sb-bgxknceshxxifwytalex-auth-token:0 (2.93.3) 2026-02-02T15:20:26.899Z #_useSession begin
GoTrueClient@sb-bgxknceshxxifwytalex-auth-token:0 (2.93.3) 2026-02-02T15:20:26.899Z #__loadSession() begin

[90mstdout[2m | tests/property/scoped-roles-processing-efficiency.test.ts[2m > [22m[2mProperty 10: Scoped Roles Processing Efficiency[2m > [22m[2mProperty 10.11: Role queries should use appropriate optimized indexes
[22m[39mGoTrueClient@sb-bgxknceshxxifwytalex-auth-token:0 (2.93.3) 2026-02-02T15:20:26.899Z #getSession() session from storage [1mnull[22m
GoTrueClient@sb-bgxknceshxxifwytalex-auth-token:0 (2.93.3) 2026-02-02T15:20:26.899Z #__loadSession() end

[90mstdout[2m | tests/property/scoped-roles-processing-efficiency.test.ts[2m > [22m[2mProperty 10: Scoped Roles Processing Efficiency[2m > [22m[2mProperty 10.11: Role queries should use appropriate optimized indexes
[22m[39mGoTrueClient@sb-bgxknceshxxifwytalex-auth-token:0 (2.93.3) 2026-02-02T15:20:26.899Z #_useSession end

[90mstdout[2m | tests/property/scoped-roles-processing-efficiency.test.ts[2m > [22m[2mProperty 10: Scoped Roles Processing Efficiency[2m > [22m[2mProperty 10.11: Role queries should use appropriate optimized indexes
[22m[39mGoTrueClient@sb-bgxknceshxxifwytalex-auth-token:0 (2.93.3) 2026-02-02T15:20:26.899Z #_acquireLock lock released for storage key sb-bgxknceshxxifwytalex-auth-token

[90mstdout[2m | tests/property/scoped-roles-processing-efficiency.test.ts[2m > [22m[2mProperty 10: Scoped Roles Processing Efficiency[2m > [22m[2mProperty 10.11: Role queries should use appropriate optimized indexes
[22m[39mGoTrueClient@sb-bgxknceshxxifwytalex-auth-token:0 (2.93.3) 2026-02-02T15:20:26.899Z #_acquireLock end

stderr | tests/property/scoped-roles-processing-efficiency.test.ts > Property 10: Scoped Roles Processing Efficiency > Property 10.11: Role queries should use appropriate optimized indexes
Error fetching org roles: {
  code: 'PGRST200',
  details: "Searched for a foreign key relationship between 'org_roles' and 'user_profiles' in the schema 'public', but no matches were found.",
  hint: null,
  message: "Could not find a relationship between 'org_roles' and 'user_profiles' in the schema cache"
}

[90mstdout[2m | tests/property/scoped-roles-processing-efficiency.test.ts[2m > [22m[2mProperty 10: Scoped Roles Processing Efficiency[2m > [22m[2mProperty 10.11: Role queries should use appropriate optimized indexes
[22m[39mGoTrueClient@sb-bgxknceshxxifwytalex-auth-token:0 (2.93.3) 2026-02-02T15:20:26.903Z #_acquireLock begin [33m10000[39m
GoTrueClient@sb-bgxknceshxxifwytalex-auth-token:0 (2.93.3) 2026-02-02T15:20:26.904Z #_acquireLock lock acquired for storage key sb-bgxknceshxxifwytalex-auth-token
GoTrueClient@sb-bgxknceshxxifwytalex-auth-token:0 (2.93.3) 2026-02-02T15:20:26.904Z #_useSession begin
GoTrueClient@sb-bgxknceshxxifwytalex-auth-token:0 (2.93.3) 2026-02-02T15:20:26.904Z #__loadSession() begin

[90mstdout[2m | tests/property/scoped-roles-processing-efficiency.test.ts[2m > [22m[2mProperty 10: Scoped Roles Processing Efficiency[2m > [22m[2mProperty 10.11: Role queries should use appropriate optimized indexes
[22m[39mGoTrueClient@sb-bgxknceshxxifwytalex-auth-token:0 (2.93.3) 2026-02-02T15:20:26.904Z #getSession() session from storage [1mnull[22m
GoTrueClient@sb-bgxknceshxxifwytalex-auth-token:0 (2.93.3) 2026-02-02T15:20:26.904Z #__loadSession() end

[90mstdout[2m | tests/property/scoped-roles-processing-efficiency.test.ts[2m > [22m[2mProperty 10: Scoped Roles Processing Efficiency[2m > [22m[2mProperty 10.11: Role queries should use appropriate optimized indexes
[22m[39mGoTrueClient@sb-bgxknceshxxifwytalex-auth-token:0 (2.93.3) 2026-02-02T15:20:26.904Z #_useSession end

[90mstdout[2m | tests/property/scoped-roles-processing-efficiency.test.ts[2m > [22m[2mProperty 10: Scoped Roles Processing Efficiency[2m > [22m[2mProperty 10.11: Role queries should use appropriate optimized indexes
[22m[39mGoTrueClient@sb-bgxknceshxxifwytalex-auth-token:0 (2.93.3) 2026-02-02T15:20:26.904Z #_acquireLock lock released for storage key sb-bgxknceshxxifwytalex-auth-token

[90mstdout[2m | tests/property/scoped-roles-processing-efficiency.test.ts[2m > [22m[2mProperty 10: Scoped Roles Processing Efficiency[2m > [22m[2mProperty 10.11: Role queries should use appropriate optimized indexes
[22m[39mGoTrueClient@sb-bgxknceshxxifwytalex-auth-token:0 (2.93.3) 2026-02-02T15:20:26.904Z #_acquireLock end

[90mstdout[2m | tests/property/scoped-roles-processing-efficiency.test.ts[2m > [22m[2mProperty 10: Scoped Roles Processing Efficiency[2m > [22m[2mProperty 10.11: Role queries should use appropriate optimized indexes
[22m[39mGoTrueClient@sb-bgxknceshxxifwytalex-auth-token:0 (2.93.3) 2026-02-02T15:20:26.927Z #_acquireLock begin [33m10000[39m
GoTrueClient@sb-bgxknceshxxifwytalex-auth-token:0 (2.93.3) 2026-02-02T15:20:26.927Z #_acquireLock lock acquired for storage key sb-bgxknceshxxifwytalex-auth-token
GoTrueClient@sb-bgxknceshxxifwytalex-auth-token:0 (2.93.3) 2026-02-02T15:20:26.927Z #_useSession begin
GoTrueClient@sb-bgxknceshxxifwytalex-auth-token:0 (2.93.3) 2026-02-02T15:20:26.927Z #__loadSession() begin

[90mstdout[2m | tests/property/scoped-roles-processing-efficiency.test.ts[2m > [22m[2mProperty 10: Scoped Roles Processing Efficiency[2m > [22m[2mProperty 10.11: Role queries should use appropriate optimized indexes
[22m[39mGoTrueClient@sb-bgxknceshxxifwytalex-auth-token:0 (2.93.3) 2026-02-02T15:20:26.928Z #getSession() session from storage [1mnull[22m
GoTrueClient@sb-bgxknceshxxifwytalex-auth-token:0 (2.93.3) 2026-02-02T15:20:26.928Z #__loadSession() end

[90mstdout[2m | tests/property/scoped-roles-processing-efficiency.test.ts[2m > [22m[2mProperty 10: Scoped Roles Processing Efficiency[2m > [22m[2mProperty 10.11: Role queries should use appropriate optimized indexes
[22m[39mGoTrueClient@sb-bgxknceshxxifwytalex-auth-token:0 (2.93.3) 2026-02-02T15:20:26.928Z #_useSession end

[90mstdout[2m | tests/property/scoped-roles-processing-efficiency.test.ts[2m > [22m[2mProperty 10: Scoped Roles Processing Efficiency[2m > [22m[2mProperty 10.11: Role queries should use appropriate optimized indexes
[22m[39mGoTrueClient@sb-bgxknceshxxifwytalex-auth-token:0 (2.93.3) 2026-02-02T15:20:26.928Z #_acquireLock lock released for storage key sb-bgxknceshxxifwytalex-auth-token

[90mstdout[2m | tests/property/scoped-roles-processing-efficiency.test.ts[2m > [22m[2mProperty 10: Scoped Roles Processing Efficiency[2m > [22m[2mProperty 10.11: Role queries should use appropriate optimized indexes
[22m[39mGoTrueClient@sb-bgxknceshxxifwytalex-auth-token:0 (2.93.3) 2026-02-02T15:20:26.928Z #_acquireLock end

stderr | tests/property/scoped-roles-processing-efficiency.test.ts > Property 10: Scoped Roles Processing Efficiency > Property 10.11: Role queries should use appropriate optimized indexes
Error fetching project roles: {
  code: 'PGRST200',
  details: "Searched for a foreign key relationship between 'project_roles' and 'user_profiles' in the schema 'public', but no matches were found.",
  hint: null,
  message: "Could not find a relationship between 'project_roles' and 'user_profiles' in the schema cache"
}

[90mstdout[2m | tests/property/scoped-roles-processing-efficiency.test.ts[2m > [22m[2mProperty 10: Scoped Roles Processing Efficiency[2m > [22m[2mProperty 10.11: Role queries should use appropriate optimized indexes
[22m[39mGoTrueClient@sb-bgxknceshxxifwytalex-auth-token:0 (2.93.3) 2026-02-02T15:20:26.955Z #_acquireLock begin [33m10000[39m
GoTrueClient@sb-bgxknceshxxifwytalex-auth-token:0 (2.93.3) 2026-02-02T15:20:26.955Z #_acquireLock lock acquired for storage key sb-bgxknceshxxifwytalex-auth-token
GoTrueClient@sb-bgxknceshxxifwytalex-auth-token:0 (2.93.3) 2026-02-02T15:20:26.955Z #_useSession begin
GoTrueClient@sb-bgxknceshxxifwytalex-auth-token:0 (2.93.3) 2026-02-02T15:20:26.955Z #__loadSession() begin

[90mstdout[2m | tests/property/scoped-roles-processing-efficiency.test.ts[2m > [22m[2mProperty 10: Scoped Roles Processing Efficiency[2m > [22m[2mProperty 10.11: Role queries should use appropriate optimized indexes
[22m[39mGoTrueClient@sb-bgxknceshxxifwytalex-auth-token:0 (2.93.3) 2026-02-02T15:20:26.956Z #getSession() session from storage [1mnull[22m
GoTrueClient@sb-bgxknceshxxifwytalex-auth-token:0 (2.93.3) 2026-02-02T15:20:26.956Z #__loadSession() end

[90mstdout[2m | tests/property/scoped-roles-processing-efficiency.test.ts[2m > [22m[2mProperty 10: Scoped Roles Processing Efficiency[2m > [22m[2mProperty 10.11: Role queries should use appropriate optimized indexes
[22m[39mGoTrueClient@sb-bgxknceshxxifwytalex-auth-token:0 (2.93.3) 2026-02-02T15:20:26.956Z #_useSession end

[90mstdout[2m | tests/property/scoped-roles-processing-efficiency.test.ts[2m > [22m[2mProperty 10: Scoped Roles Processing Efficiency[2m > [22m[2mProperty 10.11: Role queries should use appropriate optimized indexes
[22m[39mGoTrueClient@sb-bgxknceshxxifwytalex-auth-token:0 (2.93.3) 2026-02-02T15:20:26.956Z #_acquireLock lock released for storage key sb-bgxknceshxxifwytalex-auth-token

[90mstdout[2m | tests/property/scoped-roles-processing-efficiency.test.ts[2m > [22m[2mProperty 10: Scoped Roles Processing Efficiency[2m > [22m[2mProperty 10.11: Role queries should use appropriate optimized indexes
[22m[39mGoTrueClient@sb-bgxknceshxxifwytalex-auth-token:0 (2.93.3) 2026-02-02T15:20:26.956Z #_acquireLock end

[90mstdout[2m | tests/property/scoped-roles-processing-efficiency.test.ts[2m > [22m[2mProperty 10: Scoped Roles Processing Efficiency[2m > [22m[2mProperty 10.11: Role queries should use appropriate optimized indexes
[22m[39mGoTrueClient@sb-bgxknceshxxifwytalex-auth-token:0 (2.93.3) 2026-02-02T15:20:26.964Z #_acquireLock begin [33m10000[39m
GoTrueClient@sb-bgxknceshxxifwytalex-auth-token:0 (2.93.3) 2026-02-02T15:20:26.964Z #_acquireLock lock acquired for storage key sb-bgxknceshxxifwytalex-auth-token
GoTrueClient@sb-bgxknceshxxifwytalex-auth-token:0 (2.93.3) 2026-02-02T15:20:26.964Z #_useSession begin
GoTrueClient@sb-bgxknceshxxifwytalex-auth-token:0 (2.93.3) 2026-02-02T15:20:26.964Z #__loadSession() begin

[90mstdout[2m | tests/property/scoped-roles-processing-efficiency.test.ts[2m > [22m[2mProperty 10: Scoped Roles Processing Efficiency[2m > [22m[2mProperty 10.11: Role queries should use appropriate optimized indexes
[22m[39mGoTrueClient@sb-bgxknceshxxifwytalex-auth-token:0 (2.93.3) 2026-02-02T15:20:26.964Z #getSession() session from storage [1mnull[22m
GoTrueClient@sb-bgxknceshxxifwytalex-auth-token:0 (2.93.3) 2026-02-02T15:20:26.965Z #__loadSession() end

[90mstdout[2m | tests/property/scoped-roles-processing-efficiency.test.ts[2m > [22m[2mProperty 10: Scoped Roles Processing Efficiency[2m > [22m[2mProperty 10.11: Role queries should use appropriate optimized indexes
[22m[39mGoTrueClient@sb-bgxknceshxxifwytalex-auth-token:0 (2.93.3) 2026-02-02T15:20:26.965Z #_useSession end

[90mstdout[2m | tests/property/scoped-roles-processing-efficiency.test.ts[2m > [22m[2mProperty 10: Scoped Roles Processing Efficiency[2m > [22m[2mProperty 10.11: Role queries should use appropriate optimized indexes
[22m[39mGoTrueClient@sb-bgxknceshxxifwytalex-auth-token:0 (2.93.3) 2026-02-02T15:20:26.965Z #_acquireLock lock released for storage key sb-bgxknceshxxifwytalex-auth-token

[90mstdout[2m | tests/property/scoped-roles-processing-efficiency.test.ts[2m > [22m[2mProperty 10: Scoped Roles Processing Efficiency[2m > [22m[2mProperty 10.11: Role queries should use appropriate optimized indexes
[22m[39mGoTrueClient@sb-bgxknceshxxifwytalex-auth-token:0 (2.93.3) 2026-02-02T15:20:26.965Z #_acquireLock end

stderr | tests/property/scoped-roles-processing-efficiency.test.ts > Property 10: Scoped Roles Processing Efficiency > Property 10.11: Role queries should use appropriate optimized indexes
Error fetching org roles: {
  code: 'PGRST200',
  details: "Searched for a foreign key relationship between 'org_roles' and 'user_profiles' in the schema 'public', but no matches were found.",
  hint: null,
  message: "Could not find a relationship between 'org_roles' and 'user_profiles' in the schema cache"
}

[90mstdout[2m | tests/property/scoped-roles-processing-efficiency.test.ts[2m > [22m[2mProperty 10: Scoped Roles Processing Efficiency[2m > [22m[2mProperty 10.11: Role queries should use appropriate optimized indexes
[22m[39mGoTrueClient@sb-bgxknceshxxifwytalex-auth-token:0 (2.93.3) 2026-02-02T15:20:27.103Z #_acquireLock begin [33m10000[39m
GoTrueClient@sb-bgxknceshxxifwytalex-auth-token:0 (2.93.3) 2026-02-02T15:20:27.103Z #_acquireLock lock acquired for storage key sb-bgxknceshxxifwytalex-auth-token
GoTrueClient@sb-bgxknceshxxifwytalex-auth-token:0 (2.93.3) 2026-02-02T15:20:27.103Z #_useSession begin
GoTrueClient@sb-bgxknceshxxifwytalex-auth-token:0 (2.93.3) 2026-02-02T15:20:27.103Z #__loadSession() begin

[90mstdout[2m | tests/property/scoped-roles-processing-efficiency.test.ts[2m > [22m[2mProperty 10: Scoped Roles Processing Efficiency[2m > [22m[2mProperty 10.11: Role queries should use appropriate optimized indexes
[22m[39mGoTrueClient@sb-bgxknceshxxifwytalex-auth-token:0 (2.93.3) 2026-02-02T15:20:27.103Z #getSession() session from storage [1mnull[22m
GoTrueClient@sb-bgxknceshxxifwytalex-auth-token:0 (2.93.3) 2026-02-02T15:20:27.103Z #__loadSession() end

[90mstdout[2m | tests/property/scoped-roles-processing-efficiency.test.ts[2m > [22m[2mProperty 10: Scoped Roles Processing Efficiency[2m > [22m[2mProperty 10.11: Role queries should use appropriate optimized indexes
[22m[39mGoTrueClient@sb-bgxknceshxxifwytalex-auth-token:0 (2.93.3) 2026-02-02T15:20:27.103Z #_useSession end

[90mstdout[2m | tests/property/scoped-roles-processing-efficiency.test.ts[2m > [22m[2mProperty 10: Scoped Roles Processing Efficiency[2m > [22m[2mProperty 10.11: Role queries should use appropriate optimized indexes
[22m[39mGoTrueClient@sb-bgxknceshxxifwytalex-auth-token:0 (2.93.3) 2026-02-02T15:20:27.103Z #_acquireLock lock released for storage key sb-bgxknceshxxifwytalex-auth-token

[90mstdout[2m | tests/property/scoped-roles-processing-efficiency.test.ts[2m > [22m[2mProperty 10: Scoped Roles Processing Efficiency[2m > [22m[2mProperty 10.11: Role queries should use appropriate optimized indexes
[22m[39mGoTrueClient@sb-bgxknceshxxifwytalex-auth-token:0 (2.93.3) 2026-02-02T15:20:27.104Z #_acquireLock end

stderr | tests/property/scoped-roles-processing-efficiency.test.ts > Property 10: Scoped Roles Processing Efficiency > Property 10.11: Role queries should use appropriate optimized indexes
Error fetching org roles: {
  code: 'PGRST200',
  details: "Searched for a foreign key relationship between 'org_roles' and 'user_profiles' in the schema 'public', but no matches were found.",
  hint: null,
  message: "Could not find a relationship between 'org_roles' and 'user_profiles' in the schema cache"
}

[90mstdout[2m | tests/property/scoped-roles-processing-efficiency.test.ts[2m > [22m[2mProperty 10: Scoped Roles Processing Efficiency[2m > [22m[2mProperty 10.11: Role queries should use appropriate optimized indexes
[22m[39mGoTrueClient@sb-bgxknceshxxifwytalex-auth-token:0 (2.93.3) 2026-02-02T15:20:27.112Z #_acquireLock begin [33m10000[39m
GoTrueClient@sb-bgxknceshxxifwytalex-auth-token:0 (2.93.3) 2026-02-02T15:20:27.112Z #_acquireLock lock acquired for storage key sb-bgxknceshxxifwytalex-auth-token
GoTrueClient@sb-bgxknceshxxifwytalex-auth-token:0 (2.93.3) 2026-02-02T15:20:27.112Z #_useSession begin
GoTrueClient@sb-bgxknceshxxifwytalex-auth-token:0 (2.93.3) 2026-02-02T15:20:27.112Z #__loadSession() begin

[90mstdout[2m | tests/property/scoped-roles-processing-efficiency.test.ts[2m > [22m[2mProperty 10: Scoped Roles Processing Efficiency[2m > [22m[2mProperty 10.11: Role queries should use appropriate optimized indexes
[22m[39mGoTrueClient@sb-bgxknceshxxifwytalex-auth-token:0 (2.93.3) 2026-02-02T15:20:27.112Z #getSession() session from storage [1mnull[22m
GoTrueClient@sb-bgxknceshxxifwytalex-auth-token:0 (2.93.3) 2026-02-02T15:20:27.112Z #__loadSession() end

[90mstdout[2m | tests/property/scoped-roles-processing-efficiency.test.ts[2m > [22m[2mProperty 10: Scoped Roles Processing Efficiency[2m > [22m[2mProperty 10.11: Role queries should use appropriate optimized indexes
[22m[39mGoTrueClient@sb-bgxknceshxxifwytalex-auth-token:0 (2.93.3) 2026-02-02T15:20:27.113Z #_useSession end

[90mstdout[2m | tests/property/scoped-roles-processing-efficiency.test.ts[2m > [22m[2mProperty 10: Scoped Roles Processing Efficiency[2m > [22m[2mProperty 10.11: Role queries should use appropriate optimized indexes
[22m[39mGoTrueClient@sb-bgxknceshxxifwytalex-auth-token:0 (2.93.3) 2026-02-02T15:20:27.113Z #_acquireLock lock released for storage key sb-bgxknceshxxifwytalex-auth-token

[90mstdout[2m | tests/property/scoped-roles-processing-efficiency.test.ts[2m > [22m[2mProperty 10: Scoped Roles Processing Efficiency[2m > [22m[2mProperty 10.11: Role queries should use appropriate optimized indexes
[22m[39mGoTrueClient@sb-bgxknceshxxifwytalex-auth-token:0 (2.93.3) 2026-02-02T15:20:27.113Z #_acquireLock end

stderr | tests/property/scoped-roles-processing-efficiency.test.ts > Property 10: Scoped Roles Processing Efficiency > Property 10.11: Role queries should use appropriate optimized indexes
Error fetching project roles: {
  code: 'PGRST200',
  details: "Searched for a foreign key relationship between 'project_roles' and 'user_profiles' in the schema 'public', but no matches were found.",
  hint: null,
  message: "Could not find a relationship between 'project_roles' and 'user_profiles' in the schema cache"
}

[90mstdout[2m | tests/property/scoped-roles-processing-efficiency.test.ts[2m > [22m[2mProperty 10: Scoped Roles Processing Efficiency[2m > [22m[2mProperty 10.11: Role queries should use appropriate optimized indexes
[22m[39mGoTrueClient@sb-bgxknceshxxifwytalex-auth-token:0 (2.93.3) 2026-02-02T15:20:27.117Z #_acquireLock begin [33m10000[39m
GoTrueClient@sb-bgxknceshxxifwytalex-auth-token:0 (2.93.3) 2026-02-02T15:20:27.117Z #_acquireLock lock acquired for storage key sb-bgxknceshxxifwytalex-auth-token
GoTrueClient@sb-bgxknceshxxifwytalex-auth-token:0 (2.93.3) 2026-02-02T15:20:27.117Z #_useSession begin
GoTrueClient@sb-bgxknceshxxifwytalex-auth-token:0 (2.93.3) 2026-02-02T15:20:27.117Z #__loadSession() begin

[90mstdout[2m | tests/property/scoped-roles-processing-efficiency.test.ts[2m > [22m[2mProperty 10: Scoped Roles Processing Efficiency[2m > [22m[2mProperty 10.11: Role queries should use appropriate optimized indexes
[22m[39mGoTrueClient@sb-bgxknceshxxifwytalex-auth-token:0 (2.93.3) 2026-02-02T15:20:27.117Z #getSession() session from storage [1mnull[22m
GoTrueClient@sb-bgxknceshxxifwytalex-auth-token:0 (2.93.3) 2026-02-02T15:20:27.117Z #__loadSession() end

[90mstdout[2m | tests/property/scoped-roles-processing-efficiency.test.ts[2m > [22m[2mProperty 10: Scoped Roles Processing Efficiency[2m > [22m[2mProperty 10.11: Role queries should use appropriate optimized indexes
[22m[39mGoTrueClient@sb-bgxknceshxxifwytalex-auth-token:0 (2.93.3) 2026-02-02T15:20:27.117Z #_useSession end

[90mstdout[2m | tests/property/scoped-roles-processing-efficiency.test.ts[2m > [22m[2mProperty 10: Scoped Roles Processing Efficiency[2m > [22m[2mProperty 10.11: Role queries should use appropriate optimized indexes
[22m[39mGoTrueClient@sb-bgxknceshxxifwytalex-auth-token:0 (2.93.3) 2026-02-02T15:20:27.117Z #_acquireLock lock released for storage key sb-bgxknceshxxifwytalex-auth-token

[90mstdout[2m | tests/property/scoped-roles-processing-efficiency.test.ts[2m > [22m[2mProperty 10: Scoped Roles Processing Efficiency[2m > [22m[2mProperty 10.11: Role queries should use appropriate optimized indexes
[22m[39mGoTrueClient@sb-bgxknceshxxifwytalex-auth-token:0 (2.93.3) 2026-02-02T15:20:27.117Z #_acquireLock end

[90mstdout[2m | tests/property/scoped-roles-processing-efficiency.test.ts[2m > [22m[2mProperty 10: Scoped Roles Processing Efficiency[2m > [22m[2mProperty 10.11: Role queries should use appropriate optimized indexes
[22m[39mGoTrueClient@sb-bgxknceshxxifwytalex-auth-token:0 (2.93.3) 2026-02-02T15:20:27.152Z #_acquireLock begin [33m10000[39m
GoTrueClient@sb-bgxknceshxxifwytalex-auth-token:0 (2.93.3) 2026-02-02T15:20:27.152Z #_acquireLock lock acquired for storage key sb-bgxknceshxxifwytalex-auth-token
GoTrueClient@sb-bgxknceshxxifwytalex-auth-token:0 (2.93.3) 2026-02-02T15:20:27.152Z #_useSession begin
GoTrueClient@sb-bgxknceshxxifwytalex-auth-token:0 (2.93.3) 2026-02-02T15:20:27.152Z #__loadSession() begin

[90mstdout[2m | tests/property/scoped-roles-processing-efficiency.test.ts[2m > [22m[2mProperty 10: Scoped Roles Processing Efficiency[2m > [22m[2mProperty 10.11: Role queries should use appropriate optimized indexes
[22m[39mGoTrueClient@sb-bgxknceshxxifwytalex-auth-token:0 (2.93.3) 2026-02-02T15:20:27.153Z #getSession() session from storage [1mnull[22m
GoTrueClient@sb-bgxknceshxxifwytalex-auth-token:0 (2.93.3) 2026-02-02T15:20:27.153Z #__loadSession() end

[90mstdout[2m | tests/property/scoped-roles-processing-efficiency.test.ts[2m > [22m[2mProperty 10: Scoped Roles Processing Efficiency[2m > [22m[2mProperty 10.11: Role queries should use appropriate optimized indexes
[22m[39mGoTrueClient@sb-bgxknceshxxifwytalex-auth-token:0 (2.93.3) 2026-02-02T15:20:27.153Z #_useSession end

[90mstdout[2m | tests/property/scoped-roles-processing-efficiency.test.ts[2m > [22m[2mProperty 10: Scoped Roles Processing Efficiency[2m > [22m[2mProperty 10.11: Role queries should use appropriate optimized indexes
[22m[39mGoTrueClient@sb-bgxknceshxxifwytalex-auth-token:0 (2.93.3) 2026-02-02T15:20:27.153Z #_acquireLock lock released for storage key sb-bgxknceshxxifwytalex-auth-token

[90mstdout[2m | tests/property/scoped-roles-processing-efficiency.test.ts[2m > [22m[2mProperty 10: Scoped Roles Processing Efficiency[2m > [22m[2mProperty 10.11: Role queries should use appropriate optimized indexes
[22m[39mGoTrueClient@sb-bgxknceshxxifwytalex-auth-token:0 (2.93.3) 2026-02-02T15:20:27.153Z #_acquireLock end

stderr | tests/property/scoped-roles-processing-efficiency.test.ts > Property 10: Scoped Roles Processing Efficiency > Property 10.11: Role queries should use appropriate optimized indexes
Error fetching org roles: {
  code: 'PGRST200',
  details: "Searched for a foreign key relationship between 'org_roles' and 'user_profiles' in the schema 'public', but no matches were found.",
  hint: null,
  message: "Could not find a relationship between 'org_roles' and 'user_profiles' in the schema cache"
}

[90mstdout[2m | tests/property/scoped-roles-processing-efficiency.test.ts[2m > [22m[2mProperty 10: Scoped Roles Processing Efficiency[2m > [22m[2mProperty 10.11: Role queries should use appropriate optimized indexes
[22m[39mGoTrueClient@sb-bgxknceshxxifwytalex-auth-token:0 (2.93.3) 2026-02-02T15:20:27.164Z #_acquireLock begin [33m10000[39m
GoTrueClient@sb-bgxknceshxxifwytalex-auth-token:0 (2.93.3) 2026-02-02T15:20:27.164Z #_acquireLock lock acquired for storage key sb-bgxknceshxxifwytalex-auth-token
GoTrueClient@sb-bgxknceshxxifwytalex-auth-token:0 (2.93.3) 2026-02-02T15:20:27.164Z #_useSession begin
GoTrueClient@sb-bgxknceshxxifwytalex-auth-token:0 (2.93.3) 2026-02-02T15:20:27.164Z #__loadSession() begin

[90mstdout[2m | tests/property/scoped-roles-processing-efficiency.test.ts[2m > [22m[2mProperty 10: Scoped Roles Processing Efficiency[2m > [22m[2mProperty 10.11: Role queries should use appropriate optimized indexes
[22m[39mGoTrueClient@sb-bgxknceshxxifwytalex-auth-token:0 (2.93.3) 2026-02-02T15:20:27.164Z #getSession() session from storage [1mnull[22m
GoTrueClient@sb-bgxknceshxxifwytalex-auth-token:0 (2.93.3) 2026-02-02T15:20:27.164Z #__loadSession() end

[90mstdout[2m | tests/property/scoped-roles-processing-efficiency.test.ts[2m > [22m[2mProperty 10: Scoped Roles Processing Efficiency[2m > [22m[2mProperty 10.11: Role queries should use appropriate optimized indexes
[22m[39mGoTrueClient@sb-bgxknceshxxifwytalex-auth-token:0 (2.93.3) 2026-02-02T15:20:27.164Z #_useSession end

[90mstdout[2m | tests/property/scoped-roles-processing-efficiency.test.ts[2m > [22m[2mProperty 10: Scoped Roles Processing Efficiency[2m > [22m[2mProperty 10.11: Role queries should use appropriate optimized indexes
[22m[39mGoTrueClient@sb-bgxknceshxxifwytalex-auth-token:0 (2.93.3) 2026-02-02T15:20:27.164Z #_acquireLock lock released for storage key sb-bgxknceshxxifwytalex-auth-token

[90mstdout[2m | tests/property/scoped-roles-processing-efficiency.test.ts[2m > [22m[2mProperty 10: Scoped Roles Processing Efficiency[2m > [22m[2mProperty 10.11: Role queries should use appropriate optimized indexes
[22m[39mGoTrueClient@sb-bgxknceshxxifwytalex-auth-token:0 (2.93.3) 2026-02-02T15:20:27.164Z #_acquireLock end

stderr | tests/property/scoped-roles-processing-efficiency.test.ts > Property 10: Scoped Roles Processing Efficiency > Property 10.11: Role queries should use appropriate optimized indexes
Error fetching project roles: {
  code: 'PGRST200',
  details: "Searched for a foreign key relationship between 'project_roles' and 'user_profiles' in the schema 'public', but no matches were found.",
  hint: null,
  message: "Could not find a relationship between 'project_roles' and 'user_profiles' in the schema cache"
}

[90mstdout[2m | tests/property/scoped-roles-processing-efficiency.test.ts[2m > [22m[2mProperty 10: Scoped Roles Processing Efficiency[2m > [22m[2mProperty 10.11: Role queries should use appropriate optimized indexes
[22m[39mGoTrueClient@sb-bgxknceshxxifwytalex-auth-token:0 (2.93.3) 2026-02-02T15:20:27.314Z #_acquireLock begin [33m10000[39m
GoTrueClient@sb-bgxknceshxxifwytalex-auth-token:0 (2.93.3) 2026-02-02T15:20:27.314Z #_acquireLock lock acquired for storage key sb-bgxknceshxxifwytalex-auth-token
GoTrueClient@sb-bgxknceshxxifwytalex-auth-token:0 (2.93.3) 2026-02-02T15:20:27.314Z #_useSession begin
GoTrueClient@sb-bgxknceshxxifwytalex-auth-token:0 (2.93.3) 2026-02-02T15:20:27.314Z #__loadSession() begin

[90mstdout[2m | tests/property/scoped-roles-processing-efficiency.test.ts[2m > [22m[2mProperty 10: Scoped Roles Processing Efficiency[2m > [22m[2mProperty 10.11: Role queries should use appropriate optimized indexes
[22m[39mGoTrueClient@sb-bgxknceshxxifwytalex-auth-token:0 (2.93.3) 2026-02-02T15:20:27.314Z #getSession() session from storage [1mnull[22m
GoTrueClient@sb-bgxknceshxxifwytalex-auth-token:0 (2.93.3) 2026-02-02T15:20:27.314Z #__loadSession() end

[90mstdout[2m | tests/property/scoped-roles-processing-efficiency.test.ts[2m > [22m[2mProperty 10: Scoped Roles Processing Efficiency[2m > [22m[2mProperty 10.11: Role queries should use appropriate optimized indexes
[22m[39mGoTrueClient@sb-bgxknceshxxifwytalex-auth-token:0 (2.93.3) 2026-02-02T15:20:27.314Z #_useSession end

[90mstdout[2m | tests/property/scoped-roles-processing-efficiency.test.ts[2m > [22m[2mProperty 10: Scoped Roles Processing Efficiency[2m > [22m[2mProperty 10.11: Role queries should use appropriate optimized indexes
[22m[39mGoTrueClient@sb-bgxknceshxxifwytalex-auth-token:0 (2.93.3) 2026-02-02T15:20:27.314Z #_acquireLock lock released for storage key sb-bgxknceshxxifwytalex-auth-token

[90mstdout[2m | tests/property/scoped-roles-processing-efficiency.test.ts[2m > [22m[2mProperty 10: Scoped Roles Processing Efficiency[2m > [22m[2mProperty 10.11: Role queries should use appropriate optimized indexes
[22m[39mGoTrueClient@sb-bgxknceshxxifwytalex-auth-token:0 (2.93.3) 2026-02-02T15:20:27.314Z #_acquireLock end

stderr | tests/property/scoped-roles-processing-efficiency.test.ts > Property 10: Scoped Roles Processing Efficiency > Property 10.11: Role queries should use appropriate optimized indexes
Error fetching org roles: {
  code: 'PGRST200',
  details: "Searched for a foreign key relationship between 'org_roles' and 'user_profiles' in the schema 'public', but no matches were found.",
  hint: null,
  message: "Could not find a relationship between 'org_roles' and 'user_profiles' in the schema cache"
}

[90mstdout[2m | tests/property/scoped-roles-processing-efficiency.test.ts[2m > [22m[2mProperty 10: Scoped Roles Processing Efficiency[2m > [22m[2mProperty 10.11: Role queries should use appropriate optimized indexes
[22m[39mGoTrueClient@sb-bgxknceshxxifwytalex-auth-token:0 (2.93.3) 2026-02-02T15:20:27.316Z #_acquireLock begin [33m10000[39m
GoTrueClient@sb-bgxknceshxxifwytalex-auth-token:0 (2.93.3) 2026-02-02T15:20:27.316Z #_acquireLock lock acquired for storage key sb-bgxknceshxxifwytalex-auth-token
GoTrueClient@sb-bgxknceshxxifwytalex-auth-token:0 (2.93.3) 2026-02-02T15:20:27.316Z #_useSession begin
GoTrueClient@sb-bgxknceshxxifwytalex-auth-token:0 (2.93.3) 2026-02-02T15:20:27.316Z #__loadSession() begin

[90mstdout[2m | tests/property/scoped-roles-processing-efficiency.test.ts[2m > [22m[2mProperty 10: Scoped Roles Processing Efficiency[2m > [22m[2mProperty 10.11: Role queries should use appropriate optimized indexes
[22m[39mGoTrueClient@sb-bgxknceshxxifwytalex-auth-token:0 (2.93.3) 2026-02-02T15:20:27.316Z #getSession() session from storage [1mnull[22m
GoTrueClient@sb-bgxknceshxxifwytalex-auth-token:0 (2.93.3) 2026-02-02T15:20:27.316Z #__loadSession() end

[90mstdout[2m | tests/property/scoped-roles-processing-efficiency.test.ts[2m > [22m[2mProperty 10: Scoped Roles Processing Efficiency[2m > [22m[2mProperty 10.11: Role queries should use appropriate optimized indexes
[22m[39mGoTrueClient@sb-bgxknceshxxifwytalex-auth-token:0 (2.93.3) 2026-02-02T15:20:27.317Z #_useSession end

[90mstdout[2m | tests/property/scoped-roles-processing-efficiency.test.ts[2m > [22m[2mProperty 10: Scoped Roles Processing Efficiency[2m > [22m[2mProperty 10.11: Role queries should use appropriate optimized indexes
[22m[39mGoTrueClient@sb-bgxknceshxxifwytalex-auth-token:0 (2.93.3) 2026-02-02T15:20:27.317Z #_acquireLock lock released for storage key sb-bgxknceshxxifwytalex-auth-token

[90mstdout[2m | tests/property/scoped-roles-processing-efficiency.test.ts[2m > [22m[2mProperty 10: Scoped Roles Processing Efficiency[2m > [22m[2mProperty 10.11: Role queries should use appropriate optimized indexes
[22m[39mGoTrueClient@sb-bgxknceshxxifwytalex-auth-token:0 (2.93.3) 2026-02-02T15:20:27.317Z #_acquireLock end

stderr | tests/property/scoped-roles-processing-efficiency.test.ts > Property 10: Scoped Roles Processing Efficiency > Property 10.11: Role queries should use appropriate optimized indexes
Error fetching org roles: {
  code: 'PGRST200',
  details: "Searched for a foreign key relationship between 'org_roles' and 'user_profiles' in the schema 'public', but no matches were found.",
  hint: null,
  message: "Could not find a relationship between 'org_roles' and 'user_profiles' in the schema cache"
}

[90mstdout[2m | tests/property/scoped-roles-processing-efficiency.test.ts[2m > [22m[2mProperty 10: Scoped Roles Processing Efficiency[2m > [22m[2mProperty 10.11: Role queries should use appropriate optimized indexes
[22m[39mGoTrueClient@sb-bgxknceshxxifwytalex-auth-token:0 (2.93.3) 2026-02-02T15:20:27.336Z #_acquireLock begin [33m10000[39m
GoTrueClient@sb-bgxknceshxxifwytalex-auth-token:0 (2.93.3) 2026-02-02T15:20:27.336Z #_acquireLock lock acquired for storage key sb-bgxknceshxxifwytalex-auth-token
GoTrueClient@sb-bgxknceshxxifwytalex-auth-token:0 (2.93.3) 2026-02-02T15:20:27.336Z #_useSession begin
GoTrueClient@sb-bgxknceshxxifwytalex-auth-token:0 (2.93.3) 2026-02-02T15:20:27.336Z #__loadSession() begin

[90mstdout[2m | tests/property/scoped-roles-processing-efficiency.test.ts[2m > [22m[2mProperty 10: Scoped Roles Processing Efficiency[2m > [22m[2mProperty 10.11: Role queries should use appropriate optimized indexes
[22m[39mGoTrueClient@sb-bgxknceshxxifwytalex-auth-token:0 (2.93.3) 2026-02-02T15:20:27.336Z #getSession() session from storage [1mnull[22m
GoTrueClient@sb-bgxknceshxxifwytalex-auth-token:0 (2.93.3) 2026-02-02T15:20:27.336Z #__loadSession() end

[90mstdout[2m | tests/property/scoped-roles-processing-efficiency.test.ts[2m > [22m[2mProperty 10: Scoped Roles Processing Efficiency[2m > [22m[2mProperty 10.11: Role queries should use appropriate optimized indexes
[22m[39mGoTrueClient@sb-bgxknceshxxifwytalex-auth-token:0 (2.93.3) 2026-02-02T15:20:27.336Z #_useSession end

[90mstdout[2m | tests/property/scoped-roles-processing-efficiency.test.ts[2m > [22m[2mProperty 10: Scoped Roles Processing Efficiency[2m > [22m[2mProperty 10.11: Role queries should use appropriate optimized indexes
[22m[39mGoTrueClient@sb-bgxknceshxxifwytalex-auth-token:0 (2.93.3) 2026-02-02T15:20:27.336Z #_acquireLock lock released for storage key sb-bgxknceshxxifwytalex-auth-token

[90mstdout[2m | tests/property/scoped-roles-processing-efficiency.test.ts[2m > [22m[2mProperty 10: Scoped Roles Processing Efficiency[2m > [22m[2mProperty 10.11: Role queries should use appropriate optimized indexes
[22m[39mGoTrueClient@sb-bgxknceshxxifwytalex-auth-token:0 (2.93.3) 2026-02-02T15:20:27.336Z #_acquireLock end

stderr | tests/property/scoped-roles-processing-efficiency.test.ts > Property 10: Scoped Roles Processing Efficiency > Property 10.11: Role queries should use appropriate optimized indexes
Error fetching project roles: {
  code: 'PGRST200',
  details: "Searched for a foreign key relationship between 'project_roles' and 'user_profiles' in the schema 'public', but no matches were found.",
  hint: null,
  message: "Could not find a relationship between 'project_roles' and 'user_profiles' in the schema cache"
}

[90mstdout[2m | tests/property/scoped-roles-processing-efficiency.test.ts[2m > [22m[2mProperty 10: Scoped Roles Processing Efficiency[2m > [22m[2mProperty 10.11: Role queries should use appropriate optimized indexes
[22m[39mGoTrueClient@sb-bgxknceshxxifwytalex-auth-token:0 (2.93.3) 2026-02-02T15:20:27.368Z #_acquireLock begin [33m10000[39m
GoTrueClient@sb-bgxknceshxxifwytalex-auth-token:0 (2.93.3) 2026-02-02T15:20:27.368Z #_acquireLock lock acquired for storage key sb-bgxknceshxxifwytalex-auth-token
GoTrueClient@sb-bgxknceshxxifwytalex-auth-token:0 (2.93.3) 2026-02-02T15:20:27.368Z #_useSession begin
GoTrueClient@sb-bgxknceshxxifwytalex-auth-token:0 (2.93.3) 2026-02-02T15:20:27.368Z #__loadSession() begin

[90mstdout[2m | tests/property/scoped-roles-processing-efficiency.test.ts[2m > [22m[2mProperty 10: Scoped Roles Processing Efficiency[2m > [22m[2mProperty 10.11: Role queries should use appropriate optimized indexes
[22m[39mGoTrueClient@sb-bgxknceshxxifwytalex-auth-token:0 (2.93.3) 2026-02-02T15:20:27.368Z #getSession() session from storage [1mnull[22m
GoTrueClient@sb-bgxknceshxxifwytalex-auth-token:0 (2.93.3) 2026-02-02T15:20:27.368Z #__loadSession() end

[90mstdout[2m | tests/property/scoped-roles-processing-efficiency.test.ts[2m > [22m[2mProperty 10: Scoped Roles Processing Efficiency[2m > [22m[2mProperty 10.11: Role queries should use appropriate optimized indexes
[22m[39mGoTrueClient@sb-bgxknceshxxifwytalex-auth-token:0 (2.93.3) 2026-02-02T15:20:27.368Z #_useSession end

[90mstdout[2m | tests/property/scoped-roles-processing-efficiency.test.ts[2m > [22m[2mProperty 10: Scoped Roles Processing Efficiency[2m > [22m[2mProperty 10.11: Role queries should use appropriate optimized indexes
[22m[39mGoTrueClient@sb-bgxknceshxxifwytalex-auth-token:0 (2.93.3) 2026-02-02T15:20:27.368Z #_acquireLock lock released for storage key sb-bgxknceshxxifwytalex-auth-token

[90mstdout[2m | tests/property/scoped-roles-processing-efficiency.test.ts[2m > [22m[2mProperty 10: Scoped Roles Processing Efficiency[2m > [22m[2mProperty 10.11: Role queries should use appropriate optimized indexes
[22m[39mGoTrueClient@sb-bgxknceshxxifwytalex-auth-token:0 (2.93.3) 2026-02-02T15:20:27.369Z #_acquireLock end

stderr | tests/property/scoped-roles-processing-efficiency.test.ts > Property 10: Scoped Roles Processing Efficiency > Property 10.11: Role queries should use appropriate optimized indexes
Error fetching org roles: {
  code: 'PGRST200',
  details: "Searched for a foreign key relationship between 'org_roles' and 'user_profiles' in the schema 'public', but no matches were found.",
  hint: null,
  message: "Could not find a relationship between 'org_roles' and 'user_profiles' in the schema cache"
}

[90mstdout[2m | tests/property/scoped-roles-processing-efficiency.test.ts[2m > [22m[2mProperty 10: Scoped Roles Processing Efficiency[2m > [22m[2mProperty 10.11: Role queries should use appropriate optimized indexes
[22m[39mGoTrueClient@sb-bgxknceshxxifwytalex-auth-token:0 (2.93.3) 2026-02-02T15:20:27.423Z #_acquireLock begin [33m10000[39m
GoTrueClient@sb-bgxknceshxxifwytalex-auth-token:0 (2.93.3) 2026-02-02T15:20:27.423Z #_acquireLock lock acquired for storage key sb-bgxknceshxxifwytalex-auth-token
GoTrueClient@sb-bgxknceshxxifwytalex-auth-token:0 (2.93.3) 2026-02-02T15:20:27.423Z #_useSession begin
GoTrueClient@sb-bgxknceshxxifwytalex-auth-token:0 (2.93.3) 2026-02-02T15:20:27.423Z #__loadSession() begin

[90mstdout[2m | tests/property/scoped-roles-processing-efficiency.test.ts[2m > [22m[2mProperty 10: Scoped Roles Processing Efficiency[2m > [22m[2mProperty 10.11: Role queries should use appropriate optimized indexes
[22m[39mGoTrueClient@sb-bgxknceshxxifwytalex-auth-token:0 (2.93.3) 2026-02-02T15:20:27.424Z #getSession() session from storage [1mnull[22m
GoTrueClient@sb-bgxknceshxxifwytalex-auth-token:0 (2.93.3) 2026-02-02T15:20:27.424Z #__loadSession() end

[90mstdout[2m | tests/property/scoped-roles-processing-efficiency.test.ts[2m > [22m[2mProperty 10: Scoped Roles Processing Efficiency[2m > [22m[2mProperty 10.11: Role queries should use appropriate optimized indexes
[22m[39mGoTrueClient@sb-bgxknceshxxifwytalex-auth-token:0 (2.93.3) 2026-02-02T15:20:27.424Z #_useSession end

[90mstdout[2m | tests/property/scoped-roles-processing-efficiency.test.ts[2m > [22m[2mProperty 10: Scoped Roles Processing Efficiency[2m > [22m[2mProperty 10.11: Role queries should use appropriate optimized indexes
[22m[39mGoTrueClient@sb-bgxknceshxxifwytalex-auth-token:0 (2.93.3) 2026-02-02T15:20:27.424Z #_acquireLock lock released for storage key sb-bgxknceshxxifwytalex-auth-token

[90mstdout[2m | tests/property/scoped-roles-processing-efficiency.test.ts[2m > [22m[2mProperty 10: Scoped Roles Processing Efficiency[2m > [22m[2mProperty 10.11: Role queries should use appropriate optimized indexes
[22m[39mGoTrueClient@sb-bgxknceshxxifwytalex-auth-token:0 (2.93.3) 2026-02-02T15:20:27.424Z #_acquireLock end

stderr | tests/property/scoped-roles-processing-efficiency.test.ts > Property 10: Scoped Roles Processing Efficiency > Property 10.11: Role queries should use appropriate optimized indexes
Error fetching project roles: {
  code: 'PGRST200',
  details: "Searched for a foreign key relationship between 'project_roles' and 'user_profiles' in the schema 'public', but no matches were found.",
  hint: null,
  message: "Could not find a relationship between 'project_roles' and 'user_profiles' in the schema cache"
}
[90mstdout[2m | tests/property/scoped-roles-processing-efficiency.test.ts[2m > [22m[2mProperty 10: Scoped Roles Processing Efficiency[2m > [22m[2mProperty 10.11: Role queries should use appropriate optimized indexes
[22m[39mGoTrueClient@sb-bgxknceshxxifwytalex-auth-token:0 (2.93.3) 2026-02-02T15:20:27.508Z #_acquireLock begin [33m10000[39m
GoTrueClient@sb-bgxknceshxxifwytalex-auth-token:0 (2.93.3) 2026-02-02T15:20:27.508Z #_acquireLock lock acquired for storage key sb-bgxknceshxxifwytalex-auth-token
GoTrueClient@sb-bgxknceshxxifwytalex-auth-token:0 (2.93.3) 2026-02-02T15:20:27.508Z #_useSession begin
GoTrueClient@sb-bgxknceshxxifwytalex-auth-token:0 (2.93.3) 2026-02-02T15:20:27.508Z #__loadSession() begin


[90mstdout[2m | tests/property/scoped-roles-processing-efficiency.test.ts[2m > [22m[2mProperty 10: Scoped Roles Processing Efficiency[2m > [22m[2mProperty 10.11: Role queries should use appropriate optimized indexes
[22m[39mGoTrueClient@sb-bgxknceshxxifwytalex-auth-token:0 (2.93.3) 2026-02-02T15:20:27.509Z #getSession() session from storage [1mnull[22m
GoTrueClient@sb-bgxknceshxxifwytalex-auth-token:0 (2.93.3) 2026-02-02T15:20:27.509Z #__loadSession() end

[90mstdout[2m | tests/property/scoped-roles-processing-efficiency.test.ts[2m > [22m[2mProperty 10: Scoped Roles Processing Efficiency[2m > [22m[2mProperty 10.11: Role queries should use appropriate optimized indexes
[22m[39mGoTrueClient@sb-bgxknceshxxifwytalex-auth-token:0 (2.93.3) 2026-02-02T15:20:27.509Z #_useSession end

[90mstdout[2m | tests/property/scoped-roles-processing-efficiency.test.ts[2m > [22m[2mProperty 10: Scoped Roles Processing Efficiency[2m > [22m[2mProperty 10.11: Role queries should use appropriate optimized indexes
[22m[39mGoTrueClient@sb-bgxknceshxxifwytalex-auth-token:0 (2.93.3) 2026-02-02T15:20:27.509Z #_acquireLock lock released for storage key sb-bgxknceshxxifwytalex-auth-token

[90mstdout[2m | tests/property/scoped-roles-processing-efficiency.test.ts[2m > [22m[2mProperty 10: Scoped Roles Processing Efficiency[2m > [22m[2mProperty 10.11: Role queries should use appropriate optimized indexes
[22m[39mGoTrueClient@sb-bgxknceshxxifwytalex-auth-token:0 (2.93.3) 2026-02-02T15:20:27.509Z #_acquireLock end

stderr | tests/property/scoped-roles-processing-efficiency.test.ts > Property 10: Scoped Roles Processing Efficiency > Property 10.11: Role queries should use appropriate optimized indexes
Error fetching org roles: {
  code: 'PGRST200',
  details: "Searched for a foreign key relationship between 'org_roles' and 'user_profiles' in the schema 'public', but no matches were found.",
  hint: null,
  message: "Could not find a relationship between 'org_roles' and 'user_profiles' in the schema cache"
}

[90mstdout[2m | tests/property/scoped-roles-processing-efficiency.test.ts[2m > [22m[2mProperty 10: Scoped Roles Processing Efficiency[2m > [22m[2mProperty 10.11: Role queries should use appropriate optimized indexes
[22m[39mGoTrueClient@sb-bgxknceshxxifwytalex-auth-token:0 (2.93.3) 2026-02-02T15:20:27.525Z #_acquireLock begin [33m10000[39m
GoTrueClient@sb-bgxknceshxxifwytalex-auth-token:0 (2.93.3) 2026-02-02T15:20:27.525Z #_acquireLock lock acquired for storage key sb-bgxknceshxxifwytalex-auth-token
GoTrueClient@sb-bgxknceshxxifwytalex-auth-token:0 (2.93.3) 2026-02-02T15:20:27.525Z #_useSession begin
GoTrueClient@sb-bgxknceshxxifwytalex-auth-token:0 (2.93.3) 2026-02-02T15:20:27.525Z #__loadSession() begin

[90mstdout[2m | tests/property/scoped-roles-processing-efficiency.test.ts[2m > [22m[2mProperty 10: Scoped Roles Processing Efficiency[2m > [22m[2mProperty 10.11: Role queries should use appropriate optimized indexes
[22m[39mGoTrueClient@sb-bgxknceshxxifwytalex-auth-token:0 (2.93.3) 2026-02-02T15:20:27.525Z #getSession() session from storage [1mnull[22m
GoTrueClient@sb-bgxknceshxxifwytalex-auth-token:0 (2.93.3) 2026-02-02T15:20:27.525Z #__loadSession() end

[90mstdout[2m | tests/property/scoped-roles-processing-efficiency.test.ts[2m > [22m[2mProperty 10: Scoped Roles Processing Efficiency[2m > [22m[2mProperty 10.11: Role queries should use appropriate optimized indexes
[22m[39mGoTrueClient@sb-bgxknceshxxifwytalex-auth-token:0 (2.93.3) 2026-02-02T15:20:27.526Z #_useSession end

[90mstdout[2m | tests/property/scoped-roles-processing-efficiency.test.ts[2m > [22m[2mProperty 10: Scoped Roles Processing Efficiency[2m > [22m[2mProperty 10.11: Role queries should use appropriate optimized indexes
[22m[39mGoTrueClient@sb-bgxknceshxxifwytalex-auth-token:0 (2.93.3) 2026-02-02T15:20:27.526Z #_acquireLock lock released for storage key sb-bgxknceshxxifwytalex-auth-token

[90mstdout[2m | tests/property/scoped-roles-processing-efficiency.test.ts[2m > [22m[2mProperty 10: Scoped Roles Processing Efficiency[2m > [22m[2mProperty 10.11: Role queries should use appropriate optimized indexes
[22m[39mGoTrueClient@sb-bgxknceshxxifwytalex-auth-token:0 (2.93.3) 2026-02-02T15:20:27.526Z #_acquireLock end

[90mstdout[2m | tests/property/scoped-roles-processing-efficiency.test.ts[2m > [22m[2mProperty 10: Scoped Roles Processing Efficiency[2m > [22m[2mProperty 10.11: Role queries should use appropriate optimized indexes
[22m[39mGoTrueClient@sb-bgxknceshxxifwytalex-auth-token:0 (2.93.3) 2026-02-02T15:20:27.559Z #_acquireLock begin [33m10000[39m
GoTrueClient@sb-bgxknceshxxifwytalex-auth-token:0 (2.93.3) 2026-02-02T15:20:27.559Z #_acquireLock lock acquired for storage key sb-bgxknceshxxifwytalex-auth-token
GoTrueClient@sb-bgxknceshxxifwytalex-auth-token:0 (2.93.3) 2026-02-02T15:20:27.559Z #_useSession begin
GoTrueClient@sb-bgxknceshxxifwytalex-auth-token:0 (2.93.3) 2026-02-02T15:20:27.559Z #__loadSession() begin

[90mstdout[2m | tests/property/scoped-roles-processing-efficiency.test.ts[2m > [22m[2mProperty 10: Scoped Roles Processing Efficiency[2m > [22m[2mProperty 10.11: Role queries should use appropriate optimized indexes
[22m[39mGoTrueClient@sb-bgxknceshxxifwytalex-auth-token:0 (2.93.3) 2026-02-02T15:20:27.559Z #getSession() session from storage [1mnull[22m
GoTrueClient@sb-bgxknceshxxifwytalex-auth-token:0 (2.93.3) 2026-02-02T15:20:27.559Z #__loadSession() end

[90mstdout[2m | tests/property/scoped-roles-processing-efficiency.test.ts[2m > [22m[2mProperty 10: Scoped Roles Processing Efficiency[2m > [22m[2mProperty 10.11: Role queries should use appropriate optimized indexes
[22m[39mGoTrueClient@sb-bgxknceshxxifwytalex-auth-token:0 (2.93.3) 2026-02-02T15:20:27.560Z #_useSession end

[90mstdout[2m | tests/property/scoped-roles-processing-efficiency.test.ts[2m > [22m[2mProperty 10: Scoped Roles Processing Efficiency[2m > [22m[2mProperty 10.11: Role queries should use appropriate optimized indexes
[22m[39mGoTrueClient@sb-bgxknceshxxifwytalex-auth-token:0 (2.93.3) 2026-02-02T15:20:27.560Z #_acquireLock lock released for storage key sb-bgxknceshxxifwytalex-auth-token

[90mstdout[2m | tests/property/scoped-roles-processing-efficiency.test.ts[2m > [22m[2mProperty 10: Scoped Roles Processing Efficiency[2m > [22m[2mProperty 10.11: Role queries should use appropriate optimized indexes
[22m[39mGoTrueClient@sb-bgxknceshxxifwytalex-auth-token:0 (2.93.3) 2026-02-02T15:20:27.560Z #_acquireLock end

stderr | tests/property/scoped-roles-processing-efficiency.test.ts > Property 10: Scoped Roles Processing Efficiency > Property 10.11: Role queries should use appropriate optimized indexes
Error fetching org roles: {
  code: 'PGRST200',
  details: "Searched for a foreign key relationship between 'org_roles' and 'user_profiles' in the schema 'public', but no matches were found.",
  hint: null,
  message: "Could not find a relationship between 'org_roles' and 'user_profiles' in the schema cache"
}

[90mstdout[2m | tests/property/scoped-roles-processing-efficiency.test.ts[2m > [22m[2mProperty 10: Scoped Roles Processing Efficiency[2m > [22m[2mProperty 10.11: Role queries should use appropriate optimized indexes
[22m[39mGoTrueClient@sb-bgxknceshxxifwytalex-auth-token:0 (2.93.3) 2026-02-02T15:20:27.587Z #_acquireLock begin [33m10000[39m
GoTrueClient@sb-bgxknceshxxifwytalex-auth-token:0 (2.93.3) 2026-02-02T15:20:27.587Z #_acquireLock lock acquired for storage key sb-bgxknceshxxifwytalex-auth-token
GoTrueClient@sb-bgxknceshxxifwytalex-auth-token:0 (2.93.3) 2026-02-02T15:20:27.587Z #_useSession begin
GoTrueClient@sb-bgxknceshxxifwytalex-auth-token:0 (2.93.3) 2026-02-02T15:20:27.587Z #__loadSession() begin

[90mstdout[2m | tests/property/scoped-roles-processing-efficiency.test.ts[2m > [22m[2mProperty 10: Scoped Roles Processing Efficiency[2m > [22m[2mProperty 10.11: Role queries should use appropriate optimized indexes
[22m[39mGoTrueClient@sb-bgxknceshxxifwytalex-auth-token:0 (2.93.3) 2026-02-02T15:20:27.587Z #getSession() session from storage [1mnull[22m
GoTrueClient@sb-bgxknceshxxifwytalex-auth-token:0 (2.93.3) 2026-02-02T15:20:27.587Z #__loadSession() end

[90mstdout[2m | tests/property/scoped-roles-processing-efficiency.test.ts[2m > [22m[2mProperty 10: Scoped Roles Processing Efficiency[2m > [22m[2mProperty 10.11: Role queries should use appropriate optimized indexes
[22m[39mGoTrueClient@sb-bgxknceshxxifwytalex-auth-token:0 (2.93.3) 2026-02-02T15:20:27.588Z #_useSession end

[90mstdout[2m | tests/property/scoped-roles-processing-efficiency.test.ts[2m > [22m[2mProperty 10: Scoped Roles Processing Efficiency[2m > [22m[2mProperty 10.11: Role queries should use appropriate optimized indexes
[22m[39mGoTrueClient@sb-bgxknceshxxifwytalex-auth-token:0 (2.93.3) 2026-02-02T15:20:27.588Z #_acquireLock lock released for storage key sb-bgxknceshxxifwytalex-auth-token

[90mstdout[2m | tests/property/scoped-roles-processing-efficiency.test.ts[2m > [22m[2mProperty 10: Scoped Roles Processing Efficiency[2m > [22m[2mProperty 10.11: Role queries should use appropriate optimized indexes
[22m[39mGoTrueClient@sb-bgxknceshxxifwytalex-auth-token:0 (2.93.3) 2026-02-02T15:20:27.588Z #_acquireLock end

stderr | tests/property/scoped-roles-processing-efficiency.test.ts > Property 10: Scoped Roles Processing Efficiency > Property 10.11: Role queries should use appropriate optimized indexes
Error fetching project roles: {
  code: 'PGRST200',
  details: "Searched for a foreign key relationship between 'project_roles' and 'user_profiles' in the schema 'public', but no matches were found.",
  hint: null,
  message: "Could not find a relationship between 'project_roles' and 'user_profiles' in the schema cache"
}

[90mstdout[2m | tests/property/scoped-roles-processing-efficiency.test.ts[2m > [22m[2mProperty 10: Scoped Roles Processing Efficiency[2m > [22m[2mProperty 10.11: Role queries should use appropriate optimized indexes
[22m[39mGoTrueClient@sb-bgxknceshxxifwytalex-auth-token:0 (2.93.3) 2026-02-02T15:20:27.706Z #_acquireLock begin [33m10000[39m
GoTrueClient@sb-bgxknceshxxifwytalex-auth-token:0 (2.93.3) 2026-02-02T15:20:27.707Z #_acquireLock lock acquired for storage key sb-bgxknceshxxifwytalex-auth-token
GoTrueClient@sb-bgxknceshxxifwytalex-auth-token:0 (2.93.3) 2026-02-02T15:20:27.707Z #_useSession begin
GoTrueClient@sb-bgxknceshxxifwytalex-auth-token:0 (2.93.3) 2026-02-02T15:20:27.707Z #__loadSession() begin

[90mstdout[2m | tests/property/scoped-roles-processing-efficiency.test.ts[2m > [22m[2mProperty 10: Scoped Roles Processing Efficiency[2m > [22m[2mProperty 10.11: Role queries should use appropriate optimized indexes
[22m[39mGoTrueClient@sb-bgxknceshxxifwytalex-auth-token:0 (2.93.3) 2026-02-02T15:20:27.707Z #getSession() session from storage [1mnull[22m
GoTrueClient@sb-bgxknceshxxifwytalex-auth-token:0 (2.93.3) 2026-02-02T15:20:27.707Z #__loadSession() end

[90mstdout[2m | tests/property/scoped-roles-processing-efficiency.test.ts[2m > [22m[2mProperty 10: Scoped Roles Processing Efficiency[2m > [22m[2mProperty 10.11: Role queries should use appropriate optimized indexes
[22m[39mGoTrueClient@sb-bgxknceshxxifwytalex-auth-token:0 (2.93.3) 2026-02-02T15:20:27.707Z #_useSession end

[90mstdout[2m | tests/property/scoped-roles-processing-efficiency.test.ts[2m > [22m[2mProperty 10: Scoped Roles Processing Efficiency[2m > [22m[2mProperty 10.11: Role queries should use appropriate optimized indexes
[22m[39mGoTrueClient@sb-bgxknceshxxifwytalex-auth-token:0 (2.93.3) 2026-02-02T15:20:27.707Z #_acquireLock lock released for storage key sb-bgxknceshxxifwytalex-auth-token

[90mstdout[2m | tests/property/scoped-roles-processing-efficiency.test.ts[2m > [22m[2mProperty 10: Scoped Roles Processing Efficiency[2m > [22m[2mProperty 10.11: Role queries should use appropriate optimized indexes
[22m[39mGoTrueClient@sb-bgxknceshxxifwytalex-auth-token:0 (2.93.3) 2026-02-02T15:20:27.707Z #_acquireLock end

stderr | tests/property/scoped-roles-processing-efficiency.test.ts > Property 10: Scoped Roles Processing Efficiency > Property 10.11: Role queries should use appropriate optimized indexes
Error fetching project roles: {
  code: 'PGRST200',
  details: "Searched for a foreign key relationship between 'project_roles' and 'user_profiles' in the schema 'public', but no matches were found.",
  hint: null,
  message: "Could not find a relationship between 'project_roles' and 'user_profiles' in the schema cache"
}

[90mstdout[2m | tests/property/scoped-roles-processing-efficiency.test.ts[2m > [22m[2mProperty 10: Scoped Roles Processing Efficiency[2m > [22m[2mProperty 10.11: Role queries should use appropriate optimized indexes
[22m[39mGoTrueClient@sb-bgxknceshxxifwytalex-auth-token:0 (2.93.3) 2026-02-02T15:20:27.712Z #_acquireLock begin [33m10000[39m
GoTrueClient@sb-bgxknceshxxifwytalex-auth-token:0 (2.93.3) 2026-02-02T15:20:27.712Z #_acquireLock lock acquired for storage key sb-bgxknceshxxifwytalex-auth-token
GoTrueClient@sb-bgxknceshxxifwytalex-auth-token:0 (2.93.3) 2026-02-02T15:20:27.712Z #_useSession begin
GoTrueClient@sb-bgxknceshxxifwytalex-auth-token:0 (2.93.3) 2026-02-02T15:20:27.712Z #__loadSession() begin

[90mstdout[2m | tests/property/scoped-roles-processing-efficiency.test.ts[2m > [22m[2mProperty 10: Scoped Roles Processing Efficiency[2m > [22m[2mProperty 10.11: Role queries should use appropriate optimized indexes
[22m[39mGoTrueClient@sb-bgxknceshxxifwytalex-auth-token:0 (2.93.3) 2026-02-02T15:20:27.712Z #getSession() session from storage [1mnull[22m
GoTrueClient@sb-bgxknceshxxifwytalex-auth-token:0 (2.93.3) 2026-02-02T15:20:27.712Z #__loadSession() end

[90mstdout[2m | tests/property/scoped-roles-processing-efficiency.test.ts[2m > [22m[2mProperty 10: Scoped Roles Processing Efficiency[2m > [22m[2mProperty 10.11: Role queries should use appropriate optimized indexes
[22m[39mGoTrueClient@sb-bgxknceshxxifwytalex-auth-token:0 (2.93.3) 2026-02-02T15:20:27.712Z #_useSession end

[90mstdout[2m | tests/property/scoped-roles-processing-efficiency.test.ts[2m > [22m[2mProperty 10: Scoped Roles Processing Efficiency[2m > [22m[2mProperty 10.11: Role queries should use appropriate optimized indexes
[22m[39mGoTrueClient@sb-bgxknceshxxifwytalex-auth-token:0 (2.93.3) 2026-02-02T15:20:27.712Z #_acquireLock lock released for storage key sb-bgxknceshxxifwytalex-auth-token

[90mstdout[2m | tests/property/scoped-roles-processing-efficiency.test.ts[2m > [22m[2mProperty 10: Scoped Roles Processing Efficiency[2m > [22m[2mProperty 10.11: Role queries should use appropriate optimized indexes
[22m[39mGoTrueClient@sb-bgxknceshxxifwytalex-auth-token:0 (2.93.3) 2026-02-02T15:20:27.712Z #_acquireLock end

stderr | tests/property/scoped-roles-processing-efficiency.test.ts > Property 10: Scoped Roles Processing Efficiency > Property 10.11: Role queries should use appropriate optimized indexes
Error fetching org roles: {
  code: 'PGRST200',
  details: "Searched for a foreign key relationship between 'org_roles' and 'user_profiles' in the schema 'public', but no matches were found.",
  hint: null,
  message: "Could not find a relationship between 'org_roles' and 'user_profiles' in the schema cache"
}

[90mstdout[2m | tests/property/scoped-roles-processing-efficiency.test.ts[2m > [22m[2mProperty 10: Scoped Roles Processing Efficiency[2m > [22m[2mProperty 10.11: Role queries should use appropriate optimized indexes
[22m[39mGoTrueClient@sb-bgxknceshxxifwytalex-auth-token:0 (2.93.3) 2026-02-02T15:20:27.740Z #_acquireLock begin [33m10000[39m
GoTrueClient@sb-bgxknceshxxifwytalex-auth-token:0 (2.93.3) 2026-02-02T15:20:27.740Z #_acquireLock lock acquired for storage key sb-bgxknceshxxifwytalex-auth-token
GoTrueClient@sb-bgxknceshxxifwytalex-auth-token:0 (2.93.3) 2026-02-02T15:20:27.740Z #_useSession begin
GoTrueClient@sb-bgxknceshxxifwytalex-auth-token:0 (2.93.3) 2026-02-02T15:20:27.740Z #__loadSession() begin

[90mstdout[2m | tests/property/scoped-roles-processing-efficiency.test.ts[2m > [22m[2mProperty 10: Scoped Roles Processing Efficiency[2m > [22m[2mProperty 10.11: Role queries should use appropriate optimized indexes
[22m[39mGoTrueClient@sb-bgxknceshxxifwytalex-auth-token:0 (2.93.3) 2026-02-02T15:20:27.740Z #getSession() session from storage [1mnull[22m
GoTrueClient@sb-bgxknceshxxifwytalex-auth-token:0 (2.93.3) 2026-02-02T15:20:27.740Z #__loadSession() end

[90mstdout[2m | tests/property/scoped-roles-processing-efficiency.test.ts[2m > [22m[2mProperty 10: Scoped Roles Processing Efficiency[2m > [22m[2mProperty 10.11: Role queries should use appropriate optimized indexes
[22m[39mGoTrueClient@sb-bgxknceshxxifwytalex-auth-token:0 (2.93.3) 2026-02-02T15:20:27.740Z #_useSession end

[90mstdout[2m | tests/property/scoped-roles-processing-efficiency.test.ts[2m > [22m[2mProperty 10: Scoped Roles Processing Efficiency[2m > [22m[2mProperty 10.11: Role queries should use appropriate optimized indexes
[22m[39mGoTrueClient@sb-bgxknceshxxifwytalex-auth-token:0 (2.93.3) 2026-02-02T15:20:27.741Z #_acquireLock lock released for storage key sb-bgxknceshxxifwytalex-auth-token

[90mstdout[2m | tests/property/scoped-roles-processing-efficiency.test.ts[2m > [22m[2mProperty 10: Scoped Roles Processing Efficiency[2m > [22m[2mProperty 10.11: Role queries should use appropriate optimized indexes
[22m[39mGoTrueClient@sb-bgxknceshxxifwytalex-auth-token:0 (2.93.3) 2026-02-02T15:20:27.741Z #_acquireLock end

stderr | tests/property/scoped-roles-processing-efficiency.test.ts > Property 10: Scoped Roles Processing Efficiency > Property 10.11: Role queries should use appropriate optimized indexes
Error fetching org roles: {
  code: 'PGRST200',
  details: "Searched for a foreign key relationship between 'org_roles' and 'user_profiles' in the schema 'public', but no matches were found.",
  hint: null,
  message: "Could not find a relationship between 'org_roles' and 'user_profiles' in the schema cache"
}

[90mstdout[2m | tests/property/scoped-roles-processing-efficiency.test.ts[2m > [22m[2mProperty 10: Scoped Roles Processing Efficiency[2m > [22m[2mProperty 10.11: Role queries should use appropriate optimized indexes
[22m[39mGoTrueClient@sb-bgxknceshxxifwytalex-auth-token:0 (2.93.3) 2026-02-02T15:20:27.748Z #_acquireLock begin [33m10000[39m
GoTrueClient@sb-bgxknceshxxifwytalex-auth-token:0 (2.93.3) 2026-02-02T15:20:27.748Z #_acquireLock lock acquired for storage key sb-bgxknceshxxifwytalex-auth-token
GoTrueClient@sb-bgxknceshxxifwytalex-auth-token:0 (2.93.3) 2026-02-02T15:20:27.748Z #_useSession begin
GoTrueClient@sb-bgxknceshxxifwytalex-auth-token:0 (2.93.3) 2026-02-02T15:20:27.748Z #__loadSession() begin

[90mstdout[2m | tests/property/scoped-roles-processing-efficiency.test.ts[2m > [22m[2mProperty 10: Scoped Roles Processing Efficiency[2m > [22m[2mProperty 10.11: Role queries should use appropriate optimized indexes
[22m[39mGoTrueClient@sb-bgxknceshxxifwytalex-auth-token:0 (2.93.3) 2026-02-02T15:20:27.748Z #getSession() session from storage [1mnull[22m
GoTrueClient@sb-bgxknceshxxifwytalex-auth-token:0 (2.93.3) 2026-02-02T15:20:27.748Z #__loadSession() end

[90mstdout[2m | tests/property/scoped-roles-processing-efficiency.test.ts[2m > [22m[2mProperty 10: Scoped Roles Processing Efficiency[2m > [22m[2mProperty 10.11: Role queries should use appropriate optimized indexes
[22m[39mGoTrueClient@sb-bgxknceshxxifwytalex-auth-token:0 (2.93.3) 2026-02-02T15:20:27.748Z #_useSession end

[90mstdout[2m | tests/property/scoped-roles-processing-efficiency.test.ts[2m > [22m[2mProperty 10: Scoped Roles Processing Efficiency[2m > [22m[2mProperty 10.11: Role queries should use appropriate optimized indexes
[22m[39mGoTrueClient@sb-bgxknceshxxifwytalex-auth-token:0 (2.93.3) 2026-02-02T15:20:27.748Z #_acquireLock lock released for storage key sb-bgxknceshxxifwytalex-auth-token

[90mstdout[2m | tests/property/scoped-roles-processing-efficiency.test.ts[2m > [22m[2mProperty 10: Scoped Roles Processing Efficiency[2m > [22m[2mProperty 10.11: Role queries should use appropriate optimized indexes
[22m[39mGoTrueClient@sb-bgxknceshxxifwytalex-auth-token:0 (2.93.3) 2026-02-02T15:20:27.748Z #_acquireLock end

stderr | tests/property/scoped-roles-processing-efficiency.test.ts > Property 10: Scoped Roles Processing Efficiency > Property 10.11: Role queries should use appropriate optimized indexes
Error fetching org roles: {
  code: 'PGRST200',
  details: "Searched for a foreign key relationship between 'org_roles' and 'user_profiles' in the schema 'public', but no matches were found.",
  hint: null,
  message: "Could not find a relationship between 'org_roles' and 'user_profiles' in the schema cache"
}

[90mstdout[2m | tests/property/scoped-roles-processing-efficiency.test.ts[2m > [22m[2mProperty 10: Scoped Roles Processing Efficiency[2m > [22m[2mProperty 10.11: Role queries should use appropriate optimized indexes
[22m[39mGoTrueClient@sb-bgxknceshxxifwytalex-auth-token:0 (2.93.3) 2026-02-02T15:20:27.842Z #_acquireLock begin [33m10000[39m
GoTrueClient@sb-bgxknceshxxifwytalex-auth-token:0 (2.93.3) 2026-02-02T15:20:27.842Z #_acquireLock lock acquired for storage key sb-bgxknceshxxifwytalex-auth-token
GoTrueClient@sb-bgxknceshxxifwytalex-auth-token:0 (2.93.3) 2026-02-02T15:20:27.842Z #_useSession begin
GoTrueClient@sb-bgxknceshxxifwytalex-auth-token:0 (2.93.3) 2026-02-02T15:20:27.842Z #__loadSession() begin

[90mstdout[2m | tests/property/scoped-roles-processing-efficiency.test.ts[2m > [22m[2mProperty 10: Scoped Roles Processing Efficiency[2m > [22m[2mProperty 10.11: Role queries should use appropriate optimized indexes
[22m[39mGoTrueClient@sb-bgxknceshxxifwytalex-auth-token:0 (2.93.3) 2026-02-02T15:20:27.842Z #getSession() session from storage [1mnull[22m
GoTrueClient@sb-bgxknceshxxifwytalex-auth-token:0 (2.93.3) 2026-02-02T15:20:27.842Z #__loadSession() end

[90mstdout[2m | tests/property/scoped-roles-processing-efficiency.test.ts[2m > [22m[2mProperty 10: Scoped Roles Processing Efficiency[2m > [22m[2mProperty 10.11: Role queries should use appropriate optimized indexes
[22m[39mGoTrueClient@sb-bgxknceshxxifwytalex-auth-token:0 (2.93.3) 2026-02-02T15:20:27.842Z #_useSession end

[90mstdout[2m | tests/property/scoped-roles-processing-efficiency.test.ts[2m > [22m[2mProperty 10: Scoped Roles Processing Efficiency[2m > [22m[2mProperty 10.11: Role queries should use appropriate optimized indexes
[22m[39mGoTrueClient@sb-bgxknceshxxifwytalex-auth-token:0 (2.93.3) 2026-02-02T15:20:27.842Z #_acquireLock lock released for storage key sb-bgxknceshxxifwytalex-auth-token

[90mstdout[2m | tests/property/scoped-roles-processing-efficiency.test.ts[2m > [22m[2mProperty 10: Scoped Roles Processing Efficiency[2m > [22m[2mProperty 10.11: Role queries should use appropriate optimized indexes
[22m[39mGoTrueClient@sb-bgxknceshxxifwytalex-auth-token:0 (2.93.3) 2026-02-02T15:20:27.842Z #_acquireLock end

[90mstdout[2m | tests/property/scoped-roles-processing-efficiency.test.ts[2m > [22m[2mProperty 10: Scoped Roles Processing Efficiency[2m > [22m[2mProperty 10.11: Role queries should use appropriate optimized indexes
[22m[39mGoTrueClient@sb-bgxknceshxxifwytalex-auth-token:0 (2.93.3) 2026-02-02T15:20:27.906Z #_acquireLock begin [33m10000[39m
GoTrueClient@sb-bgxknceshxxifwytalex-auth-token:0 (2.93.3) 2026-02-02T15:20:27.906Z #_acquireLock lock acquired for storage key sb-bgxknceshxxifwytalex-auth-token
GoTrueClient@sb-bgxknceshxxifwytalex-auth-token:0 (2.93.3) 2026-02-02T15:20:27.906Z #_useSession begin
GoTrueClient@sb-bgxknceshxxifwytalex-auth-token:0 (2.93.3) 2026-02-02T15:20:27.906Z #__loadSession() begin

[90mstdout[2m | tests/property/scoped-roles-processing-efficiency.test.ts[2m > [22m[2mProperty 10: Scoped Roles Processing Efficiency[2m > [22m[2mProperty 10.11: Role queries should use appropriate optimized indexes
[22m[39mGoTrueClient@sb-bgxknceshxxifwytalex-auth-token:0 (2.93.3) 2026-02-02T15:20:27.907Z #getSession() session from storage [1mnull[22m
GoTrueClient@sb-bgxknceshxxifwytalex-auth-token:0 (2.93.3) 2026-02-02T15:20:27.907Z #__loadSession() end

[90mstdout[2m | tests/property/scoped-roles-processing-efficiency.test.ts[2m > [22m[2mProperty 10: Scoped Roles Processing Efficiency[2m > [22m[2mProperty 10.11: Role queries should use appropriate optimized indexes
[22m[39mGoTrueClient@sb-bgxknceshxxifwytalex-auth-token:0 (2.93.3) 2026-02-02T15:20:27.907Z #_useSession end

[90mstdout[2m | tests/property/scoped-roles-processing-efficiency.test.ts[2m > [22m[2mProperty 10: Scoped Roles Processing Efficiency[2m > [22m[2mProperty 10.11: Role queries should use appropriate optimized indexes
[22m[39mGoTrueClient@sb-bgxknceshxxifwytalex-auth-token:0 (2.93.3) 2026-02-02T15:20:27.907Z #_acquireLock lock released for storage key sb-bgxknceshxxifwytalex-auth-token

[90mstdout[2m | tests/property/scoped-roles-processing-efficiency.test.ts[2m > [22m[2mProperty 10: Scoped Roles Processing Efficiency[2m > [22m[2mProperty 10.11: Role queries should use appropriate optimized indexes
[22m[39mGoTrueClient@sb-bgxknceshxxifwytalex-auth-token:0 (2.93.3) 2026-02-02T15:20:27.907Z #_acquireLock end

stderr | tests/property/scoped-roles-processing-efficiency.test.ts > Property 10: Scoped Roles Processing Efficiency > Property 10.11: Role queries should use appropriate optimized indexes
Error fetching project roles: {
  code: 'PGRST200',
  details: "Searched for a foreign key relationship between 'project_roles' and 'user_profiles' in the schema 'public', but no matches were found.",
  hint: null,
  message: "Could not find a relationship between 'project_roles' and 'user_profiles' in the schema cache"
}

[90mstdout[2m | tests/property/scoped-roles-processing-efficiency.test.ts[2m > [22m[2mProperty 10: Scoped Roles Processing Efficiency[2m > [22m[2mProperty 10.11: Role queries should use appropriate optimized indexes
[22m[39mGoTrueClient@sb-bgxknceshxxifwytalex-auth-token:0 (2.93.3) 2026-02-02T15:20:27.922Z #_acquireLock begin [33m10000[39m
GoTrueClient@sb-bgxknceshxxifwytalex-auth-token:0 (2.93.3) 2026-02-02T15:20:27.922Z #_acquireLock lock acquired for storage key sb-bgxknceshxxifwytalex-auth-token
GoTrueClient@sb-bgxknceshxxifwytalex-auth-token:0 (2.93.3) 2026-02-02T15:20:27.922Z #_useSession begin
GoTrueClient@sb-bgxknceshxxifwytalex-auth-token:0 (2.93.3) 2026-02-02T15:20:27.922Z #__loadSession() begin

[90mstdout[2m | tests/property/scoped-roles-processing-efficiency.test.ts[2m > [22m[2mProperty 10: Scoped Roles Processing Efficiency[2m > [22m[2mProperty 10.11: Role queries should use appropriate optimized indexes
[22m[39mGoTrueClient@sb-bgxknceshxxifwytalex-auth-token:0 (2.93.3) 2026-02-02T15:20:27.922Z #getSession() session from storage [1mnull[22m
GoTrueClient@sb-bgxknceshxxifwytalex-auth-token:0 (2.93.3) 2026-02-02T15:20:27.922Z #__loadSession() end

[90mstdout[2m | tests/property/scoped-roles-processing-efficiency.test.ts[2m > [22m[2mProperty 10: Scoped Roles Processing Efficiency[2m > [22m[2mProperty 10.11: Role queries should use appropriate optimized indexes
[22m[39mGoTrueClient@sb-bgxknceshxxifwytalex-auth-token:0 (2.93.3) 2026-02-02T15:20:27.922Z #_useSession end

[90mstdout[2m | tests/property/scoped-roles-processing-efficiency.test.ts[2m > [22m[2mProperty 10: Scoped Roles Processing Efficiency[2m > [22m[2mProperty 10.11: Role queries should use appropriate optimized indexes
[22m[39mGoTrueClient@sb-bgxknceshxxifwytalex-auth-token:0 (2.93.3) 2026-02-02T15:20:27.922Z #_acquireLock lock released for storage key sb-bgxknceshxxifwytalex-auth-token

[90mstdout[2m | tests/property/scoped-roles-processing-efficiency.test.ts[2m > [22m[2mProperty 10: Scoped Roles Processing Efficiency[2m > [22m[2mProperty 10.11: Role queries should use appropriate optimized indexes
[22m[39mGoTrueClient@sb-bgxknceshxxifwytalex-auth-token:0 (2.93.3) 2026-02-02T15:20:27.922Z #_acquireLock end

stderr | tests/property/scoped-roles-processing-efficiency.test.ts > Property 10: Scoped Roles Processing Efficiency > Property 10.11: Role queries should use appropriate optimized indexes
Error fetching org roles: {
  code: 'PGRST200',
  details: "Searched for a foreign key relationship between 'org_roles' and 'user_profiles' in the schema 'public', but no matches were found.",
  hint: null,
  message: "Could not find a relationship between 'org_roles' and 'user_profiles' in the schema cache"
}

[90mstdout[2m | tests/property/scoped-roles-processing-efficiency.test.ts[2m > [22m[2mProperty 10: Scoped Roles Processing Efficiency[2m > [22m[2mProperty 10.11: Role queries should use appropriate optimized indexes
[22m[39mGoTrueClient@sb-bgxknceshxxifwytalex-auth-token:0 (2.93.3) 2026-02-02T15:20:27.953Z #_acquireLock begin [33m10000[39m
GoTrueClient@sb-bgxknceshxxifwytalex-auth-token:0 (2.93.3) 2026-02-02T15:20:27.953Z #_acquireLock lock acquired for storage key sb-bgxknceshxxifwytalex-auth-token
GoTrueClient@sb-bgxknceshxxifwytalex-auth-token:0 (2.93.3) 2026-02-02T15:20:27.953Z #_useSession begin
GoTrueClient@sb-bgxknceshxxifwytalex-auth-token:0 (2.93.3) 2026-02-02T15:20:27.953Z #__loadSession() begin

[90mstdout[2m | tests/property/scoped-roles-processing-efficiency.test.ts[2m > [22m[2mProperty 10: Scoped Roles Processing Efficiency[2m > [22m[2mProperty 10.11: Role queries should use appropriate optimized indexes
[22m[39mGoTrueClient@sb-bgxknceshxxifwytalex-auth-token:0 (2.93.3) 2026-02-02T15:20:27.953Z #getSession() session from storage [1mnull[22m
GoTrueClient@sb-bgxknceshxxifwytalex-auth-token:0 (2.93.3) 2026-02-02T15:20:27.953Z #__loadSession() end

[90mstdout[2m | tests/property/scoped-roles-processing-efficiency.test.ts[2m > [22m[2mProperty 10: Scoped Roles Processing Efficiency[2m > [22m[2mProperty 10.11: Role queries should use appropriate optimized indexes
[22m[39mGoTrueClient@sb-bgxknceshxxifwytalex-auth-token:0 (2.93.3) 2026-02-02T15:20:27.953Z #_useSession end

[90mstdout[2m | tests/property/scoped-roles-processing-efficiency.test.ts[2m > [22m[2mProperty 10: Scoped Roles Processing Efficiency[2m > [22m[2mProperty 10.11: Role queries should use appropriate optimized indexes
[22m[39mGoTrueClient@sb-bgxknceshxxifwytalex-auth-token:0 (2.93.3) 2026-02-02T15:20:27.953Z #_acquireLock lock released for storage key sb-bgxknceshxxifwytalex-auth-token

[90mstdout[2m | tests/property/scoped-roles-processing-efficiency.test.ts[2m > [22m[2mProperty 10: Scoped Roles Processing Efficiency[2m > [22m[2mProperty 10.11: Role queries should use appropriate optimized indexes
[22m[39mGoTrueClient@sb-bgxknceshxxifwytalex-auth-token:0 (2.93.3) 2026-02-02T15:20:27.953Z #_acquireLock end

stderr | tests/property/scoped-roles-processing-efficiency.test.ts > Property 10: Scoped Roles Processing Efficiency > Property 10.11: Role queries should use appropriate optimized indexes
Error fetching project roles: {
  code: 'PGRST200',
  details: "Searched for a foreign key relationship between 'project_roles' and 'user_profiles' in the schema 'public', but no matches were found.",
  hint: null,
  message: "Could not find a relationship between 'project_roles' and 'user_profiles' in the schema cache"
}

[90mstdout[2m | tests/property/scoped-roles-processing-efficiency.test.ts[2m > [22m[2mProperty 10: Scoped Roles Processing Efficiency[2m > [22m[2mProperty 10.11: Role queries should use appropriate optimized indexes
[22m[39mGoTrueClient@sb-bgxknceshxxifwytalex-auth-token:0 (2.93.3) 2026-02-02T15:20:28.040Z #_acquireLock begin [33m10000[39m
GoTrueClient@sb-bgxknceshxxifwytalex-auth-token:0 (2.93.3) 2026-02-02T15:20:28.040Z #_acquireLock lock acquired for storage key sb-bgxknceshxxifwytalex-auth-token
GoTrueClient@sb-bgxknceshxxifwytalex-auth-token:0 (2.93.3) 2026-02-02T15:20:28.040Z #_useSession begin
GoTrueClient@sb-bgxknceshxxifwytalex-auth-token:0 (2.93.3) 2026-02-02T15:20:28.040Z #__loadSession() begin

[90mstdout[2m | tests/property/scoped-roles-processing-efficiency.test.ts[2m > [22m[2mProperty 10: Scoped Roles Processing Efficiency[2m > [22m[2mProperty 10.11: Role queries should use appropriate optimized indexes
[22m[39mGoTrueClient@sb-bgxknceshxxifwytalex-auth-token:0 (2.93.3) 2026-02-02T15:20:28.040Z #getSession() session from storage [1mnull[22m
GoTrueClient@sb-bgxknceshxxifwytalex-auth-token:0 (2.93.3) 2026-02-02T15:20:28.040Z #__loadSession() end

[90mstdout[2m | tests/property/scoped-roles-processing-efficiency.test.ts[2m > [22m[2mProperty 10: Scoped Roles Processing Efficiency[2m > [22m[2mProperty 10.11: Role queries should use appropriate optimized indexes
[22m[39mGoTrueClient@sb-bgxknceshxxifwytalex-auth-token:0 (2.93.3) 2026-02-02T15:20:28.040Z #_useSession end

[90mstdout[2m | tests/property/scoped-roles-processing-efficiency.test.ts[2m > [22m[2mProperty 10: Scoped Roles Processing Efficiency[2m > [22m[2mProperty 10.11: Role queries should use appropriate optimized indexes
[22m[39mGoTrueClient@sb-bgxknceshxxifwytalex-auth-token:0 (2.93.3) 2026-02-02T15:20:28.040Z #_acquireLock lock released for storage key sb-bgxknceshxxifwytalex-auth-token

[90mstdout[2m | tests/property/scoped-roles-processing-efficiency.test.ts[2m > [22m[2mProperty 10: Scoped Roles Processing Efficiency[2m > [22m[2mProperty 10.11: Role queries should use appropriate optimized indexes
[22m[39mGoTrueClient@sb-bgxknceshxxifwytalex-auth-token:0 (2.93.3) 2026-02-02T15:20:28.040Z #_acquireLock end

stderr | tests/property/scoped-roles-processing-efficiency.test.ts > Property 10: Scoped Roles Processing Efficiency > Property 10.11: Role queries should use appropriate optimized indexes
Error fetching org roles: {
  code: 'PGRST200',
  details: "Searched for a foreign key relationship between 'org_roles' and 'user_profiles' in the schema 'public', but no matches were found.",
  hint: null,
  message: "Could not find a relationship between 'org_roles' and 'user_profiles' in the schema cache"
}

[90mstdout[2m | tests/property/scoped-roles-processing-efficiency.test.ts[2m > [22m[2mProperty 10: Scoped Roles Processing Efficiency[2m > [22m[2mProperty 10.11: Role queries should use appropriate optimized indexes
[22m[39mGoTrueClient@sb-bgxknceshxxifwytalex-auth-token:0 (2.93.3) 2026-02-02T15:20:28.100Z #_acquireLock begin [33m10000[39m
GoTrueClient@sb-bgxknceshxxifwytalex-auth-token:0 (2.93.3) 2026-02-02T15:20:28.100Z #_acquireLock lock acquired for storage key sb-bgxknceshxxifwytalex-auth-token
GoTrueClient@sb-bgxknceshxxifwytalex-auth-token:0 (2.93.3) 2026-02-02T15:20:28.100Z #_useSession begin
GoTrueClient@sb-bgxknceshxxifwytalex-auth-token:0 (2.93.3) 2026-02-02T15:20:28.100Z #__loadSession() begin

[90mstdout[2m | tests/property/scoped-roles-processing-efficiency.test.ts[2m > [22m[2mProperty 10: Scoped Roles Processing Efficiency[2m > [22m[2mProperty 10.11: Role queries should use appropriate optimized indexes
[22m[39mGoTrueClient@sb-bgxknceshxxifwytalex-auth-token:0 (2.93.3) 2026-02-02T15:20:28.100Z #getSession() session from storage [1mnull[22m
GoTrueClient@sb-bgxknceshxxifwytalex-auth-token:0 (2.93.3) 2026-02-02T15:20:28.100Z #__loadSession() end

[90mstdout[2m | tests/property/scoped-roles-processing-efficiency.test.ts[2m > [22m[2mProperty 10: Scoped Roles Processing Efficiency[2m > [22m[2mProperty 10.11: Role queries should use appropriate optimized indexes
[22m[39mGoTrueClient@sb-bgxknceshxxifwytalex-auth-token:0 (2.93.3) 2026-02-02T15:20:28.100Z #_useSession end

[90mstdout[2m | tests/property/scoped-roles-processing-efficiency.test.ts[2m > [22m[2mProperty 10: Scoped Roles Processing Efficiency[2m > [22m[2mProperty 10.11: Role queries should use appropriate optimized indexes
[22m[39mGoTrueClient@sb-bgxknceshxxifwytalex-auth-token:0 (2.93.3) 2026-02-02T15:20:28.100Z #_acquireLock lock released for storage key sb-bgxknceshxxifwytalex-auth-token

[90mstdout[2m | tests/property/scoped-roles-processing-efficiency.test.ts[2m > [22m[2mProperty 10: Scoped Roles Processing Efficiency[2m > [22m[2mProperty 10.11: Role queries should use appropriate optimized indexes
[22m[39mGoTrueClient@sb-bgxknceshxxifwytalex-auth-token:0 (2.93.3) 2026-02-02T15:20:28.100Z #_acquireLock end

stderr | tests/property/scoped-roles-processing-efficiency.test.ts > Property 10: Scoped Roles Processing Efficiency > Property 10.11: Role queries should use appropriate optimized indexes
Error fetching org roles: {
  code: 'PGRST200',
  details: "Searched for a foreign key relationship between 'org_roles' and 'user_profiles' in the schema 'public', but no matches were found.",
  hint: null,
  message: "Could not find a relationship between 'org_roles' and 'user_profiles' in the schema cache"
}

[90mstdout[2m | tests/property/scoped-roles-processing-efficiency.test.ts[2m > [22m[2mProperty 10: Scoped Roles Processing Efficiency[2m > [22m[2mProperty 10.11: Role queries should use appropriate optimized indexes
[22m[39mGoTrueClient@sb-bgxknceshxxifwytalex-auth-token:0 (2.93.3) 2026-02-02T15:20:28.120Z #_acquireLock begin [33m10000[39m
GoTrueClient@sb-bgxknceshxxifwytalex-auth-token:0 (2.93.3) 2026-02-02T15:20:28.120Z #_acquireLock lock acquired for storage key sb-bgxknceshxxifwytalex-auth-token
GoTrueClient@sb-bgxknceshxxifwytalex-auth-token:0 (2.93.3) 2026-02-02T15:20:28.120Z #_useSession begin
GoTrueClient@sb-bgxknceshxxifwytalex-auth-token:0 (2.93.3) 2026-02-02T15:20:28.120Z #__loadSession() begin

[90mstdout[2m | tests/property/scoped-roles-processing-efficiency.test.ts[2m > [22m[2mProperty 10: Scoped Roles Processing Efficiency[2m > [22m[2mProperty 10.11: Role queries should use appropriate optimized indexes
[22m[39mGoTrueClient@sb-bgxknceshxxifwytalex-auth-token:0 (2.93.3) 2026-02-02T15:20:28.120Z #getSession() session from storage [1mnull[22m
GoTrueClient@sb-bgxknceshxxifwytalex-auth-token:0 (2.93.3) 2026-02-02T15:20:28.120Z #__loadSession() end

[90mstdout[2m | tests/property/scoped-roles-processing-efficiency.test.ts[2m > [22m[2mProperty 10: Scoped Roles Processing Efficiency[2m > [22m[2mProperty 10.11: Role queries should use appropriate optimized indexes
[22m[39mGoTrueClient@sb-bgxknceshxxifwytalex-auth-token:0 (2.93.3) 2026-02-02T15:20:28.120Z #_useSession end

[90mstdout[2m | tests/property/scoped-roles-processing-efficiency.test.ts[2m > [22m[2mProperty 10: Scoped Roles Processing Efficiency[2m > [22m[2mProperty 10.11: Role queries should use appropriate optimized indexes
[22m[39mGoTrueClient@sb-bgxknceshxxifwytalex-auth-token:0 (2.93.3) 2026-02-02T15:20:28.120Z #_acquireLock lock released for storage key sb-bgxknceshxxifwytalex-auth-token

[90mstdout[2m | tests/property/scoped-roles-processing-efficiency.test.ts[2m > [22m[2mProperty 10: Scoped Roles Processing Efficiency[2m > [22m[2mProperty 10.11: Role queries should use appropriate optimized indexes
[22m[39mGoTrueClient@sb-bgxknceshxxifwytalex-auth-token:0 (2.93.3) 2026-02-02T15:20:28.120Z #_acquireLock end

stderr | tests/property/scoped-roles-processing-efficiency.test.ts > Property 10: Scoped Roles Processing Efficiency > Property 10.11: Role queries should use appropriate optimized indexes
Error fetching project roles: {
  code: 'PGRST200',
  details: "Searched for a foreign key relationship between 'project_roles' and 'user_profiles' in the schema 'public', but no matches were found.",
  hint: null,
  message: "Could not find a relationship between 'project_roles' and 'user_profiles' in the schema cache"
}

[90mstdout[2m | tests/property/scoped-roles-processing-efficiency.test.ts[2m > [22m[2mProperty 10: Scoped Roles Processing Efficiency[2m > [22m[2mProperty 10.11: Role queries should use appropriate optimized indexes
[22m[39mGoTrueClient@sb-bgxknceshxxifwytalex-auth-token:0 (2.93.3) 2026-02-02T15:20:28.140Z #_acquireLock begin [33m10000[39m
GoTrueClient@sb-bgxknceshxxifwytalex-auth-token:0 (2.93.3) 2026-02-02T15:20:28.140Z #_acquireLock lock acquired for storage key sb-bgxknceshxxifwytalex-auth-token
GoTrueClient@sb-bgxknceshxxifwytalex-auth-token:0 (2.93.3) 2026-02-02T15:20:28.140Z #_useSession begin
GoTrueClient@sb-bgxknceshxxifwytalex-auth-token:0 (2.93.3) 2026-02-02T15:20:28.140Z #__loadSession() begin

[90mstdout[2m | tests/property/scoped-roles-processing-efficiency.test.ts[2m > [22m[2mProperty 10: Scoped Roles Processing Efficiency[2m > [22m[2mProperty 10.11: Role queries should use appropriate optimized indexes
[22m[39mGoTrueClient@sb-bgxknceshxxifwytalex-auth-token:0 (2.93.3) 2026-02-02T15:20:28.141Z #getSession() session from storage [1mnull[22m
GoTrueClient@sb-bgxknceshxxifwytalex-auth-token:0 (2.93.3) 2026-02-02T15:20:28.141Z #__loadSession() end

[90mstdout[2m | tests/property/scoped-roles-processing-efficiency.test.ts[2m > [22m[2mProperty 10: Scoped Roles Processing Efficiency[2m > [22m[2mProperty 10.11: Role queries should use appropriate optimized indexes
[22m[39mGoTrueClient@sb-bgxknceshxxifwytalex-auth-token:0 (2.93.3) 2026-02-02T15:20:28.141Z #_useSession end

[90mstdout[2m | tests/property/scoped-roles-processing-efficiency.test.ts[2m > [22m[2mProperty 10: Scoped Roles Processing Efficiency[2m > [22m[2mProperty 10.11: Role queries should use appropriate optimized indexes
[22m[39mGoTrueClient@sb-bgxknceshxxifwytalex-auth-token:0 (2.93.3) 2026-02-02T15:20:28.141Z #_acquireLock lock released for storage key sb-bgxknceshxxifwytalex-auth-token

[90mstdout[2m | tests/property/scoped-roles-processing-efficiency.test.ts[2m > [22m[2mProperty 10: Scoped Roles Processing Efficiency[2m > [22m[2mProperty 10.11: Role queries should use appropriate optimized indexes
[22m[39mGoTrueClient@sb-bgxknceshxxifwytalex-auth-token:0 (2.93.3) 2026-02-02T15:20:28.141Z #_acquireLock end

stderr | tests/property/scoped-roles-processing-efficiency.test.ts > Property 10: Scoped Roles Processing Efficiency > Property 10.11: Role queries should use appropriate optimized indexes
Error fetching org roles: {
  code: 'PGRST200',
  details: "Searched for a foreign key relationship between 'org_roles' and 'user_profiles' in the schema 'public', but no matches were found.",
  hint: null,
  message: "Could not find a relationship between 'org_roles' and 'user_profiles' in the schema cache"
}

[90mstdout[2m | tests/property/scoped-roles-processing-efficiency.test.ts[2m > [22m[2mProperty 10: Scoped Roles Processing Efficiency[2m > [22m[2mProperty 10.11: Role queries should use appropriate optimized indexes
[22m[39mGoTrueClient@sb-bgxknceshxxifwytalex-auth-token:0 (2.93.3) 2026-02-02T15:20:28.158Z #_acquireLock begin [33m10000[39m
GoTrueClient@sb-bgxknceshxxifwytalex-auth-token:0 (2.93.3) 2026-02-02T15:20:28.158Z #_acquireLock lock acquired for storage key sb-bgxknceshxxifwytalex-auth-token
GoTrueClient@sb-bgxknceshxxifwytalex-auth-token:0 (2.93.3) 2026-02-02T15:20:28.158Z #_useSession begin
GoTrueClient@sb-bgxknceshxxifwytalex-auth-token:0 (2.93.3) 2026-02-02T15:20:28.158Z #__loadSession() begin

[90mstdout[2m | tests/property/scoped-roles-processing-efficiency.test.ts[2m > [22m[2mProperty 10: Scoped Roles Processing Efficiency[2m > [22m[2mProperty 10.11: Role queries should use appropriate optimized indexes
[22m[39mGoTrueClient@sb-bgxknceshxxifwytalex-auth-token:0 (2.93.3) 2026-02-02T15:20:28.159Z #getSession() session from storage [1mnull[22m
GoTrueClient@sb-bgxknceshxxifwytalex-auth-token:0 (2.93.3) 2026-02-02T15:20:28.159Z #__loadSession() end

[90mstdout[2m | tests/property/scoped-roles-processing-efficiency.test.ts[2m > [22m[2mProperty 10: Scoped Roles Processing Efficiency[2m > [22m[2mProperty 10.11: Role queries should use appropriate optimized indexes
[22m[39mGoTrueClient@sb-bgxknceshxxifwytalex-auth-token:0 (2.93.3) 2026-02-02T15:20:28.159Z #_useSession end

[90mstdout[2m | tests/property/scoped-roles-processing-efficiency.test.ts[2m > [22m[2mProperty 10: Scoped Roles Processing Efficiency[2m > [22m[2mProperty 10.11: Role queries should use appropriate optimized indexes
[22m[39mGoTrueClient@sb-bgxknceshxxifwytalex-auth-token:0 (2.93.3) 2026-02-02T15:20:28.159Z #_acquireLock lock released for storage key sb-bgxknceshxxifwytalex-auth-token

[90mstdout[2m | tests/property/scoped-roles-processing-efficiency.test.ts[2m > [22m[2mProperty 10: Scoped Roles Processing Efficiency[2m > [22m[2mProperty 10.11: Role queries should use appropriate optimized indexes
[22m[39mGoTrueClient@sb-bgxknceshxxifwytalex-auth-token:0 (2.93.3) 2026-02-02T15:20:28.159Z #_acquireLock end

[90mstdout[2m | tests/property/scoped-roles-processing-efficiency.test.ts[2m > [22m[2mProperty 10: Scoped Roles Processing Efficiency[2m > [22m[2mProperty 10.11: Role queries should use appropriate optimized indexes
[22m[39mGoTrueClient@sb-bgxknceshxxifwytalex-auth-token:0 (2.93.3) 2026-02-02T15:20:28.231Z #_acquireLock begin [33m10000[39m
GoTrueClient@sb-bgxknceshxxifwytalex-auth-token:0 (2.93.3) 2026-02-02T15:20:28.232Z #_acquireLock lock acquired for storage key sb-bgxknceshxxifwytalex-auth-token
GoTrueClient@sb-bgxknceshxxifwytalex-auth-token:0 (2.93.3) 2026-02-02T15:20:28.232Z #_useSession begin
GoTrueClient@sb-bgxknceshxxifwytalex-auth-token:0 (2.93.3) 2026-02-02T15:20:28.232Z #__loadSession() begin

[90mstdout[2m | tests/property/scoped-roles-processing-efficiency.test.ts[2m > [22m[2mProperty 10: Scoped Roles Processing Efficiency[2m > [22m[2mProperty 10.11: Role queries should use appropriate optimized indexes
[22m[39mGoTrueClient@sb-bgxknceshxxifwytalex-auth-token:0 (2.93.3) 2026-02-02T15:20:28.232Z #getSession() session from storage [1mnull[22m
GoTrueClient@sb-bgxknceshxxifwytalex-auth-token:0 (2.93.3) 2026-02-02T15:20:28.232Z #__loadSession() end

[90mstdout[2m | tests/property/scoped-roles-processing-efficiency.test.ts[2m > [22m[2mProperty 10: Scoped Roles Processing Efficiency[2m > [22m[2mProperty 10.11: Role queries should use appropriate optimized indexes
[22m[39mGoTrueClient@sb-bgxknceshxxifwytalex-auth-token:0 (2.93.3) 2026-02-02T15:20:28.232Z #_useSession end

[90mstdout[2m | tests/property/scoped-roles-processing-efficiency.test.ts[2m > [22m[2mProperty 10: Scoped Roles Processing Efficiency[2m > [22m[2mProperty 10.11: Role queries should use appropriate optimized indexes
[22m[39mGoTrueClient@sb-bgxknceshxxifwytalex-auth-token:0 (2.93.3) 2026-02-02T15:20:28.232Z #_acquireLock lock released for storage key sb-bgxknceshxxifwytalex-auth-token

[90mstdout[2m | tests/property/scoped-roles-processing-efficiency.test.ts[2m > [22m[2mProperty 10: Scoped Roles Processing Efficiency[2m > [22m[2mProperty 10.11: Role queries should use appropriate optimized indexes
[22m[39mGoTrueClient@sb-bgxknceshxxifwytalex-auth-token:0 (2.93.3) 2026-02-02T15:20:28.232Z #_acquireLock end

stderr | tests/property/scoped-roles-processing-efficiency.test.ts > Property 10: Scoped Roles Processing Efficiency > Property 10.11: Role queries should use appropriate optimized indexes
Error fetching project roles: {
  code: 'PGRST200',
  details: "Searched for a foreign key relationship between 'project_roles' and 'user_profiles' in the schema 'public', but no matches were found.",
  hint: null,
  message: "Could not find a relationship between 'project_roles' and 'user_profiles' in the schema cache"
}

[90mstdout[2m | tests/property/scoped-roles-processing-efficiency.test.ts[2m > [22m[2mProperty 10: Scoped Roles Processing Efficiency[2m > [22m[2mProperty 10.11: Role queries should use appropriate optimized indexes
[22m[39mGoTrueClient@sb-bgxknceshxxifwytalex-auth-token:0 (2.93.3) 2026-02-02T15:20:28.340Z #_acquireLock begin [33m10000[39m
GoTrueClient@sb-bgxknceshxxifwytalex-auth-token:0 (2.93.3) 2026-02-02T15:20:28.341Z #_acquireLock lock acquired for storage key sb-bgxknceshxxifwytalex-auth-token
GoTrueClient@sb-bgxknceshxxifwytalex-auth-token:0 (2.93.3) 2026-02-02T15:20:28.341Z #_useSession begin
GoTrueClient@sb-bgxknceshxxifwytalex-auth-token:0 (2.93.3) 2026-02-02T15:20:28.341Z #__loadSession() begin

[90mstdout[2m | tests/property/scoped-roles-processing-efficiency.test.ts[2m > [22m[2mProperty 10: Scoped Roles Processing Efficiency[2m > [22m[2mProperty 10.11: Role queries should use appropriate optimized indexes
[22m[39mGoTrueClient@sb-bgxknceshxxifwytalex-auth-token:0 (2.93.3) 2026-02-02T15:20:28.341Z #getSession() session from storage [1mnull[22m
GoTrueClient@sb-bgxknceshxxifwytalex-auth-token:0 (2.93.3) 2026-02-02T15:20:28.341Z #__loadSession() end

[90mstdout[2m | tests/property/scoped-roles-processing-efficiency.test.ts[2m > [22m[2mProperty 10: Scoped Roles Processing Efficiency[2m > [22m[2mProperty 10.11: Role queries should use appropriate optimized indexes
[22m[39mGoTrueClient@sb-bgxknceshxxifwytalex-auth-token:0 (2.93.3) 2026-02-02T15:20:28.341Z #_useSession end

[90mstdout[2m | tests/property/scoped-roles-processing-efficiency.test.ts[2m > [22m[2mProperty 10: Scoped Roles Processing Efficiency[2m > [22m[2mProperty 10.11: Role queries should use appropriate optimized indexes
[22m[39mGoTrueClient@sb-bgxknceshxxifwytalex-auth-token:0 (2.93.3) 2026-02-02T15:20:28.341Z #_acquireLock lock released for storage key sb-bgxknceshxxifwytalex-auth-token

[90mstdout[2m | tests/property/scoped-roles-processing-efficiency.test.ts[2m > [22m[2mProperty 10: Scoped Roles Processing Efficiency[2m > [22m[2mProperty 10.11: Role queries should use appropriate optimized indexes
[22m[39mGoTrueClient@sb-bgxknceshxxifwytalex-auth-token:0 (2.93.3) 2026-02-02T15:20:28.341Z #_acquireLock end

stderr | tests/property/scoped-roles-processing-efficiency.test.ts > Property 10: Scoped Roles Processing Efficiency > Property 10.11: Role queries should use appropriate optimized indexes
Error fetching project roles: {
  code: 'PGRST200',
  details: "Searched for a foreign key relationship between 'project_roles' and 'user_profiles' in the schema 'public', but no matches were found.",
  hint: null,
  message: "Could not find a relationship between 'project_roles' and 'user_profiles' in the schema cache"
}

[90mstdout[2m | tests/property/scoped-roles-processing-efficiency.test.ts[2m > [22m[2mProperty 10: Scoped Roles Processing Efficiency[2m > [22m[2mProperty 10.11: Role queries should use appropriate optimized indexes
[22m[39mGoTrueClient@sb-bgxknceshxxifwytalex-auth-token:0 (2.93.3) 2026-02-02T15:20:28.352Z #_acquireLock begin [33m10000[39m
GoTrueClient@sb-bgxknceshxxifwytalex-auth-token:0 (2.93.3) 2026-02-02T15:20:28.352Z #_acquireLock lock acquired for storage key sb-bgxknceshxxifwytalex-auth-token
GoTrueClient@sb-bgxknceshxxifwytalex-auth-token:0 (2.93.3) 2026-02-02T15:20:28.352Z #_useSession begin
GoTrueClient@sb-bgxknceshxxifwytalex-auth-token:0 (2.93.3) 2026-02-02T15:20:28.352Z #__loadSession() begin

[90mstdout[2m | tests/property/scoped-roles-processing-efficiency.test.ts[2m > [22m[2mProperty 10: Scoped Roles Processing Efficiency[2m > [22m[2mProperty 10.11: Role queries should use appropriate optimized indexes
[22m[39mGoTrueClient@sb-bgxknceshxxifwytalex-auth-token:0 (2.93.3) 2026-02-02T15:20:28.352Z #getSession() session from storage [1mnull[22m
GoTrueClient@sb-bgxknceshxxifwytalex-auth-token:0 (2.93.3) 2026-02-02T15:20:28.352Z #__loadSession() end

[90mstdout[2m | tests/property/scoped-roles-processing-efficiency.test.ts[2m > [22m[2mProperty 10: Scoped Roles Processing Efficiency[2m > [22m[2mProperty 10.11: Role queries should use appropriate optimized indexes
[22m[39mGoTrueClient@sb-bgxknceshxxifwytalex-auth-token:0 (2.93.3) 2026-02-02T15:20:28.352Z #_useSession end

[90mstdout[2m | tests/property/scoped-roles-processing-efficiency.test.ts[2m > [22m[2mProperty 10: Scoped Roles Processing Efficiency[2m > [22m[2mProperty 10.11: Role queries should use appropriate optimized indexes
[22m[39mGoTrueClient@sb-bgxknceshxxifwytalex-auth-token:0 (2.93.3) 2026-02-02T15:20:28.352Z #_acquireLock lock released for storage key sb-bgxknceshxxifwytalex-auth-token

[90mstdout[2m | tests/property/scoped-roles-processing-efficiency.test.ts[2m > [22m[2mProperty 10: Scoped Roles Processing Efficiency[2m > [22m[2mProperty 10.11: Role queries should use appropriate optimized indexes
[22m[39mGoTrueClient@sb-bgxknceshxxifwytalex-auth-token:0 (2.93.3) 2026-02-02T15:20:28.352Z #_acquireLock end

stderr | tests/property/scoped-roles-processing-efficiency.test.ts > Property 10: Scoped Roles Processing Efficiency > Property 10.11: Role queries should use appropriate optimized indexes
Error fetching org roles: {
  code: 'PGRST200',
  details: "Searched for a foreign key relationship between 'org_roles' and 'user_profiles' in the schema 'public', but no matches were found.",
  hint: null,
  message: "Could not find a relationship between 'org_roles' and 'user_profiles' in the schema cache"
}

[90mstdout[2m | tests/property/scoped-roles-processing-efficiency.test.ts[2m > [22m[2mProperty 10: Scoped Roles Processing Efficiency[2m > [22m[2mProperty 10.11: Role queries should use appropriate optimized indexes
[22m[39mGoTrueClient@sb-bgxknceshxxifwytalex-auth-token:0 (2.93.3) 2026-02-02T15:20:28.363Z #_acquireLock begin [33m10000[39m
GoTrueClient@sb-bgxknceshxxifwytalex-auth-token:0 (2.93.3) 2026-02-02T15:20:28.363Z #_acquireLock lock acquired for storage key sb-bgxknceshxxifwytalex-auth-token
GoTrueClient@sb-bgxknceshxxifwytalex-auth-token:0 (2.93.3) 2026-02-02T15:20:28.363Z #_useSession begin
GoTrueClient@sb-bgxknceshxxifwytalex-auth-token:0 (2.93.3) 2026-02-02T15:20:28.363Z #__loadSession() begin

[90mstdout[2m | tests/property/scoped-roles-processing-efficiency.test.ts[2m > [22m[2mProperty 10: Scoped Roles Processing Efficiency[2m > [22m[2mProperty 10.11: Role queries should use appropriate optimized indexes
[22m[39mGoTrueClient@sb-bgxknceshxxifwytalex-auth-token:0 (2.93.3) 2026-02-02T15:20:28.363Z #getSession() session from storage [1mnull[22m
GoTrueClient@sb-bgxknceshxxifwytalex-auth-token:0 (2.93.3) 2026-02-02T15:20:28.363Z #__loadSession() end

[90mstdout[2m | tests/property/scoped-roles-processing-efficiency.test.ts[2m > [22m[2mProperty 10: Scoped Roles Processing Efficiency[2m > [22m[2mProperty 10.11: Role queries should use appropriate optimized indexes
[22m[39mGoTrueClient@sb-bgxknceshxxifwytalex-auth-token:0 (2.93.3) 2026-02-02T15:20:28.363Z #_useSession end

[90mstdout[2m | tests/property/scoped-roles-processing-efficiency.test.ts[2m > [22m[2mProperty 10: Scoped Roles Processing Efficiency[2m > [22m[2mProperty 10.11: Role queries should use appropriate optimized indexes
[22m[39mGoTrueClient@sb-bgxknceshxxifwytalex-auth-token:0 (2.93.3) 2026-02-02T15:20:28.363Z #_acquireLock lock released for storage key sb-bgxknceshxxifwytalex-auth-token

[90mstdout[2m | tests/property/scoped-roles-processing-efficiency.test.ts[2m > [22m[2mProperty 10: Scoped Roles Processing Efficiency[2m > [22m[2mProperty 10.11: Role queries should use appropriate optimized indexes
[22m[39mGoTrueClient@sb-bgxknceshxxifwytalex-auth-token:0 (2.93.3) 2026-02-02T15:20:28.363Z #_acquireLock end

stderr | tests/property/scoped-roles-processing-efficiency.test.ts > Property 10: Scoped Roles Processing Efficiency > Property 10.11: Role queries should use appropriate optimized indexes
Error fetching org roles: {
  code: 'PGRST200',
  details: "Searched for a foreign key relationship between 'org_roles' and 'user_profiles' in the schema 'public', but no matches were found.",
  hint: null,
  message: "Could not find a relationship between 'org_roles' and 'user_profiles' in the schema cache"
}

[90mstdout[2m | tests/property/scoped-roles-processing-efficiency.test.ts[2m > [22m[2mProperty 10: Scoped Roles Processing Efficiency[2m > [22m[2mProperty 10.11: Role queries should use appropriate optimized indexes
[22m[39mGoTrueClient@sb-bgxknceshxxifwytalex-auth-token:0 (2.93.3) 2026-02-02T15:20:28.374Z #_acquireLock begin [33m10000[39m
GoTrueClient@sb-bgxknceshxxifwytalex-auth-token:0 (2.93.3) 2026-02-02T15:20:28.374Z #_acquireLock lock acquired for storage key sb-bgxknceshxxifwytalex-auth-token
GoTrueClient@sb-bgxknceshxxifwytalex-auth-token:0 (2.93.3) 2026-02-02T15:20:28.374Z #_useSession begin
GoTrueClient@sb-bgxknceshxxifwytalex-auth-token:0 (2.93.3) 2026-02-02T15:20:28.374Z #__loadSession() begin

[90mstdout[2m | tests/property/scoped-roles-processing-efficiency.test.ts[2m > [22m[2mProperty 10: Scoped Roles Processing Efficiency[2m > [22m[2mProperty 10.11: Role queries should use appropriate optimized indexes
[22m[39mGoTrueClient@sb-bgxknceshxxifwytalex-auth-token:0 (2.93.3) 2026-02-02T15:20:28.374Z #getSession() session from storage [1mnull[22m
GoTrueClient@sb-bgxknceshxxifwytalex-auth-token:0 (2.93.3) 2026-02-02T15:20:28.374Z #__loadSession() end

[90mstdout[2m | tests/property/scoped-roles-processing-efficiency.test.ts[2m > [22m[2mProperty 10: Scoped Roles Processing Efficiency[2m > [22m[2mProperty 10.11: Role queries should use appropriate optimized indexes
[22m[39mGoTrueClient@sb-bgxknceshxxifwytalex-auth-token:0 (2.93.3) 2026-02-02T15:20:28.374Z #_useSession end

[90mstdout[2m | tests/property/scoped-roles-processing-efficiency.test.ts[2m > [22m[2mProperty 10: Scoped Roles Processing Efficiency[2m > [22m[2mProperty 10.11: Role queries should use appropriate optimized indexes
[22m[39mGoTrueClient@sb-bgxknceshxxifwytalex-auth-token:0 (2.93.3) 2026-02-02T15:20:28.374Z #_acquireLock lock released for storage key sb-bgxknceshxxifwytalex-auth-token

[90mstdout[2m | tests/property/scoped-roles-processing-efficiency.test.ts[2m > [22m[2mProperty 10: Scoped Roles Processing Efficiency[2m > [22m[2mProperty 10.11: Role queries should use appropriate optimized indexes
[22m[39mGoTrueClient@sb-bgxknceshxxifwytalex-auth-token:0 (2.93.3) 2026-02-02T15:20:28.374Z #_acquireLock end

stderr | tests/property/scoped-roles-processing-efficiency.test.ts > Property 10: Scoped Roles Processing Efficiency > Property 10.11: Role queries should use appropriate optimized indexes
Error fetching org roles: {
  code: 'PGRST200',
  details: "Searched for a foreign key relationship between 'org_roles' and 'user_profiles' in the schema 'public', but no matches were found.",
  hint: null,
  message: "Could not find a relationship between 'org_roles' and 'user_profiles' in the schema cache"
}

[90mstdout[2m | tests/property/scoped-roles-processing-efficiency.test.ts[2m > [22m[2mProperty 10: Scoped Roles Processing Efficiency[2m > [22m[2mProperty 10.11: Role queries should use appropriate optimized indexes
[22m[39mGoTrueClient@sb-bgxknceshxxifwytalex-auth-token:0 (2.93.3) 2026-02-02T15:20:28.451Z #_acquireLock begin [33m10000[39m
GoTrueClient@sb-bgxknceshxxifwytalex-auth-token:0 (2.93.3) 2026-02-02T15:20:28.451Z #_acquireLock lock acquired for storage key sb-bgxknceshxxifwytalex-auth-token
GoTrueClient@sb-bgxknceshxxifwytalex-auth-token:0 (2.93.3) 2026-02-02T15:20:28.451Z #_useSession begin
GoTrueClient@sb-bgxknceshxxifwytalex-auth-token:0 (2.93.3) 2026-02-02T15:20:28.451Z #__loadSession() begin

[90mstdout[2m | tests/property/scoped-roles-processing-efficiency.test.ts[2m > [22m[2mProperty 10: Scoped Roles Processing Efficiency[2m > [22m[2mProperty 10.11: Role queries should use appropriate optimized indexes
[22m[39mGoTrueClient@sb-bgxknceshxxifwytalex-auth-token:0 (2.93.3) 2026-02-02T15:20:28.451Z #getSession() session from storage [1mnull[22m
GoTrueClient@sb-bgxknceshxxifwytalex-auth-token:0 (2.93.3) 2026-02-02T15:20:28.451Z #__loadSession() end

[90mstdout[2m | tests/property/scoped-roles-processing-efficiency.test.ts[2m > [22m[2mProperty 10: Scoped Roles Processing Efficiency[2m > [22m[2mProperty 10.11: Role queries should use appropriate optimized indexes
[22m[39mGoTrueClient@sb-bgxknceshxxifwytalex-auth-token:0 (2.93.3) 2026-02-02T15:20:28.451Z #_useSession end

[90mstdout[2m | tests/property/scoped-roles-processing-efficiency.test.ts[2m > [22m[2mProperty 10: Scoped Roles Processing Efficiency[2m > [22m[2mProperty 10.11: Role queries should use appropriate optimized indexes
[22m[39mGoTrueClient@sb-bgxknceshxxifwytalex-auth-token:0 (2.93.3) 2026-02-02T15:20:28.451Z #_acquireLock lock released for storage key sb-bgxknceshxxifwytalex-auth-token

[90mstdout[2m | tests/property/scoped-roles-processing-efficiency.test.ts[2m > [22m[2mProperty 10: Scoped Roles Processing Efficiency[2m > [22m[2mProperty 10.11: Role queries should use appropriate optimized indexes
[22m[39mGoTrueClient@sb-bgxknceshxxifwytalex-auth-token:0 (2.93.3) 2026-02-02T15:20:28.451Z #_acquireLock end

stderr | tests/property/scoped-roles-processing-efficiency.test.ts > Property 10: Scoped Roles Processing Efficiency > Property 10.11: Role queries should use appropriate optimized indexes
Error fetching project roles: {
  code: 'PGRST200',
  details: "Searched for a foreign key relationship between 'project_roles' and 'user_profiles' in the schema 'public', but no matches were found.",
  hint: null,
  message: "Could not find a relationship between 'project_roles' and 'user_profiles' in the schema cache"
}

[90mstdout[2m | tests/property/scoped-roles-processing-efficiency.test.ts[2m > [22m[2mProperty 10: Scoped Roles Processing Efficiency[2m > [22m[2mProperty 10.11: Role queries should use appropriate optimized indexes
[22m[39mGoTrueClient@sb-bgxknceshxxifwytalex-auth-token:0 (2.93.3) 2026-02-02T15:20:28.552Z #_acquireLock begin [33m10000[39m
GoTrueClient@sb-bgxknceshxxifwytalex-auth-token:0 (2.93.3) 2026-02-02T15:20:28.552Z #_acquireLock lock acquired for storage key sb-bgxknceshxxifwytalex-auth-token
GoTrueClient@sb-bgxknceshxxifwytalex-auth-token:0 (2.93.3) 2026-02-02T15:20:28.552Z #_useSession begin
GoTrueClient@sb-bgxknceshxxifwytalex-auth-token:0 (2.93.3) 2026-02-02T15:20:28.552Z #__loadSession() begin

[90mstdout[2m | tests/property/scoped-roles-processing-efficiency.test.ts[2m > [22m[2mProperty 10: Scoped Roles Processing Efficiency[2m > [22m[2mProperty 10.11: Role queries should use appropriate optimized indexes
[22m[39mGoTrueClient@sb-bgxknceshxxifwytalex-auth-token:0 (2.93.3) 2026-02-02T15:20:28.553Z #getSession() session from storage [1mnull[22m
GoTrueClient@sb-bgxknceshxxifwytalex-auth-token:0 (2.93.3) 2026-02-02T15:20:28.553Z #__loadSession() end

[90mstdout[2m | tests/property/scoped-roles-processing-efficiency.test.ts[2m > [22m[2mProperty 10: Scoped Roles Processing Efficiency[2m > [22m[2mProperty 10.11: Role queries should use appropriate optimized indexes
[22m[39mGoTrueClient@sb-bgxknceshxxifwytalex-auth-token:0 (2.93.3) 2026-02-02T15:20:28.553Z #_useSession end

[90mstdout[2m | tests/property/scoped-roles-processing-efficiency.test.ts[2m > [22m[2mProperty 10: Scoped Roles Processing Efficiency[2m > [22m[2mProperty 10.11: Role queries should use appropriate optimized indexes
[22m[39mGoTrueClient@sb-bgxknceshxxifwytalex-auth-token:0 (2.93.3) 2026-02-02T15:20:28.553Z #_acquireLock lock released for storage key sb-bgxknceshxxifwytalex-auth-token

[90mstdout[2m | tests/property/scoped-roles-processing-efficiency.test.ts[2m > [22m[2mProperty 10: Scoped Roles Processing Efficiency[2m > [22m[2mProperty 10.11: Role queries should use appropriate optimized indexes
[22m[39mGoTrueClient@sb-bgxknceshxxifwytalex-auth-token:0 (2.93.3) 2026-02-02T15:20:28.553Z #_acquireLock end

[90mstdout[2m | tests/property/scoped-roles-processing-efficiency.test.ts[2m > [22m[2mProperty 10: Scoped Roles Processing Efficiency[2m > [22m[2mProperty 10.11: Role queries should use appropriate optimized indexes
[22m[39mGoTrueClient@sb-bgxknceshxxifwytalex-auth-token:0 (2.93.3) 2026-02-02T15:20:28.561Z #_acquireLock begin [33m10000[39m
GoTrueClient@sb-bgxknceshxxifwytalex-auth-token:0 (2.93.3) 2026-02-02T15:20:28.562Z #_acquireLock lock acquired for storage key sb-bgxknceshxxifwytalex-auth-token
GoTrueClient@sb-bgxknceshxxifwytalex-auth-token:0 (2.93.3) 2026-02-02T15:20:28.562Z #_useSession begin
GoTrueClient@sb-bgxknceshxxifwytalex-auth-token:0 (2.93.3) 2026-02-02T15:20:28.562Z #__loadSession() begin

[90mstdout[2m | tests/property/scoped-roles-processing-efficiency.test.ts[2m > [22m[2mProperty 10: Scoped Roles Processing Efficiency[2m > [22m[2mProperty 10.11: Role queries should use appropriate optimized indexes
[22m[39mGoTrueClient@sb-bgxknceshxxifwytalex-auth-token:0 (2.93.3) 2026-02-02T15:20:28.562Z #getSession() session from storage [1mnull[22m
GoTrueClient@sb-bgxknceshxxifwytalex-auth-token:0 (2.93.3) 2026-02-02T15:20:28.562Z #__loadSession() end

[90mstdout[2m | tests/property/scoped-roles-processing-efficiency.test.ts[2m > [22m[2mProperty 10: Scoped Roles Processing Efficiency[2m > [22m[2mProperty 10.11: Role queries should use appropriate optimized indexes
[22m[39mGoTrueClient@sb-bgxknceshxxifwytalex-auth-token:0 (2.93.3) 2026-02-02T15:20:28.562Z #_useSession end

[90mstdout[2m | tests/property/scoped-roles-processing-efficiency.test.ts[2m > [22m[2mProperty 10: Scoped Roles Processing Efficiency[2m > [22m[2mProperty 10.11: Role queries should use appropriate optimized indexes
[22m[39mGoTrueClient@sb-bgxknceshxxifwytalex-auth-token:0 (2.93.3) 2026-02-02T15:20:28.562Z #_acquireLock lock released for storage key sb-bgxknceshxxifwytalex-auth-token

[90mstdout[2m | tests/property/scoped-roles-processing-efficiency.test.ts[2m > [22m[2mProperty 10: Scoped Roles Processing Efficiency[2m > [22m[2mProperty 10.11: Role queries should use appropriate optimized indexes
[22m[39mGoTrueClient@sb-bgxknceshxxifwytalex-auth-token:0 (2.93.3) 2026-02-02T15:20:28.562Z #_acquireLock end

stderr | tests/property/scoped-roles-processing-efficiency.test.ts > Property 10: Scoped Roles Processing Efficiency > Property 10.11: Role queries should use appropriate optimized indexes
Error fetching org roles: {
  code: 'PGRST200',
  details: "Searched for a foreign key relationship between 'org_roles' and 'user_profiles' in the schema 'public', but no matches were found.",
  hint: null,
  message: "Could not find a relationship between 'org_roles' and 'user_profiles' in the schema cache"
}

[90mstdout[2m | tests/property/scoped-roles-processing-efficiency.test.ts[2m > [22m[2mProperty 10: Scoped Roles Processing Efficiency[2m > [22m[2mProperty 10.11: Role queries should use appropriate optimized indexes
[22m[39mGoTrueClient@sb-bgxknceshxxifwytalex-auth-token:0 (2.93.3) 2026-02-02T15:20:28.573Z #_acquireLock begin [33m10000[39m
GoTrueClient@sb-bgxknceshxxifwytalex-auth-token:0 (2.93.3) 2026-02-02T15:20:28.573Z #_acquireLock lock acquired for storage key sb-bgxknceshxxifwytalex-auth-token
GoTrueClient@sb-bgxknceshxxifwytalex-auth-token:0 (2.93.3) 2026-02-02T15:20:28.573Z #_useSession begin
GoTrueClient@sb-bgxknceshxxifwytalex-auth-token:0 (2.93.3) 2026-02-02T15:20:28.573Z #__loadSession() begin

[90mstdout[2m | tests/property/scoped-roles-processing-efficiency.test.ts[2m > [22m[2mProperty 10: Scoped Roles Processing Efficiency[2m > [22m[2mProperty 10.11: Role queries should use appropriate optimized indexes
[22m[39mGoTrueClient@sb-bgxknceshxxifwytalex-auth-token:0 (2.93.3) 2026-02-02T15:20:28.574Z #getSession() session from storage [1mnull[22m
GoTrueClient@sb-bgxknceshxxifwytalex-auth-token:0 (2.93.3) 2026-02-02T15:20:28.574Z #__loadSession() end

[90mstdout[2m | tests/property/scoped-roles-processing-efficiency.test.ts[2m > [22m[2mProperty 10: Scoped Roles Processing Efficiency[2m > [22m[2mProperty 10.11: Role queries should use appropriate optimized indexes
[22m[39mGoTrueClient@sb-bgxknceshxxifwytalex-auth-token:0 (2.93.3) 2026-02-02T15:20:28.574Z #_useSession end

[90mstdout[2m | tests/property/scoped-roles-processing-efficiency.test.ts[2m > [22m[2mProperty 10: Scoped Roles Processing Efficiency[2m > [22m[2mProperty 10.11: Role queries should use appropriate optimized indexes
[22m[39mGoTrueClient@sb-bgxknceshxxifwytalex-auth-token:0 (2.93.3) 2026-02-02T15:20:28.574Z #_acquireLock lock released for storage key sb-bgxknceshxxifwytalex-auth-token

[90mstdout[2m | tests/property/scoped-roles-processing-efficiency.test.ts[2m > [22m[2mProperty 10: Scoped Roles Processing Efficiency[2m > [22m[2mProperty 10.11: Role queries should use appropriate optimized indexes
[22m[39mGoTrueClient@sb-bgxknceshxxifwytalex-auth-token:0 (2.93.3) 2026-02-02T15:20:28.574Z #_acquireLock end

stderr | tests/property/scoped-roles-processing-efficiency.test.ts > Property 10: Scoped Roles Processing Efficiency > Property 10.11: Role queries should use appropriate optimized indexes
Error fetching org roles: {
  code: 'PGRST200',
  details: "Searched for a foreign key relationship between 'org_roles' and 'user_profiles' in the schema 'public', but no matches were found.",
  hint: null,
  message: "Could not find a relationship between 'org_roles' and 'user_profiles' in the schema cache"
}

[90mstdout[2m | tests/property/scoped-roles-processing-efficiency.test.ts[2m > [22m[2mProperty 10: Scoped Roles Processing Efficiency[2m > [22m[2mProperty 10.11: Role queries should use appropriate optimized indexes
[22m[39mGoTrueClient@sb-bgxknceshxxifwytalex-auth-token:0 (2.93.3) 2026-02-02T15:20:28.625Z #_acquireLock begin [33m10000[39m
GoTrueClient@sb-bgxknceshxxifwytalex-auth-token:0 (2.93.3) 2026-02-02T15:20:28.625Z #_acquireLock lock acquired for storage key sb-bgxknceshxxifwytalex-auth-token
GoTrueClient@sb-bgxknceshxxifwytalex-auth-token:0 (2.93.3) 2026-02-02T15:20:28.625Z #_useSession begin
GoTrueClient@sb-bgxknceshxxifwytalex-auth-token:0 (2.93.3) 2026-02-02T15:20:28.625Z #__loadSession() begin

[90mstdout[2m | tests/property/scoped-roles-processing-efficiency.test.ts[2m > [22m[2mProperty 10: Scoped Roles Processing Efficiency[2m > [22m[2mProperty 10.11: Role queries should use appropriate optimized indexes
[22m[39mGoTrueClient@sb-bgxknceshxxifwytalex-auth-token:0 (2.93.3) 2026-02-02T15:20:28.625Z #getSession() session from storage [1mnull[22m
GoTrueClient@sb-bgxknceshxxifwytalex-auth-token:0 (2.93.3) 2026-02-02T15:20:28.625Z #__loadSession() end

[90mstdout[2m | tests/property/scoped-roles-processing-efficiency.test.ts[2m > [22m[2mProperty 10: Scoped Roles Processing Efficiency[2m > [22m[2mProperty 10.11: Role queries should use appropriate optimized indexes
[22m[39mGoTrueClient@sb-bgxknceshxxifwytalex-auth-token:0 (2.93.3) 2026-02-02T15:20:28.626Z #_useSession end

[90mstdout[2m | tests/property/scoped-roles-processing-efficiency.test.ts[2m > [22m[2mProperty 10: Scoped Roles Processing Efficiency[2m > [22m[2mProperty 10.11: Role queries should use appropriate optimized indexes
[22m[39mGoTrueClient@sb-bgxknceshxxifwytalex-auth-token:0 (2.93.3) 2026-02-02T15:20:28.626Z #_acquireLock lock released for storage key sb-bgxknceshxxifwytalex-auth-token

[90mstdout[2m | tests/property/scoped-roles-processing-efficiency.test.ts[2m > [22m[2mProperty 10: Scoped Roles Processing Efficiency[2m > [22m[2mProperty 10.11: Role queries should use appropriate optimized indexes
[22m[39mGoTrueClient@sb-bgxknceshxxifwytalex-auth-token:0 (2.93.3) 2026-02-02T15:20:28.626Z #_acquireLock end

stderr | tests/property/scoped-roles-processing-efficiency.test.ts > Property 10: Scoped Roles Processing Efficiency > Property 10.11: Role queries should use appropriate optimized indexes
Error fetching project roles: {
  code: 'PGRST200',
  details: "Searched for a foreign key relationship between 'project_roles' and 'user_profiles' in the schema 'public', but no matches were found.",
  hint: null,
  message: "Could not find a relationship between 'project_roles' and 'user_profiles' in the schema cache"
}

[90mstdout[2m | tests/property/scoped-roles-processing-efficiency.test.ts[2m > [22m[2mProperty 10: Scoped Roles Processing Efficiency[2m > [22m[2mProperty 10.11: Role queries should use appropriate optimized indexes
[22m[39mGoTrueClient@sb-bgxknceshxxifwytalex-auth-token:0 (2.93.3) 2026-02-02T15:20:28.755Z #_acquireLock begin [33m10000[39m
GoTrueClient@sb-bgxknceshxxifwytalex-auth-token:0 (2.93.3) 2026-02-02T15:20:28.756Z #_acquireLock lock acquired for storage key sb-bgxknceshxxifwytalex-auth-token
GoTrueClient@sb-bgxknceshxxifwytalex-auth-token:0 (2.93.3) 2026-02-02T15:20:28.756Z #_useSession begin
GoTrueClient@sb-bgxknceshxxifwytalex-auth-token:0 (2.93.3) 2026-02-02T15:20:28.756Z #__loadSession() begin

[90mstdout[2m | tests/property/scoped-roles-processing-efficiency.test.ts[2m > [22m[2mProperty 10: Scoped Roles Processing Efficiency[2m > [22m[2mProperty 10.11: Role queries should use appropriate optimized indexes
[22m[39mGoTrueClient@sb-bgxknceshxxifwytalex-auth-token:0 (2.93.3) 2026-02-02T15:20:28.756Z #getSession() session from storage [1mnull[22m
GoTrueClient@sb-bgxknceshxxifwytalex-auth-token:0 (2.93.3) 2026-02-02T15:20:28.756Z #__loadSession() end

[90mstdout[2m | tests/property/scoped-roles-processing-efficiency.test.ts[2m > [22m[2mProperty 10: Scoped Roles Processing Efficiency[2m > [22m[2mProperty 10.11: Role queries should use appropriate optimized indexes
[22m[39mGoTrueClient@sb-bgxknceshxxifwytalex-auth-token:0 (2.93.3) 2026-02-02T15:20:28.756Z #_useSession end

[90mstdout[2m | tests/property/scoped-roles-processing-efficiency.test.ts[2m > [22m[2mProperty 10: Scoped Roles Processing Efficiency[2m > [22m[2mProperty 10.11: Role queries should use appropriate optimized indexes
[22m[39mGoTrueClient@sb-bgxknceshxxifwytalex-auth-token:0 (2.93.3) 2026-02-02T15:20:28.756Z #_acquireLock lock released for storage key sb-bgxknceshxxifwytalex-auth-token

[90mstdout[2m | tests/property/scoped-roles-processing-efficiency.test.ts[2m > [22m[2mProperty 10: Scoped Roles Processing Efficiency[2m > [22m[2mProperty 10.11: Role queries should use appropriate optimized indexes
[22m[39mGoTrueClient@sb-bgxknceshxxifwytalex-auth-token:0 (2.93.3) 2026-02-02T15:20:28.756Z #_acquireLock end

stderr | tests/property/scoped-roles-processing-efficiency.test.ts > Property 10: Scoped Roles Processing Efficiency > Property 10.11: Role queries should use appropriate optimized indexes
Error fetching org roles: {
  code: 'PGRST200',
  details: "Searched for a foreign key relationship between 'org_roles' and 'user_profiles' in the schema 'public', but no matches were found.",
  hint: null,
  message: "Could not find a relationship between 'org_roles' and 'user_profiles' in the schema cache"
}

[90mstdout[2m | tests/property/scoped-roles-processing-efficiency.test.ts[2m > [22m[2mProperty 10: Scoped Roles Processing Efficiency[2m > [22m[2mProperty 10.11: Role queries should use appropriate optimized indexes
[22m[39mGoTrueClient@sb-bgxknceshxxifwytalex-auth-token:0 (2.93.3) 2026-02-02T15:20:28.759Z #_acquireLock begin [33m10000[39m
GoTrueClient@sb-bgxknceshxxifwytalex-auth-token:0 (2.93.3) 2026-02-02T15:20:28.759Z #_acquireLock lock acquired for storage key sb-bgxknceshxxifwytalex-auth-token
GoTrueClient@sb-bgxknceshxxifwytalex-auth-token:0 (2.93.3) 2026-02-02T15:20:28.759Z #_useSession begin
GoTrueClient@sb-bgxknceshxxifwytalex-auth-token:0 (2.93.3) 2026-02-02T15:20:28.759Z #__loadSession() begin

[90mstdout[2m | tests/property/scoped-roles-processing-efficiency.test.ts[2m > [22m[2mProperty 10: Scoped Roles Processing Efficiency[2m > [22m[2mProperty 10.11: Role queries should use appropriate optimized indexes
[22m[39mGoTrueClient@sb-bgxknceshxxifwytalex-auth-token:0 (2.93.3) 2026-02-02T15:20:28.759Z #getSession() session from storage [1mnull[22m
GoTrueClient@sb-bgxknceshxxifwytalex-auth-token:0 (2.93.3) 2026-02-02T15:20:28.759Z #__loadSession() end

[90mstdout[2m | tests/property/scoped-roles-processing-efficiency.test.ts[2m > [22m[2mProperty 10: Scoped Roles Processing Efficiency[2m > [22m[2mProperty 10.11: Role queries should use appropriate optimized indexes
[22m[39mGoTrueClient@sb-bgxknceshxxifwytalex-auth-token:0 (2.93.3) 2026-02-02T15:20:28.759Z #_useSession end

[90mstdout[2m | tests/property/scoped-roles-processing-efficiency.test.ts[2m > [22m[2mProperty 10: Scoped Roles Processing Efficiency[2m > [22m[2mProperty 10.11: Role queries should use appropriate optimized indexes
[22m[39mGoTrueClient@sb-bgxknceshxxifwytalex-auth-token:0 (2.93.3) 2026-02-02T15:20:28.759Z #_acquireLock lock released for storage key sb-bgxknceshxxifwytalex-auth-token

[90mstdout[2m | tests/property/scoped-roles-processing-efficiency.test.ts[2m > [22m[2mProperty 10: Scoped Roles Processing Efficiency[2m > [22m[2mProperty 10.11: Role queries should use appropriate optimized indexes
[22m[39mGoTrueClient@sb-bgxknceshxxifwytalex-auth-token:0 (2.93.3) 2026-02-02T15:20:28.759Z #_acquireLock end

stderr | tests/property/scoped-roles-processing-efficiency.test.ts > Property 10: Scoped Roles Processing Efficiency > Property 10.11: Role queries should use appropriate optimized indexes
Error fetching project roles: {
  code: 'PGRST200',
  details: "Searched for a foreign key relationship between 'project_roles' and 'user_profiles' in the schema 'public', but no matches were found.",
  hint: null,
  message: "Could not find a relationship between 'project_roles' and 'user_profiles' in the schema cache"
}

[90mstdout[2m | tests/property/scoped-roles-processing-efficiency.test.ts[2m > [22m[2mProperty 10: Scoped Roles Processing Efficiency[2m > [22m[2mProperty 10.11: Role queries should use appropriate optimized indexes
[22m[39mGoTrueClient@sb-bgxknceshxxifwytalex-auth-token:0 (2.93.3) 2026-02-02T15:20:28.763Z #_acquireLock begin [33m10000[39m
GoTrueClient@sb-bgxknceshxxifwytalex-auth-token:0 (2.93.3) 2026-02-02T15:20:28.763Z #_acquireLock lock acquired for storage key sb-bgxknceshxxifwytalex-auth-token
GoTrueClient@sb-bgxknceshxxifwytalex-auth-token:0 (2.93.3) 2026-02-02T15:20:28.763Z #_useSession begin
GoTrueClient@sb-bgxknceshxxifwytalex-auth-token:0 (2.93.3) 2026-02-02T15:20:28.763Z #__loadSession() begin

[90mstdout[2m | tests/property/scoped-roles-processing-efficiency.test.ts[2m > [22m[2mProperty 10: Scoped Roles Processing Efficiency[2m > [22m[2mProperty 10.11: Role queries should use appropriate optimized indexes
[22m[39mGoTrueClient@sb-bgxknceshxxifwytalex-auth-token:0 (2.93.3) 2026-02-02T15:20:28.763Z #getSession() session from storage [1mnull[22m
GoTrueClient@sb-bgxknceshxxifwytalex-auth-token:0 (2.93.3) 2026-02-02T15:20:28.763Z #__loadSession() end

[90mstdout[2m | tests/property/scoped-roles-processing-efficiency.test.ts[2m > [22m[2mProperty 10: Scoped Roles Processing Efficiency[2m > [22m[2mProperty 10.11: Role queries should use appropriate optimized indexes
[22m[39mGoTrueClient@sb-bgxknceshxxifwytalex-auth-token:0 (2.93.3) 2026-02-02T15:20:28.763Z #_useSession end

[90mstdout[2m | tests/property/scoped-roles-processing-efficiency.test.ts[2m > [22m[2mProperty 10: Scoped Roles Processing Efficiency[2m > [22m[2mProperty 10.11: Role queries should use appropriate optimized indexes
[22m[39mGoTrueClient@sb-bgxknceshxxifwytalex-auth-token:0 (2.93.3) 2026-02-02T15:20:28.763Z #_acquireLock lock released for storage key sb-bgxknceshxxifwytalex-auth-token

[90mstdout[2m | tests/property/scoped-roles-processing-efficiency.test.ts[2m > [22m[2mProperty 10: Scoped Roles Processing Efficiency[2m > [22m[2mProperty 10.11: Role queries should use appropriate optimized indexes
[22m[39mGoTrueClient@sb-bgxknceshxxifwytalex-auth-token:0 (2.93.3) 2026-02-02T15:20:28.763Z #_acquireLock end

stderr | tests/property/scoped-roles-processing-efficiency.test.ts > Property 10: Scoped Roles Processing Efficiency > Property 10.11: Role queries should use appropriate optimized indexes
Error fetching org roles: {
  code: 'PGRST200',
  details: "Searched for a foreign key relationship between 'org_roles' and 'user_profiles' in the schema 'public', but no matches were found.",
  hint: null,
  message: "Could not find a relationship between 'org_roles' and 'user_profiles' in the schema cache"
}

[90mstdout[2m | tests/property/scoped-roles-processing-efficiency.test.ts[2m > [22m[2mProperty 10: Scoped Roles Processing Efficiency[2m > [22m[2mProperty 10.11: Role queries should use appropriate optimized indexes
[22m[39mGoTrueClient@sb-bgxknceshxxifwytalex-auth-token:0 (2.93.3) 2026-02-02T15:20:28.788Z #_acquireLock begin [33m10000[39m
GoTrueClient@sb-bgxknceshxxifwytalex-auth-token:0 (2.93.3) 2026-02-02T15:20:28.788Z #_acquireLock lock acquired for storage key sb-bgxknceshxxifwytalex-auth-token
GoTrueClient@sb-bgxknceshxxifwytalex-auth-token:0 (2.93.3) 2026-02-02T15:20:28.788Z #_useSession begin
GoTrueClient@sb-bgxknceshxxifwytalex-auth-token:0 (2.93.3) 2026-02-02T15:20:28.788Z #__loadSession() begin

[90mstdout[2m | tests/property/scoped-roles-processing-efficiency.test.ts[2m > [22m[2mProperty 10: Scoped Roles Processing Efficiency[2m > [22m[2mProperty 10.11: Role queries should use appropriate optimized indexes
[22m[39mGoTrueClient@sb-bgxknceshxxifwytalex-auth-token:0 (2.93.3) 2026-02-02T15:20:28.789Z #getSession() session from storage [1mnull[22m
GoTrueClient@sb-bgxknceshxxifwytalex-auth-token:0 (2.93.3) 2026-02-02T15:20:28.789Z #__loadSession() end

[90mstdout[2m | tests/property/scoped-roles-processing-efficiency.test.ts[2m > [22m[2mProperty 10: Scoped Roles Processing Efficiency[2m > [22m[2mProperty 10.11: Role queries should use appropriate optimized indexes
[22m[39mGoTrueClient@sb-bgxknceshxxifwytalex-auth-token:0 (2.93.3) 2026-02-02T15:20:28.789Z #_useSession end

[90mstdout[2m | tests/property/scoped-roles-processing-efficiency.test.ts[2m > [22m[2mProperty 10: Scoped Roles Processing Efficiency[2m > [22m[2mProperty 10.11: Role queries should use appropriate optimized indexes
[22m[39mGoTrueClient@sb-bgxknceshxxifwytalex-auth-token:0 (2.93.3) 2026-02-02T15:20:28.789Z #_acquireLock lock released for storage key sb-bgxknceshxxifwytalex-auth-token

[90mstdout[2m | tests/property/scoped-roles-processing-efficiency.test.ts[2m > [22m[2mProperty 10: Scoped Roles Processing Efficiency[2m > [22m[2mProperty 10.11: Role queries should use appropriate optimized indexes
[22m[39mGoTrueClient@sb-bgxknceshxxifwytalex-auth-token:0 (2.93.3) 2026-02-02T15:20:28.789Z #_acquireLock end

[90mstdout[2m | tests/property/scoped-roles-processing-efficiency.test.ts[2m > [22m[2mProperty 10: Scoped Roles Processing Efficiency[2m > [22m[2mProperty 10.11: Role queries should use appropriate optimized indexes
[22m[39mGoTrueClient@sb-bgxknceshxxifwytalex-auth-token:0 (2.93.3) 2026-02-02T15:20:28.955Z #_acquireLock begin [33m10000[39m
GoTrueClient@sb-bgxknceshxxifwytalex-auth-token:0 (2.93.3) 2026-02-02T15:20:28.955Z #_acquireLock lock acquired for storage key sb-bgxknceshxxifwytalex-auth-token
GoTrueClient@sb-bgxknceshxxifwytalex-auth-token:0 (2.93.3) 2026-02-02T15:20:28.955Z #_useSession begin
GoTrueClient@sb-bgxknceshxxifwytalex-auth-token:0 (2.93.3) 2026-02-02T15:20:28.955Z #__loadSession() begin

[90mstdout[2m | tests/property/scoped-roles-processing-efficiency.test.ts[2m > [22m[2mProperty 10: Scoped Roles Processing Efficiency[2m > [22m[2mProperty 10.11: Role queries should use appropriate optimized indexes
[22m[39mGoTrueClient@sb-bgxknceshxxifwytalex-auth-token:0 (2.93.3) 2026-02-02T15:20:28.956Z #getSession() session from storage [1mnull[22m
GoTrueClient@sb-bgxknceshxxifwytalex-auth-token:0 (2.93.3) 2026-02-02T15:20:28.956Z #__loadSession() end

[90mstdout[2m | tests/property/scoped-roles-processing-efficiency.test.ts[2m > [22m[2mProperty 10: Scoped Roles Processing Efficiency[2m > [22m[2mProperty 10.11: Role queries should use appropriate optimized indexes
[22m[39mGoTrueClient@sb-bgxknceshxxifwytalex-auth-token:0 (2.93.3) 2026-02-02T15:20:28.956Z #_useSession end

[90mstdout[2m | tests/property/scoped-roles-processing-efficiency.test.ts[2m > [22m[2mProperty 10: Scoped Roles Processing Efficiency[2m > [22m[2mProperty 10.11: Role queries should use appropriate optimized indexes
[22m[39mGoTrueClient@sb-bgxknceshxxifwytalex-auth-token:0 (2.93.3) 2026-02-02T15:20:28.956Z #_acquireLock lock released for storage key sb-bgxknceshxxifwytalex-auth-token

[90mstdout[2m | tests/property/scoped-roles-processing-efficiency.test.ts[2m > [22m[2mProperty 10: Scoped Roles Processing Efficiency[2m > [22m[2mProperty 10.11: Role queries should use appropriate optimized indexes
[22m[39mGoTrueClient@sb-bgxknceshxxifwytalex-auth-token:0 (2.93.3) 2026-02-02T15:20:28.956Z #_acquireLock end

stderr | tests/property/scoped-roles-processing-efficiency.test.ts > Property 10: Scoped Roles Processing Efficiency > Property 10.11: Role queries should use appropriate optimized indexes
Error fetching project roles: {
  code: 'PGRST200',
  details: "Searched for a foreign key relationship between 'project_roles' and 'user_profiles' in the schema 'public', but no matches were found.",
  hint: null,
  message: "Could not find a relationship between 'project_roles' and 'user_profiles' in the schema cache"
}

[90mstdout[2m | tests/property/scoped-roles-processing-efficiency.test.ts[2m > [22m[2mProperty 10: Scoped Roles Processing Efficiency[2m > [22m[2mProperty 10.11: Role queries should use appropriate optimized indexes
[22m[39mGoTrueClient@sb-bgxknceshxxifwytalex-auth-token:0 (2.93.3) 2026-02-02T15:20:28.981Z #_acquireLock begin [33m10000[39m
GoTrueClient@sb-bgxknceshxxifwytalex-auth-token:0 (2.93.3) 2026-02-02T15:20:28.981Z #_acquireLock lock acquired for storage key sb-bgxknceshxxifwytalex-auth-token
GoTrueClient@sb-bgxknceshxxifwytalex-auth-token:0 (2.93.3) 2026-02-02T15:20:28.981Z #_useSession begin
GoTrueClient@sb-bgxknceshxxifwytalex-auth-token:0 (2.93.3) 2026-02-02T15:20:28.982Z #__loadSession() begin

[90mstdout[2m | tests/property/scoped-roles-processing-efficiency.test.ts[2m > [22m[2mProperty 10: Scoped Roles Processing Efficiency[2m > [22m[2mProperty 10.11: Role queries should use appropriate optimized indexes
[22m[39mGoTrueClient@sb-bgxknceshxxifwytalex-auth-token:0 (2.93.3) 2026-02-02T15:20:28.982Z #getSession() session from storage [1mnull[22m
GoTrueClient@sb-bgxknceshxxifwytalex-auth-token:0 (2.93.3) 2026-02-02T15:20:28.982Z #__loadSession() end

[90mstdout[2m | tests/property/scoped-roles-processing-efficiency.test.ts[2m > [22m[2mProperty 10: Scoped Roles Processing Efficiency[2m > [22m[2mProperty 10.11: Role queries should use appropriate optimized indexes
[22m[39mGoTrueClient@sb-bgxknceshxxifwytalex-auth-token:0 (2.93.3) 2026-02-02T15:20:28.982Z #_useSession end

[90mstdout[2m | tests/property/scoped-roles-processing-efficiency.test.ts[2m > [22m[2mProperty 10: Scoped Roles Processing Efficiency[2m > [22m[2mProperty 10.11: Role queries should use appropriate optimized indexes
[22m[39mGoTrueClient@sb-bgxknceshxxifwytalex-auth-token:0 (2.93.3) 2026-02-02T15:20:28.982Z #_acquireLock lock released for storage key sb-bgxknceshxxifwytalex-auth-token

[90mstdout[2m | tests/property/scoped-roles-processing-efficiency.test.ts[2m > [22m[2mProperty 10: Scoped Roles Processing Efficiency[2m > [22m[2mProperty 10.11: Role queries should use appropriate optimized indexes
[22m[39mGoTrueClient@sb-bgxknceshxxifwytalex-auth-token:0 (2.93.3) 2026-02-02T15:20:28.982Z #_acquireLock end

stderr | tests/property/scoped-roles-processing-efficiency.test.ts > Property 10: Scoped Roles Processing Efficiency > Property 10.11: Role queries should use appropriate optimized indexes
Error fetching project roles: {
  code: 'PGRST200',
  details: "Searched for a foreign key relationship between 'project_roles' and 'user_profiles' in the schema 'public', but no matches were found.",
  hint: null,
  message: "Could not find a relationship between 'project_roles' and 'user_profiles' in the schema cache"
}

[90mstdout[2m | tests/property/scoped-roles-processing-efficiency.test.ts[2m > [22m[2mProperty 10: Scoped Roles Processing Efficiency[2m > [22m[2mProperty 10.11: Role queries should use appropriate optimized indexes
[22m[39mGoTrueClient@sb-bgxknceshxxifwytalex-auth-token:0 (2.93.3) 2026-02-02T15:20:28.988Z #_acquireLock begin [33m10000[39m
GoTrueClient@sb-bgxknceshxxifwytalex-auth-token:0 (2.93.3) 2026-02-02T15:20:28.988Z #_acquireLock lock acquired for storage key sb-bgxknceshxxifwytalex-auth-token
GoTrueClient@sb-bgxknceshxxifwytalex-auth-token:0 (2.93.3) 2026-02-02T15:20:28.988Z #_useSession begin
GoTrueClient@sb-bgxknceshxxifwytalex-auth-token:0 (2.93.3) 2026-02-02T15:20:28.988Z #__loadSession() begin

[90mstdout[2m | tests/property/scoped-roles-processing-efficiency.test.ts[2m > [22m[2mProperty 10: Scoped Roles Processing Efficiency[2m > [22m[2mProperty 10.11: Role queries should use appropriate optimized indexes
[22m[39mGoTrueClient@sb-bgxknceshxxifwytalex-auth-token:0 (2.93.3) 2026-02-02T15:20:28.989Z #getSession() session from storage [1mnull[22m
GoTrueClient@sb-bgxknceshxxifwytalex-auth-token:0 (2.93.3) 2026-02-02T15:20:28.989Z #__loadSession() end

[90mstdout[2m | tests/property/scoped-roles-processing-efficiency.test.ts[2m > [22m[2mProperty 10: Scoped Roles Processing Efficiency[2m > [22m[2mProperty 10.11: Role queries should use appropriate optimized indexes
[22m[39mGoTrueClient@sb-bgxknceshxxifwytalex-auth-token:0 (2.93.3) 2026-02-02T15:20:28.989Z #_useSession end

[90mstdout[2m | tests/property/scoped-roles-processing-efficiency.test.ts[2m > [22m[2mProperty 10: Scoped Roles Processing Efficiency[2m > [22m[2mProperty 10.11: Role queries should use appropriate optimized indexes
[22m[39mGoTrueClient@sb-bgxknceshxxifwytalex-auth-token:0 (2.93.3) 2026-02-02T15:20:28.989Z #_acquireLock lock released for storage key sb-bgxknceshxxifwytalex-auth-token

[90mstdout[2m | tests/property/scoped-roles-processing-efficiency.test.ts[2m > [22m[2mProperty 10: Scoped Roles Processing Efficiency[2m > [22m[2mProperty 10.11: Role queries should use appropriate optimized indexes
[22m[39mGoTrueClient@sb-bgxknceshxxifwytalex-auth-token:0 (2.93.3) 2026-02-02T15:20:28.989Z #_acquireLock end

stderr | tests/property/scoped-roles-processing-efficiency.test.ts > Property 10: Scoped Roles Processing Efficiency > Property 10.11: Role queries should use appropriate optimized indexes
Error fetching org roles: {
  code: 'PGRST200',
  details: "Searched for a foreign key relationship between 'org_roles' and 'user_profiles' in the schema 'public', but no matches were found.",
  hint: null,
  message: "Could not find a relationship between 'org_roles' and 'user_profiles' in the schema cache"
}

[90mstdout[2m | tests/property/scoped-roles-processing-efficiency.test.ts[2m > [22m[2mProperty 10: Scoped Roles Processing Efficiency[2m > [22m[2mProperty 10.11: Role queries should use appropriate optimized indexes
[22m[39mGoTrueClient@sb-bgxknceshxxifwytalex-auth-token:0 (2.93.3) 2026-02-02T15:20:28.993Z #_acquireLock begin [33m10000[39m
GoTrueClient@sb-bgxknceshxxifwytalex-auth-token:0 (2.93.3) 2026-02-02T15:20:28.993Z #_acquireLock lock acquired for storage key sb-bgxknceshxxifwytalex-auth-token
GoTrueClient@sb-bgxknceshxxifwytalex-auth-token:0 (2.93.3) 2026-02-02T15:20:28.993Z #_useSession begin
GoTrueClient@sb-bgxknceshxxifwytalex-auth-token:0 (2.93.3) 2026-02-02T15:20:28.993Z #__loadSession() begin

[90mstdout[2m | tests/property/scoped-roles-processing-efficiency.test.ts[2m > [22m[2mProperty 10: Scoped Roles Processing Efficiency[2m > [22m[2mProperty 10.11: Role queries should use appropriate optimized indexes
[22m[39mGoTrueClient@sb-bgxknceshxxifwytalex-auth-token:0 (2.93.3) 2026-02-02T15:20:28.993Z #getSession() session from storage [1mnull[22m
GoTrueClient@sb-bgxknceshxxifwytalex-auth-token:0 (2.93.3) 2026-02-02T15:20:28.993Z #__loadSession() end

[90mstdout[2m | tests/property/scoped-roles-processing-efficiency.test.ts[2m > [22m[2mProperty 10: Scoped Roles Processing Efficiency[2m > [22m[2mProperty 10.11: Role queries should use appropriate optimized indexes
[22m[39mGoTrueClient@sb-bgxknceshxxifwytalex-auth-token:0 (2.93.3) 2026-02-02T15:20:28.993Z #_useSession end

[90mstdout[2m | tests/property/scoped-roles-processing-efficiency.test.ts[2m > [22m[2mProperty 10: Scoped Roles Processing Efficiency[2m > [22m[2mProperty 10.11: Role queries should use appropriate optimized indexes
[22m[39mGoTrueClient@sb-bgxknceshxxifwytalex-auth-token:0 (2.93.3) 2026-02-02T15:20:28.993Z #_acquireLock lock released for storage key sb-bgxknceshxxifwytalex-auth-token

[90mstdout[2m | tests/property/scoped-roles-processing-efficiency.test.ts[2m > [22m[2mProperty 10: Scoped Roles Processing Efficiency[2m > [22m[2mProperty 10.11: Role queries should use appropriate optimized indexes
[22m[39mGoTrueClient@sb-bgxknceshxxifwytalex-auth-token:0 (2.93.3) 2026-02-02T15:20:28.993Z #_acquireLock end

stderr | tests/property/scoped-roles-processing-efficiency.test.ts > Property 10: Scoped Roles Processing Efficiency > Property 10.11: Role queries should use appropriate optimized indexes
Error fetching org roles: {
  code: 'PGRST200',
  details: "Searched for a foreign key relationship between 'org_roles' and 'user_profiles' in the schema 'public', but no matches were found.",
  hint: null,
  message: "Could not find a relationship between 'org_roles' and 'user_profiles' in the schema cache"
}

[90mstdout[2m | tests/property/scoped-roles-processing-efficiency.test.ts[2m > [22m[2mProperty 10: Scoped Roles Processing Efficiency[2m > [22m[2mProperty 10.11: Role queries should use appropriate optimized indexes
[22m[39mGoTrueClient@sb-bgxknceshxxifwytalex-auth-token:0 (2.93.3) 2026-02-02T15:20:29.171Z #_acquireLock begin [33m10000[39m
GoTrueClient@sb-bgxknceshxxifwytalex-auth-token:0 (2.93.3) 2026-02-02T15:20:29.171Z #_acquireLock lock acquired for storage key sb-bgxknceshxxifwytalex-auth-token
GoTrueClient@sb-bgxknceshxxifwytalex-auth-token:0 (2.93.3) 2026-02-02T15:20:29.171Z #_useSession begin
GoTrueClient@sb-bgxknceshxxifwytalex-auth-token:0 (2.93.3) 2026-02-02T15:20:29.171Z #__loadSession() begin

[90mstdout[2m | tests/property/scoped-roles-processing-efficiency.test.ts[2m > [22m[2mProperty 10: Scoped Roles Processing Efficiency[2m > [22m[2mProperty 10.11: Role queries should use appropriate optimized indexes
[22m[39mGoTrueClient@sb-bgxknceshxxifwytalex-auth-token:0 (2.93.3) 2026-02-02T15:20:29.172Z #getSession() session from storage [1mnull[22m
GoTrueClient@sb-bgxknceshxxifwytalex-auth-token:0 (2.93.3) 2026-02-02T15:20:29.172Z #__loadSession() end

[90mstdout[2m | tests/property/scoped-roles-processing-efficiency.test.ts[2m > [22m[2mProperty 10: Scoped Roles Processing Efficiency[2m > [22m[2mProperty 10.11: Role queries should use appropriate optimized indexes
[22m[39mGoTrueClient@sb-bgxknceshxxifwytalex-auth-token:0 (2.93.3) 2026-02-02T15:20:29.172Z #_useSession end

[90mstdout[2m | tests/property/scoped-roles-processing-efficiency.test.ts[2m > [22m[2mProperty 10: Scoped Roles Processing Efficiency[2m > [22m[2mProperty 10.11: Role queries should use appropriate optimized indexes
[22m[39mGoTrueClient@sb-bgxknceshxxifwytalex-auth-token:0 (2.93.3) 2026-02-02T15:20:29.172Z #_acquireLock lock released for storage key sb-bgxknceshxxifwytalex-auth-token

[90mstdout[2m | tests/property/scoped-roles-processing-efficiency.test.ts[2m > [22m[2mProperty 10: Scoped Roles Processing Efficiency[2m > [22m[2mProperty 10.11: Role queries should use appropriate optimized indexes
[22m[39mGoTrueClient@sb-bgxknceshxxifwytalex-auth-token:0 (2.93.3) 2026-02-02T15:20:29.172Z #_acquireLock end

[90mstdout[2m | tests/property/scoped-roles-processing-efficiency.test.ts[2m > [22m[2mProperty 10: Scoped Roles Processing Efficiency[2m > [22m[2mProperty 10.11: Role queries should use appropriate optimized indexes
[22m[39mGoTrueClient@sb-bgxknceshxxifwytalex-auth-token:0 (2.93.3) 2026-02-02T15:20:29.185Z #_acquireLock begin [33m10000[39m
GoTrueClient@sb-bgxknceshxxifwytalex-auth-token:0 (2.93.3) 2026-02-02T15:20:29.185Z #_acquireLock lock acquired for storage key sb-bgxknceshxxifwytalex-auth-token
GoTrueClient@sb-bgxknceshxxifwytalex-auth-token:0 (2.93.3) 2026-02-02T15:20:29.185Z #_useSession begin
GoTrueClient@sb-bgxknceshxxifwytalex-auth-token:0 (2.93.3) 2026-02-02T15:20:29.185Z #__loadSession() begin

[90mstdout[2m | tests/property/scoped-roles-processing-efficiency.test.ts[2m > [22m[2mProperty 10: Scoped Roles Processing Efficiency[2m > [22m[2mProperty 10.11: Role queries should use appropriate optimized indexes
[22m[39mGoTrueClient@sb-bgxknceshxxifwytalex-auth-token:0 (2.93.3) 2026-02-02T15:20:29.185Z #getSession() session from storage [1mnull[22m
GoTrueClient@sb-bgxknceshxxifwytalex-auth-token:0 (2.93.3) 2026-02-02T15:20:29.185Z #__loadSession() end

[90mstdout[2m | tests/property/scoped-roles-processing-efficiency.test.ts[2m > [22m[2mProperty 10: Scoped Roles Processing Efficiency[2m > [22m[2mProperty 10.11: Role queries should use appropriate optimized indexes
[22m[39mGoTrueClient@sb-bgxknceshxxifwytalex-auth-token:0 (2.93.3) 2026-02-02T15:20:29.186Z #_useSession end

[90mstdout[2m | tests/property/scoped-roles-processing-efficiency.test.ts[2m > [22m[2mProperty 10: Scoped Roles Processing Efficiency[2m > [22m[2mProperty 10.11: Role queries should use appropriate optimized indexes
[22m[39mGoTrueClient@sb-bgxknceshxxifwytalex-auth-token:0 (2.93.3) 2026-02-02T15:20:29.186Z #_acquireLock lock released for storage key sb-bgxknceshxxifwytalex-auth-token

[90mstdout[2m | tests/property/scoped-roles-processing-efficiency.test.ts[2m > [22m[2mProperty 10: Scoped Roles Processing Efficiency[2m > [22m[2mProperty 10.11: Role queries should use appropriate optimized indexes
[22m[39mGoTrueClient@sb-bgxknceshxxifwytalex-auth-token:0 (2.93.3) 2026-02-02T15:20:29.186Z #_acquireLock end

stderr | tests/property/scoped-roles-processing-efficiency.test.ts > Property 10: Scoped Roles Processing Efficiency > Property 10.11: Role queries should use appropriate optimized indexes
Error fetching org roles: {
  code: 'PGRST200',
  details: "Searched for a foreign key relationship between 'org_roles' and 'user_profiles' in the schema 'public', but no matches were found.",
  hint: null,
  message: "Could not find a relationship between 'org_roles' and 'user_profiles' in the schema cache"
}

[90mstdout[2m | tests/property/scoped-roles-processing-efficiency.test.ts[2m > [22m[2mProperty 10: Scoped Roles Processing Efficiency[2m > [22m[2mProperty 10.11: Role queries should use appropriate optimized indexes
[22m[39mGoTrueClient@sb-bgxknceshxxifwytalex-auth-token:0 (2.93.3) 2026-02-02T15:20:29.206Z #_acquireLock begin [33m10000[39m
GoTrueClient@sb-bgxknceshxxifwytalex-auth-token:0 (2.93.3) 2026-02-02T15:20:29.206Z #_acquireLock lock acquired for storage key sb-bgxknceshxxifwytalex-auth-token
GoTrueClient@sb-bgxknceshxxifwytalex-auth-token:0 (2.93.3) 2026-02-02T15:20:29.206Z #_useSession begin
GoTrueClient@sb-bgxknceshxxifwytalex-auth-token:0 (2.93.3) 2026-02-02T15:20:29.206Z #__loadSession() begin

[90mstdout[2m | tests/property/scoped-roles-processing-efficiency.test.ts[2m > [22m[2mProperty 10: Scoped Roles Processing Efficiency[2m > [22m[2mProperty 10.11: Role queries should use appropriate optimized indexes
[22m[39mGoTrueClient@sb-bgxknceshxxifwytalex-auth-token:0 (2.93.3) 2026-02-02T15:20:29.206Z #getSession() session from storage [1mnull[22m
GoTrueClient@sb-bgxknceshxxifwytalex-auth-token:0 (2.93.3) 2026-02-02T15:20:29.206Z #__loadSession() end

[90mstdout[2m | tests/property/scoped-roles-processing-efficiency.test.ts[2m > [22m[2mProperty 10: Scoped Roles Processing Efficiency[2m > [22m[2mProperty 10.11: Role queries should use appropriate optimized indexes
[22m[39mGoTrueClient@sb-bgxknceshxxifwytalex-auth-token:0 (2.93.3) 2026-02-02T15:20:29.206Z #_useSession end

[90mstdout[2m | tests/property/scoped-roles-processing-efficiency.test.ts[2m > [22m[2mProperty 10: Scoped Roles Processing Efficiency[2m > [22m[2mProperty 10.11: Role queries should use appropriate optimized indexes
[22m[39mGoTrueClient@sb-bgxknceshxxifwytalex-auth-token:0 (2.93.3) 2026-02-02T15:20:29.206Z #_acquireLock lock released for storage key sb-bgxknceshxxifwytalex-auth-token

[90mstdout[2m | tests/property/scoped-roles-processing-efficiency.test.ts[2m > [22m[2mProperty 10: Scoped Roles Processing Efficiency[2m > [22m[2mProperty 10.11: Role queries should use appropriate optimized indexes
[22m[39mGoTrueClient@sb-bgxknceshxxifwytalex-auth-token:0 (2.93.3) 2026-02-02T15:20:29.207Z #_acquireLock end

stderr | tests/property/scoped-roles-processing-efficiency.test.ts > Property 10: Scoped Roles Processing Efficiency > Property 10.11: Role queries should use appropriate optimized indexes
Error fetching project roles: {
  code: 'PGRST200',
  details: "Searched for a foreign key relationship between 'project_roles' and 'user_profiles' in the schema 'public', but no matches were found.",
  hint: null,
  message: "Could not find a relationship between 'project_roles' and 'user_profiles' in the schema cache"
}

[90mstdout[2m | tests/property/scoped-roles-processing-efficiency.test.ts[2m > [22m[2mProperty 10: Scoped Roles Processing Efficiency[2m > [22m[2mProperty 10.11: Role queries should use appropriate optimized indexes
[22m[39mGoTrueClient@sb-bgxknceshxxifwytalex-auth-token:0 (2.93.3) 2026-02-02T15:20:29.213Z #_acquireLock begin [33m10000[39m
GoTrueClient@sb-bgxknceshxxifwytalex-auth-token:0 (2.93.3) 2026-02-02T15:20:29.213Z #_acquireLock lock acquired for storage key sb-bgxknceshxxifwytalex-auth-token
GoTrueClient@sb-bgxknceshxxifwytalex-auth-token:0 (2.93.3) 2026-02-02T15:20:29.213Z #_useSession begin
GoTrueClient@sb-bgxknceshxxifwytalex-auth-token:0 (2.93.3) 2026-02-02T15:20:29.213Z #__loadSession() begin

[90mstdout[2m | tests/property/scoped-roles-processing-efficiency.test.ts[2m > [22m[2mProperty 10: Scoped Roles Processing Efficiency[2m > [22m[2mProperty 10.11: Role queries should use appropriate optimized indexes
[22m[39mGoTrueClient@sb-bgxknceshxxifwytalex-auth-token:0 (2.93.3) 2026-02-02T15:20:29.214Z #getSession() session from storage [1mnull[22m
GoTrueClient@sb-bgxknceshxxifwytalex-auth-token:0 (2.93.3) 2026-02-02T15:20:29.214Z #__loadSession() end

[90mstdout[2m | tests/property/scoped-roles-processing-efficiency.test.ts[2m > [22m[2mProperty 10: Scoped Roles Processing Efficiency[2m > [22m[2mProperty 10.11: Role queries should use appropriate optimized indexes
[22m[39mGoTrueClient@sb-bgxknceshxxifwytalex-auth-token:0 (2.93.3) 2026-02-02T15:20:29.214Z #_useSession end

[90mstdout[2m | tests/property/scoped-roles-processing-efficiency.test.ts[2m > [22m[2mProperty 10: Scoped Roles Processing Efficiency[2m > [22m[2mProperty 10.11: Role queries should use appropriate optimized indexes
[22m[39mGoTrueClient@sb-bgxknceshxxifwytalex-auth-token:0 (2.93.3) 2026-02-02T15:20:29.214Z #_acquireLock lock released for storage key sb-bgxknceshxxifwytalex-auth-token

[90mstdout[2m | tests/property/scoped-roles-processing-efficiency.test.ts[2m > [22m[2mProperty 10: Scoped Roles Processing Efficiency[2m > [22m[2mProperty 10.11: Role queries should use appropriate optimized indexes
[22m[39mGoTrueClient@sb-bgxknceshxxifwytalex-auth-token:0 (2.93.3) 2026-02-02T15:20:29.214Z #_acquireLock end

stderr | tests/property/scoped-roles-processing-efficiency.test.ts > Property 10: Scoped Roles Processing Efficiency > Property 10.11: Role queries should use appropriate optimized indexes
Error fetching org roles: {
  code: 'PGRST200',
  details: "Searched for a foreign key relationship between 'org_roles' and 'user_profiles' in the schema 'public', but no matches were found.",
  hint: null,
  message: "Could not find a relationship between 'org_roles' and 'user_profiles' in the schema cache"
}

[90mstdout[2m | tests/property/scoped-roles-processing-efficiency.test.ts[2m > [22m[2mProperty 10: Scoped Roles Processing Efficiency[2m > [22m[2mProperty 10.11: Role queries should use appropriate optimized indexes
[22m[39mGoTrueClient@sb-bgxknceshxxifwytalex-auth-token:0 (2.93.3) 2026-02-02T15:20:29.218Z #_acquireLock begin [33m10000[39m
GoTrueClient@sb-bgxknceshxxifwytalex-auth-token:0 (2.93.3) 2026-02-02T15:20:29.218Z #_acquireLock lock acquired for storage key sb-bgxknceshxxifwytalex-auth-token
GoTrueClient@sb-bgxknceshxxifwytalex-auth-token:0 (2.93.3) 2026-02-02T15:20:29.218Z #_useSession begin
GoTrueClient@sb-bgxknceshxxifwytalex-auth-token:0 (2.93.3) 2026-02-02T15:20:29.218Z #__loadSession() begin

[90mstdout[2m | tests/property/scoped-roles-processing-efficiency.test.ts[2m > [22m[2mProperty 10: Scoped Roles Processing Efficiency[2m > [22m[2mProperty 10.11: Role queries should use appropriate optimized indexes
[22m[39mGoTrueClient@sb-bgxknceshxxifwytalex-auth-token:0 (2.93.3) 2026-02-02T15:20:29.218Z #getSession() session from storage [1mnull[22m
GoTrueClient@sb-bgxknceshxxifwytalex-auth-token:0 (2.93.3) 2026-02-02T15:20:29.218Z #__loadSession() end

[90mstdout[2m | tests/property/scoped-roles-processing-efficiency.test.ts[2m > [22m[2mProperty 10: Scoped Roles Processing Efficiency[2m > [22m[2mProperty 10.11: Role queries should use appropriate optimized indexes
[22m[39mGoTrueClient@sb-bgxknceshxxifwytalex-auth-token:0 (2.93.3) 2026-02-02T15:20:29.218Z #_useSession end

[90mstdout[2m | tests/property/scoped-roles-processing-efficiency.test.ts[2m > [22m[2mProperty 10: Scoped Roles Processing Efficiency[2m > [22m[2mProperty 10.11: Role queries should use appropriate optimized indexes
[22m[39mGoTrueClient@sb-bgxknceshxxifwytalex-auth-token:0 (2.93.3) 2026-02-02T15:20:29.218Z #_acquireLock lock released for storage key sb-bgxknceshxxifwytalex-auth-token

[90mstdout[2m | tests/property/scoped-roles-processing-efficiency.test.ts[2m > [22m[2mProperty 10: Scoped Roles Processing Efficiency[2m > [22m[2mProperty 10.11: Role queries should use appropriate optimized indexes
[22m[39mGoTrueClient@sb-bgxknceshxxifwytalex-auth-token:0 (2.93.3) 2026-02-02T15:20:29.218Z #_acquireLock end

stderr | tests/property/scoped-roles-processing-efficiency.test.ts > Property 10: Scoped Roles Processing Efficiency > Property 10.11: Role queries should use appropriate optimized indexes
Error fetching org roles: {
  code: 'PGRST200',
  details: "Searched for a foreign key relationship between 'org_roles' and 'user_profiles' in the schema 'public', but no matches were found.",
  hint: null,
  message: "Could not find a relationship between 'org_roles' and 'user_profiles' in the schema cache"
}

[90mstdout[2m | tests/property/scoped-roles-processing-efficiency.test.ts[2m > [22m[2mProperty 10: Scoped Roles Processing Efficiency[2m > [22m[2mProperty 10.11: Role queries should use appropriate optimized indexes
[22m[39mGoTrueClient@sb-bgxknceshxxifwytalex-auth-token:0 (2.93.3) 2026-02-02T15:20:29.386Z #_acquireLock begin [33m10000[39m
GoTrueClient@sb-bgxknceshxxifwytalex-auth-token:0 (2.93.3) 2026-02-02T15:20:29.386Z #_acquireLock lock acquired for storage key sb-bgxknceshxxifwytalex-auth-token
GoTrueClient@sb-bgxknceshxxifwytalex-auth-token:0 (2.93.3) 2026-02-02T15:20:29.386Z #_useSession begin
GoTrueClient@sb-bgxknceshxxifwytalex-auth-token:0 (2.93.3) 2026-02-02T15:20:29.386Z #__loadSession() begin

[90mstdout[2m | tests/property/scoped-roles-processing-efficiency.test.ts[2m > [22m[2mProperty 10: Scoped Roles Processing Efficiency[2m > [22m[2mProperty 10.11: Role queries should use appropriate optimized indexes
[22m[39mGoTrueClient@sb-bgxknceshxxifwytalex-auth-token:0 (2.93.3) 2026-02-02T15:20:29.386Z #getSession() session from storage [1mnull[22m
GoTrueClient@sb-bgxknceshxxifwytalex-auth-token:0 (2.93.3) 2026-02-02T15:20:29.386Z #__loadSession() end

[90mstdout[2m | tests/property/scoped-roles-processing-efficiency.test.ts[2m > [22m[2mProperty 10: Scoped Roles Processing Efficiency[2m > [22m[2mProperty 10.11: Role queries should use appropriate optimized indexes
[22m[39mGoTrueClient@sb-bgxknceshxxifwytalex-auth-token:0 (2.93.3) 2026-02-02T15:20:29.387Z #_useSession end

[90mstdout[2m | tests/property/scoped-roles-processing-efficiency.test.ts[2m > [22m[2mProperty 10: Scoped Roles Processing Efficiency[2m > [22m[2mProperty 10.11: Role queries should use appropriate optimized indexes
[22m[39mGoTrueClient@sb-bgxknceshxxifwytalex-auth-token:0 (2.93.3) 2026-02-02T15:20:29.387Z #_acquireLock lock released for storage key sb-bgxknceshxxifwytalex-auth-token

[90mstdout[2m | tests/property/scoped-roles-processing-efficiency.test.ts[2m > [22m[2mProperty 10: Scoped Roles Processing Efficiency[2m > [22m[2mProperty 10.11: Role queries should use appropriate optimized indexes
[22m[39mGoTrueClient@sb-bgxknceshxxifwytalex-auth-token:0 (2.93.3) 2026-02-02T15:20:29.387Z #_acquireLock end

stderr | tests/property/scoped-roles-processing-efficiency.test.ts > Property 10: Scoped Roles Processing Efficiency > Property 10.11: Role queries should use appropriate optimized indexes
Error fetching org roles: {
  code: 'PGRST200',
  details: "Searched for a foreign key relationship between 'org_roles' and 'user_profiles' in the schema 'public', but no matches were found.",
  hint: null,
  message: "Could not find a relationship between 'org_roles' and 'user_profiles' in the schema cache"
}

[90mstdout[2m | tests/property/scoped-roles-processing-efficiency.test.ts[2m > [22m[2mProperty 10: Scoped Roles Processing Efficiency[2m > [22m[2mProperty 10.11: Role queries should use appropriate optimized indexes
[22m[39mGoTrueClient@sb-bgxknceshxxifwytalex-auth-token:0 (2.93.3) 2026-02-02T15:20:29.400Z #_acquireLock begin [33m10000[39m
GoTrueClient@sb-bgxknceshxxifwytalex-auth-token:0 (2.93.3) 2026-02-02T15:20:29.400Z #_acquireLock lock acquired for storage key sb-bgxknceshxxifwytalex-auth-token
GoTrueClient@sb-bgxknceshxxifwytalex-auth-token:0 (2.93.3) 2026-02-02T15:20:29.400Z #_useSession begin
GoTrueClient@sb-bgxknceshxxifwytalex-auth-token:0 (2.93.3) 2026-02-02T15:20:29.400Z #__loadSession() begin

[90mstdout[2m | tests/property/scoped-roles-processing-efficiency.test.ts[2m > [22m[2mProperty 10: Scoped Roles Processing Efficiency[2m > [22m[2mProperty 10.11: Role queries should use appropriate optimized indexes
[22m[39mGoTrueClient@sb-bgxknceshxxifwytalex-auth-token:0 (2.93.3) 2026-02-02T15:20:29.400Z #getSession() session from storage [1mnull[22m
GoTrueClient@sb-bgxknceshxxifwytalex-auth-token:0 (2.93.3) 2026-02-02T15:20:29.400Z #__loadSession() end

[90mstdout[2m | tests/property/scoped-roles-processing-efficiency.test.ts[2m > [22m[2mProperty 10: Scoped Roles Processing Efficiency[2m > [22m[2mProperty 10.11: Role queries should use appropriate optimized indexes
[22m[39mGoTrueClient@sb-bgxknceshxxifwytalex-auth-token:0 (2.93.3) 2026-02-02T15:20:29.400Z #_useSession end

[90mstdout[2m | tests/property/scoped-roles-processing-efficiency.test.ts[2m > [22m[2mProperty 10: Scoped Roles Processing Efficiency[2m > [22m[2mProperty 10.11: Role queries should use appropriate optimized indexes
[22m[39mGoTrueClient@sb-bgxknceshxxifwytalex-auth-token:0 (2.93.3) 2026-02-02T15:20:29.400Z #_acquireLock lock released for storage key sb-bgxknceshxxifwytalex-auth-token

[90mstdout[2m | tests/property/scoped-roles-processing-efficiency.test.ts[2m > [22m[2mProperty 10: Scoped Roles Processing Efficiency[2m > [22m[2mProperty 10.11: Role queries should use appropriate optimized indexes
[22m[39mGoTrueClient@sb-bgxknceshxxifwytalex-auth-token:0 (2.93.3) 2026-02-02T15:20:29.400Z #_acquireLock end

stderr | tests/property/scoped-roles-processing-efficiency.test.ts > Property 10: Scoped Roles Processing Efficiency > Property 10.11: Role queries should use appropriate optimized indexes
Error fetching project roles: {
  code: 'PGRST200',
  details: "Searched for a foreign key relationship between 'project_roles' and 'user_profiles' in the schema 'public', but no matches were found.",
  hint: null,
  message: "Could not find a relationship between 'project_roles' and 'user_profiles' in the schema cache"
}

[90mstdout[2m | tests/property/scoped-roles-processing-efficiency.test.ts[2m > [22m[2mProperty 10: Scoped Roles Processing Efficiency[2m > [22m[2mProperty 10.11: Role queries should use appropriate optimized indexes
[22m[39mGoTrueClient@sb-bgxknceshxxifwytalex-auth-token:0 (2.93.3) 2026-02-02T15:20:29.403Z #_acquireLock begin [33m10000[39m
GoTrueClient@sb-bgxknceshxxifwytalex-auth-token:0 (2.93.3) 2026-02-02T15:20:29.403Z #_acquireLock lock acquired for storage key sb-bgxknceshxxifwytalex-auth-token
GoTrueClient@sb-bgxknceshxxifwytalex-auth-token:0 (2.93.3) 2026-02-02T15:20:29.403Z #_useSession begin
GoTrueClient@sb-bgxknceshxxifwytalex-auth-token:0 (2.93.3) 2026-02-02T15:20:29.403Z #__loadSession() begin

[90mstdout[2m | tests/property/scoped-roles-processing-efficiency.test.ts[2m > [22m[2mProperty 10: Scoped Roles Processing Efficiency[2m > [22m[2mProperty 10.11: Role queries should use appropriate optimized indexes
[22m[39mGoTrueClient@sb-bgxknceshxxifwytalex-auth-token:0 (2.93.3) 2026-02-02T15:20:29.403Z #getSession() session from storage [1mnull[22m
GoTrueClient@sb-bgxknceshxxifwytalex-auth-token:0 (2.93.3) 2026-02-02T15:20:29.403Z #__loadSession() end

[90mstdout[2m | tests/property/scoped-roles-processing-efficiency.test.ts[2m > [22m[2mProperty 10: Scoped Roles Processing Efficiency[2m > [22m[2mProperty 10.11: Role queries should use appropriate optimized indexes
[22m[39mGoTrueClient@sb-bgxknceshxxifwytalex-auth-token:0 (2.93.3) 2026-02-02T15:20:29.403Z #_useSession end

[90mstdout[2m | tests/property/scoped-roles-processing-efficiency.test.ts[2m > [22m[2mProperty 10: Scoped Roles Processing Efficiency[2m > [22m[2mProperty 10.11: Role queries should use appropriate optimized indexes
[22m[39mGoTrueClient@sb-bgxknceshxxifwytalex-auth-token:0 (2.93.3) 2026-02-02T15:20:29.403Z #_acquireLock lock released for storage key sb-bgxknceshxxifwytalex-auth-token

[90mstdout[2m | tests/property/scoped-roles-processing-efficiency.test.ts[2m > [22m[2mProperty 10: Scoped Roles Processing Efficiency[2m > [22m[2mProperty 10.11: Role queries should use appropriate optimized indexes
[22m[39mGoTrueClient@sb-bgxknceshxxifwytalex-auth-token:0 (2.93.3) 2026-02-02T15:20:29.403Z #_acquireLock end

stderr | tests/property/scoped-roles-processing-efficiency.test.ts > Property 10: Scoped Roles Processing Efficiency > Property 10.11: Role queries should use appropriate optimized indexes
Error fetching project roles: {
  code: 'PGRST200',
  details: "Searched for a foreign key relationship between 'project_roles' and 'user_profiles' in the schema 'public', but no matches were found.",
  hint: null,
  message: "Could not find a relationship between 'project_roles' and 'user_profiles' in the schema cache"
}

[90mstdout[2m | tests/property/scoped-roles-processing-efficiency.test.ts[2m > [22m[2mProperty 10: Scoped Roles Processing Efficiency[2m > [22m[2mProperty 10.11: Role queries should use appropriate optimized indexes
[22m[39mGoTrueClient@sb-bgxknceshxxifwytalex-auth-token:0 (2.93.3) 2026-02-02T15:20:29.419Z #_acquireLock begin [33m10000[39m
GoTrueClient@sb-bgxknceshxxifwytalex-auth-token:0 (2.93.3) 2026-02-02T15:20:29.419Z #_acquireLock lock acquired for storage key sb-bgxknceshxxifwytalex-auth-token
GoTrueClient@sb-bgxknceshxxifwytalex-auth-token:0 (2.93.3) 2026-02-02T15:20:29.419Z #_useSession begin
GoTrueClient@sb-bgxknceshxxifwytalex-auth-token:0 (2.93.3) 2026-02-02T15:20:29.419Z #__loadSession() begin

[90mstdout[2m | tests/property/scoped-roles-processing-efficiency.test.ts[2m > [22m[2mProperty 10: Scoped Roles Processing Efficiency[2m > [22m[2mProperty 10.11: Role queries should use appropriate optimized indexes
[22m[39mGoTrueClient@sb-bgxknceshxxifwytalex-auth-token:0 (2.93.3) 2026-02-02T15:20:29.419Z #getSession() session from storage [1mnull[22m
GoTrueClient@sb-bgxknceshxxifwytalex-auth-token:0 (2.93.3) 2026-02-02T15:20:29.419Z #__loadSession() end

[90mstdout[2m | tests/property/scoped-roles-processing-efficiency.test.ts[2m > [22m[2mProperty 10: Scoped Roles Processing Efficiency[2m > [22m[2mProperty 10.11: Role queries should use appropriate optimized indexes
[22m[39mGoTrueClient@sb-bgxknceshxxifwytalex-auth-token:0 (2.93.3) 2026-02-02T15:20:29.419Z #_useSession end

[90mstdout[2m | tests/property/scoped-roles-processing-efficiency.test.ts[2m > [22m[2mProperty 10: Scoped Roles Processing Efficiency[2m > [22m[2mProperty 10.11: Role queries should use appropriate optimized indexes
[22m[39mGoTrueClient@sb-bgxknceshxxifwytalex-auth-token:0 (2.93.3) 2026-02-02T15:20:29.419Z #_acquireLock lock released for storage key sb-bgxknceshxxifwytalex-auth-token

[90mstdout[2m | tests/property/scoped-roles-processing-efficiency.test.ts[2m > [22m[2mProperty 10: Scoped Roles Processing Efficiency[2m > [22m[2mProperty 10.11: Role queries should use appropriate optimized indexes
[22m[39mGoTrueClient@sb-bgxknceshxxifwytalex-auth-token:0 (2.93.3) 2026-02-02T15:20:29.419Z #_acquireLock end

stderr | tests/property/scoped-roles-processing-efficiency.test.ts > Property 10: Scoped Roles Processing Efficiency > Property 10.11: Role queries should use appropriate optimized indexes
Error fetching org roles: {
  code: 'PGRST200',
  details: "Searched for a foreign key relationship between 'org_roles' and 'user_profiles' in the schema 'public', but no matches were found.",
  hint: null,
  message: "Could not find a relationship between 'org_roles' and 'user_profiles' in the schema cache"
}

[90mstdout[2m | tests/property/scoped-roles-processing-efficiency.test.ts[2m > [22m[2mProperty 10: Scoped Roles Processing Efficiency[2m > [22m[2mProperty 10.11: Role queries should use appropriate optimized indexes
[22m[39mGoTrueClient@sb-bgxknceshxxifwytalex-auth-token:0 (2.93.3) 2026-02-02T15:20:29.476Z #_acquireLock begin [33m10000[39m
GoTrueClient@sb-bgxknceshxxifwytalex-auth-token:0 (2.93.3) 2026-02-02T15:20:29.476Z #_acquireLock lock acquired for storage key sb-bgxknceshxxifwytalex-auth-token
GoTrueClient@sb-bgxknceshxxifwytalex-auth-token:0 (2.93.3) 2026-02-02T15:20:29.476Z #_useSession begin
GoTrueClient@sb-bgxknceshxxifwytalex-auth-token:0 (2.93.3) 2026-02-02T15:20:29.476Z #__loadSession() begin

[90mstdout[2m | tests/property/scoped-roles-processing-efficiency.test.ts[2m > [22m[2mProperty 10: Scoped Roles Processing Efficiency[2m > [22m[2mProperty 10.11: Role queries should use appropriate optimized indexes
[22m[39mGoTrueClient@sb-bgxknceshxxifwytalex-auth-token:0 (2.93.3) 2026-02-02T15:20:29.476Z #getSession() session from storage [1mnull[22m
GoTrueClient@sb-bgxknceshxxifwytalex-auth-token:0 (2.93.3) 2026-02-02T15:20:29.476Z #__loadSession() end

[90mstdout[2m | tests/property/scoped-roles-processing-efficiency.test.ts[2m > [22m[2mProperty 10: Scoped Roles Processing Efficiency[2m > [22m[2mProperty 10.11: Role queries should use appropriate optimized indexes
[22m[39mGoTrueClient@sb-bgxknceshxxifwytalex-auth-token:0 (2.93.3) 2026-02-02T15:20:29.476Z #_useSession end

[90mstdout[2m | tests/property/scoped-roles-processing-efficiency.test.ts[2m > [22m[2mProperty 10: Scoped Roles Processing Efficiency[2m > [22m[2mProperty 10.11: Role queries should use appropriate optimized indexes
[22m[39mGoTrueClient@sb-bgxknceshxxifwytalex-auth-token:0 (2.93.3) 2026-02-02T15:20:29.476Z #_acquireLock lock released for storage key sb-bgxknceshxxifwytalex-auth-token

[90mstdout[2m | tests/property/scoped-roles-processing-efficiency.test.ts[2m > [22m[2mProperty 10: Scoped Roles Processing Efficiency[2m > [22m[2mProperty 10.11: Role queries should use appropriate optimized indexes
[22m[39mGoTrueClient@sb-bgxknceshxxifwytalex-auth-token:0 (2.93.3) 2026-02-02T15:20:29.476Z #_acquireLock end

[90mstdout[2m | tests/property/scoped-roles-processing-efficiency.test.ts[2m > [22m[2mProperty 10: Scoped Roles Processing Efficiency[2m > [22m[2mProperty 10.11: Role queries should use appropriate optimized indexes
[22m[39mGoTrueClient@sb-bgxknceshxxifwytalex-auth-token:0 (2.93.3) 2026-02-02T15:20:29.708Z #_acquireLock begin [33m10000[39m
GoTrueClient@sb-bgxknceshxxifwytalex-auth-token:0 (2.93.3) 2026-02-02T15:20:29.708Z #_acquireLock lock acquired for storage key sb-bgxknceshxxifwytalex-auth-token
GoTrueClient@sb-bgxknceshxxifwytalex-auth-token:0 (2.93.3) 2026-02-02T15:20:29.708Z #_useSession begin
GoTrueClient@sb-bgxknceshxxifwytalex-auth-token:0 (2.93.3) 2026-02-02T15:20:29.708Z #__loadSession() begin

[90mstdout[2m | tests/property/scoped-roles-processing-efficiency.test.ts[2m > [22m[2mProperty 10: Scoped Roles Processing Efficiency[2m > [22m[2mProperty 10.11: Role queries should use appropriate optimized indexes
[22m[39mGoTrueClient@sb-bgxknceshxxifwytalex-auth-token:0 (2.93.3) 2026-02-02T15:20:29.708Z #getSession() session from storage [1mnull[22m
GoTrueClient@sb-bgxknceshxxifwytalex-auth-token:0 (2.93.3) 2026-02-02T15:20:29.708Z #__loadSession() end

[90mstdout[2m | tests/property/scoped-roles-processing-efficiency.test.ts[2m > [22m[2mProperty 10: Scoped Roles Processing Efficiency[2m > [22m[2mProperty 10.11: Role queries should use appropriate optimized indexes
[22m[39mGoTrueClient@sb-bgxknceshxxifwytalex-auth-token:0 (2.93.3) 2026-02-02T15:20:29.708Z #_useSession end

[90mstdout[2m | tests/property/scoped-roles-processing-efficiency.test.ts[2m > [22m[2mProperty 10: Scoped Roles Processing Efficiency[2m > [22m[2mProperty 10.11: Role queries should use appropriate optimized indexes
[22m[39mGoTrueClient@sb-bgxknceshxxifwytalex-auth-token:0 (2.93.3) 2026-02-02T15:20:29.708Z #_acquireLock lock released for storage key sb-bgxknceshxxifwytalex-auth-token

[90mstdout[2m | tests/property/scoped-roles-processing-efficiency.test.ts[2m > [22m[2mProperty 10: Scoped Roles Processing Efficiency[2m > [22m[2mProperty 10.11: Role queries should use appropriate optimized indexes
[22m[39mGoTrueClient@sb-bgxknceshxxifwytalex-auth-token:0 (2.93.3) 2026-02-02T15:20:29.708Z #_acquireLock end

stderr | tests/property/scoped-roles-processing-efficiency.test.ts > Property 10: Scoped Roles Processing Efficiency > Property 10.11: Role queries should use appropriate optimized indexes
Error fetching project roles: {
  code: 'PGRST200',
  details: "Searched for a foreign key relationship between 'project_roles' and 'user_profiles' in the schema 'public', but no matches were found.",
  hint: null,
  message: "Could not find a relationship between 'project_roles' and 'user_profiles' in the schema cache"
}

[90mstdout[2m | tests/property/scoped-roles-processing-efficiency.test.ts[2m > [22m[2mProperty 10: Scoped Roles Processing Efficiency[2m > [22m[2mProperty 10.11: Role queries should use appropriate optimized indexes
[22m[39mGoTrueClient@sb-bgxknceshxxifwytalex-auth-token:0 (2.93.3) 2026-02-02T15:20:29.709Z #_acquireLock begin [33m10000[39m
GoTrueClient@sb-bgxknceshxxifwytalex-auth-token:0 (2.93.3) 2026-02-02T15:20:29.710Z #_acquireLock lock acquired for storage key sb-bgxknceshxxifwytalex-auth-token
GoTrueClient@sb-bgxknceshxxifwytalex-auth-token:0 (2.93.3) 2026-02-02T15:20:29.710Z #_useSession begin
GoTrueClient@sb-bgxknceshxxifwytalex-auth-token:0 (2.93.3) 2026-02-02T15:20:29.710Z #__loadSession() begin

[90mstdout[2m | tests/property/scoped-roles-processing-efficiency.test.ts[2m > [22m[2mProperty 10: Scoped Roles Processing Efficiency[2m > [22m[2mProperty 10.11: Role queries should use appropriate optimized indexes
[22m[39mGoTrueClient@sb-bgxknceshxxifwytalex-auth-token:0 (2.93.3) 2026-02-02T15:20:29.710Z #getSession() session from storage [1mnull[22m
GoTrueClient@sb-bgxknceshxxifwytalex-auth-token:0 (2.93.3) 2026-02-02T15:20:29.710Z #__loadSession() end

[90mstdout[2m | tests/property/scoped-roles-processing-efficiency.test.ts[2m > [22m[2mProperty 10: Scoped Roles Processing Efficiency[2m > [22m[2mProperty 10.11: Role queries should use appropriate optimized indexes
[22m[39mGoTrueClient@sb-bgxknceshxxifwytalex-auth-token:0 (2.93.3) 2026-02-02T15:20:29.710Z #_useSession end

[90mstdout[2m | tests/property/scoped-roles-processing-efficiency.test.ts[2m > [22m[2mProperty 10: Scoped Roles Processing Efficiency[2m > [22m[2mProperty 10.11: Role queries should use appropriate optimized indexes
[22m[39mGoTrueClient@sb-bgxknceshxxifwytalex-auth-token:0 (2.93.3) 2026-02-02T15:20:29.710Z #_acquireLock lock released for storage key sb-bgxknceshxxifwytalex-auth-token

[90mstdout[2m | tests/property/scoped-roles-processing-efficiency.test.ts[2m > [22m[2mProperty 10: Scoped Roles Processing Efficiency[2m > [22m[2mProperty 10.11: Role queries should use appropriate optimized indexes
[22m[39mGoTrueClient@sb-bgxknceshxxifwytalex-auth-token:0 (2.93.3) 2026-02-02T15:20:29.710Z #_acquireLock end

stderr | tests/property/scoped-roles-processing-efficiency.test.ts > Property 10: Scoped Roles Processing Efficiency > Property 10.11: Role queries should use appropriate optimized indexes
Error fetching org roles: {
  code: 'PGRST200',
  details: "Searched for a foreign key relationship between 'org_roles' and 'user_profiles' in the schema 'public', but no matches were found.",
  hint: null,
  message: "Could not find a relationship between 'org_roles' and 'user_profiles' in the schema cache"
}

[90mstdout[2m | tests/property/scoped-roles-processing-efficiency.test.ts[2m > [22m[2mProperty 10: Scoped Roles Processing Efficiency[2m > [22m[2mProperty 10.11: Role queries should use appropriate optimized indexes
[22m[39mGoTrueClient@sb-bgxknceshxxifwytalex-auth-token:0 (2.93.3) 2026-02-02T15:20:29.711Z #_acquireLock begin [33m10000[39m
GoTrueClient@sb-bgxknceshxxifwytalex-auth-token:0 (2.93.3) 2026-02-02T15:20:29.711Z #_acquireLock lock acquired for storage key sb-bgxknceshxxifwytalex-auth-token
GoTrueClient@sb-bgxknceshxxifwytalex-auth-token:0 (2.93.3) 2026-02-02T15:20:29.711Z #_useSession begin
GoTrueClient@sb-bgxknceshxxifwytalex-auth-token:0 (2.93.3) 2026-02-02T15:20:29.711Z #__loadSession() begin

[90mstdout[2m | tests/property/scoped-roles-processing-efficiency.test.ts[2m > [22m[2mProperty 10: Scoped Roles Processing Efficiency[2m > [22m[2mProperty 10.11: Role queries should use appropriate optimized indexes
[22m[39mGoTrueClient@sb-bgxknceshxxifwytalex-auth-token:0 (2.93.3) 2026-02-02T15:20:29.711Z #getSession() session from storage [1mnull[22m
GoTrueClient@sb-bgxknceshxxifwytalex-auth-token:0 (2.93.3) 2026-02-02T15:20:29.711Z #__loadSession() end

[90mstdout[2m | tests/property/scoped-roles-processing-efficiency.test.ts[2m > [22m[2mProperty 10: Scoped Roles Processing Efficiency[2m > [22m[2mProperty 10.11: Role queries should use appropriate optimized indexes
[22m[39mGoTrueClient@sb-bgxknceshxxifwytalex-auth-token:0 (2.93.3) 2026-02-02T15:20:29.711Z #_useSession end

[90mstdout[2m | tests/property/scoped-roles-processing-efficiency.test.ts[2m > [22m[2mProperty 10: Scoped Roles Processing Efficiency[2m > [22m[2mProperty 10.11: Role queries should use appropriate optimized indexes
[22m[39mGoTrueClient@sb-bgxknceshxxifwytalex-auth-token:0 (2.93.3) 2026-02-02T15:20:29.711Z #_acquireLock lock released for storage key sb-bgxknceshxxifwytalex-auth-token

[90mstdout[2m | tests/property/scoped-roles-processing-efficiency.test.ts[2m > [22m[2mProperty 10: Scoped Roles Processing Efficiency[2m > [22m[2mProperty 10.11: Role queries should use appropriate optimized indexes
[22m[39mGoTrueClient@sb-bgxknceshxxifwytalex-auth-token:0 (2.93.3) 2026-02-02T15:20:29.711Z #_acquireLock end

stderr | tests/property/scoped-roles-processing-efficiency.test.ts > Property 10: Scoped Roles Processing Efficiency > Property 10.11: Role queries should use appropriate optimized indexes
Error fetching project roles: {
  code: 'PGRST200',
  details: "Searched for a foreign key relationship between 'project_roles' and 'user_profiles' in the schema 'public', but no matches were found.",
  hint: null,
  message: "Could not find a relationship between 'project_roles' and 'user_profiles' in the schema cache"
}

[90mstdout[2m | tests/property/scoped-roles-processing-efficiency.test.ts[2m > [22m[2mProperty 10: Scoped Roles Processing Efficiency[2m > [22m[2mProperty 10.11: Role queries should use appropriate optimized indexes
[22m[39mGoTrueClient@sb-bgxknceshxxifwytalex-auth-token:0 (2.93.3) 2026-02-02T15:20:29.712Z #_acquireLock begin [33m10000[39m
GoTrueClient@sb-bgxknceshxxifwytalex-auth-token:0 (2.93.3) 2026-02-02T15:20:29.712Z #_acquireLock lock acquired for storage key sb-bgxknceshxxifwytalex-auth-token
GoTrueClient@sb-bgxknceshxxifwytalex-auth-token:0 (2.93.3) 2026-02-02T15:20:29.712Z #_useSession begin
GoTrueClient@sb-bgxknceshxxifwytalex-auth-token:0 (2.93.3) 2026-02-02T15:20:29.712Z #__loadSession() begin

[90mstdout[2m | tests/property/scoped-roles-processing-efficiency.test.ts[2m > [22m[2mProperty 10: Scoped Roles Processing Efficiency[2m > [22m[2mProperty 10.11: Role queries should use appropriate optimized indexes
[22m[39mGoTrueClient@sb-bgxknceshxxifwytalex-auth-token:0 (2.93.3) 2026-02-02T15:20:29.712Z #getSession() session from storage [1mnull[22m
GoTrueClient@sb-bgxknceshxxifwytalex-auth-token:0 (2.93.3) 2026-02-02T15:20:29.712Z #__loadSession() end

[90mstdout[2m | tests/property/scoped-roles-processing-efficiency.test.ts[2m > [22m[2mProperty 10: Scoped Roles Processing Efficiency[2m > [22m[2mProperty 10.11: Role queries should use appropriate optimized indexes
[22m[39mGoTrueClient@sb-bgxknceshxxifwytalex-auth-token:0 (2.93.3) 2026-02-02T15:20:29.712Z #_useSession end

[90mstdout[2m | tests/property/scoped-roles-processing-efficiency.test.ts[2m > [22m[2mProperty 10: Scoped Roles Processing Efficiency[2m > [22m[2mProperty 10.11: Role queries should use appropriate optimized indexes
[22m[39mGoTrueClient@sb-bgxknceshxxifwytalex-auth-token:0 (2.93.3) 2026-02-02T15:20:29.712Z #_acquireLock lock released for storage key sb-bgxknceshxxifwytalex-auth-token

[90mstdout[2m | tests/property/scoped-roles-processing-efficiency.test.ts[2m > [22m[2mProperty 10: Scoped Roles Processing Efficiency[2m > [22m[2mProperty 10.11: Role queries should use appropriate optimized indexes
[22m[39mGoTrueClient@sb-bgxknceshxxifwytalex-auth-token:0 (2.93.3) 2026-02-02T15:20:29.712Z #_acquireLock end

stderr | tests/property/scoped-roles-processing-efficiency.test.ts > Property 10: Scoped Roles Processing Efficiency > Property 10.11: Role queries should use appropriate optimized indexes
Error fetching org roles: {
  code: 'PGRST200',
  details: "Searched for a foreign key relationship between 'org_roles' and 'user_profiles' in the schema 'public', but no matches were found.",
  hint: null,
  message: "Could not find a relationship between 'org_roles' and 'user_profiles' in the schema cache"
}

[90mstdout[2m | tests/property/scoped-roles-processing-efficiency.test.ts[2m > [22m[2mProperty 10: Scoped Roles Processing Efficiency[2m > [22m[2mProperty 10.11: Role queries should use appropriate optimized indexes
[22m[39mGoTrueClient@sb-bgxknceshxxifwytalex-auth-token:0 (2.93.3) 2026-02-02T15:20:29.738Z #_acquireLock begin [33m10000[39m
GoTrueClient@sb-bgxknceshxxifwytalex-auth-token:0 (2.93.3) 2026-02-02T15:20:29.738Z #_acquireLock lock acquired for storage key sb-bgxknceshxxifwytalex-auth-token
GoTrueClient@sb-bgxknceshxxifwytalex-auth-token:0 (2.93.3) 2026-02-02T15:20:29.738Z #_useSession begin
GoTrueClient@sb-bgxknceshxxifwytalex-auth-token:0 (2.93.3) 2026-02-02T15:20:29.738Z #__loadSession() begin

[90mstdout[2m | tests/property/scoped-roles-processing-efficiency.test.ts[2m > [22m[2mProperty 10: Scoped Roles Processing Efficiency[2m > [22m[2mProperty 10.11: Role queries should use appropriate optimized indexes
[22m[39mGoTrueClient@sb-bgxknceshxxifwytalex-auth-token:0 (2.93.3) 2026-02-02T15:20:29.738Z #getSession() session from storage [1mnull[22m
GoTrueClient@sb-bgxknceshxxifwytalex-auth-token:0 (2.93.3) 2026-02-02T15:20:29.738Z #__loadSession() end

[90mstdout[2m | tests/property/scoped-roles-processing-efficiency.test.ts[2m > [22m[2mProperty 10: Scoped Roles Processing Efficiency[2m > [22m[2mProperty 10.11: Role queries should use appropriate optimized indexes
[22m[39mGoTrueClient@sb-bgxknceshxxifwytalex-auth-token:0 (2.93.3) 2026-02-02T15:20:29.738Z #_useSession end

[90mstdout[2m | tests/property/scoped-roles-processing-efficiency.test.ts[2m > [22m[2mProperty 10: Scoped Roles Processing Efficiency[2m > [22m[2mProperty 10.11: Role queries should use appropriate optimized indexes
[22m[39mGoTrueClient@sb-bgxknceshxxifwytalex-auth-token:0 (2.93.3) 2026-02-02T15:20:29.738Z #_acquireLock lock released for storage key sb-bgxknceshxxifwytalex-auth-token

[90mstdout[2m | tests/property/scoped-roles-processing-efficiency.test.ts[2m > [22m[2mProperty 10: Scoped Roles Processing Efficiency[2m > [22m[2mProperty 10.11: Role queries should use appropriate optimized indexes
[22m[39mGoTrueClient@sb-bgxknceshxxifwytalex-auth-token:0 (2.93.3) 2026-02-02T15:20:29.739Z #_acquireLock end

stderr | tests/property/scoped-roles-processing-efficiency.test.ts > Property 10: Scoped Roles Processing Efficiency > Property 10.11: Role queries should use appropriate optimized indexes
Error fetching org roles: {
  code: 'PGRST200',
  details: "Searched for a foreign key relationship between 'org_roles' and 'user_profiles' in the schema 'public', but no matches were found.",
  hint: null,
  message: "Could not find a relationship between 'org_roles' and 'user_profiles' in the schema cache"
}

[90mstdout[2m | tests/property/scoped-roles-processing-efficiency.test.ts[2m > [22m[2mProperty 10: Scoped Roles Processing Efficiency[2m > [22m[2mProperty 10.11: Role queries should use appropriate optimized indexes
[22m[39mGoTrueClient@sb-bgxknceshxxifwytalex-auth-token:0 (2.93.3) 2026-02-02T15:20:29.915Z #_acquireLock begin [33m10000[39m
GoTrueClient@sb-bgxknceshxxifwytalex-auth-token:0 (2.93.3) 2026-02-02T15:20:29.915Z #_acquireLock lock acquired for storage key sb-bgxknceshxxifwytalex-auth-token
GoTrueClient@sb-bgxknceshxxifwytalex-auth-token:0 (2.93.3) 2026-02-02T15:20:29.915Z #_useSession begin
GoTrueClient@sb-bgxknceshxxifwytalex-auth-token:0 (2.93.3) 2026-02-02T15:20:29.915Z #__loadSession() begin

[90mstdout[2m | tests/property/scoped-roles-processing-efficiency.test.ts[2m > [22m[2mProperty 10: Scoped Roles Processing Efficiency[2m > [22m[2mProperty 10.11: Role queries should use appropriate optimized indexes
[22m[39mGoTrueClient@sb-bgxknceshxxifwytalex-auth-token:0 (2.93.3) 2026-02-02T15:20:29.915Z #getSession() session from storage [1mnull[22m
GoTrueClient@sb-bgxknceshxxifwytalex-auth-token:0 (2.93.3) 2026-02-02T15:20:29.915Z #__loadSession() end

[90mstdout[2m | tests/property/scoped-roles-processing-efficiency.test.ts[2m > [22m[2mProperty 10: Scoped Roles Processing Efficiency[2m > [22m[2mProperty 10.11: Role queries should use appropriate optimized indexes
[22m[39mGoTrueClient@sb-bgxknceshxxifwytalex-auth-token:0 (2.93.3) 2026-02-02T15:20:29.915Z #_useSession end

[90mstdout[2m | tests/property/scoped-roles-processing-efficiency.test.ts[2m > [22m[2mProperty 10: Scoped Roles Processing Efficiency[2m > [22m[2mProperty 10.11: Role queries should use appropriate optimized indexes
[22m[39mGoTrueClient@sb-bgxknceshxxifwytalex-auth-token:0 (2.93.3) 2026-02-02T15:20:29.916Z #_acquireLock lock released for storage key sb-bgxknceshxxifwytalex-auth-token

[90mstdout[2m | tests/property/scoped-roles-processing-efficiency.test.ts[2m > [22m[2mProperty 10: Scoped Roles Processing Efficiency[2m > [22m[2mProperty 10.11: Role queries should use appropriate optimized indexes
[22m[39mGoTrueClient@sb-bgxknceshxxifwytalex-auth-token:0 (2.93.3) 2026-02-02T15:20:29.916Z #_acquireLock end

stderr | tests/property/scoped-roles-processing-efficiency.test.ts > Property 10: Scoped Roles Processing Efficiency > Property 10.11: Role queries should use appropriate optimized indexes
Error fetching org roles: {
  code: 'PGRST200',
  details: "Searched for a foreign key relationship between 'org_roles' and 'user_profiles' in the schema 'public', but no matches were found.",
  hint: null,
  message: "Could not find a relationship between 'org_roles' and 'user_profiles' in the schema cache"
}

[90mstdout[2m | tests/property/scoped-roles-processing-efficiency.test.ts[2m > [22m[2mProperty 10: Scoped Roles Processing Efficiency[2m > [22m[2mProperty 10.11: Role queries should use appropriate optimized indexes
[22m[39mGoTrueClient@sb-bgxknceshxxifwytalex-auth-token:0 (2.93.3) 2026-02-02T15:20:29.920Z #_acquireLock begin [33m10000[39m
GoTrueClient@sb-bgxknceshxxifwytalex-auth-token:0 (2.93.3) 2026-02-02T15:20:29.920Z #_acquireLock lock acquired for storage key sb-bgxknceshxxifwytalex-auth-token
GoTrueClient@sb-bgxknceshxxifwytalex-auth-token:0 (2.93.3) 2026-02-02T15:20:29.920Z #_useSession begin
GoTrueClient@sb-bgxknceshxxifwytalex-auth-token:0 (2.93.3) 2026-02-02T15:20:29.920Z #__loadSession() begin

[90mstdout[2m | tests/property/scoped-roles-processing-efficiency.test.ts[2m > [22m[2mProperty 10: Scoped Roles Processing Efficiency[2m > [22m[2mProperty 10.11: Role queries should use appropriate optimized indexes
[22m[39mGoTrueClient@sb-bgxknceshxxifwytalex-auth-token:0 (2.93.3) 2026-02-02T15:20:29.920Z #getSession() session from storage [1mnull[22m
GoTrueClient@sb-bgxknceshxxifwytalex-auth-token:0 (2.93.3) 2026-02-02T15:20:29.920Z #__loadSession() end

[90mstdout[2m | tests/property/scoped-roles-processing-efficiency.test.ts[2m > [22m[2mProperty 10: Scoped Roles Processing Efficiency[2m > [22m[2mProperty 10.11: Role queries should use appropriate optimized indexes
[22m[39mGoTrueClient@sb-bgxknceshxxifwytalex-auth-token:0 (2.93.3) 2026-02-02T15:20:29.920Z #_useSession end

[90mstdout[2m | tests/property/scoped-roles-processing-efficiency.test.ts[2m > [22m[2mProperty 10: Scoped Roles Processing Efficiency[2m > [22m[2mProperty 10.11: Role queries should use appropriate optimized indexes
[22m[39mGoTrueClient@sb-bgxknceshxxifwytalex-auth-token:0 (2.93.3) 2026-02-02T15:20:29.920Z #_acquireLock lock released for storage key sb-bgxknceshxxifwytalex-auth-token

[90mstdout[2m | tests/property/scoped-roles-processing-efficiency.test.ts[2m > [22m[2mProperty 10: Scoped Roles Processing Efficiency[2m > [22m[2mProperty 10.11: Role queries should use appropriate optimized indexes
[22m[39mGoTrueClient@sb-bgxknceshxxifwytalex-auth-token:0 (2.93.3) 2026-02-02T15:20:29.920Z #_acquireLock end

[90mstdout[2m | tests/property/scoped-roles-processing-efficiency.test.ts[2m > [22m[2mProperty 10: Scoped Roles Processing Efficiency[2m > [22m[2mProperty 10.11: Role queries should use appropriate optimized indexes
[22m[39mGoTrueClient@sb-bgxknceshxxifwytalex-auth-token:0 (2.93.3) 2026-02-02T15:20:29.923Z #_acquireLock begin [33m10000[39m
GoTrueClient@sb-bgxknceshxxifwytalex-auth-token:0 (2.93.3) 2026-02-02T15:20:29.923Z #_acquireLock lock acquired for storage key sb-bgxknceshxxifwytalex-auth-token
GoTrueClient@sb-bgxknceshxxifwytalex-auth-token:0 (2.93.3) 2026-02-02T15:20:29.923Z #_useSession begin
GoTrueClient@sb-bgxknceshxxifwytalex-auth-token:0 (2.93.3) 2026-02-02T15:20:29.923Z #__loadSession() begin

[90mstdout[2m | tests/property/scoped-roles-processing-efficiency.test.ts[2m > [22m[2mProperty 10: Scoped Roles Processing Efficiency[2m > [22m[2mProperty 10.11: Role queries should use appropriate optimized indexes
[22m[39mGoTrueClient@sb-bgxknceshxxifwytalex-auth-token:0 (2.93.3) 2026-02-02T15:20:29.923Z #getSession() session from storage [1mnull[22m
GoTrueClient@sb-bgxknceshxxifwytalex-auth-token:0 (2.93.3) 2026-02-02T15:20:29.923Z #__loadSession() end

[90mstdout[2m | tests/property/scoped-roles-processing-efficiency.test.ts[2m > [22m[2mProperty 10: Scoped Roles Processing Efficiency[2m > [22m[2mProperty 10.11: Role queries should use appropriate optimized indexes
[22m[39mGoTrueClient@sb-bgxknceshxxifwytalex-auth-token:0 (2.93.3) 2026-02-02T15:20:29.923Z #_useSession end

[90mstdout[2m | tests/property/scoped-roles-processing-efficiency.test.ts[2m > [22m[2mProperty 10: Scoped Roles Processing Efficiency[2m > [22m[2mProperty 10.11: Role queries should use appropriate optimized indexes
[22m[39mGoTrueClient@sb-bgxknceshxxifwytalex-auth-token:0 (2.93.3) 2026-02-02T15:20:29.923Z #_acquireLock lock released for storage key sb-bgxknceshxxifwytalex-auth-token

[90mstdout[2m | tests/property/scoped-roles-processing-efficiency.test.ts[2m > [22m[2mProperty 10: Scoped Roles Processing Efficiency[2m > [22m[2mProperty 10.11: Role queries should use appropriate optimized indexes
[22m[39mGoTrueClient@sb-bgxknceshxxifwytalex-auth-token:0 (2.93.3) 2026-02-02T15:20:29.923Z #_acquireLock end

stderr | tests/property/scoped-roles-processing-efficiency.test.ts > Property 10: Scoped Roles Processing Efficiency > Property 10.11: Role queries should use appropriate optimized indexes
Error fetching org roles: {
  code: 'PGRST200',
  details: "Searched for a foreign key relationship between 'org_roles' and 'user_profiles' in the schema 'public', but no matches were found.",
  hint: null,
  message: "Could not find a relationship between 'org_roles' and 'user_profiles' in the schema cache"
}

[90mstdout[2m | tests/property/scoped-roles-processing-efficiency.test.ts[2m > [22m[2mProperty 10: Scoped Roles Processing Efficiency[2m > [22m[2mProperty 10.11: Role queries should use appropriate optimized indexes
[22m[39mGoTrueClient@sb-bgxknceshxxifwytalex-auth-token:0 (2.93.3) 2026-02-02T15:20:30.036Z #_acquireLock begin [33m10000[39m
GoTrueClient@sb-bgxknceshxxifwytalex-auth-token:0 (2.93.3) 2026-02-02T15:20:30.036Z #_acquireLock lock acquired for storage key sb-bgxknceshxxifwytalex-auth-token
GoTrueClient@sb-bgxknceshxxifwytalex-auth-token:0 (2.93.3) 2026-02-02T15:20:30.036Z #_useSession begin
GoTrueClient@sb-bgxknceshxxifwytalex-auth-token:0 (2.93.3) 2026-02-02T15:20:30.036Z #__loadSession() begin

[90mstdout[2m | tests/property/scoped-roles-processing-efficiency.test.ts[2m > [22m[2mProperty 10: Scoped Roles Processing Efficiency[2m > [22m[2mProperty 10.11: Role queries should use appropriate optimized indexes
[22m[39mGoTrueClient@sb-bgxknceshxxifwytalex-auth-token:0 (2.93.3) 2026-02-02T15:20:30.036Z #getSession() session from storage [1mnull[22m
GoTrueClient@sb-bgxknceshxxifwytalex-auth-token:0 (2.93.3) 2026-02-02T15:20:30.036Z #__loadSession() end

[90mstdout[2m | tests/property/scoped-roles-processing-efficiency.test.ts[2m > [22m[2mProperty 10: Scoped Roles Processing Efficiency[2m > [22m[2mProperty 10.11: Role queries should use appropriate optimized indexes
[22m[39mGoTrueClient@sb-bgxknceshxxifwytalex-auth-token:0 (2.93.3) 2026-02-02T15:20:30.036Z #_useSession end

[90mstdout[2m | tests/property/scoped-roles-processing-efficiency.test.ts[2m > [22m[2mProperty 10: Scoped Roles Processing Efficiency[2m > [22m[2mProperty 10.11: Role queries should use appropriate optimized indexes
[22m[39mGoTrueClient@sb-bgxknceshxxifwytalex-auth-token:0 (2.93.3) 2026-02-02T15:20:30.036Z #_acquireLock lock released for storage key sb-bgxknceshxxifwytalex-auth-token

[90mstdout[2m | tests/property/scoped-roles-processing-efficiency.test.ts[2m > [22m[2mProperty 10: Scoped Roles Processing Efficiency[2m > [22m[2mProperty 10.11: Role queries should use appropriate optimized indexes
[22m[39mGoTrueClient@sb-bgxknceshxxifwytalex-auth-token:0 (2.93.3) 2026-02-02T15:20:30.036Z #_acquireLock end

stderr | tests/property/scoped-roles-processing-efficiency.test.ts > Property 10: Scoped Roles Processing Efficiency > Property 10.11: Role queries should use appropriate optimized indexes
Error fetching project roles: {
  code: 'PGRST200',
  details: "Searched for a foreign key relationship between 'project_roles' and 'user_profiles' in the schema 'public', but no matches were found.",
  hint: null,
  message: "Could not find a relationship between 'project_roles' and 'user_profiles' in the schema cache"
}

[90mstdout[2m | tests/property/scoped-roles-processing-efficiency.test.ts[2m > [22m[2mProperty 10: Scoped Roles Processing Efficiency[2m > [22m[2mProperty 10.11: Role queries should use appropriate optimized indexes
[22m[39mGoTrueClient@sb-bgxknceshxxifwytalex-auth-token:0 (2.93.3) 2026-02-02T15:20:30.114Z #_acquireLock begin [33m10000[39m
GoTrueClient@sb-bgxknceshxxifwytalex-auth-token:0 (2.93.3) 2026-02-02T15:20:30.114Z #_acquireLock lock acquired for storage key sb-bgxknceshxxifwytalex-auth-token
GoTrueClient@sb-bgxknceshxxifwytalex-auth-token:0 (2.93.3) 2026-02-02T15:20:30.114Z #_useSession begin
GoTrueClient@sb-bgxknceshxxifwytalex-auth-token:0 (2.93.3) 2026-02-02T15:20:30.114Z #__loadSession() begin

[90mstdout[2m | tests/property/scoped-roles-processing-efficiency.test.ts[2m > [22m[2mProperty 10: Scoped Roles Processing Efficiency[2m > [22m[2mProperty 10.11: Role queries should use appropriate optimized indexes
[22m[39mGoTrueClient@sb-bgxknceshxxifwytalex-auth-token:0 (2.93.3) 2026-02-02T15:20:30.114Z #getSession() session from storage [1mnull[22m
GoTrueClient@sb-bgxknceshxxifwytalex-auth-token:0 (2.93.3) 2026-02-02T15:20:30.114Z #__loadSession() end

[90mstdout[2m | tests/property/scoped-roles-processing-efficiency.test.ts[2m > [22m[2mProperty 10: Scoped Roles Processing Efficiency[2m > [22m[2mProperty 10.11: Role queries should use appropriate optimized indexes
[22m[39mGoTrueClient@sb-bgxknceshxxifwytalex-auth-token:0 (2.93.3) 2026-02-02T15:20:30.114Z #_useSession end

[90mstdout[2m | tests/property/scoped-roles-processing-efficiency.test.ts[2m > [22m[2mProperty 10: Scoped Roles Processing Efficiency[2m > [22m[2mProperty 10.11: Role queries should use appropriate optimized indexes
[22m[39mGoTrueClient@sb-bgxknceshxxifwytalex-auth-token:0 (2.93.3) 2026-02-02T15:20:30.114Z #_acquireLock lock released for storage key sb-bgxknceshxxifwytalex-auth-token

[90mstdout[2m | tests/property/scoped-roles-processing-efficiency.test.ts[2m > [22m[2mProperty 10: Scoped Roles Processing Efficiency[2m > [22m[2mProperty 10.11: Role queries should use appropriate optimized indexes
[22m[39mGoTrueClient@sb-bgxknceshxxifwytalex-auth-token:0 (2.93.3) 2026-02-02T15:20:30.114Z #_acquireLock end

stderr | tests/property/scoped-roles-processing-efficiency.test.ts > Property 10: Scoped Roles Processing Efficiency > Property 10.11: Role queries should use appropriate optimized indexes
Error fetching org roles: {
  code: 'PGRST200',
  details: "Searched for a foreign key relationship between 'org_roles' and 'user_profiles' in the schema 'public', but no matches were found.",
  hint: null,
  message: "Could not find a relationship between 'org_roles' and 'user_profiles' in the schema cache"
}

[90mstdout[2m | tests/property/scoped-roles-processing-efficiency.test.ts[2m > [22m[2mProperty 10: Scoped Roles Processing Efficiency[2m > [22m[2mProperty 10.11: Role queries should use appropriate optimized indexes
[22m[39mGoTrueClient@sb-bgxknceshxxifwytalex-auth-token:0 (2.93.3) 2026-02-02T15:20:30.128Z #_acquireLock begin [33m10000[39m
GoTrueClient@sb-bgxknceshxxifwytalex-auth-token:0 (2.93.3) 2026-02-02T15:20:30.128Z #_acquireLock lock acquired for storage key sb-bgxknceshxxifwytalex-auth-token
GoTrueClient@sb-bgxknceshxxifwytalex-auth-token:0 (2.93.3) 2026-02-02T15:20:30.128Z #_useSession begin
GoTrueClient@sb-bgxknceshxxifwytalex-auth-token:0 (2.93.3) 2026-02-02T15:20:30.128Z #__loadSession() begin

[90mstdout[2m | tests/property/scoped-roles-processing-efficiency.test.ts[2m > [22m[2mProperty 10: Scoped Roles Processing Efficiency[2m > [22m[2mProperty 10.11: Role queries should use appropriate optimized indexes
[22m[39mGoTrueClient@sb-bgxknceshxxifwytalex-auth-token:0 (2.93.3) 2026-02-02T15:20:30.128Z #getSession() session from storage [1mnull[22m
GoTrueClient@sb-bgxknceshxxifwytalex-auth-token:0 (2.93.3) 2026-02-02T15:20:30.128Z #__loadSession() end

[90mstdout[2m | tests/property/scoped-roles-processing-efficiency.test.ts[2m > [22m[2mProperty 10: Scoped Roles Processing Efficiency[2m > [22m[2mProperty 10.11: Role queries should use appropriate optimized indexes
[22m[39mGoTrueClient@sb-bgxknceshxxifwytalex-auth-token:0 (2.93.3) 2026-02-02T15:20:30.128Z #_useSession end

[90mstdout[2m | tests/property/scoped-roles-processing-efficiency.test.ts[2m > [22m[2mProperty 10: Scoped Roles Processing Efficiency[2m > [22m[2mProperty 10.11: Role queries should use appropriate optimized indexes
[22m[39mGoTrueClient@sb-bgxknceshxxifwytalex-auth-token:0 (2.93.3) 2026-02-02T15:20:30.128Z #_acquireLock lock released for storage key sb-bgxknceshxxifwytalex-auth-token

[90mstdout[2m | tests/property/scoped-roles-processing-efficiency.test.ts[2m > [22m[2mProperty 10: Scoped Roles Processing Efficiency[2m > [22m[2mProperty 10.11: Role queries should use appropriate optimized indexes
[22m[39mGoTrueClient@sb-bgxknceshxxifwytalex-auth-token:0 (2.93.3) 2026-02-02T15:20:30.128Z #_acquireLock end

stderr | tests/property/scoped-roles-processing-efficiency.test.ts > Property 10: Scoped Roles Processing Efficiency > Property 10.11: Role queries should use appropriate optimized indexes
Error fetching org roles: {
  code: 'PGRST200',
  details: "Searched for a foreign key relationship between 'org_roles' and 'user_profiles' in the schema 'public', but no matches were found.",
  hint: null,
  message: "Could not find a relationship between 'org_roles' and 'user_profiles' in the schema cache"
}

[90mstdout[2m | tests/property/scoped-roles-processing-efficiency.test.ts[2m > [22m[2mProperty 10: Scoped Roles Processing Efficiency[2m > [22m[2mProperty 10.11: Role queries should use appropriate optimized indexes
[22m[39mGoTrueClient@sb-bgxknceshxxifwytalex-auth-token:0 (2.93.3) 2026-02-02T15:20:30.142Z #_acquireLock begin [33m10000[39m
GoTrueClient@sb-bgxknceshxxifwytalex-auth-token:0 (2.93.3) 2026-02-02T15:20:30.142Z #_acquireLock lock acquired for storage key sb-bgxknceshxxifwytalex-auth-token
GoTrueClient@sb-bgxknceshxxifwytalex-auth-token:0 (2.93.3) 2026-02-02T15:20:30.142Z #_useSession begin
GoTrueClient@sb-bgxknceshxxifwytalex-auth-token:0 (2.93.3) 2026-02-02T15:20:30.142Z #__loadSession() begin

[90mstdout[2m | tests/property/scoped-roles-processing-efficiency.test.ts[2m > [22m[2mProperty 10: Scoped Roles Processing Efficiency[2m > [22m[2mProperty 10.11: Role queries should use appropriate optimized indexes
[22m[39mGoTrueClient@sb-bgxknceshxxifwytalex-auth-token:0 (2.93.3) 2026-02-02T15:20:30.142Z #getSession() session from storage [1mnull[22m
GoTrueClient@sb-bgxknceshxxifwytalex-auth-token:0 (2.93.3) 2026-02-02T15:20:30.142Z #__loadSession() end

[90mstdout[2m | tests/property/scoped-roles-processing-efficiency.test.ts[2m > [22m[2mProperty 10: Scoped Roles Processing Efficiency[2m > [22m[2mProperty 10.11: Role queries should use appropriate optimized indexes
[22m[39mGoTrueClient@sb-bgxknceshxxifwytalex-auth-token:0 (2.93.3) 2026-02-02T15:20:30.142Z #_useSession end

[90mstdout[2m | tests/property/scoped-roles-processing-efficiency.test.ts[2m > [22m[2mProperty 10: Scoped Roles Processing Efficiency[2m > [22m[2mProperty 10.11: Role queries should use appropriate optimized indexes
[22m[39mGoTrueClient@sb-bgxknceshxxifwytalex-auth-token:0 (2.93.3) 2026-02-02T15:20:30.142Z #_acquireLock lock released for storage key sb-bgxknceshxxifwytalex-auth-token

[90mstdout[2m | tests/property/scoped-roles-processing-efficiency.test.ts[2m > [22m[2mProperty 10: Scoped Roles Processing Efficiency[2m > [22m[2mProperty 10.11: Role queries should use appropriate optimized indexes
[22m[39mGoTrueClient@sb-bgxknceshxxifwytalex-auth-token:0 (2.93.3) 2026-02-02T15:20:30.142Z #_acquireLock end

stderr | tests/property/scoped-roles-processing-efficiency.test.ts > Property 10: Scoped Roles Processing Efficiency > Property 10.11: Role queries should use appropriate optimized indexes
Error fetching project roles: {
  code: 'PGRST200',
  details: "Searched for a foreign key relationship between 'project_roles' and 'user_profiles' in the schema 'public', but no matches were found.",
  hint: null,
  message: "Could not find a relationship between 'project_roles' and 'user_profiles' in the schema cache"
}

[90mstdout[2m | tests/property/scoped-roles-processing-efficiency.test.ts[2m > [22m[2mProperty 10: Scoped Roles Processing Efficiency[2m > [22m[2mProperty 10.11: Role queries should use appropriate optimized indexes
[22m[39mGoTrueClient@sb-bgxknceshxxifwytalex-auth-token:0 (2.93.3) 2026-02-02T15:20:30.143Z #_acquireLock begin [33m10000[39m
GoTrueClient@sb-bgxknceshxxifwytalex-auth-token:0 (2.93.3) 2026-02-02T15:20:30.143Z #_acquireLock lock acquired for storage key sb-bgxknceshxxifwytalex-auth-token
GoTrueClient@sb-bgxknceshxxifwytalex-auth-token:0 (2.93.3) 2026-02-02T15:20:30.144Z #_useSession begin
GoTrueClient@sb-bgxknceshxxifwytalex-auth-token:0 (2.93.3) 2026-02-02T15:20:30.144Z #__loadSession() begin

[90mstdout[2m | tests/property/scoped-roles-processing-efficiency.test.ts[2m > [22m[2mProperty 10: Scoped Roles Processing Efficiency[2m > [22m[2mProperty 10.11: Role queries should use appropriate optimized indexes
[22m[39mGoTrueClient@sb-bgxknceshxxifwytalex-auth-token:0 (2.93.3) 2026-02-02T15:20:30.144Z #getSession() session from storage [1mnull[22m
GoTrueClient@sb-bgxknceshxxifwytalex-auth-token:0 (2.93.3) 2026-02-02T15:20:30.144Z #__loadSession() end

[90mstdout[2m | tests/property/scoped-roles-processing-efficiency.test.ts[2m > [22m[2mProperty 10: Scoped Roles Processing Efficiency[2m > [22m[2mProperty 10.11: Role queries should use appropriate optimized indexes
[22m[39mGoTrueClient@sb-bgxknceshxxifwytalex-auth-token:0 (2.93.3) 2026-02-02T15:20:30.144Z #_useSession end

[90mstdout[2m | tests/property/scoped-roles-processing-efficiency.test.ts[2m > [22m[2mProperty 10: Scoped Roles Processing Efficiency[2m > [22m[2mProperty 10.11: Role queries should use appropriate optimized indexes
[22m[39mGoTrueClient@sb-bgxknceshxxifwytalex-auth-token:0 (2.93.3) 2026-02-02T15:20:30.144Z #_acquireLock lock released for storage key sb-bgxknceshxxifwytalex-auth-token

[90mstdout[2m | tests/property/scoped-roles-processing-efficiency.test.ts[2m > [22m[2mProperty 10: Scoped Roles Processing Efficiency[2m > [22m[2mProperty 10.11: Role queries should use appropriate optimized indexes
[22m[39mGoTrueClient@sb-bgxknceshxxifwytalex-auth-token:0 (2.93.3) 2026-02-02T15:20:30.144Z #_acquireLock end

stderr | tests/property/scoped-roles-processing-efficiency.test.ts > Property 10: Scoped Roles Processing Efficiency > Property 10.11: Role queries should use appropriate optimized indexes
Error fetching org roles: {
  code: 'PGRST200',
  details: "Searched for a foreign key relationship between 'org_roles' and 'user_profiles' in the schema 'public', but no matches were found.",
  hint: null,
  message: "Could not find a relationship between 'org_roles' and 'user_profiles' in the schema cache"
}

[90mstdout[2m | tests/property/scoped-roles-processing-efficiency.test.ts[2m > [22m[2mProperty 10: Scoped Roles Processing Efficiency[2m > [22m[2mProperty 10.11: Role queries should use appropriate optimized indexes
[22m[39mGoTrueClient@sb-bgxknceshxxifwytalex-auth-token:0 (2.93.3) 2026-02-02T15:20:30.299Z #_acquireLock begin [33m10000[39m
GoTrueClient@sb-bgxknceshxxifwytalex-auth-token:0 (2.93.3) 2026-02-02T15:20:30.299Z #_acquireLock lock acquired for storage key sb-bgxknceshxxifwytalex-auth-token
GoTrueClient@sb-bgxknceshxxifwytalex-auth-token:0 (2.93.3) 2026-02-02T15:20:30.299Z #_useSession begin
GoTrueClient@sb-bgxknceshxxifwytalex-auth-token:0 (2.93.3) 2026-02-02T15:20:30.299Z #__loadSession() begin

[90mstdout[2m | tests/property/scoped-roles-processing-efficiency.test.ts[2m > [22m[2mProperty 10: Scoped Roles Processing Efficiency[2m > [22m[2mProperty 10.11: Role queries should use appropriate optimized indexes
[22m[39mGoTrueClient@sb-bgxknceshxxifwytalex-auth-token:0 (2.93.3) 2026-02-02T15:20:30.299Z #getSession() session from storage [1mnull[22m
GoTrueClient@sb-bgxknceshxxifwytalex-auth-token:0 (2.93.3) 2026-02-02T15:20:30.299Z #__loadSession() end

[90mstdout[2m | tests/property/scoped-roles-processing-efficiency.test.ts[2m > [22m[2mProperty 10: Scoped Roles Processing Efficiency[2m > [22m[2mProperty 10.11: Role queries should use appropriate optimized indexes
[22m[39mGoTrueClient@sb-bgxknceshxxifwytalex-auth-token:0 (2.93.3) 2026-02-02T15:20:30.299Z #_useSession end

[90mstdout[2m | tests/property/scoped-roles-processing-efficiency.test.ts[2m > [22m[2mProperty 10: Scoped Roles Processing Efficiency[2m > [22m[2mProperty 10.11: Role queries should use appropriate optimized indexes
[22m[39mGoTrueClient@sb-bgxknceshxxifwytalex-auth-token:0 (2.93.3) 2026-02-02T15:20:30.299Z #_acquireLock lock released for storage key sb-bgxknceshxxifwytalex-auth-token

[90mstdout[2m | tests/property/scoped-roles-processing-efficiency.test.ts[2m > [22m[2mProperty 10: Scoped Roles Processing Efficiency[2m > [22m[2mProperty 10.11: Role queries should use appropriate optimized indexes
[22m[39mGoTrueClient@sb-bgxknceshxxifwytalex-auth-token:0 (2.93.3) 2026-02-02T15:20:30.299Z #_acquireLock end

stderr | tests/property/scoped-roles-processing-efficiency.test.ts > Property 10: Scoped Roles Processing Efficiency > Property 10.11: Role queries should use appropriate optimized indexes
Error fetching project roles: {
  code: 'PGRST200',
  details: "Searched for a foreign key relationship between 'project_roles' and 'user_profiles' in the schema 'public', but no matches were found.",
  hint: null,
  message: "Could not find a relationship between 'project_roles' and 'user_profiles' in the schema cache"
}

[90mstdout[2m | tests/property/scoped-roles-processing-efficiency.test.ts[2m > [22m[2mProperty 10: Scoped Roles Processing Efficiency[2m > [22m[2mProperty 10.11: Role queries should use appropriate optimized indexes
[22m[39mGoTrueClient@sb-bgxknceshxxifwytalex-auth-token:0 (2.93.3) 2026-02-02T15:20:30.325Z #_acquireLock begin [33m10000[39m
GoTrueClient@sb-bgxknceshxxifwytalex-auth-token:0 (2.93.3) 2026-02-02T15:20:30.325Z #_acquireLock lock acquired for storage key sb-bgxknceshxxifwytalex-auth-token
GoTrueClient@sb-bgxknceshxxifwytalex-auth-token:0 (2.93.3) 2026-02-02T15:20:30.325Z #_useSession begin
GoTrueClient@sb-bgxknceshxxifwytalex-auth-token:0 (2.93.3) 2026-02-02T15:20:30.325Z #__loadSession() begin

[90mstdout[2m | tests/property/scoped-roles-processing-efficiency.test.ts[2m > [22m[2mProperty 10: Scoped Roles Processing Efficiency[2m > [22m[2mProperty 10.11: Role queries should use appropriate optimized indexes
[22m[39mGoTrueClient@sb-bgxknceshxxifwytalex-auth-token:0 (2.93.3) 2026-02-02T15:20:30.326Z #getSession() session from storage [1mnull[22m
GoTrueClient@sb-bgxknceshxxifwytalex-auth-token:0 (2.93.3) 2026-02-02T15:20:30.326Z #__loadSession() end

[90mstdout[2m | tests/property/scoped-roles-processing-efficiency.test.ts[2m > [22m[2mProperty 10: Scoped Roles Processing Efficiency[2m > [22m[2mProperty 10.11: Role queries should use appropriate optimized indexes
[22m[39mGoTrueClient@sb-bgxknceshxxifwytalex-auth-token:0 (2.93.3) 2026-02-02T15:20:30.326Z #_useSession end

[90mstdout[2m | tests/property/scoped-roles-processing-efficiency.test.ts[2m > [22m[2mProperty 10: Scoped Roles Processing Efficiency[2m > [22m[2mProperty 10.11: Role queries should use appropriate optimized indexes
[22m[39mGoTrueClient@sb-bgxknceshxxifwytalex-auth-token:0 (2.93.3) 2026-02-02T15:20:30.326Z #_acquireLock lock released for storage key sb-bgxknceshxxifwytalex-auth-token

[90mstdout[2m | tests/property/scoped-roles-processing-efficiency.test.ts[2m > [22m[2mProperty 10: Scoped Roles Processing Efficiency[2m > [22m[2mProperty 10.11: Role queries should use appropriate optimized indexes
[22m[39mGoTrueClient@sb-bgxknceshxxifwytalex-auth-token:0 (2.93.3) 2026-02-02T15:20:30.326Z #_acquireLock end

stderr | tests/property/scoped-roles-processing-efficiency.test.ts > Property 10: Scoped Roles Processing Efficiency > Property 10.11: Role queries should use appropriate optimized indexes
Error fetching org roles: {
  code: 'PGRST200',
  details: "Searched for a foreign key relationship between 'org_roles' and 'user_profiles' in the schema 'public', but no matches were found.",
  hint: null,
  message: "Could not find a relationship between 'org_roles' and 'user_profiles' in the schema cache"
}

[90mstdout[2m | tests/property/scoped-roles-processing-efficiency.test.ts[2m > [22m[2mProperty 10: Scoped Roles Processing Efficiency[2m > [22m[2mProperty 10.11: Role queries should use appropriate optimized indexes
[22m[39mGoTrueClient@sb-bgxknceshxxifwytalex-auth-token:0 (2.93.3) 2026-02-02T15:20:30.358Z #_acquireLock begin [33m10000[39m
GoTrueClient@sb-bgxknceshxxifwytalex-auth-token:0 (2.93.3) 2026-02-02T15:20:30.358Z #_acquireLock lock acquired for storage key sb-bgxknceshxxifwytalex-auth-token
GoTrueClient@sb-bgxknceshxxifwytalex-auth-token:0 (2.93.3) 2026-02-02T15:20:30.358Z #_useSession begin
GoTrueClient@sb-bgxknceshxxifwytalex-auth-token:0 (2.93.3) 2026-02-02T15:20:30.358Z #__loadSession() begin

[90mstdout[2m | tests/property/scoped-roles-processing-efficiency.test.ts[2m > [22m[2mProperty 10: Scoped Roles Processing Efficiency[2m > [22m[2mProperty 10.11: Role queries should use appropriate optimized indexes
[22m[39mGoTrueClient@sb-bgxknceshxxifwytalex-auth-token:0 (2.93.3) 2026-02-02T15:20:30.358Z #getSession() session from storage [1mnull[22m
GoTrueClient@sb-bgxknceshxxifwytalex-auth-token:0 (2.93.3) 2026-02-02T15:20:30.358Z #__loadSession() end

[90mstdout[2m | tests/property/scoped-roles-processing-efficiency.test.ts[2m > [22m[2mProperty 10: Scoped Roles Processing Efficiency[2m > [22m[2mProperty 10.11: Role queries should use appropriate optimized indexes
[22m[39mGoTrueClient@sb-bgxknceshxxifwytalex-auth-token:0 (2.93.3) 2026-02-02T15:20:30.358Z #_useSession end

[90mstdout[2m | tests/property/scoped-roles-processing-efficiency.test.ts[2m > [22m[2mProperty 10: Scoped Roles Processing Efficiency[2m > [22m[2mProperty 10.11: Role queries should use appropriate optimized indexes
[22m[39mGoTrueClient@sb-bgxknceshxxifwytalex-auth-token:0 (2.93.3) 2026-02-02T15:20:30.358Z #_acquireLock lock released for storage key sb-bgxknceshxxifwytalex-auth-token

[90mstdout[2m | tests/property/scoped-roles-processing-efficiency.test.ts[2m > [22m[2mProperty 10: Scoped Roles Processing Efficiency[2m > [22m[2mProperty 10.11: Role queries should use appropriate optimized indexes
[22m[39mGoTrueClient@sb-bgxknceshxxifwytalex-auth-token:0 (2.93.3) 2026-02-02T15:20:30.358Z #_acquireLock end

[90mstdout[2m | tests/property/scoped-roles-processing-efficiency.test.ts[2m > [22m[2mProperty 10: Scoped Roles Processing Efficiency[2m > [22m[2mProperty 10.11: Role queries should use appropriate optimized indexes
[22m[39mGoTrueClient@sb-bgxknceshxxifwytalex-auth-token:0 (2.93.3) 2026-02-02T15:20:30.368Z #_acquireLock begin [33m10000[39m
GoTrueClient@sb-bgxknceshxxifwytalex-auth-token:0 (2.93.3) 2026-02-02T15:20:30.368Z #_acquireLock lock acquired for storage key sb-bgxknceshxxifwytalex-auth-token
GoTrueClient@sb-bgxknceshxxifwytalex-auth-token:0 (2.93.3) 2026-02-02T15:20:30.368Z #_useSession begin
GoTrueClient@sb-bgxknceshxxifwytalex-auth-token:0 (2.93.3) 2026-02-02T15:20:30.368Z #__loadSession() begin

[90mstdout[2m | tests/property/scoped-roles-processing-efficiency.test.ts[2m > [22m[2mProperty 10: Scoped Roles Processing Efficiency[2m > [22m[2mProperty 10.11: Role queries should use appropriate optimized indexes
[22m[39mGoTrueClient@sb-bgxknceshxxifwytalex-auth-token:0 (2.93.3) 2026-02-02T15:20:30.368Z #getSession() session from storage [1mnull[22m
GoTrueClient@sb-bgxknceshxxifwytalex-auth-token:0 (2.93.3) 2026-02-02T15:20:30.368Z #__loadSession() end

[90mstdout[2m | tests/property/scoped-roles-processing-efficiency.test.ts[2m > [22m[2mProperty 10: Scoped Roles Processing Efficiency[2m > [22m[2mProperty 10.11: Role queries should use appropriate optimized indexes
[22m[39mGoTrueClient@sb-bgxknceshxxifwytalex-auth-token:0 (2.93.3) 2026-02-02T15:20:30.368Z #_useSession end

[90mstdout[2m | tests/property/scoped-roles-processing-efficiency.test.ts[2m > [22m[2mProperty 10: Scoped Roles Processing Efficiency[2m > [22m[2mProperty 10.11: Role queries should use appropriate optimized indexes
[22m[39mGoTrueClient@sb-bgxknceshxxifwytalex-auth-token:0 (2.93.3) 2026-02-02T15:20:30.368Z #_acquireLock lock released for storage key sb-bgxknceshxxifwytalex-auth-token

[90mstdout[2m | tests/property/scoped-roles-processing-efficiency.test.ts[2m > [22m[2mProperty 10: Scoped Roles Processing Efficiency[2m > [22m[2mProperty 10.11: Role queries should use appropriate optimized indexes
[22m[39mGoTrueClient@sb-bgxknceshxxifwytalex-auth-token:0 (2.93.3) 2026-02-02T15:20:30.369Z #_acquireLock end

stderr | tests/property/scoped-roles-processing-efficiency.test.ts > Property 10: Scoped Roles Processing Efficiency > Property 10.11: Role queries should use appropriate optimized indexes
Error fetching project roles: {
  code: 'PGRST200',
  details: "Searched for a foreign key relationship between 'project_roles' and 'user_profiles' in the schema 'public', but no matches were found.",
  hint: null,
  message: "Could not find a relationship between 'project_roles' and 'user_profiles' in the schema cache"
}

[90mstdout[2m | tests/property/scoped-roles-processing-efficiency.test.ts[2m > [22m[2mProperty 10: Scoped Roles Processing Efficiency[2m > [22m[2mProperty 10.11: Role queries should use appropriate optimized indexes
[22m[39mGoTrueClient@sb-bgxknceshxxifwytalex-auth-token:0 (2.93.3) 2026-02-02T15:20:30.453Z #_acquireLock begin [33m10000[39m
GoTrueClient@sb-bgxknceshxxifwytalex-auth-token:0 (2.93.3) 2026-02-02T15:20:30.453Z #_acquireLock lock acquired for storage key sb-bgxknceshxxifwytalex-auth-token
GoTrueClient@sb-bgxknceshxxifwytalex-auth-token:0 (2.93.3) 2026-02-02T15:20:30.453Z #_useSession begin
GoTrueClient@sb-bgxknceshxxifwytalex-auth-token:0 (2.93.3) 2026-02-02T15:20:30.453Z #__loadSession() begin

[90mstdout[2m | tests/property/scoped-roles-processing-efficiency.test.ts[2m > [22m[2mProperty 10: Scoped Roles Processing Efficiency[2m > [22m[2mProperty 10.11: Role queries should use appropriate optimized indexes
[22m[39mGoTrueClient@sb-bgxknceshxxifwytalex-auth-token:0 (2.93.3) 2026-02-02T15:20:30.454Z #getSession() session from storage [1mnull[22m
GoTrueClient@sb-bgxknceshxxifwytalex-auth-token:0 (2.93.3) 2026-02-02T15:20:30.454Z #__loadSession() end

[90mstdout[2m | tests/property/scoped-roles-processing-efficiency.test.ts[2m > [22m[2mProperty 10: Scoped Roles Processing Efficiency[2m > [22m[2mProperty 10.11: Role queries should use appropriate optimized indexes
[22m[39mGoTrueClient@sb-bgxknceshxxifwytalex-auth-token:0 (2.93.3) 2026-02-02T15:20:30.454Z #_useSession end

[90mstdout[2m | tests/property/scoped-roles-processing-efficiency.test.ts[2m > [22m[2mProperty 10: Scoped Roles Processing Efficiency[2m > [22m[2mProperty 10.11: Role queries should use appropriate optimized indexes
[22m[39mGoTrueClient@sb-bgxknceshxxifwytalex-auth-token:0 (2.93.3) 2026-02-02T15:20:30.454Z #_acquireLock lock released for storage key sb-bgxknceshxxifwytalex-auth-token

[90mstdout[2m | tests/property/scoped-roles-processing-efficiency.test.ts[2m > [22m[2mProperty 10: Scoped Roles Processing Efficiency[2m > [22m[2mProperty 10.11: Role queries should use appropriate optimized indexes
[22m[39mGoTrueClient@sb-bgxknceshxxifwytalex-auth-token:0 (2.93.3) 2026-02-02T15:20:30.455Z #_acquireLock end

stderr | tests/property/scoped-roles-processing-efficiency.test.ts > Property 10: Scoped Roles Processing Efficiency > Property 10.11: Role queries should use appropriate optimized indexes
Error fetching project roles: {
  code: 'PGRST200',
  details: "Searched for a foreign key relationship between 'project_roles' and 'user_profiles' in the schema 'public', but no matches were found.",
  hint: null,
  message: "Could not find a relationship between 'project_roles' and 'user_profiles' in the schema cache"
}

[90mstdout[2m | tests/property/scoped-roles-processing-efficiency.test.ts[2m > [22m[2mProperty 10: Scoped Roles Processing Efficiency[2m > [22m[2mProperty 10.11: Role queries should use appropriate optimized indexes
[22m[39mGoTrueClient@sb-bgxknceshxxifwytalex-auth-token:0 (2.93.3) 2026-02-02T15:20:30.545Z #_acquireLock begin [33m10000[39m
GoTrueClient@sb-bgxknceshxxifwytalex-auth-token:0 (2.93.3) 2026-02-02T15:20:30.545Z #_acquireLock lock acquired for storage key sb-bgxknceshxxifwytalex-auth-token
GoTrueClient@sb-bgxknceshxxifwytalex-auth-token:0 (2.93.3) 2026-02-02T15:20:30.545Z #_useSession begin
GoTrueClient@sb-bgxknceshxxifwytalex-auth-token:0 (2.93.3) 2026-02-02T15:20:30.545Z #__loadSession() begin

[90mstdout[2m | tests/property/scoped-roles-processing-efficiency.test.ts[2m > [22m[2mProperty 10: Scoped Roles Processing Efficiency[2m > [22m[2mProperty 10.11: Role queries should use appropriate optimized indexes
[22m[39mGoTrueClient@sb-bgxknceshxxifwytalex-auth-token:0 (2.93.3) 2026-02-02T15:20:30.545Z #getSession() session from storage [1mnull[22m
GoTrueClient@sb-bgxknceshxxifwytalex-auth-token:0 (2.93.3) 2026-02-02T15:20:30.545Z #__loadSession() end

[90mstdout[2m | tests/property/scoped-roles-processing-efficiency.test.ts[2m > [22m[2mProperty 10: Scoped Roles Processing Efficiency[2m > [22m[2mProperty 10.11: Role queries should use appropriate optimized indexes
[22m[39mGoTrueClient@sb-bgxknceshxxifwytalex-auth-token:0 (2.93.3) 2026-02-02T15:20:30.545Z #_useSession end

[90mstdout[2m | tests/property/scoped-roles-processing-efficiency.test.ts[2m > [22m[2mProperty 10: Scoped Roles Processing Efficiency[2m > [22m[2mProperty 10.11: Role queries should use appropriate optimized indexes
[22m[39mGoTrueClient@sb-bgxknceshxxifwytalex-auth-token:0 (2.93.3) 2026-02-02T15:20:30.545Z #_acquireLock lock released for storage key sb-bgxknceshxxifwytalex-auth-token

[90mstdout[2m | tests/property/scoped-roles-processing-efficiency.test.ts[2m > [22m[2mProperty 10: Scoped Roles Processing Efficiency[2m > [22m[2mProperty 10.11: Role queries should use appropriate optimized indexes
[22m[39mGoTrueClient@sb-bgxknceshxxifwytalex-auth-token:0 (2.93.3) 2026-02-02T15:20:30.545Z #_acquireLock end

stderr | tests/property/scoped-roles-processing-efficiency.test.ts > Property 10: Scoped Roles Processing Efficiency > Property 10.11: Role queries should use appropriate optimized indexes
Error fetching org roles: {
  code: 'PGRST200',
  details: "Searched for a foreign key relationship between 'org_roles' and 'user_profiles' in the schema 'public', but no matches were found.",
  hint: null,
  message: "Could not find a relationship between 'org_roles' and 'user_profiles' in the schema cache"
}

[90mstdout[2m | tests/property/scoped-roles-processing-efficiency.test.ts[2m > [22m[2mProperty 10: Scoped Roles Processing Efficiency[2m > [22m[2mProperty 10.11: Role queries should use appropriate optimized indexes
[22m[39mGoTrueClient@sb-bgxknceshxxifwytalex-auth-token:0 (2.93.3) 2026-02-02T15:20:30.562Z #_acquireLock begin [33m10000[39m
GoTrueClient@sb-bgxknceshxxifwytalex-auth-token:0 (2.93.3) 2026-02-02T15:20:30.562Z #_acquireLock lock acquired for storage key sb-bgxknceshxxifwytalex-auth-token
GoTrueClient@sb-bgxknceshxxifwytalex-auth-token:0 (2.93.3) 2026-02-02T15:20:30.562Z #_useSession begin
GoTrueClient@sb-bgxknceshxxifwytalex-auth-token:0 (2.93.3) 2026-02-02T15:20:30.562Z #__loadSession() begin

[90mstdout[2m | tests/property/scoped-roles-processing-efficiency.test.ts[2m > [22m[2mProperty 10: Scoped Roles Processing Efficiency[2m > [22m[2mProperty 10.11: Role queries should use appropriate optimized indexes
[22m[39mGoTrueClient@sb-bgxknceshxxifwytalex-auth-token:0 (2.93.3) 2026-02-02T15:20:30.563Z #getSession() session from storage [1mnull[22m
GoTrueClient@sb-bgxknceshxxifwytalex-auth-token:0 (2.93.3) 2026-02-02T15:20:30.563Z #__loadSession() end

[90mstdout[2m | tests/property/scoped-roles-processing-efficiency.test.ts[2m > [22m[2mProperty 10: Scoped Roles Processing Efficiency[2m > [22m[2mProperty 10.11: Role queries should use appropriate optimized indexes
[22m[39mGoTrueClient@sb-bgxknceshxxifwytalex-auth-token:0 (2.93.3) 2026-02-02T15:20:30.563Z #_useSession end

[90mstdout[2m | tests/property/scoped-roles-processing-efficiency.test.ts[2m > [22m[2mProperty 10: Scoped Roles Processing Efficiency[2m > [22m[2mProperty 10.11: Role queries should use appropriate optimized indexes
[22m[39mGoTrueClient@sb-bgxknceshxxifwytalex-auth-token:0 (2.93.3) 2026-02-02T15:20:30.563Z #_acquireLock lock released for storage key sb-bgxknceshxxifwytalex-auth-token

[90mstdout[2m | tests/property/scoped-roles-processing-efficiency.test.ts[2m > [22m[2mProperty 10: Scoped Roles Processing Efficiency[2m > [22m[2mProperty 10.11: Role queries should use appropriate optimized indexes
[22m[39mGoTrueClient@sb-bgxknceshxxifwytalex-auth-token:0 (2.93.3) 2026-02-02T15:20:30.563Z #_acquireLock end

stderr | tests/property/scoped-roles-processing-efficiency.test.ts > Property 10: Scoped Roles Processing Efficiency > Property 10.11: Role queries should use appropriate optimized indexes
Error fetching org roles: {
  code: 'PGRST200',
  details: "Searched for a foreign key relationship between 'org_roles' and 'user_profiles' in the schema 'public', but no matches were found.",
  hint: null,
  message: "Could not find a relationship between 'org_roles' and 'user_profiles' in the schema cache"
}

[90mstdout[2m | tests/property/scoped-roles-processing-efficiency.test.ts[2m > [22m[2mProperty 10: Scoped Roles Processing Efficiency[2m > [22m[2mProperty 10.11: Role queries should use appropriate optimized indexes
[22m[39mGoTrueClient@sb-bgxknceshxxifwytalex-auth-token:0 (2.93.3) 2026-02-02T15:20:30.576Z #_acquireLock begin [33m10000[39m
GoTrueClient@sb-bgxknceshxxifwytalex-auth-token:0 (2.93.3) 2026-02-02T15:20:30.576Z #_acquireLock lock acquired for storage key sb-bgxknceshxxifwytalex-auth-token
GoTrueClient@sb-bgxknceshxxifwytalex-auth-token:0 (2.93.3) 2026-02-02T15:20:30.576Z #_useSession begin
GoTrueClient@sb-bgxknceshxxifwytalex-auth-token:0 (2.93.3) 2026-02-02T15:20:30.576Z #__loadSession() begin

[90mstdout[2m | tests/property/scoped-roles-processing-efficiency.test.ts[2m > [22m[2mProperty 10: Scoped Roles Processing Efficiency[2m > [22m[2mProperty 10.11: Role queries should use appropriate optimized indexes
[22m[39mGoTrueClient@sb-bgxknceshxxifwytalex-auth-token:0 (2.93.3) 2026-02-02T15:20:30.576Z #getSession() session from storage [1mnull[22m
GoTrueClient@sb-bgxknceshxxifwytalex-auth-token:0 (2.93.3) 2026-02-02T15:20:30.576Z #__loadSession() end

[90mstdout[2m | tests/property/scoped-roles-processing-efficiency.test.ts[2m > [22m[2mProperty 10: Scoped Roles Processing Efficiency[2m > [22m[2mProperty 10.11: Role queries should use appropriate optimized indexes
[22m[39mGoTrueClient@sb-bgxknceshxxifwytalex-auth-token:0 (2.93.3) 2026-02-02T15:20:30.576Z #_useSession end

[90mstdout[2m | tests/property/scoped-roles-processing-efficiency.test.ts[2m > [22m[2mProperty 10: Scoped Roles Processing Efficiency[2m > [22m[2mProperty 10.11: Role queries should use appropriate optimized indexes
[22m[39mGoTrueClient@sb-bgxknceshxxifwytalex-auth-token:0 (2.93.3) 2026-02-02T15:20:30.576Z #_acquireLock lock released for storage key sb-bgxknceshxxifwytalex-auth-token

[90mstdout[2m | tests/property/scoped-roles-processing-efficiency.test.ts[2m > [22m[2mProperty 10: Scoped Roles Processing Efficiency[2m > [22m[2mProperty 10.11: Role queries should use appropriate optimized indexes
[22m[39mGoTrueClient@sb-bgxknceshxxifwytalex-auth-token:0 (2.93.3) 2026-02-02T15:20:30.576Z #_acquireLock end

stderr | tests/property/scoped-roles-processing-efficiency.test.ts > Property 10: Scoped Roles Processing Efficiency > Property 10.11: Role queries should use appropriate optimized indexes
Error fetching org roles: {
  code: 'PGRST200',
  details: "Searched for a foreign key relationship between 'org_roles' and 'user_profiles' in the schema 'public', but no matches were found.",
  hint: null,
  message: "Could not find a relationship between 'org_roles' and 'user_profiles' in the schema cache"
}

[90mstdout[2m | tests/property/scoped-roles-processing-efficiency.test.ts[2m > [22m[2mProperty 10: Scoped Roles Processing Efficiency[2m > [22m[2mProperty 10.11: Role queries should use appropriate optimized indexes
[22m[39mGoTrueClient@sb-bgxknceshxxifwytalex-auth-token:0 (2.93.3) 2026-02-02T15:20:30.594Z #_acquireLock begin [33m10000[39m
GoTrueClient@sb-bgxknceshxxifwytalex-auth-token:0 (2.93.3) 2026-02-02T15:20:30.594Z #_acquireLock lock acquired for storage key sb-bgxknceshxxifwytalex-auth-token
GoTrueClient@sb-bgxknceshxxifwytalex-auth-token:0 (2.93.3) 2026-02-02T15:20:30.594Z #_useSession begin
GoTrueClient@sb-bgxknceshxxifwytalex-auth-token:0 (2.93.3) 2026-02-02T15:20:30.594Z #__loadSession() begin

[90mstdout[2m | tests/property/scoped-roles-processing-efficiency.test.ts[2m > [22m[2mProperty 10: Scoped Roles Processing Efficiency[2m > [22m[2mProperty 10.11: Role queries should use appropriate optimized indexes
[22m[39mGoTrueClient@sb-bgxknceshxxifwytalex-auth-token:0 (2.93.3) 2026-02-02T15:20:30.594Z #getSession() session from storage [1mnull[22m
GoTrueClient@sb-bgxknceshxxifwytalex-auth-token:0 (2.93.3) 2026-02-02T15:20:30.594Z #__loadSession() end

[90mstdout[2m | tests/property/scoped-roles-processing-efficiency.test.ts[2m > [22m[2mProperty 10: Scoped Roles Processing Efficiency[2m > [22m[2mProperty 10.11: Role queries should use appropriate optimized indexes
[22m[39mGoTrueClient@sb-bgxknceshxxifwytalex-auth-token:0 (2.93.3) 2026-02-02T15:20:30.594Z #_useSession end

[90mstdout[2m | tests/property/scoped-roles-processing-efficiency.test.ts[2m > [22m[2mProperty 10: Scoped Roles Processing Efficiency[2m > [22m[2mProperty 10.11: Role queries should use appropriate optimized indexes
[22m[39mGoTrueClient@sb-bgxknceshxxifwytalex-auth-token:0 (2.93.3) 2026-02-02T15:20:30.594Z #_acquireLock lock released for storage key sb-bgxknceshxxifwytalex-auth-token

[90mstdout[2m | tests/property/scoped-roles-processing-efficiency.test.ts[2m > [22m[2mProperty 10: Scoped Roles Processing Efficiency[2m > [22m[2mProperty 10.11: Role queries should use appropriate optimized indexes
[22m[39mGoTrueClient@sb-bgxknceshxxifwytalex-auth-token:0 (2.93.3) 2026-02-02T15:20:30.594Z #_acquireLock end

[90mstdout[2m | tests/property/scoped-roles-processing-efficiency.test.ts[2m > [22m[2mProperty 10: Scoped Roles Processing Efficiency[2m > [22m[2mProperty 10.11: Role queries should use appropriate optimized indexes
[22m[39mGoTrueClient@sb-bgxknceshxxifwytalex-auth-token:0 (2.93.3) 2026-02-02T15:20:30.665Z #_acquireLock begin [33m10000[39m
GoTrueClient@sb-bgxknceshxxifwytalex-auth-token:0 (2.93.3) 2026-02-02T15:20:30.665Z #_acquireLock lock acquired for storage key sb-bgxknceshxxifwytalex-auth-token
GoTrueClient@sb-bgxknceshxxifwytalex-auth-token:0 (2.93.3) 2026-02-02T15:20:30.665Z #_useSession begin
GoTrueClient@sb-bgxknceshxxifwytalex-auth-token:0 (2.93.3) 2026-02-02T15:20:30.665Z #__loadSession() begin

[90mstdout[2m | tests/property/scoped-roles-processing-efficiency.test.ts[2m > [22m[2mProperty 10: Scoped Roles Processing Efficiency[2m > [22m[2mProperty 10.11: Role queries should use appropriate optimized indexes
[22m[39mGoTrueClient@sb-bgxknceshxxifwytalex-auth-token:0 (2.93.3) 2026-02-02T15:20:30.665Z #getSession() session from storage [1mnull[22m
GoTrueClient@sb-bgxknceshxxifwytalex-auth-token:0 (2.93.3) 2026-02-02T15:20:30.666Z #__loadSession() end

[90mstdout[2m | tests/property/scoped-roles-processing-efficiency.test.ts[2m > [22m[2mProperty 10: Scoped Roles Processing Efficiency[2m > [22m[2mProperty 10.11: Role queries should use appropriate optimized indexes
[22m[39mGoTrueClient@sb-bgxknceshxxifwytalex-auth-token:0 (2.93.3) 2026-02-02T15:20:30.666Z #_useSession end

[90mstdout[2m | tests/property/scoped-roles-processing-efficiency.test.ts[2m > [22m[2mProperty 10: Scoped Roles Processing Efficiency[2m > [22m[2mProperty 10.11: Role queries should use appropriate optimized indexes
[22m[39mGoTrueClient@sb-bgxknceshxxifwytalex-auth-token:0 (2.93.3) 2026-02-02T15:20:30.666Z #_acquireLock lock released for storage key sb-bgxknceshxxifwytalex-auth-token

[90mstdout[2m | tests/property/scoped-roles-processing-efficiency.test.ts[2m > [22m[2mProperty 10: Scoped Roles Processing Efficiency[2m > [22m[2mProperty 10.11: Role queries should use appropriate optimized indexes
[22m[39mGoTrueClient@sb-bgxknceshxxifwytalex-auth-token:0 (2.93.3) 2026-02-02T15:20:30.666Z #_acquireLock end

stderr | tests/property/scoped-roles-processing-efficiency.test.ts > Property 10: Scoped Roles Processing Efficiency > Property 10.11: Role queries should use appropriate optimized indexes
Error fetching org roles: {
  code: 'PGRST200',
  details: "Searched for a foreign key relationship between 'org_roles' and 'user_profiles' in the schema 'public', but no matches were found.",
  hint: null,
  message: "Could not find a relationship between 'org_roles' and 'user_profiles' in the schema cache"
}

[90mstdout[2m | tests/property/scoped-roles-processing-efficiency.test.ts[2m > [22m[2mProperty 10: Scoped Roles Processing Efficiency[2m > [22m[2mProperty 10.11: Role queries should use appropriate optimized indexes
[22m[39mGoTrueClient@sb-bgxknceshxxifwytalex-auth-token:0 (2.93.3) 2026-02-02T15:20:30.776Z #_acquireLock begin [33m10000[39m
GoTrueClient@sb-bgxknceshxxifwytalex-auth-token:0 (2.93.3) 2026-02-02T15:20:30.776Z #_acquireLock lock acquired for storage key sb-bgxknceshxxifwytalex-auth-token
GoTrueClient@sb-bgxknceshxxifwytalex-auth-token:0 (2.93.3) 2026-02-02T15:20:30.776Z #_useSession begin
GoTrueClient@sb-bgxknceshxxifwytalex-auth-token:0 (2.93.3) 2026-02-02T15:20:30.776Z #__loadSession() begin

[90mstdout[2m | tests/property/scoped-roles-processing-efficiency.test.ts[2m > [22m[2mProperty 10: Scoped Roles Processing Efficiency[2m > [22m[2mProperty 10.11: Role queries should use appropriate optimized indexes
[22m[39mGoTrueClient@sb-bgxknceshxxifwytalex-auth-token:0 (2.93.3) 2026-02-02T15:20:30.776Z #getSession() session from storage [1mnull[22m
GoTrueClient@sb-bgxknceshxxifwytalex-auth-token:0 (2.93.3) 2026-02-02T15:20:30.776Z #__loadSession() end

[90mstdout[2m | tests/property/scoped-roles-processing-efficiency.test.ts[2m > [22m[2mProperty 10: Scoped Roles Processing Efficiency[2m > [22m[2mProperty 10.11: Role queries should use appropriate optimized indexes
[22m[39mGoTrueClient@sb-bgxknceshxxifwytalex-auth-token:0 (2.93.3) 2026-02-02T15:20:30.776Z #_useSession end

[90mstdout[2m | tests/property/scoped-roles-processing-efficiency.test.ts[2m > [22m[2mProperty 10: Scoped Roles Processing Efficiency[2m > [22m[2mProperty 10.11: Role queries should use appropriate optimized indexes
[22m[39mGoTrueClient@sb-bgxknceshxxifwytalex-auth-token:0 (2.93.3) 2026-02-02T15:20:30.776Z #_acquireLock lock released for storage key sb-bgxknceshxxifwytalex-auth-token

[90mstdout[2m | tests/property/scoped-roles-processing-efficiency.test.ts[2m > [22m[2mProperty 10: Scoped Roles Processing Efficiency[2m > [22m[2mProperty 10.11: Role queries should use appropriate optimized indexes
[22m[39mGoTrueClient@sb-bgxknceshxxifwytalex-auth-token:0 (2.93.3) 2026-02-02T15:20:30.777Z #_acquireLock end

stderr | tests/property/scoped-roles-processing-efficiency.test.ts > Property 10: Scoped Roles Processing Efficiency > Property 10.11: Role queries should use appropriate optimized indexes
Error fetching project roles: {
  code: 'PGRST200',
  details: "Searched for a foreign key relationship between 'project_roles' and 'user_profiles' in the schema 'public', but no matches were found.",
  hint: null,
  message: "Could not find a relationship between 'project_roles' and 'user_profiles' in the schema cache"
}

[90mstdout[2m | tests/property/scoped-roles-processing-efficiency.test.ts[2m > [22m[2mProperty 10: Scoped Roles Processing Efficiency[2m > [22m[2mProperty 10.11: Role queries should use appropriate optimized indexes
[22m[39mGoTrueClient@sb-bgxknceshxxifwytalex-auth-token:0 (2.93.3) 2026-02-02T15:20:30.785Z #_acquireLock begin [33m10000[39m
GoTrueClient@sb-bgxknceshxxifwytalex-auth-token:0 (2.93.3) 2026-02-02T15:20:30.785Z #_acquireLock lock acquired for storage key sb-bgxknceshxxifwytalex-auth-token
GoTrueClient@sb-bgxknceshxxifwytalex-auth-token:0 (2.93.3) 2026-02-02T15:20:30.785Z #_useSession begin
GoTrueClient@sb-bgxknceshxxifwytalex-auth-token:0 (2.93.3) 2026-02-02T15:20:30.785Z #__loadSession() begin

[90mstdout[2m | tests/property/scoped-roles-processing-efficiency.test.ts[2m > [22m[2mProperty 10: Scoped Roles Processing Efficiency[2m > [22m[2mProperty 10.11: Role queries should use appropriate optimized indexes
[22m[39mGoTrueClient@sb-bgxknceshxxifwytalex-auth-token:0 (2.93.3) 2026-02-02T15:20:30.786Z #getSession() session from storage [1mnull[22m
GoTrueClient@sb-bgxknceshxxifwytalex-auth-token:0 (2.93.3) 2026-02-02T15:20:30.786Z #__loadSession() end

[90mstdout[2m | tests/property/scoped-roles-processing-efficiency.test.ts[2m > [22m[2mProperty 10: Scoped Roles Processing Efficiency[2m > [22m[2mProperty 10.11: Role queries should use appropriate optimized indexes
[22m[39mGoTrueClient@sb-bgxknceshxxifwytalex-auth-token:0 (2.93.3) 2026-02-02T15:20:30.786Z #_useSession end

[90mstdout[2m | tests/property/scoped-roles-processing-efficiency.test.ts[2m > [22m[2mProperty 10: Scoped Roles Processing Efficiency[2m > [22m[2mProperty 10.11: Role queries should use appropriate optimized indexes
[22m[39mGoTrueClient@sb-bgxknceshxxifwytalex-auth-token:0 (2.93.3) 2026-02-02T15:20:30.786Z #_acquireLock lock released for storage key sb-bgxknceshxxifwytalex-auth-token

[90mstdout[2m | tests/property/scoped-roles-processing-efficiency.test.ts[2m > [22m[2mProperty 10: Scoped Roles Processing Efficiency[2m > [22m[2mProperty 10.11: Role queries should use appropriate optimized indexes
[22m[39mGoTrueClient@sb-bgxknceshxxifwytalex-auth-token:0 (2.93.3) 2026-02-02T15:20:30.786Z #_acquireLock end

stderr | tests/property/scoped-roles-processing-efficiency.test.ts > Property 10: Scoped Roles Processing Efficiency > Property 10.11: Role queries should use appropriate optimized indexes
Error fetching project roles: {
  code: 'PGRST200',
  details: "Searched for a foreign key relationship between 'project_roles' and 'user_profiles' in the schema 'public', but no matches were found.",
  hint: null,
  message: "Could not find a relationship between 'project_roles' and 'user_profiles' in the schema cache"
}

[90mstdout[2m | tests/property/scoped-roles-processing-efficiency.test.ts[2m > [22m[2mProperty 10: Scoped Roles Processing Efficiency[2m > [22m[2mProperty 10.11: Role queries should use appropriate optimized indexes
[22m[39mGoTrueClient@sb-bgxknceshxxifwytalex-auth-token:0 (2.93.3) 2026-02-02T15:20:30.858Z #_acquireLock begin [33m10000[39m
GoTrueClient@sb-bgxknceshxxifwytalex-auth-token:0 (2.93.3) 2026-02-02T15:20:30.858Z #_acquireLock lock acquired for storage key sb-bgxknceshxxifwytalex-auth-token
GoTrueClient@sb-bgxknceshxxifwytalex-auth-token:0 (2.93.3) 2026-02-02T15:20:30.858Z #_useSession begin
GoTrueClient@sb-bgxknceshxxifwytalex-auth-token:0 (2.93.3) 2026-02-02T15:20:30.858Z #__loadSession() begin

[90mstdout[2m | tests/property/scoped-roles-processing-efficiency.test.ts[2m > [22m[2mProperty 10: Scoped Roles Processing Efficiency[2m > [22m[2mProperty 10.11: Role queries should use appropriate optimized indexes
[22m[39mGoTrueClient@sb-bgxknceshxxifwytalex-auth-token:0 (2.93.3) 2026-02-02T15:20:30.858Z #getSession() session from storage [1mnull[22m
GoTrueClient@sb-bgxknceshxxifwytalex-auth-token:0 (2.93.3) 2026-02-02T15:20:30.858Z #__loadSession() end

[90mstdout[2m | tests/property/scoped-roles-processing-efficiency.test.ts[2m > [22m[2mProperty 10: Scoped Roles Processing Efficiency[2m > [22m[2mProperty 10.11: Role queries should use appropriate optimized indexes
[22m[39mGoTrueClient@sb-bgxknceshxxifwytalex-auth-token:0 (2.93.3) 2026-02-02T15:20:30.858Z #_useSession end

[90mstdout[2m | tests/property/scoped-roles-processing-efficiency.test.ts[2m > [22m[2mProperty 10: Scoped Roles Processing Efficiency[2m > [22m[2mProperty 10.11: Role queries should use appropriate optimized indexes
[22m[39mGoTrueClient@sb-bgxknceshxxifwytalex-auth-token:0 (2.93.3) 2026-02-02T15:20:30.858Z #_acquireLock lock released for storage key sb-bgxknceshxxifwytalex-auth-token

[90mstdout[2m | tests/property/scoped-roles-processing-efficiency.test.ts[2m > [22m[2mProperty 10: Scoped Roles Processing Efficiency[2m > [22m[2mProperty 10.11: Role queries should use appropriate optimized indexes
[22m[39mGoTrueClient@sb-bgxknceshxxifwytalex-auth-token:0 (2.93.3) 2026-02-02T15:20:30.859Z #_acquireLock end

stderr | tests/property/scoped-roles-processing-efficiency.test.ts > Property 10: Scoped Roles Processing Efficiency > Property 10.11: Role queries should use appropriate optimized indexes
Error fetching org roles: {
  code: 'PGRST200',
  details: "Searched for a foreign key relationship between 'org_roles' and 'user_profiles' in the schema 'public', but no matches were found.",
  hint: null,
  message: "Could not find a relationship between 'org_roles' and 'user_profiles' in the schema cache"
}

[90mstdout[2m | tests/property/scoped-roles-processing-efficiency.test.ts[2m > [22m[2mProperty 10: Scoped Roles Processing Efficiency[2m > [22m[2mProperty 10.11: Role queries should use appropriate optimized indexes
[22m[39mGoTrueClient@sb-bgxknceshxxifwytalex-auth-token:0 (2.93.3) 2026-02-02T15:20:30.860Z #_acquireLock begin [33m10000[39m
GoTrueClient@sb-bgxknceshxxifwytalex-auth-token:0 (2.93.3) 2026-02-02T15:20:30.860Z #_acquireLock lock acquired for storage key sb-bgxknceshxxifwytalex-auth-token
GoTrueClient@sb-bgxknceshxxifwytalex-auth-token:0 (2.93.3) 2026-02-02T15:20:30.860Z #_useSession begin
GoTrueClient@sb-bgxknceshxxifwytalex-auth-token:0 (2.93.3) 2026-02-02T15:20:30.860Z #__loadSession() begin

[90mstdout[2m | tests/property/scoped-roles-processing-efficiency.test.ts[2m > [22m[2mProperty 10: Scoped Roles Processing Efficiency[2m > [22m[2mProperty 10.11: Role queries should use appropriate optimized indexes
[22m[39mGoTrueClient@sb-bgxknceshxxifwytalex-auth-token:0 (2.93.3) 2026-02-02T15:20:30.860Z #getSession() session from storage [1mnull[22m
GoTrueClient@sb-bgxknceshxxifwytalex-auth-token:0 (2.93.3) 2026-02-02T15:20:30.860Z #__loadSession() end

[90mstdout[2m | tests/property/scoped-roles-processing-efficiency.test.ts[2m > [22m[2mProperty 10: Scoped Roles Processing Efficiency[2m > [22m[2mProperty 10.11: Role queries should use appropriate optimized indexes
[22m[39mGoTrueClient@sb-bgxknceshxxifwytalex-auth-token:0 (2.93.3) 2026-02-02T15:20:30.860Z #_useSession end

[90mstdout[2m | tests/property/scoped-roles-processing-efficiency.test.ts[2m > [22m[2mProperty 10: Scoped Roles Processing Efficiency[2m > [22m[2mProperty 10.11: Role queries should use appropriate optimized indexes
[22m[39mGoTrueClient@sb-bgxknceshxxifwytalex-auth-token:0 (2.93.3) 2026-02-02T15:20:30.860Z #_acquireLock lock released for storage key sb-bgxknceshxxifwytalex-auth-token

[90mstdout[2m | tests/property/scoped-roles-processing-efficiency.test.ts[2m > [22m[2mProperty 10: Scoped Roles Processing Efficiency[2m > [22m[2mProperty 10.11: Role queries should use appropriate optimized indexes
[22m[39mGoTrueClient@sb-bgxknceshxxifwytalex-auth-token:0 (2.93.3) 2026-02-02T15:20:30.860Z #_acquireLock end

stderr | tests/property/scoped-roles-processing-efficiency.test.ts > Property 10: Scoped Roles Processing Efficiency > Property 10.11: Role queries should use appropriate optimized indexes
Error fetching org roles: {
  code: 'PGRST200',
  details: "Searched for a foreign key relationship between 'org_roles' and 'user_profiles' in the schema 'public', but no matches were found.",
  hint: null,
  message: "Could not find a relationship between 'org_roles' and 'user_profiles' in the schema cache"
}

[90mstdout[2m | tests/property/scoped-roles-processing-efficiency.test.ts[2m > [22m[2mProperty 10: Scoped Roles Processing Efficiency[2m > [22m[2mProperty 10.11: Role queries should use appropriate optimized indexes
[22m[39mGoTrueClient@sb-bgxknceshxxifwytalex-auth-token:0 (2.93.3) 2026-02-02T15:20:30.891Z #_acquireLock begin [33m10000[39m
GoTrueClient@sb-bgxknceshxxifwytalex-auth-token:0 (2.93.3) 2026-02-02T15:20:30.891Z #_acquireLock lock acquired for storage key sb-bgxknceshxxifwytalex-auth-token
GoTrueClient@sb-bgxknceshxxifwytalex-auth-token:0 (2.93.3) 2026-02-02T15:20:30.891Z #_useSession begin
GoTrueClient@sb-bgxknceshxxifwytalex-auth-token:0 (2.93.3) 2026-02-02T15:20:30.891Z #__loadSession() begin

[90mstdout[2m | tests/property/scoped-roles-processing-efficiency.test.ts[2m > [22m[2mProperty 10: Scoped Roles Processing Efficiency[2m > [22m[2mProperty 10.11: Role queries should use appropriate optimized indexes
[22m[39mGoTrueClient@sb-bgxknceshxxifwytalex-auth-token:0 (2.93.3) 2026-02-02T15:20:30.891Z #getSession() session from storage [1mnull[22m
GoTrueClient@sb-bgxknceshxxifwytalex-auth-token:0 (2.93.3) 2026-02-02T15:20:30.891Z #__loadSession() end

[90mstdout[2m | tests/property/scoped-roles-processing-efficiency.test.ts[2m > [22m[2mProperty 10: Scoped Roles Processing Efficiency[2m > [22m[2mProperty 10.11: Role queries should use appropriate optimized indexes
[22m[39mGoTrueClient@sb-bgxknceshxxifwytalex-auth-token:0 (2.93.3) 2026-02-02T15:20:30.891Z #_useSession end

[90mstdout[2m | tests/property/scoped-roles-processing-efficiency.test.ts[2m > [22m[2mProperty 10: Scoped Roles Processing Efficiency[2m > [22m[2mProperty 10.11: Role queries should use appropriate optimized indexes
[22m[39mGoTrueClient@sb-bgxknceshxxifwytalex-auth-token:0 (2.93.3) 2026-02-02T15:20:30.891Z #_acquireLock lock released for storage key sb-bgxknceshxxifwytalex-auth-token

[90mstdout[2m | tests/property/scoped-roles-processing-efficiency.test.ts[2m > [22m[2mProperty 10: Scoped Roles Processing Efficiency[2m > [22m[2mProperty 10.11: Role queries should use appropriate optimized indexes
[22m[39mGoTrueClient@sb-bgxknceshxxifwytalex-auth-token:0 (2.93.3) 2026-02-02T15:20:30.891Z #_acquireLock end

stderr | tests/property/scoped-roles-processing-efficiency.test.ts > Property 10: Scoped Roles Processing Efficiency > Property 10.11: Role queries should use appropriate optimized indexes
Error fetching project roles: {
  code: 'PGRST200',
  details: "Searched for a foreign key relationship between 'project_roles' and 'user_profiles' in the schema 'public', but no matches were found.",
  hint: null,
  message: "Could not find a relationship between 'project_roles' and 'user_profiles' in the schema cache"
}

[90mstdout[2m | tests/property/scoped-roles-processing-efficiency.test.ts[2m > [22m[2mProperty 10: Scoped Roles Processing Efficiency[2m > [22m[2mProperty 10.11: Role queries should use appropriate optimized indexes
[22m[39mGoTrueClient@sb-bgxknceshxxifwytalex-auth-token:0 (2.93.3) 2026-02-02T15:20:30.981Z #_acquireLock begin [33m10000[39m
GoTrueClient@sb-bgxknceshxxifwytalex-auth-token:0 (2.93.3) 2026-02-02T15:20:30.981Z #_acquireLock lock acquired for storage key sb-bgxknceshxxifwytalex-auth-token
GoTrueClient@sb-bgxknceshxxifwytalex-auth-token:0 (2.93.3) 2026-02-02T15:20:30.981Z #_useSession begin
GoTrueClient@sb-bgxknceshxxifwytalex-auth-token:0 (2.93.3) 2026-02-02T15:20:30.981Z #__loadSession() begin

[90mstdout[2m | tests/property/scoped-roles-processing-efficiency.test.ts[2m > [22m[2mProperty 10: Scoped Roles Processing Efficiency[2m > [22m[2mProperty 10.11: Role queries should use appropriate optimized indexes
[22m[39mGoTrueClient@sb-bgxknceshxxifwytalex-auth-token:0 (2.93.3) 2026-02-02T15:20:30.981Z #getSession() session from storage [1mnull[22m
GoTrueClient@sb-bgxknceshxxifwytalex-auth-token:0 (2.93.3) 2026-02-02T15:20:30.981Z #__loadSession() end

[90mstdout[2m | tests/property/scoped-roles-processing-efficiency.test.ts[2m > [22m[2mProperty 10: Scoped Roles Processing Efficiency[2m > [22m[2mProperty 10.11: Role queries should use appropriate optimized indexes
[22m[39mGoTrueClient@sb-bgxknceshxxifwytalex-auth-token:0 (2.93.3) 2026-02-02T15:20:30.981Z #_useSession end

[90mstdout[2m | tests/property/scoped-roles-processing-efficiency.test.ts[2m > [22m[2mProperty 10: Scoped Roles Processing Efficiency[2m > [22m[2mProperty 10.11: Role queries should use appropriate optimized indexes
[22m[39mGoTrueClient@sb-bgxknceshxxifwytalex-auth-token:0 (2.93.3) 2026-02-02T15:20:30.982Z #_acquireLock lock released for storage key sb-bgxknceshxxifwytalex-auth-token

[90mstdout[2m | tests/property/scoped-roles-processing-efficiency.test.ts[2m > [22m[2mProperty 10: Scoped Roles Processing Efficiency[2m > [22m[2mProperty 10.11: Role queries should use appropriate optimized indexes
[22m[39mGoTrueClient@sb-bgxknceshxxifwytalex-auth-token:0 (2.93.3) 2026-02-02T15:20:30.982Z #_acquireLock end

stderr | tests/property/scoped-roles-processing-efficiency.test.ts > Property 10: Scoped Roles Processing Efficiency > Property 10.11: Role queries should use appropriate optimized indexes
Error fetching org roles: {
  code: 'PGRST200',
  details: "Searched for a foreign key relationship between 'org_roles' and 'user_profiles' in the schema 'public', but no matches were found.",
  hint: null,
  message: "Could not find a relationship between 'org_roles' and 'user_profiles' in the schema cache"
}

[90mstdout[2m | tests/property/scoped-roles-processing-efficiency.test.ts[2m > [22m[2mProperty 10: Scoped Roles Processing Efficiency[2m > [22m[2mProperty 10.11: Role queries should use appropriate optimized indexes
[22m[39mGoTrueClient@sb-bgxknceshxxifwytalex-auth-token:0 (2.93.3) 2026-02-02T15:20:30.991Z #_acquireLock begin [33m10000[39m
GoTrueClient@sb-bgxknceshxxifwytalex-auth-token:0 (2.93.3) 2026-02-02T15:20:30.991Z #_acquireLock lock acquired for storage key sb-bgxknceshxxifwytalex-auth-token
GoTrueClient@sb-bgxknceshxxifwytalex-auth-token:0 (2.93.3) 2026-02-02T15:20:30.991Z #_useSession begin
GoTrueClient@sb-bgxknceshxxifwytalex-auth-token:0 (2.93.3) 2026-02-02T15:20:30.991Z #__loadSession() begin

[90mstdout[2m | tests/property/scoped-roles-processing-efficiency.test.ts[2m > [22m[2mProperty 10: Scoped Roles Processing Efficiency[2m > [22m[2mProperty 10.11: Role queries should use appropriate optimized indexes
[22m[39mGoTrueClient@sb-bgxknceshxxifwytalex-auth-token:0 (2.93.3) 2026-02-02T15:20:30.992Z #getSession() session from storage [1mnull[22m
GoTrueClient@sb-bgxknceshxxifwytalex-auth-token:0 (2.93.3) 2026-02-02T15:20:30.992Z #__loadSession() end

[90mstdout[2m | tests/property/scoped-roles-processing-efficiency.test.ts[2m > [22m[2mProperty 10: Scoped Roles Processing Efficiency[2m > [22m[2mProperty 10.11: Role queries should use appropriate optimized indexes
[22m[39mGoTrueClient@sb-bgxknceshxxifwytalex-auth-token:0 (2.93.3) 2026-02-02T15:20:30.992Z #_useSession end

[90mstdout[2m | tests/property/scoped-roles-processing-efficiency.test.ts[2m > [22m[2mProperty 10: Scoped Roles Processing Efficiency[2m > [22m[2mProperty 10.11: Role queries should use appropriate optimized indexes
[22m[39mGoTrueClient@sb-bgxknceshxxifwytalex-auth-token:0 (2.93.3) 2026-02-02T15:20:30.992Z #_acquireLock lock released for storage key sb-bgxknceshxxifwytalex-auth-token

[90mstdout[2m | tests/property/scoped-roles-processing-efficiency.test.ts[2m > [22m[2mProperty 10: Scoped Roles Processing Efficiency[2m > [22m[2mProperty 10.11: Role queries should use appropriate optimized indexes
[22m[39mGoTrueClient@sb-bgxknceshxxifwytalex-auth-token:0 (2.93.3) 2026-02-02T15:20:30.992Z #_acquireLock end

stderr | tests/property/scoped-roles-processing-efficiency.test.ts > Property 10: Scoped Roles Processing Efficiency > Property 10.11: Role queries should use appropriate optimized indexes
Error fetching org roles: {
  code: 'PGRST200',
  details: "Searched for a foreign key relationship between 'org_roles' and 'user_profiles' in the schema 'public', but no matches were found.",
  hint: null,
  message: "Could not find a relationship between 'org_roles' and 'user_profiles' in the schema cache"
}

[90mstdout[2m | tests/property/scoped-roles-processing-efficiency.test.ts[2m > [22m[2mProperty 10: Scoped Roles Processing Efficiency[2m > [22m[2mProperty 10.11: Role queries should use appropriate optimized indexes
[22m[39mGoTrueClient@sb-bgxknceshxxifwytalex-auth-token:0 (2.93.3) 2026-02-02T15:20:31.073Z #_acquireLock begin [33m10000[39m
GoTrueClient@sb-bgxknceshxxifwytalex-auth-token:0 (2.93.3) 2026-02-02T15:20:31.074Z #_acquireLock lock acquired for storage key sb-bgxknceshxxifwytalex-auth-token
GoTrueClient@sb-bgxknceshxxifwytalex-auth-token:0 (2.93.3) 2026-02-02T15:20:31.074Z #_useSession begin
GoTrueClient@sb-bgxknceshxxifwytalex-auth-token:0 (2.93.3) 2026-02-02T15:20:31.074Z #__loadSession() begin

[90mstdout[2m | tests/property/scoped-roles-processing-efficiency.test.ts[2m > [22m[2mProperty 10: Scoped Roles Processing Efficiency[2m > [22m[2mProperty 10.11: Role queries should use appropriate optimized indexes
[22m[39mGoTrueClient@sb-bgxknceshxxifwytalex-auth-token:0 (2.93.3) 2026-02-02T15:20:31.074Z #getSession() session from storage [1mnull[22m
GoTrueClient@sb-bgxknceshxxifwytalex-auth-token:0 (2.93.3) 2026-02-02T15:20:31.074Z #__loadSession() end

[90mstdout[2m | tests/property/scoped-roles-processing-efficiency.test.ts[2m > [22m[2mProperty 10: Scoped Roles Processing Efficiency[2m > [22m[2mProperty 10.11: Role queries should use appropriate optimized indexes
[22m[39mGoTrueClient@sb-bgxknceshxxifwytalex-auth-token:0 (2.93.3) 2026-02-02T15:20:31.074Z #_useSession end

[90mstdout[2m | tests/property/scoped-roles-processing-efficiency.test.ts[2m > [22m[2mProperty 10: Scoped Roles Processing Efficiency[2m > [22m[2mProperty 10.11: Role queries should use appropriate optimized indexes
[22m[39mGoTrueClient@sb-bgxknceshxxifwytalex-auth-token:0 (2.93.3) 2026-02-02T15:20:31.074Z #_acquireLock lock released for storage key sb-bgxknceshxxifwytalex-auth-token

[90mstdout[2m | tests/property/scoped-roles-processing-efficiency.test.ts[2m > [22m[2mProperty 10: Scoped Roles Processing Efficiency[2m > [22m[2mProperty 10.11: Role queries should use appropriate optimized indexes
[22m[39mGoTrueClient@sb-bgxknceshxxifwytalex-auth-token:0 (2.93.3) 2026-02-02T15:20:31.074Z #_acquireLock end

[90mstdout[2m | tests/property/scoped-roles-processing-efficiency.test.ts[2m > [22m[2mProperty 10: Scoped Roles Processing Efficiency[2m > [22m[2mProperty 10.11: Role queries should use appropriate optimized indexes
[22m[39mGoTrueClient@sb-bgxknceshxxifwytalex-auth-token:0 (2.93.3) 2026-02-02T15:20:31.160Z #_acquireLock begin [33m10000[39m
GoTrueClient@sb-bgxknceshxxifwytalex-auth-token:0 (2.93.3) 2026-02-02T15:20:31.160Z #_acquireLock lock acquired for storage key sb-bgxknceshxxifwytalex-auth-token
GoTrueClient@sb-bgxknceshxxifwytalex-auth-token:0 (2.93.3) 2026-02-02T15:20:31.160Z #_useSession begin
GoTrueClient@sb-bgxknceshxxifwytalex-auth-token:0 (2.93.3) 2026-02-02T15:20:31.160Z #__loadSession() begin

[90mstdout[2m | tests/property/scoped-roles-processing-efficiency.test.ts[2m > [22m[2mProperty 10: Scoped Roles Processing Efficiency[2m > [22m[2mProperty 10.11: Role queries should use appropriate optimized indexes
[22m[39mGoTrueClient@sb-bgxknceshxxifwytalex-auth-token:0 (2.93.3) 2026-02-02T15:20:31.160Z #getSession() session from storage [1mnull[22m
GoTrueClient@sb-bgxknceshxxifwytalex-auth-token:0 (2.93.3) 2026-02-02T15:20:31.160Z #__loadSession() end

[90mstdout[2m | tests/property/scoped-roles-processing-efficiency.test.ts[2m > [22m[2mProperty 10: Scoped Roles Processing Efficiency[2m > [22m[2mProperty 10.11: Role queries should use appropriate optimized indexes
[22m[39mGoTrueClient@sb-bgxknceshxxifwytalex-auth-token:0 (2.93.3) 2026-02-02T15:20:31.160Z #_useSession end

[90mstdout[2m | tests/property/scoped-roles-processing-efficiency.test.ts[2m > [22m[2mProperty 10: Scoped Roles Processing Efficiency[2m > [22m[2mProperty 10.11: Role queries should use appropriate optimized indexes
[22m[39mGoTrueClient@sb-bgxknceshxxifwytalex-auth-token:0 (2.93.3) 2026-02-02T15:20:31.160Z #_acquireLock lock released for storage key sb-bgxknceshxxifwytalex-auth-token

[90mstdout[2m | tests/property/scoped-roles-processing-efficiency.test.ts[2m > [22m[2mProperty 10: Scoped Roles Processing Efficiency[2m > [22m[2mProperty 10.11: Role queries should use appropriate optimized indexes
[22m[39mGoTrueClient@sb-bgxknceshxxifwytalex-auth-token:0 (2.93.3) 2026-02-02T15:20:31.160Z #_acquireLock end

stderr | tests/property/scoped-roles-processing-efficiency.test.ts > Property 10: Scoped Roles Processing Efficiency > Property 10.11: Role queries should use appropriate optimized indexes
Error fetching project roles: {
  code: 'PGRST200',
  details: "Searched for a foreign key relationship between 'project_roles' and 'user_profiles' in the schema 'public', but no matches were found.",
  hint: null,
  message: "Could not find a relationship between 'project_roles' and 'user_profiles' in the schema cache"
}

[90mstdout[2m | tests/property/scoped-roles-processing-efficiency.test.ts[2m > [22m[2mProperty 10: Scoped Roles Processing Efficiency[2m > [22m[2mProperty 10.11: Role queries should use appropriate optimized indexes
[22m[39mGoTrueClient@sb-bgxknceshxxifwytalex-auth-token:0 (2.93.3) 2026-02-02T15:20:31.191Z #_acquireLock begin [33m10000[39m
GoTrueClient@sb-bgxknceshxxifwytalex-auth-token:0 (2.93.3) 2026-02-02T15:20:31.191Z #_acquireLock lock acquired for storage key sb-bgxknceshxxifwytalex-auth-token
GoTrueClient@sb-bgxknceshxxifwytalex-auth-token:0 (2.93.3) 2026-02-02T15:20:31.191Z #_useSession begin
GoTrueClient@sb-bgxknceshxxifwytalex-auth-token:0 (2.93.3) 2026-02-02T15:20:31.191Z #__loadSession() begin

[90mstdout[2m | tests/property/scoped-roles-processing-efficiency.test.ts[2m > [22m[2mProperty 10: Scoped Roles Processing Efficiency[2m > [22m[2mProperty 10.11: Role queries should use appropriate optimized indexes
[22m[39mGoTrueClient@sb-bgxknceshxxifwytalex-auth-token:0 (2.93.3) 2026-02-02T15:20:31.191Z #getSession() session from storage [1mnull[22m
GoTrueClient@sb-bgxknceshxxifwytalex-auth-token:0 (2.93.3) 2026-02-02T15:20:31.191Z #__loadSession() end

[90mstdout[2m | tests/property/scoped-roles-processing-efficiency.test.ts[2m > [22m[2mProperty 10: Scoped Roles Processing Efficiency[2m > [22m[2mProperty 10.11: Role queries should use appropriate optimized indexes
[22m[39mGoTrueClient@sb-bgxknceshxxifwytalex-auth-token:0 (2.93.3) 2026-02-02T15:20:31.191Z #_useSession end

[90mstdout[2m | tests/property/scoped-roles-processing-efficiency.test.ts[2m > [22m[2mProperty 10: Scoped Roles Processing Efficiency[2m > [22m[2mProperty 10.11: Role queries should use appropriate optimized indexes
[22m[39mGoTrueClient@sb-bgxknceshxxifwytalex-auth-token:0 (2.93.3) 2026-02-02T15:20:31.191Z #_acquireLock lock released for storage key sb-bgxknceshxxifwytalex-auth-token

[90mstdout[2m | tests/property/scoped-roles-processing-efficiency.test.ts[2m > [22m[2mProperty 10: Scoped Roles Processing Efficiency[2m > [22m[2mProperty 10.11: Role queries should use appropriate optimized indexes
[22m[39mGoTrueClient@sb-bgxknceshxxifwytalex-auth-token:0 (2.93.3) 2026-02-02T15:20:31.191Z #_acquireLock end

stderr | tests/property/scoped-roles-processing-efficiency.test.ts > Property 10: Scoped Roles Processing Efficiency > Property 10.11: Role queries should use appropriate optimized indexes
Error fetching project roles: {
  code: 'PGRST200',
  details: "Searched for a foreign key relationship between 'project_roles' and 'user_profiles' in the schema 'public', but no matches were found.",
  hint: null,
  message: "Could not find a relationship between 'project_roles' and 'user_profiles' in the schema cache"
}

[90mstdout[2m | tests/property/scoped-roles-processing-efficiency.test.ts[2m > [22m[2mProperty 10: Scoped Roles Processing Efficiency[2m > [22m[2mProperty 10.11: Role queries should use appropriate optimized indexes
[22m[39mGoTrueClient@sb-bgxknceshxxifwytalex-auth-token:0 (2.93.3) 2026-02-02T15:20:31.204Z #_acquireLock begin [33m10000[39m
GoTrueClient@sb-bgxknceshxxifwytalex-auth-token:0 (2.93.3) 2026-02-02T15:20:31.204Z #_acquireLock lock acquired for storage key sb-bgxknceshxxifwytalex-auth-token
GoTrueClient@sb-bgxknceshxxifwytalex-auth-token:0 (2.93.3) 2026-02-02T15:20:31.204Z #_useSession begin
GoTrueClient@sb-bgxknceshxxifwytalex-auth-token:0 (2.93.3) 2026-02-02T15:20:31.204Z #__loadSession() begin

[90mstdout[2m | tests/property/scoped-roles-processing-efficiency.test.ts[2m > [22m[2mProperty 10: Scoped Roles Processing Efficiency[2m > [22m[2mProperty 10.11: Role queries should use appropriate optimized indexes
[22m[39mGoTrueClient@sb-bgxknceshxxifwytalex-auth-token:0 (2.93.3) 2026-02-02T15:20:31.204Z #getSession() session from storage [1mnull[22m
GoTrueClient@sb-bgxknceshxxifwytalex-auth-token:0 (2.93.3) 2026-02-02T15:20:31.204Z #__loadSession() end

[90mstdout[2m | tests/property/scoped-roles-processing-efficiency.test.ts[2m > [22m[2mProperty 10: Scoped Roles Processing Efficiency[2m > [22m[2mProperty 10.11: Role queries should use appropriate optimized indexes
[22m[39mGoTrueClient@sb-bgxknceshxxifwytalex-auth-token:0 (2.93.3) 2026-02-02T15:20:31.205Z #_useSession end

[90mstdout[2m | tests/property/scoped-roles-processing-efficiency.test.ts[2m > [22m[2mProperty 10: Scoped Roles Processing Efficiency[2m > [22m[2mProperty 10.11: Role queries should use appropriate optimized indexes
[22m[39mGoTrueClient@sb-bgxknceshxxifwytalex-auth-token:0 (2.93.3) 2026-02-02T15:20:31.205Z #_acquireLock lock released for storage key sb-bgxknceshxxifwytalex-auth-token

[90mstdout[2m | tests/property/scoped-roles-processing-efficiency.test.ts[2m > [22m[2mProperty 10: Scoped Roles Processing Efficiency[2m > [22m[2mProperty 10.11: Role queries should use appropriate optimized indexes
[22m[39mGoTrueClient@sb-bgxknceshxxifwytalex-auth-token:0 (2.93.3) 2026-02-02T15:20:31.205Z #_acquireLock end

stderr | tests/property/scoped-roles-processing-efficiency.test.ts > Property 10: Scoped Roles Processing Efficiency > Property 10.11: Role queries should use appropriate optimized indexes
Error fetching org roles: {
  code: 'PGRST200',
  details: "Searched for a foreign key relationship between 'org_roles' and 'user_profiles' in the schema 'public', but no matches were found.",
  hint: null,
  message: "Could not find a relationship between 'org_roles' and 'user_profiles' in the schema cache"
}

[90mstdout[2m | tests/property/scoped-roles-processing-efficiency.test.ts[2m > [22m[2mProperty 10: Scoped Roles Processing Efficiency[2m > [22m[2mProperty 10.11: Role queries should use appropriate optimized indexes
[22m[39mGoTrueClient@sb-bgxknceshxxifwytalex-auth-token:0 (2.93.3) 2026-02-02T15:20:31.242Z #_acquireLock begin [33m10000[39m
GoTrueClient@sb-bgxknceshxxifwytalex-auth-token:0 (2.93.3) 2026-02-02T15:20:31.242Z #_acquireLock lock acquired for storage key sb-bgxknceshxxifwytalex-auth-token
GoTrueClient@sb-bgxknceshxxifwytalex-auth-token:0 (2.93.3) 2026-02-02T15:20:31.242Z #_useSession begin
GoTrueClient@sb-bgxknceshxxifwytalex-auth-token:0 (2.93.3) 2026-02-02T15:20:31.242Z #__loadSession() begin

[90mstdout[2m | tests/property/scoped-roles-processing-efficiency.test.ts[2m > [22m[2mProperty 10: Scoped Roles Processing Efficiency[2m > [22m[2mProperty 10.11: Role queries should use appropriate optimized indexes
[22m[39mGoTrueClient@sb-bgxknceshxxifwytalex-auth-token:0 (2.93.3) 2026-02-02T15:20:31.242Z #getSession() session from storage [1mnull[22m
GoTrueClient@sb-bgxknceshxxifwytalex-auth-token:0 (2.93.3) 2026-02-02T15:20:31.242Z #__loadSession() end

[90mstdout[2m | tests/property/scoped-roles-processing-efficiency.test.ts[2m > [22m[2mProperty 10: Scoped Roles Processing Efficiency[2m > [22m[2mProperty 10.11: Role queries should use appropriate optimized indexes
[22m[39mGoTrueClient@sb-bgxknceshxxifwytalex-auth-token:0 (2.93.3) 2026-02-02T15:20:31.242Z #_useSession end

[90mstdout[2m | tests/property/scoped-roles-processing-efficiency.test.ts[2m > [22m[2mProperty 10: Scoped Roles Processing Efficiency[2m > [22m[2mProperty 10.11: Role queries should use appropriate optimized indexes
[22m[39mGoTrueClient@sb-bgxknceshxxifwytalex-auth-token:0 (2.93.3) 2026-02-02T15:20:31.242Z #_acquireLock lock released for storage key sb-bgxknceshxxifwytalex-auth-token

[90mstdout[2m | tests/property/scoped-roles-processing-efficiency.test.ts[2m > [22m[2mProperty 10: Scoped Roles Processing Efficiency[2m > [22m[2mProperty 10.11: Role queries should use appropriate optimized indexes
[22m[39mGoTrueClient@sb-bgxknceshxxifwytalex-auth-token:0 (2.93.3) 2026-02-02T15:20:31.242Z #_acquireLock end

stderr | tests/property/scoped-roles-processing-efficiency.test.ts > Property 10: Scoped Roles Processing Efficiency > Property 10.11: Role queries should use appropriate optimized indexes
Error fetching org roles: {
  code: 'PGRST200',
  details: "Searched for a foreign key relationship between 'org_roles' and 'user_profiles' in the schema 'public', but no matches were found.",
  hint: null,
  message: "Could not find a relationship between 'org_roles' and 'user_profiles' in the schema cache"
}

[90mstdout[2m | tests/property/scoped-roles-processing-efficiency.test.ts[2m > [22m[2mProperty 10: Scoped Roles Processing Efficiency[2m > [22m[2mProperty 10.11: Role queries should use appropriate optimized indexes
[22m[39mGoTrueClient@sb-bgxknceshxxifwytalex-auth-token:0 (2.93.3) 2026-02-02T15:20:31.280Z #_acquireLock begin [33m10000[39m
GoTrueClient@sb-bgxknceshxxifwytalex-auth-token:0 (2.93.3) 2026-02-02T15:20:31.280Z #_acquireLock lock acquired for storage key sb-bgxknceshxxifwytalex-auth-token
GoTrueClient@sb-bgxknceshxxifwytalex-auth-token:0 (2.93.3) 2026-02-02T15:20:31.280Z #_useSession begin
GoTrueClient@sb-bgxknceshxxifwytalex-auth-token:0 (2.93.3) 2026-02-02T15:20:31.280Z #__loadSession() begin

[90mstdout[2m | tests/property/scoped-roles-processing-efficiency.test.ts[2m > [22m[2mProperty 10: Scoped Roles Processing Efficiency[2m > [22m[2mProperty 10.11: Role queries should use appropriate optimized indexes
[22m[39mGoTrueClient@sb-bgxknceshxxifwytalex-auth-token:0 (2.93.3) 2026-02-02T15:20:31.280Z #getSession() session from storage [1mnull[22m
GoTrueClient@sb-bgxknceshxxifwytalex-auth-token:0 (2.93.3) 2026-02-02T15:20:31.280Z #__loadSession() end

[90mstdout[2m | tests/property/scoped-roles-processing-efficiency.test.ts[2m > [22m[2mProperty 10: Scoped Roles Processing Efficiency[2m > [22m[2mProperty 10.11: Role queries should use appropriate optimized indexes
[22m[39mGoTrueClient@sb-bgxknceshxxifwytalex-auth-token:0 (2.93.3) 2026-02-02T15:20:31.280Z #_useSession end

[90mstdout[2m | tests/property/scoped-roles-processing-efficiency.test.ts[2m > [22m[2mProperty 10: Scoped Roles Processing Efficiency[2m > [22m[2mProperty 10.11: Role queries should use appropriate optimized indexes
[22m[39mGoTrueClient@sb-bgxknceshxxifwytalex-auth-token:0 (2.93.3) 2026-02-02T15:20:31.280Z #_acquireLock lock released for storage key sb-bgxknceshxxifwytalex-auth-token

[90mstdout[2m | tests/property/scoped-roles-processing-efficiency.test.ts[2m > [22m[2mProperty 10: Scoped Roles Processing Efficiency[2m > [22m[2mProperty 10.11: Role queries should use appropriate optimized indexes
[22m[39mGoTrueClient@sb-bgxknceshxxifwytalex-auth-token:0 (2.93.3) 2026-02-02T15:20:31.280Z #_acquireLock end

stderr | tests/property/scoped-roles-processing-efficiency.test.ts > Property 10: Scoped Roles Processing Efficiency > Property 10.11: Role queries should use appropriate optimized indexes
Error fetching org roles: {
  code: 'PGRST200',
  details: "Searched for a foreign key relationship between 'org_roles' and 'user_profiles' in the schema 'public', but no matches were found.",
  hint: null,
  message: "Could not find a relationship between 'org_roles' and 'user_profiles' in the schema cache"
}

[90mstdout[2m | tests/property/scoped-roles-processing-efficiency.test.ts[2m > [22m[2mProperty 10: Scoped Roles Processing Efficiency[2m > [22m[2mProperty 10.11: Role queries should use appropriate optimized indexes
[22m[39mGoTrueClient@sb-bgxknceshxxifwytalex-auth-token:0 (2.93.3) 2026-02-02T15:20:31.359Z #_acquireLock begin [33m10000[39m
GoTrueClient@sb-bgxknceshxxifwytalex-auth-token:0 (2.93.3) 2026-02-02T15:20:31.359Z #_acquireLock lock acquired for storage key sb-bgxknceshxxifwytalex-auth-token
GoTrueClient@sb-bgxknceshxxifwytalex-auth-token:0 (2.93.3) 2026-02-02T15:20:31.359Z #_useSession begin
GoTrueClient@sb-bgxknceshxxifwytalex-auth-token:0 (2.93.3) 2026-02-02T15:20:31.359Z #__loadSession() begin

[90mstdout[2m | tests/property/scoped-roles-processing-efficiency.test.ts[2m > [22m[2mProperty 10: Scoped Roles Processing Efficiency[2m > [22m[2mProperty 10.11: Role queries should use appropriate optimized indexes
[22m[39mGoTrueClient@sb-bgxknceshxxifwytalex-auth-token:0 (2.93.3) 2026-02-02T15:20:31.359Z #getSession() session from storage [1mnull[22m
GoTrueClient@sb-bgxknceshxxifwytalex-auth-token:0 (2.93.3) 2026-02-02T15:20:31.359Z #__loadSession() end

[90mstdout[2m | tests/property/scoped-roles-processing-efficiency.test.ts[2m > [22m[2mProperty 10: Scoped Roles Processing Efficiency[2m > [22m[2mProperty 10.11: Role queries should use appropriate optimized indexes
[22m[39mGoTrueClient@sb-bgxknceshxxifwytalex-auth-token:0 (2.93.3) 2026-02-02T15:20:31.359Z #_useSession end

[90mstdout[2m | tests/property/scoped-roles-processing-efficiency.test.ts[2m > [22m[2mProperty 10: Scoped Roles Processing Efficiency[2m > [22m[2mProperty 10.11: Role queries should use appropriate optimized indexes
[22m[39mGoTrueClient@sb-bgxknceshxxifwytalex-auth-token:0 (2.93.3) 2026-02-02T15:20:31.359Z #_acquireLock lock released for storage key sb-bgxknceshxxifwytalex-auth-token

[90mstdout[2m | tests/property/scoped-roles-processing-efficiency.test.ts[2m > [22m[2mProperty 10: Scoped Roles Processing Efficiency[2m > [22m[2mProperty 10.11: Role queries should use appropriate optimized indexes
[22m[39mGoTrueClient@sb-bgxknceshxxifwytalex-auth-token:0 (2.93.3) 2026-02-02T15:20:31.359Z #_acquireLock end

[90mstdout[2m | tests/property/scoped-roles-processing-efficiency.test.ts[2m > [22m[2mProperty 10: Scoped Roles Processing Efficiency[2m > [22m[2mProperty 10.11: Role queries should use appropriate optimized indexes
[22m[39mGoTrueClient@sb-bgxknceshxxifwytalex-auth-token:0 (2.93.3) 2026-02-02T15:20:31.411Z #_acquireLock begin [33m10000[39m
GoTrueClient@sb-bgxknceshxxifwytalex-auth-token:0 (2.93.3) 2026-02-02T15:20:31.411Z #_acquireLock lock acquired for storage key sb-bgxknceshxxifwytalex-auth-token
GoTrueClient@sb-bgxknceshxxifwytalex-auth-token:0 (2.93.3) 2026-02-02T15:20:31.411Z #_useSession begin
GoTrueClient@sb-bgxknceshxxifwytalex-auth-token:0 (2.93.3) 2026-02-02T15:20:31.411Z #__loadSession() begin

[90mstdout[2m | tests/property/scoped-roles-processing-efficiency.test.ts[2m > [22m[2mProperty 10: Scoped Roles Processing Efficiency[2m > [22m[2mProperty 10.11: Role queries should use appropriate optimized indexes
[22m[39mGoTrueClient@sb-bgxknceshxxifwytalex-auth-token:0 (2.93.3) 2026-02-02T15:20:31.411Z #getSession() session from storage [1mnull[22m
GoTrueClient@sb-bgxknceshxxifwytalex-auth-token:0 (2.93.3) 2026-02-02T15:20:31.411Z #__loadSession() end

[90mstdout[2m | tests/property/scoped-roles-processing-efficiency.test.ts[2m > [22m[2mProperty 10: Scoped Roles Processing Efficiency[2m > [22m[2mProperty 10.11: Role queries should use appropriate optimized indexes
[22m[39mGoTrueClient@sb-bgxknceshxxifwytalex-auth-token:0 (2.93.3) 2026-02-02T15:20:31.411Z #_useSession end

[90mstdout[2m | tests/property/scoped-roles-processing-efficiency.test.ts[2m > [22m[2mProperty 10: Scoped Roles Processing Efficiency[2m > [22m[2mProperty 10.11: Role queries should use appropriate optimized indexes
[22m[39mGoTrueClient@sb-bgxknceshxxifwytalex-auth-token:0 (2.93.3) 2026-02-02T15:20:31.411Z #_acquireLock lock released for storage key sb-bgxknceshxxifwytalex-auth-token

[90mstdout[2m | tests/property/scoped-roles-processing-efficiency.test.ts[2m > [22m[2mProperty 10: Scoped Roles Processing Efficiency[2m > [22m[2mProperty 10.11: Role queries should use appropriate optimized indexes
[22m[39mGoTrueClient@sb-bgxknceshxxifwytalex-auth-token:0 (2.93.3) 2026-02-02T15:20:31.412Z #_acquireLock end

stderr | tests/property/scoped-roles-processing-efficiency.test.ts > Property 10: Scoped Roles Processing Efficiency > Property 10.11: Role queries should use appropriate optimized indexes
Error fetching project roles: {
  code: 'PGRST200',
  details: "Searched for a foreign key relationship between 'project_roles' and 'user_profiles' in the schema 'public', but no matches were found.",
  hint: null,
  message: "Could not find a relationship between 'project_roles' and 'user_profiles' in the schema cache"
}

[90mstdout[2m | tests/property/scoped-roles-processing-efficiency.test.ts[2m > [22m[2mProperty 10: Scoped Roles Processing Efficiency[2m > [22m[2mProperty 10.11: Role queries should use appropriate optimized indexes
[22m[39mGoTrueClient@sb-bgxknceshxxifwytalex-auth-token:0 (2.93.3) 2026-02-02T15:20:31.461Z #_acquireLock begin [33m10000[39m
GoTrueClient@sb-bgxknceshxxifwytalex-auth-token:0 (2.93.3) 2026-02-02T15:20:31.461Z #_acquireLock lock acquired for storage key sb-bgxknceshxxifwytalex-auth-token
GoTrueClient@sb-bgxknceshxxifwytalex-auth-token:0 (2.93.3) 2026-02-02T15:20:31.461Z #_useSession begin
GoTrueClient@sb-bgxknceshxxifwytalex-auth-token:0 (2.93.3) 2026-02-02T15:20:31.461Z #__loadSession() begin

[90mstdout[2m | tests/property/scoped-roles-processing-efficiency.test.ts[2m > [22m[2mProperty 10: Scoped Roles Processing Efficiency[2m > [22m[2mProperty 10.11: Role queries should use appropriate optimized indexes
[22m[39mGoTrueClient@sb-bgxknceshxxifwytalex-auth-token:0 (2.93.3) 2026-02-02T15:20:31.462Z #getSession() session from storage [1mnull[22m
GoTrueClient@sb-bgxknceshxxifwytalex-auth-token:0 (2.93.3) 2026-02-02T15:20:31.462Z #__loadSession() end

[90mstdout[2m | tests/property/scoped-roles-processing-efficiency.test.ts[2m > [22m[2mProperty 10: Scoped Roles Processing Efficiency[2m > [22m[2mProperty 10.11: Role queries should use appropriate optimized indexes
[22m[39mGoTrueClient@sb-bgxknceshxxifwytalex-auth-token:0 (2.93.3) 2026-02-02T15:20:31.462Z #_useSession end

[90mstdout[2m | tests/property/scoped-roles-processing-efficiency.test.ts[2m > [22m[2mProperty 10: Scoped Roles Processing Efficiency[2m > [22m[2mProperty 10.11: Role queries should use appropriate optimized indexes
[22m[39mGoTrueClient@sb-bgxknceshxxifwytalex-auth-token:0 (2.93.3) 2026-02-02T15:20:31.462Z #_acquireLock lock released for storage key sb-bgxknceshxxifwytalex-auth-token

[90mstdout[2m | tests/property/scoped-roles-processing-efficiency.test.ts[2m > [22m[2mProperty 10: Scoped Roles Processing Efficiency[2m > [22m[2mProperty 10.11: Role queries should use appropriate optimized indexes
[22m[39mGoTrueClient@sb-bgxknceshxxifwytalex-auth-token:0 (2.93.3) 2026-02-02T15:20:31.462Z #_acquireLock end

stderr | tests/property/scoped-roles-processing-efficiency.test.ts > Property 10: Scoped Roles Processing Efficiency > Property 10.11: Role queries should use appropriate optimized indexes
Error fetching org roles: {
  code: 'PGRST200',
  details: "Searched for a foreign key relationship between 'org_roles' and 'user_profiles' in the schema 'public', but no matches were found.",
  hint: null,
  message: "Could not find a relationship between 'org_roles' and 'user_profiles' in the schema cache"
}

[90mstdout[2m | tests/property/scoped-roles-processing-efficiency.test.ts[2m > [22m[2mProperty 10: Scoped Roles Processing Efficiency[2m > [22m[2mProperty 10.11: Role queries should use appropriate optimized indexes
[22m[39mGoTrueClient@sb-bgxknceshxxifwytalex-auth-token:0 (2.93.3) 2026-02-02T15:20:31.464Z #_acquireLock begin [33m10000[39m
GoTrueClient@sb-bgxknceshxxifwytalex-auth-token:0 (2.93.3) 2026-02-02T15:20:31.464Z #_acquireLock lock acquired for storage key sb-bgxknceshxxifwytalex-auth-token
GoTrueClient@sb-bgxknceshxxifwytalex-auth-token:0 (2.93.3) 2026-02-02T15:20:31.464Z #_useSession begin
GoTrueClient@sb-bgxknceshxxifwytalex-auth-token:0 (2.93.3) 2026-02-02T15:20:31.464Z #__loadSession() begin

[90mstdout[2m | tests/property/scoped-roles-processing-efficiency.test.ts[2m > [22m[2mProperty 10: Scoped Roles Processing Efficiency[2m > [22m[2mProperty 10.11: Role queries should use appropriate optimized indexes
[22m[39mGoTrueClient@sb-bgxknceshxxifwytalex-auth-token:0 (2.93.3) 2026-02-02T15:20:31.465Z #getSession() session from storage [1mnull[22m
GoTrueClient@sb-bgxknceshxxifwytalex-auth-token:0 (2.93.3) 2026-02-02T15:20:31.465Z #__loadSession() end

[90mstdout[2m | tests/property/scoped-roles-processing-efficiency.test.ts[2m > [22m[2mProperty 10: Scoped Roles Processing Efficiency[2m > [22m[2mProperty 10.11: Role queries should use appropriate optimized indexes
[22m[39mGoTrueClient@sb-bgxknceshxxifwytalex-auth-token:0 (2.93.3) 2026-02-02T15:20:31.465Z #_useSession end

[90mstdout[2m | tests/property/scoped-roles-processing-efficiency.test.ts[2m > [22m[2mProperty 10: Scoped Roles Processing Efficiency[2m > [22m[2mProperty 10.11: Role queries should use appropriate optimized indexes
[22m[39mGoTrueClient@sb-bgxknceshxxifwytalex-auth-token:0 (2.93.3) 2026-02-02T15:20:31.465Z #_acquireLock lock released for storage key sb-bgxknceshxxifwytalex-auth-token

[90mstdout[2m | tests/property/scoped-roles-processing-efficiency.test.ts[2m > [22m[2mProperty 10: Scoped Roles Processing Efficiency[2m > [22m[2mProperty 10.11: Role queries should use appropriate optimized indexes
[22m[39mGoTrueClient@sb-bgxknceshxxifwytalex-auth-token:0 (2.93.3) 2026-02-02T15:20:31.465Z #_acquireLock end

stderr | tests/property/scoped-roles-processing-efficiency.test.ts > Property 10: Scoped Roles Processing Efficiency > Property 10.11: Role queries should use appropriate optimized indexes
Error fetching org roles: {
  code: 'PGRST200',
  details: "Searched for a foreign key relationship between 'org_roles' and 'user_profiles' in the schema 'public', but no matches were found.",
  hint: null,
  message: "Could not find a relationship between 'org_roles' and 'user_profiles' in the schema cache"
}

[90mstdout[2m | tests/property/scoped-roles-processing-efficiency.test.ts[2m > [22m[2mProperty 10: Scoped Roles Processing Efficiency[2m > [22m[2mProperty 10.11: Role queries should use appropriate optimized indexes
[22m[39mGoTrueClient@sb-bgxknceshxxifwytalex-auth-token:0 (2.93.3) 2026-02-02T15:20:31.503Z #_acquireLock begin [33m10000[39m
GoTrueClient@sb-bgxknceshxxifwytalex-auth-token:0 (2.93.3) 2026-02-02T15:20:31.503Z #_acquireLock lock acquired for storage key sb-bgxknceshxxifwytalex-auth-token
GoTrueClient@sb-bgxknceshxxifwytalex-auth-token:0 (2.93.3) 2026-02-02T15:20:31.503Z #_useSession begin
GoTrueClient@sb-bgxknceshxxifwytalex-auth-token:0 (2.93.3) 2026-02-02T15:20:31.503Z #__loadSession() begin

[90mstdout[2m | tests/property/scoped-roles-processing-efficiency.test.ts[2m > [22m[2mProperty 10: Scoped Roles Processing Efficiency[2m > [22m[2mProperty 10.11: Role queries should use appropriate optimized indexes
[22m[39mGoTrueClient@sb-bgxknceshxxifwytalex-auth-token:0 (2.93.3) 2026-02-02T15:20:31.503Z #getSession() session from storage [1mnull[22m
GoTrueClient@sb-bgxknceshxxifwytalex-auth-token:0 (2.93.3) 2026-02-02T15:20:31.503Z #__loadSession() end

[90mstdout[2m | tests/property/scoped-roles-processing-efficiency.test.ts[2m > [22m[2mProperty 10: Scoped Roles Processing Efficiency[2m > [22m[2mProperty 10.11: Role queries should use appropriate optimized indexes
[22m[39mGoTrueClient@sb-bgxknceshxxifwytalex-auth-token:0 (2.93.3) 2026-02-02T15:20:31.503Z #_useSession end

[90mstdout[2m | tests/property/scoped-roles-processing-efficiency.test.ts[2m > [22m[2mProperty 10: Scoped Roles Processing Efficiency[2m > [22m[2mProperty 10.11: Role queries should use appropriate optimized indexes
[22m[39mGoTrueClient@sb-bgxknceshxxifwytalex-auth-token:0 (2.93.3) 2026-02-02T15:20:31.503Z #_acquireLock lock released for storage key sb-bgxknceshxxifwytalex-auth-token

[90mstdout[2m | tests/property/scoped-roles-processing-efficiency.test.ts[2m > [22m[2mProperty 10: Scoped Roles Processing Efficiency[2m > [22m[2mProperty 10.11: Role queries should use appropriate optimized indexes
[22m[39mGoTrueClient@sb-bgxknceshxxifwytalex-auth-token:0 (2.93.3) 2026-02-02T15:20:31.503Z #_acquireLock end

[90mstdout[2m | tests/property/scoped-roles-processing-efficiency.test.ts[2m > [22m[2mProperty 10: Scoped Roles Processing Efficiency[2m > [22m[2mProperty 10.12: Concurrent role hierarchy access should maintain isolation
[22m[39mGoTrueClient@sb-bgxknceshxxifwytalex-auth-token:0 (2.93.3) 2026-02-02T15:20:31.516Z #_acquireLock begin [33m10000[39m
GoTrueClient@sb-bgxknceshxxifwytalex-auth-token:0 (2.93.3) 2026-02-02T15:20:31.516Z #_acquireLock lock acquired for storage key sb-bgxknceshxxifwytalex-auth-token
GoTrueClient@sb-bgxknceshxxifwytalex-auth-token:0 (2.93.3) 2026-02-02T15:20:31.516Z #_useSession begin
GoTrueClient@sb-bgxknceshxxifwytalex-auth-token:0 (2.93.3) 2026-02-02T15:20:31.516Z #__loadSession() begin
GoTrueClient@sb-bgxknceshxxifwytalex-auth-token:0 (2.93.3) 2026-02-02T15:20:31.516Z #_acquireLock begin [33m10000[39m
GoTrueClient@sb-bgxknceshxxifwytalex-auth-token:0 (2.93.3) 2026-02-02T15:20:31.516Z #_acquireLock end
GoTrueClient@sb-bgxknceshxxifwytalex-auth-token:0 (2.93.3) 2026-02-02T15:20:31.516Z #_acquireLock begin [33m10000[39m
GoTrueClient@sb-bgxknceshxxifwytalex-auth-token:0 (2.93.3) 2026-02-02T15:20:31.516Z #_acquireLock end
GoTrueClient@sb-bgxknceshxxifwytalex-auth-token:0 (2.93.3) 2026-02-02T15:20:31.516Z #_acquireLock begin [33m10000[39m
GoTrueClient@sb-bgxknceshxxifwytalex-auth-token:0 (2.93.3) 2026-02-02T15:20:31.516Z #_acquireLock end
GoTrueClient@sb-bgxknceshxxifwytalex-auth-token:0 (2.93.3) 2026-02-02T15:20:31.516Z #_acquireLock begin [33m10000[39m
GoTrueClient@sb-bgxknceshxxifwytalex-auth-token:0 (2.93.3) 2026-02-02T15:20:31.516Z #_acquireLock end
GoTrueClient@sb-bgxknceshxxifwytalex-auth-token:0 (2.93.3) 2026-02-02T15:20:31.516Z #_acquireLock begin [33m10000[39m
GoTrueClient@sb-bgxknceshxxifwytalex-auth-token:0 (2.93.3) 2026-02-02T15:20:31.516Z #_acquireLock end
GoTrueClient@sb-bgxknceshxxifwytalex-auth-token:0 (2.93.3) 2026-02-02T15:20:31.516Z #_acquireLock begin [33m10000[39m
GoTrueClient@sb-bgxknceshxxifwytalex-auth-token:0 (2.93.3) 2026-02-02T15:20:31.516Z #_acquireLock end
GoTrueClient@sb-bgxknceshxxifwytalex-auth-token:0 (2.93.3) 2026-02-02T15:20:31.516Z #_acquireLock begin [33m10000[39m
GoTrueClient@sb-bgxknceshxxifwytalex-auth-token:0 (2.93.3) 2026-02-02T15:20:31.516Z #_acquireLock end
GoTrueClient@sb-bgxknceshxxifwytalex-auth-token:0 (2.93.3) 2026-02-02T15:20:31.516Z #_acquireLock begin [33m10000[39m
GoTrueClient@sb-bgxknceshxxifwytalex-auth-token:0 (2.93.3) 2026-02-02T15:20:31.516Z #_acquireLock end
GoTrueClient@sb-bgxknceshxxifwytalex-auth-token:0 (2.93.3) 2026-02-02T15:20:31.516Z #_acquireLock begin [33m10000[39m
GoTrueClient@sb-bgxknceshxxifwytalex-auth-token:0 (2.93.3) 2026-02-02T15:20:31.516Z #_acquireLock end

[90mstdout[2m | tests/property/scoped-roles-processing-efficiency.test.ts[2m > [22m[2mProperty 10: Scoped Roles Processing Efficiency[2m > [22m[2mProperty 10.12: Concurrent role hierarchy access should maintain isolation
[22m[39mGoTrueClient@sb-bgxknceshxxifwytalex-auth-token:0 (2.93.3) 2026-02-02T15:20:31.516Z #getSession() session from storage [1mnull[22m
GoTrueClient@sb-bgxknceshxxifwytalex-auth-token:0 (2.93.3) 2026-02-02T15:20:31.516Z #__loadSession() end

[90mstdout[2m | tests/property/scoped-roles-processing-efficiency.test.ts[2m > [22m[2mProperty 10: Scoped Roles Processing Efficiency[2m > [22m[2mProperty 10.12: Concurrent role hierarchy access should maintain isolation
[22m[39mGoTrueClient@sb-bgxknceshxxifwytalex-auth-token:0 (2.93.3) 2026-02-02T15:20:31.516Z #_useSession end

[90mstdout[2m | tests/property/scoped-roles-processing-efficiency.test.ts[2m > [22m[2mProperty 10: Scoped Roles Processing Efficiency[2m > [22m[2mProperty 10.12: Concurrent role hierarchy access should maintain isolation
[22m[39mGoTrueClient@sb-bgxknceshxxifwytalex-auth-token:0 (2.93.3) 2026-02-02T15:20:31.516Z #_useSession begin
GoTrueClient@sb-bgxknceshxxifwytalex-auth-token:0 (2.93.3) 2026-02-02T15:20:31.516Z #__loadSession() begin

[90mstdout[2m | tests/property/scoped-roles-processing-efficiency.test.ts[2m > [22m[2mProperty 10: Scoped Roles Processing Efficiency[2m > [22m[2mProperty 10.12: Concurrent role hierarchy access should maintain isolation
[22m[39mGoTrueClient@sb-bgxknceshxxifwytalex-auth-token:0 (2.93.3) 2026-02-02T15:20:31.516Z #getSession() session from storage [1mnull[22m
GoTrueClient@sb-bgxknceshxxifwytalex-auth-token:0 (2.93.3) 2026-02-02T15:20:31.516Z #__loadSession() end

[90mstdout[2m | tests/property/scoped-roles-processing-efficiency.test.ts[2m > [22m[2mProperty 10: Scoped Roles Processing Efficiency[2m > [22m[2mProperty 10.12: Concurrent role hierarchy access should maintain isolation
[22m[39mGoTrueClient@sb-bgxknceshxxifwytalex-auth-token:0 (2.93.3) 2026-02-02T15:20:31.516Z #_useSession end

[90mstdout[2m | tests/property/scoped-roles-processing-efficiency.test.ts[2m > [22m[2mProperty 10: Scoped Roles Processing Efficiency[2m > [22m[2mProperty 10.12: Concurrent role hierarchy access should maintain isolation
[22m[39mGoTrueClient@sb-bgxknceshxxifwytalex-auth-token:0 (2.93.3) 2026-02-02T15:20:31.516Z #_useSession begin
GoTrueClient@sb-bgxknceshxxifwytalex-auth-token:0 (2.93.3) 2026-02-02T15:20:31.516Z #__loadSession() begin

[90mstdout[2m | tests/property/scoped-roles-processing-efficiency.test.ts[2m > [22m[2mProperty 10: Scoped Roles Processing Efficiency[2m > [22m[2mProperty 10.12: Concurrent role hierarchy access should maintain isolation
[22m[39mGoTrueClient@sb-bgxknceshxxifwytalex-auth-token:0 (2.93.3) 2026-02-02T15:20:31.517Z #getSession() session from storage [1mnull[22m
GoTrueClient@sb-bgxknceshxxifwytalex-auth-token:0 (2.93.3) 2026-02-02T15:20:31.517Z #__loadSession() end

[90mstdout[2m | tests/property/scoped-roles-processing-efficiency.test.ts[2m > [22m[2mProperty 10: Scoped Roles Processing Efficiency[2m > [22m[2mProperty 10.12: Concurrent role hierarchy access should maintain isolation
[22m[39mGoTrueClient@sb-bgxknceshxxifwytalex-auth-token:0 (2.93.3) 2026-02-02T15:20:31.518Z #_useSession end

[90mstdout[2m | tests/property/scoped-roles-processing-efficiency.test.ts[2m > [22m[2mProperty 10: Scoped Roles Processing Efficiency[2m > [22m[2mProperty 10.12: Concurrent role hierarchy access should maintain isolation
[22m[39mGoTrueClient@sb-bgxknceshxxifwytalex-auth-token:0 (2.93.3) 2026-02-02T15:20:31.518Z #_useSession begin
GoTrueClient@sb-bgxknceshxxifwytalex-auth-token:0 (2.93.3) 2026-02-02T15:20:31.518Z #__loadSession() begin

[90mstdout[2m | tests/property/scoped-roles-processing-efficiency.test.ts[2m > [22m[2mProperty 10: Scoped Roles Processing Efficiency[2m > [22m[2mProperty 10.12: Concurrent role hierarchy access should maintain isolation
[22m[39mGoTrueClient@sb-bgxknceshxxifwytalex-auth-token:0 (2.93.3) 2026-02-02T15:20:31.518Z #getSession() session from storage [1mnull[22m
GoTrueClient@sb-bgxknceshxxifwytalex-auth-token:0 (2.93.3) 2026-02-02T15:20:31.518Z #__loadSession() end

[90mstdout[2m | tests/property/scoped-roles-processing-efficiency.test.ts[2m > [22m[2mProperty 10: Scoped Roles Processing Efficiency[2m > [22m[2mProperty 10.12: Concurrent role hierarchy access should maintain isolation
[22m[39mGoTrueClient@sb-bgxknceshxxifwytalex-auth-token:0 (2.93.3) 2026-02-02T15:20:31.520Z #_useSession end

[90mstdout[2m | tests/property/scoped-roles-processing-efficiency.test.ts[2m > [22m[2mProperty 10: Scoped Roles Processing Efficiency[2m > [22m[2mProperty 10.12: Concurrent role hierarchy access should maintain isolation
[22m[39mGoTrueClient@sb-bgxknceshxxifwytalex-auth-token:0 (2.93.3) 2026-02-02T15:20:31.520Z #_useSession begin
GoTrueClient@sb-bgxknceshxxifwytalex-auth-token:0 (2.93.3) 2026-02-02T15:20:31.520Z #__loadSession() begin

[90mstdout[2m | tests/property/scoped-roles-processing-efficiency.test.ts[2m > [22m[2mProperty 10: Scoped Roles Processing Efficiency[2m > [22m[2mProperty 10.12: Concurrent role hierarchy access should maintain isolation
[22m[39mGoTrueClient@sb-bgxknceshxxifwytalex-auth-token:0 (2.93.3) 2026-02-02T15:20:31.520Z #getSession() session from storage [1mnull[22m
GoTrueClient@sb-bgxknceshxxifwytalex-auth-token:0 (2.93.3) 2026-02-02T15:20:31.520Z #__loadSession() end

[90mstdout[2m | tests/property/scoped-roles-processing-efficiency.test.ts[2m > [22m[2mProperty 10: Scoped Roles Processing Efficiency[2m > [22m[2mProperty 10.12: Concurrent role hierarchy access should maintain isolation
[22m[39mGoTrueClient@sb-bgxknceshxxifwytalex-auth-token:0 (2.93.3) 2026-02-02T15:20:31.522Z #_useSession end

[90mstdout[2m | tests/property/scoped-roles-processing-efficiency.test.ts[2m > [22m[2mProperty 10: Scoped Roles Processing Efficiency[2m > [22m[2mProperty 10.12: Concurrent role hierarchy access should maintain isolation
[22m[39mGoTrueClient@sb-bgxknceshxxifwytalex-auth-token:0 (2.93.3) 2026-02-02T15:20:31.522Z #_useSession begin
GoTrueClient@sb-bgxknceshxxifwytalex-auth-token:0 (2.93.3) 2026-02-02T15:20:31.522Z #__loadSession() begin

[90mstdout[2m | tests/property/scoped-roles-processing-efficiency.test.ts[2m > [22m[2mProperty 10: Scoped Roles Processing Efficiency[2m > [22m[2mProperty 10.12: Concurrent role hierarchy access should maintain isolation
[22m[39mGoTrueClient@sb-bgxknceshxxifwytalex-auth-token:0 (2.93.3) 2026-02-02T15:20:31.522Z #getSession() session from storage [1mnull[22m
GoTrueClient@sb-bgxknceshxxifwytalex-auth-token:0 (2.93.3) 2026-02-02T15:20:31.522Z #__loadSession() end

[90mstdout[2m | tests/property/scoped-roles-processing-efficiency.test.ts[2m > [22m[2mProperty 10: Scoped Roles Processing Efficiency[2m > [22m[2mProperty 10.12: Concurrent role hierarchy access should maintain isolation
[22m[39mGoTrueClient@sb-bgxknceshxxifwytalex-auth-token:0 (2.93.3) 2026-02-02T15:20:31.523Z #_useSession end

[90mstdout[2m | tests/property/scoped-roles-processing-efficiency.test.ts[2m > [22m[2mProperty 10: Scoped Roles Processing Efficiency[2m > [22m[2mProperty 10.12: Concurrent role hierarchy access should maintain isolation
[22m[39mGoTrueClient@sb-bgxknceshxxifwytalex-auth-token:0 (2.93.3) 2026-02-02T15:20:31.524Z #_useSession begin
GoTrueClient@sb-bgxknceshxxifwytalex-auth-token:0 (2.93.3) 2026-02-02T15:20:31.524Z #__loadSession() begin

[90mstdout[2m | tests/property/scoped-roles-processing-efficiency.test.ts[2m > [22m[2mProperty 10: Scoped Roles Processing Efficiency[2m > [22m[2mProperty 10.12: Concurrent role hierarchy access should maintain isolation
[22m[39mGoTrueClient@sb-bgxknceshxxifwytalex-auth-token:0 (2.93.3) 2026-02-02T15:20:31.524Z #getSession() session from storage [1mnull[22m
GoTrueClient@sb-bgxknceshxxifwytalex-auth-token:0 (2.93.3) 2026-02-02T15:20:31.524Z #__loadSession() end

[90mstdout[2m | tests/property/scoped-roles-processing-efficiency.test.ts[2m > [22m[2mProperty 10: Scoped Roles Processing Efficiency[2m > [22m[2mProperty 10.12: Concurrent role hierarchy access should maintain isolation
[22m[39mGoTrueClient@sb-bgxknceshxxifwytalex-auth-token:0 (2.93.3) 2026-02-02T15:20:31.526Z #_useSession end

[90mstdout[2m | tests/property/scoped-roles-processing-efficiency.test.ts[2m > [22m[2mProperty 10: Scoped Roles Processing Efficiency[2m > [22m[2mProperty 10.12: Concurrent role hierarchy access should maintain isolation
[22m[39mGoTrueClient@sb-bgxknceshxxifwytalex-auth-token:0 (2.93.3) 2026-02-02T15:20:31.526Z #_useSession begin
GoTrueClient@sb-bgxknceshxxifwytalex-auth-token:0 (2.93.3) 2026-02-02T15:20:31.526Z #__loadSession() begin

[90mstdout[2m | tests/property/scoped-roles-processing-efficiency.test.ts[2m > [22m[2mProperty 10: Scoped Roles Processing Efficiency[2m > [22m[2mProperty 10.12: Concurrent role hierarchy access should maintain isolation
[22m[39mGoTrueClient@sb-bgxknceshxxifwytalex-auth-token:0 (2.93.3) 2026-02-02T15:20:31.526Z #getSession() session from storage [1mnull[22m
GoTrueClient@sb-bgxknceshxxifwytalex-auth-token:0 (2.93.3) 2026-02-02T15:20:31.526Z #__loadSession() end

[90mstdout[2m | tests/property/scoped-roles-processing-efficiency.test.ts[2m > [22m[2mProperty 10: Scoped Roles Processing Efficiency[2m > [22m[2mProperty 10.12: Concurrent role hierarchy access should maintain isolation
[22m[39mGoTrueClient@sb-bgxknceshxxifwytalex-auth-token:0 (2.93.3) 2026-02-02T15:20:31.528Z #_useSession end

[90mstdout[2m | tests/property/scoped-roles-processing-efficiency.test.ts[2m > [22m[2mProperty 10: Scoped Roles Processing Efficiency[2m > [22m[2mProperty 10.12: Concurrent role hierarchy access should maintain isolation
[22m[39mGoTrueClient@sb-bgxknceshxxifwytalex-auth-token:0 (2.93.3) 2026-02-02T15:20:31.528Z #_useSession begin
GoTrueClient@sb-bgxknceshxxifwytalex-auth-token:0 (2.93.3) 2026-02-02T15:20:31.528Z #__loadSession() begin

[90mstdout[2m | tests/property/scoped-roles-processing-efficiency.test.ts[2m > [22m[2mProperty 10: Scoped Roles Processing Efficiency[2m > [22m[2mProperty 10.12: Concurrent role hierarchy access should maintain isolation
[22m[39mGoTrueClient@sb-bgxknceshxxifwytalex-auth-token:0 (2.93.3) 2026-02-02T15:20:31.528Z #getSession() session from storage [1mnull[22m
GoTrueClient@sb-bgxknceshxxifwytalex-auth-token:0 (2.93.3) 2026-02-02T15:20:31.528Z #__loadSession() end

[90mstdout[2m | tests/property/scoped-roles-processing-efficiency.test.ts[2m > [22m[2mProperty 10: Scoped Roles Processing Efficiency[2m > [22m[2mProperty 10.12: Concurrent role hierarchy access should maintain isolation
[22m[39mGoTrueClient@sb-bgxknceshxxifwytalex-auth-token:0 (2.93.3) 2026-02-02T15:20:31.529Z #_useSession end

[90mstdout[2m | tests/property/scoped-roles-processing-efficiency.test.ts[2m > [22m[2mProperty 10: Scoped Roles Processing Efficiency[2m > [22m[2mProperty 10.12: Concurrent role hierarchy access should maintain isolation
[22m[39mGoTrueClient@sb-bgxknceshxxifwytalex-auth-token:0 (2.93.3) 2026-02-02T15:20:31.529Z #_useSession begin
GoTrueClient@sb-bgxknceshxxifwytalex-auth-token:0 (2.93.3) 2026-02-02T15:20:31.529Z #__loadSession() begin

[90mstdout[2m | tests/property/scoped-roles-processing-efficiency.test.ts[2m > [22m[2mProperty 10: Scoped Roles Processing Efficiency[2m > [22m[2mProperty 10.12: Concurrent role hierarchy access should maintain isolation
[22m[39mGoTrueClient@sb-bgxknceshxxifwytalex-auth-token:0 (2.93.3) 2026-02-02T15:20:31.530Z #getSession() session from storage [1mnull[22m
GoTrueClient@sb-bgxknceshxxifwytalex-auth-token:0 (2.93.3) 2026-02-02T15:20:31.530Z #__loadSession() end

[90mstdout[2m | tests/property/scoped-roles-processing-efficiency.test.ts[2m > [22m[2mProperty 10: Scoped Roles Processing Efficiency[2m > [22m[2mProperty 10.12: Concurrent role hierarchy access should maintain isolation
[22m[39mGoTrueClient@sb-bgxknceshxxifwytalex-auth-token:0 (2.93.3) 2026-02-02T15:20:31.531Z #_useSession end

[90mstdout[2m | tests/property/scoped-roles-processing-efficiency.test.ts[2m > [22m[2mProperty 10: Scoped Roles Processing Efficiency[2m > [22m[2mProperty 10.12: Concurrent role hierarchy access should maintain isolation
[22m[39mGoTrueClient@sb-bgxknceshxxifwytalex-auth-token:0 (2.93.3) 2026-02-02T15:20:31.531Z #_acquireLock lock released for storage key sb-bgxknceshxxifwytalex-auth-token

[90mstdout[2m | tests/property/scoped-roles-processing-efficiency.test.ts[2m > [22m[2mProperty 10: Scoped Roles Processing Efficiency[2m > [22m[2mProperty 10.12: Concurrent role hierarchy access should maintain isolation
[22m[39mGoTrueClient@sb-bgxknceshxxifwytalex-auth-token:0 (2.93.3) 2026-02-02T15:20:31.533Z #_acquireLock end

stderr | tests/property/scoped-roles-processing-efficiency.test.ts > Property 10: Scoped Roles Processing Efficiency > Property 10.12: Concurrent role hierarchy access should maintain isolation
Error fetching org roles: {
  code: 'PGRST200',
  details: "Searched for a foreign key relationship between 'org_roles' and 'user_profiles' in the schema 'public', but no matches were found.",
  hint: null,
  message: "Could not find a relationship between 'org_roles' and 'user_profiles' in the schema cache"
}

[90mstdout[2m | tests/property/scoped-roles-processing-efficiency.test.ts[2m > [22m[2mProperty 10: Scoped Roles Processing Efficiency[2m > [22m[2mProperty 10.12: Concurrent role hierarchy access should maintain isolation
[22m[39mGoTrueClient@sb-bgxknceshxxifwytalex-auth-token:0 (2.93.3) 2026-02-02T15:20:31.616Z #_acquireLock begin [33m10000[39m
GoTrueClient@sb-bgxknceshxxifwytalex-auth-token:0 (2.93.3) 2026-02-02T15:20:31.616Z #_acquireLock lock acquired for storage key sb-bgxknceshxxifwytalex-auth-token
GoTrueClient@sb-bgxknceshxxifwytalex-auth-token:0 (2.93.3) 2026-02-02T15:20:31.616Z #_useSession begin
GoTrueClient@sb-bgxknceshxxifwytalex-auth-token:0 (2.93.3) 2026-02-02T15:20:31.616Z #__loadSession() begin

[90mstdout[2m | tests/property/scoped-roles-processing-efficiency.test.ts[2m > [22m[2mProperty 10: Scoped Roles Processing Efficiency[2m > [22m[2mProperty 10.12: Concurrent role hierarchy access should maintain isolation
[22m[39mGoTrueClient@sb-bgxknceshxxifwytalex-auth-token:0 (2.93.3) 2026-02-02T15:20:31.616Z #getSession() session from storage [1mnull[22m
GoTrueClient@sb-bgxknceshxxifwytalex-auth-token:0 (2.93.3) 2026-02-02T15:20:31.616Z #__loadSession() end

[90mstdout[2m | tests/property/scoped-roles-processing-efficiency.test.ts[2m > [22m[2mProperty 10: Scoped Roles Processing Efficiency[2m > [22m[2mProperty 10.12: Concurrent role hierarchy access should maintain isolation
[22m[39mGoTrueClient@sb-bgxknceshxxifwytalex-auth-token:0 (2.93.3) 2026-02-02T15:20:31.616Z #_useSession end

[90mstdout[2m | tests/property/scoped-roles-processing-efficiency.test.ts[2m > [22m[2mProperty 10: Scoped Roles Processing Efficiency[2m > [22m[2mProperty 10.12: Concurrent role hierarchy access should maintain isolation
[22m[39mGoTrueClient@sb-bgxknceshxxifwytalex-auth-token:0 (2.93.3) 2026-02-02T15:20:31.616Z #_acquireLock lock released for storage key sb-bgxknceshxxifwytalex-auth-token

[90mstdout[2m | tests/property/scoped-roles-processing-efficiency.test.ts[2m > [22m[2mProperty 10: Scoped Roles Processing Efficiency[2m > [22m[2mProperty 10.12: Concurrent role hierarchy access should maintain isolation
[22m[39mGoTrueClient@sb-bgxknceshxxifwytalex-auth-token:0 (2.93.3) 2026-02-02T15:20:31.616Z #_acquireLock end

stderr | tests/property/scoped-roles-processing-efficiency.test.ts > Property 10: Scoped Roles Processing Efficiency > Property 10.12: Concurrent role hierarchy access should maintain isolation
Error fetching org roles: {
  code: 'PGRST200',
  details: "Searched for a foreign key relationship between 'org_roles' and 'user_profiles' in the schema 'public', but no matches were found.",
  hint: null,
  message: "Could not find a relationship between 'org_roles' and 'user_profiles' in the schema cache"
}

[90mstdout[2m | tests/property/scoped-roles-processing-efficiency.test.ts[2m > [22m[2mProperty 10: Scoped Roles Processing Efficiency[2m > [22m[2mProperty 10.12: Concurrent role hierarchy access should maintain isolation
[22m[39mGoTrueClient@sb-bgxknceshxxifwytalex-auth-token:0 (2.93.3) 2026-02-02T15:20:31.684Z #_acquireLock begin [33m10000[39m
GoTrueClient@sb-bgxknceshxxifwytalex-auth-token:0 (2.93.3) 2026-02-02T15:20:31.684Z #_acquireLock lock acquired for storage key sb-bgxknceshxxifwytalex-auth-token
GoTrueClient@sb-bgxknceshxxifwytalex-auth-token:0 (2.93.3) 2026-02-02T15:20:31.684Z #_useSession begin
GoTrueClient@sb-bgxknceshxxifwytalex-auth-token:0 (2.93.3) 2026-02-02T15:20:31.684Z #__loadSession() begin

[90mstdout[2m | tests/property/scoped-roles-processing-efficiency.test.ts[2m > [22m[2mProperty 10: Scoped Roles Processing Efficiency[2m > [22m[2mProperty 10.12: Concurrent role hierarchy access should maintain isolation
[22m[39mGoTrueClient@sb-bgxknceshxxifwytalex-auth-token:0 (2.93.3) 2026-02-02T15:20:31.684Z #getSession() session from storage [1mnull[22m
GoTrueClient@sb-bgxknceshxxifwytalex-auth-token:0 (2.93.3) 2026-02-02T15:20:31.684Z #__loadSession() end

[90mstdout[2m | tests/property/scoped-roles-processing-efficiency.test.ts[2m > [22m[2mProperty 10: Scoped Roles Processing Efficiency[2m > [22m[2mProperty 10.12: Concurrent role hierarchy access should maintain isolation
[22m[39mGoTrueClient@sb-bgxknceshxxifwytalex-auth-token:0 (2.93.3) 2026-02-02T15:20:31.684Z #_useSession end

[90mstdout[2m | tests/property/scoped-roles-processing-efficiency.test.ts[2m > [22m[2mProperty 10: Scoped Roles Processing Efficiency[2m > [22m[2mProperty 10.12: Concurrent role hierarchy access should maintain isolation
[22m[39mGoTrueClient@sb-bgxknceshxxifwytalex-auth-token:0 (2.93.3) 2026-02-02T15:20:31.684Z #_acquireLock lock released for storage key sb-bgxknceshxxifwytalex-auth-token

[90mstdout[2m | tests/property/scoped-roles-processing-efficiency.test.ts[2m > [22m[2mProperty 10: Scoped Roles Processing Efficiency[2m > [22m[2mProperty 10.12: Concurrent role hierarchy access should maintain isolation
[22m[39mGoTrueClient@sb-bgxknceshxxifwytalex-auth-token:0 (2.93.3) 2026-02-02T15:20:31.685Z #_acquireLock end

stderr | tests/property/scoped-roles-processing-efficiency.test.ts > Property 10: Scoped Roles Processing Efficiency > Property 10.12: Concurrent role hierarchy access should maintain isolation
Error fetching org roles: {
  code: 'PGRST200',
  details: "Searched for a foreign key relationship between 'org_roles' and 'user_profiles' in the schema 'public', but no matches were found.",
  hint: null,
  message: "Could not find a relationship between 'org_roles' and 'user_profiles' in the schema cache"
}

[90mstdout[2m | tests/property/scoped-roles-processing-efficiency.test.ts[2m > [22m[2mProperty 10: Scoped Roles Processing Efficiency[2m > [22m[2mProperty 10.12: Concurrent role hierarchy access should maintain isolation
[22m[39mGoTrueClient@sb-bgxknceshxxifwytalex-auth-token:0 (2.93.3) 2026-02-02T15:20:31.703Z #_acquireLock begin [33m10000[39m
GoTrueClient@sb-bgxknceshxxifwytalex-auth-token:0 (2.93.3) 2026-02-02T15:20:31.703Z #_acquireLock lock acquired for storage key sb-bgxknceshxxifwytalex-auth-token
GoTrueClient@sb-bgxknceshxxifwytalex-auth-token:0 (2.93.3) 2026-02-02T15:20:31.703Z #_useSession begin
GoTrueClient@sb-bgxknceshxxifwytalex-auth-token:0 (2.93.3) 2026-02-02T15:20:31.703Z #__loadSession() begin

[90mstdout[2m | tests/property/scoped-roles-processing-efficiency.test.ts[2m > [22m[2mProperty 10: Scoped Roles Processing Efficiency[2m > [22m[2mProperty 10.12: Concurrent role hierarchy access should maintain isolation
[22m[39mGoTrueClient@sb-bgxknceshxxifwytalex-auth-token:0 (2.93.3) 2026-02-02T15:20:31.703Z #getSession() session from storage [1mnull[22m
GoTrueClient@sb-bgxknceshxxifwytalex-auth-token:0 (2.93.3) 2026-02-02T15:20:31.703Z #__loadSession() end

[90mstdout[2m | tests/property/scoped-roles-processing-efficiency.test.ts[2m > [22m[2mProperty 10: Scoped Roles Processing Efficiency[2m > [22m[2mProperty 10.12: Concurrent role hierarchy access should maintain isolation
[22m[39mGoTrueClient@sb-bgxknceshxxifwytalex-auth-token:0 (2.93.3) 2026-02-02T15:20:31.704Z #_useSession end

[90mstdout[2m | tests/property/scoped-roles-processing-efficiency.test.ts[2m > [22m[2mProperty 10: Scoped Roles Processing Efficiency[2m > [22m[2mProperty 10.12: Concurrent role hierarchy access should maintain isolation
[22m[39mGoTrueClient@sb-bgxknceshxxifwytalex-auth-token:0 (2.93.3) 2026-02-02T15:20:31.704Z #_acquireLock lock released for storage key sb-bgxknceshxxifwytalex-auth-token

[90mstdout[2m | tests/property/scoped-roles-processing-efficiency.test.ts[2m > [22m[2mProperty 10: Scoped Roles Processing Efficiency[2m > [22m[2mProperty 10.12: Concurrent role hierarchy access should maintain isolation
[22m[39mGoTrueClient@sb-bgxknceshxxifwytalex-auth-token:0 (2.93.3) 2026-02-02T15:20:31.704Z #_acquireLock end

stderr | tests/property/scoped-roles-processing-efficiency.test.ts > Property 10: Scoped Roles Processing Efficiency > Property 10.12: Concurrent role hierarchy access should maintain isolation
Error fetching org roles: {
  code: 'PGRST200',
  details: "Searched for a foreign key relationship between 'org_roles' and 'user_profiles' in the schema 'public', but no matches were found.",
  hint: null,
  message: "Could not find a relationship between 'org_roles' and 'user_profiles' in the schema cache"
}

stderr | tests/property/scoped-roles-processing-efficiency.test.ts > Property 10: Scoped Roles Processing Efficiency > Property 10.12: Concurrent role hierarchy access should maintain isolation
Error fetching project roles: {
  code: 'PGRST200',
  details: "Searched for a foreign key relationship between 'project_roles' and 'user_profiles' in the schema 'public', but no matches were found.",
  hint: null,
  message: "Could not find a relationship between 'project_roles' and 'user_profiles' in the schema cache"
}

[90mstdout[2m | tests/property/scoped-roles-processing-efficiency.test.ts[2m > [22m[2mProperty 10: Scoped Roles Processing Efficiency[2m > [22m[2mProperty 10.12: Concurrent role hierarchy access should maintain isolation
[22m[39mGoTrueClient@sb-bgxknceshxxifwytalex-auth-token:0 (2.93.3) 2026-02-02T15:20:31.738Z #_acquireLock begin [33m10000[39m
GoTrueClient@sb-bgxknceshxxifwytalex-auth-token:0 (2.93.3) 2026-02-02T15:20:31.738Z #_acquireLock lock acquired for storage key sb-bgxknceshxxifwytalex-auth-token
GoTrueClient@sb-bgxknceshxxifwytalex-auth-token:0 (2.93.3) 2026-02-02T15:20:31.738Z #_useSession begin
GoTrueClient@sb-bgxknceshxxifwytalex-auth-token:0 (2.93.3) 2026-02-02T15:20:31.738Z #__loadSession() begin

[90mstdout[2m | tests/property/scoped-roles-processing-efficiency.test.ts[2m > [22m[2mProperty 10: Scoped Roles Processing Efficiency[2m > [22m[2mProperty 10.12: Concurrent role hierarchy access should maintain isolation
[22m[39mGoTrueClient@sb-bgxknceshxxifwytalex-auth-token:0 (2.93.3) 2026-02-02T15:20:31.738Z #getSession() session from storage [1mnull[22m
GoTrueClient@sb-bgxknceshxxifwytalex-auth-token:0 (2.93.3) 2026-02-02T15:20:31.738Z #__loadSession() end

[90mstdout[2m | tests/property/scoped-roles-processing-efficiency.test.ts[2m > [22m[2mProperty 10: Scoped Roles Processing Efficiency[2m > [22m[2mProperty 10.12: Concurrent role hierarchy access should maintain isolation
[22m[39mGoTrueClient@sb-bgxknceshxxifwytalex-auth-token:0 (2.93.3) 2026-02-02T15:20:31.739Z #_useSession end

[90mstdout[2m | tests/property/scoped-roles-processing-efficiency.test.ts[2m > [22m[2mProperty 10: Scoped Roles Processing Efficiency[2m > [22m[2mProperty 10.12: Concurrent role hierarchy access should maintain isolation
[22m[39mGoTrueClient@sb-bgxknceshxxifwytalex-auth-token:0 (2.93.3) 2026-02-02T15:20:31.739Z #_acquireLock lock released for storage key sb-bgxknceshxxifwytalex-auth-token

[90mstdout[2m | tests/property/scoped-roles-processing-efficiency.test.ts[2m > [22m[2mProperty 10: Scoped Roles Processing Efficiency[2m > [22m[2mProperty 10.12: Concurrent role hierarchy access should maintain isolation
[22m[39mGoTrueClient@sb-bgxknceshxxifwytalex-auth-token:0 (2.93.3) 2026-02-02T15:20:31.739Z #_acquireLock end

stderr | tests/property/scoped-roles-processing-efficiency.test.ts > Property 10: Scoped Roles Processing Efficiency > Property 10.12: Concurrent role hierarchy access should maintain isolation
Error fetching project roles: {
  code: 'PGRST200',
  details: "Searched for a foreign key relationship between 'project_roles' and 'user_profiles' in the schema 'public', but no matches were found.",
  hint: null,
  message: "Could not find a relationship between 'project_roles' and 'user_profiles' in the schema cache"
}

[90mstdout[2m | tests/property/scoped-roles-processing-efficiency.test.ts[2m > [22m[2mProperty 10: Scoped Roles Processing Efficiency[2m > [22m[2mProperty 10.12: Concurrent role hierarchy access should maintain isolation
[22m[39mGoTrueClient@sb-bgxknceshxxifwytalex-auth-token:0 (2.93.3) 2026-02-02T15:20:31.749Z #_acquireLock begin [33m10000[39m
GoTrueClient@sb-bgxknceshxxifwytalex-auth-token:0 (2.93.3) 2026-02-02T15:20:31.749Z #_acquireLock lock acquired for storage key sb-bgxknceshxxifwytalex-auth-token
GoTrueClient@sb-bgxknceshxxifwytalex-auth-token:0 (2.93.3) 2026-02-02T15:20:31.749Z #_useSession begin
GoTrueClient@sb-bgxknceshxxifwytalex-auth-token:0 (2.93.3) 2026-02-02T15:20:31.749Z #__loadSession() begin

[90mstdout[2m | tests/property/scoped-roles-processing-efficiency.test.ts[2m > [22m[2mProperty 10: Scoped Roles Processing Efficiency[2m > [22m[2mProperty 10.12: Concurrent role hierarchy access should maintain isolation
[22m[39mGoTrueClient@sb-bgxknceshxxifwytalex-auth-token:0 (2.93.3) 2026-02-02T15:20:31.749Z #getSession() session from storage [1mnull[22m
GoTrueClient@sb-bgxknceshxxifwytalex-auth-token:0 (2.93.3) 2026-02-02T15:20:31.749Z #__loadSession() end

[90mstdout[2m | tests/property/scoped-roles-processing-efficiency.test.ts[2m > [22m[2mProperty 10: Scoped Roles Processing Efficiency[2m > [22m[2mProperty 10.12: Concurrent role hierarchy access should maintain isolation
[22m[39mGoTrueClient@sb-bgxknceshxxifwytalex-auth-token:0 (2.93.3) 2026-02-02T15:20:31.749Z #_useSession end

[90mstdout[2m | tests/property/scoped-roles-processing-efficiency.test.ts[2m > [22m[2mProperty 10: Scoped Roles Processing Efficiency[2m > [22m[2mProperty 10.12: Concurrent role hierarchy access should maintain isolation
[22m[39mGoTrueClient@sb-bgxknceshxxifwytalex-auth-token:0 (2.93.3) 2026-02-02T15:20:31.749Z #_acquireLock lock released for storage key sb-bgxknceshxxifwytalex-auth-token

[90mstdout[2m | tests/property/scoped-roles-processing-efficiency.test.ts[2m > [22m[2mProperty 10: Scoped Roles Processing Efficiency[2m > [22m[2mProperty 10.12: Concurrent role hierarchy access should maintain isolation
[22m[39mGoTrueClient@sb-bgxknceshxxifwytalex-auth-token:0 (2.93.3) 2026-02-02T15:20:31.750Z #_acquireLock end

stderr | tests/property/scoped-roles-processing-efficiency.test.ts > Property 10: Scoped Roles Processing Efficiency > Property 10.12: Concurrent role hierarchy access should maintain isolation
Error fetching project roles: {
  code: 'PGRST200',
  details: "Searched for a foreign key relationship between 'project_roles' and 'user_profiles' in the schema 'public', but no matches were found.",
  hint: null,
  message: "Could not find a relationship between 'project_roles' and 'user_profiles' in the schema cache"
}

[90mstdout[2m | tests/property/scoped-roles-processing-efficiency.test.ts[2m > [22m[2mProperty 10: Scoped Roles Processing Efficiency[2m > [22m[2mProperty 10.12: Concurrent role hierarchy access should maintain isolation
[22m[39mGoTrueClient@sb-bgxknceshxxifwytalex-auth-token:0 (2.93.3) 2026-02-02T15:20:31.828Z #_acquireLock begin [33m10000[39m
GoTrueClient@sb-bgxknceshxxifwytalex-auth-token:0 (2.93.3) 2026-02-02T15:20:31.828Z #_acquireLock lock acquired for storage key sb-bgxknceshxxifwytalex-auth-token
GoTrueClient@sb-bgxknceshxxifwytalex-auth-token:0 (2.93.3) 2026-02-02T15:20:31.828Z #_useSession begin
GoTrueClient@sb-bgxknceshxxifwytalex-auth-token:0 (2.93.3) 2026-02-02T15:20:31.828Z #__loadSession() begin

[90mstdout[2m | tests/property/scoped-roles-processing-efficiency.test.ts[2m > [22m[2mProperty 10: Scoped Roles Processing Efficiency[2m > [22m[2mProperty 10.12: Concurrent role hierarchy access should maintain isolation
[22m[39mGoTrueClient@sb-bgxknceshxxifwytalex-auth-token:0 (2.93.3) 2026-02-02T15:20:31.828Z #getSession() session from storage [1mnull[22m
GoTrueClient@sb-bgxknceshxxifwytalex-auth-token:0 (2.93.3) 2026-02-02T15:20:31.828Z #__loadSession() end

[90mstdout[2m | tests/property/scoped-roles-processing-efficiency.test.ts[2m > [22m[2mProperty 10: Scoped Roles Processing Efficiency[2m > [22m[2mProperty 10.12: Concurrent role hierarchy access should maintain isolation
[22m[39mGoTrueClient@sb-bgxknceshxxifwytalex-auth-token:0 (2.93.3) 2026-02-02T15:20:31.828Z #_useSession end

[90mstdout[2m | tests/property/scoped-roles-processing-efficiency.test.ts[2m > [22m[2mProperty 10: Scoped Roles Processing Efficiency[2m > [22m[2mProperty 10.12: Concurrent role hierarchy access should maintain isolation
[22m[39mGoTrueClient@sb-bgxknceshxxifwytalex-auth-token:0 (2.93.3) 2026-02-02T15:20:31.828Z #_acquireLock lock released for storage key sb-bgxknceshxxifwytalex-auth-token

[90mstdout[2m | tests/property/scoped-roles-processing-efficiency.test.ts[2m > [22m[2mProperty 10: Scoped Roles Processing Efficiency[2m > [22m[2mProperty 10.12: Concurrent role hierarchy access should maintain isolation
[22m[39mGoTrueClient@sb-bgxknceshxxifwytalex-auth-token:0 (2.93.3) 2026-02-02T15:20:31.828Z #_acquireLock end

stderr | tests/property/scoped-roles-processing-efficiency.test.ts > Property 10: Scoped Roles Processing Efficiency > Property 10.12: Concurrent role hierarchy access should maintain isolation
Error fetching org roles: {
  code: 'PGRST200',
  details: "Searched for a foreign key relationship between 'org_roles' and 'user_profiles' in the schema 'public', but no matches were found.",
  hint: null,
  message: "Could not find a relationship between 'org_roles' and 'user_profiles' in the schema cache"
}

[90mstdout[2m | tests/property/scoped-roles-processing-efficiency.test.ts[2m > [22m[2mProperty 10: Scoped Roles Processing Efficiency[2m > [22m[2mProperty 10.12: Concurrent role hierarchy access should maintain isolation
[22m[39mGoTrueClient@sb-bgxknceshxxifwytalex-auth-token:0 (2.93.3) 2026-02-02T15:20:31.890Z #_acquireLock begin [33m10000[39m
GoTrueClient@sb-bgxknceshxxifwytalex-auth-token:0 (2.93.3) 2026-02-02T15:20:31.890Z #_acquireLock lock acquired for storage key sb-bgxknceshxxifwytalex-auth-token
GoTrueClient@sb-bgxknceshxxifwytalex-auth-token:0 (2.93.3) 2026-02-02T15:20:31.890Z #_useSession begin
GoTrueClient@sb-bgxknceshxxifwytalex-auth-token:0 (2.93.3) 2026-02-02T15:20:31.890Z #__loadSession() begin

[90mstdout[2m | tests/property/scoped-roles-processing-efficiency.test.ts[2m > [22m[2mProperty 10: Scoped Roles Processing Efficiency[2m > [22m[2mProperty 10.12: Concurrent role hierarchy access should maintain isolation
[22m[39mGoTrueClient@sb-bgxknceshxxifwytalex-auth-token:0 (2.93.3) 2026-02-02T15:20:31.890Z #getSession() session from storage [1mnull[22m
GoTrueClient@sb-bgxknceshxxifwytalex-auth-token:0 (2.93.3) 2026-02-02T15:20:31.890Z #__loadSession() end

[90mstdout[2m | tests/property/scoped-roles-processing-efficiency.test.ts[2m > [22m[2mProperty 10: Scoped Roles Processing Efficiency[2m > [22m[2mProperty 10.12: Concurrent role hierarchy access should maintain isolation
[22m[39mGoTrueClient@sb-bgxknceshxxifwytalex-auth-token:0 (2.93.3) 2026-02-02T15:20:31.890Z #_useSession end

[90mstdout[2m | tests/property/scoped-roles-processing-efficiency.test.ts[2m > [22m[2mProperty 10: Scoped Roles Processing Efficiency[2m > [22m[2mProperty 10.12: Concurrent role hierarchy access should maintain isolation
[22m[39mGoTrueClient@sb-bgxknceshxxifwytalex-auth-token:0 (2.93.3) 2026-02-02T15:20:31.890Z #_acquireLock lock released for storage key sb-bgxknceshxxifwytalex-auth-token

[90mstdout[2m | tests/property/scoped-roles-processing-efficiency.test.ts[2m > [22m[2mProperty 10: Scoped Roles Processing Efficiency[2m > [22m[2mProperty 10.12: Concurrent role hierarchy access should maintain isolation
[22m[39mGoTrueClient@sb-bgxknceshxxifwytalex-auth-token:0 (2.93.3) 2026-02-02T15:20:31.890Z #_acquireLock end

stderr | tests/property/scoped-roles-processing-efficiency.test.ts > Property 10: Scoped Roles Processing Efficiency > Property 10.12: Concurrent role hierarchy access should maintain isolation
Error fetching org roles: {
  code: 'PGRST200',
  details: "Searched for a foreign key relationship between 'org_roles' and 'user_profiles' in the schema 'public', but no matches were found.",
  hint: null,
  message: "Could not find a relationship between 'org_roles' and 'user_profiles' in the schema cache"
}

stderr | tests/property/scoped-roles-processing-efficiency.test.ts > Property 10: Scoped Roles Processing Efficiency > Property 10.12: Concurrent role hierarchy access should maintain isolation
Error fetching org roles: {
  code: 'PGRST200',
  details: "Searched for a foreign key relationship between 'org_roles' and 'user_profiles' in the schema 'public', but no matches were found.",
  hint: null,
  message: "Could not find a relationship between 'org_roles' and 'user_profiles' in the schema cache"
}

[90mstdout[2m | tests/property/scoped-roles-processing-efficiency.test.ts[2m > [22m[2mProperty 10: Scoped Roles Processing Efficiency[2m > [22m[2mProperty 10.12: Concurrent role hierarchy access should maintain isolation
[22m[39mGoTrueClient@sb-bgxknceshxxifwytalex-auth-token:0 (2.93.3) 2026-02-02T15:20:31.898Z #_acquireLock begin [33m10000[39m
GoTrueClient@sb-bgxknceshxxifwytalex-auth-token:0 (2.93.3) 2026-02-02T15:20:31.898Z #_acquireLock lock acquired for storage key sb-bgxknceshxxifwytalex-auth-token
GoTrueClient@sb-bgxknceshxxifwytalex-auth-token:0 (2.93.3) 2026-02-02T15:20:31.898Z #_useSession begin
GoTrueClient@sb-bgxknceshxxifwytalex-auth-token:0 (2.93.3) 2026-02-02T15:20:31.898Z #__loadSession() begin

[90mstdout[2m | tests/property/scoped-roles-processing-efficiency.test.ts[2m > [22m[2mProperty 10: Scoped Roles Processing Efficiency[2m > [22m[2mProperty 10.12: Concurrent role hierarchy access should maintain isolation
[22m[39mGoTrueClient@sb-bgxknceshxxifwytalex-auth-token:0 (2.93.3) 2026-02-02T15:20:31.898Z #getSession() session from storage [1mnull[22m
GoTrueClient@sb-bgxknceshxxifwytalex-auth-token:0 (2.93.3) 2026-02-02T15:20:31.898Z #__loadSession() end

[90mstdout[2m | tests/property/scoped-roles-processing-efficiency.test.ts[2m > [22m[2mProperty 10: Scoped Roles Processing Efficiency[2m > [22m[2mProperty 10.12: Concurrent role hierarchy access should maintain isolation
[22m[39mGoTrueClient@sb-bgxknceshxxifwytalex-auth-token:0 (2.93.3) 2026-02-02T15:20:31.898Z #_useSession end

[90mstdout[2m | tests/property/scoped-roles-processing-efficiency.test.ts[2m > [22m[2mProperty 10: Scoped Roles Processing Efficiency[2m > [22m[2mProperty 10.12: Concurrent role hierarchy access should maintain isolation
[22m[39mGoTrueClient@sb-bgxknceshxxifwytalex-auth-token:0 (2.93.3) 2026-02-02T15:20:31.898Z #_acquireLock lock released for storage key sb-bgxknceshxxifwytalex-auth-token

[90mstdout[2m | tests/property/scoped-roles-processing-efficiency.test.ts[2m > [22m[2mProperty 10: Scoped Roles Processing Efficiency[2m > [22m[2mProperty 10.12: Concurrent role hierarchy access should maintain isolation
[22m[39mGoTrueClient@sb-bgxknceshxxifwytalex-auth-token:0 (2.93.3) 2026-02-02T15:20:31.898Z #_acquireLock end

stderr | tests/property/scoped-roles-processing-efficiency.test.ts > Property 10: Scoped Roles Processing Efficiency > Property 10.12: Concurrent role hierarchy access should maintain isolation
Error fetching org roles: {
  code: 'PGRST200',
  details: "Searched for a foreign key relationship between 'org_roles' and 'user_profiles' in the schema 'public', but no matches were found.",
  hint: null,
  message: "Could not find a relationship between 'org_roles' and 'user_profiles' in the schema cache"
}

stderr | tests/property/scoped-roles-processing-efficiency.test.ts > Property 10: Scoped Roles Processing Efficiency > Property 10.12: Concurrent role hierarchy access should maintain isolation
Error fetching org roles: {
  code: 'PGRST200',
  details: "Searched for a foreign key relationship between 'org_roles' and 'user_profiles' in the schema 'public', but no matches were found.",
  hint: null,
  message: "Could not find a relationship between 'org_roles' and 'user_profiles' in the schema cache"
}

[90mstdout[2m | tests/property/scoped-roles-processing-efficiency.test.ts[2m > [22m[2mProperty 10: Scoped Roles Processing Efficiency[2m > [22m[2mProperty 10.12: Concurrent role hierarchy access should maintain isolation
[22m[39mGoTrueClient@sb-bgxknceshxxifwytalex-auth-token:0 (2.93.3) 2026-02-02T15:20:31.945Z #_acquireLock begin [33m10000[39m
GoTrueClient@sb-bgxknceshxxifwytalex-auth-token:0 (2.93.3) 2026-02-02T15:20:31.945Z #_acquireLock lock acquired for storage key sb-bgxknceshxxifwytalex-auth-token
GoTrueClient@sb-bgxknceshxxifwytalex-auth-token:0 (2.93.3) 2026-02-02T15:20:31.946Z #_useSession begin
GoTrueClient@sb-bgxknceshxxifwytalex-auth-token:0 (2.93.3) 2026-02-02T15:20:31.946Z #__loadSession() begin

[90mstdout[2m | tests/property/scoped-roles-processing-efficiency.test.ts[2m > [22m[2mProperty 10: Scoped Roles Processing Efficiency[2m > [22m[2mProperty 10.12: Concurrent role hierarchy access should maintain isolation
[22m[39mGoTrueClient@sb-bgxknceshxxifwytalex-auth-token:0 (2.93.3) 2026-02-02T15:20:31.946Z #getSession() session from storage [1mnull[22m
GoTrueClient@sb-bgxknceshxxifwytalex-auth-token:0 (2.93.3) 2026-02-02T15:20:31.946Z #__loadSession() end

[90mstdout[2m | tests/property/scoped-roles-processing-efficiency.test.ts[2m > [22m[2mProperty 10: Scoped Roles Processing Efficiency[2m > [22m[2mProperty 10.12: Concurrent role hierarchy access should maintain isolation
[22m[39mGoTrueClient@sb-bgxknceshxxifwytalex-auth-token:0 (2.93.3) 2026-02-02T15:20:31.946Z #_useSession end

[90mstdout[2m | tests/property/scoped-roles-processing-efficiency.test.ts[2m > [22m[2mProperty 10: Scoped Roles Processing Efficiency[2m > [22m[2mProperty 10.12: Concurrent role hierarchy access should maintain isolation
[22m[39mGoTrueClient@sb-bgxknceshxxifwytalex-auth-token:0 (2.93.3) 2026-02-02T15:20:31.946Z #_acquireLock lock released for storage key sb-bgxknceshxxifwytalex-auth-token

[90mstdout[2m | tests/property/scoped-roles-processing-efficiency.test.ts[2m > [22m[2mProperty 10: Scoped Roles Processing Efficiency[2m > [22m[2mProperty 10.12: Concurrent role hierarchy access should maintain isolation
[22m[39mGoTrueClient@sb-bgxknceshxxifwytalex-auth-token:0 (2.93.3) 2026-02-02T15:20:31.946Z #_acquireLock end

stderr | tests/property/scoped-roles-processing-efficiency.test.ts > Property 10: Scoped Roles Processing Efficiency > Property 10.12: Concurrent role hierarchy access should maintain isolation
Error fetching org roles: {
  code: 'PGRST200',
  details: "Searched for a foreign key relationship between 'org_roles' and 'user_profiles' in the schema 'public', but no matches were found.",
  hint: null,
  message: "Could not find a relationship between 'org_roles' and 'user_profiles' in the schema cache"
}

stderr | tests/property/scoped-roles-processing-efficiency.test.ts > Property 10: Scoped Roles Processing Efficiency > Property 10.12: Concurrent role hierarchy access should maintain isolation
Error fetching project roles: {
  code: 'PGRST200',
  details: "Searched for a foreign key relationship between 'project_roles' and 'user_profiles' in the schema 'public', but no matches were found.",
  hint: null,
  message: "Could not find a relationship between 'project_roles' and 'user_profiles' in the schema cache"
}

[90mstdout[2m | tests/property/scoped-roles-processing-efficiency.test.ts[2m > [22m[2mProperty 10: Scoped Roles Processing Efficiency[2m > [22m[2mProperty 10.12: Concurrent role hierarchy access should maintain isolation
[22m[39mGoTrueClient@sb-bgxknceshxxifwytalex-auth-token:0 (2.93.3) 2026-02-02T15:20:32.011Z #_acquireLock begin [33m10000[39m
GoTrueClient@sb-bgxknceshxxifwytalex-auth-token:0 (2.93.3) 2026-02-02T15:20:32.012Z #_acquireLock lock acquired for storage key sb-bgxknceshxxifwytalex-auth-token
GoTrueClient@sb-bgxknceshxxifwytalex-auth-token:0 (2.93.3) 2026-02-02T15:20:32.012Z #_useSession begin
GoTrueClient@sb-bgxknceshxxifwytalex-auth-token:0 (2.93.3) 2026-02-02T15:20:32.012Z #__loadSession() begin

[90mstdout[2m | tests/property/scoped-roles-processing-efficiency.test.ts[2m > [22m[2mProperty 10: Scoped Roles Processing Efficiency[2m > [22m[2mProperty 10.12: Concurrent role hierarchy access should maintain isolation
[22m[39mGoTrueClient@sb-bgxknceshxxifwytalex-auth-token:0 (2.93.3) 2026-02-02T15:20:32.012Z #getSession() session from storage [1mnull[22m
GoTrueClient@sb-bgxknceshxxifwytalex-auth-token:0 (2.93.3) 2026-02-02T15:20:32.012Z #__loadSession() end

[90mstdout[2m | tests/property/scoped-roles-processing-efficiency.test.ts[2m > [22m[2mProperty 10: Scoped Roles Processing Efficiency[2m > [22m[2mProperty 10.12: Concurrent role hierarchy access should maintain isolation
[22m[39mGoTrueClient@sb-bgxknceshxxifwytalex-auth-token:0 (2.93.3) 2026-02-02T15:20:32.012Z #_useSession end

[90mstdout[2m | tests/property/scoped-roles-processing-efficiency.test.ts[2m > [22m[2mProperty 10: Scoped Roles Processing Efficiency[2m > [22m[2mProperty 10.12: Concurrent role hierarchy access should maintain isolation
[22m[39mGoTrueClient@sb-bgxknceshxxifwytalex-auth-token:0 (2.93.3) 2026-02-02T15:20:32.012Z #_acquireLock lock released for storage key sb-bgxknceshxxifwytalex-auth-token

[90mstdout[2m | tests/property/scoped-roles-processing-efficiency.test.ts[2m > [22m[2mProperty 10: Scoped Roles Processing Efficiency[2m > [22m[2mProperty 10.12: Concurrent role hierarchy access should maintain isolation
[22m[39mGoTrueClient@sb-bgxknceshxxifwytalex-auth-token:0 (2.93.3) 2026-02-02T15:20:32.012Z #_acquireLock end

stderr | tests/property/scoped-roles-processing-efficiency.test.ts > Property 10: Scoped Roles Processing Efficiency > Property 10.12: Concurrent role hierarchy access should maintain isolation
Error fetching org roles: {
  code: 'PGRST200',
  details: "Searched for a foreign key relationship between 'org_roles' and 'user_profiles' in the schema 'public', but no matches were found.",
  hint: null,
  message: "Could not find a relationship between 'org_roles' and 'user_profiles' in the schema cache"
}

[90mstdout[2m | tests/property/scoped-roles-processing-efficiency.test.ts[2m > [22m[2mProperty 10: Scoped Roles Processing Efficiency[2m > [22m[2mProperty 10.12: Concurrent role hierarchy access should maintain isolation
[22m[39mGoTrueClient@sb-bgxknceshxxifwytalex-auth-token:0 (2.93.3) 2026-02-02T15:20:32.101Z #_acquireLock begin [33m10000[39m
GoTrueClient@sb-bgxknceshxxifwytalex-auth-token:0 (2.93.3) 2026-02-02T15:20:32.101Z #_acquireLock lock acquired for storage key sb-bgxknceshxxifwytalex-auth-token
GoTrueClient@sb-bgxknceshxxifwytalex-auth-token:0 (2.93.3) 2026-02-02T15:20:32.101Z #_useSession begin
GoTrueClient@sb-bgxknceshxxifwytalex-auth-token:0 (2.93.3) 2026-02-02T15:20:32.101Z #__loadSession() begin

[90mstdout[2m | tests/property/scoped-roles-processing-efficiency.test.ts[2m > [22m[2mProperty 10: Scoped Roles Processing Efficiency[2m > [22m[2mProperty 10.12: Concurrent role hierarchy access should maintain isolation
[22m[39mGoTrueClient@sb-bgxknceshxxifwytalex-auth-token:0 (2.93.3) 2026-02-02T15:20:32.101Z #getSession() session from storage [1mnull[22m
GoTrueClient@sb-bgxknceshxxifwytalex-auth-token:0 (2.93.3) 2026-02-02T15:20:32.101Z #__loadSession() end

[90mstdout[2m | tests/property/scoped-roles-processing-efficiency.test.ts[2m > [22m[2mProperty 10: Scoped Roles Processing Efficiency[2m > [22m[2mProperty 10.12: Concurrent role hierarchy access should maintain isolation
[22m[39mGoTrueClient@sb-bgxknceshxxifwytalex-auth-token:0 (2.93.3) 2026-02-02T15:20:32.101Z #_useSession end

[90mstdout[2m | tests/property/scoped-roles-processing-efficiency.test.ts[2m > [22m[2mProperty 10: Scoped Roles Processing Efficiency[2m > [22m[2mProperty 10.12: Concurrent role hierarchy access should maintain isolation
[22m[39mGoTrueClient@sb-bgxknceshxxifwytalex-auth-token:0 (2.93.3) 2026-02-02T15:20:32.101Z #_acquireLock lock released for storage key sb-bgxknceshxxifwytalex-auth-token

[90mstdout[2m | tests/property/scoped-roles-processing-efficiency.test.ts[2m > [22m[2mProperty 10: Scoped Roles Processing Efficiency[2m > [22m[2mProperty 10.12: Concurrent role hierarchy access should maintain isolation
[22m[39mGoTrueClient@sb-bgxknceshxxifwytalex-auth-token:0 (2.93.3) 2026-02-02T15:20:32.101Z #_acquireLock end

stderr | tests/property/scoped-roles-processing-efficiency.test.ts > Property 10: Scoped Roles Processing Efficiency > Property 10.12: Concurrent role hierarchy access should maintain isolation
Error fetching org roles: {
  code: 'PGRST200',
  details: "Searched for a foreign key relationship between 'org_roles' and 'user_profiles' in the schema 'public', but no matches were found.",
  hint: null,
  message: "Could not find a relationship between 'org_roles' and 'user_profiles' in the schema cache"
}

[90mstdout[2m | tests/property/scoped-roles-processing-efficiency.test.ts[2m > [22m[2mProperty 10: Scoped Roles Processing Efficiency[2m > [22m[2mProperty 10.12: Concurrent role hierarchy access should maintain isolation
[22m[39mGoTrueClient@sb-bgxknceshxxifwytalex-auth-token:0 (2.93.3) 2026-02-02T15:20:32.128Z #_acquireLock begin [33m10000[39m
GoTrueClient@sb-bgxknceshxxifwytalex-auth-token:0 (2.93.3) 2026-02-02T15:20:32.128Z #_acquireLock lock acquired for storage key sb-bgxknceshxxifwytalex-auth-token
GoTrueClient@sb-bgxknceshxxifwytalex-auth-token:0 (2.93.3) 2026-02-02T15:20:32.128Z #_useSession begin
GoTrueClient@sb-bgxknceshxxifwytalex-auth-token:0 (2.93.3) 2026-02-02T15:20:32.128Z #__loadSession() begin

[90mstdout[2m | tests/property/scoped-roles-processing-efficiency.test.ts[2m > [22m[2mProperty 10: Scoped Roles Processing Efficiency[2m > [22m[2mProperty 10.12: Concurrent role hierarchy access should maintain isolation
[22m[39mGoTrueClient@sb-bgxknceshxxifwytalex-auth-token:0 (2.93.3) 2026-02-02T15:20:32.128Z #getSession() session from storage [1mnull[22m
GoTrueClient@sb-bgxknceshxxifwytalex-auth-token:0 (2.93.3) 2026-02-02T15:20:32.128Z #__loadSession() end

[90mstdout[2m | tests/property/scoped-roles-processing-efficiency.test.ts[2m > [22m[2mProperty 10: Scoped Roles Processing Efficiency[2m > [22m[2mProperty 10.12: Concurrent role hierarchy access should maintain isolation
[22m[39mGoTrueClient@sb-bgxknceshxxifwytalex-auth-token:0 (2.93.3) 2026-02-02T15:20:32.128Z #_useSession end

[90mstdout[2m | tests/property/scoped-roles-processing-efficiency.test.ts[2m > [22m[2mProperty 10: Scoped Roles Processing Efficiency[2m > [22m[2mProperty 10.12: Concurrent role hierarchy access should maintain isolation
[22m[39mGoTrueClient@sb-bgxknceshxxifwytalex-auth-token:0 (2.93.3) 2026-02-02T15:20:32.128Z #_acquireLock lock released for storage key sb-bgxknceshxxifwytalex-auth-token

[90mstdout[2m | tests/property/scoped-roles-processing-efficiency.test.ts[2m > [22m[2mProperty 10: Scoped Roles Processing Efficiency[2m > [22m[2mProperty 10.12: Concurrent role hierarchy access should maintain isolation
[22m[39mGoTrueClient@sb-bgxknceshxxifwytalex-auth-token:0 (2.93.3) 2026-02-02T15:20:32.128Z #_acquireLock end

stderr | tests/property/scoped-roles-processing-efficiency.test.ts > Property 10: Scoped Roles Processing Efficiency > Property 10.12: Concurrent role hierarchy access should maintain isolation
Error fetching org roles: {
  code: 'PGRST200',
  details: "Searched for a foreign key relationship between 'org_roles' and 'user_profiles' in the schema 'public', but no matches were found.",
  hint: null,
  message: "Could not find a relationship between 'org_roles' and 'user_profiles' in the schema cache"
}

[90mstdout[2m | tests/property/scoped-roles-processing-efficiency.test.ts[2m > [22m[2mProperty 10: Scoped Roles Processing Efficiency[2m > [22m[2mProperty 10.12: Concurrent role hierarchy access should maintain isolation
[22m[39mGoTrueClient@sb-bgxknceshxxifwytalex-auth-token:0 (2.93.3) 2026-02-02T15:20:32.157Z #_acquireLock begin [33m10000[39m
GoTrueClient@sb-bgxknceshxxifwytalex-auth-token:0 (2.93.3) 2026-02-02T15:20:32.157Z #_acquireLock lock acquired for storage key sb-bgxknceshxxifwytalex-auth-token
GoTrueClient@sb-bgxknceshxxifwytalex-auth-token:0 (2.93.3) 2026-02-02T15:20:32.157Z #_useSession begin
GoTrueClient@sb-bgxknceshxxifwytalex-auth-token:0 (2.93.3) 2026-02-02T15:20:32.157Z #__loadSession() begin

[90mstdout[2m | tests/property/scoped-roles-processing-efficiency.test.ts[2m > [22m[2mProperty 10: Scoped Roles Processing Efficiency[2m > [22m[2mProperty 10.12: Concurrent role hierarchy access should maintain isolation
[22m[39mGoTrueClient@sb-bgxknceshxxifwytalex-auth-token:0 (2.93.3) 2026-02-02T15:20:32.158Z #getSession() session from storage [1mnull[22m
GoTrueClient@sb-bgxknceshxxifwytalex-auth-token:0 (2.93.3) 2026-02-02T15:20:32.158Z #__loadSession() end

[90mstdout[2m | tests/property/scoped-roles-processing-efficiency.test.ts[2m > [22m[2mProperty 10: Scoped Roles Processing Efficiency[2m > [22m[2mProperty 10.12: Concurrent role hierarchy access should maintain isolation
[22m[39mGoTrueClient@sb-bgxknceshxxifwytalex-auth-token:0 (2.93.3) 2026-02-02T15:20:32.158Z #_useSession end

[90mstdout[2m | tests/property/scoped-roles-processing-efficiency.test.ts[2m > [22m[2mProperty 10: Scoped Roles Processing Efficiency[2m > [22m[2mProperty 10.12: Concurrent role hierarchy access should maintain isolation
[22m[39mGoTrueClient@sb-bgxknceshxxifwytalex-auth-token:0 (2.93.3) 2026-02-02T15:20:32.158Z #_acquireLock lock released for storage key sb-bgxknceshxxifwytalex-auth-token

[90mstdout[2m | tests/property/scoped-roles-processing-efficiency.test.ts[2m > [22m[2mProperty 10: Scoped Roles Processing Efficiency[2m > [22m[2mProperty 10.12: Concurrent role hierarchy access should maintain isolation
[22m[39mGoTrueClient@sb-bgxknceshxxifwytalex-auth-token:0 (2.93.3) 2026-02-02T15:20:32.158Z #_acquireLock end

stderr | tests/property/scoped-roles-processing-efficiency.test.ts > Property 10: Scoped Roles Processing Efficiency > Property 10.12: Concurrent role hierarchy access should maintain isolation
Error fetching org roles: {
  code: 'PGRST200',
  details: "Searched for a foreign key relationship between 'org_roles' and 'user_profiles' in the schema 'public', but no matches were found.",
  hint: null,
  message: "Could not find a relationship between 'org_roles' and 'user_profiles' in the schema cache"
}

stderr | tests/property/scoped-roles-processing-efficiency.test.ts > Property 10: Scoped Roles Processing Efficiency > Property 10.12: Concurrent role hierarchy access should maintain isolation
Error fetching org roles: {
  code: 'PGRST200',
  details: "Searched for a foreign key relationship between 'org_roles' and 'user_profiles' in the schema 'public', but no matches were found.",
  hint: null,
  message: "Could not find a relationship between 'org_roles' and 'user_profiles' in the schema cache"
}

stderr | tests/property/scoped-roles-processing-efficiency.test.ts > Property 10: Scoped Roles Processing Efficiency > Property 10.12: Concurrent role hierarchy access should maintain isolation
Error fetching org roles: {
  code: 'PGRST200',
  details: "Searched for a foreign key relationship between 'org_roles' and 'user_profiles' in the schema 'public', but no matches were found.",
  hint: null,
  message: "Could not find a relationship between 'org_roles' and 'user_profiles' in the schema cache"
}

stderr | tests/property/scoped-roles-processing-efficiency.test.ts > Property 10: Scoped Roles Processing Efficiency > Property 10.12: Concurrent role hierarchy access should maintain isolation
Error fetching project roles: {
  code: 'PGRST200',
  details: "Searched for a foreign key relationship between 'project_roles' and 'user_profiles' in the schema 'public', but no matches were found.",
  hint: null,
  message: "Could not find a relationship between 'project_roles' and 'user_profiles' in the schema cache"
}

[90mstdout[2m | tests/property/scoped-roles-processing-efficiency.test.ts[2m > [22m[2mProperty 10: Scoped Roles Processing Efficiency[2m > [22m[2mProperty 10.12: Concurrent role hierarchy access should maintain isolation
[22m[39mGoTrueClient@sb-bgxknceshxxifwytalex-auth-token:0 (2.93.3) 2026-02-02T15:20:32.303Z #_acquireLock begin [33m10000[39m
GoTrueClient@sb-bgxknceshxxifwytalex-auth-token:0 (2.93.3) 2026-02-02T15:20:32.303Z #_acquireLock lock acquired for storage key sb-bgxknceshxxifwytalex-auth-token
GoTrueClient@sb-bgxknceshxxifwytalex-auth-token:0 (2.93.3) 2026-02-02T15:20:32.303Z #_useSession begin
GoTrueClient@sb-bgxknceshxxifwytalex-auth-token:0 (2.93.3) 2026-02-02T15:20:32.303Z #__loadSession() begin

[90mstdout[2m | tests/property/scoped-roles-processing-efficiency.test.ts[2m > [22m[2mProperty 10: Scoped Roles Processing Efficiency[2m > [22m[2mProperty 10.12: Concurrent role hierarchy access should maintain isolation
[22m[39mGoTrueClient@sb-bgxknceshxxifwytalex-auth-token:0 (2.93.3) 2026-02-02T15:20:32.303Z #getSession() session from storage [1mnull[22m
GoTrueClient@sb-bgxknceshxxifwytalex-auth-token:0 (2.93.3) 2026-02-02T15:20:32.303Z #__loadSession() end

[90mstdout[2m | tests/property/scoped-roles-processing-efficiency.test.ts[2m > [22m[2mProperty 10: Scoped Roles Processing Efficiency[2m > [22m[2mProperty 10.12: Concurrent role hierarchy access should maintain isolation
[22m[39mGoTrueClient@sb-bgxknceshxxifwytalex-auth-token:0 (2.93.3) 2026-02-02T15:20:32.304Z #_useSession end

[90mstdout[2m | tests/property/scoped-roles-processing-efficiency.test.ts[2m > [22m[2mProperty 10: Scoped Roles Processing Efficiency[2m > [22m[2mProperty 10.12: Concurrent role hierarchy access should maintain isolation
[22m[39mGoTrueClient@sb-bgxknceshxxifwytalex-auth-token:0 (2.93.3) 2026-02-02T15:20:32.304Z #_acquireLock lock released for storage key sb-bgxknceshxxifwytalex-auth-token

[90mstdout[2m | tests/property/scoped-roles-processing-efficiency.test.ts[2m > [22m[2mProperty 10: Scoped Roles Processing Efficiency[2m > [22m[2mProperty 10.12: Concurrent role hierarchy access should maintain isolation
[22m[39mGoTrueClient@sb-bgxknceshxxifwytalex-auth-token:0 (2.93.3) 2026-02-02T15:20:32.304Z #_acquireLock end

stderr | tests/property/scoped-roles-processing-efficiency.test.ts > Property 10: Scoped Roles Processing Efficiency > Property 10.12: Concurrent role hierarchy access should maintain isolation
Error fetching org roles: {
  code: 'PGRST200',
  details: "Searched for a foreign key relationship between 'org_roles' and 'user_profiles' in the schema 'public', but no matches were found.",
  hint: null,
  message: "Could not find a relationship between 'org_roles' and 'user_profiles' in the schema cache"
}

[90mstdout[2m | tests/property/scoped-roles-processing-efficiency.test.ts[2m > [22m[2mProperty 10: Scoped Roles Processing Efficiency[2m > [22m[2mProperty 10.12: Concurrent role hierarchy access should maintain isolation
[22m[39mGoTrueClient@sb-bgxknceshxxifwytalex-auth-token:0 (2.93.3) 2026-02-02T15:20:32.335Z #_acquireLock begin [33m10000[39m
GoTrueClient@sb-bgxknceshxxifwytalex-auth-token:0 (2.93.3) 2026-02-02T15:20:32.335Z #_acquireLock lock acquired for storage key sb-bgxknceshxxifwytalex-auth-token
GoTrueClient@sb-bgxknceshxxifwytalex-auth-token:0 (2.93.3) 2026-02-02T15:20:32.335Z #_useSession begin
GoTrueClient@sb-bgxknceshxxifwytalex-auth-token:0 (2.93.3) 2026-02-02T15:20:32.335Z #__loadSession() begin

[90mstdout[2m | tests/property/scoped-roles-processing-efficiency.test.ts[2m > [22m[2mProperty 10: Scoped Roles Processing Efficiency[2m > [22m[2mProperty 10.12: Concurrent role hierarchy access should maintain isolation
[22m[39mGoTrueClient@sb-bgxknceshxxifwytalex-auth-token:0 (2.93.3) 2026-02-02T15:20:32.335Z #getSession() session from storage [1mnull[22m
GoTrueClient@sb-bgxknceshxxifwytalex-auth-token:0 (2.93.3) 2026-02-02T15:20:32.335Z #__loadSession() end

[90mstdout[2m | tests/property/scoped-roles-processing-efficiency.test.ts[2m > [22m[2mProperty 10: Scoped Roles Processing Efficiency[2m > [22m[2mProperty 10.12: Concurrent role hierarchy access should maintain isolation
[22m[39mGoTrueClient@sb-bgxknceshxxifwytalex-auth-token:0 (2.93.3) 2026-02-02T15:20:32.335Z #_useSession end

[90mstdout[2m | tests/property/scoped-roles-processing-efficiency.test.ts[2m > [22m[2mProperty 10: Scoped Roles Processing Efficiency[2m > [22m[2mProperty 10.12: Concurrent role hierarchy access should maintain isolation
[22m[39mGoTrueClient@sb-bgxknceshxxifwytalex-auth-token:0 (2.93.3) 2026-02-02T15:20:32.335Z #_acquireLock lock released for storage key sb-bgxknceshxxifwytalex-auth-token

[90mstdout[2m | tests/property/scoped-roles-processing-efficiency.test.ts[2m > [22m[2mProperty 10: Scoped Roles Processing Efficiency[2m > [22m[2mProperty 10.12: Concurrent role hierarchy access should maintain isolation
[22m[39mGoTrueClient@sb-bgxknceshxxifwytalex-auth-token:0 (2.93.3) 2026-02-02T15:20:32.336Z #_acquireLock end

stderr | tests/property/scoped-roles-processing-efficiency.test.ts > Property 10: Scoped Roles Processing Efficiency > Property 10.12: Concurrent role hierarchy access should maintain isolation
Error fetching project roles: {
  code: 'PGRST200',
  details: "Searched for a foreign key relationship between 'project_roles' and 'user_profiles' in the schema 'public', but no matches were found.",
  hint: null,
  message: "Could not find a relationship between 'project_roles' and 'user_profiles' in the schema cache"
}

[90mstdout[2m | tests/property/scoped-roles-processing-efficiency.test.ts[2m > [22m[2mProperty 10: Scoped Roles Processing Efficiency[2m > [22m[2mProperty 10.12: Concurrent role hierarchy access should maintain isolation
[22m[39mGoTrueClient@sb-bgxknceshxxifwytalex-auth-token:0 (2.93.3) 2026-02-02T15:20:32.363Z #_acquireLock begin [33m10000[39m
GoTrueClient@sb-bgxknceshxxifwytalex-auth-token:0 (2.93.3) 2026-02-02T15:20:32.363Z #_acquireLock lock acquired for storage key sb-bgxknceshxxifwytalex-auth-token
GoTrueClient@sb-bgxknceshxxifwytalex-auth-token:0 (2.93.3) 2026-02-02T15:20:32.363Z #_useSession begin
GoTrueClient@sb-bgxknceshxxifwytalex-auth-token:0 (2.93.3) 2026-02-02T15:20:32.363Z #__loadSession() begin

[90mstdout[2m | tests/property/scoped-roles-processing-efficiency.test.ts[2m > [22m[2mProperty 10: Scoped Roles Processing Efficiency[2m > [22m[2mProperty 10.12: Concurrent role hierarchy access should maintain isolation
[22m[39mGoTrueClient@sb-bgxknceshxxifwytalex-auth-token:0 (2.93.3) 2026-02-02T15:20:32.363Z #getSession() session from storage [1mnull[22m
GoTrueClient@sb-bgxknceshxxifwytalex-auth-token:0 (2.93.3) 2026-02-02T15:20:32.363Z #__loadSession() end

[90mstdout[2m | tests/property/scoped-roles-processing-efficiency.test.ts[2m > [22m[2mProperty 10: Scoped Roles Processing Efficiency[2m > [22m[2mProperty 10.12: Concurrent role hierarchy access should maintain isolation
[22m[39mGoTrueClient@sb-bgxknceshxxifwytalex-auth-token:0 (2.93.3) 2026-02-02T15:20:32.363Z #_useSession end

[90mstdout[2m | tests/property/scoped-roles-processing-efficiency.test.ts[2m > [22m[2mProperty 10: Scoped Roles Processing Efficiency[2m > [22m[2mProperty 10.12: Concurrent role hierarchy access should maintain isolation
[22m[39mGoTrueClient@sb-bgxknceshxxifwytalex-auth-token:0 (2.93.3) 2026-02-02T15:20:32.363Z #_acquireLock lock released for storage key sb-bgxknceshxxifwytalex-auth-token

[90mstdout[2m | tests/property/scoped-roles-processing-efficiency.test.ts[2m > [22m[2mProperty 10: Scoped Roles Processing Efficiency[2m > [22m[2mProperty 10.12: Concurrent role hierarchy access should maintain isolation
[22m[39mGoTrueClient@sb-bgxknceshxxifwytalex-auth-token:0 (2.93.3) 2026-02-02T15:20:32.363Z #_acquireLock end

stderr | tests/property/scoped-roles-processing-efficiency.test.ts > Property 10: Scoped Roles Processing Efficiency > Property 10.12: Concurrent role hierarchy access should maintain isolation
Error fetching org roles: {
  code: 'PGRST200',
  details: "Searched for a foreign key relationship between 'org_roles' and 'user_profiles' in the schema 'public', but no matches were found.",
  hint: null,
  message: "Could not find a relationship between 'org_roles' and 'user_profiles' in the schema cache"
}

[90mstdout[2m | tests/property/scoped-roles-processing-efficiency.test.ts[2m > [22m[2mProperty 10: Scoped Roles Processing Efficiency[2m > [22m[2mProperty 10.12: Concurrent role hierarchy access should maintain isolation
[22m[39mGoTrueClient@sb-bgxknceshxxifwytalex-auth-token:0 (2.93.3) 2026-02-02T15:20:32.369Z #_acquireLock begin [33m10000[39m
GoTrueClient@sb-bgxknceshxxifwytalex-auth-token:0 (2.93.3) 2026-02-02T15:20:32.369Z #_acquireLock lock acquired for storage key sb-bgxknceshxxifwytalex-auth-token
GoTrueClient@sb-bgxknceshxxifwytalex-auth-token:0 (2.93.3) 2026-02-02T15:20:32.369Z #_useSession begin
GoTrueClient@sb-bgxknceshxxifwytalex-auth-token:0 (2.93.3) 2026-02-02T15:20:32.369Z #__loadSession() begin

[90mstdout[2m | tests/property/scoped-roles-processing-efficiency.test.ts[2m > [22m[2mProperty 10: Scoped Roles Processing Efficiency[2m > [22m[2mProperty 10.12: Concurrent role hierarchy access should maintain isolation
[22m[39mGoTrueClient@sb-bgxknceshxxifwytalex-auth-token:0 (2.93.3) 2026-02-02T15:20:32.369Z #getSession() session from storage [1mnull[22m
GoTrueClient@sb-bgxknceshxxifwytalex-auth-token:0 (2.93.3) 2026-02-02T15:20:32.369Z #__loadSession() end

[90mstdout[2m | tests/property/scoped-roles-processing-efficiency.test.ts[2m > [22m[2mProperty 10: Scoped Roles Processing Efficiency[2m > [22m[2mProperty 10.12: Concurrent role hierarchy access should maintain isolation
[22m[39mGoTrueClient@sb-bgxknceshxxifwytalex-auth-token:0 (2.93.3) 2026-02-02T15:20:32.369Z #_useSession end

[90mstdout[2m | tests/property/scoped-roles-processing-efficiency.test.ts[2m > [22m[2mProperty 10: Scoped Roles Processing Efficiency[2m > [22m[2mProperty 10.12: Concurrent role hierarchy access should maintain isolation
[22m[39mGoTrueClient@sb-bgxknceshxxifwytalex-auth-token:0 (2.93.3) 2026-02-02T15:20:32.370Z #_acquireLock lock released for storage key sb-bgxknceshxxifwytalex-auth-token

[90mstdout[2m | tests/property/scoped-roles-processing-efficiency.test.ts[2m > [22m[2mProperty 10: Scoped Roles Processing Efficiency[2m > [22m[2mProperty 10.12: Concurrent role hierarchy access should maintain isolation
[22m[39mGoTrueClient@sb-bgxknceshxxifwytalex-auth-token:0 (2.93.3) 2026-02-02T15:20:32.370Z #_acquireLock end

stderr | tests/property/scoped-roles-processing-efficiency.test.ts > Property 10: Scoped Roles Processing Efficiency > Property 10.12: Concurrent role hierarchy access should maintain isolation
Error fetching org roles: {
  code: 'PGRST200',
  details: "Searched for a foreign key relationship between 'org_roles' and 'user_profiles' in the schema 'public', but no matches were found.",
  hint: null,
  message: "Could not find a relationship between 'org_roles' and 'user_profiles' in the schema cache"
}

stderr | tests/property/scoped-roles-processing-efficiency.test.ts > Property 10: Scoped Roles Processing Efficiency > Property 10.12: Concurrent role hierarchy access should maintain isolation
Error fetching org roles: {
  code: 'PGRST200',
  details: "Searched for a foreign key relationship between 'org_roles' and 'user_profiles' in the schema 'public', but no matches were found.",
  hint: null,
  message: "Could not find a relationship between 'org_roles' and 'user_profiles' in the schema cache"
}

[90mstdout[2m | tests/property/scoped-roles-processing-efficiency.test.ts[2m > [22m[2mProperty 10: Scoped Roles Processing Efficiency[2m > [22m[2mProperty 10.12: Concurrent role hierarchy access should maintain isolation
[22m[39mGoTrueClient@sb-bgxknceshxxifwytalex-auth-token:0 (2.93.3) 2026-02-02T15:20:32.500Z #_acquireLock begin [33m10000[39m
GoTrueClient@sb-bgxknceshxxifwytalex-auth-token:0 (2.93.3) 2026-02-02T15:20:32.500Z #_acquireLock lock acquired for storage key sb-bgxknceshxxifwytalex-auth-token
GoTrueClient@sb-bgxknceshxxifwytalex-auth-token:0 (2.93.3) 2026-02-02T15:20:32.500Z #_useSession begin
GoTrueClient@sb-bgxknceshxxifwytalex-auth-token:0 (2.93.3) 2026-02-02T15:20:32.500Z #__loadSession() begin

[90mstdout[2m | tests/property/scoped-roles-processing-efficiency.test.ts[2m > [22m[2mProperty 10: Scoped Roles Processing Efficiency[2m > [22m[2mProperty 10.12: Concurrent role hierarchy access should maintain isolation
[22m[39mGoTrueClient@sb-bgxknceshxxifwytalex-auth-token:0 (2.93.3) 2026-02-02T15:20:32.500Z #getSession() session from storage [1mnull[22m
GoTrueClient@sb-bgxknceshxxifwytalex-auth-token:0 (2.93.3) 2026-02-02T15:20:32.500Z #__loadSession() end

[90mstdout[2m | tests/property/scoped-roles-processing-efficiency.test.ts[2m > [22m[2mProperty 10: Scoped Roles Processing Efficiency[2m > [22m[2mProperty 10.12: Concurrent role hierarchy access should maintain isolation
[22m[39mGoTrueClient@sb-bgxknceshxxifwytalex-auth-token:0 (2.93.3) 2026-02-02T15:20:32.500Z #_useSession end

[90mstdout[2m | tests/property/scoped-roles-processing-efficiency.test.ts[2m > [22m[2mProperty 10: Scoped Roles Processing Efficiency[2m > [22m[2mProperty 10.12: Concurrent role hierarchy access should maintain isolation
[22m[39mGoTrueClient@sb-bgxknceshxxifwytalex-auth-token:0 (2.93.3) 2026-02-02T15:20:32.500Z #_acquireLock lock released for storage key sb-bgxknceshxxifwytalex-auth-token

[90mstdout[2m | tests/property/scoped-roles-processing-efficiency.test.ts[2m > [22m[2mProperty 10: Scoped Roles Processing Efficiency[2m > [22m[2mProperty 10.12: Concurrent role hierarchy access should maintain isolation
[22m[39mGoTrueClient@sb-bgxknceshxxifwytalex-auth-token:0 (2.93.3) 2026-02-02T15:20:32.500Z #_acquireLock end

stderr | tests/property/scoped-roles-processing-efficiency.test.ts > Property 10: Scoped Roles Processing Efficiency > Property 10.12: Concurrent role hierarchy access should maintain isolation
Error fetching org roles: {
  code: 'PGRST200',
  details: "Searched for a foreign key relationship between 'org_roles' and 'user_profiles' in the schema 'public', but no matches were found.",
  hint: null,
  message: "Could not find a relationship between 'org_roles' and 'user_profiles' in the schema cache"
}

[90mstdout[2m | tests/property/scoped-roles-processing-efficiency.test.ts[2m > [22m[2mProperty 10: Scoped Roles Processing Efficiency[2m > [22m[2mProperty 10.12: Concurrent role hierarchy access should maintain isolation
[22m[39mGoTrueClient@sb-bgxknceshxxifwytalex-auth-token:0 (2.93.3) 2026-02-02T15:20:32.546Z #_acquireLock begin [33m10000[39m
GoTrueClient@sb-bgxknceshxxifwytalex-auth-token:0 (2.93.3) 2026-02-02T15:20:32.546Z #_acquireLock lock acquired for storage key sb-bgxknceshxxifwytalex-auth-token
GoTrueClient@sb-bgxknceshxxifwytalex-auth-token:0 (2.93.3) 2026-02-02T15:20:32.546Z #_useSession begin
GoTrueClient@sb-bgxknceshxxifwytalex-auth-token:0 (2.93.3) 2026-02-02T15:20:32.546Z #__loadSession() begin

[90mstdout[2m | tests/property/scoped-roles-processing-efficiency.test.ts[2m > [22m[2mProperty 10: Scoped Roles Processing Efficiency[2m > [22m[2mProperty 10.12: Concurrent role hierarchy access should maintain isolation
[22m[39mGoTrueClient@sb-bgxknceshxxifwytalex-auth-token:0 (2.93.3) 2026-02-02T15:20:32.546Z #getSession() session from storage [1mnull[22m
GoTrueClient@sb-bgxknceshxxifwytalex-auth-token:0 (2.93.3) 2026-02-02T15:20:32.546Z #__loadSession() end

[90mstdout[2m | tests/property/scoped-roles-processing-efficiency.test.ts[2m > [22m[2mProperty 10: Scoped Roles Processing Efficiency[2m > [22m[2mProperty 10.12: Concurrent role hierarchy access should maintain isolation
[22m[39mGoTrueClient@sb-bgxknceshxxifwytalex-auth-token:0 (2.93.3) 2026-02-02T15:20:32.547Z #_useSession end

[90mstdout[2m | tests/property/scoped-roles-processing-efficiency.test.ts[2m > [22m[2mProperty 10: Scoped Roles Processing Efficiency[2m > [22m[2mProperty 10.12: Concurrent role hierarchy access should maintain isolation
[22m[39mGoTrueClient@sb-bgxknceshxxifwytalex-auth-token:0 (2.93.3) 2026-02-02T15:20:32.547Z #_acquireLock lock released for storage key sb-bgxknceshxxifwytalex-auth-token

[90mstdout[2m | tests/property/scoped-roles-processing-efficiency.test.ts[2m > [22m[2mProperty 10: Scoped Roles Processing Efficiency[2m > [22m[2mProperty 10.12: Concurrent role hierarchy access should maintain isolation
[22m[39mGoTrueClient@sb-bgxknceshxxifwytalex-auth-token:0 (2.93.3) 2026-02-02T15:20:32.547Z #_acquireLock end

[90mstdout[2m | tests/property/scoped-roles-processing-efficiency.test.ts[2m > [22m[2mProperty 10: Scoped Roles Processing Efficiency[2m > [22m[2mProperty 10.12: Concurrent role hierarchy access should maintain isolation
[22m[39mGoTrueClient@sb-bgxknceshxxifwytalex-auth-token:0 (2.93.3) 2026-02-02T15:20:32.574Z #_acquireLock begin [33m10000[39m
GoTrueClient@sb-bgxknceshxxifwytalex-auth-token:0 (2.93.3) 2026-02-02T15:20:32.574Z #_acquireLock lock acquired for storage key sb-bgxknceshxxifwytalex-auth-token
GoTrueClient@sb-bgxknceshxxifwytalex-auth-token:0 (2.93.3) 2026-02-02T15:20:32.574Z #_useSession begin
GoTrueClient@sb-bgxknceshxxifwytalex-auth-token:0 (2.93.3) 2026-02-02T15:20:32.574Z #__loadSession() begin

[90mstdout[2m | tests/property/scoped-roles-processing-efficiency.test.ts[2m > [22m[2mProperty 10: Scoped Roles Processing Efficiency[2m > [22m[2mProperty 10.12: Concurrent role hierarchy access should maintain isolation
[22m[39mGoTrueClient@sb-bgxknceshxxifwytalex-auth-token:0 (2.93.3) 2026-02-02T15:20:32.574Z #getSession() session from storage [1mnull[22m
GoTrueClient@sb-bgxknceshxxifwytalex-auth-token:0 (2.93.3) 2026-02-02T15:20:32.574Z #__loadSession() end

[90mstdout[2m | tests/property/scoped-roles-processing-efficiency.test.ts[2m > [22m[2mProperty 10: Scoped Roles Processing Efficiency[2m > [22m[2mProperty 10.12: Concurrent role hierarchy access should maintain isolation
[22m[39mGoTrueClient@sb-bgxknceshxxifwytalex-auth-token:0 (2.93.3) 2026-02-02T15:20:32.574Z #_useSession end

[90mstdout[2m | tests/property/scoped-roles-processing-efficiency.test.ts[2m > [22m[2mProperty 10: Scoped Roles Processing Efficiency[2m > [22m[2mProperty 10.12: Concurrent role hierarchy access should maintain isolation
[22m[39mGoTrueClient@sb-bgxknceshxxifwytalex-auth-token:0 (2.93.3) 2026-02-02T15:20:32.575Z #_acquireLock lock released for storage key sb-bgxknceshxxifwytalex-auth-token

[90mstdout[2m | tests/property/scoped-roles-processing-efficiency.test.ts[2m > [22m[2mProperty 10: Scoped Roles Processing Efficiency[2m > [22m[2mProperty 10.12: Concurrent role hierarchy access should maintain isolation
[22m[39mGoTrueClient@sb-bgxknceshxxifwytalex-auth-token:0 (2.93.3) 2026-02-02T15:20:32.575Z #_acquireLock end

stderr | tests/property/scoped-roles-processing-efficiency.test.ts > Property 10: Scoped Roles Processing Efficiency > Property 10.12: Concurrent role hierarchy access should maintain isolation
Error fetching org roles: {
  code: 'PGRST200',
  details: "Searched for a foreign key relationship between 'org_roles' and 'user_profiles' in the schema 'public', but no matches were found.",
  hint: null,
  message: "Could not find a relationship between 'org_roles' and 'user_profiles' in the schema cache"
}

[90mstdout[2m | tests/property/scoped-roles-processing-efficiency.test.ts[2m > [22m[2mProperty 10: Scoped Roles Processing Efficiency[2m > [22m[2mProperty 10.12: Concurrent role hierarchy access should maintain isolation
[22m[39mGoTrueClient@sb-bgxknceshxxifwytalex-auth-token:0 (2.93.3) 2026-02-02T15:20:32.578Z #_acquireLock begin [33m10000[39m
GoTrueClient@sb-bgxknceshxxifwytalex-auth-token:0 (2.93.3) 2026-02-02T15:20:32.578Z #_acquireLock lock acquired for storage key sb-bgxknceshxxifwytalex-auth-token
GoTrueClient@sb-bgxknceshxxifwytalex-auth-token:0 (2.93.3) 2026-02-02T15:20:32.578Z #_useSession begin
GoTrueClient@sb-bgxknceshxxifwytalex-auth-token:0 (2.93.3) 2026-02-02T15:20:32.578Z #__loadSession() begin

[90mstdout[2m | tests/property/scoped-roles-processing-efficiency.test.ts[2m > [22m[2mProperty 10: Scoped Roles Processing Efficiency[2m > [22m[2mProperty 10.12: Concurrent role hierarchy access should maintain isolation
[22m[39mGoTrueClient@sb-bgxknceshxxifwytalex-auth-token:0 (2.93.3) 2026-02-02T15:20:32.579Z #getSession() session from storage [1mnull[22m
GoTrueClient@sb-bgxknceshxxifwytalex-auth-token:0 (2.93.3) 2026-02-02T15:20:32.579Z #__loadSession() end

[90mstdout[2m | tests/property/scoped-roles-processing-efficiency.test.ts[2m > [22m[2mProperty 10: Scoped Roles Processing Efficiency[2m > [22m[2mProperty 10.12: Concurrent role hierarchy access should maintain isolation
[22m[39mGoTrueClient@sb-bgxknceshxxifwytalex-auth-token:0 (2.93.3) 2026-02-02T15:20:32.579Z #_useSession end

[90mstdout[2m | tests/property/scoped-roles-processing-efficiency.test.ts[2m > [22m[2mProperty 10: Scoped Roles Processing Efficiency[2m > [22m[2mProperty 10.12: Concurrent role hierarchy access should maintain isolation
[22m[39mGoTrueClient@sb-bgxknceshxxifwytalex-auth-token:0 (2.93.3) 2026-02-02T15:20:32.579Z #_acquireLock lock released for storage key sb-bgxknceshxxifwytalex-auth-token

[90mstdout[2m | tests/property/scoped-roles-processing-efficiency.test.ts[2m > [22m[2mProperty 10: Scoped Roles Processing Efficiency[2m > [22m[2mProperty 10.12: Concurrent role hierarchy access should maintain isolation
[22m[39mGoTrueClient@sb-bgxknceshxxifwytalex-auth-token:0 (2.93.3) 2026-02-02T15:20:32.579Z #_acquireLock end

stderr | tests/property/scoped-roles-processing-efficiency.test.ts > Property 10: Scoped Roles Processing Efficiency > Property 10.12: Concurrent role hierarchy access should maintain isolation
Error fetching project roles: {
  code: 'PGRST200',
  details: "Searched for a foreign key relationship between 'project_roles' and 'user_profiles' in the schema 'public', but no matches were found.",
  hint: null,
  message: "Could not find a relationship between 'project_roles' and 'user_profiles' in the schema cache"
}

[90mstdout[2m | tests/property/scoped-roles-processing-efficiency.test.ts[2m > [22m[2mProperty 10: Scoped Roles Processing Efficiency[2m > [22m[2mProperty 10.12: Concurrent role hierarchy access should maintain isolation
[22m[39mGoTrueClient@sb-bgxknceshxxifwytalex-auth-token:0 (2.93.3) 2026-02-02T15:20:32.603Z #_acquireLock begin [33m10000[39m
GoTrueClient@sb-bgxknceshxxifwytalex-auth-token:0 (2.93.3) 2026-02-02T15:20:32.603Z #_acquireLock lock acquired for storage key sb-bgxknceshxxifwytalex-auth-token
GoTrueClient@sb-bgxknceshxxifwytalex-auth-token:0 (2.93.3) 2026-02-02T15:20:32.603Z #_useSession begin
GoTrueClient@sb-bgxknceshxxifwytalex-auth-token:0 (2.93.3) 2026-02-02T15:20:32.603Z #__loadSession() begin

[90mstdout[2m | tests/property/scoped-roles-processing-efficiency.test.ts[2m > [22m[2mProperty 10: Scoped Roles Processing Efficiency[2m > [22m[2mProperty 10.12: Concurrent role hierarchy access should maintain isolation
[22m[39mGoTrueClient@sb-bgxknceshxxifwytalex-auth-token:0 (2.93.3) 2026-02-02T15:20:32.603Z #getSession() session from storage [1mnull[22m
GoTrueClient@sb-bgxknceshxxifwytalex-auth-token:0 (2.93.3) 2026-02-02T15:20:32.603Z #__loadSession() end

[90mstdout[2m | tests/property/scoped-roles-processing-efficiency.test.ts[2m > [22m[2mProperty 10: Scoped Roles Processing Efficiency[2m > [22m[2mProperty 10.12: Concurrent role hierarchy access should maintain isolation
[22m[39mGoTrueClient@sb-bgxknceshxxifwytalex-auth-token:0 (2.93.3) 2026-02-02T15:20:32.603Z #_useSession end

[90mstdout[2m | tests/property/scoped-roles-processing-efficiency.test.ts[2m > [22m[2mProperty 10: Scoped Roles Processing Efficiency[2m > [22m[2mProperty 10.12: Concurrent role hierarchy access should maintain isolation
[22m[39mGoTrueClient@sb-bgxknceshxxifwytalex-auth-token:0 (2.93.3) 2026-02-02T15:20:32.603Z #_acquireLock lock released for storage key sb-bgxknceshxxifwytalex-auth-token

[90mstdout[2m | tests/property/scoped-roles-processing-efficiency.test.ts[2m > [22m[2mProperty 10: Scoped Roles Processing Efficiency[2m > [22m[2mProperty 10.12: Concurrent role hierarchy access should maintain isolation
[22m[39mGoTrueClient@sb-bgxknceshxxifwytalex-auth-token:0 (2.93.3) 2026-02-02T15:20:32.603Z #_acquireLock end

stderr | tests/property/scoped-roles-processing-efficiency.test.ts > Property 10: Scoped Roles Processing Efficiency > Property 10.12: Concurrent role hierarchy access should maintain isolation
Error fetching org roles: {
  code: 'PGRST200',
  details: "Searched for a foreign key relationship between 'org_roles' and 'user_profiles' in the schema 'public', but no matches were found.",
  hint: null,
  message: "Could not find a relationship between 'org_roles' and 'user_profiles' in the schema cache"
}

[90mstdout[2m | tests/property/scoped-roles-processing-efficiency.test.ts[2m > [22m[2mProperty 10: Scoped Roles Processing Efficiency[2m > [22m[2mProperty 10.12: Concurrent role hierarchy access should maintain isolation
[22m[39mGoTrueClient@sb-bgxknceshxxifwytalex-auth-token:0 (2.93.3) 2026-02-02T15:20:32.711Z #_acquireLock begin [33m10000[39m
GoTrueClient@sb-bgxknceshxxifwytalex-auth-token:0 (2.93.3) 2026-02-02T15:20:32.711Z #_acquireLock lock acquired for storage key sb-bgxknceshxxifwytalex-auth-token
GoTrueClient@sb-bgxknceshxxifwytalex-auth-token:0 (2.93.3) 2026-02-02T15:20:32.711Z #_useSession begin
GoTrueClient@sb-bgxknceshxxifwytalex-auth-token:0 (2.93.3) 2026-02-02T15:20:32.711Z #__loadSession() begin
GoTrueClient@sb-bgxknceshxxifwytalex-auth-token:0 (2.93.3) 2026-02-02T15:20:32.711Z #_acquireLock begin [33m10000[39m
GoTrueClient@sb-bgxknceshxxifwytalex-auth-token:0 (2.93.3) 2026-02-02T15:20:32.711Z #_acquireLock end
GoTrueClient@sb-bgxknceshxxifwytalex-auth-token:0 (2.93.3) 2026-02-02T15:20:32.711Z #_acquireLock begin [33m10000[39m
GoTrueClient@sb-bgxknceshxxifwytalex-auth-token:0 (2.93.3) 2026-02-02T15:20:32.711Z #_acquireLock end
GoTrueClient@sb-bgxknceshxxifwytalex-auth-token:0 (2.93.3) 2026-02-02T15:20:32.711Z #_acquireLock begin [33m10000[39m
GoTrueClient@sb-bgxknceshxxifwytalex-auth-token:0 (2.93.3) 2026-02-02T15:20:32.711Z #_acquireLock end
GoTrueClient@sb-bgxknceshxxifwytalex-auth-token:0 (2.93.3) 2026-02-02T15:20:32.711Z #_acquireLock begin [33m10000[39m
GoTrueClient@sb-bgxknceshxxifwytalex-auth-token:0 (2.93.3) 2026-02-02T15:20:32.711Z #_acquireLock end
GoTrueClient@sb-bgxknceshxxifwytalex-auth-token:0 (2.93.3) 2026-02-02T15:20:32.711Z #_acquireLock begin [33m10000[39m
GoTrueClient@sb-bgxknceshxxifwytalex-auth-token:0 (2.93.3) 2026-02-02T15:20:32.711Z #_acquireLock end
GoTrueClient@sb-bgxknceshxxifwytalex-auth-token:0 (2.93.3) 2026-02-02T15:20:32.711Z #_acquireLock begin [33m10000[39m
GoTrueClient@sb-bgxknceshxxifwytalex-auth-token:0 (2.93.3) 2026-02-02T15:20:32.711Z #_acquireLock end
GoTrueClient@sb-bgxknceshxxifwytalex-auth-token:0 (2.93.3) 2026-02-02T15:20:32.711Z #_acquireLock begin [33m10000[39m
GoTrueClient@sb-bgxknceshxxifwytalex-auth-token:0 (2.93.3) 2026-02-02T15:20:32.711Z #_acquireLock end

[90mstdout[2m | tests/property/scoped-roles-processing-efficiency.test.ts[2m > [22m[2mProperty 10: Scoped Roles Processing Efficiency[2m > [22m[2mProperty 10.12: Concurrent role hierarchy access should maintain isolation
[22m[39mGoTrueClient@sb-bgxknceshxxifwytalex-auth-token:0 (2.93.3) 2026-02-02T15:20:32.711Z #getSession() session from storage [1mnull[22m
GoTrueClient@sb-bgxknceshxxifwytalex-auth-token:0 (2.93.3) 2026-02-02T15:20:32.711Z #__loadSession() end

[90mstdout[2m | tests/property/scoped-roles-processing-efficiency.test.ts[2m > [22m[2mProperty 10: Scoped Roles Processing Efficiency[2m > [22m[2mProperty 10.12: Concurrent role hierarchy access should maintain isolation
[22m[39mGoTrueClient@sb-bgxknceshxxifwytalex-auth-token:0 (2.93.3) 2026-02-02T15:20:32.711Z #_useSession end

[90mstdout[2m | tests/property/scoped-roles-processing-efficiency.test.ts[2m > [22m[2mProperty 10: Scoped Roles Processing Efficiency[2m > [22m[2mProperty 10.12: Concurrent role hierarchy access should maintain isolation
[22m[39mGoTrueClient@sb-bgxknceshxxifwytalex-auth-token:0 (2.93.3) 2026-02-02T15:20:32.711Z #_useSession begin
GoTrueClient@sb-bgxknceshxxifwytalex-auth-token:0 (2.93.3) 2026-02-02T15:20:32.711Z #__loadSession() begin

[90mstdout[2m | tests/property/scoped-roles-processing-efficiency.test.ts[2m > [22m[2mProperty 10: Scoped Roles Processing Efficiency[2m > [22m[2mProperty 10.12: Concurrent role hierarchy access should maintain isolation
[22m[39mGoTrueClient@sb-bgxknceshxxifwytalex-auth-token:0 (2.93.3) 2026-02-02T15:20:32.711Z #getSession() session from storage [1mnull[22m
GoTrueClient@sb-bgxknceshxxifwytalex-auth-token:0 (2.93.3) 2026-02-02T15:20:32.711Z #__loadSession() end

[90mstdout[2m | tests/property/scoped-roles-processing-efficiency.test.ts[2m > [22m[2mProperty 10: Scoped Roles Processing Efficiency[2m > [22m[2mProperty 10.12: Concurrent role hierarchy access should maintain isolation
[22m[39mGoTrueClient@sb-bgxknceshxxifwytalex-auth-token:0 (2.93.3) 2026-02-02T15:20:32.712Z #_useSession end

[90mstdout[2m | tests/property/scoped-roles-processing-efficiency.test.ts[2m > [22m[2mProperty 10: Scoped Roles Processing Efficiency[2m > [22m[2mProperty 10.12: Concurrent role hierarchy access should maintain isolation
[22m[39mGoTrueClient@sb-bgxknceshxxifwytalex-auth-token:0 (2.93.3) 2026-02-02T15:20:32.712Z #_useSession begin
GoTrueClient@sb-bgxknceshxxifwytalex-auth-token:0 (2.93.3) 2026-02-02T15:20:32.712Z #__loadSession() begin

[90mstdout[2m | tests/property/scoped-roles-processing-efficiency.test.ts[2m > [22m[2mProperty 10: Scoped Roles Processing Efficiency[2m > [22m[2mProperty 10.12: Concurrent role hierarchy access should maintain isolation
[22m[39mGoTrueClient@sb-bgxknceshxxifwytalex-auth-token:0 (2.93.3) 2026-02-02T15:20:32.712Z #getSession() session from storage [1mnull[22m
GoTrueClient@sb-bgxknceshxxifwytalex-auth-token:0 (2.93.3) 2026-02-02T15:20:32.712Z #__loadSession() end

[90mstdout[2m | tests/property/scoped-roles-processing-efficiency.test.ts[2m > [22m[2mProperty 10: Scoped Roles Processing Efficiency[2m > [22m[2mProperty 10.12: Concurrent role hierarchy access should maintain isolation
[22m[39mGoTrueClient@sb-bgxknceshxxifwytalex-auth-token:0 (2.93.3) 2026-02-02T15:20:32.713Z #_useSession end

[90mstdout[2m | tests/property/scoped-roles-processing-efficiency.test.ts[2m > [22m[2mProperty 10: Scoped Roles Processing Efficiency[2m > [22m[2mProperty 10.12: Concurrent role hierarchy access should maintain isolation
[22m[39mGoTrueClient@sb-bgxknceshxxifwytalex-auth-token:0 (2.93.3) 2026-02-02T15:20:32.713Z #_useSession begin
GoTrueClient@sb-bgxknceshxxifwytalex-auth-token:0 (2.93.3) 2026-02-02T15:20:32.713Z #__loadSession() begin

[90mstdout[2m | tests/property/scoped-roles-processing-efficiency.test.ts[2m > [22m[2mProperty 10: Scoped Roles Processing Efficiency[2m > [22m[2mProperty 10.12: Concurrent role hierarchy access should maintain isolation
[22m[39mGoTrueClient@sb-bgxknceshxxifwytalex-auth-token:0 (2.93.3) 2026-02-02T15:20:32.713Z #getSession() session from storage [1mnull[22m
GoTrueClient@sb-bgxknceshxxifwytalex-auth-token:0 (2.93.3) 2026-02-02T15:20:32.713Z #__loadSession() end

[90mstdout[2m | tests/property/scoped-roles-processing-efficiency.test.ts[2m > [22m[2mProperty 10: Scoped Roles Processing Efficiency[2m > [22m[2mProperty 10.12: Concurrent role hierarchy access should maintain isolation
[22m[39mGoTrueClient@sb-bgxknceshxxifwytalex-auth-token:0 (2.93.3) 2026-02-02T15:20:32.714Z #_useSession end

[90mstdout[2m | tests/property/scoped-roles-processing-efficiency.test.ts[2m > [22m[2mProperty 10: Scoped Roles Processing Efficiency[2m > [22m[2mProperty 10.12: Concurrent role hierarchy access should maintain isolation
[22m[39mGoTrueClient@sb-bgxknceshxxifwytalex-auth-token:0 (2.93.3) 2026-02-02T15:20:32.714Z #_useSession begin
GoTrueClient@sb-bgxknceshxxifwytalex-auth-token:0 (2.93.3) 2026-02-02T15:20:32.714Z #__loadSession() begin

[90mstdout[2m | tests/property/scoped-roles-processing-efficiency.test.ts[2m > [22m[2mProperty 10: Scoped Roles Processing Efficiency[2m > [22m[2mProperty 10.12: Concurrent role hierarchy access should maintain isolation
[22m[39mGoTrueClient@sb-bgxknceshxxifwytalex-auth-token:0 (2.93.3) 2026-02-02T15:20:32.715Z #getSession() session from storage [1mnull[22m
GoTrueClient@sb-bgxknceshxxifwytalex-auth-token:0 (2.93.3) 2026-02-02T15:20:32.715Z #__loadSession() end

[90mstdout[2m | tests/property/scoped-roles-processing-efficiency.test.ts[2m > [22m[2mProperty 10: Scoped Roles Processing Efficiency[2m > [22m[2mProperty 10.12: Concurrent role hierarchy access should maintain isolation
[22m[39mGoTrueClient@sb-bgxknceshxxifwytalex-auth-token:0 (2.93.3) 2026-02-02T15:20:32.715Z #_useSession end

[90mstdout[2m | tests/property/scoped-roles-processing-efficiency.test.ts[2m > [22m[2mProperty 10: Scoped Roles Processing Efficiency[2m > [22m[2mProperty 10.12: Concurrent role hierarchy access should maintain isolation
[22m[39mGoTrueClient@sb-bgxknceshxxifwytalex-auth-token:0 (2.93.3) 2026-02-02T15:20:32.716Z #_useSession begin
GoTrueClient@sb-bgxknceshxxifwytalex-auth-token:0 (2.93.3) 2026-02-02T15:20:32.716Z #__loadSession() begin

[90mstdout[2m | tests/property/scoped-roles-processing-efficiency.test.ts[2m > [22m[2mProperty 10: Scoped Roles Processing Efficiency[2m > [22m[2mProperty 10.12: Concurrent role hierarchy access should maintain isolation
[22m[39mGoTrueClient@sb-bgxknceshxxifwytalex-auth-token:0 (2.93.3) 2026-02-02T15:20:32.716Z #getSession() session from storage [1mnull[22m
GoTrueClient@sb-bgxknceshxxifwytalex-auth-token:0 (2.93.3) 2026-02-02T15:20:32.716Z #__loadSession() end

[90mstdout[2m | tests/property/scoped-roles-processing-efficiency.test.ts[2m > [22m[2mProperty 10: Scoped Roles Processing Efficiency[2m > [22m[2mProperty 10.12: Concurrent role hierarchy access should maintain isolation
[22m[39mGoTrueClient@sb-bgxknceshxxifwytalex-auth-token:0 (2.93.3) 2026-02-02T15:20:32.717Z #_useSession end

[90mstdout[2m | tests/property/scoped-roles-processing-efficiency.test.ts[2m > [22m[2mProperty 10: Scoped Roles Processing Efficiency[2m > [22m[2mProperty 10.12: Concurrent role hierarchy access should maintain isolation
[22m[39mGoTrueClient@sb-bgxknceshxxifwytalex-auth-token:0 (2.93.3) 2026-02-02T15:20:32.717Z #_useSession begin
GoTrueClient@sb-bgxknceshxxifwytalex-auth-token:0 (2.93.3) 2026-02-02T15:20:32.717Z #__loadSession() begin

[90mstdout[2m | tests/property/scoped-roles-processing-efficiency.test.ts[2m > [22m[2mProperty 10: Scoped Roles Processing Efficiency[2m > [22m[2mProperty 10.12: Concurrent role hierarchy access should maintain isolation
[22m[39mGoTrueClient@sb-bgxknceshxxifwytalex-auth-token:0 (2.93.3) 2026-02-02T15:20:32.717Z #getSession() session from storage [1mnull[22m
GoTrueClient@sb-bgxknceshxxifwytalex-auth-token:0 (2.93.3) 2026-02-02T15:20:32.717Z #__loadSession() end

[90mstdout[2m | tests/property/scoped-roles-processing-efficiency.test.ts[2m > [22m[2mProperty 10: Scoped Roles Processing Efficiency[2m > [22m[2mProperty 10.12: Concurrent role hierarchy access should maintain isolation
[22m[39mGoTrueClient@sb-bgxknceshxxifwytalex-auth-token:0 (2.93.3) 2026-02-02T15:20:32.718Z #_useSession end

[90mstdout[2m | tests/property/scoped-roles-processing-efficiency.test.ts[2m > [22m[2mProperty 10: Scoped Roles Processing Efficiency[2m > [22m[2mProperty 10.12: Concurrent role hierarchy access should maintain isolation
[22m[39mGoTrueClient@sb-bgxknceshxxifwytalex-auth-token:0 (2.93.3) 2026-02-02T15:20:32.718Z #_useSession begin
GoTrueClient@sb-bgxknceshxxifwytalex-auth-token:0 (2.93.3) 2026-02-02T15:20:32.718Z #__loadSession() begin

[90mstdout[2m | tests/property/scoped-roles-processing-efficiency.test.ts[2m > [22m[2mProperty 10: Scoped Roles Processing Efficiency[2m > [22m[2mProperty 10.12: Concurrent role hierarchy access should maintain isolation
[22m[39mGoTrueClient@sb-bgxknceshxxifwytalex-auth-token:0 (2.93.3) 2026-02-02T15:20:32.718Z #getSession() session from storage [1mnull[22m
GoTrueClient@sb-bgxknceshxxifwytalex-auth-token:0 (2.93.3) 2026-02-02T15:20:32.718Z #__loadSession() end

[90mstdout[2m | tests/property/scoped-roles-processing-efficiency.test.ts[2m > [22m[2mProperty 10: Scoped Roles Processing Efficiency[2m > [22m[2mProperty 10.12: Concurrent role hierarchy access should maintain isolation
[22m[39mGoTrueClient@sb-bgxknceshxxifwytalex-auth-token:0 (2.93.3) 2026-02-02T15:20:32.719Z #_useSession end

[90mstdout[2m | tests/property/scoped-roles-processing-efficiency.test.ts[2m > [22m[2mProperty 10: Scoped Roles Processing Efficiency[2m > [22m[2mProperty 10.12: Concurrent role hierarchy access should maintain isolation
[22m[39mGoTrueClient@sb-bgxknceshxxifwytalex-auth-token:0 (2.93.3) 2026-02-02T15:20:32.719Z #_acquireLock lock released for storage key sb-bgxknceshxxifwytalex-auth-token

[90mstdout[2m | tests/property/scoped-roles-processing-efficiency.test.ts[2m > [22m[2mProperty 10: Scoped Roles Processing Efficiency[2m > [22m[2mProperty 10.12: Concurrent role hierarchy access should maintain isolation
[22m[39mGoTrueClient@sb-bgxknceshxxifwytalex-auth-token:0 (2.93.3) 2026-02-02T15:20:32.720Z #_acquireLock end

stderr | tests/property/scoped-roles-processing-efficiency.test.ts > Property 10: Scoped Roles Processing Efficiency > Property 10.12: Concurrent role hierarchy access should maintain isolation
Error fetching org roles: {
  code: 'PGRST200',
  details: "Searched for a foreign key relationship between 'org_roles' and 'user_profiles' in the schema 'public', but no matches were found.",
  hint: null,
  message: "Could not find a relationship between 'org_roles' and 'user_profiles' in the schema cache"
}

[90mstdout[2m | tests/property/scoped-roles-processing-efficiency.test.ts[2m > [22m[2mProperty 10: Scoped Roles Processing Efficiency[2m > [22m[2mProperty 10.12: Concurrent role hierarchy access should maintain isolation
[22m[39mGoTrueClient@sb-bgxknceshxxifwytalex-auth-token:0 (2.93.3) 2026-02-02T15:20:32.766Z #_acquireLock begin [33m10000[39m
GoTrueClient@sb-bgxknceshxxifwytalex-auth-token:0 (2.93.3) 2026-02-02T15:20:32.766Z #_acquireLock lock acquired for storage key sb-bgxknceshxxifwytalex-auth-token
GoTrueClient@sb-bgxknceshxxifwytalex-auth-token:0 (2.93.3) 2026-02-02T15:20:32.766Z #_useSession begin
GoTrueClient@sb-bgxknceshxxifwytalex-auth-token:0 (2.93.3) 2026-02-02T15:20:32.766Z #__loadSession() begin

[90mstdout[2m | tests/property/scoped-roles-processing-efficiency.test.ts[2m > [22m[2mProperty 10: Scoped Roles Processing Efficiency[2m > [22m[2mProperty 10.12: Concurrent role hierarchy access should maintain isolation
[22m[39mGoTrueClient@sb-bgxknceshxxifwytalex-auth-token:0 (2.93.3) 2026-02-02T15:20:32.767Z #getSession() session from storage [1mnull[22m
GoTrueClient@sb-bgxknceshxxifwytalex-auth-token:0 (2.93.3) 2026-02-02T15:20:32.767Z #__loadSession() end

[90mstdout[2m | tests/property/scoped-roles-processing-efficiency.test.ts[2m > [22m[2mProperty 10: Scoped Roles Processing Efficiency[2m > [22m[2mProperty 10.12: Concurrent role hierarchy access should maintain isolation
[22m[39mGoTrueClient@sb-bgxknceshxxifwytalex-auth-token:0 (2.93.3) 2026-02-02T15:20:32.767Z #_useSession end

[90mstdout[2m | tests/property/scoped-roles-processing-efficiency.test.ts[2m > [22m[2mProperty 10: Scoped Roles Processing Efficiency[2m > [22m[2mProperty 10.12: Concurrent role hierarchy access should maintain isolation
[22m[39mGoTrueClient@sb-bgxknceshxxifwytalex-auth-token:0 (2.93.3) 2026-02-02T15:20:32.767Z #_acquireLock lock released for storage key sb-bgxknceshxxifwytalex-auth-token

[90mstdout[2m | tests/property/scoped-roles-processing-efficiency.test.ts[2m > [22m[2mProperty 10: Scoped Roles Processing Efficiency[2m > [22m[2mProperty 10.12: Concurrent role hierarchy access should maintain isolation
[22m[39mGoTrueClient@sb-bgxknceshxxifwytalex-auth-token:0 (2.93.3) 2026-02-02T15:20:32.767Z #_acquireLock end

stderr | tests/property/scoped-roles-processing-efficiency.test.ts > Property 10: Scoped Roles Processing Efficiency > Property 10.12: Concurrent role hierarchy access should maintain isolation
Error fetching org roles: {
  code: 'PGRST200',
  details: "Searched for a foreign key relationship between 'org_roles' and 'user_profiles' in the schema 'public', but no matches were found.",
  hint: null,
  message: "Could not find a relationship between 'org_roles' and 'user_profiles' in the schema cache"
}

[90mstdout[2m | tests/property/scoped-roles-processing-efficiency.test.ts[2m > [22m[2mProperty 10: Scoped Roles Processing Efficiency[2m > [22m[2mProperty 10.12: Concurrent role hierarchy access should maintain isolation
[22m[39mGoTrueClient@sb-bgxknceshxxifwytalex-auth-token:0 (2.93.3) 2026-02-02T15:20:32.772Z #_acquireLock begin [33m10000[39m
GoTrueClient@sb-bgxknceshxxifwytalex-auth-token:0 (2.93.3) 2026-02-02T15:20:32.772Z #_acquireLock lock acquired for storage key sb-bgxknceshxxifwytalex-auth-token
GoTrueClient@sb-bgxknceshxxifwytalex-auth-token:0 (2.93.3) 2026-02-02T15:20:32.772Z #_useSession begin
GoTrueClient@sb-bgxknceshxxifwytalex-auth-token:0 (2.93.3) 2026-02-02T15:20:32.772Z #__loadSession() begin

[90mstdout[2m | tests/property/scoped-roles-processing-efficiency.test.ts[2m > [22m[2mProperty 10: Scoped Roles Processing Efficiency[2m > [22m[2mProperty 10.12: Concurrent role hierarchy access should maintain isolation
[22m[39mGoTrueClient@sb-bgxknceshxxifwytalex-auth-token:0 (2.93.3) 2026-02-02T15:20:32.772Z #getSession() session from storage [1mnull[22m
GoTrueClient@sb-bgxknceshxxifwytalex-auth-token:0 (2.93.3) 2026-02-02T15:20:32.772Z #__loadSession() end

[90mstdout[2m | tests/property/scoped-roles-processing-efficiency.test.ts[2m > [22m[2mProperty 10: Scoped Roles Processing Efficiency[2m > [22m[2mProperty 10.12: Concurrent role hierarchy access should maintain isolation
[22m[39mGoTrueClient@sb-bgxknceshxxifwytalex-auth-token:0 (2.93.3) 2026-02-02T15:20:32.772Z #_useSession end

[90mstdout[2m | tests/property/scoped-roles-processing-efficiency.test.ts[2m > [22m[2mProperty 10: Scoped Roles Processing Efficiency[2m > [22m[2mProperty 10.12: Concurrent role hierarchy access should maintain isolation
[22m[39mGoTrueClient@sb-bgxknceshxxifwytalex-auth-token:0 (2.93.3) 2026-02-02T15:20:32.773Z #_acquireLock lock released for storage key sb-bgxknceshxxifwytalex-auth-token

[90mstdout[2m | tests/property/scoped-roles-processing-efficiency.test.ts[2m > [22m[2mProperty 10: Scoped Roles Processing Efficiency[2m > [22m[2mProperty 10.12: Concurrent role hierarchy access should maintain isolation
[22m[39mGoTrueClient@sb-bgxknceshxxifwytalex-auth-token:0 (2.93.3) 2026-02-02T15:20:32.773Z #_acquireLock end

stderr | tests/property/scoped-roles-processing-efficiency.test.ts > Property 10: Scoped Roles Processing Efficiency > Property 10.12: Concurrent role hierarchy access should maintain isolation
Error fetching org roles: {
  code: 'PGRST200',
  details: "Searched for a foreign key relationship between 'org_roles' and 'user_profiles' in the schema 'public', but no matches were found.",
  hint: null,
  message: "Could not find a relationship between 'org_roles' and 'user_profiles' in the schema cache"
}

[90mstdout[2m | tests/property/scoped-roles-processing-efficiency.test.ts[2m > [22m[2mProperty 10: Scoped Roles Processing Efficiency[2m > [22m[2mProperty 10.12: Concurrent role hierarchy access should maintain isolation
[22m[39mGoTrueClient@sb-bgxknceshxxifwytalex-auth-token:0 (2.93.3) 2026-02-02T15:20:32.783Z #_acquireLock begin [33m10000[39m
GoTrueClient@sb-bgxknceshxxifwytalex-auth-token:0 (2.93.3) 2026-02-02T15:20:32.783Z #_acquireLock lock acquired for storage key sb-bgxknceshxxifwytalex-auth-token
GoTrueClient@sb-bgxknceshxxifwytalex-auth-token:0 (2.93.3) 2026-02-02T15:20:32.783Z #_useSession begin
GoTrueClient@sb-bgxknceshxxifwytalex-auth-token:0 (2.93.3) 2026-02-02T15:20:32.783Z #__loadSession() begin

[90mstdout[2m | tests/property/scoped-roles-processing-efficiency.test.ts[2m > [22m[2mProperty 10: Scoped Roles Processing Efficiency[2m > [22m[2mProperty 10.12: Concurrent role hierarchy access should maintain isolation
[22m[39mGoTrueClient@sb-bgxknceshxxifwytalex-auth-token:0 (2.93.3) 2026-02-02T15:20:32.783Z #getSession() session from storage [1mnull[22m
GoTrueClient@sb-bgxknceshxxifwytalex-auth-token:0 (2.93.3) 2026-02-02T15:20:32.783Z #__loadSession() end

[90mstdout[2m | tests/property/scoped-roles-processing-efficiency.test.ts[2m > [22m[2mProperty 10: Scoped Roles Processing Efficiency[2m > [22m[2mProperty 10.12: Concurrent role hierarchy access should maintain isolation
[22m[39mGoTrueClient@sb-bgxknceshxxifwytalex-auth-token:0 (2.93.3) 2026-02-02T15:20:32.783Z #_useSession end

[90mstdout[2m | tests/property/scoped-roles-processing-efficiency.test.ts[2m > [22m[2mProperty 10: Scoped Roles Processing Efficiency[2m > [22m[2mProperty 10.12: Concurrent role hierarchy access should maintain isolation
[22m[39mGoTrueClient@sb-bgxknceshxxifwytalex-auth-token:0 (2.93.3) 2026-02-02T15:20:32.783Z #_acquireLock lock released for storage key sb-bgxknceshxxifwytalex-auth-token

[90mstdout[2m | tests/property/scoped-roles-processing-efficiency.test.ts[2m > [22m[2mProperty 10: Scoped Roles Processing Efficiency[2m > [22m[2mProperty 10.12: Concurrent role hierarchy access should maintain isolation
[22m[39mGoTrueClient@sb-bgxknceshxxifwytalex-auth-token:0 (2.93.3) 2026-02-02T15:20:32.784Z #_acquireLock end

[90mstdout[2m | tests/property/scoped-roles-processing-efficiency.test.ts[2m > [22m[2mProperty 10: Scoped Roles Processing Efficiency[2m > [22m[2mProperty 10.12: Concurrent role hierarchy access should maintain isolation
[22m[39mGoTrueClient@sb-bgxknceshxxifwytalex-auth-token:0 (2.93.3) 2026-02-02T15:20:32.890Z #_acquireLock begin [33m10000[39m
GoTrueClient@sb-bgxknceshxxifwytalex-auth-token:0 (2.93.3) 2026-02-02T15:20:32.890Z #_acquireLock lock acquired for storage key sb-bgxknceshxxifwytalex-auth-token
GoTrueClient@sb-bgxknceshxxifwytalex-auth-token:0 (2.93.3) 2026-02-02T15:20:32.890Z #_useSession begin
GoTrueClient@sb-bgxknceshxxifwytalex-auth-token:0 (2.93.3) 2026-02-02T15:20:32.890Z #__loadSession() begin

[90mstdout[2m | tests/property/scoped-roles-processing-efficiency.test.ts[2m > [22m[2mProperty 10: Scoped Roles Processing Efficiency[2m > [22m[2mProperty 10.12: Concurrent role hierarchy access should maintain isolation
[22m[39mGoTrueClient@sb-bgxknceshxxifwytalex-auth-token:0 (2.93.3) 2026-02-02T15:20:32.890Z #getSession() session from storage [1mnull[22m
GoTrueClient@sb-bgxknceshxxifwytalex-auth-token:0 (2.93.3) 2026-02-02T15:20:32.890Z #__loadSession() end

[90mstdout[2m | tests/property/scoped-roles-processing-efficiency.test.ts[2m > [22m[2mProperty 10: Scoped Roles Processing Efficiency[2m > [22m[2mProperty 10.12: Concurrent role hierarchy access should maintain isolation
[22m[39mGoTrueClient@sb-bgxknceshxxifwytalex-auth-token:0 (2.93.3) 2026-02-02T15:20:32.890Z #_useSession end

[90mstdout[2m | tests/property/scoped-roles-processing-efficiency.test.ts[2m > [22m[2mProperty 10: Scoped Roles Processing Efficiency[2m > [22m[2mProperty 10.12: Concurrent role hierarchy access should maintain isolation
[22m[39mGoTrueClient@sb-bgxknceshxxifwytalex-auth-token:0 (2.93.3) 2026-02-02T15:20:32.891Z #_acquireLock lock released for storage key sb-bgxknceshxxifwytalex-auth-token

[90mstdout[2m | tests/property/scoped-roles-processing-efficiency.test.ts[2m > [22m[2mProperty 10: Scoped Roles Processing Efficiency[2m > [22m[2mProperty 10.12: Concurrent role hierarchy access should maintain isolation
[22m[39mGoTrueClient@sb-bgxknceshxxifwytalex-auth-token:0 (2.93.3) 2026-02-02T15:20:32.891Z #_acquireLock end

stderr | tests/property/scoped-roles-processing-efficiency.test.ts > Property 10: Scoped Roles Processing Efficiency > Property 10.12: Concurrent role hierarchy access should maintain isolation
Error fetching project roles: {
  code: 'PGRST200',
  details: "Searched for a foreign key relationship between 'project_roles' and 'user_profiles' in the schema 'public', but no matches were found.",
  hint: null,
  message: "Could not find a relationship between 'project_roles' and 'user_profiles' in the schema cache"
}

[90mstdout[2m | tests/property/scoped-roles-processing-efficiency.test.ts[2m > [22m[2mProperty 10: Scoped Roles Processing Efficiency[2m > [22m[2mProperty 10.12: Concurrent role hierarchy access should maintain isolation
[22m[39mGoTrueClient@sb-bgxknceshxxifwytalex-auth-token:0 (2.93.3) 2026-02-02T15:20:32.896Z #_acquireLock begin [33m10000[39m
GoTrueClient@sb-bgxknceshxxifwytalex-auth-token:0 (2.93.3) 2026-02-02T15:20:32.896Z #_acquireLock lock acquired for storage key sb-bgxknceshxxifwytalex-auth-token
GoTrueClient@sb-bgxknceshxxifwytalex-auth-token:0 (2.93.3) 2026-02-02T15:20:32.896Z #_useSession begin
GoTrueClient@sb-bgxknceshxxifwytalex-auth-token:0 (2.93.3) 2026-02-02T15:20:32.896Z #__loadSession() begin

[90mstdout[2m | tests/property/scoped-roles-processing-efficiency.test.ts[2m > [22m[2mProperty 10: Scoped Roles Processing Efficiency[2m > [22m[2mProperty 10.12: Concurrent role hierarchy access should maintain isolation
[22m[39mGoTrueClient@sb-bgxknceshxxifwytalex-auth-token:0 (2.93.3) 2026-02-02T15:20:32.896Z #getSession() session from storage [1mnull[22m
GoTrueClient@sb-bgxknceshxxifwytalex-auth-token:0 (2.93.3) 2026-02-02T15:20:32.896Z #__loadSession() end

[90mstdout[2m | tests/property/scoped-roles-processing-efficiency.test.ts[2m > [22m[2mProperty 10: Scoped Roles Processing Efficiency[2m > [22m[2mProperty 10.12: Concurrent role hierarchy access should maintain isolation
[22m[39mGoTrueClient@sb-bgxknceshxxifwytalex-auth-token:0 (2.93.3) 2026-02-02T15:20:32.896Z #_useSession end

[90mstdout[2m | tests/property/scoped-roles-processing-efficiency.test.ts[2m > [22m[2mProperty 10: Scoped Roles Processing Efficiency[2m > [22m[2mProperty 10.12: Concurrent role hierarchy access should maintain isolation
[22m[39mGoTrueClient@sb-bgxknceshxxifwytalex-auth-token:0 (2.93.3) 2026-02-02T15:20:32.896Z #_acquireLock lock released for storage key sb-bgxknceshxxifwytalex-auth-token

[90mstdout[2m | tests/property/scoped-roles-processing-efficiency.test.ts[2m > [22m[2mProperty 10: Scoped Roles Processing Efficiency[2m > [22m[2mProperty 10.12: Concurrent role hierarchy access should maintain isolation
[22m[39mGoTrueClient@sb-bgxknceshxxifwytalex-auth-token:0 (2.93.3) 2026-02-02T15:20:32.896Z #_acquireLock end

stderr | tests/property/scoped-roles-processing-efficiency.test.ts > Property 10: Scoped Roles Processing Efficiency > Property 10.12: Concurrent role hierarchy access should maintain isolation
Error fetching org roles: {
  code: 'PGRST200',
  details: "Searched for a foreign key relationship between 'org_roles' and 'user_profiles' in the schema 'public', but no matches were found.",
  hint: null,
  message: "Could not find a relationship between 'org_roles' and 'user_profiles' in the schema cache"
}

stderr | tests/property/scoped-roles-processing-efficiency.test.ts > Property 10: Scoped Roles Processing Efficiency > Property 10.12: Concurrent role hierarchy access should maintain isolation
Error fetching org roles: {
  code: 'PGRST200',
  details: "Searched for a foreign key relationship between 'org_roles' and 'user_profiles' in the schema 'public', but no matches were found.",
  hint: null,
  message: "Could not find a relationship between 'org_roles' and 'user_profiles' in the schema cache"
}

stderr | tests/property/scoped-roles-processing-efficiency.test.ts > Property 10: Scoped Roles Processing Efficiency > Property 10.12: Concurrent role hierarchy access should maintain isolation
Error fetching org roles: {
  code: 'PGRST200',
  details: "Searched for a foreign key relationship between 'org_roles' and 'user_profiles' in the schema 'public', but no matches were found.",
  hint: null,
  message: "Could not find a relationship between 'org_roles' and 'user_profiles' in the schema cache"
}

stderr | tests/property/scoped-roles-processing-efficiency.test.ts > Property 10: Scoped Roles Processing Efficiency > Property 10.12: Concurrent role hierarchy access should maintain isolation
Error fetching org roles: {
  code: 'PGRST200',
  details: "Searched for a foreign key relationship between 'org_roles' and 'user_profiles' in the schema 'public', but no matches were found.",
  hint: null,
  message: "Could not find a relationship between 'org_roles' and 'user_profiles' in the schema cache"
}

stderr | tests/property/scoped-roles-processing-efficiency.test.ts > Property 10: Scoped Roles Processing Efficiency > Property 10.12: Concurrent role hierarchy access should maintain isolation
Error fetching org roles: {
  code: 'PGRST200',
  details: "Searched for a foreign key relationship between 'org_roles' and 'user_profiles' in the schema 'public', but no matches were found.",
  hint: null,
  message: "Could not find a relationship between 'org_roles' and 'user_profiles' in the schema cache"
}

stderr | tests/property/scoped-roles-processing-efficiency.test.ts > Property 10: Scoped Roles Processing Efficiency > Property 10.12: Concurrent role hierarchy access should maintain isolation
Error fetching org roles: {
  code: 'PGRST200',
  details: "Searched for a foreign key relationship between 'org_roles' and 'user_profiles' in the schema 'public', but no matches were found.",
  hint: null,
  message: "Could not find a relationship between 'org_roles' and 'user_profiles' in the schema cache"
}

[90mstdout[2m | tests/property/scoped-roles-processing-efficiency.test.ts[2m > [22m[2mProperty 10: Scoped Roles Processing Efficiency[2m > [22m[2mProperty 10.12: Concurrent role hierarchy access should maintain isolation
[22m[39mGoTrueClient@sb-bgxknceshxxifwytalex-auth-token:0 (2.93.3) 2026-02-02T15:20:32.976Z #_acquireLock begin [33m10000[39m
GoTrueClient@sb-bgxknceshxxifwytalex-auth-token:0 (2.93.3) 2026-02-02T15:20:32.976Z #_acquireLock lock acquired for storage key sb-bgxknceshxxifwytalex-auth-token
GoTrueClient@sb-bgxknceshxxifwytalex-auth-token:0 (2.93.3) 2026-02-02T15:20:32.976Z #_useSession begin
GoTrueClient@sb-bgxknceshxxifwytalex-auth-token:0 (2.93.3) 2026-02-02T15:20:32.976Z #__loadSession() begin

[90mstdout[2m | tests/property/scoped-roles-processing-efficiency.test.ts[2m > [22m[2mProperty 10: Scoped Roles Processing Efficiency[2m > [22m[2mProperty 10.12: Concurrent role hierarchy access should maintain isolation
[22m[39mGoTrueClient@sb-bgxknceshxxifwytalex-auth-token:0 (2.93.3) 2026-02-02T15:20:32.976Z #getSession() session from storage [1mnull[22m
GoTrueClient@sb-bgxknceshxxifwytalex-auth-token:0 (2.93.3) 2026-02-02T15:20:32.976Z #__loadSession() end

[90mstdout[2m | tests/property/scoped-roles-processing-efficiency.test.ts[2m > [22m[2mProperty 10: Scoped Roles Processing Efficiency[2m > [22m[2mProperty 10.12: Concurrent role hierarchy access should maintain isolation
[22m[39mGoTrueClient@sb-bgxknceshxxifwytalex-auth-token:0 (2.93.3) 2026-02-02T15:20:32.976Z #_useSession end

[90mstdout[2m | tests/property/scoped-roles-processing-efficiency.test.ts[2m > [22m[2mProperty 10: Scoped Roles Processing Efficiency[2m > [22m[2mProperty 10.12: Concurrent role hierarchy access should maintain isolation
[22m[39mGoTrueClient@sb-bgxknceshxxifwytalex-auth-token:0 (2.93.3) 2026-02-02T15:20:32.976Z #_acquireLock lock released for storage key sb-bgxknceshxxifwytalex-auth-token

[90mstdout[2m | tests/property/scoped-roles-processing-efficiency.test.ts[2m > [22m[2mProperty 10: Scoped Roles Processing Efficiency[2m > [22m[2mProperty 10.12: Concurrent role hierarchy access should maintain isolation
[22m[39mGoTrueClient@sb-bgxknceshxxifwytalex-auth-token:0 (2.93.3) 2026-02-02T15:20:32.976Z #_acquireLock end

stderr | tests/property/scoped-roles-processing-efficiency.test.ts > Property 10: Scoped Roles Processing Efficiency > Property 10.12: Concurrent role hierarchy access should maintain isolation
Error fetching project roles: {
  code: 'PGRST200',
  details: "Searched for a foreign key relationship between 'project_roles' and 'user_profiles' in the schema 'public', but no matches were found.",
  hint: null,
  message: "Could not find a relationship between 'project_roles' and 'user_profiles' in the schema cache"
}

[90mstdout[2m | tests/property/scoped-roles-processing-efficiency.test.ts[2m > [22m[2mProperty 10: Scoped Roles Processing Efficiency[2m > [22m[2mProperty 10.12: Concurrent role hierarchy access should maintain isolation
[22m[39mGoTrueClient@sb-bgxknceshxxifwytalex-auth-token:0 (2.93.3) 2026-02-02T15:20:32.989Z #_acquireLock begin [33m10000[39m
GoTrueClient@sb-bgxknceshxxifwytalex-auth-token:0 (2.93.3) 2026-02-02T15:20:32.989Z #_acquireLock lock acquired for storage key sb-bgxknceshxxifwytalex-auth-token
GoTrueClient@sb-bgxknceshxxifwytalex-auth-token:0 (2.93.3) 2026-02-02T15:20:32.989Z #_useSession begin
GoTrueClient@sb-bgxknceshxxifwytalex-auth-token:0 (2.93.3) 2026-02-02T15:20:32.989Z #__loadSession() begin

[90mstdout[2m | tests/property/scoped-roles-processing-efficiency.test.ts[2m > [22m[2mProperty 10: Scoped Roles Processing Efficiency[2m > [22m[2mProperty 10.12: Concurrent role hierarchy access should maintain isolation
[22m[39mGoTrueClient@sb-bgxknceshxxifwytalex-auth-token:0 (2.93.3) 2026-02-02T15:20:32.989Z #getSession() session from storage [1mnull[22m
GoTrueClient@sb-bgxknceshxxifwytalex-auth-token:0 (2.93.3) 2026-02-02T15:20:32.989Z #__loadSession() end

[90mstdout[2m | tests/property/scoped-roles-processing-efficiency.test.ts[2m > [22m[2mProperty 10: Scoped Roles Processing Efficiency[2m > [22m[2mProperty 10.12: Concurrent role hierarchy access should maintain isolation
[22m[39mGoTrueClient@sb-bgxknceshxxifwytalex-auth-token:0 (2.93.3) 2026-02-02T15:20:32.989Z #_useSession end

[90mstdout[2m | tests/property/scoped-roles-processing-efficiency.test.ts[2m > [22m[2mProperty 10: Scoped Roles Processing Efficiency[2m > [22m[2mProperty 10.12: Concurrent role hierarchy access should maintain isolation
[22m[39mGoTrueClient@sb-bgxknceshxxifwytalex-auth-token:0 (2.93.3) 2026-02-02T15:20:32.989Z #_acquireLock lock released for storage key sb-bgxknceshxxifwytalex-auth-token

[90mstdout[2m | tests/property/scoped-roles-processing-efficiency.test.ts[2m > [22m[2mProperty 10: Scoped Roles Processing Efficiency[2m > [22m[2mProperty 10.12: Concurrent role hierarchy access should maintain isolation
[22m[39mGoTrueClient@sb-bgxknceshxxifwytalex-auth-token:0 (2.93.3) 2026-02-02T15:20:32.989Z #_acquireLock end

stderr | tests/property/scoped-roles-processing-efficiency.test.ts > Property 10: Scoped Roles Processing Efficiency > Property 10.12: Concurrent role hierarchy access should maintain isolation
Error fetching org roles: {
  code: 'PGRST200',
  details: "Searched for a foreign key relationship between 'org_roles' and 'user_profiles' in the schema 'public', but no matches were found.",
  hint: null,
  message: "Could not find a relationship between 'org_roles' and 'user_profiles' in the schema cache"
}

[90mstdout[2m | tests/property/scoped-roles-processing-efficiency.test.ts[2m > [22m[2mProperty 10: Scoped Roles Processing Efficiency[2m > [22m[2mProperty 10.12: Concurrent role hierarchy access should maintain isolation
[22m[39mGoTrueClient@sb-bgxknceshxxifwytalex-auth-token:0 (2.93.3) 2026-02-02T15:20:32.993Z #_acquireLock begin [33m10000[39m
GoTrueClient@sb-bgxknceshxxifwytalex-auth-token:0 (2.93.3) 2026-02-02T15:20:32.993Z #_acquireLock lock acquired for storage key sb-bgxknceshxxifwytalex-auth-token
GoTrueClient@sb-bgxknceshxxifwytalex-auth-token:0 (2.93.3) 2026-02-02T15:20:32.993Z #_useSession begin
GoTrueClient@sb-bgxknceshxxifwytalex-auth-token:0 (2.93.3) 2026-02-02T15:20:32.993Z #__loadSession() begin

[90mstdout[2m | tests/property/scoped-roles-processing-efficiency.test.ts[2m > [22m[2mProperty 10: Scoped Roles Processing Efficiency[2m > [22m[2mProperty 10.12: Concurrent role hierarchy access should maintain isolation
[22m[39mGoTrueClient@sb-bgxknceshxxifwytalex-auth-token:0 (2.93.3) 2026-02-02T15:20:32.993Z #getSession() session from storage [1mnull[22m
GoTrueClient@sb-bgxknceshxxifwytalex-auth-token:0 (2.93.3) 2026-02-02T15:20:32.993Z #__loadSession() end

[90mstdout[2m | tests/property/scoped-roles-processing-efficiency.test.ts[2m > [22m[2mProperty 10: Scoped Roles Processing Efficiency[2m > [22m[2mProperty 10.12: Concurrent role hierarchy access should maintain isolation
[22m[39mGoTrueClient@sb-bgxknceshxxifwytalex-auth-token:0 (2.93.3) 2026-02-02T15:20:32.993Z #_useSession end

[90mstdout[2m | tests/property/scoped-roles-processing-efficiency.test.ts[2m > [22m[2mProperty 10: Scoped Roles Processing Efficiency[2m > [22m[2mProperty 10.12: Concurrent role hierarchy access should maintain isolation
[22m[39mGoTrueClient@sb-bgxknceshxxifwytalex-auth-token:0 (2.93.3) 2026-02-02T15:20:32.994Z #_acquireLock lock released for storage key sb-bgxknceshxxifwytalex-auth-token

[90mstdout[2m | tests/property/scoped-roles-processing-efficiency.test.ts[2m > [22m[2mProperty 10: Scoped Roles Processing Efficiency[2m > [22m[2mProperty 10.12: Concurrent role hierarchy access should maintain isolation
[22m[39mGoTrueClient@sb-bgxknceshxxifwytalex-auth-token:0 (2.93.3) 2026-02-02T15:20:32.994Z #_acquireLock end

stderr | tests/property/scoped-roles-processing-efficiency.test.ts > Property 10: Scoped Roles Processing Efficiency > Property 10.12: Concurrent role hierarchy access should maintain isolation
Error fetching org roles: {
  code: 'PGRST200',
  details: "Searched for a foreign key relationship between 'org_roles' and 'user_profiles' in the schema 'public', but no matches were found.",
  hint: null,
  message: "Could not find a relationship between 'org_roles' and 'user_profiles' in the schema cache"
}

stderr | tests/property/scoped-roles-processing-efficiency.test.ts > Property 10: Scoped Roles Processing Efficiency > Property 10.12: Concurrent role hierarchy access should maintain isolation
Error fetching org roles: {
  code: 'PGRST200',
  details: "Searched for a foreign key relationship between 'org_roles' and 'user_profiles' in the schema 'public', but no matches were found.",
  hint: null,
  message: "Could not find a relationship between 'org_roles' and 'user_profiles' in the schema cache"
}

stderr | tests/property/scoped-roles-processing-efficiency.test.ts > Property 10: Scoped Roles Processing Efficiency > Property 10.12: Concurrent role hierarchy access should maintain isolation
Error fetching org roles: {
  code: 'PGRST200',
  details: "Searched for a foreign key relationship between 'org_roles' and 'user_profiles' in the schema 'public', but no matches were found.",
  hint: null,
  message: "Could not find a relationship between 'org_roles' and 'user_profiles' in the schema cache"
}

[90mstdout[2m | tests/property/scoped-roles-processing-efficiency.test.ts[2m > [22m[2mProperty 10: Scoped Roles Processing Efficiency[2m > [22m[2mProperty 10.12: Concurrent role hierarchy access should maintain isolation
[22m[39mGoTrueClient@sb-bgxknceshxxifwytalex-auth-token:0 (2.93.3) 2026-02-02T15:20:33.112Z #_acquireLock begin [33m10000[39m
GoTrueClient@sb-bgxknceshxxifwytalex-auth-token:0 (2.93.3) 2026-02-02T15:20:33.112Z #_acquireLock lock acquired for storage key sb-bgxknceshxxifwytalex-auth-token
GoTrueClient@sb-bgxknceshxxifwytalex-auth-token:0 (2.93.3) 2026-02-02T15:20:33.112Z #_useSession begin
GoTrueClient@sb-bgxknceshxxifwytalex-auth-token:0 (2.93.3) 2026-02-02T15:20:33.112Z #__loadSession() begin

[90mstdout[2m | tests/property/scoped-roles-processing-efficiency.test.ts[2m > [22m[2mProperty 10: Scoped Roles Processing Efficiency[2m > [22m[2mProperty 10.12: Concurrent role hierarchy access should maintain isolation
[22m[39mGoTrueClient@sb-bgxknceshxxifwytalex-auth-token:0 (2.93.3) 2026-02-02T15:20:33.112Z #getSession() session from storage [1mnull[22m
GoTrueClient@sb-bgxknceshxxifwytalex-auth-token:0 (2.93.3) 2026-02-02T15:20:33.112Z #__loadSession() end

[90mstdout[2m | tests/property/scoped-roles-processing-efficiency.test.ts[2m > [22m[2mProperty 10: Scoped Roles Processing Efficiency[2m > [22m[2mProperty 10.12: Concurrent role hierarchy access should maintain isolation
[22m[39mGoTrueClient@sb-bgxknceshxxifwytalex-auth-token:0 (2.93.3) 2026-02-02T15:20:33.112Z #_useSession end

[90mstdout[2m | tests/property/scoped-roles-processing-efficiency.test.ts[2m > [22m[2mProperty 10: Scoped Roles Processing Efficiency[2m > [22m[2mProperty 10.12: Concurrent role hierarchy access should maintain isolation
[22m[39mGoTrueClient@sb-bgxknceshxxifwytalex-auth-token:0 (2.93.3) 2026-02-02T15:20:33.112Z #_acquireLock lock released for storage key sb-bgxknceshxxifwytalex-auth-token

[90mstdout[2m | tests/property/scoped-roles-processing-efficiency.test.ts[2m > [22m[2mProperty 10: Scoped Roles Processing Efficiency[2m > [22m[2mProperty 10.12: Concurrent role hierarchy access should maintain isolation
[22m[39mGoTrueClient@sb-bgxknceshxxifwytalex-auth-token:0 (2.93.3) 2026-02-02T15:20:33.112Z #_acquireLock end

stderr | tests/property/scoped-roles-processing-efficiency.test.ts > Property 10: Scoped Roles Processing Efficiency > Property 10.12: Concurrent role hierarchy access should maintain isolation
Error fetching org roles: {
  code: 'PGRST200',
  details: "Searched for a foreign key relationship between 'org_roles' and 'user_profiles' in the schema 'public', but no matches were found.",
  hint: null,
  message: "Could not find a relationship between 'org_roles' and 'user_profiles' in the schema cache"
}

 [31mظإ»[39m tests/property/scoped-roles-processing-efficiency.test.ts [2m([22m[2m12 tests[22m[2m | [22m[31m10 failed[39m[2m)[22m[33m 55541[2mms[22m[39m
[31m     [31m├ù[31m Property 10.1: Org roles queries should use optimized indexes and complete in <50ms[39m[33m 5017[2mms[22m[39m
[31m     [31m├ù[31m Property 10.2: Project roles queries should use optimized indexes and complete in <50ms[39m[33m 5014[2mms[22m[39m
[31m     [31m├ù[31m Property 10.3: System roles queries should use optimized indexes and complete in <50ms[39m[33m 5011[2mms[22m[39m
[31m     [31m├ù[31m Property 10.4: Role hierarchy cache should maintain 96%+ hit rate[39m[33m 5003[2mms[22m[39m
[31m     [31m├ù[31m Property 10.5: Role hierarchy cache should invalidate on role changes[39m[33m 5002[2mms[22m[39m
[31m     [31m├ù[31m Property 10.6: Org role operations should not affect project/system role caches[39m[33m 5006[2mms[22m[39m
[31m     [31m├ù[31m Property 10.7: Project role operations should not affect org/system role caches[39m[33m 5010[2mms[22m[39m
[31m     [31m├ù[31m Property 10.8: System role operations should not affect org/project role caches[39m[33m 5010[2mms[22m[39m
     [33m[2mظ£ô[22m[39m Property 10.9: Batch role hierarchy queries should maintain consistency [33m 3833[2mms[22m[39m
[31m     [31m├ù[31m Property 10.10: Role hierarchy cache should respect TTL settings[39m[33m 5004[2mms[22m[39m
[31m     [31m├ù[31m Property 10.11: Role queries should use appropriate optimized indexes[39m[33m 5005[2mms[22m[39m
     [33m[2mظ£ô[22m[39m Property 10.12: Concurrent role hierarchy access should maintain isolation [33m 1623[2mms[22m[39m

ظ»ظ»ظ»ظ»ظ»ظ» Failed Tests 10 ظ»ظ»ظ»ظ»ظ»ظ»ظ»

 FAIL  tests/property/scoped-roles-processing-efficiency.test.ts > Property 10: Scoped Roles Processing Efficiency > Property 10.1: Org roles queries should use optimized indexes and complete in <50ms
Error: Test timed out in 5000ms.
If this is a long-running test, pass a timeout value as the last argument or configure it globally with "testTimeout".
 ظإ» tests/property/scoped-roles-processing-efficiency.test.ts:52:3
     50|    * (idx_org_roles_user_org) and return results in under 50ms.
     51|    */
     52|   it('Property 10.1: Org roles queries should use optimized indexes anظخ
       |   ^
     53|     await fc.assert(
     54|       fc.asyncProperty(

ظ»ظ»ظ»ظ»ظ»ظ»ظ»ظ»ظ»ظ»ظ»ظ»ظ»ظ»ظ»ظ»ظ»ظ»ظ»ظ»ظ»ظ»ظ»[1/10]ظ»

 FAIL  tests/property/scoped-roles-processing-efficiency.test.ts > Property 10: Scoped Roles Processing Efficiency > Property 10.2: Project roles queries should use optimized indexes and complete in <50ms
Error: Test timed out in 5000ms.
If this is a long-running test, pass a timeout value as the last argument or configure it globally with "testTimeout".
 ظإ» tests/property/scoped-roles-processing-efficiency.test.ts:101:3
     99|    * (idx_project_roles_user_project) and return results in under 50ms.
    100|    */
    101|   it('Property 10.2: Project roles queries should use optimized indexeظخ
       |   ^
    102|     await fc.assert(
    103|       fc.asyncProperty(

ظ»ظ»ظ»ظ»ظ»ظ»ظ»ظ»ظ»ظ»ظ»ظ»ظ»ظ»ظ»ظ»ظ»ظ»ظ»ظ»ظ»ظ»ظ»[2/10]ظ»

 FAIL  tests/property/scoped-roles-processing-efficiency.test.ts > Property 10: Scoped Roles Processing Efficiency > Property 10.3: System roles queries should use optimized indexes and complete in <50ms
Error: Test timed out in 5000ms.
If this is a long-running test, pass a timeout value as the last argument or configure it globally with "testTimeout".
 ظإ» tests/property/scoped-roles-processing-efficiency.test.ts:146:3
    144|    * (idx_system_roles_user) and return results in under 50ms.
    145|    */
    146|   it('Property 10.3: System roles queries should use optimized indexesظخ
       |   ^
    147|     await fc.assert(
    148|       fc.asyncProperty(

ظ»ظ»ظ»ظ»ظ»ظ»ظ»ظ»ظ»ظ»ظ»ظ»ظ»ظ»ظ»ظ»ظ»ظ»ظ»ظ»ظ»ظ»ظ»[3/10]ظ»

 FAIL  tests/property/scoped-roles-processing-efficiency.test.ts > Property 10: Scoped Roles Processing Efficiency > Property 10.4: Role hierarchy cache should maintain 96%+ hit rate
Error: Test timed out in 5000ms.
If this is a long-running test, pass a timeout value as the last argument or configure it globally with "testTimeout".
 ظإ» tests/property/scoped-roles-processing-efficiency.test.ts:189:3
    187|    * with 96%+ hit rate for repeated access within a session.
    188|    */
    189|   it('Property 10.4: Role hierarchy cache should maintain 96%+ hit ratظخ
       |   ^
    190|     await fc.assert(
    191|       fc.asyncProperty(

ظ»ظ»ظ»ظ»ظ»ظ»ظ»ظ»ظ»ظ»ظ»ظ»ظ»ظ»ظ»ظ»ظ»ظ»ظ»ظ»ظ»ظ»ظ»[4/10]ظ»

 FAIL  tests/property/scoped-roles-processing-efficiency.test.ts > Property 10: Scoped Roles Processing Efficiency > Property 10.5: Role hierarchy cache should invalidate on role changes
Error: Test timed out in 5000ms.
If this is a long-running test, pass a timeout value as the last argument or configure it globally with "testTimeout".
 ظإ» tests/property/scoped-roles-processing-efficiency.test.ts:246:3
    244|    * queries should fetch fresh data.
    245|    */
    246|   it('Property 10.5: Role hierarchy cache should invalidate on role chظخ
       |   ^
    247|     await fc.assert(
    248|       fc.asyncProperty(

ظ»ظ»ظ»ظ»ظ»ظ»ظ»ظ»ظ»ظ»ظ»ظ»ظ»ظ»ظ»ظ»ظ»ظ»ظ»ظ»ظ»ظ»ظ»[5/10]ظ»

 FAIL  tests/property/scoped-roles-processing-efficiency.test.ts > Property 10: Scoped Roles Processing Efficiency > Property 10.6: Org role operations should not affect project/system role caches
Error: Test timed out in 5000ms.
If this is a long-running test, pass a timeout value as the last argument or configure it globally with "testTimeout".
 ظإ» tests/property/scoped-roles-processing-efficiency.test.ts:283:3
    281|    * and not interfere with project or system role caches.
    282|    */
    283|   it('Property 10.6: Org role operations should not affect project/sysظخ
       |   ^
    284|     await fc.assert(
    285|       fc.asyncProperty(

ظ»ظ»ظ»ظ»ظ»ظ»ظ»ظ»ظ»ظ»ظ»ظ»ظ»ظ»ظ»ظ»ظ»ظ»ظ»ظ»ظ»ظ»ظ»[6/10]ظ»

 FAIL  tests/property/scoped-roles-processing-efficiency.test.ts > Property 10: Scoped Roles Processing Efficiency > Property 10.7: Project role operations should not affect org/system role caches
Error: Test timed out in 5000ms.
If this is a long-running test, pass a timeout value as the last argument or configure it globally with "testTimeout".
 ظإ» tests/property/scoped-roles-processing-efficiency.test.ts:322:3
    320|    * and not interfere with org or system role caches.
    321|    */
    322|   it('Property 10.7: Project role operations should not affect org/sysظخ
       |   ^
    323|     await fc.assert(
    324|       fc.asyncProperty(

ظ»ظ»ظ»ظ»ظ»ظ»ظ»ظ»ظ»ظ»ظ»ظ»ظ»ظ»ظ»ظ»ظ»ظ»ظ»ظ»ظ»ظ»ظ»[7/10]ظ»

 FAIL  tests/property/scoped-roles-processing-efficiency.test.ts > Property 10: Scoped Roles Processing Efficiency > Property 10.8: System role operations should not affect org/project role caches
Error: Test timed out in 5000ms.
If this is a long-running test, pass a timeout value as the last argument or configure it globally with "testTimeout".
 ظإ» tests/property/scoped-roles-processing-efficiency.test.ts:360:3
    358|    * and not interfere with org or project role caches.
    359|    */
    360|   it('Property 10.8: System role operations should not affect org/projظخ
       |   ^
    361|     await fc.assert(
    362|       fc.asyncProperty(

ظ»ظ»ظ»ظ»ظ»ظ»ظ»ظ»ظ»ظ»ظ»ظ»ظ»ظ»ظ»ظ»ظ»ظ»ظ»ظ»ظ»ظ»ظ»[8/10]ظ»

 FAIL  tests/property/scoped-roles-processing-efficiency.test.ts > Property 10: Scoped Roles Processing Efficiency > Property 10.10: Role hierarchy cache should respect TTL settings
Error: Test timed out in 5000ms.
If this is a long-running test, pass a timeout value as the last argument or configure it globally with "testTimeout".
 ظإ» tests/property/scoped-roles-processing-efficiency.test.ts:443:3
    441|    * and expire entries after the specified time.
    442|    */
    443|   it('Property 10.10: Role hierarchy cache should respect TTL settingsظخ
       |   ^
    444|     await fc.assert(
    445|       fc.asyncProperty(

ظ»ظ»ظ»ظ»ظ»ظ»ظ»ظ»ظ»ظ»ظ»ظ»ظ»ظ»ظ»ظ»ظ»ظ»ظ»ظ»ظ»ظ»ظ»[9/10]ظ»

 FAIL  tests/property/scoped-roles-processing-efficiency.test.ts > Property 10: Scoped Roles Processing Efficiency > Property 10.11: Role queries should use appropriate optimized indexes
Error: Test timed out in 5000ms.
If this is a long-running test, pass a timeout value as the last argument or configure it globally with "testTimeout".
 ظإ» tests/property/scoped-roles-processing-efficiency.test.ts:483:3
    481|    * based on the query parameters.
    482|    */
    483|   it('Property 10.11: Role queries should use appropriate optimized inظخ
       |   ^
    484|     await fc.assert(
    485|       fc.asyncProperty(

ظ»ظ»ظ»ظ»ظ»ظ»ظ»ظ»ظ»ظ»ظ»ظ»ظ»ظ»ظ»ظ»ظ»ظ»ظ»ظ»ظ»ظ»[10/10]ظ»


[2m Test Files [22m [1m[31m1 failed[39m[22m[90m (1)[39m
[2m      Tests [22m [1m[31m10 failed[39m[22m[2m | [22m[1m[32m2 passed[39m[22m[90m (12)[39m
[2m   Start at [22m 17:19:34
[2m   Duration [22m 58.51s[2m (transform 244ms, setup 548ms, collect 589ms, tests 55.54s, environment 1.45s, prepare 21ms)[22m

